09-Aug-26 12:16:03 - Using Device: cuda
09-Aug-26 12:16:03 - Seed: 123, Fold: 4, ComBat: True
09-Aug-26 12:16:03 - Namespace(fold=4, combat=True, num_dyn_windows=3, model_lr=0.0005, view_lr=0.0005, num_gc_layers=2, pooling_type='standard', emb_dim=512, vib_hidden_dim=400, batch_size=32, drop_ratio=0.3, epochs=300, kld_lambda=0.003, reg_lambda=0.2, gamma_mode='paper_literal', node_feature_mode='alff_pcc', mij_source='alff_pcc', template=90, eval_interval=5, downstream_classifier='linear', ce_lambda=2.0, seed=123)
09-Aug-26 12:16:03 - Loading raw subject data...
09-Aug-26 12:17:24 - Loaded 956 subjects (455 ASD, 501 NC)
09-Aug-26 12:17:25 - alff_pcc scale stats (train_val_idx only): alff=[-3.3883,4.9433] pcc=[-0.6707,1.0001]
09-Aug-26 12:17:25 - Train/Val/Test sizes: 612/153/191
09-Aug-26 12:18:25 - Epoch 1, Model Loss -0.8371700699033301, View Loss -5.773627832824109, Reg 0.2531490994045158
09-Aug-26 12:19:24 - Epoch 2, Model Loss -1.2680856636147093, View Loss -3.7954537790585188, Reg 0.177295662998374
09-Aug-26 12:20:24 - Epoch 3, Model Loss -1.3340399031545602, View Loss -3.654515690273709, Reg 0.1645412534670113
09-Aug-26 12:21:24 - Epoch 4, Model Loss -1.3424424564137178, View Loss -3.2214061980154, Reg 0.16026202964237313
09-Aug-26 12:22:23 - Epoch 5, Model Loss -1.3278989043890261, View Loss -2.866602183946597, Reg 0.16748853602440528
09-Aug-26 12:22:39 - Epoch 5: Train_acc 0.7810457516339869 Val_acc 0.5947712418300654 Test_acc 0.5916230366492147 Test_auc 0.6296703296703297
09-Aug-26 12:23:38 - Epoch 6, Model Loss -1.3756863213832082, View Loss -2.802929685006734, Reg 0.17108093007327685
09-Aug-26 12:24:38 - Epoch 7, Model Loss -1.358285844715592, View Loss -2.6822079583710314, Reg 0.17021828772974948
09-Aug-26 12:25:37 - Epoch 8, Model Loss -1.3901009123309764, View Loss -2.701244949515349, Reg 0.17152311979166043
09-Aug-26 12:26:37 - Epoch 9, Model Loss -1.3928957733453489, View Loss -2.661686224095962, Reg 0.16475284927421147
09-Aug-26 12:27:37 - Epoch 10, Model Loss -1.4215715352226705, View Loss -2.689501569162007, Reg 0.17019962524276933
/users/3171356m/miniconda3/envs/grastiacl/lib/python3.12/site-packages/joblib/externals/loky/process_executor.py:782: UserWarning: A worker stopped while some jobs were given to the executor. This can be caused by a too short worker timeout or by a memory leak.
  warnings.warn(
09-Aug-26 12:27:53 - Epoch 10: Train_acc 0.7728758169934641 Val_acc 0.6143790849673203 Test_acc 0.6387434554973822 Test_auc 0.6505494505494506
09-Aug-26 12:28:52 - Epoch 11, Model Loss -1.4132362565183951, View Loss -2.591874867482902, Reg 0.16898270681792615
09-Aug-26 12:29:52 - Epoch 12, Model Loss -1.4251679626165652, View Loss -2.6063263463039026, Reg 0.17217202767048007
09-Aug-26 12:30:52 - Epoch 13, Model Loss -1.4299105538262262, View Loss -2.551776162939134, Reg 0.1712776009553398
09-Aug-26 12:31:52 - Epoch 14, Model Loss -1.4447694042928858, View Loss -2.547596192827412, Reg 0.17121112122644785
09-Aug-26 12:32:52 - Epoch 15, Model Loss -1.4473023819767572, View Loss -2.5299415775373872, Reg 0.17399894782141143
/users/3171356m/miniconda3/envs/grastiacl/lib/python3.12/site-packages/joblib/externals/loky/process_executor.py:782: UserWarning: A worker stopped while some jobs were given to the executor. This can be caused by a too short worker timeout or by a memory leak.
  warnings.warn(
09-Aug-26 12:33:07 - Epoch 15: Train_acc 0.7777777777777778 Val_acc 0.5424836601307189 Test_acc 0.6230366492146597 Test_auc 0.6574725274725276
09-Aug-26 12:34:07 - Epoch 16, Model Loss -1.4344387241438323, View Loss -2.4069197442796497, Reg 0.17342970651738784
09-Aug-26 12:35:06 - Epoch 17, Model Loss -1.4452346976286445, View Loss -2.4703295495775013, Reg 0.1729865816293978
09-Aug-26 12:36:05 - Epoch 18, Model Loss -1.4563579808652791, View Loss -2.4839311269373674, Reg 0.17316885604188334
09-Aug-26 12:37:05 - Epoch 19, Model Loss -1.4461474106981864, View Loss -2.4359312431485045, Reg 0.1733890335544262
09-Aug-26 12:38:05 - Epoch 20, Model Loss -1.4673113698273703, View Loss -2.482454181496614, Reg 0.17335281077942816
/users/3171356m/miniconda3/envs/grastiacl/lib/python3.12/site-packages/joblib/externals/loky/process_executor.py:782: UserWarning: A worker stopped while some jobs were given to the executor. This can be caused by a too short worker timeout or by a memory leak.
  warnings.warn(
09-Aug-26 12:38:19 - Epoch 20: Train_acc 0.7777777777777778 Val_acc 0.5816993464052288 Test_acc 0.6020942408376964 Test_auc 0.6403296703296703
09-Aug-26 12:39:19 - Epoch 21, Model Loss -1.4682232040205812, View Loss -2.4871702194213867, Reg 0.17340780531658845
09-Aug-26 12:40:18 - Epoch 22, Model Loss -1.470717888252408, View Loss -2.506074821247774, Reg 0.1736462348037296
09-Aug-26 12:41:17 - Epoch 23, Model Loss -1.4625726774627088, View Loss -2.417789808285782, Reg 0.1745227676591063
09-Aug-26 12:42:17 - Epoch 24, Model Loss -1.474914831273696, View Loss -2.437849823945488, Reg 0.1738014872751984
09-Aug-26 12:43:17 - Epoch 25, Model Loss -1.4597935957067154, View Loss -2.367378319011015, Reg 0.17383967174424064
/users/3171356m/miniconda3/envs/grastiacl/lib/python3.12/site-packages/joblib/externals/loky/process_executor.py:782: UserWarning: A worker stopped while some jobs were given to the executor. This can be caused by a too short worker timeout or by a memory leak.
  warnings.warn(
09-Aug-26 12:43:32 - Epoch 25: Train_acc 0.7826797385620915 Val_acc 0.5816993464052288 Test_acc 0.6230366492146597 Test_auc 0.6323076923076923
09-Aug-26 12:44:31 - Epoch 26, Model Loss -1.469084477892109, View Loss -2.4009973395104502, Reg 0.17449811339573143
09-Aug-26 12:45:31 - Epoch 27, Model Loss -1.4640617806927052, View Loss -2.3293725805344923, Reg 0.17330394227520313
09-Aug-26 12:46:30 - Epoch 28, Model Loss -1.4722960104350171, View Loss -2.4243705849242367, Reg 0.174067428299025
09-Aug-26 12:47:30 - Epoch 29, Model Loss -1.4758964488708894, View Loss -2.422339925578996, Reg 0.17364364136862598
09-Aug-26 12:48:30 - Epoch 30, Model Loss -1.4746764002282635, View Loss -2.3743936189639023, Reg 0.17271424976049685
/users/3171356m/miniconda3/envs/grastiacl/lib/python3.12/site-packages/joblib/externals/loky/process_executor.py:782: UserWarning: A worker stopped while some jobs were given to the executor. This can be caused by a too short worker timeout or by a memory leak.
  warnings.warn(
09-Aug-26 12:48:43 - Epoch 30: Train_acc 0.7941176470588235 Val_acc 0.6078431372549019 Test_acc 0.6178010471204188 Test_auc 0.6446153846153846
09-Aug-26 12:49:42 - Epoch 31, Model Loss -1.4781141655117858, View Loss -2.3605447719299715, Reg 0.17329364625457067
09-Aug-26 12:50:41 - Epoch 32, Model Loss -1.4788099207909278, View Loss -2.3976400911418443, Reg 0.1762481974620445
09-Aug-26 12:51:40 - Epoch 33, Model Loss -1.4935390559676427, View Loss -2.410306017383251, Reg 0.17021660243763642
09-Aug-26 12:52:39 - Epoch 34, Model Loss -1.4924051309722701, View Loss -2.405060693329456, Reg 0.17465504536441728
09-Aug-26 12:53:39 - Epoch 35, Model Loss -1.4863681855544546, View Loss -2.3622076075061473, Reg 0.17404442684712754
09-Aug-26 12:53:48 - Epoch 35: Train_acc 0.7679738562091504 Val_acc 0.6209150326797386 Test_acc 0.6178010471204188 Test_auc 0.6503296703296704
09-Aug-26 12:54:47 - Epoch 36, Model Loss -1.4981771107592614, View Loss -2.3878992429745742, Reg 0.17123919102101545
09-Aug-26 12:55:46 - Epoch 37, Model Loss -1.4949480131560682, View Loss -2.366893883624108, Reg 0.17225660831710093
09-Aug-26 12:56:46 - Epoch 38, Model Loss -1.481763288086536, View Loss -2.3373505367952236, Reg 0.1730030695207758
09-Aug-26 12:57:45 - Epoch 39, Model Loss -1.497400932062685, View Loss -2.3580088459588344, Reg 0.1737731377673305
09-Aug-26 12:58:45 - Epoch 40, Model Loss -1.5054814799938327, View Loss -2.3589997447394078, Reg 0.17287137383729026
09-Aug-26 12:58:54 - Epoch 40: Train_acc 0.7630718954248366 Val_acc 0.6143790849673203 Test_acc 0.6020942408376964 Test_auc 0.638021978021978
09-Aug-26 12:59:54 - Epoch 41, Model Loss -1.4961494838490206, View Loss -2.3155350653953803, Reg 0.171666730365722
09-Aug-26 13:00:54 - Epoch 42, Model Loss -1.5009188683204402, View Loss -2.3583700516644646, Reg 0.1725373328511232
09-Aug-26 13:01:54 - Epoch 43, Model Loss -1.4915320920009238, View Loss -2.2921965231303294, Reg 0.1721719446914648
09-Aug-26 13:02:53 - Epoch 44, Model Loss -1.494611129262089, View Loss -2.33991790908614, Reg 0.17303833686837963
09-Aug-26 13:03:53 - Epoch 45, Model Loss -1.498335395763123, View Loss -2.3383883432625168, Reg 0.1746443332799899
/users/3171356m/miniconda3/envs/grastiacl/lib/python3.12/site-packages/joblib/externals/loky/process_executor.py:782: UserWarning: A worker stopped while some jobs were given to the executor. This can be caused by a too short worker timeout or by a memory leak.
  warnings.warn(
09-Aug-26 13:04:06 - Epoch 45: Train_acc 0.7647058823529411 Val_acc 0.6405228758169934 Test_acc 0.5968586387434555 Test_auc 0.6385714285714286
09-Aug-26 13:05:06 - Epoch 46, Model Loss -1.5004477563247183, View Loss -2.355541952295241, Reg 0.17066776557685504
09-Aug-26 13:06:05 - Epoch 47, Model Loss -1.5046100304796806, View Loss -2.3508001308815154, Reg 0.1739953732471061
09-Aug-26 13:07:05 - Epoch 48, Model Loss -1.5019710173014722, View Loss -2.345176796507991, Reg 0.1697656707046858
09-Aug-26 13:08:05 - Epoch 49, Model Loss -1.506984667061201, View Loss -2.319472035551383, Reg 0.17284472929496392
09-Aug-26 13:09:05 - Epoch 50, Model Loss -1.512520892947328, View Loss -2.3244977246702105, Reg 0.17364165537497578
/users/3171356m/miniconda3/envs/grastiacl/lib/python3.12/site-packages/joblib/externals/loky/process_executor.py:782: UserWarning: A worker stopped while some jobs were given to the executor. This can be caused by a too short worker timeout or by a memory leak.
  warnings.warn(
09-Aug-26 13:09:18 - Epoch 50: Train_acc 0.7663398692810458 Val_acc 0.6274509803921569 Test_acc 0.5916230366492147 Test_auc 0.6372527472527473
09-Aug-26 13:10:18 - Epoch 51, Model Loss -1.5121122684354096, View Loss -2.3218790721269995, Reg 0.17166008892791723
09-Aug-26 13:11:18 - Epoch 52, Model Loss -1.5142161394256393, View Loss -2.3129912669362587, Reg 0.17293557622074301
09-Aug-26 13:12:18 - Epoch 53, Model Loss -1.501381319332746, View Loss -2.2679119172439077, Reg 0.1722084700671676
09-Aug-26 13:13:17 - Epoch 54, Model Loss -1.513776495565776, View Loss -2.2927410836313284, Reg 0.17037375660893184
09-Aug-26 13:14:17 - Epoch 55, Model Loss -1.508805973077911, View Loss -2.293785347658045, Reg 0.17267330789488125
/users/3171356m/miniconda3/envs/grastiacl/lib/python3.12/site-packages/joblib/externals/loky/process_executor.py:782: UserWarning: A worker stopped while some jobs were given to the executor. This can be caused by a too short worker timeout or by a memory leak.
  warnings.warn(
09-Aug-26 13:14:33 - Epoch 55: Train_acc 0.7696078431372549 Val_acc 0.6339869281045751 Test_acc 0.6020942408376964 Test_auc 0.6396703296703297
09-Aug-26 13:15:33 - Epoch 56, Model Loss -1.5247116462857115, View Loss -2.3136042457780026, Reg 0.1693558513728622
09-Aug-26 13:16:32 - Epoch 57, Model Loss -1.5189073662352717, View Loss -2.305371607051176, Reg 0.17200519728894328
09-Aug-26 13:17:32 - Epoch 58, Model Loss -1.5157552887411678, View Loss -2.271940652061911, Reg 0.16998626730021307
09-Aug-26 13:18:31 - Epoch 59, Model Loss -1.519741179896336, View Loss -2.3602831815582475, Reg 0.17557774279631821
09-Aug-26 13:19:31 - Epoch 60, Model Loss -1.5255874278498631, View Loss -2.307383353414099, Reg 0.1702682322341632
/users/3171356m/miniconda3/envs/grastiacl/lib/python3.12/site-packages/joblib/externals/loky/process_executor.py:782: UserWarning: A worker stopped while some jobs were given to the executor. This can be caused by a too short worker timeout or by a memory leak.
  warnings.warn(
09-Aug-26 13:19:43 - Epoch 60: Train_acc 0.7745098039215687 Val_acc 0.6339869281045751 Test_acc 0.612565445026178 Test_auc 0.6558241758241758
09-Aug-26 13:20:42 - Epoch 61, Model Loss -1.5251666735979468, View Loss -2.3031692629546123, Reg 0.16980553549878738
09-Aug-26 13:21:41 - Epoch 62, Model Loss -1.5313296754375783, View Loss -2.2988856353011786, Reg 0.1718079869458878
09-Aug-26 13:22:40 - Epoch 63, Model Loss -1.5362933445600122, View Loss -2.3063458336724176, Reg 0.1704804909969467
09-Aug-26 13:23:39 - Epoch 64, Model Loss -1.5299428241704804, View Loss -2.2897176929548677, Reg 0.1700474635448331
09-Aug-26 13:24:38 - Epoch 65, Model Loss -1.5159460921692693, View Loss -2.242407303230435, Reg 0.1697457804788951
09-Aug-26 13:24:47 - Epoch 65: Train_acc 0.7581699346405228 Val_acc 0.6274509803921569 Test_acc 0.6282722513089005 Test_auc 0.6726373626373627
09-Aug-26 13:25:46 - Epoch 66, Model Loss -1.5169949999042587, View Loss -2.2032255471921434, Reg 0.1702201100541096
09-Aug-26 13:26:45 - Epoch 67, Model Loss -1.5325661204219643, View Loss -2.2521943516201444, Reg 0.16933702409656998
09-Aug-26 13:27:45 - Epoch 68, Model Loss -1.526790400735693, View Loss -2.257888014799629, Reg 0.17000465319047567
09-Aug-26 13:28:44 - Epoch 69, Model Loss -1.5234787729051378, View Loss -2.2673573244630902, Reg 0.17157867823550904
09-Aug-26 13:29:43 - Epoch 70, Model Loss -1.5227785110473633, View Loss -2.2108512922050125, Reg 0.17003271012913948
/users/3171356m/miniconda3/envs/grastiacl/lib/python3.12/site-packages/joblib/externals/loky/process_executor.py:782: UserWarning: A worker stopped while some jobs were given to the executor. This can be caused by a too short worker timeout or by a memory leak.
  warnings.warn(
09-Aug-26 13:29:54 - Epoch 70: Train_acc 0.7565359477124183 Val_acc 0.6339869281045751 Test_acc 0.612565445026178 Test_auc 0.6535164835164836
09-Aug-26 13:30:52 - Epoch 71, Model Loss -1.5158155790341445, View Loss -2.1751930916231443, Reg 0.17020672160425995
09-Aug-26 13:31:51 - Epoch 72, Model Loss -1.5257321463690863, View Loss -2.251543091792686, Reg 0.16893574420143576
09-Aug-26 13:32:49 - Epoch 73, Model Loss -1.5322518379859675, View Loss -2.2797212538376352, Reg 0.1709891076571022
09-Aug-26 13:33:47 - Epoch 74, Model Loss -1.525698839449415, View Loss -2.2475187762889988, Reg 0.170094311139942
09-Aug-26 13:34:46 - Epoch 75, Model Loss -1.5329941238453186, View Loss -2.274021556953979, Reg 0.16844266078440973
09-Aug-26 13:34:52 - Epoch 75: Train_acc 0.7679738562091504 Val_acc 0.6274509803921569 Test_acc 0.6178010471204188 Test_auc 0.6650549450549451
09-Aug-26 13:35:50 - Epoch 76, Model Loss -1.5330465915156346, View Loss -2.239066516651827, Reg 0.16941818741022371
09-Aug-26 13:36:48 - Epoch 77, Model Loss -1.525209364548228, View Loss -2.2268620815152436, Reg 0.17010722080476923
09-Aug-26 13:37:47 - Epoch 78, Model Loss -1.5339961114272573, View Loss -2.241218682208092, Reg 0.17050939973662882
09-Aug-26 13:38:45 - Epoch 79, Model Loss -1.5376060460907182, View Loss -2.257842830583161, Reg 0.16780365691855062
09-Aug-26 13:39:43 - Epoch 80, Model Loss -1.5348076602212744, View Loss -2.21634138643352, Reg 0.1699818003606173
09-Aug-26 13:39:48 - Epoch 80: Train_acc 0.7598039215686274 Val_acc 0.6470588235294118 Test_acc 0.6073298429319371 Test_auc 0.6604395604395603
09-Aug-26 13:40:46 - Epoch 81, Model Loss -1.5436268725426368, View Loss -2.251096074098076, Reg 0.16892696595659443
09-Aug-26 13:41:45 - Epoch 82, Model Loss -1.5374252406600255, View Loss -2.2410328216802062, Reg 0.1694698423341988
09-Aug-26 13:42:43 - Epoch 83, Model Loss -1.5397288066888946, View Loss -2.259813124837439, Reg 0.16999849443342172
09-Aug-26 13:43:41 - Epoch 84, Model Loss -1.537614859786688, View Loss -2.2253927405363596, Reg 0.16878784238513
09-Aug-26 13:44:39 - Epoch 85, Model Loss -1.5389774515737895, View Loss -2.2157377635731415, Reg 0.16976750461883794
09-Aug-26 13:44:44 - Epoch 85: Train_acc 0.7696078431372549 Val_acc 0.6209150326797386 Test_acc 0.6387434554973822 Test_auc 0.667142857142857
09-Aug-26 13:45:42 - Epoch 86, Model Loss -1.5428509244731827, View Loss -2.243641791000865, Reg 0.16924714087660797
09-Aug-26 13:46:40 - Epoch 87, Model Loss -1.5357047779108184, View Loss -2.215505808786629, Reg 0.16941806518174465
09-Aug-26 13:47:38 - Epoch 88, Model Loss -1.540439649345049, View Loss -2.2284419427510183, Reg 0.16962872630630443
09-Aug-26 13:48:36 - Epoch 89, Model Loss -1.5384448587504866, View Loss -2.2198906100653355, Reg 0.1696670818952174
09-Aug-26 13:49:34 - Epoch 90, Model Loss -1.5386282852272581, View Loss -2.223389055214676, Reg 0.16919799587305853
09-Aug-26 13:49:38 - Epoch 90: Train_acc 0.7647058823529411 Val_acc 0.6405228758169934 Test_acc 0.6335078534031413 Test_auc 0.6525274725274726
09-Aug-26 13:50:36 - Epoch 91, Model Loss -1.536615097444821, View Loss -2.2070096676645714, Reg 0.1697040513839597
09-Aug-26 13:51:34 - Epoch 92, Model Loss -1.533514739641177, View Loss -2.1791821024776286, Reg 0.16837389776909273
09-Aug-26 13:52:32 - Epoch 93, Model Loss -1.5295173171298955, View Loss -2.1457306014166937, Reg 0.16954278030426673
09-Aug-26 13:53:31 - Epoch 94, Model Loss -1.5362525827744429, View Loss -2.226858971165676, Reg 0.17049127115922816
09-Aug-26 13:54:29 - Epoch 95, Model Loss -1.542952936459211, View Loss -2.2180219319910783, Reg 0.16906500076935962
09-Aug-26 13:54:35 - Epoch 95: Train_acc 0.7696078431372549 Val_acc 0.6339869281045751 Test_acc 0.6073298429319371 Test_auc 0.6647252747252748
09-Aug-26 13:55:32 - Epoch 96, Model Loss -1.5432582244374393, View Loss -2.217206119711882, Reg 0.16937408104441523
09-Aug-26 13:56:30 - Epoch 97, Model Loss -1.5408665993634392, View Loss -2.1839923640481786, Reg 0.17101583576280308
09-Aug-26 13:57:28 - Epoch 98, Model Loss -1.53103200438755, View Loss -2.158859100217134, Reg 0.16811901691302755
09-Aug-26 13:58:26 - Epoch 99, Model Loss -1.5357884550406262, View Loss -2.2155309003942154, Reg 0.16948119370765935
09-Aug-26 13:59:24 - Epoch 100, Model Loss -1.5332937552258858, View Loss -2.195573981291328, Reg 0.16793668849600685
09-Aug-26 13:59:30 - Epoch 100: Train_acc 0.7549019607843137 Val_acc 0.6666666666666666 Test_acc 0.6020942408376964 Test_auc 0.6507692307692308
09-Aug-26 14:00:28 - Epoch 101, Model Loss -1.5384728737126767, View Loss -2.1999044574164097, Reg 0.16896549534369137
09-Aug-26 14:01:25 - Epoch 102, Model Loss -1.5346918448903202, View Loss -2.204693002638474, Reg 0.16763672466371574
09-Aug-26 14:02:23 - Epoch 103, Model Loss -1.5392728101194295, View Loss -2.21104367574056, Reg 0.17098223724785974
09-Aug-26 14:03:21 - Epoch 104, Model Loss -1.5370559692382812, View Loss -2.1289028342253244, Reg 0.16805143099205166
09-Aug-26 14:04:19 - Epoch 105, Model Loss -1.5330695482640484, View Loss -2.1986892924589267, Reg 0.1686700429596932
09-Aug-26 14:04:24 - Epoch 105: Train_acc 0.7516339869281046 Val_acc 0.6470588235294118 Test_acc 0.6178010471204188 Test_auc 0.6708791208791209
09-Aug-26 14:05:22 - Epoch 106, Model Loss -1.539156530417648, View Loss -2.203162648319419, Reg 0.16925960798668704
09-Aug-26 14:06:20 - Epoch 107, Model Loss -1.548422467474844, View Loss -2.221977056241503, Reg 0.16867059449744382
09-Aug-26 14:07:18 - Epoch 108, Model Loss -1.5453974094266205, View Loss -2.192440120223301, Reg 0.16971191179518605
09-Aug-26 14:08:16 - Epoch 109, Model Loss -1.538261048934039, View Loss -2.1808463202582464, Reg 0.16866365503641514
09-Aug-26 14:09:13 - Epoch 110, Model Loss -1.5432289347929113, View Loss -2.1838254274106492, Reg 0.1681520612606036
09-Aug-26 14:09:18 - Epoch 110: Train_acc 0.7549019607843137 Val_acc 0.673202614379085 Test_acc 0.6544502617801047 Test_auc 0.6671428571428571
09-Aug-26 14:10:16 - Epoch 111, Model Loss -1.5428735695633233, View Loss -2.2121328840068744, Reg 0.16949588196729523
09-Aug-26 14:11:14 - Epoch 112, Model Loss -1.5385022693210177, View Loss -2.1601518338022667, Reg 0.169370354001039
09-Aug-26 14:12:12 - Epoch 113, Model Loss -1.5424066618377088, View Loss -2.201691780214995, Reg 0.16837541729796165
09-Aug-26 14:13:09 - Epoch 114, Model Loss -1.5464019432566525, View Loss -2.213291685565624, Reg 0.170109084618637
09-Aug-26 14:14:07 - Epoch 115, Model Loss -1.5401662003760244, View Loss -2.1808625451879564, Reg 0.17026943942300635
09-Aug-26 14:14:13 - Epoch 115: Train_acc 0.7679738562091504 Val_acc 0.6339869281045751 Test_acc 0.612565445026178 Test_auc 0.6523076923076924
09-Aug-26 14:15:11 - Epoch 116, Model Loss -1.5396906659494038, View Loss -2.172880418939528, Reg 0.16883576096467723
09-Aug-26 14:16:09 - Epoch 117, Model Loss -1.5414414000666998, View Loss -2.221115738737817, Reg 0.16770175391552494
09-Aug-26 14:17:07 - Epoch 118, Model Loss -1.5466703277787353, View Loss -2.1891257965486814, Reg 0.16922649195770811
09-Aug-26 14:18:05 - Epoch 119, Model Loss -1.5531228071723888, View Loss -2.21692822649588, Reg 0.1689052261363447
09-Aug-26 14:19:03 - Epoch 120, Model Loss -1.5503874136731515, View Loss -2.2064355152105195, Reg 0.16722098285076664
09-Aug-26 14:19:07 - Epoch 120: Train_acc 0.761437908496732 Val_acc 0.6405228758169934 Test_acc 0.6020942408376964 Test_auc 0.6425274725274726
09-Aug-26 14:20:05 - Epoch 121, Model Loss -1.542187157799216, View Loss -2.1451581101012387, Reg 0.16944162635242238
09-Aug-26 14:21:03 - Epoch 122, Model Loss -1.5408543480767145, View Loss -2.167944465587342, Reg 0.16898398305855544
09-Aug-26 14:22:01 - Epoch 123, Model Loss -1.548368980681974, View Loss -2.205581481160681, Reg 0.16768061325830572
09-Aug-26 14:22:59 - Epoch 124, Model Loss -1.5412371517006869, View Loss -2.1539291525198743, Reg 0.16913982894685534
09-Aug-26 14:23:57 - Epoch 125, Model Loss -1.5419973828434166, View Loss -2.2096252254411284, Reg 0.1688038726258122
09-Aug-26 14:24:03 - Epoch 125: Train_acc 0.7549019607843137 Val_acc 0.6405228758169934 Test_acc 0.5916230366492147 Test_auc 0.6452747252747252
09-Aug-26 14:25:01 - Epoch 126, Model Loss -1.542330579820022, View Loss -2.177872074974908, Reg 0.16861800644911973
09-Aug-26 14:25:59 - Epoch 127, Model Loss -1.5415663750343074, View Loss -2.1741557931588367, Reg 0.16858658330892426
09-Aug-26 14:26:57 - Epoch 128, Model Loss -1.5377499948140063, View Loss -2.154634301179375, Reg 0.1677330639822031
09-Aug-26 14:27:55 - Epoch 129, Model Loss -1.5471645741680868, View Loss -2.179374034108679, Reg 0.16957051652708863
09-Aug-26 14:28:52 - Epoch 130, Model Loss -1.5520733478022557, View Loss -2.2152565569659464, Reg 0.16802649092830085
09-Aug-26 14:28:57 - Epoch 130: Train_acc 0.7401960784313726 Val_acc 0.6535947712418301 Test_acc 0.5916230366492147 Test_auc 0.6458241758241757
09-Aug-26 14:29:54 - Epoch 131, Model Loss -1.548220484864478, View Loss -2.194697451747321, Reg 0.16771418479532976
09-Aug-26 14:30:52 - Epoch 132, Model Loss -1.5525669241263196, View Loss -2.1756116642671475, Reg 0.16790253488846074
09-Aug-26 14:31:50 - Epoch 133, Model Loss -1.5469819860520706, View Loss -2.1750357540604335, Reg 0.16882142327190225
09-Aug-26 14:32:49 - Epoch 134, Model Loss -1.5527211419897142, View Loss -2.2062643556033863, Reg 0.16651846595059813
09-Aug-26 14:33:47 - Epoch 135, Model Loss -1.5569111256817587, View Loss -2.21768679338343, Reg 0.1675879028108385
09-Aug-26 14:33:52 - Epoch 135: Train_acc 0.7565359477124183 Val_acc 0.6339869281045751 Test_acc 0.612565445026178 Test_auc 0.6341758241758242
09-Aug-26 14:34:50 - Epoch 136, Model Loss -1.5509507235358744, View Loss -2.1858479649412867, Reg 0.1671311752079359
09-Aug-26 14:35:47 - Epoch 137, Model Loss -1.556074700324364, View Loss -2.2050579295438877, Reg 0.16862088344455545
09-Aug-26 14:36:45 - Epoch 138, Model Loss -1.5572704863704108, View Loss -2.198500938664854, Reg 0.16752440964474397
09-Aug-26 14:37:44 - Epoch 139, Model Loss -1.5581624087165384, View Loss -2.2110030386182995, Reg 0.16847247586530797
09-Aug-26 14:38:42 - Epoch 140, Model Loss -1.5514310388004078, View Loss -2.1843258726830577, Reg 0.16898518148200964
09-Aug-26 14:38:49 - Epoch 140: Train_acc 0.7516339869281046 Val_acc 0.6339869281045751 Test_acc 0.612565445026178 Test_auc 0.6595604395604395
09-Aug-26 14:39:47 - Epoch 141, Model Loss -1.5569897882299486, View Loss -2.1933447208279877, Reg 0.167407085011208
09-Aug-26 14:40:46 - Epoch 142, Model Loss -1.5583902184480156, View Loss -2.2043553738812216, Reg 0.16855334841153202
09-Aug-26 14:41:44 - Epoch 143, Model Loss -1.5484548705855226, View Loss -2.1435716853422275, Reg 0.16907720642736535
09-Aug-26 14:42:42 - Epoch 144, Model Loss -1.552060382818085, View Loss -2.1854271545908808, Reg 0.16754432655627433
09-Aug-26 14:43:41 - Epoch 145, Model Loss -1.5568585769802916, View Loss -2.1931179426853955, Reg 0.16819019308861563
09-Aug-26 14:43:48 - Epoch 145: Train_acc 0.7434640522875817 Val_acc 0.6535947712418301 Test_acc 0.612565445026178 Test_auc 0.6472527472527472
09-Aug-26 14:44:47 - Epoch 146, Model Loss -1.559307341482125, View Loss -2.2079438726886425, Reg 0.16696852669606801
09-Aug-26 14:45:45 - Epoch 147, Model Loss -1.5536976795570523, View Loss -2.1948987362431547, Reg 0.16766662145751754
09-Aug-26 14:46:43 - Epoch 148, Model Loss -1.550437116934583, View Loss -2.1869539840548646, Reg 0.16795540274747836
09-Aug-26 14:47:41 - Epoch 149, Model Loss -1.5544232948153627, View Loss -2.176994728886224, Reg 0.16705568300353157
09-Aug-26 14:48:40 - Epoch 150, Model Loss -1.5520621343375811, View Loss -2.153348664053125, Reg 0.16799024127277673
09-Aug-26 14:48:46 - Epoch 150: Train_acc 0.7549019607843137 Val_acc 0.6405228758169934 Test_acc 0.6020942408376964 Test_auc 0.6481318681318681
09-Aug-26 14:49:45 - Epoch 151, Model Loss -1.5539856081694559, View Loss -2.13773627998003, Reg 0.16625812260154027
09-Aug-26 14:50:43 - Epoch 152, Model Loss -1.5552534309088015, View Loss -2.1788728268317925, Reg 0.16847165742146422
09-Aug-26 14:51:41 - Epoch 153, Model Loss -1.5579898123647653, View Loss -2.186401167726205, Reg 0.16661546023842555
09-Aug-26 14:52:40 - Epoch 154, Model Loss -1.53891712388182, View Loss -2.09041974747103, Reg 0.16884901272315606
09-Aug-26 14:53:38 - Epoch 155, Model Loss -1.5464129167444565, View Loss -2.1491874869352854, Reg 0.16683235608674343
09-Aug-26 14:53:46 - Epoch 155: Train_acc 0.761437908496732 Val_acc 0.6405228758169934 Test_acc 0.6230366492146597 Test_auc 0.6609890109890111
09-Aug-26 14:54:44 - Epoch 156, Model Loss -1.5526629211076723, View Loss -2.1801835820565816, Reg 0.16817594899071586
09-Aug-26 14:55:42 - Epoch 157, Model Loss -1.5550729932348712, View Loss -2.194489772023718, Reg 0.16794649399573508
09-Aug-26 14:56:40 - Epoch 158, Model Loss -1.5463724167518367, View Loss -2.104896860185012, Reg 0.1687146458360884
09-Aug-26 14:57:38 - Epoch 159, Model Loss -1.5542295306336646, View Loss -2.175956429998859, Reg 0.1684994371303546
09-Aug-26 14:58:36 - Epoch 160, Model Loss -1.5613828391031501, View Loss -2.213377958808849, Reg 0.1668546135519065
09-Aug-26 14:58:44 - Epoch 160: Train_acc 0.7663398692810458 Val_acc 0.6274509803921569 Test_acc 0.612565445026178 Test_auc 0.6474725274725275
09-Aug-26 14:59:42 - Epoch 161, Model Loss -1.5628770628785775, View Loss -2.1914440712897605, Reg 0.16633592536246855
09-Aug-26 15:00:40 - Epoch 162, Model Loss -1.5537483364928002, View Loss -2.153585097369026, Reg 0.16811818498022416
09-Aug-26 15:01:39 - Epoch 163, Model Loss -1.557007443671133, View Loss -2.1725081088496188, Reg 0.16844196490992128
09-Aug-26 15:02:37 - Epoch 164, Model Loss -1.5619572377672382, View Loss -2.1940816336987066, Reg 0.16491837760591818
09-Aug-26 15:03:35 - Epoch 165, Model Loss -1.5651819378721947, View Loss -2.2148726220224417, Reg 0.16894054295969943
09-Aug-26 15:03:41 - Epoch 165: Train_acc 0.761437908496732 Val_acc 0.6405228758169934 Test_acc 0.612565445026178 Test_auc 0.6485714285714286
09-Aug-26 15:04:39 - Epoch 166, Model Loss -1.561507249969283, View Loss -2.1826250942703944, Reg 0.1666177232670628
09-Aug-26 15:05:37 - Epoch 167, Model Loss -1.5598374129899966, View Loss -2.1877676053763992, Reg 0.16772615870619131
09-Aug-26 15:06:36 - Epoch 168, Model Loss -1.5571917490242353, View Loss -2.1911314702501485, Reg 0.16932812040927364
09-Aug-26 15:07:34 - Epoch 169, Model Loss -1.560349732442619, View Loss -2.1641361541997375, Reg 0.16742168337691063
09-Aug-26 15:08:32 - Epoch 170, Model Loss -1.5637527852276571, View Loss -2.1727613810620277, Reg 0.16694612810814302
09-Aug-26 15:08:37 - Epoch 170: Train_acc 0.75 Val_acc 0.6209150326797386 Test_acc 0.6282722513089005 Test_auc 0.6613186813186813
09-Aug-26 15:09:34 - Epoch 171, Model Loss -1.557764982086381, View Loss -2.139586395687527, Reg 0.1675790547350653
09-Aug-26 15:10:32 - Epoch 172, Model Loss -1.5600276741327024, View Loss -2.221916173797807, Reg 0.16753565003864127
09-Aug-26 15:11:30 - Epoch 173, Model Loss -1.564644857169756, View Loss -2.1968729480419285, Reg 0.16663718077481962
09-Aug-26 15:12:28 - Epoch 174, Model Loss -1.563036388821072, View Loss -2.182540772007961, Reg 0.16749895719531316
09-Aug-26 15:13:27 - Epoch 175, Model Loss -1.5579286837110333, View Loss -2.165887115827573, Reg 0.16760004501716763
09-Aug-26 15:13:33 - Epoch 175: Train_acc 0.8284313725490197 Val_acc 0.6143790849673203 Test_acc 0.5916230366492147 Test_auc 0.6207692307692307
09-Aug-26 15:14:31 - Epoch 176, Model Loss -1.5598287301905014, View Loss -2.1749501259498345, Reg 0.16750493684625314
09-Aug-26 15:15:29 - Epoch 177, Model Loss -1.5625052794911503, View Loss -2.208502579358668, Reg 0.1688412776569915
09-Aug-26 15:16:28 - Epoch 178, Model Loss -1.5580889602112615, View Loss -2.1762006267223484, Reg 0.168482866795624
09-Aug-26 15:17:26 - Epoch 179, Model Loss -1.5597391720690759, View Loss -2.1686666744207246, Reg 0.16751263237077427
09-Aug-26 15:18:24 - Epoch 180, Model Loss -1.5625535615908555, View Loss -2.1889715568692076, Reg 0.16692501793499864
09-Aug-26 15:18:31 - Epoch 180: Train_acc 0.8496732026143791 Val_acc 0.6209150326797386 Test_acc 0.5706806282722513 Test_auc 0.614065934065934
09-Aug-26 15:19:29 - Epoch 181, Model Loss -1.5683889170877294, View Loss -2.2050617006089954, Reg 0.16758757615401074
09-Aug-26 15:20:27 - Epoch 182, Model Loss -1.5626150268355226, View Loss -2.162970415127823, Reg 0.16746991044945186
09-Aug-26 15:21:25 - Epoch 183, Model Loss -1.5635494095048095, View Loss -2.1771824437808367, Reg 0.1680040991579006
09-Aug-26 15:22:24 - Epoch 184, Model Loss -1.5642845989052767, View Loss -2.17328067854339, Reg 0.16502021204412373
09-Aug-26 15:23:22 - Epoch 185, Model Loss -1.5622258155174504, View Loss -2.188548303117939, Reg 0.16766740712854597
09-Aug-26 15:23:27 - Epoch 185: Train_acc 0.7434640522875817 Val_acc 0.6143790849673203 Test_acc 0.5916230366492147 Test_auc 0.6447252747252746
09-Aug-26 15:24:25 - Epoch 186, Model Loss -1.567584268407884, View Loss -2.197792614207548, Reg 0.1678185880768533
09-Aug-26 15:25:22 - Epoch 187, Model Loss -1.5656071768866644, View Loss -2.186565804325677, Reg 0.16624865364405064
09-Aug-26 15:26:20 - Epoch 188, Model Loss -1.5662416258668588, View Loss -2.160180288202622, Reg 0.16811406490654726
09-Aug-26 15:27:18 - Epoch 189, Model Loss -1.5691065570108251, View Loss -2.1696627623115488, Reg 0.16631505711405886
09-Aug-26 15:28:15 - Epoch 190, Model Loss -1.5614206432517057, View Loss -2.146646667929257, Reg 0.1677550295599146
09-Aug-26 15:28:21 - Epoch 190: Train_acc 0.7549019607843137 Val_acc 0.6405228758169934 Test_acc 0.6073298429319371 Test_auc 0.6476923076923077
09-Aug-26 15:29:18 - Epoch 191, Model Loss -1.5621525384242239, View Loss -2.162370438669242, Reg 0.16717692703203438
09-Aug-26 15:30:15 - Epoch 192, Model Loss -1.553888221192204, View Loss -2.1009086471757077, Reg 0.16689544273357765
09-Aug-26 15:31:13 - Epoch 193, Model Loss -1.5591498013415368, View Loss -2.142433225718978, Reg 0.16760203183866015
09-Aug-26 15:32:10 - Epoch 194, Model Loss -1.5665943420011235, View Loss -2.180158309687197, Reg 0.16575376368036457
09-Aug-26 15:33:07 - Epoch 195, Model Loss -1.5685040405373167, View Loss -2.1910896644093634, Reg 0.1679609669189827
09-Aug-26 15:33:12 - Epoch 195: Train_acc 0.75 Val_acc 0.6405228758169934 Test_acc 0.6230366492146597 Test_auc 0.6687912087912089
09-Aug-26 15:34:09 - Epoch 196, Model Loss -1.571648856393652, View Loss -2.1870613253973668, Reg 0.1672353248775395
09-Aug-26 15:35:06 - Epoch 197, Model Loss -1.5681251170588475, View Loss -2.1979248850953343, Reg 0.1655033770339941
09-Aug-26 15:36:03 - Epoch 198, Model Loss -1.5575721715789994, View Loss -2.105169894648533, Reg 0.16824531107167012
09-Aug-26 15:37:00 - Epoch 199, Model Loss -1.5578110545289283, View Loss -2.1460444911632663, Reg 0.16589881908270268
09-Aug-26 15:37:58 - Epoch 200, Model Loss -1.5603962225072525, View Loss -2.163913907568439, Reg 0.16843208709573435
09-Aug-26 15:38:04 - Epoch 200: Train_acc 0.8349673202614379 Val_acc 0.6274509803921569 Test_acc 0.6230366492146597 Test_auc 0.6513186813186814
09-Aug-26 15:39:01 - Epoch 201, Model Loss -1.5602150368534662, View Loss -2.1188784455941394, Reg 0.16656221079280953
09-Aug-26 15:39:58 - Epoch 202, Model Loss -1.5588727838852827, View Loss -2.144087021646936, Reg 0.16674974151686126
09-Aug-26 15:40:55 - Epoch 203, Model Loss -1.5650571498995514, View Loss -2.145997368432338, Reg 0.16712244848410288
09-Aug-26 15:41:52 - Epoch 204, Model Loss -1.563545837900997, View Loss -2.1723700099521213, Reg 0.16660432595443103
09-Aug-26 15:42:49 - Epoch 205, Model Loss -1.5706830367543339, View Loss -2.1888905288347233, Reg 0.1675830573038338
09-Aug-26 15:42:54 - Epoch 205: Train_acc 0.7467320261437909 Val_acc 0.6339869281045751 Test_acc 0.5968586387434555 Test_auc 0.6687912087912087
09-Aug-26 15:43:51 - Epoch 206, Model Loss -1.5635350171257467, View Loss -2.134263652602052, Reg 0.1664858577298183
09-Aug-26 15:44:48 - Epoch 207, Model Loss -1.5646682159573424, View Loss -2.1832935358184615, Reg 0.16793262505648182
09-Aug-26 15:45:45 - Epoch 208, Model Loss -1.5681152780071583, View Loss -2.1643547918282304, Reg 0.16657986526006188
09-Aug-26 15:46:42 - Epoch 209, Model Loss -1.567999322429981, View Loss -2.186073212841757, Reg 0.1663783207243564
09-Aug-26 15:47:39 - Epoch 210, Model Loss -1.5661195929533516, View Loss -2.1895203465729756, Reg 0.16734066332866943
09-Aug-26 15:47:47 - Epoch 210: Train_acc 0.7549019607843137 Val_acc 0.6339869281045751 Test_acc 0.6335078534031413 Test_auc 0.6652747252747253
09-Aug-26 15:48:44 - Epoch 211, Model Loss -1.5613380818585165, View Loss -2.154605463439343, Reg 0.1687854732952866
09-Aug-26 15:49:41 - Epoch 212, Model Loss -1.5667828142253402, View Loss -2.1777989100786597, Reg 0.16437587940614987
09-Aug-26 15:50:38 - Epoch 213, Model Loss -1.5671498292411854, View Loss -2.173832429000755, Reg 0.16581651587891422
09-Aug-26 15:51:35 - Epoch 214, Model Loss -1.5673565459407233, View Loss -2.1694546275668674, Reg 0.16685128270411023
09-Aug-26 15:52:32 - Epoch 215, Model Loss -1.5603604690701354, View Loss -2.040380356358547, Reg 0.16746998164388868
09-Aug-26 15:52:37 - Epoch 215: Train_acc 0.7663398692810458 Val_acc 0.6339869281045751 Test_acc 0.581151832460733 Test_auc 0.6496703296703296
09-Aug-26 15:53:34 - Epoch 216, Model Loss -1.554072987799551, View Loss -2.097908107283848, Reg 0.16644222299063127
09-Aug-26 15:54:31 - Epoch 217, Model Loss -1.558655146679847, View Loss -2.144706523496341, Reg 0.16712810712702134
09-Aug-26 15:55:29 - Epoch 218, Model Loss -1.5639805388606451, View Loss -2.1670407812579784, Reg 0.1669713921017117
09-Aug-26 15:56:26 - Epoch 219, Model Loss -1.565931619382372, View Loss -2.178920633652631, Reg 0.16627239694003187
09-Aug-26 15:57:23 - Epoch 220, Model Loss -1.5676758772407482, View Loss -2.175383842069339, Reg 0.16701939039760166
09-Aug-26 15:57:27 - Epoch 220: Train_acc 0.7663398692810458 Val_acc 0.673202614379085 Test_acc 0.5706806282722513 Test_auc 0.6536263736263737
09-Aug-26 15:58:24 - Epoch 221, Model Loss -1.5695775287603242, View Loss -2.1877137445936015, Reg 0.16562372952504875
09-Aug-26 15:59:21 - Epoch 222, Model Loss -1.55961311564726, View Loss -2.077596736110114, Reg 0.16537856568698012
09-Aug-26 16:00:18 - Epoch 223, Model Loss -1.5579142695158914, View Loss -2.165627884708978, Reg 0.1668186322146771
09-Aug-26 16:01:15 - Epoch 224, Model Loss -1.5555927426207299, View Loss -2.0965902446921354, Reg 0.16739309486610437
09-Aug-26 16:02:12 - Epoch 225, Model Loss -1.5557293549082638, View Loss -2.145092883141212, Reg 0.16465890290690402
09-Aug-26 16:02:18 - Epoch 225: Train_acc 0.7647058823529411 Val_acc 0.6470588235294118 Test_acc 0.612565445026178 Test_auc 0.6543956043956044
09-Aug-26 16:03:15 - Epoch 226, Model Loss -1.5625531252692728, View Loss -2.1796654751098234, Reg 0.16510351265178008
09-Aug-26 16:04:12 - Epoch 227, Model Loss -1.5650180897681543, View Loss -2.1383893661249695, Reg 0.16761216920575286
09-Aug-26 16:05:09 - Epoch 228, Model Loss -1.568581366071514, View Loss -2.1808561374938567, Reg 0.16513904237669277
09-Aug-26 16:06:06 - Epoch 229, Model Loss -1.5661917106778014, View Loss -2.167322588901894, Reg 0.16622362354027678
09-Aug-26 16:07:03 - Epoch 230, Model Loss -1.570268331789503, View Loss -2.172965919270235, Reg 0.16613124145401847
09-Aug-26 16:07:11 - Epoch 230: Train_acc 0.7516339869281046 Val_acc 0.6470588235294118 Test_acc 0.6282722513089005 Test_auc 0.6526373626373626
09-Aug-26 16:08:08 - Epoch 231, Model Loss -1.5604597415799408, View Loss -2.1347097602545047, Reg 0.16637087725346383
09-Aug-26 16:09:05 - Epoch 232, Model Loss -1.5617847099802853, View Loss -2.15712352204167, Reg 0.16631226621422113
09-Aug-26 16:10:03 - Epoch 233, Model Loss -1.5684048958074033, View Loss -2.158867673936233, Reg 0.16671290837861355
09-Aug-26 16:11:01 - Epoch 234, Model Loss -1.5718249059190936, View Loss -2.17175753599678, Reg 0.16523801540237626
09-Aug-26 16:11:58 - Epoch 235, Model Loss -1.5667280122345568, View Loss -2.130555436502095, Reg 0.16791316321472716
09-Aug-26 16:12:04 - Epoch 235: Train_acc 0.7549019607843137 Val_acc 0.6601307189542484 Test_acc 0.6178010471204188 Test_auc 0.6667032967032968
09-Aug-26 16:13:01 - Epoch 236, Model Loss -1.5633027693804573, View Loss -2.145860824709624, Reg 0.1648344446241466
09-Aug-26 16:13:58 - Epoch 237, Model Loss -1.5605152790842494, View Loss -2.1003229041504703, Reg 0.16674977404619354
09-Aug-26 16:14:56 - Epoch 238, Model Loss -1.5643031643886192, View Loss -2.1359234417186066, Reg 0.16556771041131488
09-Aug-26 16:15:53 - Epoch 239, Model Loss -1.5701538846383687, View Loss -2.18575048134997, Reg 0.16517557194030363
09-Aug-26 16:16:50 - Epoch 240, Model Loss -1.5749673905715444, View Loss -2.1922501925549476, Reg 0.16638931213251126
09-Aug-26 16:16:56 - Epoch 240: Train_acc 0.7549019607843137 Val_acc 0.6339869281045751 Test_acc 0.6020942408376964 Test_auc 0.6635164835164835
09-Aug-26 16:17:53 - Epoch 241, Model Loss -1.5702880878074497, View Loss -2.1581913754830953, Reg 0.16710318566537372
09-Aug-26 16:18:51 - Epoch 242, Model Loss -1.5700962309743844, View Loss -2.153401907752542, Reg 0.16572429502711578
09-Aug-26 16:19:48 - Epoch 243, Model Loss -1.5695028710209467, View Loss -2.187728729123384, Reg 0.16921544337973876
09-Aug-26 16:20:46 - Epoch 244, Model Loss -1.5649554308723002, View Loss -2.140716225493188, Reg 0.1671365480017818
09-Aug-26 16:21:43 - Epoch 245, Model Loss -1.5490294593611573, View Loss -2.013353971094867, Reg 0.1667638086999943
09-Aug-26 16:21:49 - Epoch 245: Train_acc 0.7647058823529411 Val_acc 0.6535947712418301 Test_acc 0.5916230366492147 Test_auc 0.6317582417582417
09-Aug-26 16:22:46 - Epoch 246, Model Loss -1.5666561313703948, View Loss -2.1579438907648223, Reg 0.16612627751686992
09-Aug-26 16:23:43 - Epoch 247, Model Loss -1.5689929201712016, View Loss -2.1785937197068157, Reg 0.16478130981033923
09-Aug-26 16:24:40 - Epoch 248, Model Loss -1.5629445898766612, View Loss -2.140064021341162, Reg 0.16579514401021347
09-Aug-26 16:25:37 - Epoch 249, Model Loss -1.5727135402704375, View Loss -2.2048215554430595, Reg 0.16757068398341635
09-Aug-26 16:26:34 - Epoch 250, Model Loss -1.5700997340133767, View Loss -2.1894195282381346, Reg 0.16405372720917846
09-Aug-26 16:26:40 - Epoch 250: Train_acc 0.7581699346405228 Val_acc 0.6405228758169934 Test_acc 0.5968586387434555 Test_auc 0.629010989010989
09-Aug-26 16:27:37 - Epoch 251, Model Loss -1.5610226836859011, View Loss -2.1033608181024688, Reg 0.1665517151160957
09-Aug-26 16:28:33 - Epoch 252, Model Loss -1.5739019026164136, View Loss -2.159387713164286, Reg 0.166382555673325
09-Aug-26 16:29:30 - Epoch 253, Model Loss -1.5741983301499312, View Loss -2.186402358260809, Reg 0.1672589082538692
09-Aug-26 16:30:27 - Epoch 254, Model Loss -1.570722611121882, View Loss -2.1425704644396415, Reg 0.16668076141207827
09-Aug-26 16:31:25 - Epoch 255, Model Loss -1.5709551518259486, View Loss -2.1484995947943792, Reg 0.16628395167051577
09-Aug-26 16:31:30 - Epoch 255: Train_acc 0.7549019607843137 Val_acc 0.6405228758169934 Test_acc 0.6073298429319371 Test_auc 0.6480219780219781
09-Aug-26 16:32:27 - Epoch 256, Model Loss -1.5709928811765184, View Loss -2.165195144079869, Reg 0.1663918105605381
09-Aug-26 16:33:24 - Epoch 257, Model Loss -1.5787766026515586, View Loss -2.166253987480612, Reg 0.16539776656362745
09-Aug-26 16:34:22 - Epoch 258, Model Loss -1.5780380224090775, View Loss -2.1886962223676294, Reg 0.167225804593828
09-Aug-26 16:35:19 - Epoch 259, Model Loss -1.578574523427128, View Loss -2.1839725799809875, Reg 0.16419750150122675
09-Aug-26 16:36:16 - Epoch 260, Model Loss -1.557930989982256, View Loss -2.0717747164707556, Reg 0.16766275358355903
09-Aug-26 16:36:22 - Epoch 260: Train_acc 0.7630718954248366 Val_acc 0.6405228758169934 Test_acc 0.6073298429319371 Test_auc 0.6497802197802198
09-Aug-26 16:37:19 - Epoch 261, Model Loss -1.5666345459183837, View Loss -2.1160090109881233, Reg 0.16598540086761798
09-Aug-26 16:38:16 - Epoch 262, Model Loss -1.5657112146514693, View Loss -2.10785660089231, Reg 0.16625269137176812
09-Aug-26 16:39:13 - Epoch 263, Model Loss -1.573157472548142, View Loss -2.160342780593174, Reg 0.16695475217953226
09-Aug-26 16:40:10 - Epoch 264, Model Loss -1.571537831250359, View Loss -2.1647623878678464, Reg 0.1665772897940056
09-Aug-26 16:41:07 - Epoch 265, Model Loss -1.573372918795916, View Loss -2.168483699848449, Reg 0.16435498661465114
09-Aug-26 16:41:12 - Epoch 265: Train_acc 0.8316993464052288 Val_acc 0.6013071895424836 Test_acc 0.581151832460733 Test_auc 0.6287912087912089
09-Aug-26 16:42:09 - Epoch 266, Model Loss -1.5719674116645763, View Loss -2.161516859640483, Reg 0.16589148790618174
09-Aug-26 16:43:06 - Epoch 267, Model Loss -1.5745729589773938, View Loss -2.1698908712349687, Reg 0.16536111594025604
09-Aug-26 16:44:03 - Epoch 268, Model Loss -1.5733282550487644, View Loss -2.1525843782362597, Reg 0.16573254871212578
09-Aug-26 16:45:01 - Epoch 269, Model Loss -1.5646455272350437, View Loss -2.10535168491937, Reg 0.16518546368171966
09-Aug-26 16:45:58 - Epoch 270, Model Loss -1.5578462687972325, View Loss -2.0540538457484026, Reg 0.16736895668935153
09-Aug-26 16:46:03 - Epoch 270: Train_acc 0.7418300653594772 Val_acc 0.6143790849673203 Test_acc 0.6073298429319371 Test_auc 0.6346153846153846
09-Aug-26 16:47:00 - Epoch 271, Model Loss -1.567980027666279, View Loss -2.1517371663860247, Reg 0.16410993477877447
09-Aug-26 16:47:57 - Epoch 272, Model Loss -1.5654978440477958, View Loss -2.158343474070231, Reg 0.16606520028675303
09-Aug-26 16:48:54 - Epoch 273, Model Loss -1.569639804316502, View Loss -2.15503019756741, Reg 0.16541149228616478
09-Aug-26 16:49:51 - Epoch 274, Model Loss -1.570095018623701, View Loss -2.1424111197976505, Reg 0.16479472962080263
09-Aug-26 16:50:48 - Epoch 275, Model Loss -1.566188033110176, View Loss -2.1336128259795943, Reg 0.16794145058572682
09-Aug-26 16:50:54 - Epoch 275: Train_acc 0.7549019607843137 Val_acc 0.6405228758169934 Test_acc 0.6073298429319371 Test_auc 0.6476923076923077
09-Aug-26 16:51:51 - Epoch 276, Model Loss -1.5694604325138666, View Loss -2.1669694691701653, Reg 0.16519640084185633
09-Aug-26 16:52:48 - Epoch 277, Model Loss -1.5773263382755853, View Loss -2.1695412124683653, Reg 0.1657883028189341
09-Aug-26 16:53:45 - Epoch 278, Model Loss -1.577822816138174, View Loss -2.1587785240871455, Reg 0.16603918149580363
09-Aug-26 16:54:43 - Epoch 279, Model Loss -1.5793257195965138, View Loss -2.1847872827567305, Reg 0.16592196009907068
09-Aug-26 16:55:41 - Epoch 280, Model Loss -1.5806178485645968, View Loss -2.1698464942134286, Reg 0.16527962908635732
09-Aug-26 16:55:46 - Epoch 280: Train_acc 0.7549019607843137 Val_acc 0.6405228758169934 Test_acc 0.6073298429319371 Test_auc 0.6539560439560439
09-Aug-26 16:56:43 - Epoch 281, Model Loss -1.579709084205378, View Loss -2.1763963637009165, Reg 0.1664184556872237
09-Aug-26 16:57:41 - Epoch 282, Model Loss -1.5699068674075058, View Loss -2.1162318186043136, Reg 0.16766936648515315
09-Aug-26 16:58:38 - Epoch 283, Model Loss -1.5738360959719988, View Loss -2.154067323098775, Reg 0.1659779983018738
09-Aug-26 16:59:36 - Epoch 284, Model Loss -1.5751459520626692, View Loss -2.158954903970357, Reg 0.16557418535542645
09-Aug-26 17:00:33 - Epoch 285, Model Loss -1.5756138757942548, View Loss -2.1746258517495947, Reg 0.16507488274885937
09-Aug-26 17:00:38 - Epoch 285: Train_acc 0.7630718954248366 Val_acc 0.6601307189542484 Test_acc 0.5968586387434555 Test_auc 0.6405494505494506
09-Aug-26 17:01:36 - Epoch 286, Model Loss -1.5803364928251777, View Loss -2.188572734009986, Reg 0.1653607526635812
09-Aug-26 17:02:33 - Epoch 287, Model Loss -1.5723036878249224, View Loss -2.1671640701543273, Reg 0.16514021060825174
09-Aug-26 17:03:30 - Epoch 288, Model Loss -1.573731135698705, View Loss -2.15755601334416, Reg 0.16680315877097884
09-Aug-26 17:04:28 - Epoch 289, Model Loss -1.584396356071522, View Loss -2.194137392480389, Reg 0.16504218852987476
09-Aug-26 17:05:25 - Epoch 290, Model Loss -1.5779397627886604, View Loss -2.1713506832621454, Reg 0.16716804793652365
09-Aug-26 17:05:30 - Epoch 290: Train_acc 0.7581699346405228 Val_acc 0.6405228758169934 Test_acc 0.6020942408376964 Test_auc 0.6473626373626373
09-Aug-26 17:06:27 - Epoch 291, Model Loss -1.5766793730991338, View Loss -2.17264598335316, Reg 0.16268950096921983
09-Aug-26 17:07:25 - Epoch 292, Model Loss -1.5748090931013519, View Loss -2.172975945316888, Reg 0.16703445254977234
09-Aug-26 17:08:22 - Epoch 293, Model Loss -1.5769399942136277, View Loss -2.123950400383644, Reg 0.16530952656191159
09-Aug-26 17:09:20 - Epoch 294, Model Loss -1.5755553089715297, View Loss -2.1560830727122187, Reg 0.16633639586906807
09-Aug-26 17:10:17 - Epoch 295, Model Loss -1.5765360227597305, View Loss -2.165616107142829, Reg 0.16501272718111673
09-Aug-26 17:10:23 - Epoch 295: Train_acc 0.7516339869281046 Val_acc 0.6666666666666666 Test_acc 0.6020942408376964 Test_auc 0.6435164835164836
09-Aug-26 17:11:20 - Epoch 296, Model Loss -1.578178670671251, View Loss -2.176369159050237, Reg 0.16656937143381903
09-Aug-26 17:12:18 - Epoch 297, Model Loss -1.5829441781137503, View Loss -2.1743691388298485, Reg 0.16540687078354405
09-Aug-26 17:13:15 - Epoch 298, Model Loss -1.572066964666828, View Loss -2.12364250694225, Reg 0.16729426111271178
09-Aug-26 17:14:12 - Epoch 299, Model Loss -1.5764999576643401, View Loss -2.1357692737205354, Reg 0.16566859098041758
09-Aug-26 17:15:10 - Epoch 300, Model Loss -1.57505561479556, View Loss -2.1585003597284453, Reg 0.16564023767421449
09-Aug-26 17:15:15 - Epoch 300: Train_acc 0.761437908496732 Val_acc 0.6601307189542484 Test_acc 0.6178010471204188 Test_auc 0.6584615384615384
09-Aug-26 17:15:15 - FinishedTraining! BestEpoch (eval-interval index): 21
09-Aug-26 17:15:15 - Wrote /users/3171356m/muhammad/GraSTIACL/nested_cv/results/combat__emb512_bs32__fold4.json
09-Aug-26 17:15:15 - {
  "emb_dim": 512,
  "batch_size": 32,
  "fold": 4,
  "combat": true,
  "n_train": 612,
  "n_val": 153,
  "n_test": 191,
  "best_val_epoch_idx": 21,
  "train_accuracy": 0.7549019607843137,
  "val_accuracy": 0.673202614379085,
  "test_accuracy": 0.6544502617801047,
  "train_f1": 0.7491638795986622,
  "val_f1": 0.6527777777777778,
  "test_f1": 0.625,
  "train_sensitivity": 0.7697594475265999,
  "val_sensitivity": 0.6438356076186903,
  "test_sensitivity": 0.6043955977538945,
  "train_specificity": 0.7414330194970934,
  "val_specificity": 0.6999999912500001,
  "test_specificity": 0.699999993,
  "train_precision": 0.7296416938110749,
  "val_precision": 0.6619718309859155,
  "test_precision": 0.6470588235294118,
  "test_auc": 0.6671428571428571,
  "fin_reg": 0.1681520612606036
}
