08-Aug-26 15:37:25 - Using Device: cuda
08-Aug-26 15:37:25 - Seed: 123, Fold: 3, ComBat: False
08-Aug-26 15:37:25 - Namespace(fold=3, combat=False, num_dyn_windows=3, model_lr=0.0005, view_lr=0.0005, num_gc_layers=2, pooling_type='standard', emb_dim=512, vib_hidden_dim=400, batch_size=32, drop_ratio=0.3, epochs=300, kld_lambda=0.003, reg_lambda=0.2, gamma_mode='paper_literal', node_feature_mode='alff_pcc', mij_source='alff_pcc', template=90, eval_interval=5, downstream_classifier='linear', ce_lambda=2.0, seed=123)
08-Aug-26 15:37:25 - Loading raw subject data...
08-Aug-26 15:42:26 - Loaded 956 subjects (455 ASD, 501 NC)
08-Aug-26 15:42:26 - alff_pcc scale stats (train_val_idx only): alff=[-3.5994,5.6307] pcc=[-0.7600,1.0000]
08-Aug-26 15:42:26 - Train/Val/Test sizes: 612/153/191
08-Aug-26 15:43:25 - Epoch 1, Model Loss -0.8308946383155249, View Loss -5.7759775118111, Reg 0.23422561994954652
08-Aug-26 15:44:24 - Epoch 2, Model Loss -1.2751136854583143, View Loss -3.861624683429992, Reg 0.14955538959285014
08-Aug-26 15:45:23 - Epoch 3, Model Loss -1.3276740491779802, View Loss -3.6308976341696346, Reg 0.1364858918914608
08-Aug-26 15:46:21 - Epoch 4, Model Loss -1.3462638979643777, View Loss -3.157511200001037, Reg 0.13277451070695143
08-Aug-26 15:47:20 - Epoch 5, Model Loss -1.340880858352761, View Loss -2.6576282775479982, Reg 0.1394066059706258
08-Aug-26 15:47:37 - Epoch 5: Train_acc 0.7777777777777778 Val_acc 0.6143790849673203 Test_acc 0.5497382198952879 Test_auc 0.61
08-Aug-26 15:48:36 - Epoch 6, Model Loss -1.3504306568818933, View Loss -2.61778910643135, Reg 0.13648907762337353
08-Aug-26 15:49:34 - Epoch 7, Model Loss -1.3884814704944886, View Loss -2.594556870803334, Reg 0.13262007760456185
08-Aug-26 15:50:33 - Epoch 8, Model Loss -1.3703098920435688, View Loss -2.431579649058822, Reg 0.1322928512700243
08-Aug-26 15:51:31 - Epoch 9, Model Loss -1.3913912804298152, View Loss -2.486802715102052, Reg 0.12872627903433406
08-Aug-26 15:52:30 - Epoch 10, Model Loss -1.4025368659324895, View Loss -2.397526706745422, Reg 0.1317938108459797
08-Aug-26 15:52:38 - Epoch 10: Train_acc 0.7696078431372549 Val_acc 0.6535947712418301 Test_acc 0.5549738219895288 Test_auc 0.6086813186813187
08-Aug-26 15:53:36 - Epoch 11, Model Loss -1.3876685535206514, View Loss -2.324730570799385, Reg 0.13349446673798404
08-Aug-26 15:54:35 - Epoch 12, Model Loss -1.4211161432702557, View Loss -2.542806064381319, Reg 0.13685468783955168
08-Aug-26 15:55:34 - Epoch 13, Model Loss -1.4440632053450042, View Loss -2.5123794811223847, Reg 0.13725668600961274
08-Aug-26 15:56:32 - Epoch 14, Model Loss -1.4414931496763541, View Loss -2.47770834904091, Reg 0.13457947326641456
08-Aug-26 15:57:31 - Epoch 15, Model Loss -1.4431557624168645, View Loss -2.475473812203002, Reg 0.13392464602305218
08-Aug-26 15:57:39 - Epoch 15: Train_acc 0.8611111111111112 Val_acc 0.5816993464052288 Test_acc 0.5654450261780105 Test_auc 0.5984615384615384
08-Aug-26 15:58:37 - Epoch 16, Model Loss -1.4490308668099197, View Loss -2.401774319168789, Reg 0.13534025312249176
08-Aug-26 15:59:36 - Epoch 17, Model Loss -1.4328071556839288, View Loss -2.322834239286535, Reg 0.13438367254399006
08-Aug-26 16:00:34 - Epoch 18, Model Loss -1.449369760899762, View Loss -2.366532116933586, Reg 0.1365079849568847
08-Aug-26 16:01:32 - Epoch 19, Model Loss -1.4691080828897314, View Loss -2.39285124984442, Reg 0.13339674657855938
08-Aug-26 16:02:31 - Epoch 20, Model Loss -1.4716379003587112, View Loss -2.353103584713406, Reg 0.13555166466173782
08-Aug-26 16:02:37 - Epoch 20: Train_acc 0.7630718954248366 Val_acc 0.6274509803921569 Test_acc 0.581151832460733 Test_auc 0.6252747252747253
08-Aug-26 16:03:36 - Epoch 21, Model Loss -1.4615716061560937, View Loss -2.3445443857729047, Reg 0.13590079935547572
08-Aug-26 16:04:35 - Epoch 22, Model Loss -1.479821815989376, View Loss -2.368427987192191, Reg 0.13591189789616204
08-Aug-26 16:05:33 - Epoch 23, Model Loss -1.4630786796021307, View Loss -2.2810666202719694, Reg 0.13545945914937
08-Aug-26 16:06:32 - Epoch 24, Model Loss -1.4671422079497694, View Loss -2.3032109067330953, Reg 0.13478801418948017
08-Aug-26 16:07:31 - Epoch 25, Model Loss -1.4853722815420114, View Loss -2.317703399782866, Reg 0.13520509267554565
08-Aug-26 16:07:38 - Epoch 25: Train_acc 0.7712418300653595 Val_acc 0.6274509803921569 Test_acc 0.5863874345549738 Test_auc 0.6247252747252747
08-Aug-26 16:08:36 - Epoch 26, Model Loss -1.484833044164321, View Loss -2.2935299125372195, Reg 0.1349355658284979
08-Aug-26 16:09:34 - Epoch 27, Model Loss -1.487056713478238, View Loss -2.293629216212852, Reg 0.1377999482591168
08-Aug-26 16:10:33 - Epoch 28, Model Loss -1.4816235342836068, View Loss -2.289037953794392, Reg 0.13170740081399096
08-Aug-26 16:11:31 - Epoch 29, Model Loss -1.4749130205391279, View Loss -2.2597838414260765, Reg 0.13560585570491218
08-Aug-26 16:12:30 - Epoch 30, Model Loss -1.4618417079152624, View Loss -2.1067804760403104, Reg 0.13514774765064513
08-Aug-26 16:12:42 - Epoch 30: Train_acc 0.7728758169934641 Val_acc 0.5947712418300654 Test_acc 0.5916230366492147 Test_auc 0.6262637362637363
08-Aug-26 16:13:40 - Epoch 31, Model Loss -1.4832367304882972, View Loss -2.292251643012552, Reg 0.1346459807523715
08-Aug-26 16:14:39 - Epoch 32, Model Loss -1.4595733810873592, View Loss -2.160046954560124, Reg 0.13708744826270083
08-Aug-26 16:15:37 - Epoch 33, Model Loss -1.4699578783870522, View Loss -2.174514231339, Reg 0.13544109020552603
08-Aug-26 16:16:36 - Epoch 34, Model Loss -1.4898637166989395, View Loss -2.2726145226970997, Reg 0.13499434662410636
08-Aug-26 16:17:34 - Epoch 35, Model Loss -1.4977366628210529, View Loss -2.279422791175593, Reg 0.136966394930104
08-Aug-26 16:17:48 - Epoch 35: Train_acc 0.7679738562091504 Val_acc 0.6078431372549019 Test_acc 0.5602094240837696 Test_auc 0.625934065934066
08-Aug-26 16:18:46 - Epoch 36, Model Loss -1.4964933270722434, View Loss -2.247285041933745, Reg 0.13512171113413143
08-Aug-26 16:19:45 - Epoch 37, Model Loss -1.4989787581699345, View Loss -2.220032233817905, Reg 0.13464018965468688
08-Aug-26 16:20:44 - Epoch 38, Model Loss -1.492671863705504, View Loss -2.29094807930242, Reg 0.13469454563326305
08-Aug-26 16:21:42 - Epoch 39, Model Loss -1.482534396103005, View Loss -2.157918160257776, Reg 0.1356453133953942
08-Aug-26 16:22:41 - Epoch 40, Model Loss -1.4855917201322668, View Loss -2.1178025544858445, Reg 0.13688136325552572
08-Aug-26 16:22:46 - Epoch 40: Train_acc 0.761437908496732 Val_acc 0.6143790849673203 Test_acc 0.5602094240837696 Test_auc 0.6187912087912089
08-Aug-26 16:23:45 - Epoch 41, Model Loss -1.4810715376162062, View Loss -2.0857420435138776, Reg 0.13568703099793078
08-Aug-26 16:24:43 - Epoch 42, Model Loss -1.4807124730029138, View Loss -2.1058578397713457, Reg 0.1344907245312641
08-Aug-26 16:25:41 - Epoch 43, Model Loss -1.481423175412845, View Loss -2.0931687697865606, Reg 0.13464799523353577
