09-Aug-26 07:08:31 - Using Device: cuda
09-Aug-26 07:08:31 - Seed: 123, Fold: 2, ComBat: False
09-Aug-26 07:08:31 - Namespace(fold=2, combat=False, num_dyn_windows=3, model_lr=0.0005, view_lr=0.0005, num_gc_layers=2, pooling_type='standard', emb_dim=256, vib_hidden_dim=400, batch_size=256, drop_ratio=0.3, epochs=300, kld_lambda=0.003, reg_lambda=0.2, gamma_mode='paper_literal', node_feature_mode='alff_pcc', mij_source='alff', template=90, eval_interval=5, downstream_classifier='linear', ce_lambda=2.0, seed=123)
09-Aug-26 07:08:31 - Loading raw subject data...
09-Aug-26 07:10:33 - Loaded 956 subjects (455 ASD, 501 NC)
09-Aug-26 07:10:33 - alff_pcc scale stats (train_val_idx only): alff=[-3.3140,5.6307] pcc=[-0.7600,1.0000]
09-Aug-26 07:10:33 - Train/Val/Test sizes: 612/153/191
09-Aug-26 07:11:35 - Epoch 1, Model Loss 2.6266575186860326, View Loss -8.392709171070772, Reg 0.47629094630285024
09-Aug-26 07:12:36 - Epoch 2, Model Loss 1.592712702704411, View Loss -7.744481844060561, Reg 0.39419423150860405
09-Aug-26 07:13:36 - Epoch 3, Model Loss 1.2788275729597005, View Loss -5.897332179000954, Reg 0.3967061925168131
09-Aug-26 07:14:36 - Epoch 4, Model Loss 1.1605351688035952, View Loss -3.104769114575355, Reg 0.45159660367404714
09-Aug-26 07:15:35 - Epoch 5, Model Loss 0.965335395795847, View Loss -2.413583125943452, Reg 0.4289581861371308
09-Aug-26 07:15:51 - Epoch 5: Train_acc 0.7222222222222222 Val_acc 0.6209150326797386 Test_acc 0.5916230366492147 Test_auc 0.6117582417582417
09-Aug-26 07:16:50 - Epoch 6, Model Loss 1.00760630532807, View Loss -2.3577118886062522, Reg 0.42885472903064653
09-Aug-26 07:17:50 - Epoch 7, Model Loss 0.9465392791952183, View Loss -2.104466033137702, Reg 0.4318503324502434
09-Aug-26 07:18:49 - Epoch 8, Model Loss 0.8917372972260114, View Loss -3.017862132951325, Reg 0.4316264983096154
09-Aug-26 07:19:49 - Epoch 9, Model Loss 0.8783154449626511, View Loss -3.3103449110891305, Reg 0.42091726458150575
09-Aug-26 07:20:48 - Epoch 10, Model Loss 0.8420529745677425, View Loss -3.4073151170817857, Reg 0.42281928970143684
09-Aug-26 07:21:00 - Epoch 10: Train_acc 0.7908496732026143 Val_acc 0.6013071895424836 Test_acc 0.5706806282722513 Test_auc 0.5810989010989012
09-Aug-26 07:22:00 - Epoch 11, Model Loss 0.8701142545521648, View Loss -3.258425575455809, Reg 0.42510045665541507
09-Aug-26 07:22:59 - Epoch 12, Model Loss 0.9184791118490929, View Loss -3.1809799593258528, Reg 0.439198331700431
09-Aug-26 07:23:58 - Epoch 13, Model Loss 1.2222979392101563, View Loss -3.058474476820503, Reg 0.48378872793484357
09-Aug-26 07:24:57 - Epoch 14, Model Loss 2.498914341521419, View Loss -2.753151927898133, Reg 0.566111733321271
09-Aug-26 07:25:57 - Epoch 15, Model Loss 4.305243242799846, View Loss -1.9360792886197957, Reg 0.532892536104115
/users/3171356m/miniconda3/envs/grastiacl/lib/python3.12/site-packages/joblib/externals/loky/process_executor.py:782: UserWarning: A worker stopped while some jobs were given to the executor. This can be caused by a too short worker timeout or by a memory leak.
  warnings.warn(
09-Aug-26 07:26:10 - Epoch 15: Train_acc 0.7679738562091504 Val_acc 0.6143790849673203 Test_acc 0.5916230366492147 Test_auc 0.6084615384615384
09-Aug-26 07:27:10 - Epoch 16, Model Loss 4.4640565386005475, View Loss -0.9041238844005111, Reg 0.4092624888700597
09-Aug-26 07:28:09 - Epoch 17, Model Loss 5.090883298637041, View Loss 0.026936117340536678, Reg 0.5072444835129906
09-Aug-26 07:29:09 - Epoch 18, Model Loss 4.967391222910164, View Loss 0.5435403920466604, Reg 0.40158963300823386
09-Aug-26 07:30:08 - Epoch 19, Model Loss 4.7508723190407345, View Loss 0.8794961980744904, Reg 0.43347437085669027
09-Aug-26 07:31:07 - Epoch 20, Model Loss 5.0936828501084275, View Loss 1.088092858495276, Reg 0.4408829140117745
/users/3171356m/miniconda3/envs/grastiacl/lib/python3.12/site-packages/joblib/externals/loky/process_executor.py:782: UserWarning: A worker stopped while some jobs were given to the executor. This can be caused by a too short worker timeout or by a memory leak.
  warnings.warn(
09-Aug-26 07:31:17 - Epoch 20: Train_acc 0.7647058823529411 Val_acc 0.6274509803921569 Test_acc 0.643979057591623 Test_auc 0.6634065934065934
09-Aug-26 07:32:16 - Epoch 21, Model Loss 5.148917248046476, View Loss 0.9549271218916949, Reg 0.41351370094648376
09-Aug-26 07:33:15 - Epoch 22, Model Loss 4.887881868025836, View Loss 0.9957685712116217, Reg 0.4332561374100205
09-Aug-26 07:34:14 - Epoch 23, Model Loss 4.863789190653882, View Loss 1.0547282742519004, Reg 0.43968699044651455
09-Aug-26 07:35:14 - Epoch 24, Model Loss 5.202296640358719, View Loss 0.8280220842049792, Reg 0.4108635148191764
09-Aug-26 07:36:14 - Epoch 25, Model Loss 4.9301374192331355, View Loss 0.7065096836464078, Reg 0.42721891520070093
09-Aug-26 07:36:25 - Epoch 25: Train_acc 0.7565359477124183 Val_acc 0.5947712418300654 Test_acc 0.5654450261780105 Test_auc 0.5914285714285715
09-Aug-26 07:37:24 - Epoch 26, Model Loss 4.232264723653108, View Loss 0.8012475141512803, Reg 0.45057859529856764
09-Aug-26 07:38:23 - Epoch 27, Model Loss 1.7710746651381448, View Loss 1.2685030698776245, Reg 0.45240358647957346
09-Aug-26 07:39:24 - Epoch 28, Model Loss 1.522821500118262, View Loss 1.6175510895018483, Reg 0.4410575521148108
09-Aug-26 07:40:24 - Epoch 29, Model Loss 1.084266779664295, View Loss 1.7987821974785498, Reg 0.40550460125885757
09-Aug-26 07:41:23 - Epoch 30, Model Loss 0.9359284860441108, View Loss 2.044372190057842, Reg 0.3976635650482053
09-Aug-26 07:41:35 - Epoch 30: Train_acc 0.7483660130718954 Val_acc 0.5816993464052288 Test_acc 0.5863874345549738 Test_auc 0.6292307692307693
09-Aug-26 07:42:34 - Epoch 31, Model Loss 0.9667191409986783, View Loss 2.1391965337828096, Reg 0.436384376162797
09-Aug-26 07:43:34 - Epoch 32, Model Loss 0.9647994922851425, View Loss 2.214169720419092, Reg 0.46420153215819715
09-Aug-26 07:44:34 - Epoch 33, Model Loss 0.9531213117191215, View Loss 2.2909101824355282, Reg 0.44789129573535297
09-Aug-26 07:45:34 - Epoch 34, Model Loss 0.8635720332560975, View Loss 2.3129929748235964, Reg 0.41850864848280267
09-Aug-26 07:46:33 - Epoch 35, Model Loss 0.863697544422025, View Loss 2.3547223440182754, Reg 0.41677603339837266
/users/3171356m/miniconda3/envs/grastiacl/lib/python3.12/site-packages/joblib/externals/loky/process_executor.py:782: UserWarning: A worker stopped while some jobs were given to the executor. This can be caused by a too short worker timeout or by a memory leak.
  warnings.warn(
09-Aug-26 07:46:43 - Epoch 35: Train_acc 0.7549019607843137 Val_acc 0.6339869281045751 Test_acc 0.5706806282722513 Test_auc 0.6303296703296704
09-Aug-26 07:47:42 - Epoch 36, Model Loss 0.8298450480002204, View Loss 2.3933612318599926, Reg 0.43635115046906314
09-Aug-26 07:48:42 - Epoch 37, Model Loss 0.7933692390744398, View Loss 2.4174887697681102, Reg 0.4452148311667972
09-Aug-26 07:49:42 - Epoch 38, Model Loss 0.7813246557428166, View Loss 2.4531241647558275, Reg 0.43425172002486934
09-Aug-26 07:50:41 - Epoch 39, Model Loss 0.7924407045189534, View Loss 2.4764585853402132, Reg 0.4219436068940007
09-Aug-26 07:51:41 - Epoch 40, Model Loss 0.7921182542820188, View Loss 2.496223508922103, Reg 0.4234478335364971
09-Aug-26 07:51:48 - Epoch 40: Train_acc 0.8186274509803921 Val_acc 0.5947712418300654 Test_acc 0.612565445026178 Test_auc 0.6134065934065934
09-Aug-26 07:52:46 - Epoch 41, Model Loss 0.7849698817126112, View Loss 2.5104654879351846, Reg 0.4296242210989684
09-Aug-26 07:53:46 - Epoch 42, Model Loss 0.7652694535459957, View Loss 2.5052275829065858, Reg 0.4318852025309419
09-Aug-26 07:54:45 - Epoch 43, Model Loss 0.7704164422318047, View Loss 2.477272149004967, Reg 0.42987559570206535
09-Aug-26 07:55:45 - Epoch 44, Model Loss 0.7704238991916569, View Loss 2.4081577693714813, Reg 0.42805393478449655
09-Aug-26 07:56:44 - Epoch 45, Model Loss 0.7320250836657543, View Loss 2.266362813563129, Reg 0.4287741519267263
/users/3171356m/miniconda3/envs/grastiacl/lib/python3.12/site-packages/joblib/externals/loky/process_executor.py:782: UserWarning: A worker stopped while some jobs were given to the executor. This can be caused by a too short worker timeout or by a memory leak.
  warnings.warn(
09-Aug-26 07:56:55 - Epoch 45: Train_acc 0.7794117647058824 Val_acc 0.6013071895424836 Test_acc 0.5654450261780105 Test_auc 0.5827472527472527
09-Aug-26 07:57:55 - Epoch 46, Model Loss 0.7408943412935033, View Loss 2.0177393053092207, Reg 0.43086228105756974
09-Aug-26 07:58:54 - Epoch 47, Model Loss 0.7295905625313716, View Loss 1.6440609705214406, Reg 0.4332780125094395
09-Aug-26 07:59:54 - Epoch 48, Model Loss 0.7249879407288592, View Loss 1.1423929549899756, Reg 0.43483950850231196
09-Aug-26 08:00:53 - Epoch 49, Model Loss 0.7207104531573314, View Loss 0.5597695517384149, Reg 0.4356151129685196
09-Aug-26 08:01:53 - Epoch 50, Model Loss 0.7401746789516966, View Loss -0.0793893048965853, Reg 0.43178818525831686
/users/3171356m/miniconda3/envs/grastiacl/lib/python3.12/site-packages/joblib/externals/loky/process_executor.py:782: UserWarning: A worker stopped while some jobs were given to the executor. This can be caused by a too short worker timeout or by a memory leak.
  warnings.warn(
09-Aug-26 08:02:08 - Epoch 50: Train_acc 0.7156862745098039 Val_acc 0.6274509803921569 Test_acc 0.5549738219895288 Test_auc 0.5687912087912087
09-Aug-26 08:03:06 - Epoch 51, Model Loss 0.7275541426699146, View Loss -0.6354026615230086, Reg 0.42887116783584645
09-Aug-26 08:04:05 - Epoch 52, Model Loss 0.7294265846508781, View Loss -1.0676941139246123, Reg 0.4254361061878454
09-Aug-26 08:05:05 - Epoch 53, Model Loss 0.7462747564259308, View Loss -1.3787504847532783, Reg 0.42608358676916636
09-Aug-26 08:06:04 - Epoch 54, Model Loss 0.7636494399383177, View Loss -1.5694592497707192, Reg 0.4206572737958696
09-Aug-26 08:07:04 - Epoch 55, Model Loss 0.7975884712197714, View Loss -1.6743417409510395, Reg 0.4290372291032006
/users/3171356m/miniconda3/envs/grastiacl/lib/python3.12/site-packages/joblib/externals/loky/process_executor.py:782: UserWarning: A worker stopped while some jobs were given to the executor. This can be caused by a too short worker timeout or by a memory leak.
  warnings.warn(
09-Aug-26 08:07:13 - Epoch 55: Train_acc 0.7238562091503268 Val_acc 0.6470588235294118 Test_acc 0.5549738219895288 Test_auc 0.5859340659340659
09-Aug-26 08:08:13 - Epoch 56, Model Loss 0.8477682468292662, View Loss -1.717364278494143, Reg 0.4363700763072843
09-Aug-26 08:09:13 - Epoch 57, Model Loss 0.937674427344129, View Loss -1.7205092688791113, Reg 0.45906005692637825
09-Aug-26 08:10:13 - Epoch 58, Model Loss 1.143110404996311, View Loss -1.6964025731180228, Reg 0.49995526768802817
09-Aug-26 08:11:12 - Epoch 59, Model Loss 1.556349515914917, View Loss -1.6769071981018664, Reg 0.5542220142152574
09-Aug-26 08:12:12 - Epoch 60, Model Loss 1.7836767871395436, View Loss -1.7410682806002549, Reg 0.6114725186154734
/users/3171356m/miniconda3/envs/grastiacl/lib/python3.12/site-packages/joblib/externals/loky/process_executor.py:782: UserWarning: A worker stopped while some jobs were given to the executor. This can be caused by a too short worker timeout or by a memory leak.
  warnings.warn(
09-Aug-26 08:12:30 - Epoch 60: Train_acc 0.7712418300653595 Val_acc 0.5555555555555556 Test_acc 0.581151832460733 Test_auc 0.6009890109890109
09-Aug-26 08:13:28 - Epoch 61, Model Loss 1.8654359236262203, View Loss -1.7025792349397746, Reg 0.5567095026471256
09-Aug-26 08:14:27 - Epoch 62, Model Loss 2.8851760945288962, View Loss -1.4838870537826439, Reg 0.5627740956599416
09-Aug-26 08:15:26 - Epoch 63, Model Loss 2.415926833557927, View Loss -1.0315329880496256, Reg 0.4843012238639632
09-Aug-26 08:16:26 - Epoch 64, Model Loss 1.5357614630967185, View Loss -1.1030987025865542, Reg 0.4659266594578238
09-Aug-26 08:17:26 - Epoch 65, Model Loss 2.370113681344425, View Loss -1.2572803497314453, Reg 0.5001359652070438
/users/3171356m/miniconda3/envs/grastiacl/lib/python3.12/site-packages/joblib/externals/loky/process_executor.py:782: UserWarning: A worker stopped while some jobs were given to the executor. This can be caused by a too short worker timeout or by a memory leak.
  warnings.warn(
09-Aug-26 08:17:43 - Epoch 65: Train_acc 0.704248366013072 Val_acc 0.5947712418300654 Test_acc 0.5968586387434555 Test_auc 0.5963736263736263
09-Aug-26 08:18:42 - Epoch 66, Model Loss 4.413762712790296, View Loss 0.0431846832138261, Reg 0.4896394984394896
09-Aug-26 08:19:41 - Epoch 67, Model Loss 3.9955981447805766, View Loss 1.2168076751278896, Reg 0.43271487444833995
09-Aug-26 08:20:40 - Epoch 68, Model Loss 4.497623814476861, View Loss 1.4406666007696414, Reg 0.4692973334804859
09-Aug-26 08:21:40 - Epoch 69, Model Loss 5.257724444071452, View Loss 2.1697097416796716, Reg 0.47272590776674106
09-Aug-26 08:22:39 - Epoch 70, Model Loss 5.051676987043393, View Loss 1.8474665303635442, Reg 0.4235815896707423
/users/3171356m/miniconda3/envs/grastiacl/lib/python3.12/site-packages/joblib/externals/loky/process_executor.py:782: UserWarning: A worker stopped while some jobs were given to the executor. This can be caused by a too short worker timeout or by a memory leak.
  warnings.warn(
09-Aug-26 08:22:52 - Epoch 70: Train_acc 0.7728758169934641 Val_acc 0.6209150326797386 Test_acc 0.5916230366492147 Test_auc 0.5987912087912088
09-Aug-26 08:23:51 - Epoch 71, Model Loss 1.770456661196316, View Loss 2.1041570886287815, Reg 0.4365413915487676
09-Aug-26 08:24:51 - Epoch 72, Model Loss 1.1467699453332065, View Loss 2.243871900770399, Reg 0.4749854456365498
09-Aug-26 08:25:50 - Epoch 73, Model Loss 1.0001306986691905, View Loss 2.106564267788058, Reg 0.4576462142997318
09-Aug-26 08:26:50 - Epoch 74, Model Loss 0.8720803712707719, View Loss 2.3337300065296147, Reg 0.4217711151425355
09-Aug-26 08:27:49 - Epoch 75, Model Loss 0.9326165690044173, View Loss 2.572262617497662, Reg 0.42821644061531117
/users/3171356m/miniconda3/envs/grastiacl/lib/python3.12/site-packages/joblib/externals/loky/process_executor.py:782: UserWarning: A worker stopped while some jobs were given to the executor. This can be caused by a too short worker timeout or by a memory leak.
  warnings.warn(
09-Aug-26 08:28:00 - Epoch 75: Train_acc 0.7712418300653595 Val_acc 0.5947712418300654 Test_acc 0.6178010471204188 Test_auc 0.6342857142857142
09-Aug-26 08:28:59 - Epoch 76, Model Loss 0.8248489520822962, View Loss 2.6265780621883916, Reg 0.450876371533263
09-Aug-26 08:29:59 - Epoch 77, Model Loss 0.8301465555635932, View Loss 2.713062998516108, Reg 0.45437410454344906
09-Aug-26 08:30:58 - Epoch 78, Model Loss 0.843798632666566, View Loss 2.7600692939134985, Reg 0.4402071003820382
09-Aug-26 08:31:57 - Epoch 79, Model Loss 0.7892962519834245, View Loss 2.781207901200438, Reg 0.42776163555438224
09-Aug-26 08:32:56 - Epoch 80, Model Loss 0.7674875957343508, View Loss 2.7990055364720963, Reg 0.4273712362339294
/users/3171356m/miniconda3/envs/grastiacl/lib/python3.12/site-packages/joblib/externals/loky/process_executor.py:782: UserWarning: A worker stopped while some jobs were given to the executor. This can be caused by a too short worker timeout or by a memory leak.
  warnings.warn(
09-Aug-26 08:33:03 - Epoch 80: Train_acc 0.8186274509803921 Val_acc 0.5751633986928104 Test_acc 0.6020942408376964 Test_auc 0.6431868131868131
09-Aug-26 08:34:02 - Epoch 81, Model Loss 0.7850780179602356, View Loss 2.8328468425601137, Reg 0.43909355627945046
09-Aug-26 08:35:02 - Epoch 82, Model Loss 0.7509525421180525, View Loss 2.842278773488562, Reg 0.4457004263120539
09-Aug-26 08:36:01 - Epoch 83, Model Loss 0.7700903229171934, View Loss 2.8582390196183147, Reg 0.4427143773611854
09-Aug-26 08:37:01 - Epoch 84, Model Loss 0.7398429851905972, View Loss 2.863878206489912, Reg 0.43470694835669077
09-Aug-26 08:38:00 - Epoch 85, Model Loss 0.7537705709342084, View Loss 2.857426808550467, Reg 0.4306122699594186
/users/3171356m/miniconda3/envs/grastiacl/lib/python3.12/site-packages/joblib/externals/loky/process_executor.py:782: UserWarning: A worker stopped while some jobs were given to the executor. This can be caused by a too short worker timeout or by a memory leak.
  warnings.warn(
09-Aug-26 08:38:10 - Epoch 85: Train_acc 0.8088235294117647 Val_acc 0.5816993464052288 Test_acc 0.5706806282722513 Test_auc 0.6204395604395604
09-Aug-26 08:39:09 - Epoch 86, Model Loss 0.7379651711949335, View Loss 2.8373306218315575, Reg 0.4322231008726008
09-Aug-26 08:40:08 - Epoch 87, Model Loss 0.7339983405727967, View Loss 2.7858575333177655, Reg 0.4369860529120452
09-Aug-26 08:41:07 - Epoch 88, Model Loss 0.7317836536885867, View Loss 2.7155445603763355, Reg 0.4383673264699824
09-Aug-26 08:42:06 - Epoch 89, Model Loss 0.7254022176748787, View Loss 2.589243331765817, Reg 0.4383532699027093
09-Aug-26 08:43:06 - Epoch 90, Model Loss 0.723910479520271, View Loss 2.3773599668265946, Reg 0.43551069205882503
09-Aug-26 08:43:16 - Epoch 90: Train_acc 0.7810457516339869 Val_acc 0.6470588235294118 Test_acc 0.612565445026178 Test_auc 0.6202197802197802
09-Aug-26 08:44:15 - Epoch 91, Model Loss 0.7176230113490735, View Loss 2.073498438386356, Reg 0.4343392352263133
09-Aug-26 08:45:15 - Epoch 92, Model Loss 0.6983217261975108, View Loss 1.6711326837539673, Reg 0.4350601296409283
09-Aug-26 08:46:14 - Epoch 93, Model Loss 0.7074695693122016, View Loss 1.194583564801933, Reg 0.43636491797328775
09-Aug-26 08:47:14 - Epoch 94, Model Loss 0.6994427235103121, View Loss 0.667946051927953, Reg 0.4360967934910768
09-Aug-26 08:48:14 - Epoch 95, Model Loss 0.7008276036362243, View Loss 0.15838593712040022, Reg 0.43313728730662976
09-Aug-26 08:48:27 - Epoch 95: Train_acc 0.8513071895424836 Val_acc 0.5359477124183006 Test_acc 0.6073298429319371 Test_auc 0.6268131868131869
09-Aug-26 08:49:26 - Epoch 96, Model Loss 0.7024528525428835, View Loss -0.29639989799923366, Reg 0.4296138495012046
09-Aug-26 08:50:26 - Epoch 97, Model Loss 0.7171309612740099, View Loss -0.6906445696462993, Reg 0.42416709778355616
09-Aug-26 08:51:26 - Epoch 98, Model Loss 0.6982167832602083, View Loss -1.0056499905056424, Reg 0.41985300923484603
09-Aug-26 08:52:26 - Epoch 99, Model Loss 0.6841756119544989, View Loss -1.230869664086236, Reg 0.4179461964594772
09-Aug-26 08:53:25 - Epoch 100, Model Loss 0.6953005109931908, View Loss -1.3892003788667566, Reg 0.4170723052975399
/users/3171356m/miniconda3/envs/grastiacl/lib/python3.12/site-packages/joblib/externals/loky/process_executor.py:782: UserWarning: A worker stopped while some jobs were given to the executor. This can be caused by a too short worker timeout or by a memory leak.
  warnings.warn(
09-Aug-26 08:53:41 - Epoch 100: Train_acc 0.7238562091503268 Val_acc 0.6013071895424836 Test_acc 0.5968586387434555 Test_auc 0.6110989010989012
09-Aug-26 08:54:40 - Epoch 101, Model Loss 0.6947393426123787, View Loss -1.4912913235184413, Reg 0.41458796071850396
09-Aug-26 08:55:40 - Epoch 102, Model Loss 0.6799463877101349, View Loss -1.556858344794878, Reg 0.4161180474010168
09-Aug-26 08:56:40 - Epoch 103, Model Loss 0.7021225203875623, View Loss -1.5766556418799107, Reg 0.41484227834963333
09-Aug-26 08:57:40 - Epoch 104, Model Loss 0.6876832507794199, View Loss -1.593393776151869, Reg 0.41374392252342373
09-Aug-26 08:58:40 - Epoch 105, Model Loss 0.6900995332820743, View Loss -1.5942730888042576, Reg 0.41604191629715215
/users/3171356m/miniconda3/envs/grastiacl/lib/python3.12/site-packages/joblib/externals/loky/process_executor.py:782: UserWarning: A worker stopped while some jobs were given to the executor. This can be caused by a too short worker timeout or by a memory leak.
  warnings.warn(
09-Aug-26 08:58:54 - Epoch 105: Train_acc 0.7287581699346405 Val_acc 0.6013071895424836 Test_acc 0.6178010471204188 Test_auc 0.6167032967032966
09-Aug-26 08:59:53 - Epoch 106, Model Loss 0.6810272129532559, View Loss -1.5970576510709875, Reg 0.4140147903775857
09-Aug-26 09:00:53 - Epoch 107, Model Loss 0.6983849976966584, View Loss -1.5946873964047898, Reg 0.41348498300010084
09-Aug-26 09:01:52 - Epoch 108, Model Loss 0.6905081998678594, View Loss -1.5920413662405575, Reg 0.4152223787276573
09-Aug-26 09:02:52 - Epoch 109, Model Loss 0.6944985253358978, View Loss -1.601132261986826, Reg 0.41330862668604634
09-Aug-26 09:03:51 - Epoch 110, Model Loss 0.7036752371616612, View Loss -1.5905953076929829, Reg 0.4145900794104034
09-Aug-26 09:04:02 - Epoch 110: Train_acc 0.7320261437908496 Val_acc 0.6013071895424836 Test_acc 0.6230366492146597 Test_auc 0.6185714285714285
09-Aug-26 09:05:02 - Epoch 111, Model Loss 0.6946676301410775, View Loss -1.5884626238953834, Reg 0.4148616759605657
09-Aug-26 09:06:02 - Epoch 112, Model Loss 0.6799826816795698, View Loss -1.5913239117541345, Reg 0.41055477853693995
09-Aug-26 09:07:01 - Epoch 113, Model Loss 0.6961628343739541, View Loss -1.588551926457025, Reg 0.41608839681725096
09-Aug-26 09:07:59 - Epoch 114, Model Loss 0.6820338915765675, View Loss -1.5893966886732314, Reg 0.41283076904178445
09-Aug-26 09:08:59 - Epoch 115, Model Loss 0.6936832791060404, View Loss -1.5843924837174759, Reg 0.4126712831796384
09-Aug-26 09:09:18 - Epoch 115: Train_acc 0.7924836601307189 Val_acc 0.5882352941176471 Test_acc 0.6073298429319371 Test_auc 0.613076923076923
09-Aug-26 09:10:18 - Epoch 116, Model Loss 0.6845135186232773, View Loss -1.5939503853617152, Reg 0.4168052022753198
09-Aug-26 09:11:17 - Epoch 117, Model Loss 0.6758710855946821, View Loss -1.5909994474423477, Reg 0.41205672871053606
09-Aug-26 09:12:16 - Epoch 118, Model Loss 0.6958934925253095, View Loss -1.5794024171392902, Reg 0.41372991114660024
09-Aug-26 09:13:15 - Epoch 119, Model Loss 0.6849746916418761, View Loss -1.5718443736531376, Reg 0.4145503848596336
09-Aug-26 09:14:14 - Epoch 120, Model Loss 0.6796973400256213, View Loss -1.574852641111885, Reg 0.4140116732104931
/users/3171356m/miniconda3/envs/grastiacl/lib/python3.12/site-packages/joblib/externals/loky/process_executor.py:782: UserWarning: A worker stopped while some jobs were given to the executor. This can be caused by a too short worker timeout or by a memory leak.
  warnings.warn(
09-Aug-26 09:14:29 - Epoch 120: Train_acc 0.7336601307189542 Val_acc 0.6274509803921569 Test_acc 0.6178010471204188 Test_auc 0.6186813186813186
09-Aug-26 09:15:28 - Epoch 121, Model Loss 0.6797741398312687, View Loss -1.574857018352334, Reg 0.4155304299460517
09-Aug-26 09:16:28 - Epoch 122, Model Loss 0.6922774496031743, View Loss -1.571472682204901, Reg 0.41634998095580955
09-Aug-26 09:17:27 - Epoch 123, Model Loss 0.6855110718923456, View Loss -1.5787785614238066, Reg 0.414292646584168
09-Aug-26 09:18:26 - Epoch 124, Model Loss 0.6871420692384632, View Loss -1.5692101366379683, Reg 0.41595977447391336
09-Aug-26 09:19:25 - Epoch 125, Model Loss 0.6901340889774896, View Loss -1.5687912102618249, Reg 0.4199170472185596
/users/3171356m/miniconda3/envs/grastiacl/lib/python3.12/site-packages/joblib/externals/loky/process_executor.py:782: UserWarning: A worker stopped while some jobs were given to the executor. This can be caused by a too short worker timeout or by a memory leak.
  warnings.warn(
09-Aug-26 09:19:35 - Epoch 125: Train_acc 0.7336601307189542 Val_acc 0.6143790849673203 Test_acc 0.6230366492146597 Test_auc 0.6183516483516484
09-Aug-26 09:20:34 - Epoch 126, Model Loss 0.6887394756663079, View Loss -1.5629642430473776, Reg 0.4162306808957867
09-Aug-26 09:21:33 - Epoch 127, Model Loss 0.6916105930322136, View Loss -1.5773245322158913, Reg 0.41947446792733434
09-Aug-26 09:22:32 - Epoch 128, Model Loss 0.6947888588788462, View Loss -1.565338164373161, Reg 0.4224260087106742
09-Aug-26 09:23:31 - Epoch 129, Model Loss 0.7219709806095541, View Loss -1.5680673979466258, Reg 0.41843681592567294
09-Aug-26 09:24:30 - Epoch 130, Model Loss 0.7218179651140387, View Loss -1.5581911436093399, Reg 0.42633012092970557
09-Aug-26 09:24:40 - Epoch 130: Train_acc 0.7303921568627451 Val_acc 0.6078431372549019 Test_acc 0.6230366492146597 Test_auc 0.6176923076923078
09-Aug-26 09:25:40 - Epoch 131, Model Loss 0.7236107109126702, View Loss -1.5502484031752044, Reg 0.42944226487010134
09-Aug-26 09:26:39 - Epoch 132, Model Loss 0.7322016631076539, View Loss -1.5561683707767062, Reg 0.42417391024383844
09-Aug-26 09:27:38 - Epoch 133, Model Loss 0.7421927167699228, View Loss -1.5585486452563915, Reg 0.436933901769663
09-Aug-26 09:28:37 - Epoch 134, Model Loss 0.7687652338466613, View Loss -1.5472265458574481, Reg 0.4379623438797745
09-Aug-26 09:29:36 - Epoch 135, Model Loss 0.7925565508148614, View Loss -1.5479628619025736, Reg 0.4378902189482271
/users/3171356m/miniconda3/envs/grastiacl/lib/python3.12/site-packages/joblib/externals/loky/process_executor.py:782: UserWarning: A worker stopped while some jobs were given to the executor. This can be caused by a too short worker timeout or by a memory leak.
  warnings.warn(
09-Aug-26 09:29:51 - Epoch 135: Train_acc 0.7320261437908496 Val_acc 0.6209150326797386 Test_acc 0.6178010471204188 Test_auc 0.6185714285714284
09-Aug-26 09:30:50 - Epoch 136, Model Loss 0.819997464422307, View Loss -1.547224755380668, Reg 0.45334936824499394
09-Aug-26 09:31:49 - Epoch 137, Model Loss 0.8528202381593729, View Loss -1.5411367151472304, Reg 0.45524168014526367
09-Aug-26 09:32:48 - Epoch 138, Model Loss 0.8700080044518889, View Loss -1.5431390899458741, Reg 0.46168653579319224
09-Aug-26 09:33:47 - Epoch 139, Model Loss 0.8982086890663197, View Loss -1.544818762860267, Reg 0.4734961906679315
09-Aug-26 09:34:47 - Epoch 140, Model Loss 0.9359154523003335, View Loss -1.554368762408986, Reg 0.4793065015007468
/users/3171356m/miniconda3/envs/grastiacl/lib/python3.12/site-packages/joblib/externals/loky/process_executor.py:782: UserWarning: A worker stopped while some jobs were given to the executor. This can be caused by a too short worker timeout or by a memory leak.
  warnings.warn(
09-Aug-26 09:34:57 - Epoch 140: Train_acc 0.7320261437908496 Val_acc 0.6339869281045751 Test_acc 0.6335078534031413 Test_auc 0.6146153846153846
09-Aug-26 09:35:56 - Epoch 141, Model Loss 0.946538627342461, View Loss -1.5602557160495933, Reg 0.4816224093920265
09-Aug-26 09:36:55 - Epoch 142, Model Loss 0.9993398075594622, View Loss -1.5655321202246972, Reg 0.49388633717119307
09-Aug-26 09:37:54 - Epoch 143, Model Loss 0.9811628470136449, View Loss -1.5631802378137127, Reg 0.49467919211761624
09-Aug-26 09:38:53 - Epoch 144, Model Loss 0.9392726261631336, View Loss -1.5768330050449746, Reg 0.4784082526864569
09-Aug-26 09:39:52 - Epoch 145, Model Loss 0.909553433993673, View Loss -1.5745047182818643, Reg 0.47560574708421244
09-Aug-26 09:40:06 - Epoch 145: Train_acc 0.7777777777777778 Val_acc 0.5882352941176471 Test_acc 0.6020942408376964 Test_auc 0.6073626373626375
09-Aug-26 09:41:06 - Epoch 146, Model Loss 0.8607328749365277, View Loss -1.5683816211675508, Reg 0.4708891458371106
09-Aug-26 09:42:05 - Epoch 147, Model Loss 0.8098331323879606, View Loss -1.5600648284737582, Reg 0.4514874038743038
09-Aug-26 09:43:04 - Epoch 148, Model Loss 0.7737724412890041, View Loss -1.5628321466882245, Reg 0.4443826207927629
09-Aug-26 09:44:04 - Epoch 149, Model Loss 0.7459845497863355, View Loss -1.5602789034251294, Reg 0.4414665480844336
09-Aug-26 09:45:03 - Epoch 150, Model Loss 0.7200528465552267, View Loss -1.5516671542248694, Reg 0.4313201910140468
09-Aug-26 09:45:14 - Epoch 150: Train_acc 0.7271241830065359 Val_acc 0.6209150326797386 Test_acc 0.6335078534031413 Test_auc 0.6156043956043956
09-Aug-26 09:46:13 - Epoch 151, Model Loss 0.7082401011504379, View Loss -1.5490416436413534, Reg 0.4271673622474172
09-Aug-26 09:47:12 - Epoch 152, Model Loss 0.702414460139337, View Loss -1.552929217519324, Reg 0.42939147099949954
09-Aug-26 09:48:12 - Epoch 153, Model Loss 0.6726104043472826, View Loss -1.555881420771281, Reg 0.4262991185281791
09-Aug-26 09:49:11 - Epoch 154, Model Loss 0.6642540440060734, View Loss -1.5613461709490009, Reg 0.42329707430079094
09-Aug-26 09:50:10 - Epoch 155, Model Loss 0.6764566499033785, View Loss -1.5605704379237555, Reg 0.4262206910871992
09-Aug-26 09:50:18 - Epoch 155: Train_acc 0.7320261437908496 Val_acc 0.6143790849673203 Test_acc 0.6387434554973822 Test_auc 0.6185714285714285
09-Aug-26 09:51:17 - Epoch 156, Model Loss 0.6585795818980223, View Loss -1.5521117191688687, Reg 0.42726166322340375
09-Aug-26 09:52:16 - Epoch 157, Model Loss 0.6495965600403306, View Loss -1.5476904273812289, Reg 0.4248518223076864
09-Aug-26 09:53:15 - Epoch 158, Model Loss 0.6467959430872225, View Loss -1.5544685631795647, Reg 0.4221269069543851
09-Aug-26 09:54:15 - Epoch 159, Model Loss 0.6536421754391365, View Loss -1.5541471359776515, Reg 0.42408888246498855
09-Aug-26 09:55:15 - Epoch 160, Model Loss 0.6635292045820772, View Loss -1.5540735160603243, Reg 0.42406997182010825
/users/3171356m/miniconda3/envs/grastiacl/lib/python3.12/site-packages/joblib/externals/loky/process_executor.py:782: UserWarning: A worker stopped while some jobs were given to the executor. This can be caused by a too short worker timeout or by a memory leak.
  warnings.warn(
09-Aug-26 09:55:28 - Epoch 160: Train_acc 0.7287581699346405 Val_acc 0.6143790849673203 Test_acc 0.6282722513089005 Test_auc 0.6171428571428572
09-Aug-26 09:56:27 - Epoch 161, Model Loss 0.6481050060075872, View Loss -1.5519968949112237, Reg 0.42102191728704114
09-Aug-26 09:57:26 - Epoch 162, Model Loss 0.6510199440850152, View Loss -1.5485600521361906, Reg 0.420586053647247
09-Aug-26 09:58:26 - Epoch 163, Model Loss 0.6388031183894164, View Loss -1.545788189944099, Reg 0.4209541713490206
09-Aug-26 09:59:25 - Epoch 164, Model Loss 0.6373312329155167, View Loss -1.5491955763374279, Reg 0.4196733197355582
09-Aug-26 10:00:25 - Epoch 165, Model Loss 0.6340186344642266, View Loss -1.5573578270432216, Reg 0.4187214779697992
09-Aug-26 10:00:38 - Epoch 165: Train_acc 0.7320261437908496 Val_acc 0.6013071895424836 Test_acc 0.6230366492146597 Test_auc 0.6162637362637362
09-Aug-26 10:01:37 - Epoch 166, Model Loss 0.6423636899859297, View Loss -1.5518225330153321, Reg 0.4187442525929096
09-Aug-26 10:02:36 - Epoch 167, Model Loss 0.6547620459124933, View Loss -1.550339991750281, Reg 0.4184925965234345
09-Aug-26 10:03:35 - Epoch 168, Model Loss 0.6414861591423259, View Loss -1.5487035022062414, Reg 0.4172118483415616
09-Aug-26 10:04:34 - Epoch 169, Model Loss 0.6307906654535556, View Loss -1.5475960354399836, Reg 0.4138963473778145
09-Aug-26 10:05:34 - Epoch 170, Model Loss 0.6307623339634315, View Loss -1.5435049861085182, Reg 0.41479872118413835
09-Aug-26 10:05:41 - Epoch 170: Train_acc 0.7810457516339869 Val_acc 0.5555555555555556 Test_acc 0.6230366492146597 Test_auc 0.6112087912087912
09-Aug-26 10:06:40 - Epoch 171, Model Loss 0.6381695698094524, View Loss -1.5467331674363878, Reg 0.4156039100067288
09-Aug-26 10:07:40 - Epoch 172, Model Loss 0.6321197612807642, View Loss -1.5451408258450576, Reg 0.4141105039446962
09-Aug-26 10:08:39 - Epoch 173, Model Loss 0.6290470401640811, View Loss -1.5431544328826705, Reg 0.41329608049268035
09-Aug-26 10:09:38 - Epoch 174, Model Loss 0.6264706477035884, View Loss -1.5490768563513662, Reg 0.41319118333018684
09-Aug-26 10:10:38 - Epoch 175, Model Loss 0.6348635361475103, View Loss -1.5410914296418234, Reg 0.41315005164520413
/users/3171356m/miniconda3/envs/grastiacl/lib/python3.12/site-packages/joblib/externals/loky/process_executor.py:782: UserWarning: A worker stopped while some jobs were given to the executor. This can be caused by a too short worker timeout or by a memory leak.
  warnings.warn(
09-Aug-26 10:10:53 - Epoch 175: Train_acc 0.7777777777777778 Val_acc 0.5751633986928104 Test_acc 0.6230366492146597 Test_auc 0.6151648351648351
09-Aug-26 10:11:52 - Epoch 176, Model Loss 0.6258656386456458, View Loss -1.5407996208839168, Reg 0.41192079505889245
09-Aug-26 10:12:52 - Epoch 177, Model Loss 0.6178403310721217, View Loss -1.5447038435468488, Reg 0.41122087076598524
09-Aug-26 10:13:51 - Epoch 178, Model Loss 0.6231185143290002, View Loss -1.544264495762345, Reg 0.41167517892675465
09-Aug-26 10:14:50 - Epoch 179, Model Loss 0.6281642701501161, View Loss -1.5472841060239506, Reg 0.4116303048102684
09-Aug-26 10:15:49 - Epoch 180, Model Loss 0.6131007141537137, View Loss -1.546641513413074, Reg 0.41100425911105537
/users/3171356m/miniconda3/envs/grastiacl/lib/python3.12/site-packages/joblib/externals/loky/process_executor.py:782: UserWarning: A worker stopped while some jobs were given to the executor. This can be caused by a too short worker timeout or by a memory leak.
  warnings.warn(
09-Aug-26 10:16:05 - Epoch 180: Train_acc 0.7761437908496732 Val_acc 0.5751633986928104 Test_acc 0.612565445026178 Test_auc 0.6102197802197802
09-Aug-26 10:17:04 - Epoch 181, Model Loss 0.62375613637999, View Loss -1.5384201956730263, Reg 0.40993302573565565
09-Aug-26 10:18:03 - Epoch 182, Model Loss 0.6285399839379429, View Loss -1.5466421710120306, Reg 0.41006431626338585
09-Aug-26 10:19:01 - Epoch 183, Model Loss 0.6217232408866383, View Loss -1.5404988893496445, Reg 0.408916947888393
09-Aug-26 10:20:00 - Epoch 184, Model Loss 0.6154618201886907, View Loss -1.5337807462106343, Reg 0.4088789055160448
09-Aug-26 10:20:58 - Epoch 185, Model Loss 0.6170629085668551, View Loss -1.5400766453711816, Reg 0.41006682569684544
09-Aug-26 10:21:05 - Epoch 185: Train_acc 0.7303921568627451 Val_acc 0.6143790849673203 Test_acc 0.6073298429319371 Test_auc 0.6157142857142857
09-Aug-26 10:22:03 - Epoch 186, Model Loss 0.6181336991927203, View Loss -1.540808126038196, Reg 0.4087829624905306
09-Aug-26 10:23:02 - Epoch 187, Model Loss 0.6108677278157153, View Loss -1.548404360129163, Reg 0.4064782154715918
09-Aug-26 10:23:59 - Epoch 188, Model Loss 0.6146294215535806, View Loss -1.5506006424723109, Reg 0.40779619240293313
09-Aug-26 10:24:58 - Epoch 189, Model Loss 0.611341758004201, View Loss -1.5558386487898483, Reg 0.40926245634072744
09-Aug-26 10:25:56 - Epoch 190, Model Loss 0.605654758468173, View Loss -1.5511426910076267, Reg 0.4063975851909787
09-Aug-26 10:26:02 - Epoch 190: Train_acc 0.7777777777777778 Val_acc 0.5816993464052288 Test_acc 0.6073298429319371 Test_auc 0.6114285714285715
09-Aug-26 10:27:00 - Epoch 191, Model Loss 0.6143775751777724, View Loss -1.5448891290652207, Reg 0.4045353788955539
09-Aug-26 10:27:58 - Epoch 192, Model Loss 0.6159364467158037, View Loss -1.5690270140280131, Reg 0.40682439476835963
09-Aug-26 10:28:56 - Epoch 193, Model Loss 0.6070516563318913, View Loss -1.5536142579870287, Reg 0.40650827685991925
09-Aug-26 10:29:55 - Epoch 194, Model Loss 0.6050575106751686, View Loss -1.5483480730867074, Reg 0.40578175214381
09-Aug-26 10:30:54 - Epoch 195, Model Loss 0.6092876961418227, View Loss -1.5611622099782907, Reg 0.40789858461205475
09-Aug-26 10:31:01 - Epoch 195: Train_acc 0.8464052287581699 Val_acc 0.5359477124183006 Test_acc 0.612565445026178 Test_auc 0.5619780219780219
09-Aug-26 10:31:59 - Epoch 196, Model Loss 0.6045424590508143, View Loss -1.567138327492608, Reg 0.40909675601261114
09-Aug-26 10:32:58 - Epoch 197, Model Loss 0.6146436783612943, View Loss -1.5525105700773352, Reg 0.4085283928057727
09-Aug-26 10:33:55 - Epoch 198, Model Loss 0.6126151721851498, View Loss -1.5551018076005325, Reg 0.40761787342090233
09-Aug-26 10:34:54 - Epoch 199, Model Loss 0.6114520997393365, View Loss -1.54641401533987, Reg 0.40620652639787963
09-Aug-26 10:35:52 - Epoch 200, Model Loss 0.6125119270062914, View Loss -1.5415499553181766, Reg 0.40376155847817463
09-Aug-26 10:36:00 - Epoch 200: Train_acc 0.7303921568627451 Val_acc 0.6143790849673203 Test_acc 0.6020942408376964 Test_auc 0.6127472527472526
09-Aug-26 10:36:59 - Epoch 201, Model Loss 0.6109968331319834, View Loss -1.546130181917178, Reg 0.40422845821754605
09-Aug-26 10:37:57 - Epoch 202, Model Loss 0.611640634782174, View Loss -1.548425820917865, Reg 0.4074115877837137
09-Aug-26 10:38:55 - Epoch 203, Model Loss 0.6043993805358613, View Loss -1.539821414386525, Reg 0.4071326249954747
09-Aug-26 10:39:53 - Epoch 204, Model Loss 0.6052452851744259, View Loss -1.5377564461402644, Reg 0.4049168264164644
09-Aug-26 10:40:51 - Epoch 205, Model Loss 0.6111808665632422, View Loss -1.5391393502553303, Reg 0.40639706296858447
09-Aug-26 10:40:59 - Epoch 205: Train_acc 0.8284313725490197 Val_acc 0.5555555555555556 Test_acc 0.612565445026178 Test_auc 0.5672527472527472
09-Aug-26 10:41:58 - Epoch 206, Model Loss 0.6082309847758487, View Loss -1.5367862290027094, Reg 0.4063641335449967
09-Aug-26 10:42:56 - Epoch 207, Model Loss 0.6090213777193056, View Loss -1.5391338042963565, Reg 0.40686623644984626
09-Aug-26 10:43:55 - Epoch 208, Model Loss 0.6134075572093328, View Loss -1.5444930674983006, Reg 0.4076274454204086
09-Aug-26 10:44:53 - Epoch 209, Model Loss 0.6070232614387874, View Loss -1.5581590926725102, Reg 0.4066674481419956
09-Aug-26 10:45:51 - Epoch 210, Model Loss 0.6076070000143612, View Loss -1.5629734229418188, Reg 0.40590717667847676
09-Aug-26 10:45:59 - Epoch 210: Train_acc 0.7303921568627451 Val_acc 0.6143790849673203 Test_acc 0.6020942408376964 Test_auc 0.6123076923076922
09-Aug-26 10:46:57 - Epoch 211, Model Loss 0.6026495648365394, View Loss -1.5439139892852385, Reg 0.4043796763700597
09-Aug-26 10:47:56 - Epoch 212, Model Loss 0.6074795461947622, View Loss -1.5389958285038767, Reg 0.40552469542603087
09-Aug-26 10:48:54 - Epoch 213, Model Loss 0.6034879458495994, View Loss -1.5371681054433186, Reg 0.4068861917343015
09-Aug-26 10:49:52 - Epoch 214, Model Loss 0.6035662478481243, View Loss -1.5358064673305336, Reg 0.4048052130181805
09-Aug-26 10:50:50 - Epoch 215, Model Loss 0.6132775072763169, View Loss -1.5304196660035576, Reg 0.40655425619455726
09-Aug-26 10:50:57 - Epoch 215: Train_acc 0.7271241830065359 Val_acc 0.6143790849673203 Test_acc 0.5968586387434555 Test_auc 0.612087912087912
09-Aug-26 10:51:55 - Epoch 216, Model Loss 0.6037079570145388, View Loss -1.5387384221444722, Reg 0.4069421530938616
09-Aug-26 10:52:53 - Epoch 217, Model Loss 0.5955433670212241, View Loss -1.5367617201960944, Reg 0.4049165868291668
09-Aug-26 10:53:51 - Epoch 218, Model Loss 0.6010751862541522, View Loss -1.5387514993256213, Reg 0.40613067150115967
09-Aug-26 10:54:49 - Epoch 219, Model Loss 0.6030455038828009, View Loss -1.549858685412438, Reg 0.4063965222414802
09-Aug-26 10:55:48 - Epoch 220, Model Loss 0.6068650257158903, View Loss -1.5523644039054323, Reg 0.40754417597857956
09-Aug-26 10:55:54 - Epoch 220: Train_acc 0.7271241830065359 Val_acc 0.6143790849673203 Test_acc 0.5968586387434555 Test_auc 0.6120879120879121
09-Aug-26 10:56:53 - Epoch 221, Model Loss 0.5921507927716947, View Loss -1.5402641950869094, Reg 0.4079931769885269
09-Aug-26 10:57:51 - Epoch 222, Model Loss 0.5975723289975933, View Loss -1.5431159555522445, Reg 0.4066385359935511
09-Aug-26 10:58:50 - Epoch 223, Model Loss 0.6053991635250889, View Loss -1.5634775972054675, Reg 0.40432016054789227
09-Aug-26 10:59:48 - Epoch 224, Model Loss 0.5989932610708124, View Loss -1.539593134051055, Reg 0.40566077049261606
09-Aug-26 11:00:46 - Epoch 225, Model Loss 0.5986869944856058, View Loss -1.5452068085763968, Reg 0.4079495943060108
09-Aug-26 11:00:54 - Epoch 225: Train_acc 0.7794117647058824 Val_acc 0.5816993464052288 Test_acc 0.6073298429319371 Test_auc 0.6046153846153846
09-Aug-26 11:01:52 - Epoch 226, Model Loss 0.6015906466378106, View Loss -1.5436735309027378, Reg 0.40319935091180736
09-Aug-26 11:02:50 - Epoch 227, Model Loss 0.5920451293194217, View Loss -1.547047476363338, Reg 0.40411058750027923
09-Aug-26 11:03:48 - Epoch 228, Model Loss 0.5948575509139915, View Loss -1.557950292537415, Reg 0.40771974321284327
09-Aug-26 11:04:46 - Epoch 229, Model Loss 0.5954198380506116, View Loss -1.556871663511189, Reg 0.40408988209331737
09-Aug-26 11:05:44 - Epoch 230, Model Loss 0.5956143551792195, View Loss -1.5519688877404905, Reg 0.40618902055266637
09-Aug-26 11:05:53 - Epoch 230: Train_acc 0.7336601307189542 Val_acc 0.6209150326797386 Test_acc 0.6073298429319371 Test_auc 0.6091208791208791
09-Aug-26 11:06:51 - Epoch 231, Model Loss 0.5976395000234928, View Loss -1.5446443339578466, Reg 0.40749432701690524
09-Aug-26 11:07:49 - Epoch 232, Model Loss 0.5992408716211132, View Loss -1.5508267209420796, Reg 0.40530363387531704
09-Aug-26 11:08:47 - Epoch 233, Model Loss 0.5837855367294325, View Loss -1.5448047117470136, Reg 0.4051201458460365
09-Aug-26 11:09:45 - Epoch 234, Model Loss 0.5920630038953295, View Loss -1.541044400408377, Reg 0.40814226515152874
09-Aug-26 11:10:43 - Epoch 235, Model Loss 0.5960500698074017, View Loss -1.5470729513106003, Reg 0.40660059043005403
09-Aug-26 11:10:50 - Epoch 235: Train_acc 0.7810457516339869 Val_acc 0.6078431372549019 Test_acc 0.5916230366492147 Test_auc 0.6029670329670329
09-Aug-26 11:11:48 - Epoch 236, Model Loss 0.5886478908116521, View Loss -1.5332492831485722, Reg 0.4045262960047504
09-Aug-26 11:12:46 - Epoch 237, Model Loss 0.5918587065405316, View Loss -1.5327637351416294, Reg 0.4061017595475016
09-Aug-26 11:13:45 - Epoch 238, Model Loss 0.5845472090968898, View Loss -1.535559990826775, Reg 0.40652864606551875
09-Aug-26 11:14:43 - Epoch 239, Model Loss 0.5848836406967999, View Loss -1.5368622829711516, Reg 0.4041379072697334
09-Aug-26 11:15:41 - Epoch 240, Model Loss 0.5885538991565019, View Loss -1.5345377189661162, Reg 0.40469755203116176
09-Aug-26 11:15:48 - Epoch 240: Train_acc 0.7271241830065359 Val_acc 0.6339869281045751 Test_acc 0.5863874345549738 Test_auc 0.6087912087912087
09-Aug-26 11:16:46 - Epoch 241, Model Loss 0.5989896701831444, View Loss -1.5428996506859274, Reg 0.40546383479841397
09-Aug-26 11:17:45 - Epoch 242, Model Loss 0.5861297410492804, View Loss -1.5486394252652436, Reg 0.40395885063152687
09-Aug-26 11:18:42 - Epoch 243, Model Loss 0.5879695293755313, View Loss -1.5506395810569813, Reg 0.40517640815061684
09-Aug-26 11:19:41 - Epoch 244, Model Loss 0.5851684861323413, View Loss -1.5414602070852044, Reg 0.4053589068596659
09-Aug-26 11:20:39 - Epoch 245, Model Loss 0.5938698382549037, View Loss -1.5445884505128549, Reg 0.4032358157089333
09-Aug-26 11:20:52 - Epoch 245: Train_acc 0.7826797385620915 Val_acc 0.6013071895424836 Test_acc 0.6073298429319371 Test_auc 0.602087912087912
09-Aug-26 11:21:50 - Epoch 246, Model Loss 0.5854629406742021, View Loss -1.550501530466516, Reg 0.40441063046455383
09-Aug-26 11:22:48 - Epoch 247, Model Loss 0.5825607890591902, View Loss -1.55957527254142, Reg 0.40597934154124043
09-Aug-26 11:23:47 - Epoch 248, Model Loss 0.5842965410815345, View Loss -1.562440320557239, Reg 0.40446512956245273
09-Aug-26 11:24:45 - Epoch 249, Model Loss 0.5872397247482749, View Loss -1.5588033729129367, Reg 0.4031779470007404
09-Aug-26 11:25:43 - Epoch 250, Model Loss 0.5920178924315895, View Loss -1.5513316618850808, Reg 0.4035813040982664
09-Aug-26 11:25:54 - Epoch 250: Train_acc 0.8300653594771242 Val_acc 0.5490196078431373 Test_acc 0.5916230366492147 Test_auc 0.5587912087912089
09-Aug-26 11:26:52 - Epoch 251, Model Loss 0.5857478574989667, View Loss -1.5481466202954062, Reg 0.404081310711655
09-Aug-26 11:27:50 - Epoch 252, Model Loss 0.5895386698588826, View Loss -1.5483402130650539, Reg 0.4026299705302793
09-Aug-26 11:28:48 - Epoch 253, Model Loss 0.58076416764384, View Loss -1.567227365144717, Reg 0.40279808211949913
09-Aug-26 11:29:46 - Epoch 254, Model Loss 0.5835279563283609, View Loss -1.592860519496444, Reg 0.402671947393542
09-Aug-26 11:30:44 - Epoch 255, Model Loss 0.5796812907153485, View Loss -1.6637307771670273, Reg 0.4091224520424612
/users/3171356m/miniconda3/envs/grastiacl/lib/python3.12/site-packages/joblib/externals/loky/process_executor.py:782: UserWarning: A worker stopped while some jobs were given to the executor. This can be caused by a too short worker timeout or by a memory leak.
  warnings.warn(
09-Aug-26 11:30:53 - Epoch 255: Train_acc 0.7794117647058824 Val_acc 0.6274509803921569 Test_acc 0.5916230366492147 Test_auc 0.5991208791208791
09-Aug-26 11:31:51 - Epoch 256, Model Loss 0.5819230488702363, View Loss -1.6313318442675024, Reg 0.4016060221428965
09-Aug-26 11:32:49 - Epoch 257, Model Loss 0.5804359571022146, View Loss -1.5699373974519617, Reg 0.40304134386816837
09-Aug-26 11:33:47 - Epoch 258, Model Loss 0.5870748282063241, View Loss -1.5565717672210893, Reg 0.4038941275839712
09-Aug-26 11:34:45 - Epoch 259, Model Loss 0.5845156084088718, View Loss -1.5688331469990848, Reg 0.40175359428318497
09-Aug-26 11:35:43 - Epoch 260, Model Loss 0.5804391844210282, View Loss -1.5586057535183975, Reg 0.4050893372569988
09-Aug-26 11:35:56 - Epoch 260: Train_acc 0.7761437908496732 Val_acc 0.6013071895424836 Test_acc 0.5863874345549738 Test_auc 0.5928571428571429
09-Aug-26 11:36:54 - Epoch 261, Model Loss 0.5863563596617942, View Loss -1.5475198474584841, Reg 0.40666819203133675
09-Aug-26 11:37:52 - Epoch 262, Model Loss 0.5790403229154013, View Loss -1.5416711155885185, Reg 0.4035453391230963
09-Aug-26 11:38:50 - Epoch 263, Model Loss 0.5766254145335528, View Loss -1.5399552435656778, Reg 0.4026254394085579
09-Aug-26 11:39:48 - Epoch 264, Model Loss 0.5821049228992338, View Loss -1.534581184387207, Reg 0.4044609950258841
09-Aug-26 11:40:46 - Epoch 265, Model Loss 0.582432649201817, View Loss -1.5352858312768873, Reg 0.40247926973049936
09-Aug-26 11:40:54 - Epoch 265: Train_acc 0.7254901960784313 Val_acc 0.6339869281045751 Test_acc 0.612565445026178 Test_auc 0.6086813186813187
09-Aug-26 11:41:51 - Epoch 266, Model Loss 0.5787725269404891, View Loss -1.5419256671581394, Reg 0.4046398165568807
09-Aug-26 11:42:49 - Epoch 267, Model Loss 0.5814975212796841, View Loss -1.5430235815983193, Reg 0.40561138531740976
09-Aug-26 11:43:47 - Epoch 268, Model Loss 0.5833885295718324, View Loss -1.5342275753519894, Reg 0.40185800934928695
09-Aug-26 11:44:46 - Epoch 269, Model Loss 0.5693113778541291, View Loss -1.5343893088546454, Reg 0.4029875089919645
09-Aug-26 11:45:43 - Epoch 270, Model Loss 0.576808018816842, View Loss -1.536693663378946, Reg 0.40454649925231934
09-Aug-26 11:45:52 - Epoch 270: Train_acc 0.7271241830065359 Val_acc 0.6470588235294118 Test_acc 0.6020942408376964 Test_auc 0.6083516483516483
09-Aug-26 11:46:49 - Epoch 271, Model Loss 0.5669205356267543, View Loss -1.5397540712668225, Reg 0.4010883626205469
09-Aug-26 11:47:47 - Epoch 272, Model Loss 0.5734878534000684, View Loss -1.5391391461191615, Reg 0.4035680919301276
09-Aug-26 11:48:45 - Epoch 273, Model Loss 0.5717154244581858, View Loss -1.5409387233210545, Reg 0.4047819399366192
09-Aug-26 11:49:43 - Epoch 274, Model Loss 0.5738039534855512, View Loss -1.5401581782920688, Reg 0.4016474553572586
09-Aug-26 11:50:41 - Epoch 275, Model Loss 0.5704379178145352, View Loss -1.5428245145511004, Reg 0.4043556393361559
09-Aug-26 11:50:48 - Epoch 275: Train_acc 0.7222222222222222 Val_acc 0.6470588235294118 Test_acc 0.6073298429319371 Test_auc 0.6104395604395605
09-Aug-26 11:51:46 - Epoch 276, Model Loss 0.5650728348813026, View Loss -1.5375312948538586, Reg 0.40381966443622813
09-Aug-26 11:52:44 - Epoch 277, Model Loss 0.5756662832755669, View Loss -1.534839344959633, Reg 0.4008161236647687
09-Aug-26 11:53:42 - Epoch 278, Model Loss 0.5687041999467837, View Loss -1.5370884050730786, Reg 0.4035513256889543
09-Aug-26 11:54:40 - Epoch 279, Model Loss 0.5663756497350394, View Loss -1.5322383151334875, Reg 0.4021644944848578
09-Aug-26 11:55:38 - Epoch 280, Model Loss 0.5648197220041861, View Loss -1.5380180910521863, Reg 0.40232614500849856
09-Aug-26 11:55:45 - Epoch 280: Train_acc 0.8202614379084967 Val_acc 0.5555555555555556 Test_acc 0.5916230366492147 Test_auc 0.5641758241758241
09-Aug-26 11:56:43 - Epoch 281, Model Loss 0.5783548419382057, View Loss -1.531588660346137, Reg 0.4031870719654108
09-Aug-26 11:57:41 - Epoch 282, Model Loss 0.5742984071276547, View Loss -1.5354936029396804, Reg 0.40313710554752474
09-Aug-26 11:58:38 - Epoch 283, Model Loss 0.5722999575675702, View Loss -1.5356859568676917, Reg 0.402460992725846
09-Aug-26 11:59:36 - Epoch 284, Model Loss 0.5661175120500178, View Loss -1.5325505889319126, Reg 0.4025394682790719
09-Aug-26 12:00:35 - Epoch 285, Model Loss 0.575933904721846, View Loss -1.5357189583622552, Reg 0.40182650848930956
09-Aug-26 12:00:45 - Epoch 285: Train_acc 0.7679738562091504 Val_acc 0.6078431372549019 Test_acc 0.5968586387434555 Test_auc 0.5948351648351649
09-Aug-26 12:01:42 - Epoch 286, Model Loss 0.565058276349423, View Loss -1.5390760555765988, Reg 0.4040870578850017
09-Aug-26 12:02:40 - Epoch 287, Model Loss 0.5726867526574851, View Loss -1.5319854169110068, Reg 0.4030829847248551
09-Aug-26 12:03:38 - Epoch 288, Model Loss 0.5630827431195702, View Loss -1.5457690385432026, Reg 0.4027813661332224
09-Aug-26 12:04:35 - Epoch 289, Model Loss 0.5736718532306696, View Loss -1.5532289268144595, Reg 0.40248699963482376
09-Aug-26 12:05:34 - Epoch 290, Model Loss 0.5665666542801202, View Loss -1.5624753447139965, Reg 0.4026564063589557
09-Aug-26 12:05:44 - Epoch 290: Train_acc 0.7222222222222222 Val_acc 0.6405228758169934 Test_acc 0.5968586387434555 Test_auc 0.61
09-Aug-26 12:06:41 - Epoch 291, Model Loss 0.5732356276777055, View Loss -1.5635961286382738, Reg 0.4011364150670619
09-Aug-26 12:07:39 - Epoch 292, Model Loss 0.5717118760339575, View Loss -1.5610466019000881, Reg 0.40111351987115695
09-Aug-26 12:08:37 - Epoch 293, Model Loss 0.5701655714340459, View Loss -1.5540574267019633, Reg 0.4023533656316645
09-Aug-26 12:09:34 - Epoch 294, Model Loss 0.5692017658863192, View Loss -1.5577243808048222, Reg 0.4011220840457218
09-Aug-26 12:10:32 - Epoch 295, Model Loss 0.5692900555585724, View Loss -1.5489570081623552, Reg 0.40109479777953205
09-Aug-26 12:10:40 - Epoch 295: Train_acc 0.7205882352941176 Val_acc 0.6535947712418301 Test_acc 0.6073298429319371 Test_auc 0.6082417582417583
09-Aug-26 12:11:38 - Epoch 296, Model Loss 0.5634586982477724, View Loss -1.548964057872498, Reg 0.40298553483158933
09-Aug-26 12:12:35 - Epoch 297, Model Loss 0.566648995564654, View Loss -1.5418722271140104, Reg 0.4013992249965668
09-Aug-26 12:13:33 - Epoch 298, Model Loss 0.5726682176582174, View Loss -1.537548729017669, Reg 0.40076248065318937
09-Aug-26 12:14:30 - Epoch 299, Model Loss 0.5614245362531126, View Loss -1.5470954374550214, Reg 0.40245452523231506
09-Aug-26 12:15:28 - Epoch 300, Model Loss 0.5754365291860368, View Loss -1.5329748540142782, Reg 0.4027511839773141
09-Aug-26 12:15:36 - Epoch 300: Train_acc 0.7238562091503268 Val_acc 0.6405228758169934 Test_acc 0.612565445026178 Test_auc 0.6102197802197802
09-Aug-26 12:15:36 - FinishedTraining! BestEpoch (eval-interval index): 58
09-Aug-26 12:15:36 - Wrote /users/3171356m/muhammad/GraSTIACL/nested_cv/results/nocombat__emb256_bs256__fold2.json
09-Aug-26 12:15:36 - {
  "emb_dim": 256,
  "batch_size": 256,
  "fold": 2,
  "combat": false,
  "n_train": 612,
  "n_val": 153,
  "n_test": 191,
  "best_val_epoch_idx": 58,
  "train_accuracy": 0.7205882352941176,
  "val_accuracy": 0.6535947712418301,
  "test_accuracy": 0.6073298429319371,
  "train_f1": 0.7015706806282722,
  "val_f1": 0.6344827586206897,
  "test_f1": 0.5562130177514792,
  "train_sensitivity": 0.6907216471109222,
  "val_sensitivity": 0.6301369776693565,
  "test_sensitivity": 0.5164835108078735,
  "train_specificity": 0.7476635490726993,
  "val_specificity": 0.6749999915625001,
  "test_specificity": 0.6899999931,
  "train_precision": 0.7127659574468085,
  "val_precision": 0.6388888888888888,
  "test_precision": 0.6025641025641025,
  "test_auc": 0.6082417582417583,
  "fin_reg": 0.40109479777953205
}
