Task 14: config=2 fold=4 batch_size=32 emb_dim=256 mij_source=alff combat=no
The Zen of Python, by Tim Peters

Beautiful is better than ugly.
Explicit is better than implicit.
Simple is better than complex.
Complex is better than complicated.
Flat is better than nested.
Sparse is better than dense.
Readability counts.
Special cases aren't special enough to break the rules.
Although practicality beats purity.
Errors should never pass silently.
Unless explicitly silenced.
In the face of ambiguity, refuse the temptation to guess.
There should be one-- and preferably only one --obvious way to do it.
Although that way may not be obvious at first unless you're Dutch.
Now is better than never.
Although never is often better than *right* now.
If the implementation is hard to explain, it's a bad idea.
If the implementation is easy to explain, it may be a good idea.
Namespaces are one honking great idea -- let's do more of those!
validation time cost : 0.27324 sec
validation time cost : 0.26559 sec
validation time cost : 0.25679 sec
validation time cost : 0.28435 sec
validation time cost : 0.26957 sec
validation time cost : 0.26886 sec
validation time cost : 0.27429 sec
validation time cost : 0.28987 sec
validation time cost : 0.26794 sec
validation time cost : 0.27587 sec
validation time cost : 0.26596 sec
validation time cost : 0.34286 sec
validation time cost : 0.33442 sec
validation time cost : 0.27312 sec
validation time cost : 0.27743 sec
validation time cost : 0.26617 sec
validation time cost : 0.26342 sec
validation time cost : 0.25563 sec
validation time cost : 0.26400 sec
validation time cost : 0.26227 sec
validation time cost : 0.26350 sec
validation time cost : 0.25339 sec
validation time cost : 0.31166 sec
validation time cost : 0.26247 sec
validation time cost : 0.26640 sec
validation time cost : 0.24996 sec
validation time cost : 0.26919 sec
validation time cost : 0.26863 sec
validation time cost : 0.26343 sec
validation time cost : 0.31892 sec
validation time cost : 0.26130 sec
validation time cost : 0.24717 sec
validation time cost : 0.25398 sec
validation time cost : 0.25960 sec
validation time cost : 0.25543 sec
validation time cost : 0.25966 sec
validation time cost : 0.27489 sec
validation time cost : 0.25097 sec
validation time cost : 0.26781 sec
validation time cost : 0.26564 sec
validation time cost : 0.31890 sec
validation time cost : 0.25110 sec
validation time cost : 0.33070 sec
validation time cost : 0.28960 sec
validation time cost : 0.26825 sec
validation time cost : 0.33001 sec
validation time cost : 0.25167 sec
validation time cost : 0.28145 sec
validation time cost : 0.30489 sec
validation time cost : 0.25763 sec
validation time cost : 0.29170 sec
validation time cost : 0.27104 sec
validation time cost : 0.25177 sec
validation time cost : 0.26343 sec
validation time cost : 0.27675 sec
validation time cost : 0.26806 sec
validation time cost : 0.30778 sec
validation time cost : 0.26361 sec
validation time cost : 0.54660 sec
validation time cost : 0.27590 sec
