Task 10: config=2 fold=0 batch_size=32 emb_dim=256 mij_source=alff combat=no
The Zen of Python, by Tim Peters

Beautiful is better than ugly.
Explicit is better than implicit.
Simple is better than complex.
Complex is better than complicated.
Flat is better than nested.
Sparse is better than dense.
Readability counts.
Special cases aren't special enough to break the rules.
Although practicality beats purity.
Errors should never pass silently.
Unless explicitly silenced.
In the face of ambiguity, refuse the temptation to guess.
There should be one-- and preferably only one --obvious way to do it.
Although that way may not be obvious at first unless you're Dutch.
Now is better than never.
Although never is often better than *right* now.
If the implementation is hard to explain, it's a bad idea.
If the implementation is easy to explain, it may be a good idea.
Namespaces are one honking great idea -- let's do more of those!
validation time cost : 0.19451 sec
validation time cost : 0.21104 sec
validation time cost : 0.20002 sec
validation time cost : 0.19327 sec
validation time cost : 0.24823 sec
validation time cost : 0.18611 sec
validation time cost : 0.19686 sec
validation time cost : 0.20269 sec
validation time cost : 0.18298 sec
validation time cost : 0.18714 sec
validation time cost : 0.18691 sec
validation time cost : 0.18053 sec
validation time cost : 0.20314 sec
validation time cost : 0.18792 sec
validation time cost : 0.20244 sec
validation time cost : 0.18500 sec
validation time cost : 0.19542 sec
validation time cost : 0.19237 sec
validation time cost : 0.17983 sec
validation time cost : 0.19745 sec
validation time cost : 0.19817 sec
validation time cost : 0.17927 sec
validation time cost : 0.20019 sec
validation time cost : 0.18278 sec
validation time cost : 0.18256 sec
validation time cost : 0.18142 sec
validation time cost : 0.27693 sec
validation time cost : 0.19746 sec
validation time cost : 0.18808 sec
validation time cost : 0.19432 sec
validation time cost : 0.19470 sec
validation time cost : 0.19431 sec
validation time cost : 0.18404 sec
validation time cost : 0.20947 sec
validation time cost : 0.19795 sec
validation time cost : 0.19125 sec
validation time cost : 0.19705 sec
validation time cost : 0.18326 sec
validation time cost : 0.26175 sec
validation time cost : 0.24245 sec
validation time cost : 0.19671 sec
validation time cost : 0.20633 sec
validation time cost : 0.19133 sec
validation time cost : 0.19883 sec
validation time cost : 0.18975 sec
validation time cost : 0.18693 sec
validation time cost : 0.25784 sec
validation time cost : 0.18987 sec
validation time cost : 0.19812 sec
validation time cost : 0.27802 sec
validation time cost : 0.18218 sec
validation time cost : 0.20012 sec
validation time cost : 0.19469 sec
validation time cost : 0.19585 sec
validation time cost : 0.25371 sec
validation time cost : 0.18969 sec
validation time cost : 0.18961 sec
validation time cost : 0.21699 sec
validation time cost : 0.29324 sec
validation time cost : 0.18708 sec
