Task 27: config=5 fold=2 batch_size=128 emb_dim=512 mij_source=alff_pcc combat=yes
The Zen of Python, by Tim Peters

Beautiful is better than ugly.
Explicit is better than implicit.
Simple is better than complex.
Complex is better than complicated.
Flat is better than nested.
Sparse is better than dense.
Readability counts.
Special cases aren't special enough to break the rules.
Although practicality beats purity.
Errors should never pass silently.
Unless explicitly silenced.
In the face of ambiguity, refuse the temptation to guess.
There should be one-- and preferably only one --obvious way to do it.
Although that way may not be obvious at first unless you're Dutch.
Now is better than never.
Although never is often better than *right* now.
If the implementation is hard to explain, it's a bad idea.
If the implementation is easy to explain, it may be a good idea.
Namespaces are one honking great idea -- let's do more of those!
validation time cost : 0.20561 sec
validation time cost : 0.20625 sec
validation time cost : 0.20983 sec
validation time cost : 0.20151 sec
validation time cost : 0.19263 sec
validation time cost : 0.20160 sec
validation time cost : 0.18809 sec
validation time cost : 0.20180 sec
validation time cost : 0.20683 sec
validation time cost : 0.20058 sec
validation time cost : 0.20071 sec
validation time cost : 0.19591 sec
validation time cost : 0.19539 sec
validation time cost : 0.19255 sec
validation time cost : 0.19402 sec
validation time cost : 0.19412 sec
validation time cost : 0.19127 sec
validation time cost : 0.18877 sec
validation time cost : 0.18764 sec
validation time cost : 0.19249 sec
validation time cost : 0.19625 sec
validation time cost : 0.19534 sec
validation time cost : 0.19452 sec
validation time cost : 0.19310 sec
validation time cost : 0.19399 sec
validation time cost : 0.21036 sec
validation time cost : 0.19457 sec
validation time cost : 0.19416 sec
validation time cost : 0.19542 sec
validation time cost : 0.19427 sec
validation time cost : 0.18532 sec
validation time cost : 0.19375 sec
validation time cost : 0.19293 sec
validation time cost : 0.19317 sec
validation time cost : 0.18563 sec
validation time cost : 0.19521 sec
validation time cost : 0.18649 sec
validation time cost : 0.19453 sec
validation time cost : 0.18366 sec
validation time cost : 0.19319 sec
validation time cost : 0.19295 sec
validation time cost : 0.18649 sec
validation time cost : 0.19497 sec
validation time cost : 0.19965 sec
validation time cost : 0.19154 sec
validation time cost : 0.19434 sec
validation time cost : 0.20603 sec
validation time cost : 0.19138 sec
validation time cost : 0.18358 sec
validation time cost : 0.20722 sec
validation time cost : 0.20032 sec
validation time cost : 0.18376 sec
validation time cost : 0.19321 sec
validation time cost : 0.19416 sec
validation time cost : 0.18756 sec
validation time cost : 0.20031 sec
validation time cost : 0.20175 sec
validation time cost : 0.19478 sec
validation time cost : 0.19389 sec
validation time cost : 0.19253 sec
