09-Aug-26 01:55:29 - Using Device: cuda
09-Aug-26 01:55:29 - Seed: 123, Fold: 3, ComBat: False
09-Aug-26 01:55:29 - Namespace(fold=3, combat=False, num_dyn_windows=3, model_lr=0.0005, view_lr=0.0005, num_gc_layers=2, pooling_type='standard', emb_dim=256, vib_hidden_dim=400, batch_size=128, drop_ratio=0.3, epochs=300, kld_lambda=0.003, reg_lambda=0.2, gamma_mode='paper_literal', node_feature_mode='alff_pcc', mij_source='alff', template=90, eval_interval=5, downstream_classifier='linear', ce_lambda=2.0, seed=123)
09-Aug-26 01:55:29 - Loading raw subject data...
09-Aug-26 01:59:25 - Loaded 956 subjects (455 ASD, 501 NC)
09-Aug-26 01:59:25 - alff_pcc scale stats (train_val_idx only): alff=[-3.5994,5.6307] pcc=[-0.7600,1.0000]
09-Aug-26 01:59:25 - Train/Val/Test sizes: 612/153/191
09-Aug-26 02:00:26 - Epoch 1, Model Loss 1.4691484870474323, View Loss -8.80721023659301, Reg 0.43717582825741735
09-Aug-26 02:01:25 - Epoch 2, Model Loss 0.6620072995135987, View Loss -6.195209241380878, Reg 0.39023759357290333
09-Aug-26 02:02:25 - Epoch 3, Model Loss 0.43043240291230817, View Loss -3.0814764265920602, Reg 0.4345717704763599
09-Aug-26 02:03:24 - Epoch 4, Model Loss 0.362033669660294, View Loss -2.7706488721510945, Reg 0.42113005647472307
09-Aug-26 02:04:23 - Epoch 5, Model Loss 0.34374190535810256, View Loss -3.2370031596788396, Reg 0.41256839465471656
09-Aug-26 02:04:38 - Epoch 5: Train_acc 0.8741830065359477 Val_acc 0.5555555555555556 Test_acc 0.5549738219895288 Test_auc 0.5625274725274725
09-Aug-26 02:05:37 - Epoch 6, Model Loss 0.26538332332583037, View Loss -3.7459560344421785, Reg 0.4100022446485906
09-Aug-26 02:06:36 - Epoch 7, Model Loss 0.25743508075966554, View Loss -3.7394388329749013, Reg 0.41673681139945984
09-Aug-26 02:07:34 - Epoch 8, Model Loss 0.5683422595067741, View Loss -3.6502991719962723, Reg 0.46524333330540873
09-Aug-26 02:08:32 - Epoch 9, Model Loss 2.947757072698057, View Loss -3.004364451551749, Reg 0.5620216474034427
09-Aug-26 02:09:31 - Epoch 10, Model Loss 4.559340582953559, View Loss -0.9498088913026199, Reg 0.42837635559194226
/users/3171356m/miniconda3/envs/grastiacl/lib/python3.12/site-packages/sklearn/svm/_base.py:1298: ConvergenceWarning: Liblinear failed to converge, increase the number of iterations.
  warnings.warn(
09-Aug-26 02:09:42 - Epoch 10: Train_acc 0.7271241830065359 Val_acc 0.6405228758169934 Test_acc 0.6073298429319371 Test_auc 0.6636263736263737
09-Aug-26 02:10:40 - Epoch 11, Model Loss 4.608942362218121, View Loss 0.1047112536586188, Reg 0.4166339840374741
09-Aug-26 02:11:38 - Epoch 12, Model Loss 4.487653701133977, View Loss 0.33573683258754755, Reg 0.4312598469600179
09-Aug-26 02:12:36 - Epoch 13, Model Loss 4.307708936579087, View Loss 0.36141901078567007, Reg 0.40951519990279006
09-Aug-26 02:13:33 - Epoch 14, Model Loss 4.228192792219274, View Loss 0.1360830769819372, Reg 0.42286450060364467
09-Aug-26 02:14:31 - Epoch 15, Model Loss 2.6316089380800336, View Loss 0.34594939503015254, Reg 0.42863260940009473
/users/3171356m/miniconda3/envs/grastiacl/lib/python3.12/site-packages/sklearn/svm/_base.py:1298: ConvergenceWarning: Liblinear failed to converge, increase the number of iterations.
  warnings.warn(
/users/3171356m/miniconda3/envs/grastiacl/lib/python3.12/site-packages/sklearn/svm/_base.py:1298: ConvergenceWarning: Liblinear failed to converge, increase the number of iterations.
  warnings.warn(
09-Aug-26 02:14:42 - Epoch 15: Train_acc 0.7418300653594772 Val_acc 0.5816993464052288 Test_acc 0.5916230366492147 Test_auc 0.6678021978021977
09-Aug-26 02:15:40 - Epoch 16, Model Loss 0.8827091038616655, View Loss 0.9610811355067235, Reg 0.4320918919603809
09-Aug-26 02:16:37 - Epoch 17, Model Loss 0.5251755992961086, View Loss 1.2917292492062438, Reg 0.40072502049745296
09-Aug-26 02:17:34 - Epoch 18, Model Loss 0.28485823269276056, View Loss 1.5765552489586125, Reg 0.43132740005948184
09-Aug-26 02:18:31 - Epoch 19, Model Loss 0.3572142361602411, View Loss 1.7193554787853964, Reg 0.43676624870767783
09-Aug-26 02:19:29 - Epoch 20, Model Loss 0.26143092508701715, View Loss 1.7898454268773396, Reg 0.41543203514385846
09-Aug-26 02:19:35 - Epoch 20: Train_acc 0.795751633986928 Val_acc 0.6405228758169934 Test_acc 0.6020942408376964 Test_auc 0.597032967032967
09-Aug-26 02:20:33 - Epoch 21, Model Loss 0.22581279216930758, View Loss 1.827322675511728, Reg 0.4283431156787997
09-Aug-26 02:21:30 - Epoch 22, Model Loss 0.19508408283924356, View Loss 1.8183132542504206, Reg 0.4273853422769534
09-Aug-26 02:22:27 - Epoch 23, Model Loss 0.17579351370435914, View Loss 1.6845464784335467, Reg 0.41783781690535204
09-Aug-26 02:23:24 - Epoch 24, Model Loss 0.16324813125862014, View Loss 1.32502940121819, Reg 0.42337750512010913
09-Aug-26 02:24:22 - Epoch 25, Model Loss 0.14245636293701097, View Loss 0.6691202402504441, Reg 0.42577894723493287
09-Aug-26 02:24:27 - Epoch 25: Train_acc 0.8676470588235294 Val_acc 0.5555555555555556 Test_acc 0.5549738219895288 Test_auc 0.5721978021978023
09-Aug-26 02:25:25 - Epoch 26, Model Loss 0.14049185885518206, View Loss -0.2569725077136669, Reg 0.4273792937690136
09-Aug-26 02:26:22 - Epoch 27, Model Loss 0.12819143311650144, View Loss -1.2065171618866766, Reg 0.42166299777093275
09-Aug-26 02:27:18 - Epoch 28, Model Loss 0.1307700025100334, View Loss -1.8753294866848615, Reg 0.41711896969601997
09-Aug-26 02:28:16 - Epoch 29, Model Loss 0.12429830719248142, View Loss -2.225153605143229, Reg 0.4094064309706096
09-Aug-26 02:29:12 - Epoch 30, Model Loss 0.13926081437301013, View Loss -2.3721286907694696, Reg 0.4069872650445676
09-Aug-26 02:29:19 - Epoch 30: Train_acc 0.7271241830065359 Val_acc 0.5816993464052288 Test_acc 0.5863874345549738 Test_auc 0.636043956043956
09-Aug-26 02:30:15 - Epoch 31, Model Loss 0.15795328380430446, View Loss -2.3970238430048125, Reg 0.4128013288273531
09-Aug-26 02:31:12 - Epoch 32, Model Loss 0.19836673022740903, View Loss -2.3988522750879424, Reg 0.4193086626093372
09-Aug-26 02:32:09 - Epoch 33, Model Loss 0.3200285712780516, View Loss -2.3685717738531773, Reg 0.45454755113794915
09-Aug-26 02:33:06 - Epoch 34, Model Loss 0.5924997113498987, View Loss -2.3554211628982444, Reg 0.5008533176253823
09-Aug-26 02:34:03 - Epoch 35, Model Loss 0.8500394867915734, View Loss -2.3744035437216167, Reg 0.5536168926681568
09-Aug-26 02:34:09 - Epoch 35: Train_acc 0.7140522875816994 Val_acc 0.5555555555555556 Test_acc 0.5602094240837696 Test_auc 0.6261538461538461
09-Aug-26 02:35:06 - Epoch 36, Model Loss 1.235092262816585, View Loss -2.3289682584650375, Reg 0.5515866563990225
09-Aug-26 02:36:02 - Epoch 37, Model Loss 1.890598483334959, View Loss -1.7244484198638816, Reg 0.4875299155322555
09-Aug-26 02:36:59 - Epoch 38, Model Loss 1.6199765766368193, View Loss -1.9103662640440697, Reg 0.48147475466229556
09-Aug-26 02:37:56 - Epoch 39, Model Loss 3.2674752917944216, View Loss 0.33974780171525243, Reg 0.44794241976893806
09-Aug-26 02:38:53 - Epoch 40, Model Loss 1.6410163679933236, View Loss 0.6477354377313377, Reg 0.45492641988143423
09-Aug-26 02:38:59 - Epoch 40: Train_acc 0.8333333333333334 Val_acc 0.5947712418300654 Test_acc 0.5968586387434555 Test_auc 0.6209890109890109
09-Aug-26 02:39:56 - Epoch 41, Model Loss 4.194874302234525, View Loss 0.8363227298836303, Reg 0.4126378422469095
09-Aug-26 02:40:52 - Epoch 42, Model Loss 4.608645208520827, View Loss 1.6059096654256184, Reg 0.40981125364116594
09-Aug-26 02:41:49 - Epoch 43, Model Loss 1.2894520697250864, View Loss 1.7865791881785673, Reg 0.4481998339197994
09-Aug-26 02:42:46 - Epoch 44, Model Loss 0.33194175669375586, View Loss 1.6271136531642838, Reg 0.41468150650753693
09-Aug-26 02:43:43 - Epoch 45, Model Loss 0.2668519114232409, View Loss 1.9953900536680533, Reg 0.41649500899065556
09-Aug-26 02:43:53 - Epoch 45: Train_acc 0.7418300653594772 Val_acc 0.6078431372549019 Test_acc 0.6020942408376964 Test_auc 0.6367032967032967
09-Aug-26 02:44:50 - Epoch 46, Model Loss 0.2771688215678034, View Loss 2.123583291091171, Reg 0.43971864285032736
09-Aug-26 02:45:47 - Epoch 47, Model Loss 0.21108247926519588, View Loss 2.2102391330245275, Reg 0.4283561147505941
09-Aug-26 02:46:43 - Epoch 48, Model Loss 0.20749138351651578, View Loss 2.247269448112039, Reg 0.4162990041807586
09-Aug-26 02:47:40 - Epoch 49, Model Loss 0.16363508400379442, View Loss 2.2961236854004703, Reg 0.4292995514822941
09-Aug-26 02:48:37 - Epoch 50, Model Loss 0.1630920706426396, View Loss 2.302907638300478, Reg 0.43187030117496167
09-Aug-26 02:48:45 - Epoch 50: Train_acc 0.7924836601307189 Val_acc 0.6209150326797386 Test_acc 0.6230366492146597 Test_auc 0.6603296703296703
09-Aug-26 02:49:42 - Epoch 51, Model Loss 0.15371542852493672, View Loss 2.309397564993964, Reg 0.4226968300108816
09-Aug-26 02:50:39 - Epoch 52, Model Loss 0.1331533859757816, View Loss 2.3181273485320846, Reg 0.4231052626581753
09-Aug-26 02:51:36 - Epoch 53, Model Loss 0.12423513026214113, View Loss 2.3247844300238913, Reg 0.42425425827892776
09-Aug-26 02:52:33 - Epoch 54, Model Loss 0.12533836660821454, View Loss 2.3131796596876155, Reg 0.4229593454233182
09-Aug-26 02:53:30 - Epoch 55, Model Loss 0.11855874303119635, View Loss 2.276601289612016, Reg 0.42190763977618
09-Aug-26 02:53:35 - Epoch 55: Train_acc 0.8300653594771242 Val_acc 0.6274509803921569 Test_acc 0.5078534031413613 Test_auc 0.5336263736263736
09-Aug-26 02:54:31 - Epoch 56, Model Loss 0.1205453507456125, View Loss 2.1509033114302394, Reg 0.42220741237690246
09-Aug-26 02:55:28 - Epoch 57, Model Loss 0.10888299117096109, View Loss 1.80189469982596, Reg 0.4235439892687829
09-Aug-26 02:56:25 - Epoch 58, Model Loss 0.09949803303659352, View Loss 1.07605771496405, Reg 0.4286998027290394
09-Aug-26 02:57:22 - Epoch 59, Model Loss 0.0980910109051692, View Loss 0.032689876805723106, Reg 0.42614132087994244
09-Aug-26 02:58:19 - Epoch 60, Model Loss 0.09685379023255866, View Loss -0.9422304786108677, Reg 0.42051491569849403
09-Aug-26 02:58:26 - Epoch 60: Train_acc 0.8104575163398693 Val_acc 0.6209150326797386 Test_acc 0.6020942408376964 Test_auc 0.6347252747252747
09-Aug-26 02:59:23 - Epoch 61, Model Loss 0.09257444378986858, View Loss -1.581646757188186, Reg 0.41101644904005763
09-Aug-26 03:00:20 - Epoch 62, Model Loss 0.08233724982520334, View Loss -1.9189690624187195, Reg 0.4065090591221853
09-Aug-26 03:01:17 - Epoch 63, Model Loss 0.08946551489674189, View Loss -2.078490318036547, Reg 0.4057842130754508
09-Aug-26 03:02:14 - Epoch 64, Model Loss 0.07801344523242876, View Loss -2.146521255081775, Reg 0.40379121880126156
09-Aug-26 03:03:11 - Epoch 65, Model Loss 0.0872938325202543, View Loss -2.1607721677792617, Reg 0.40443631480721864
09-Aug-26 03:03:17 - Epoch 65: Train_acc 0.7222222222222222 Val_acc 0.6078431372549019 Test_acc 0.612565445026178 Test_auc 0.6282417582417583
09-Aug-26 03:04:14 - Epoch 66, Model Loss 0.08419302729220172, View Loss -2.164848154666377, Reg 0.4033048778187995
09-Aug-26 03:05:11 - Epoch 67, Model Loss 0.08194202788515029, View Loss -2.1731587126364116, Reg 0.40262822582830793
09-Aug-26 03:06:07 - Epoch 68, Model Loss 0.07240303649621851, View Loss -2.1722309075149835, Reg 0.401185808033725
09-Aug-26 03:07:04 - Epoch 69, Model Loss 0.06960303175683115, View Loss -2.1584811943029267, Reg 0.40214048335754793
09-Aug-26 03:08:01 - Epoch 70, Model Loss 0.0801840951434927, View Loss -2.1580833064185247, Reg 0.40032785429674034
09-Aug-26 03:08:06 - Epoch 70: Train_acc 0.826797385620915 Val_acc 0.6013071895424836 Test_acc 0.5968586387434555 Test_auc 0.6121978021978023
09-Aug-26 03:09:03 - Epoch 71, Model Loss 0.08150071100471845, View Loss -2.14587046585831, Reg 0.40143049756685895
09-Aug-26 03:10:00 - Epoch 72, Model Loss 0.07700551724901386, View Loss -2.1506943531285705, Reg 0.39977725541669556
09-Aug-26 03:10:56 - Epoch 73, Model Loss 0.07233489650526857, View Loss -2.1474075410880293, Reg 0.3998204870940813
09-Aug-26 03:11:53 - Epoch 74, Model Loss 0.07639769576733409, View Loss -2.144571181216271, Reg 0.401019201559179
09-Aug-26 03:12:50 - Epoch 75, Model Loss 0.06316703119698693, View Loss -2.1553982893625894, Reg 0.39962934025752
09-Aug-26 03:12:56 - Epoch 75: Train_acc 0.8627450980392157 Val_acc 0.5947712418300654 Test_acc 0.5340314136125655 Test_auc 0.5813186813186813
09-Aug-26 03:13:53 - Epoch 76, Model Loss 0.06565555637958002, View Loss -2.1404345269296683, Reg 0.3993415772135741
09-Aug-26 03:14:50 - Epoch 77, Model Loss 0.06495736919197381, View Loss -2.135997415368074, Reg 0.4009694455106274
09-Aug-26 03:15:46 - Epoch 78, Model Loss 0.06840931453736, View Loss -2.143860670476178, Reg 0.3983704745769501
09-Aug-26 03:16:43 - Epoch 79, Model Loss 0.07167391625105166, View Loss -2.1292392038831522, Reg 0.40252568908766206
09-Aug-26 03:17:40 - Epoch 80, Model Loss 0.06098667459160674, View Loss -2.151426659690009, Reg 0.39819084429273416
09-Aug-26 03:17:45 - Epoch 80: Train_acc 0.7173202614379085 Val_acc 0.6078431372549019 Test_acc 0.5968586387434555 Test_auc 0.6300000000000001
09-Aug-26 03:18:42 - Epoch 81, Model Loss 0.06634760068522559, View Loss -2.1633164851494087, Reg 0.40331342504694573
09-Aug-26 03:19:39 - Epoch 82, Model Loss 0.06716269936436921, View Loss -2.1442709717096067, Reg 0.40072505594858154
09-Aug-26 03:20:35 - Epoch 83, Model Loss 0.0738278750111075, View Loss -2.1280686403411666, Reg 0.401387871675242
09-Aug-26 03:21:32 - Epoch 84, Model Loss 0.07746629621468339, View Loss -2.1283666635650436, Reg 0.4054111059195076
09-Aug-26 03:22:29 - Epoch 85, Model Loss 0.07913044640441345, View Loss -2.135313291175693, Reg 0.4010807174483156
09-Aug-26 03:22:36 - Epoch 85: Train_acc 0.7663398692810458 Val_acc 0.6078431372549019 Test_acc 0.6020942408376964 Test_auc 0.6167032967032967
09-Aug-26 03:23:33 - Epoch 86, Model Loss 0.08159024692049213, View Loss -2.1262530890944737, Reg 0.4082300150706098
09-Aug-26 03:24:30 - Epoch 87, Model Loss 0.08908513285755332, View Loss -2.1315703469943377, Reg 0.40482571195153627
09-Aug-26 03:25:26 - Epoch 88, Model Loss 0.09187620030898674, View Loss -2.134668406318216, Reg 0.4098627586769902
09-Aug-26 03:26:23 - Epoch 89, Model Loss 0.0981385347500346, View Loss -2.126497112847621, Reg 0.4143057656443976
09-Aug-26 03:27:20 - Epoch 90, Model Loss 0.10316523315470202, View Loss -2.1420254302180672, Reg 0.4122088804743648
09-Aug-26 03:27:27 - Epoch 90: Train_acc 0.8202614379084967 Val_acc 0.5751633986928104 Test_acc 0.5916230366492147 Test_auc 0.6105494505494505
09-Aug-26 03:28:23 - Epoch 91, Model Loss 0.11814449454834258, View Loss -2.14011812210083, Reg 0.421119577354855
09-Aug-26 03:29:20 - Epoch 92, Model Loss 0.12830948673821743, View Loss -2.1484273913639043, Reg 0.41923580878700306
09-Aug-26 03:30:17 - Epoch 93, Model Loss 0.1541740925544325, View Loss -2.1422246795853757, Reg 0.4281264130586113
09-Aug-26 03:31:14 - Epoch 94, Model Loss 0.18711564180995124, View Loss -2.147555673823637, Reg 0.44500131973254137
09-Aug-26 03:32:11 - Epoch 95, Model Loss 0.22256522143588348, View Loss -2.1336596760095334, Reg 0.43858374119584076
09-Aug-26 03:32:17 - Epoch 95: Train_acc 0.7663398692810458 Val_acc 0.6013071895424836 Test_acc 0.5863874345549738 Test_auc 0.6129670329670329
09-Aug-26 03:33:14 - Epoch 96, Model Loss 0.28894290561769526, View Loss -2.1425937655704472, Reg 0.4731975193896325
09-Aug-26 03:34:11 - Epoch 97, Model Loss 0.36571716035113616, View Loss -2.149773170745451, Reg 0.47756148787105784
09-Aug-26 03:35:07 - Epoch 98, Model Loss 0.3650629569112865, View Loss -2.176673963958142, Reg 0.47447383286906225
09-Aug-26 03:36:04 - Epoch 99, Model Loss 0.30588968107902925, View Loss -2.163643039129918, Reg 0.47696725605360046
09-Aug-26 03:37:01 - Epoch 100, Model Loss 0.18487592830377467, View Loss -2.1508362355575064, Reg 0.440967354704352
09-Aug-26 03:37:09 - Epoch 100: Train_acc 0.7124183006535948 Val_acc 0.6143790849673203 Test_acc 0.6020942408376964 Test_auc 0.6258241758241758
09-Aug-26 03:38:05 - Epoch 101, Model Loss 0.11354855657402986, View Loss -2.1428081662047145, Reg 0.4253324252717635
09-Aug-26 03:39:02 - Epoch 102, Model Loss 0.07073751267264872, View Loss -2.1331577706181144, Reg 0.4170459362806058
09-Aug-26 03:39:59 - Epoch 103, Model Loss 0.05435559874266581, View Loss -2.1348217032314127, Reg 0.4176876258616354
09-Aug-26 03:40:55 - Epoch 104, Model Loss 0.04998814670089024, View Loss -2.123909202276492, Reg 0.41842392340205076
09-Aug-26 03:41:52 - Epoch 105, Model Loss 0.037890343884237454, View Loss -2.1286825993481804, Reg 0.4177459458899654
09-Aug-26 03:41:59 - Epoch 105: Train_acc 0.7026143790849673 Val_acc 0.6274509803921569 Test_acc 0.5968586387434555 Test_auc 0.6262637362637363
09-Aug-26 03:42:55 - Epoch 106, Model Loss 0.04163855820699455, View Loss -2.1208041181751325, Reg 0.4180220918717727
09-Aug-26 03:43:52 - Epoch 107, Model Loss 0.03509577660778769, View Loss -2.1281304141275244, Reg 0.4129960406449885
09-Aug-26 03:44:49 - Epoch 108, Model Loss 0.030860988240615995, View Loss -2.1294203770706077, Reg 0.41465279693697016
09-Aug-26 03:45:45 - Epoch 109, Model Loss 0.02501714404891519, View Loss -2.120385129467335, Reg 0.40908119082450867
09-Aug-26 03:46:42 - Epoch 110, Model Loss 0.023129167899586797, View Loss -2.12873173071668, Reg 0.40983867489434533
09-Aug-26 03:46:48 - Epoch 110: Train_acc 0.8676470588235294 Val_acc 0.5359477124183006 Test_acc 0.4869109947643979 Test_auc 0.5135164835164835
09-Aug-26 03:47:45 - Epoch 111, Model Loss 0.023138395711487413, View Loss -2.1196795476028343, Reg 0.4067254496945275
09-Aug-26 03:48:42 - Epoch 112, Model Loss 0.021511476998235666, View Loss -2.124569235284344, Reg 0.40579720766715754
09-Aug-26 03:49:39 - Epoch 113, Model Loss 0.028378745699240492, View Loss -2.125418232936485, Reg 0.4047003585139131
09-Aug-26 03:50:35 - Epoch 114, Model Loss 0.025512746930901522, View Loss -2.1257801866219714, Reg 0.40336523842967414
09-Aug-26 03:51:32 - Epoch 115, Model Loss 0.020482717970617455, View Loss -2.1134220696742236, Reg 0.4020524541147394
09-Aug-26 03:51:38 - Epoch 115: Train_acc 0.869281045751634 Val_acc 0.5555555555555556 Test_acc 0.47643979057591623 Test_auc 0.5065934065934066
09-Aug-26 03:52:35 - Epoch 116, Model Loss 0.02044804462420395, View Loss -2.1195006713368536, Reg 0.4026484497232375
09-Aug-26 03:53:32 - Epoch 117, Model Loss 0.022481733287861145, View Loss -2.1175174011903652, Reg 0.40057703969525355
09-Aug-26 03:54:29 - Epoch 118, Model Loss 0.015850241472518522, View Loss -2.1172066514008963, Reg 0.4002838504859825
09-Aug-26 03:55:25 - Epoch 119, Model Loss 0.012311207994916081, View Loss -2.1135436366586124, Reg 0.399912579386842
09-Aug-26 03:56:22 - Epoch 120, Model Loss 0.011320897079760733, View Loss -2.111273982166465, Reg 0.39842674428341435
09-Aug-26 03:56:31 - Epoch 120: Train_acc 0.7630718954248366 Val_acc 0.6209150326797386 Test_acc 0.5863874345549738 Test_auc 0.6092307692307691
09-Aug-26 03:57:27 - Epoch 121, Model Loss 0.011053407211708867, View Loss -2.1153151209837473, Reg 0.39974136621344325
09-Aug-26 03:58:24 - Epoch 122, Model Loss 0.01801020471878301, View Loss -2.1310186884761637, Reg 0.3975992678037656
09-Aug-26 03:59:21 - Epoch 123, Model Loss 0.006749856413579455, View Loss -2.128459972493789, Reg 0.3981146722837211
09-Aug-26 04:00:18 - Epoch 124, Model Loss 0.004888159582038331, View Loss -2.119989409166224, Reg 0.3964426348022386
09-Aug-26 04:01:15 - Epoch 125, Model Loss 0.007536881305033865, View Loss -2.1148028389301174, Reg 0.3998347289032406
09-Aug-26 04:01:23 - Epoch 125: Train_acc 0.7598039215686274 Val_acc 0.6274509803921569 Test_acc 0.581151832460733 Test_auc 0.6094505494505494
09-Aug-26 04:02:20 - Epoch 126, Model Loss 0.009755289437724095, View Loss -2.1175632227480023, Reg 0.394443408920874
09-Aug-26 04:03:16 - Epoch 127, Model Loss 0.005127996206283569, View Loss -2.116671978258619, Reg 0.39871107265840167
09-Aug-26 04:04:13 - Epoch 128, Model Loss 0.004655976895413368, View Loss -2.1225453529482574, Reg 0.39571591257269867
09-Aug-26 04:05:10 - Epoch 129, Model Loss 0.008377398930343926, View Loss -2.117636559056301, Reg 0.3959579902147156
09-Aug-26 04:06:07 - Epoch 130, Model Loss 0.0034071260612774518, View Loss -2.1319553914412954, Reg 0.396195678344739
09-Aug-26 04:06:13 - Epoch 130: Train_acc 0.8611111111111112 Val_acc 0.5555555555555556 Test_acc 0.5392670157068062 Test_auc 0.5524175824175824
09-Aug-26 04:07:10 - Epoch 131, Model Loss 0.006987879771033143, View Loss -2.1336749316820134, Reg 0.3959088948817035
09-Aug-26 04:08:07 - Epoch 132, Model Loss 0.008697988940220253, View Loss -2.135291984657836, Reg 0.3961026362733903
09-Aug-26 04:09:04 - Epoch 133, Model Loss 0.007713782047134599, View Loss -2.1285066791609224, Reg 0.395837765503553
09-Aug-26 04:10:00 - Epoch 134, Model Loss 0.002667211044847576, View Loss -2.1469304873273263, Reg 0.39568063305094353
09-Aug-26 04:10:57 - Epoch 135, Model Loss -0.0018343663488338197, View Loss -2.129889162537319, Reg 0.3962869196156271
09-Aug-26 04:11:05 - Epoch 135: Train_acc 0.8578431372549019 Val_acc 0.5490196078431373 Test_acc 0.5235602094240838 Test_auc 0.5581318681318681
09-Aug-26 04:12:01 - Epoch 136, Model Loss 0.002835606048309725, View Loss -2.1214353150012446, Reg 0.3938894382878846
09-Aug-26 04:12:58 - Epoch 137, Model Loss 0.0011705884746476716, View Loss -2.1102734874276554, Reg 0.39771608394735
09-Aug-26 04:13:55 - Epoch 138, Model Loss 0.001330841113539303, View Loss -2.11838669870414, Reg 0.393906896994784
09-Aug-26 04:14:51 - Epoch 139, Model Loss -0.0037456529787163327, View Loss -2.1172884165071975, Reg 0.39564859282736686
09-Aug-26 04:15:48 - Epoch 140, Model Loss -0.0004880702963062361, View Loss -2.1234706383125457, Reg 0.3961002600738426
09-Aug-26 04:15:54 - Epoch 140: Train_acc 0.8709150326797386 Val_acc 0.5359477124183006 Test_acc 0.5235602094240838 Test_auc 0.5397802197802198
09-Aug-26 04:16:51 - Epoch 141, Model Loss -0.003290370885842766, View Loss -2.121603922127119, Reg 0.3945477336060767
09-Aug-26 04:17:48 - Epoch 142, Model Loss -0.0105921248205347, View Loss -2.1141079422695186, Reg 0.3952045563389273
09-Aug-26 04:18:44 - Epoch 143, Model Loss -0.003559336553212085, View Loss -2.118129967084897, Reg 0.39575091880910535
09-Aug-26 04:19:41 - Epoch 144, Model Loss -0.004993310551238216, View Loss -2.112540668911404, Reg 0.3947848704905292
09-Aug-26 04:20:38 - Epoch 145, Model Loss -0.00713760780742745, View Loss -2.1152261752708283, Reg 0.39523335122594644
09-Aug-26 04:20:45 - Epoch 145: Train_acc 0.7728758169934641 Val_acc 0.6143790849673203 Test_acc 0.5968586387434555 Test_auc 0.6167032967032967
09-Aug-26 04:21:42 - Epoch 146, Model Loss -0.00476531421436983, View Loss -2.114413842656254, Reg 0.3943415780862172
09-Aug-26 04:22:39 - Epoch 147, Model Loss -0.008198783970346638, View Loss -2.120757984959222, Reg 0.3967055378396527
09-Aug-26 04:23:35 - Epoch 148, Model Loss -0.00952828514809702, View Loss -2.1223045361587425, Reg 0.39217400823543275
09-Aug-26 04:24:32 - Epoch 149, Model Loss -0.00882229686172959, View Loss -2.1062152494792064, Reg 0.396826074403875
09-Aug-26 04:25:29 - Epoch 150, Model Loss -0.008966061414456834, View Loss -2.113787149292192, Reg 0.39267626638505976
09-Aug-26 04:25:36 - Epoch 150: Train_acc 0.6895424836601307 Val_acc 0.6339869281045751 Test_acc 0.5863874345549738 Test_auc 0.6320879120879122
09-Aug-26 04:26:33 - Epoch 151, Model Loss -0.00808154757505928, View Loss -2.1108585619458964, Reg 0.39630987500053605
09-Aug-26 04:27:29 - Epoch 152, Model Loss -0.013154120616663515, View Loss -2.117272584266912, Reg 0.39311279853185016
09-Aug-26 04:28:26 - Epoch 153, Model Loss -0.01098640974051033, View Loss -2.121499518163843, Reg 0.395161010081472
09-Aug-26 04:29:23 - Epoch 154, Model Loss -0.013476266385683047, View Loss -2.110112297768686, Reg 0.39437663652538474
09-Aug-26 04:30:20 - Epoch 155, Model Loss -0.0024672285014507816, View Loss -2.1244887433020896, Reg 0.39346377015892975
09-Aug-26 04:30:27 - Epoch 155: Train_acc 0.8660130718954249 Val_acc 0.5294117647058824 Test_acc 0.5287958115183246 Test_auc 0.5414285714285714
09-Aug-26 04:31:23 - Epoch 156, Model Loss -0.016870015392116473, View Loss -2.138273714414609, Reg 0.39552149916785995
09-Aug-26 04:32:20 - Epoch 157, Model Loss -0.01203373503061681, View Loss -2.149585256389543, Reg 0.3923099559116987
09-Aug-26 04:33:17 - Epoch 158, Model Loss -0.016307166394065407, View Loss -2.1366193465937195, Reg 0.3947070655869503
09-Aug-26 04:34:14 - Epoch 159, Model Loss -0.010522798190709034, View Loss -2.124979422762503, Reg 0.39456242167092614
09-Aug-26 04:35:11 - Epoch 160, Model Loss -0.012844430270537832, View Loss -2.134260509528366, Reg 0.39352211083462035
09-Aug-26 04:35:21 - Epoch 160: Train_acc 0.6928104575163399 Val_acc 0.6209150326797386 Test_acc 0.5706806282722513 Test_auc 0.62989010989011
09-Aug-26 04:36:18 - Epoch 161, Model Loss -0.018009862479041603, View Loss -2.125203431821337, Reg 0.3933497577710868
09-Aug-26 04:37:14 - Epoch 162, Model Loss -0.012633097132826163, View Loss -2.1088351954042523, Reg 0.39404909653601305
09-Aug-26 04:38:11 - Epoch 163, Model Loss -0.012869636704719144, View Loss -2.105354117412193, Reg 0.3931847921773499
09-Aug-26 04:39:08 - Epoch 164, Model Loss -0.01874801019827525, View Loss -2.112958702386594, Reg 0.39504900691555994
09-Aug-26 04:40:05 - Epoch 165, Model Loss -0.02215896205964431, View Loss -2.1172535606459078, Reg 0.3921769816501468
09-Aug-26 04:40:12 - Epoch 165: Train_acc 0.7581699346405228 Val_acc 0.6143790849673203 Test_acc 0.5759162303664922 Test_auc 0.6183516483516484
09-Aug-26 04:41:08 - Epoch 166, Model Loss -0.021737178069314148, View Loss -2.1228040464563307, Reg 0.3943360297898062
09-Aug-26 04:42:05 - Epoch 167, Model Loss -0.01655993820015901, View Loss -2.1263784614263797, Reg 0.3933177652701833
09-Aug-26 04:43:02 - Epoch 168, Model Loss -0.019438101964838365, View Loss -2.1176896235522102, Reg 0.3927306240680171
09-Aug-26 04:43:59 - Epoch 169, Model Loss -0.02218003161981994, View Loss -2.118539955101761, Reg 0.3938000305415758
09-Aug-26 04:44:55 - Epoch 170, Model Loss -0.018806593188273362, View Loss -2.115752366633197, Reg 0.3923381050817328
09-Aug-26 04:45:01 - Epoch 170: Train_acc 0.8676470588235294 Val_acc 0.5424836601307189 Test_acc 0.5287958115183246 Test_auc 0.5274725274725275
09-Aug-26 04:45:58 - Epoch 171, Model Loss -0.021476854880650837, View Loss -2.1147149279226665, Reg 0.39181553888944237
09-Aug-26 04:46:55 - Epoch 172, Model Loss -0.021439326160094318, View Loss -2.1200273333032147, Reg 0.39533742833760827
09-Aug-26 04:47:51 - Epoch 173, Model Loss -0.020704562952315885, View Loss -2.1068931903714447, Reg 0.3915536610129612
09-Aug-26 04:48:48 - Epoch 174, Model Loss -0.02402349079356474, View Loss -2.112164126502143, Reg 0.3930821428501528
09-Aug-26 04:49:45 - Epoch 175, Model Loss -0.02246083913285748, View Loss -2.102904037712446, Reg 0.3929262161254883
09-Aug-26 04:49:51 - Epoch 175: Train_acc 0.6879084967320261 Val_acc 0.6143790849673203 Test_acc 0.5759162303664922 Test_auc 0.6304395604395604
09-Aug-26 04:50:48 - Epoch 176, Model Loss -0.026203449450287165, View Loss -2.124518327463686, Reg 0.39252565947233464
09-Aug-26 04:51:44 - Epoch 177, Model Loss -0.02378682977233837, View Loss -2.1205901460709913, Reg 0.3927152306815378
09-Aug-26 04:52:41 - Epoch 178, Model Loss -0.021748311963735844, View Loss -2.1184288224363637, Reg 0.3932126826710171
09-Aug-26 04:53:38 - Epoch 179, Model Loss -0.027583905343526328, View Loss -2.111485976798862, Reg 0.39192619179588517
09-Aug-26 04:54:35 - Epoch 180, Model Loss -0.020569559016258888, View Loss -2.1071396793415342, Reg 0.392807265317518
09-Aug-26 04:54:40 - Epoch 180: Train_acc 0.8643790849673203 Val_acc 0.5555555555555556 Test_acc 0.518324607329843 Test_auc 0.5283516483516484
09-Aug-26 04:55:37 - Epoch 181, Model Loss -0.02557132641474406, View Loss -2.1041975333020577, Reg 0.3926948899147557
09-Aug-26 04:56:33 - Epoch 182, Model Loss -0.03441809819025152, View Loss -2.108936984554615, Reg 0.39202532308553556
09-Aug-26 04:57:30 - Epoch 183, Model Loss -0.022460699276207318, View Loss -2.111790108524896, Reg 0.39180993624761995
09-Aug-26 04:58:27 - Epoch 184, Model Loss -0.03030187592786901, View Loss -2.1052587546554267, Reg 0.3922710071981343
09-Aug-26 04:59:23 - Epoch 185, Model Loss -0.031936914020893624, View Loss -2.1118937676248986, Reg 0.39268843878328413
09-Aug-26 04:59:29 - Epoch 185: Train_acc 0.7647058823529411 Val_acc 0.6209150326797386 Test_acc 0.5759162303664922 Test_auc 0.6113186813186813
09-Aug-26 05:00:26 - Epoch 186, Model Loss -0.027580289864072613, View Loss -2.108201796712439, Reg 0.39223179552290177
09-Aug-26 05:01:22 - Epoch 187, Model Loss -0.02259718602389292, View Loss -2.104901578691271, Reg 0.39088865062769723
09-Aug-26 05:02:19 - Epoch 188, Model Loss -0.02815314641624105, View Loss -2.1025488423366174, Reg 0.39280716149635564
09-Aug-26 05:03:16 - Epoch 189, Model Loss -0.025537456172743653, View Loss -2.107798501556995, Reg 0.3913173615153319
09-Aug-26 05:04:13 - Epoch 190, Model Loss -0.023424476385116577, View Loss -2.105688246247036, Reg 0.3917227360158185
09-Aug-26 05:04:19 - Epoch 190: Train_acc 0.6944444444444444 Val_acc 0.6339869281045751 Test_acc 0.5759162303664922 Test_auc 0.6298901098901099
09-Aug-26 05:05:16 - Epoch 191, Model Loss -0.027517357585476895, View Loss -2.1110465168173795, Reg 0.3919246673973557
09-Aug-26 05:06:13 - Epoch 192, Model Loss -0.030664731961449768, View Loss -2.109425804973428, Reg 0.39235986155622143
09-Aug-26 05:07:09 - Epoch 193, Model Loss -0.02953748059233809, View Loss -2.1118508460474947, Reg 0.3907312945602766
09-Aug-26 05:08:06 - Epoch 194, Model Loss -0.03438574479880676, View Loss -2.102189570470573, Reg 0.39245552798501804
09-Aug-26 05:09:03 - Epoch 195, Model Loss -0.032080485990721413, View Loss -2.107486391379163, Reg 0.39090273095891365
09-Aug-26 05:09:10 - Epoch 195: Train_acc 0.8496732026143791 Val_acc 0.5555555555555556 Test_acc 0.5654450261780105 Test_auc 0.5791208791208792
09-Aug-26 05:10:06 - Epoch 196, Model Loss -0.03323096543355705, View Loss -2.1192453780205422, Reg 0.39162520976627574
09-Aug-26 05:11:03 - Epoch 197, Model Loss -0.03648773571050245, View Loss -2.113043934691186, Reg 0.39141730642786215
09-Aug-26 05:12:00 - Epoch 198, Model Loss -0.02521223862186756, View Loss -2.139598162345637, Reg 0.39149823570563125
09-Aug-26 05:12:57 - Epoch 199, Model Loss -0.0362974224624291, View Loss -2.1103259893803816, Reg 0.39091332597670214
09-Aug-26 05:13:54 - Epoch 200, Model Loss -0.030640830401501624, View Loss -2.1079951797435488, Reg 0.39105089369163015
09-Aug-26 05:14:00 - Epoch 200: Train_acc 0.7663398692810458 Val_acc 0.6274509803921569 Test_acc 0.5654450261780105 Test_auc 0.6143956043956044
09-Aug-26 05:14:57 - Epoch 201, Model Loss -0.03334834986652424, View Loss -2.1114431082033644, Reg 0.3917069600688087
09-Aug-26 05:15:54 - Epoch 202, Model Loss -0.03133880799891902, View Loss -2.108132546244104, Reg 0.3900618562900942
09-Aug-26 05:16:50 - Epoch 203, Model Loss -0.03651192287604014, View Loss -2.120368569504981, Reg 0.39195195424790474
09-Aug-26 05:17:47 - Epoch 204, Model Loss -0.03434619473086463, View Loss -2.1287591722276478, Reg 0.39068662535910514
09-Aug-26 05:18:44 - Epoch 205, Model Loss -0.0280862241204268, View Loss -2.124831525328892, Reg 0.3912510778389725
09-Aug-26 05:18:50 - Epoch 205: Train_acc 0.6928104575163399 Val_acc 0.6209150326797386 Test_acc 0.5759162303664922 Test_auc 0.6286813186813187
09-Aug-26 05:19:46 - Epoch 206, Model Loss -0.03291474117173089, View Loss -2.121659253936967, Reg 0.39014098885791754
09-Aug-26 05:20:43 - Epoch 207, Model Loss -0.030300420629822352, View Loss -2.107924813538595, Reg 0.3905803456025965
09-Aug-26 05:21:40 - Epoch 208, Model Loss -0.036412523219398425, View Loss -2.1086366051941914, Reg 0.3917002029278699
09-Aug-26 05:22:37 - Epoch 209, Model Loss -0.03798189076284567, View Loss -2.0994385488672194, Reg 0.38914648613898584
09-Aug-26 05:23:33 - Epoch 210, Model Loss -0.035027570389454664, View Loss -2.107269784204321, Reg 0.39142534799045986
09-Aug-26 05:23:40 - Epoch 210: Train_acc 0.8741830065359477 Val_acc 0.5294117647058824 Test_acc 0.518324607329843 Test_auc 0.5382417582417582
09-Aug-26 05:24:37 - Epoch 211, Model Loss -0.03635677683100202, View Loss -2.1104462162341946, Reg 0.3911727812944674
09-Aug-26 05:25:34 - Epoch 212, Model Loss -0.04126355305216671, View Loss -2.1260090466418298, Reg 0.3890552398036508
09-Aug-26 05:26:31 - Epoch 213, Model Loss -0.03368489400428884, View Loss -2.120654408448662, Reg 0.39178239286335464
09-Aug-26 05:27:28 - Epoch 214, Model Loss -0.039771475579613955, View Loss -2.1243874154059714, Reg 0.38944273641686034
09-Aug-26 05:28:25 - Epoch 215, Model Loss -0.04239044591687084, View Loss -2.1131649780896753, Reg 0.39105336650524264
09-Aug-26 05:28:31 - Epoch 215: Train_acc 0.8741830065359477 Val_acc 0.5424836601307189 Test_acc 0.4973821989528796 Test_auc 0.5350549450549451
09-Aug-26 05:29:28 - Epoch 216, Model Loss -0.04137064574980268, View Loss -2.121427249285131, Reg 0.390485392481673
09-Aug-26 05:30:25 - Epoch 217, Model Loss -0.04300148449107712, View Loss -2.1068478690253363, Reg 0.3904581889997121
09-Aug-26 05:31:22 - Epoch 218, Model Loss -0.04644076594340256, View Loss -2.1126316575443043, Reg 0.3900869775052164
09-Aug-26 05:32:19 - Epoch 219, Model Loss -0.040729192846448596, View Loss -2.1123650151919695, Reg 0.389951249937606
09-Aug-26 05:33:15 - Epoch 220, Model Loss -0.04191748038226483, View Loss -2.112926709106545, Reg 0.39014144602164724
09-Aug-26 05:33:21 - Epoch 220: Train_acc 0.8562091503267973 Val_acc 0.5816993464052288 Test_acc 0.5287958115183246 Test_auc 0.5587912087912088
09-Aug-26 05:34:18 - Epoch 221, Model Loss -0.039898203186739506, View Loss -2.1083091146805706, Reg 0.3892250740839765
09-Aug-26 05:35:15 - Epoch 222, Model Loss -0.04656987452234318, View Loss -2.11409819515702, Reg 0.39087554150157505
09-Aug-26 05:36:12 - Epoch 223, Model Loss -0.043775941957445705, View Loss -2.143636814129898, Reg 0.38960158084732255
09-Aug-26 05:37:09 - Epoch 224, Model Loss -0.04012673012181824, View Loss -2.1359309900819867, Reg 0.3901565661227781
09-Aug-26 05:38:05 - Epoch 225, Model Loss -0.03847840613399456, View Loss -2.1353355731839447, Reg 0.3891291867673787
09-Aug-26 05:38:11 - Epoch 225: Train_acc 0.6944444444444444 Val_acc 0.6209150326797386 Test_acc 0.581151832460733 Test_auc 0.6320879120879122
09-Aug-26 05:39:07 - Epoch 226, Model Loss -0.045798656402849684, View Loss -2.1381476377350053, Reg 0.3896016686959983
09-Aug-26 05:40:04 - Epoch 227, Model Loss -0.039157644267273105, View Loss -2.1002430386013455, Reg 0.38874731324856576
09-Aug-26 05:41:01 - Epoch 228, Model Loss -0.042472562271785114, View Loss -2.105541174707849, Reg 0.3897908289058536
09-Aug-26 05:41:58 - Epoch 229, Model Loss -0.05216134100957634, View Loss -2.1089273870380874, Reg 0.390569265956193
09-Aug-26 05:42:54 - Epoch 230, Model Loss -0.045587371766956805, View Loss -2.1046190620247835, Reg 0.3890304121316648
09-Aug-26 05:43:02 - Epoch 230: Train_acc 0.8627450980392157 Val_acc 0.5620915032679739 Test_acc 0.5497382198952879 Test_auc 0.5668131868131868
09-Aug-26 05:43:59 - Epoch 231, Model Loss -0.044196489833149256, View Loss -2.106541106903475, Reg 0.38912537382319085
09-Aug-26 05:44:56 - Epoch 232, Model Loss -0.04786492738069272, View Loss -2.10483918626324, Reg 0.3900348238306108
09-Aug-26 05:45:53 - Epoch 233, Model Loss -0.044482049574844196, View Loss -2.1026387510736004, Reg 0.3882507290325913
09-Aug-26 05:46:50 - Epoch 234, Model Loss -0.04079057407729766, View Loss -2.11208622440014, Reg 0.3900284973624485
09-Aug-26 05:47:47 - Epoch 235, Model Loss -0.04402160040693345, View Loss -2.1067516585580663, Reg 0.3887670649812112
09-Aug-26 05:47:54 - Epoch 235: Train_acc 0.8578431372549019 Val_acc 0.5620915032679739 Test_acc 0.5445026178010471 Test_auc 0.5719780219780219
09-Aug-26 05:48:51 - Epoch 236, Model Loss -0.04377090419624366, View Loss -2.1127777878755056, Reg 0.3886218047609516
09-Aug-26 05:49:48 - Epoch 237, Model Loss -0.05177661786281985, View Loss -2.1282530594495386, Reg 0.389697833193673
09-Aug-26 05:50:44 - Epoch 238, Model Loss -0.03993641753114906, View Loss -2.1371607312969134, Reg 0.3877121923016567
09-Aug-26 05:51:41 - Epoch 239, Model Loss -0.045304598871107195, View Loss -2.1458638867521596, Reg 0.3894562033656376
09-Aug-26 05:52:38 - Epoch 240, Model Loss -0.04905711591633317, View Loss -2.115527790356306, Reg 0.3896746395849714
09-Aug-26 05:52:43 - Epoch 240: Train_acc 0.6911764705882353 Val_acc 0.6209150326797386 Test_acc 0.5759162303664922 Test_auc 0.6284615384615385
09-Aug-26 05:53:40 - Epoch 241, Model Loss -0.046389327585404996, View Loss -2.1203174591064453, Reg 0.38702066661485657
09-Aug-26 05:54:37 - Epoch 242, Model Loss -0.04834789052313449, View Loss -2.1139282712749408, Reg 0.38996996131597783
09-Aug-26 05:55:33 - Epoch 243, Model Loss -0.04957863143066955, View Loss -2.1236555249083278, Reg 0.38867296560917025
09-Aug-26 05:56:30 - Epoch 244, Model Loss -0.05012897786751292, View Loss -2.1207277525484174, Reg 0.38883649971750045
09-Aug-26 05:57:27 - Epoch 245, Model Loss -0.04928931715636471, View Loss -2.1133978024027704, Reg 0.38904782837512447
09-Aug-26 05:57:34 - Epoch 245: Train_acc 0.8594771241830066 Val_acc 0.5490196078431373 Test_acc 0.5497382198952879 Test_auc 0.559010989010989
09-Aug-26 05:58:31 - Epoch 246, Model Loss -0.053564604785707265, View Loss -2.1062475232517017, Reg 0.3877996730259041
09-Aug-26 05:59:28 - Epoch 247, Model Loss -0.04457989359408422, View Loss -2.104130107592913, Reg 0.38854756970810733
09-Aug-26 06:00:24 - Epoch 248, Model Loss -0.0497234197808247, View Loss -2.104190224915548, Reg 0.38943149762995105
09-Aug-26 06:01:21 - Epoch 249, Model Loss -0.05326855898487801, View Loss -2.1029938700931523, Reg 0.38747908126295
09-Aug-26 06:02:18 - Epoch 250, Model Loss -0.05420584927976521, View Loss -2.1036358393874823, Reg 0.3881647037524803
09-Aug-26 06:02:24 - Epoch 250: Train_acc 0.8627450980392157 Val_acc 0.5490196078431373 Test_acc 0.4973821989528796 Test_auc 0.5517582417582417
09-Aug-26 06:03:21 - Epoch 251, Model Loss -0.04921156596514135, View Loss -2.103475344726463, Reg 0.3889610346625833
09-Aug-26 06:04:18 - Epoch 252, Model Loss -0.046845664300657563, View Loss -2.102346314324273, Reg 0.3870256556794534
09-Aug-26 06:05:14 - Epoch 253, Model Loss -0.04744235991068136, View Loss -2.0981725025800317, Reg 0.38844821110270383
09-Aug-26 06:06:11 - Epoch 254, Model Loss -0.049767660354477126, View Loss -2.1017782656975044, Reg 0.3882075779967838
09-Aug-26 06:07:08 - Epoch 255, Model Loss -0.05106131732463837, View Loss -2.101545854331621, Reg 0.38744935724470353
09-Aug-26 06:07:15 - Epoch 255: Train_acc 0.6928104575163399 Val_acc 0.6209150326797386 Test_acc 0.5759162303664922 Test_auc 0.6298901098901099
09-Aug-26 06:08:12 - Epoch 256, Model Loss -0.05315090939889546, View Loss -2.1006966276106493, Reg 0.38839348079332336
09-Aug-26 06:09:09 - Epoch 257, Model Loss -0.050596432748183706, View Loss -2.100688708373924, Reg 0.3871019770896513
09-Aug-26 06:10:06 - Epoch 258, Model Loss -0.049996088727626925, View Loss -2.1018602022158555, Reg 0.3876446719263114
09-Aug-26 06:11:02 - Epoch 259, Model Loss -0.05248204906002369, View Loss -2.099965309005937, Reg 0.3877374144161449
09-Aug-26 06:11:59 - Epoch 260, Model Loss -0.05299772974712397, View Loss -2.1038129111520605, Reg 0.38832850335470215
09-Aug-26 06:12:08 - Epoch 260: Train_acc 0.8578431372549019 Val_acc 0.5163398692810458 Test_acc 0.5340314136125655 Test_auc 0.5560439560439561
09-Aug-26 06:13:05 - Epoch 261, Model Loss -0.05214257957109439, View Loss -2.1131912680233227, Reg 0.3869153937093573
09-Aug-26 06:14:02 - Epoch 262, Model Loss -0.05614323690046672, View Loss -2.1087672648087046, Reg 0.3871651946329603
09-Aug-26 06:14:59 - Epoch 263, Model Loss -0.05017694314710455, View Loss -2.10642102652905, Reg 0.38805655326718597
09-Aug-26 06:15:55 - Epoch 264, Model Loss -0.05672902180478464, View Loss -2.1102887025845596, Reg 0.38591291234384173
09-Aug-26 06:16:52 - Epoch 265, Model Loss -0.054217594316582275, View Loss -2.124829945221446, Reg 0.3879937747724695
09-Aug-26 06:16:58 - Epoch 265: Train_acc 0.761437908496732 Val_acc 0.6274509803921569 Test_acc 0.581151832460733 Test_auc 0.6165934065934067
09-Aug-26 06:17:55 - Epoch 266, Model Loss -0.05438559409839655, View Loss -2.1102354027866537, Reg 0.3871854798856124
09-Aug-26 06:18:52 - Epoch 267, Model Loss -0.05437539420486276, View Loss -2.11274081585454, Reg 0.38707704734958076
09-Aug-26 06:19:49 - Epoch 268, Model Loss -0.05372109122915206, View Loss -2.11548650810142, Reg 0.38661016455662794
09-Aug-26 06:20:45 - Epoch 269, Model Loss -0.052679575444046965, View Loss -2.1100624823102763, Reg 0.3873566893580692
09-Aug-26 06:21:42 - Epoch 270, Model Loss -0.0518150902261921, View Loss -2.096317361382877, Reg 0.3868207302358415
09-Aug-26 06:21:49 - Epoch 270: Train_acc 0.7647058823529411 Val_acc 0.6339869281045751 Test_acc 0.5863874345549738 Test_auc 0.6147252747252747
09-Aug-26 06:22:46 - Epoch 271, Model Loss -0.05041704546002781, View Loss -2.097833912357006, Reg 0.3868873427116793
09-Aug-26 06:23:43 - Epoch 272, Model Loss -0.05501494766060823, View Loss -2.1025995803035165, Reg 0.387072031014885
09-Aug-26 06:24:40 - Epoch 273, Model Loss -0.05344359586441439, View Loss -2.097751955580867, Reg 0.38648882060269124
09-Aug-26 06:25:37 - Epoch 274, Model Loss -0.05613242586453756, View Loss -2.0989117357465954, Reg 0.3867175162228104
09-Aug-26 06:26:33 - Epoch 275, Model Loss -0.05863274741016961, View Loss -2.102431887894674, Reg 0.38625945374856585
09-Aug-26 06:26:39 - Epoch 275: Train_acc 0.8545751633986928 Val_acc 0.5555555555555556 Test_acc 0.5549738219895288 Test_auc 0.559010989010989
09-Aug-26 06:27:36 - Epoch 276, Model Loss -0.05527128814871794, View Loss -2.1008416390886495, Reg 0.3861478043147941
09-Aug-26 06:28:33 - Epoch 277, Model Loss -0.05307195993030772, View Loss -2.092160115834155, Reg 0.38671111807324526
09-Aug-26 06:29:29 - Epoch 278, Model Loss -0.056201722302468, View Loss -2.0974738644618616, Reg 0.38692819078763324
09-Aug-26 06:30:26 - Epoch 279, Model Loss -0.058523923937791315, View Loss -2.094253898446077, Reg 0.38574467375387556
09-Aug-26 06:31:23 - Epoch 280, Model Loss -0.05676410439746832, View Loss -2.0980218298294964, Reg 0.38590011721343
09-Aug-26 06:31:29 - Epoch 280: Train_acc 0.7026143790849673 Val_acc 0.6209150326797386 Test_acc 0.5706806282722513 Test_auc 0.6251648351648352
09-Aug-26 06:32:25 - Epoch 281, Model Loss -0.062286905213898305, View Loss -2.1004753938687393, Reg 0.38746022067817987
09-Aug-26 06:33:22 - Epoch 282, Model Loss -0.05782914414904476, View Loss -2.0963947087331536, Reg 0.38540070275076077
09-Aug-26 06:34:19 - Epoch 283, Model Loss -0.05502160670223579, View Loss -2.0904351823470173, Reg 0.3868676149377636
09-Aug-26 06:35:16 - Epoch 284, Model Loss -0.05993893976305045, View Loss -2.102228783314524, Reg 0.38577520243482655
09-Aug-26 06:36:13 - Epoch 285, Model Loss -0.061727408879722646, View Loss -2.0985008969026455, Reg 0.38609019136117173
09-Aug-26 06:36:18 - Epoch 285: Train_acc 0.7663398692810458 Val_acc 0.6470588235294118 Test_acc 0.5654450261780105 Test_auc 0.6096703296703296
09-Aug-26 06:37:15 - Epoch 286, Model Loss -0.05418980219005759, View Loss -2.0975082668603635, Reg 0.38628369978829924
09-Aug-26 06:38:12 - Epoch 287, Model Loss -0.05839886034236235, View Loss -2.0979936372220904, Reg 0.38514762240297656
09-Aug-26 06:39:09 - Epoch 288, Model Loss -0.06393303863363328, View Loss -2.09666364489038, Reg 0.3861912919415368
09-Aug-26 06:40:05 - Epoch 289, Model Loss -0.06476278904995887, View Loss -2.0986028668148067, Reg 0.3864552370863023
09-Aug-26 06:41:02 - Epoch 290, Model Loss -0.06311266056073257, View Loss -2.0990325641008765, Reg 0.384801195143095
09-Aug-26 06:41:09 - Epoch 290: Train_acc 0.7630718954248366 Val_acc 0.6535947712418301 Test_acc 0.581151832460733 Test_auc 0.6135164835164836
09-Aug-26 06:42:06 - Epoch 291, Model Loss -0.06451899008034101, View Loss -2.09945490001853, Reg 0.3860947729325762
09-Aug-26 06:43:03 - Epoch 292, Model Loss -0.057048540294559955, View Loss -2.105220821168688, Reg 0.385078270840489
09-Aug-26 06:43:59 - Epoch 293, Model Loss -0.05428393078006171, View Loss -2.1052649971706416, Reg 0.384997623029098
09-Aug-26 06:44:56 - Epoch 294, Model Loss -0.06201449445649689, View Loss -2.119241092719284, Reg 0.386140832714006
09-Aug-26 06:45:53 - Epoch 295, Model Loss -0.06100409755519792, View Loss -2.106953902961382, Reg 0.38415869193918567
09-Aug-26 06:45:59 - Epoch 295: Train_acc 0.8774509803921569 Val_acc 0.5228758169934641 Test_acc 0.5392670157068062 Test_auc 0.5503296703296703
09-Aug-26 06:46:56 - Epoch 296, Model Loss -0.0603090600640166, View Loss -2.100113214231005, Reg 0.38637007548918134
09-Aug-26 06:47:52 - Epoch 297, Model Loss -0.06254112486745797, View Loss -2.0971198455960143, Reg 0.38490164474724164
09-Aug-26 06:48:49 - Epoch 298, Model Loss -0.061114984400132126, View Loss -2.106609811969832, Reg 0.38523514948639215
09-Aug-26 06:49:46 - Epoch 299, Model Loss -0.06693590680758159, View Loss -2.107258425818549, Reg 0.3851997079023349
09-Aug-26 06:50:43 - Epoch 300, Model Loss -0.05955295547161227, View Loss -2.1014646502102123, Reg 0.3844931785966836
09-Aug-26 06:50:50 - Epoch 300: Train_acc 0.7549019607843137 Val_acc 0.6274509803921569 Test_acc 0.5759162303664922 Test_auc 0.6197802197802198
09-Aug-26 06:50:50 - FinishedTraining! BestEpoch (eval-interval index): 57
09-Aug-26 06:50:50 - Wrote /users/3171356m/muhammad/GraSTIACL/nested_cv/results/nocombat__emb256_bs128__fold3.json
09-Aug-26 06:50:50 - {
  "emb_dim": 256,
  "batch_size": 128,
  "fold": 3,
  "combat": false,
  "n_train": 612,
  "n_val": 153,
  "n_test": 191,
  "best_val_epoch_idx": 57,
  "train_accuracy": 0.7630718954248366,
  "val_accuracy": 0.6535947712418301,
  "test_accuracy": 0.581151832460733,
  "train_f1": 0.7512864493996569,
  "val_f1": 0.624113475177305,
  "test_f1": 0.5604395604395604,
  "train_sensitivity": 0.7525773170014525,
  "val_sensitivity": 0.6027397177706888,
  "test_sensitivity": 0.560439554280884,
  "train_specificity": 0.7725856673751226,
  "val_specificity": 0.6999999912500001,
  "test_specificity": 0.599999994,
  "train_precision": 0.75,
  "val_precision": 0.6470588235294118,
  "test_precision": 0.5604395604395604,
  "test_auc": 0.6135164835164836,
  "fin_reg": 0.384801195143095
}
