Task 11: config=2 fold=1 batch_size=32 emb_dim=256 mij_source=alff combat=yes
The Zen of Python, by Tim Peters

Beautiful is better than ugly.
Explicit is better than implicit.
Simple is better than complex.
Complex is better than complicated.
Flat is better than nested.
Sparse is better than dense.
Readability counts.
Special cases aren't special enough to break the rules.
Although practicality beats purity.
Errors should never pass silently.
Unless explicitly silenced.
In the face of ambiguity, refuse the temptation to guess.
There should be one-- and preferably only one --obvious way to do it.
Although that way may not be obvious at first unless you're Dutch.
Now is better than never.
Although never is often better than *right* now.
If the implementation is hard to explain, it's a bad idea.
If the implementation is easy to explain, it may be a good idea.
Namespaces are one honking great idea -- let's do more of those!
validation time cost : 0.17203 sec
validation time cost : 0.17139 sec
validation time cost : 0.14606 sec
validation time cost : 0.14734 sec
validation time cost : 0.14385 sec
validation time cost : 0.15380 sec
validation time cost : 0.14933 sec
validation time cost : 0.15123 sec
validation time cost : 0.14685 sec
validation time cost : 0.15345 sec
validation time cost : 0.16282 sec
validation time cost : 0.15199 sec
validation time cost : 0.13791 sec
validation time cost : 0.13763 sec
validation time cost : 0.13519 sec
validation time cost : 0.13635 sec
validation time cost : 0.13412 sec
validation time cost : 0.13554 sec
validation time cost : 0.13750 sec
validation time cost : 0.13375 sec
validation time cost : 0.13500 sec
validation time cost : 0.13695 sec
validation time cost : 0.13396 sec
validation time cost : 0.13481 sec
validation time cost : 0.14011 sec
validation time cost : 0.13433 sec
validation time cost : 0.13525 sec
validation time cost : 0.13614 sec
validation time cost : 0.13488 sec
validation time cost : 0.13380 sec
validation time cost : 0.13512 sec
validation time cost : 0.13520 sec
validation time cost : 0.13451 sec
validation time cost : 0.13459 sec
validation time cost : 0.13399 sec
validation time cost : 0.13435 sec
validation time cost : 0.13440 sec
validation time cost : 0.13613 sec
validation time cost : 0.14073 sec
validation time cost : 0.13377 sec
validation time cost : 0.13517 sec
validation time cost : 0.13439 sec
validation time cost : 0.13573 sec
validation time cost : 0.13413 sec
validation time cost : 0.13508 sec
validation time cost : 0.13439 sec
validation time cost : 0.13423 sec
validation time cost : 0.13657 sec
validation time cost : 0.13459 sec
validation time cost : 0.13559 sec
validation time cost : 0.13597 sec
validation time cost : 0.13554 sec
validation time cost : 0.13370 sec
validation time cost : 0.13461 sec
validation time cost : 0.13479 sec
validation time cost : 0.13690 sec
validation time cost : 0.13395 sec
validation time cost : 0.13484 sec
validation time cost : 0.13578 sec
validation time cost : 0.13474 sec
