Task 12: config=2 fold=2 batch_size=32 emb_dim=256 mij_source=alff combat=yes
The Zen of Python, by Tim Peters

Beautiful is better than ugly.
Explicit is better than implicit.
Simple is better than complex.
Complex is better than complicated.
Flat is better than nested.
Sparse is better than dense.
Readability counts.
Special cases aren't special enough to break the rules.
Although practicality beats purity.
Errors should never pass silently.
Unless explicitly silenced.
In the face of ambiguity, refuse the temptation to guess.
There should be one-- and preferably only one --obvious way to do it.
Although that way may not be obvious at first unless you're Dutch.
Now is better than never.
Although never is often better than *right* now.
If the implementation is hard to explain, it's a bad idea.
If the implementation is easy to explain, it may be a good idea.
Namespaces are one honking great idea -- let's do more of those!
validation time cost : 0.16925 sec
validation time cost : 0.17395 sec
validation time cost : 0.19746 sec
validation time cost : 0.16653 sec
validation time cost : 0.15584 sec
validation time cost : 0.15340 sec
validation time cost : 0.18276 sec
validation time cost : 0.17556 sec
validation time cost : 0.16845 sec
validation time cost : 0.17465 sec
validation time cost : 0.15579 sec
validation time cost : 0.14526 sec
validation time cost : 0.14767 sec
validation time cost : 0.16394 sec
validation time cost : 0.14368 sec
validation time cost : 0.15108 sec
validation time cost : 0.14878 sec
validation time cost : 0.14157 sec
validation time cost : 0.14760 sec
validation time cost : 0.13833 sec
validation time cost : 0.14134 sec
validation time cost : 0.13838 sec
validation time cost : 0.14165 sec
validation time cost : 0.13861 sec
validation time cost : 0.14150 sec
validation time cost : 0.13790 sec
validation time cost : 0.13822 sec
validation time cost : 0.13811 sec
validation time cost : 0.14315 sec
validation time cost : 0.13844 sec
validation time cost : 0.13818 sec
validation time cost : 0.13943 sec
validation time cost : 0.13814 sec
validation time cost : 0.13976 sec
validation time cost : 0.13770 sec
validation time cost : 0.14648 sec
validation time cost : 0.13699 sec
validation time cost : 0.13721 sec
validation time cost : 0.14820 sec
validation time cost : 0.13889 sec
validation time cost : 0.14702 sec
validation time cost : 0.14048 sec
validation time cost : 0.13735 sec
validation time cost : 0.13755 sec
validation time cost : 0.13785 sec
validation time cost : 0.14493 sec
validation time cost : 0.13858 sec
validation time cost : 0.13756 sec
validation time cost : 0.13757 sec
validation time cost : 0.13790 sec
validation time cost : 0.13814 sec
validation time cost : 0.13988 sec
validation time cost : 0.13791 sec
validation time cost : 0.13707 sec
validation time cost : 0.14008 sec
validation time cost : 0.13667 sec
validation time cost : 0.14282 sec
validation time cost : 0.14838 sec
validation time cost : 0.13743 sec
validation time cost : 0.14020 sec
