Task 44: config=8 fold=4 batch_size=256 emb_dim=512 mij_source=alff combat=yes
The Zen of Python, by Tim Peters

Beautiful is better than ugly.
Explicit is better than implicit.
Simple is better than complex.
Complex is better than complicated.
Flat is better than nested.
Sparse is better than dense.
Readability counts.
Special cases aren't special enough to break the rules.
Although practicality beats purity.
Errors should never pass silently.
Unless explicitly silenced.
In the face of ambiguity, refuse the temptation to guess.
There should be one-- and preferably only one --obvious way to do it.
Although that way may not be obvious at first unless you're Dutch.
Now is better than never.
Although never is often better than *right* now.
If the implementation is hard to explain, it's a bad idea.
If the implementation is easy to explain, it may be a good idea.
Namespaces are one honking great idea -- let's do more of those!
validation time cost : 0.30565 sec
validation time cost : 0.28944 sec
validation time cost : 0.28664 sec
validation time cost : 0.28301 sec
validation time cost : 0.28323 sec
validation time cost : 0.27801 sec
validation time cost : 0.27741 sec
validation time cost : 0.28126 sec
validation time cost : 0.27541 sec
validation time cost : 0.27633 sec
validation time cost : 0.28068 sec
validation time cost : 0.27596 sec
validation time cost : 0.27569 sec
validation time cost : 0.27556 sec
validation time cost : 0.28104 sec
validation time cost : 0.27965 sec
validation time cost : 0.27794 sec
validation time cost : 0.27554 sec
validation time cost : 0.27585 sec
validation time cost : 0.28105 sec
validation time cost : 0.27882 sec
validation time cost : 0.27692 sec
validation time cost : 0.27736 sec
validation time cost : 0.28542 sec
validation time cost : 0.27685 sec
validation time cost : 0.28771 sec
validation time cost : 0.27629 sec
validation time cost : 0.28564 sec
validation time cost : 0.27691 sec
validation time cost : 0.27821 sec
validation time cost : 0.27737 sec
validation time cost : 0.27701 sec
validation time cost : 0.28412 sec
validation time cost : 0.28311 sec
validation time cost : 0.27798 sec
validation time cost : 0.27860 sec
validation time cost : 0.28019 sec
validation time cost : 0.27569 sec
validation time cost : 0.28004 sec
validation time cost : 0.27983 sec
validation time cost : 0.27681 sec
validation time cost : 0.27852 sec
validation time cost : 0.28167 sec
validation time cost : 0.27785 sec
validation time cost : 0.27809 sec
validation time cost : 0.27710 sec
validation time cost : 0.27758 sec
validation time cost : 0.27923 sec
validation time cost : 0.27718 sec
validation time cost : 0.27620 sec
validation time cost : 0.27592 sec
validation time cost : 0.28225 sec
validation time cost : 0.28097 sec
validation time cost : 0.27589 sec
validation time cost : 0.27599 sec
validation time cost : 0.27580 sec
validation time cost : 0.27520 sec
validation time cost : 0.27552 sec
validation time cost : 0.28327 sec
validation time cost : 0.27593 sec
