Task 35: config=7 fold=0 batch_size=128 emb_dim=256 mij_source=alff_pcc combat=no
The Zen of Python, by Tim Peters

Beautiful is better than ugly.
Explicit is better than implicit.
Simple is better than complex.
Complex is better than complicated.
Flat is better than nested.
Sparse is better than dense.
Readability counts.
Special cases aren't special enough to break the rules.
Although practicality beats purity.
Errors should never pass silently.
Unless explicitly silenced.
In the face of ambiguity, refuse the temptation to guess.
There should be one-- and preferably only one --obvious way to do it.
Although that way may not be obvious at first unless you're Dutch.
Now is better than never.
Although never is often better than *right* now.
If the implementation is hard to explain, it's a bad idea.
If the implementation is easy to explain, it may be a good idea.
Namespaces are one honking great idea -- let's do more of those!
validation time cost : 0.18349 sec
validation time cost : 0.20057 sec
validation time cost : 0.18097 sec
validation time cost : 0.18339 sec
validation time cost : 0.21319 sec
validation time cost : 0.19904 sec
validation time cost : 0.20007 sec
validation time cost : 0.18307 sec
validation time cost : 0.19908 sec
validation time cost : 0.20044 sec
validation time cost : 0.18239 sec
validation time cost : 0.21339 sec
validation time cost : 0.20350 sec
validation time cost : 0.20168 sec
validation time cost : 0.20951 sec
validation time cost : 0.18731 sec
validation time cost : 0.19590 sec
validation time cost : 0.18016 sec
validation time cost : 0.18306 sec
validation time cost : 0.19958 sec
validation time cost : 0.18578 sec
validation time cost : 0.21393 sec
validation time cost : 0.19104 sec
validation time cost : 0.18483 sec
validation time cost : 0.21520 sec
validation time cost : 0.19951 sec
validation time cost : 0.20359 sec
validation time cost : 0.18523 sec
validation time cost : 0.19567 sec
validation time cost : 0.19461 sec
validation time cost : 0.20682 sec
validation time cost : 0.20082 sec
validation time cost : 0.18169 sec
validation time cost : 0.19896 sec
validation time cost : 0.20653 sec
validation time cost : 0.20904 sec
validation time cost : 0.18301 sec
validation time cost : 0.19526 sec
validation time cost : 0.18921 sec
validation time cost : 0.19978 sec
validation time cost : 0.17273 sec
validation time cost : 0.17189 sec
validation time cost : 0.16975 sec
validation time cost : 0.16713 sec
validation time cost : 0.16804 sec
validation time cost : 0.17226 sec
validation time cost : 0.17025 sec
validation time cost : 0.16550 sec
validation time cost : 0.16970 sec
validation time cost : 0.16777 sec
validation time cost : 0.16801 sec
validation time cost : 0.16593 sec
validation time cost : 0.16717 sec
validation time cost : 0.16615 sec
validation time cost : 0.16633 sec
validation time cost : 0.16943 sec
validation time cost : 0.16960 sec
validation time cost : 0.16942 sec
validation time cost : 0.17001 sec
validation time cost : 0.16972 sec
