Task 0: config=0 fold=0 batch_size=32 emb_dim=512 mij_source=alff combat=no
The Zen of Python, by Tim Peters

Beautiful is better than ugly.
Explicit is better than implicit.
Simple is better than complex.
Complex is better than complicated.
Flat is better than nested.
Sparse is better than dense.
Readability counts.
Special cases aren't special enough to break the rules.
Although practicality beats purity.
Errors should never pass silently.
Unless explicitly silenced.
In the face of ambiguity, refuse the temptation to guess.
There should be one-- and preferably only one --obvious way to do it.
Although that way may not be obvious at first unless you're Dutch.
Now is better than never.
Although never is often better than *right* now.
If the implementation is hard to explain, it's a bad idea.
If the implementation is easy to explain, it may be a good idea.
Namespaces are one honking great idea -- let's do more of those!
validation time cost : 0.25418 sec
validation time cost : 0.25048 sec
validation time cost : 0.23826 sec
validation time cost : 0.24359 sec
validation time cost : 0.24035 sec
validation time cost : 0.23852 sec
validation time cost : 0.26897 sec
validation time cost : 0.25407 sec
validation time cost : 0.24926 sec
validation time cost : 0.23658 sec
validation time cost : 0.23558 sec
validation time cost : 0.23628 sec
validation time cost : 0.23813 sec
validation time cost : 0.23658 sec
validation time cost : 0.23611 sec
validation time cost : 0.23347 sec
validation time cost : 0.23388 sec
validation time cost : 0.23586 sec
validation time cost : 0.23613 sec
validation time cost : 0.23525 sec
validation time cost : 0.23707 sec
validation time cost : 0.23530 sec
validation time cost : 0.23511 sec
validation time cost : 0.23691 sec
validation time cost : 0.23559 sec
validation time cost : 0.23408 sec
validation time cost : 0.23528 sec
validation time cost : 0.23483 sec
validation time cost : 0.23507 sec
validation time cost : 0.23430 sec
validation time cost : 0.23709 sec
validation time cost : 0.23543 sec
validation time cost : 0.23612 sec
validation time cost : 0.23691 sec
validation time cost : 0.23470 sec
validation time cost : 0.23736 sec
validation time cost : 0.23584 sec
validation time cost : 0.23576 sec
validation time cost : 0.23526 sec
validation time cost : 0.23656 sec
validation time cost : 0.23788 sec
validation time cost : 0.23647 sec
validation time cost : 0.23404 sec
validation time cost : 0.23467 sec
validation time cost : 0.23606 sec
validation time cost : 0.23514 sec
validation time cost : 0.23629 sec
validation time cost : 0.23314 sec
validation time cost : 0.23486 sec
validation time cost : 0.23767 sec
validation time cost : 0.23629 sec
validation time cost : 0.23481 sec
validation time cost : 0.23564 sec
validation time cost : 0.23512 sec
validation time cost : 0.23613 sec
validation time cost : 0.23628 sec
validation time cost : 0.23515 sec
validation time cost : 0.23681 sec
validation time cost : 0.23479 sec
validation time cost : 0.23503 sec
