Task 50: config=10 fold=0 batch_size=256 emb_dim=256 mij_source=alff combat=yes
The Zen of Python, by Tim Peters

Beautiful is better than ugly.
Explicit is better than implicit.
Simple is better than complex.
Complex is better than complicated.
Flat is better than nested.
Sparse is better than dense.
Readability counts.
Special cases aren't special enough to break the rules.
Although practicality beats purity.
Errors should never pass silently.
Unless explicitly silenced.
In the face of ambiguity, refuse the temptation to guess.
There should be one-- and preferably only one --obvious way to do it.
Although that way may not be obvious at first unless you're Dutch.
Now is better than never.
Although never is often better than *right* now.
If the implementation is hard to explain, it's a bad idea.
If the implementation is easy to explain, it may be a good idea.
Namespaces are one honking great idea -- let's do more of those!
validation time cost : 0.20075 sec
validation time cost : 0.19404 sec
validation time cost : 0.18101 sec
validation time cost : 0.18097 sec
validation time cost : 0.18003 sec
validation time cost : 0.17940 sec
validation time cost : 0.18267 sec
validation time cost : 0.17963 sec
validation time cost : 0.17950 sec
validation time cost : 0.17635 sec
validation time cost : 0.20840 sec
validation time cost : 0.19556 sec
validation time cost : 0.20374 sec
validation time cost : 0.19244 sec
validation time cost : 0.19149 sec
validation time cost : 0.19153 sec
validation time cost : 0.20684 sec
validation time cost : 0.19160 sec
validation time cost : 0.19045 sec
validation time cost : 0.19420 sec
validation time cost : 0.19433 sec
validation time cost : 0.19351 sec
validation time cost : 0.19603 sec
validation time cost : 0.19381 sec
validation time cost : 0.19836 sec
validation time cost : 0.19768 sec
validation time cost : 0.19351 sec
validation time cost : 0.18997 sec
validation time cost : 0.19559 sec
validation time cost : 0.19064 sec
validation time cost : 0.20355 sec
validation time cost : 0.18708 sec
validation time cost : 0.17815 sec
validation time cost : 0.19263 sec
validation time cost : 0.19373 sec
validation time cost : 0.19414 sec
validation time cost : 0.19419 sec
validation time cost : 0.19389 sec
validation time cost : 0.19268 sec
validation time cost : 0.17671 sec
validation time cost : 0.18037 sec
validation time cost : 0.17693 sec
validation time cost : 0.19543 sec
validation time cost : 0.20206 sec
validation time cost : 0.20054 sec
validation time cost : 0.19896 sec
validation time cost : 0.18440 sec
validation time cost : 0.17812 sec
validation time cost : 0.17661 sec
validation time cost : 0.17667 sec
validation time cost : 0.17379 sec
validation time cost : 0.17321 sec
validation time cost : 0.17396 sec
validation time cost : 0.17141 sec
validation time cost : 0.17845 sec
validation time cost : 0.17337 sec
validation time cost : 0.17220 sec
validation time cost : 0.17274 sec
validation time cost : 0.17428 sec
validation time cost : 0.17187 sec
