09-Aug-26 15:18:33 - Using Device: cuda
09-Aug-26 15:18:33 - Seed: 123, Fold: 4, ComBat: True
09-Aug-26 15:18:33 - Namespace(fold=4, combat=True, num_dyn_windows=3, model_lr=0.0005, view_lr=0.0005, num_gc_layers=2, pooling_type='standard', emb_dim=256, vib_hidden_dim=400, batch_size=32, drop_ratio=0.3, epochs=300, kld_lambda=0.003, reg_lambda=0.2, gamma_mode='paper_literal', node_feature_mode='alff_pcc', mij_source='alff_pcc', template=90, eval_interval=5, downstream_classifier='linear', ce_lambda=2.0, seed=123)
09-Aug-26 15:18:33 - Loading raw subject data...
09-Aug-26 15:20:51 - Loaded 956 subjects (455 ASD, 501 NC)
09-Aug-26 15:20:52 - alff_pcc scale stats (train_val_idx only): alff=[-3.3883,4.9433] pcc=[-0.6707,1.0001]
09-Aug-26 15:20:52 - Train/Val/Test sizes: 612/153/191
09-Aug-26 15:21:51 - Epoch 1, Model Loss -0.6038159638448478, View Loss -6.071396210614373, Reg 0.246882727040964
09-Aug-26 15:22:48 - Epoch 2, Model Loss -1.1330748757505729, View Loss -3.8240956231659533, Reg 0.17615892626101676
09-Aug-26 15:23:46 - Epoch 3, Model Loss -1.2175165438184552, View Loss -3.6703151659248703, Reg 0.16112650414697485
09-Aug-26 15:24:43 - Epoch 4, Model Loss -1.2399184407751545, View Loss -3.5015072542078354, Reg 0.17006823157562928
09-Aug-26 15:25:41 - Epoch 5, Model Loss -1.1157764079524022, View Loss -3.0876225864186004, Reg 0.21267151754665997
09-Aug-26 15:26:02 - Epoch 5: Train_acc 0.8431372549019608 Val_acc 0.5555555555555556 Test_acc 0.5549738219895288 Test_auc 0.5807692307692309
09-Aug-26 15:27:00 - Epoch 6, Model Loss -1.271410540038464, View Loss -2.823786991094452, Reg 0.16434447330976623
09-Aug-26 15:27:58 - Epoch 7, Model Loss -1.283740274267259, View Loss -2.7023943265279136, Reg 0.16345511610601463
09-Aug-26 15:28:56 - Epoch 8, Model Loss -1.3009064929937226, View Loss -2.6769553228141434, Reg 0.16883991726862838
09-Aug-26 15:29:53 - Epoch 9, Model Loss -1.311073119344275, View Loss -2.628835154514687, Reg 0.16975569861387116
09-Aug-26 15:30:51 - Epoch 10, Model Loss -1.3233081967222924, View Loss -2.602879514881209, Reg 0.16473269150927175
09-Aug-26 15:30:58 - Epoch 10: Train_acc 0.7254901960784313 Val_acc 0.6339869281045751 Test_acc 0.5916230366492147 Test_auc 0.6240659340659341
09-Aug-26 15:31:56 - Epoch 11, Model Loss -1.331553733426761, View Loss -2.6135537733439524, Reg 0.16922819955286636
09-Aug-26 15:32:53 - Epoch 12, Model Loss -1.3395923196879866, View Loss -2.591956712062063, Reg 0.16682076351899727
09-Aug-26 15:33:51 - Epoch 13, Model Loss -1.3585369446698357, View Loss -2.5509196979547637, Reg 0.1684681566712124
09-Aug-26 15:34:49 - Epoch 14, Model Loss -1.3526463196947685, View Loss -2.5304057894189373, Reg 0.17046756273001626
09-Aug-26 15:35:46 - Epoch 15, Model Loss -1.338883085188523, View Loss -2.5123941259446485, Reg 0.1774429948696124
09-Aug-26 15:35:52 - Epoch 15: Train_acc 0.7369281045751634 Val_acc 0.6143790849673203 Test_acc 0.5968586387434555 Test_auc 0.6125274725274725
09-Aug-26 15:36:52 - Epoch 16, Model Loss -1.363923428105373, View Loss -2.4955711832233503, Reg 0.17309224946436538
09-Aug-26 15:37:51 - Epoch 17, Model Loss -1.3779381583718693, View Loss -2.519253612343782, Reg 0.1727965668915144
09-Aug-26 15:38:50 - Epoch 18, Model Loss -1.3879603248795653, View Loss -2.4825258660160636, Reg 0.1712028857539682
09-Aug-26 15:39:49 - Epoch 19, Model Loss -1.389434427996866, View Loss -2.4449233510135824, Reg 0.1719422447525598
09-Aug-26 15:40:49 - Epoch 20, Model Loss -1.3811507318534104, View Loss -2.421711264092938, Reg 0.17181925134721146
09-Aug-26 15:41:00 - Epoch 20: Train_acc 0.7287581699346405 Val_acc 0.6078431372549019 Test_acc 0.5968586387434555 Test_auc 0.636043956043956
09-Aug-26 15:42:00 - Epoch 21, Model Loss -1.3841572680504493, View Loss -2.4458402777029797, Reg 0.1753684473193549
09-Aug-26 15:43:00 - Epoch 22, Model Loss -1.3918348823497497, View Loss -2.423370912963269, Reg 0.17635257766137716
09-Aug-26 15:43:59 - Epoch 23, Model Loss -1.4105446073744032, View Loss -2.4086357565487133, Reg 0.17474741503304125
09-Aug-26 15:44:58 - Epoch 24, Model Loss -1.4030827821469773, View Loss -2.4116002967934205, Reg 0.1722254789635247
09-Aug-26 15:45:58 - Epoch 25, Model Loss -1.4128538424672643, View Loss -2.3952250480651855, Reg 0.1723406038253136
/users/3171356m/miniconda3/envs/grastiacl/lib/python3.12/site-packages/joblib/externals/loky/process_executor.py:782: UserWarning: A worker stopped while some jobs were given to the executor. This can be caused by a too short worker timeout or by a memory leak.
  warnings.warn(
09-Aug-26 15:46:11 - Epoch 25: Train_acc 0.738562091503268 Val_acc 0.6339869281045751 Test_acc 0.6073298429319371 Test_auc 0.6212087912087911
09-Aug-26 15:47:11 - Epoch 26, Model Loss -1.4170588013393428, View Loss -2.4457307080038233, Reg 0.17328917201048408
09-Aug-26 15:48:11 - Epoch 27, Model Loss -1.416004286872016, View Loss -2.400847378899069, Reg 0.17397421296515497
09-Aug-26 15:49:11 - Epoch 28, Model Loss -1.4153826034146977, View Loss -2.427897472007602, Reg 0.1694445882747376
09-Aug-26 15:50:11 - Epoch 29, Model Loss -1.4222869374393639, View Loss -2.3946583754096933, Reg 0.17414703673007442
09-Aug-26 15:51:10 - Epoch 30, Model Loss -1.4173128121818592, View Loss -2.3863893427879983, Reg 0.1711056246087442
/users/3171356m/miniconda3/envs/grastiacl/lib/python3.12/site-packages/joblib/externals/loky/process_executor.py:782: UserWarning: A worker stopped while some jobs were given to the executor. This can be caused by a too short worker timeout or by a memory leak.
  warnings.warn(
09-Aug-26 15:51:25 - Epoch 30: Train_acc 0.7401960784313726 Val_acc 0.6666666666666666 Test_acc 0.6073298429319371 Test_auc 0.6379120879120879
09-Aug-26 15:52:25 - Epoch 31, Model Loss -1.4235923555162218, View Loss -2.3493023542017717, Reg 0.17233732829686083
09-Aug-26 15:53:25 - Epoch 32, Model Loss -1.4215334007163454, View Loss -2.3471648428175182, Reg 0.17403804749445198
09-Aug-26 15:54:25 - Epoch 33, Model Loss -1.4217300851360646, View Loss -2.3304698015350143, Reg 0.17351650548916236
09-Aug-26 15:55:24 - Epoch 34, Model Loss -1.4183927673140382, View Loss -2.313651885861665, Reg 0.17619574888079775
09-Aug-26 15:56:23 - Epoch 35, Model Loss -1.434314272762124, View Loss -2.3502421628415973, Reg 0.17078505368793712
/users/3171356m/miniconda3/envs/grastiacl/lib/python3.12/site-packages/joblib/externals/loky/process_executor.py:782: UserWarning: A worker stopped while some jobs were given to the executor. This can be caused by a too short worker timeout or by a memory leak.
  warnings.warn(
09-Aug-26 15:56:34 - Epoch 35: Train_acc 0.8676470588235294 Val_acc 0.5294117647058824 Test_acc 0.5759162303664922 Test_auc 0.6325274725274725
09-Aug-26 15:57:34 - Epoch 36, Model Loss -1.4360271996142817, View Loss -2.387505394181395, Reg 0.17378927187787163
09-Aug-26 15:58:33 - Epoch 37, Model Loss -1.4317217714646284, View Loss -2.3262785493937974, Reg 0.17110773628833248
09-Aug-26 15:59:32 - Epoch 38, Model Loss -1.434652175778657, View Loss -2.325505315867904, Reg 0.1719638011813943
09-Aug-26 16:00:31 - Epoch 39, Model Loss -1.4407979771981831, View Loss -2.3453329123702704, Reg 0.17375600123717114
09-Aug-26 16:01:30 - Epoch 40, Model Loss -1.4404431947695664, View Loss -2.3552700927834107, Reg 0.1713019712688097
/users/3171356m/miniconda3/envs/grastiacl/lib/python3.12/site-packages/joblib/externals/loky/process_executor.py:782: UserWarning: A worker stopped while some jobs were given to the executor. This can be caused by a too short worker timeout or by a memory leak.
  warnings.warn(
09-Aug-26 16:01:40 - Epoch 40: Train_acc 0.7745098039215687 Val_acc 0.6405228758169934 Test_acc 0.5916230366492147 Test_auc 0.6271428571428571
09-Aug-26 16:02:39 - Epoch 41, Model Loss -1.4365296706654667, View Loss -2.2760699683544683, Reg 0.17340410145279628
09-Aug-26 16:03:38 - Epoch 42, Model Loss -1.4380068623162563, View Loss -2.3044083258684944, Reg 0.17190849147980508
09-Aug-26 16:04:37 - Epoch 43, Model Loss -1.444620157378951, View Loss -2.29652724858203, Reg 0.1725346301895341
09-Aug-26 16:05:36 - Epoch 44, Model Loss -1.4524571007373286, View Loss -2.2988028619803633, Reg 0.17035110616216473
09-Aug-26 16:06:35 - Epoch 45, Model Loss -1.458652854744905, View Loss -2.3245933570113837, Reg 0.1705552201255474
09-Aug-26 16:06:44 - Epoch 45: Train_acc 0.7401960784313726 Val_acc 0.6470588235294118 Test_acc 0.6178010471204188 Test_auc 0.6434065934065935
09-Aug-26 16:07:44 - Epoch 46, Model Loss -1.4555756687338834, View Loss -2.302725879195469, Reg 0.1724774525835623
09-Aug-26 16:08:42 - Epoch 47, Model Loss -1.4594108076656567, View Loss -2.3162757804970338, Reg 0.17200760270645415
09-Aug-26 16:09:41 - Epoch 48, Model Loss -1.4568138465382694, View Loss -2.3293846635257496, Reg 0.1719436239378125
09-Aug-26 16:10:40 - Epoch 49, Model Loss -1.4496871661516577, View Loss -2.281744673361186, Reg 0.1728817015107161
09-Aug-26 16:11:38 - Epoch 50, Model Loss -1.4592476327434865, View Loss -2.265147726520214, Reg 0.1685338965038848
/users/3171356m/miniconda3/envs/grastiacl/lib/python3.12/site-packages/joblib/externals/loky/process_executor.py:782: UserWarning: A worker stopped while some jobs were given to the executor. This can be caused by a too short worker timeout or by a memory leak.
  warnings.warn(
09-Aug-26 16:11:49 - Epoch 50: Train_acc 0.7254901960784313 Val_acc 0.6405228758169934 Test_acc 0.643979057591623 Test_auc 0.6483516483516484
09-Aug-26 16:12:49 - Epoch 51, Model Loss -1.4575397485221913, View Loss -2.2846463645984922, Reg 0.17145274297084684
09-Aug-26 16:13:48 - Epoch 52, Model Loss -1.4624283796821544, View Loss -2.2681529257032604, Reg 0.17062820601307488
09-Aug-26 16:14:47 - Epoch 53, Model Loss -1.4601058274312737, View Loss -2.23798812604418, Reg 0.1700731671713536
09-Aug-26 16:15:45 - Epoch 54, Model Loss -1.4601930013669082, View Loss -2.251672236747991, Reg 0.16978948636382235
09-Aug-26 16:16:44 - Epoch 55, Model Loss -1.4557569011364109, View Loss -2.2891034986458574, Reg 0.17247210141100916
09-Aug-26 16:16:55 - Epoch 55: Train_acc 0.7320261437908496 Val_acc 0.6470588235294118 Test_acc 0.6335078534031413 Test_auc 0.6507692307692308
09-Aug-26 16:17:54 - Epoch 56, Model Loss -1.4641137060776255, View Loss -2.227235778484469, Reg 0.16865287477674049
09-Aug-26 16:18:53 - Epoch 57, Model Loss -1.4529265048457127, View Loss -2.2486517164442272, Reg 0.17215505485830743
09-Aug-26 16:19:52 - Epoch 58, Model Loss -1.4602805305929745, View Loss -2.246415605732039, Reg 0.16880324385524575
09-Aug-26 16:20:50 - Epoch 59, Model Loss -1.472441445768269, View Loss -2.2790391678903617, Reg 0.1705592093514461
09-Aug-26 16:21:49 - Epoch 60, Model Loss -1.4711498746684952, View Loss -2.25709907369676, Reg 0.16832402971834917
09-Aug-26 16:22:07 - Epoch 60: Train_acc 0.7303921568627451 Val_acc 0.6405228758169934 Test_acc 0.6178010471204188 Test_auc 0.6354945054945055
09-Aug-26 16:23:07 - Epoch 61, Model Loss -1.469147850485409, View Loss -2.247078403148776, Reg 0.17123442342857909
09-Aug-26 16:24:06 - Epoch 62, Model Loss -1.4808374074549457, View Loss -2.2654461642495947, Reg 0.1698229037273943
09-Aug-26 16:25:05 - Epoch 63, Model Loss -1.4690618296853857, View Loss -2.1525351518119864, Reg 0.16973190214119704
09-Aug-26 16:26:03 - Epoch 64, Model Loss -1.4741304840137757, View Loss -2.2177414208455803, Reg 0.17046973829955056
09-Aug-26 16:27:02 - Epoch 65, Model Loss -1.4661451913172903, View Loss -2.262733686983196, Reg 0.1699791621733335
09-Aug-26 16:27:20 - Epoch 65: Train_acc 0.7254901960784313 Val_acc 0.6535947712418301 Test_acc 0.6230366492146597 Test_auc 0.6359340659340659
09-Aug-26 16:28:18 - Epoch 66, Model Loss -1.4768225632461847, View Loss -2.2272333537831024, Reg 0.17003212508812449
09-Aug-26 16:29:16 - Epoch 67, Model Loss -1.4727977802550871, View Loss -2.2350616922565534, Reg 0.16928070432999553
09-Aug-26 16:30:14 - Epoch 68, Model Loss -1.4730069465886533, View Loss -2.229607033573724, Reg 0.16808482644215128
09-Aug-26 16:31:11 - Epoch 69, Model Loss -1.4688307568917867, View Loss -2.196208953857422, Reg 0.16991719915196787
09-Aug-26 16:32:08 - Epoch 70, Model Loss -1.47017991932389, View Loss -2.195490955527312, Reg 0.16995298472884435
09-Aug-26 16:32:19 - Epoch 70: Train_acc 0.7336601307189542 Val_acc 0.6470588235294118 Test_acc 0.612565445026178 Test_auc 0.6450549450549451
09-Aug-26 16:33:16 - Epoch 71, Model Loss -1.4692777247210733, View Loss -2.213840970806047, Reg 0.16794953694920134
09-Aug-26 16:34:13 - Epoch 72, Model Loss -1.4812424790625478, View Loss -2.374629416496925, Reg 0.17238816287782457
09-Aug-26 16:35:10 - Epoch 73, Model Loss -1.4818574867996515, View Loss -2.2357758540733186, Reg 0.16985926869647955
09-Aug-26 16:36:07 - Epoch 74, Model Loss -1.4787592326893526, View Loss -2.2175947077134075, Reg 0.1695178786134408
09-Aug-26 16:37:04 - Epoch 75, Model Loss -1.4868453094382692, View Loss -2.215155215045206, Reg 0.168684066754151
09-Aug-26 16:37:12 - Epoch 75: Train_acc 0.7238562091503268 Val_acc 0.6601307189542484 Test_acc 0.6230366492146597 Test_auc 0.6504395604395604
09-Aug-26 16:38:08 - Epoch 76, Model Loss -1.4795157675649606, View Loss -2.189742343877655, Reg 0.17132605349316316
09-Aug-26 16:39:04 - Epoch 77, Model Loss -1.474752460429871, View Loss -2.205018691767275, Reg 0.16852093015620911
09-Aug-26 16:40:00 - Epoch 78, Model Loss -1.4825872782788245, View Loss -2.2301923184612997, Reg 0.16950107088275984
09-Aug-26 16:40:57 - Epoch 79, Model Loss -1.483804515763825, View Loss -2.206672054490233, Reg 0.16745853141631956
09-Aug-26 16:41:54 - Epoch 80, Model Loss -1.483883221944173, View Loss -2.2054595947265625, Reg 0.16979272420110267
09-Aug-26 16:42:02 - Epoch 80: Train_acc 0.7124183006535948 Val_acc 0.6601307189542484 Test_acc 0.6230366492146597 Test_auc 0.6338461538461538
09-Aug-26 16:42:59 - Epoch 81, Model Loss -1.4863013971864787, View Loss -2.2060294275969463, Reg 0.16987903445374733
09-Aug-26 16:43:56 - Epoch 82, Model Loss -1.471108816807566, View Loss -2.164199676389009, Reg 0.16976360986435335
09-Aug-26 16:44:52 - Epoch 83, Model Loss -1.4809644798827326, View Loss -2.194986343383789, Reg 0.16896308169645421
09-Aug-26 16:45:50 - Epoch 84, Model Loss -1.4778194739148507, View Loss -2.1846087835972607, Reg 0.17100768200322694
09-Aug-26 16:46:46 - Epoch 85, Model Loss -1.4783428852854212, View Loss -2.194978268317927, Reg 0.16820768257176955
09-Aug-26 16:46:57 - Epoch 85: Train_acc 0.7156862745098039 Val_acc 0.6470588235294118 Test_acc 0.5968586387434555 Test_auc 0.6176923076923078
09-Aug-26 16:47:54 - Epoch 86, Model Loss -1.481812576842464, View Loss -2.155053197947982, Reg 0.1698240359234654
09-Aug-26 16:48:50 - Epoch 87, Model Loss -1.480649343503067, View Loss -2.1810984954335333, Reg 0.16911388807047426
09-Aug-26 16:49:47 - Epoch 88, Model Loss -1.4826528387132034, View Loss -2.1915853537765204, Reg 0.16883338530079212
09-Aug-26 16:50:44 - Epoch 89, Model Loss -1.48538742190093, View Loss -2.2001544011184593, Reg 0.17020203397164937
09-Aug-26 16:51:41 - Epoch 90, Model Loss -1.4875686682906806, View Loss -2.17796201643601, Reg 0.1703115839973774
09-Aug-26 16:51:46 - Epoch 90: Train_acc 0.7189542483660131 Val_acc 0.6666666666666666 Test_acc 0.6073298429319371 Test_auc 0.6329670329670329
09-Aug-26 16:52:43 - Epoch 91, Model Loss -1.493500784331677, View Loss -2.195064887501835, Reg 0.1689693753431046
09-Aug-26 16:53:39 - Epoch 92, Model Loss -1.4765580744525186, View Loss -2.1582601896298477, Reg 0.16978572630414776
09-Aug-26 16:54:36 - Epoch 93, Model Loss -1.4821915159038468, View Loss -2.1673854285595464, Reg 0.17025274924593034
09-Aug-26 16:55:33 - Epoch 94, Model Loss -1.487684094048793, View Loss -2.200404840357163, Reg 0.16755633961920643
09-Aug-26 16:56:30 - Epoch 95, Model Loss -1.4876518062516755, View Loss -2.202393840341007, Reg 0.1687694620462804
09-Aug-26 16:56:40 - Epoch 95: Train_acc 0.75 Val_acc 0.6078431372549019 Test_acc 0.581151832460733 Test_auc 0.612857142857143
09-Aug-26 16:57:37 - Epoch 96, Model Loss -1.4814432680217269, View Loss -2.199350721695844, Reg 0.16877594142178304
09-Aug-26 16:58:34 - Epoch 97, Model Loss -1.4885254436069064, View Loss -2.191350173326879, Reg 0.16730435533461227
09-Aug-26 16:59:30 - Epoch 98, Model Loss -1.4892308914583492, View Loss -2.2168850431255267, Reg 0.16926738152316972
09-Aug-26 17:00:27 - Epoch 99, Model Loss -1.5000550201515745, View Loss -2.2172088280222773, Reg 0.16970425678624046
09-Aug-26 17:01:25 - Epoch 100, Model Loss -1.4854418561349507, View Loss -2.2067257407443974, Reg 0.1683618463332357
09-Aug-26 17:01:31 - Epoch 100: Train_acc 0.7434640522875817 Val_acc 0.673202614379085 Test_acc 0.5916230366492147 Test_auc 0.6387912087912089
09-Aug-26 17:02:28 - Epoch 101, Model Loss -1.4865172517065908, View Loss -2.181300668155446, Reg 0.1691100188330108
09-Aug-26 17:03:24 - Epoch 102, Model Loss -1.4902115553812263, View Loss -2.1961412460975396, Reg 0.1673072463546703
09-Aug-26 17:04:21 - Epoch 103, Model Loss -1.4936416414048936, View Loss -2.2046658696691974, Reg 0.17164498450709323
09-Aug-26 17:05:18 - Epoch 104, Model Loss -1.4905155406278723, View Loss -2.1524706790649812, Reg 0.16777732607975504
09-Aug-26 17:06:14 - Epoch 105, Model Loss -1.4899184875238956, View Loss -2.1745663187862223, Reg 0.1693717984397427
09-Aug-26 17:06:22 - Epoch 105: Train_acc 0.7075163398692811 Val_acc 0.6405228758169934 Test_acc 0.5863874345549738 Test_auc 0.6437362637362638
09-Aug-26 17:07:19 - Epoch 106, Model Loss -1.49477805654987, View Loss -2.2007308317944894, Reg 0.16964326428821663
09-Aug-26 17:08:16 - Epoch 107, Model Loss -1.497071752361223, View Loss -2.1995683215022868, Reg 0.16791479727801153
09-Aug-26 17:09:13 - Epoch 108, Model Loss -1.4927343543058906, View Loss -2.1774427781697194, Reg 0.1701344181509579
09-Aug-26 17:10:10 - Epoch 109, Model Loss -1.495619110032624, View Loss -2.182115878934175, Reg 0.1687806334370881
09-Aug-26 17:11:06 - Epoch 110, Model Loss -1.4931534567689584, View Loss -2.179687849057266, Reg 0.1694897486785658
09-Aug-26 17:11:13 - Epoch 110: Train_acc 0.7254901960784313 Val_acc 0.6470588235294118 Test_acc 0.6020942408376964 Test_auc 0.6448351648351648
09-Aug-26 17:12:11 - Epoch 111, Model Loss -1.494546996222602, View Loss -2.1857402745415184, Reg 0.16847912460760353
09-Aug-26 17:13:07 - Epoch 112, Model Loss -1.4948674494924108, View Loss -2.1858441782932654, Reg 0.16979603644679575
09-Aug-26 17:14:04 - Epoch 113, Model Loss -1.5013985665015925, View Loss -2.1957514145795036, Reg 0.16874160846463995
09-Aug-26 17:15:00 - Epoch 114, Model Loss -1.501868609509437, View Loss -2.1970782404631573, Reg 0.16762926356465208
09-Aug-26 17:15:57 - Epoch 115, Model Loss -1.4977297720566294, View Loss -2.163062351201874, Reg 0.1704454064563988
09-Aug-26 17:16:06 - Epoch 115: Train_acc 0.7320261437908496 Val_acc 0.6470588235294118 Test_acc 0.612565445026178 Test_auc 0.6718681318681319
09-Aug-26 17:17:03 - Epoch 116, Model Loss -1.4940152666927162, View Loss -2.1798763991960515, Reg 0.1678551678953607
09-Aug-26 17:18:00 - Epoch 117, Model Loss -1.498391475552827, View Loss -2.20116446376626, Reg 0.16605624488366197
09-Aug-26 17:18:57 - Epoch 118, Model Loss -1.499233788135005, View Loss -2.217624411863439, Reg 0.17078231820483614
09-Aug-26 17:19:53 - Epoch 119, Model Loss -1.4984930761499342, View Loss -2.188835729960523, Reg 0.16789054485902288
09-Aug-26 17:20:50 - Epoch 120, Model Loss -1.5008400125441208, View Loss -2.193102094862196, Reg 0.16893169069601818
09-Aug-26 17:20:59 - Epoch 120: Train_acc 0.7156862745098039 Val_acc 0.6470588235294118 Test_acc 0.5968586387434555 Test_auc 0.6618681318681319
09-Aug-26 17:21:55 - Epoch 121, Model Loss -1.4996389376571755, View Loss -2.184276898701986, Reg 0.16890284331405864
09-Aug-26 17:22:53 - Epoch 122, Model Loss -1.507516044417238, View Loss -2.1854217597861694, Reg 0.1672012091072556
09-Aug-26 17:23:49 - Epoch 123, Model Loss -1.5154708631677565, View Loss -2.2071415240468544, Reg 0.16731660077774446
09-Aug-26 17:24:46 - Epoch 124, Model Loss -1.5111819809558344, View Loss -2.2206849459729163, Reg 0.17062743329534344
09-Aug-26 17:25:42 - Epoch 125, Model Loss -1.5135894164540409, View Loss -2.2015647981681075, Reg 0.167573354505246
09-Aug-26 17:25:53 - Epoch 125: Train_acc 0.7189542483660131 Val_acc 0.6666666666666666 Test_acc 0.6335078534031413 Test_auc 0.6600000000000001
09-Aug-26 17:26:49 - Epoch 126, Model Loss -1.503404773138707, View Loss -2.1848542051377637, Reg 0.1693349001454372
09-Aug-26 17:27:47 - Epoch 127, Model Loss -1.5031390283621995, View Loss -2.2053278474246754, Reg 0.1693499278204114
09-Aug-26 17:28:43 - Epoch 128, Model Loss -1.5082314341676002, View Loss -2.1971145486520007, Reg 0.16913601220433228
09-Aug-26 17:29:40 - Epoch 129, Model Loss -1.508054056977914, View Loss -2.2400470527948118, Reg 0.16786103875808467
09-Aug-26 17:30:36 - Epoch 130, Model Loss -1.5097332748712278, View Loss -2.198486247093849, Reg 0.16855144422817853
09-Aug-26 17:30:46 - Epoch 130: Train_acc 0.7189542483660131 Val_acc 0.6274509803921569 Test_acc 0.6020942408376964 Test_auc 0.6389010989010989
09-Aug-26 17:31:43 - Epoch 131, Model Loss -1.5127143485873353, View Loss -2.205013455908283, Reg 0.16725057996566
09-Aug-26 17:32:40 - Epoch 132, Model Loss -1.5035954456703335, View Loss -2.1670533192703147, Reg 0.16891934669095707
09-Aug-26 17:33:37 - Epoch 133, Model Loss -1.5036142729466258, View Loss -2.18313705219942, Reg 0.16805880112585678
09-Aug-26 17:34:34 - Epoch 134, Model Loss -1.510955692116731, View Loss -2.2017868141722836, Reg 0.16860013187321182
09-Aug-26 17:35:30 - Epoch 135, Model Loss -1.5108965019774592, View Loss -2.2052953321170183, Reg 0.16765966222566717
09-Aug-26 17:35:41 - Epoch 135: Train_acc 0.7254901960784313 Val_acc 0.6535947712418301 Test_acc 0.6178010471204188 Test_auc 0.6413186813186813
09-Aug-26 17:36:37 - Epoch 136, Model Loss -1.5068537581200694, View Loss -2.1835784693948583, Reg 0.16884857805725795
09-Aug-26 17:37:34 - Epoch 137, Model Loss -1.5113211363748786, View Loss -2.2010941567763784, Reg 0.16965394608335557
09-Aug-26 17:38:31 - Epoch 138, Model Loss -1.5115666545294468, View Loss -2.1746620041093014, Reg 0.16761413450334586
09-Aug-26 17:39:28 - Epoch 139, Model Loss -1.5148383246527777, View Loss -2.203098281536227, Reg 0.1699024333673365
09-Aug-26 17:40:25 - Epoch 140, Model Loss -1.5207615085676605, View Loss -2.1981258111841537, Reg 0.16806764199453242
09-Aug-26 17:40:37 - Epoch 140: Train_acc 0.7222222222222222 Val_acc 0.6405228758169934 Test_acc 0.5863874345549738 Test_auc 0.6342857142857143
09-Aug-26 17:41:34 - Epoch 141, Model Loss -1.5173983355752783, View Loss -2.210414496901768, Reg 0.16734146097906274
09-Aug-26 17:42:30 - Epoch 142, Model Loss -1.5190753500445995, View Loss -2.205270817077238, Reg 0.16941998343841702
09-Aug-26 17:43:28 - Epoch 143, Model Loss -1.5155211772794037, View Loss -2.1740781029844594, Reg 0.16840002417953964
09-Aug-26 17:44:24 - Epoch 144, Model Loss -1.5140348291085437, View Loss -2.1686086935155533, Reg 0.16808808395286012
09-Aug-26 17:45:21 - Epoch 145, Model Loss -1.5183039521859363, View Loss -2.182433695574991, Reg 0.16863292689416923
09-Aug-26 17:45:35 - Epoch 145: Train_acc 0.7254901960784313 Val_acc 0.6535947712418301 Test_acc 0.581151832460733 Test_auc 0.6417582417582417
09-Aug-26 17:46:32 - Epoch 146, Model Loss -1.516466564602322, View Loss -2.1998391712413117, Reg 0.17029165773609883
09-Aug-26 17:47:29 - Epoch 147, Model Loss -1.5159407191806369, View Loss -2.151070562063479, Reg 0.1689047772510379
09-Aug-26 17:48:25 - Epoch 148, Model Loss -1.5092946345510045, View Loss -2.1477988529828638, Reg 0.16910875184473648
09-Aug-26 17:49:23 - Epoch 149, Model Loss -1.5055536880991818, View Loss -2.1441394425685107, Reg 0.168175129329457
09-Aug-26 17:50:19 - Epoch 150, Model Loss -1.5084161509096232, View Loss -2.1726649617837146, Reg 0.1684561749201974
09-Aug-26 17:50:29 - Epoch 150: Train_acc 0.7254901960784313 Val_acc 0.6601307189542484 Test_acc 0.6335078534031413 Test_auc 0.6428571428571428
09-Aug-26 17:51:25 - Epoch 151, Model Loss -1.515151304357192, View Loss -2.1919971198038337, Reg 0.16685531147165236
09-Aug-26 17:52:22 - Epoch 152, Model Loss -1.5063194823420905, View Loss -2.148757345536176, Reg 0.1697403382436902
09-Aug-26 17:53:19 - Epoch 153, Model Loss -1.5131000444000842, View Loss -2.181439664628771, Reg 0.16847065587838492
09-Aug-26 17:54:16 - Epoch 154, Model Loss -1.5163278081058678, View Loss -2.1997892622854196, Reg 0.16729304189580718
09-Aug-26 17:55:13 - Epoch 155, Model Loss -1.5126399962730657, View Loss -2.2479060553257764, Reg 0.16559451925598717
09-Aug-26 17:55:22 - Epoch 155: Train_acc 0.7173202614379085 Val_acc 0.6535947712418301 Test_acc 0.6282722513089005 Test_auc 0.6517582417582417
09-Aug-26 17:56:19 - Epoch 156, Model Loss -1.5175308402067695, View Loss -2.206689049215878, Reg 0.1685765864802342
09-Aug-26 17:57:16 - Epoch 157, Model Loss -1.5083015011806113, View Loss -2.141134252735213, Reg 0.16866883163163865
09-Aug-26 17:58:12 - Epoch 158, Model Loss -1.5182722503063726, View Loss -2.2017288332671123, Reg 0.1687490266132978
09-Aug-26 17:59:10 - Epoch 159, Model Loss -1.5132265901253894, View Loss -2.1626350988749583, Reg 0.16736299305959465
09-Aug-26 18:00:06 - Epoch 160, Model Loss -1.5119585336423387, View Loss -2.174175907583798, Reg 0.16838023495050816
09-Aug-26 18:00:15 - Epoch 160: Train_acc 0.7091503267973857 Val_acc 0.6535947712418301 Test_acc 0.612565445026178 Test_auc 0.63989010989011
09-Aug-26 18:01:12 - Epoch 161, Model Loss -1.5071955163494435, View Loss -2.1735289766897563, Reg 0.1672942004367417
09-Aug-26 18:02:09 - Epoch 162, Model Loss -1.5117057850158293, View Loss -2.14590815001843, Reg 0.16938913881389145
09-Aug-26 18:03:05 - Epoch 163, Model Loss -1.5169590064902712, View Loss -2.1811852720048694, Reg 0.16765658126450053
09-Aug-26 18:04:02 - Epoch 164, Model Loss -1.5167760630838232, View Loss -2.184559737934786, Reg 0.16730680165727155
09-Aug-26 18:04:59 - Epoch 165, Model Loss -1.5185937787972243, View Loss -2.183218307744444, Reg 0.16676941377664703
09-Aug-26 18:05:12 - Epoch 165: Train_acc 0.7156862745098039 Val_acc 0.673202614379085 Test_acc 0.6335078534031413 Test_auc 0.6420879120879122
09-Aug-26 18:06:08 - Epoch 166, Model Loss -1.5215925453535093, View Loss -2.187801295635747, Reg 0.16777517846207213
09-Aug-26 18:07:05 - Epoch 167, Model Loss -1.5220523410373263, View Loss -2.1914212906282713, Reg 0.16905962836508656
09-Aug-26 18:08:02 - Epoch 168, Model Loss -1.5177876840229907, View Loss -2.1653394948423297, Reg 0.16941205728677364
09-Aug-26 18:08:58 - Epoch 169, Model Loss -1.510364102382286, View Loss -2.1562775318918663, Reg 0.16717514668414796
09-Aug-26 18:09:56 - Epoch 170, Model Loss -1.5135314230825387, View Loss -2.160473801731284, Reg 0.1671577621908749
09-Aug-26 18:10:12 - Epoch 170: Train_acc 0.7124183006535948 Val_acc 0.6601307189542484 Test_acc 0.6230366492146597 Test_auc 0.6282417582417582
09-Aug-26 18:11:09 - Epoch 171, Model Loss -1.5093455470465367, View Loss -2.1370562135783677, Reg 0.16847376369572933
09-Aug-26 18:12:06 - Epoch 172, Model Loss -1.5126212593776729, View Loss -2.150751749674479, Reg 0.16723804244028975
09-Aug-26 18:13:02 - Epoch 173, Model Loss -1.5169723984462764, View Loss -2.17992336298126, Reg 0.16589472506170957
09-Aug-26 18:13:59 - Epoch 174, Model Loss -1.5207940768572241, View Loss -2.1869251837138255, Reg 0.16858520889593884
09-Aug-26 18:14:56 - Epoch 175, Model Loss -1.5120696398167828, View Loss -2.1392219300363577, Reg 0.16753414468048444
/users/3171356m/miniconda3/envs/grastiacl/lib/python3.12/site-packages/joblib/externals/loky/process_executor.py:782: UserWarning: A worker stopped while some jobs were given to the executor. This can be caused by a too short worker timeout or by a memory leak.
  warnings.warn(
09-Aug-26 18:15:12 - Epoch 175: Train_acc 0.7156862745098039 Val_acc 0.673202614379085 Test_acc 0.612565445026178 Test_auc 0.6442857142857144
09-Aug-26 18:16:09 - Epoch 176, Model Loss -1.5104727277568741, View Loss -2.1542335211061965, Reg 0.16899859953939525
09-Aug-26 18:17:05 - Epoch 177, Model Loss -1.516012341368432, View Loss -2.1779277464922737, Reg 0.16692881743892346
09-Aug-26 18:18:02 - Epoch 178, Model Loss -1.5195495381074793, View Loss -2.1801745844822302, Reg 0.1681512738364974
09-Aug-26 18:18:59 - Epoch 179, Model Loss -1.519510047887665, View Loss -2.169984649209415, Reg 0.16664459794954536
09-Aug-26 18:19:55 - Epoch 180, Model Loss -1.5157627030914904, View Loss -2.148716471553628, Reg 0.16733545941465042
09-Aug-26 18:20:13 - Epoch 180: Train_acc 0.7222222222222222 Val_acc 0.6209150326797386 Test_acc 0.612565445026178 Test_auc 0.6295604395604396
09-Aug-26 18:21:09 - Epoch 181, Model Loss -1.5122826707129384, View Loss -2.171280670789332, Reg 0.16807242726383645
09-Aug-26 18:22:06 - Epoch 182, Model Loss -1.5244279406429115, View Loss -2.1793807846268796, Reg 0.16669343519054985
09-Aug-26 18:23:02 - Epoch 183, Model Loss -1.5198013766918308, View Loss -2.187805490556106, Reg 0.1664801742516312
09-Aug-26 18:23:59 - Epoch 184, Model Loss -1.5198871575149835, View Loss -2.1785291035970054, Reg 0.1688096738523907
09-Aug-26 18:24:56 - Epoch 185, Model Loss -1.5229462766958997, View Loss -2.1853331646888083, Reg 0.16884461415359397
09-Aug-26 18:25:10 - Epoch 185: Train_acc 0.7238562091503268 Val_acc 0.6274509803921569 Test_acc 0.6282722513089005 Test_auc 0.6291208791208791
09-Aug-26 18:26:07 - Epoch 186, Model Loss -1.5266271478989546, View Loss -2.177497810787625, Reg 0.16708548883207483
09-Aug-26 18:27:03 - Epoch 187, Model Loss -1.52433907128627, View Loss -2.1826774590934805, Reg 0.16606436776959038
09-Aug-26 18:28:00 - Epoch 188, Model Loss -1.53074348674101, View Loss -2.1938239234724857, Reg 0.16890780384244483
09-Aug-26 18:28:57 - Epoch 189, Model Loss -1.5210868891547709, View Loss -2.156375345840953, Reg 0.1671274579038807
09-Aug-26 18:29:53 - Epoch 190, Model Loss -1.527888880835639, View Loss -2.189870694104363, Reg 0.16679972293330173
09-Aug-26 18:30:05 - Epoch 190: Train_acc 0.7271241830065359 Val_acc 0.6470588235294118 Test_acc 0.6335078534031413 Test_auc 0.634065934065934
09-Aug-26 18:31:03 - Epoch 191, Model Loss -1.5269373413784053, View Loss -2.1949670392703386, Reg 0.16747645683148327
09-Aug-26 18:31:59 - Epoch 192, Model Loss -1.5245955161799014, View Loss -2.181489015716353, Reg 0.16734256045101514
09-Aug-26 18:32:56 - Epoch 193, Model Loss -1.5279240857541951, View Loss -2.1464285351871664, Reg 0.167598210421263
09-Aug-26 18:33:53 - Epoch 194, Model Loss -1.5282040888967077, View Loss -2.1863599633858875, Reg 0.16673875906888178
09-Aug-26 18:34:49 - Epoch 195, Model Loss -1.5240755579829994, View Loss -2.166496108560001, Reg 0.1664477066666472
09-Aug-26 18:35:04 - Epoch 195: Train_acc 0.7222222222222222 Val_acc 0.6470588235294118 Test_acc 0.6230366492146597 Test_auc 0.6384615384615384
09-Aug-26 18:36:01 - Epoch 196, Model Loss -1.5228643791348326, View Loss -2.169098205815733, Reg 0.16718359447382633
09-Aug-26 18:36:58 - Epoch 197, Model Loss -1.5221254498350854, View Loss -2.155410747902066, Reg 0.16855677251332726
09-Aug-26 18:37:54 - Epoch 198, Model Loss -1.5066381685094896, View Loss -2.1203267247069117, Reg 0.16470895405688318
09-Aug-26 18:38:51 - Epoch 199, Model Loss -1.514049283819261, View Loss -2.1287035131766125, Reg 0.16787567754196964
09-Aug-26 18:39:48 - Epoch 200, Model Loss -1.5175767318875182, View Loss -2.159338140799329, Reg 0.16766208702442692
09-Aug-26 18:40:00 - Epoch 200: Train_acc 0.7287581699346405 Val_acc 0.6535947712418301 Test_acc 0.6335078534031413 Test_auc 0.648021978021978
09-Aug-26 18:40:57 - Epoch 201, Model Loss -1.510250646304461, View Loss -2.101486876119975, Reg 0.16735433616669348
09-Aug-26 18:41:53 - Epoch 202, Model Loss -1.5218527052137587, View Loss -2.16726136675068, Reg 0.16556244192559735
09-Aug-26 18:42:50 - Epoch 203, Model Loss -1.5253145367491479, View Loss -2.1705444684994766, Reg 0.16806186190228056
09-Aug-26 18:43:46 - Epoch 204, Model Loss -1.5222615946352092, View Loss -2.171079567055297, Reg 0.16614409540992936
09-Aug-26 18:44:43 - Epoch 205, Model Loss -1.5192662594365138, View Loss -2.140712089787901, Reg 0.16697605158768447
09-Aug-26 18:44:50 - Epoch 205: Train_acc 0.8578431372549019 Val_acc 0.6339869281045751 Test_acc 0.518324607329843 Test_auc 0.5514285714285714
09-Aug-26 18:45:47 - Epoch 206, Model Loss -1.5236030840406232, View Loss -2.1677573428434482, Reg 0.1646705693474003
09-Aug-26 18:46:44 - Epoch 207, Model Loss -1.5313991222506256, View Loss -2.159989790199629, Reg 0.16968582667946036
09-Aug-26 18:47:40 - Epoch 208, Model Loss -1.5258702546163323, View Loss -2.165352084278281, Reg 0.16493707656665565
09-Aug-26 18:48:37 - Epoch 209, Model Loss -1.523680774215, View Loss -2.149874447217954, Reg 0.16710488595604117
09-Aug-26 18:49:34 - Epoch 210, Model Loss -1.5262215371225394, View Loss -2.1725514542822744, Reg 0.16644004980723062
09-Aug-26 18:49:46 - Epoch 210: Train_acc 0.7173202614379085 Val_acc 0.6601307189542484 Test_acc 0.6178010471204188 Test_auc 0.647912087912088
09-Aug-26 18:50:43 - Epoch 211, Model Loss -1.5239586300320096, View Loss -2.132924986820595, Reg 0.1668864716501797
09-Aug-26 18:51:40 - Epoch 212, Model Loss -1.5285438743292117, View Loss -2.1645674767837026, Reg 0.1657208577772371
09-Aug-26 18:52:37 - Epoch 213, Model Loss -1.5260493521596872, View Loss -2.1603235450445437, Reg 0.16764287475277395
09-Aug-26 18:53:33 - Epoch 214, Model Loss -1.5295242764591392, View Loss -2.164309807073057, Reg 0.16726918849680159
09-Aug-26 18:54:30 - Epoch 215, Model Loss -1.528123811958662, View Loss -2.180655192705541, Reg 0.1674190586298899
09-Aug-26 18:54:42 - Epoch 215: Train_acc 0.7238562091503268 Val_acc 0.673202614379085 Test_acc 0.6230366492146597 Test_auc 0.6371428571428571
09-Aug-26 18:55:38 - Epoch 216, Model Loss -1.528425141876819, View Loss -2.1883656589034337, Reg 0.1662063986501273
09-Aug-26 18:56:35 - Epoch 217, Model Loss -1.5336060929142572, View Loss -2.17262134365007, Reg 0.16513672461307127
09-Aug-26 18:57:32 - Epoch 218, Model Loss -1.5335264330595926, View Loss -2.17598460546506, Reg 0.16741445017795936
09-Aug-26 18:58:29 - Epoch 219, Model Loss -1.5348555122325622, View Loss -2.1527377265730716, Reg 0.1657960868738835
09-Aug-26 18:59:25 - Epoch 220, Model Loss -1.532767825656467, View Loss -2.1643482002557493, Reg 0.16704370110642677
09-Aug-26 18:59:36 - Epoch 220: Train_acc 0.7124183006535948 Val_acc 0.6601307189542484 Test_acc 0.612565445026178 Test_auc 0.6452747252747254
09-Aug-26 19:00:33 - Epoch 221, Model Loss -1.5315567901711058, View Loss -2.153669993082682, Reg 0.16456441907516492
09-Aug-26 19:01:29 - Epoch 222, Model Loss -1.5270050460217046, View Loss -2.1561466696994755, Reg 0.16883978422950296
09-Aug-26 19:02:26 - Epoch 223, Model Loss -1.5301051233329026, View Loss -2.1545723996131247, Reg 0.16620059204257392
09-Aug-26 19:03:23 - Epoch 224, Model Loss -1.527838694503884, View Loss -2.1643164391611136, Reg 0.1649258150384317
09-Aug-26 19:04:19 - Epoch 225, Model Loss -1.527580466924929, View Loss -2.1592802939072153, Reg 0.16904153431357902
09-Aug-26 19:04:32 - Epoch 225: Train_acc 0.7156862745098039 Val_acc 0.6470588235294118 Test_acc 0.6020942408376964 Test_auc 0.6456043956043955
09-Aug-26 19:05:28 - Epoch 226, Model Loss -1.5321403889874228, View Loss -2.156206215129179, Reg 0.16547530636288763
09-Aug-26 19:06:25 - Epoch 227, Model Loss -1.5252562909344443, View Loss -2.1468919087079614, Reg 0.1664477522466697
09-Aug-26 19:07:22 - Epoch 228, Model Loss -1.5283657896752452, View Loss -2.162910963195601, Reg 0.16656901887039732
09-Aug-26 19:08:18 - Epoch 229, Model Loss -1.5325897254195868, View Loss -2.173709386314442, Reg 0.1652837200881609
09-Aug-26 19:09:15 - Epoch 230, Model Loss -1.5311509955163096, View Loss -2.1528640385546716, Reg 0.16594922873708937
09-Aug-26 19:09:24 - Epoch 230: Train_acc 0.7124183006535948 Val_acc 0.6274509803921569 Test_acc 0.612565445026178 Test_auc 0.6507692307692309
09-Aug-26 19:10:21 - Epoch 231, Model Loss -1.5278201009712966, View Loss -2.1525567154479184, Reg 0.1668878059371624
09-Aug-26 19:11:17 - Epoch 232, Model Loss -1.5290315478455787, View Loss -2.143392226275276, Reg 0.16717926193686092
09-Aug-26 19:12:14 - Epoch 233, Model Loss -1.5318799361683964, View Loss -2.17120821959053, Reg 0.16452739314705717
09-Aug-26 19:13:11 - Epoch 234, Model Loss -1.5263161378748276, View Loss -2.1323773003871143, Reg 0.16673660073794572
09-Aug-26 19:14:07 - Epoch 235, Model Loss -1.5326764879663006, View Loss -2.1471129476634507, Reg 0.16714444191627253
09-Aug-26 19:14:17 - Epoch 235: Train_acc 0.7075163398692811 Val_acc 0.6535947712418301 Test_acc 0.6178010471204188 Test_auc 0.6469230769230769
09-Aug-26 19:15:13 - Epoch 236, Model Loss -1.5314271185133193, View Loss -2.158310877731423, Reg 0.16532838422488544
09-Aug-26 19:16:10 - Epoch 237, Model Loss -1.5330381642759237, View Loss -2.1587130664999967, Reg 0.1659698728837219
09-Aug-26 19:17:07 - Epoch 238, Model Loss -1.5291601629818188, View Loss -2.144365198471967, Reg 0.16617495659130072
09-Aug-26 19:18:03 - Epoch 239, Model Loss -1.5330483586180443, View Loss -2.1627541461022073, Reg 0.16559916948960499
09-Aug-26 19:19:00 - Epoch 240, Model Loss -1.5310637000339482, View Loss -2.1527266658209507, Reg 0.16727212159072652
09-Aug-26 19:19:09 - Epoch 240: Train_acc 0.7287581699346405 Val_acc 0.6535947712418301 Test_acc 0.5759162303664922 Test_auc 0.6385714285714285
09-Aug-26 19:20:06 - Epoch 241, Model Loss -1.5375321643804414, View Loss -2.172173855351467, Reg 0.16524849763882707
09-Aug-26 19:21:02 - Epoch 242, Model Loss -1.5363246755662308, View Loss -2.1393463159698287, Reg 0.16572611413749994
09-Aug-26 19:21:59 - Epoch 243, Model Loss -1.5390134138219498, View Loss -2.1706896202237, Reg 0.1672081581615155
09-Aug-26 19:22:56 - Epoch 244, Model Loss -1.5347171016767913, View Loss -2.1616222375358634, Reg 0.16627616625206143
09-Aug-26 19:23:52 - Epoch 245, Model Loss -1.5388585695254258, View Loss -2.1639450733957726, Reg 0.16694878382620468
09-Aug-26 19:23:59 - Epoch 245: Train_acc 0.7254901960784313 Val_acc 0.6535947712418301 Test_acc 0.5968586387434555 Test_auc 0.6426373626373626
09-Aug-26 19:24:56 - Epoch 246, Model Loss -1.5353946685791016, View Loss -2.158827939064674, Reg 0.16627111242097967
09-Aug-26 19:25:52 - Epoch 247, Model Loss -1.5343468890470617, View Loss -2.1599742259854584, Reg 0.16541700074875276
09-Aug-26 19:26:49 - Epoch 248, Model Loss -1.5383440123664007, View Loss -2.160771650426528, Reg 0.16638133650511697
09-Aug-26 19:27:46 - Epoch 249, Model Loss -1.5320748534857058, View Loss -2.149237710666033, Reg 0.1653553974979064
09-Aug-26 19:28:42 - Epoch 250, Model Loss -1.5395651268803217, View Loss -2.169530884113187, Reg 0.16568213370111254
09-Aug-26 19:28:51 - Epoch 250: Train_acc 0.7173202614379085 Val_acc 0.6535947712418301 Test_acc 0.5968586387434555 Test_auc 0.6586813186813187
09-Aug-26 19:29:48 - Epoch 251, Model Loss -1.5312287698384204, View Loss -2.1477681078941995, Reg 0.16526364505875343
09-Aug-26 19:30:44 - Epoch 252, Model Loss -1.537914684395385, View Loss -2.221325983409009, Reg 0.16589993569586012
09-Aug-26 19:31:41 - Epoch 253, Model Loss -1.5382250929190442, View Loss -2.2547993535309834, Reg 0.16682543498433494
09-Aug-26 19:32:38 - Epoch 254, Model Loss -1.5356877831851734, View Loss -2.208100720947864, Reg 0.165286952276635
09-Aug-26 19:33:34 - Epoch 255, Model Loss -1.5309725088231705, View Loss -2.14216306786132, Reg 0.1667538294020821
09-Aug-26 19:33:45 - Epoch 255: Train_acc 0.7156862745098039 Val_acc 0.6339869281045751 Test_acc 0.5863874345549738 Test_auc 0.6562637362637362
09-Aug-26 19:34:42 - Epoch 256, Model Loss -1.5373417661080953, View Loss -2.1606527434455023, Reg 0.16677451786262537
09-Aug-26 19:35:38 - Epoch 257, Model Loss -1.535250186920166, View Loss -2.162823446435866, Reg 0.16585063057787278
09-Aug-26 19:36:35 - Epoch 258, Model Loss -1.532115630854189, View Loss -2.1476635777093227, Reg 0.16654150450930877
09-Aug-26 19:37:32 - Epoch 259, Model Loss -1.52069285648321, View Loss -2.1120862711488813, Reg 0.16564362929537405
09-Aug-26 19:38:28 - Epoch 260, Model Loss -1.531196831098569, View Loss -2.143739382425944, Reg 0.16559678140808554
09-Aug-26 19:38:38 - Epoch 260: Train_acc 0.7303921568627451 Val_acc 0.6535947712418301 Test_acc 0.6020942408376964 Test_auc 0.6481318681318681
09-Aug-26 19:39:35 - Epoch 261, Model Loss -1.528220426023396, View Loss -2.1545845948013604, Reg 0.16721700764949027
09-Aug-26 19:40:31 - Epoch 262, Model Loss -1.538413297117146, View Loss -2.1764964340559017, Reg 0.1665860034671484
09-Aug-26 19:41:28 - Epoch 263, Model Loss -1.5324701920054318, View Loss -2.1664914305693186, Reg 0.1653847548307157
09-Aug-26 19:42:25 - Epoch 264, Model Loss -1.5285222795274522, View Loss -2.1512057609807433, Reg 0.16784160822824715
09-Aug-26 19:43:21 - Epoch 265, Model Loss -1.541599840899698, View Loss -2.16805172278211, Reg 0.16537050722666036
09-Aug-26 19:43:30 - Epoch 265: Train_acc 0.7320261437908496 Val_acc 0.6535947712418301 Test_acc 0.5863874345549738 Test_auc 0.648021978021978
09-Aug-26 19:44:27 - Epoch 266, Model Loss -1.5357429653990502, View Loss -2.1508359316906898, Reg 0.16490871181675032
09-Aug-26 19:45:23 - Epoch 267, Model Loss -1.5300685907501022, View Loss -2.128171185262842, Reg 0.16459320953079298
09-Aug-26 19:46:20 - Epoch 268, Model Loss -1.5309233509637172, View Loss -2.1327194949380712, Reg 0.16649398324536344
09-Aug-26 19:47:17 - Epoch 269, Model Loss -1.5344688939113242, View Loss -2.1220769664041357, Reg 0.16570964221860848
09-Aug-26 19:48:13 - Epoch 270, Model Loss -1.5423320040983313, View Loss -2.1589961301267535, Reg 0.16529948863328672
09-Aug-26 19:48:26 - Epoch 270: Train_acc 0.7647058823529411 Val_acc 0.6339869281045751 Test_acc 0.5706806282722513 Test_auc 0.6256043956043956
09-Aug-26 19:49:22 - Epoch 271, Model Loss -1.5352161070879768, View Loss -2.14054393144994, Reg 0.1665081403224297
09-Aug-26 19:50:19 - Epoch 272, Model Loss -1.5339406518375172, View Loss -2.144874591453403, Reg 0.16578353688218236
09-Aug-26 19:51:16 - Epoch 273, Model Loss -1.5345935198216656, View Loss -2.149550790101095, Reg 0.16559489782339606
09-Aug-26 19:52:12 - Epoch 274, Model Loss -1.5246787538715438, View Loss -2.085860158882889, Reg 0.16600020570692672
09-Aug-26 19:53:09 - Epoch 275, Model Loss -1.5316751361672396, View Loss -2.153581129959206, Reg 0.16759929611207613
09-Aug-26 19:53:20 - Epoch 275: Train_acc 0.7189542483660131 Val_acc 0.6535947712418301 Test_acc 0.6020942408376964 Test_auc 0.6546153846153846
09-Aug-26 19:54:17 - Epoch 276, Model Loss -1.5234172484453987, View Loss -2.1075811417274224, Reg 0.16587715941706513
09-Aug-26 19:55:13 - Epoch 277, Model Loss -1.5307992174734477, View Loss -2.1400319392385048, Reg 0.16599551895085504
09-Aug-26 19:56:10 - Epoch 278, Model Loss -1.5250238561941907, View Loss -2.113108264075385, Reg 0.16650113171222164
09-Aug-26 19:57:07 - Epoch 279, Model Loss -1.5298534405776878, View Loss -2.127895626367307, Reg 0.16555044502993815
09-Aug-26 19:58:03 - Epoch 280, Model Loss -1.5325144911124036, View Loss -2.161808768129037, Reg 0.16358140520021028
09-Aug-26 19:58:11 - Epoch 280: Train_acc 0.7140522875816994 Val_acc 0.6405228758169934 Test_acc 0.5863874345549738 Test_auc 0.6764835164835163
09-Aug-26 19:59:07 - Epoch 281, Model Loss -1.5331455336676703, View Loss -2.161769259209726, Reg 0.16765451923110128
09-Aug-26 20:00:04 - Epoch 282, Model Loss -1.5344268636765823, View Loss -2.1393460728763753, Reg 0.1655908967155257
09-Aug-26 20:01:01 - Epoch 283, Model Loss -1.5345248646206326, View Loss -2.165072883655822, Reg 0.16585378397523967
09-Aug-26 20:01:58 - Epoch 284, Model Loss -1.5369017389085557, View Loss -2.138078714507857, Reg 0.16619329164230745
09-Aug-26 20:02:54 - Epoch 285, Model Loss -1.5372857611163768, View Loss -2.1663865170447654, Reg 0.16528316962173561
09-Aug-26 20:03:06 - Epoch 285: Train_acc 0.7140522875816994 Val_acc 0.6339869281045751 Test_acc 0.6020942408376964 Test_auc 0.6610989010989011
09-Aug-26 20:04:02 - Epoch 286, Model Loss -1.5338255190381818, View Loss -2.146720393810397, Reg 0.16672812723645977
09-Aug-26 20:04:59 - Epoch 287, Model Loss -1.5363418479370916, View Loss -2.154277483622233, Reg 0.1654701867913888
09-Aug-26 20:05:56 - Epoch 288, Model Loss -1.5394386995851603, View Loss -2.141202122557397, Reg 0.16424529244697172
09-Aug-26 20:06:52 - Epoch 289, Model Loss -1.53612309811162, View Loss -2.171562235339794, Reg 0.16591846962380252
09-Aug-26 20:07:49 - Epoch 290, Model Loss -1.539627910439485, View Loss -2.1633034469255437, Reg 0.16516021556324428
09-Aug-26 20:07:58 - Epoch 290: Train_acc 0.7189542483660131 Val_acc 0.6339869281045751 Test_acc 0.581151832460733 Test_auc 0.6524175824175824
09-Aug-26 20:08:55 - Epoch 291, Model Loss -1.540812239927404, View Loss -2.1574110860138935, Reg 0.16693230070709403
09-Aug-26 20:09:52 - Epoch 292, Model Loss -1.5422732346977284, View Loss -2.152312973745508, Reg 0.1635481428866293
09-Aug-26 20:10:49 - Epoch 293, Model Loss -1.5461709639605354, View Loss -2.1765406801809672, Reg 0.16669758531003218
09-Aug-26 20:11:45 - Epoch 294, Model Loss -1.5475405524758732, View Loss -2.170444809533412, Reg 0.16440464410127378
09-Aug-26 20:12:42 - Epoch 295, Model Loss -1.5413645763023227, View Loss -2.151923855924918, Reg 0.16654963411536872
09-Aug-26 20:12:51 - Epoch 295: Train_acc 0.7336601307189542 Val_acc 0.6666666666666666 Test_acc 0.612565445026178 Test_auc 0.6587912087912088
09-Aug-26 20:13:48 - Epoch 296, Model Loss -1.54265479480519, View Loss -2.1528097819658667, Reg 0.16608809387566997
09-Aug-26 20:14:45 - Epoch 297, Model Loss -1.5407040851568086, View Loss -2.149520493800344, Reg 0.1645876178944033
09-Aug-26 20:15:41 - Epoch 298, Model Loss -1.5372088438545177, View Loss -2.1458948328604106, Reg 0.16619689577545216
09-Aug-26 20:16:38 - Epoch 299, Model Loss -1.5423185498106713, View Loss -2.1660913579604206, Reg 0.16604122704540203
09-Aug-26 20:17:35 - Epoch 300, Model Loss -1.545804466297424, View Loss -2.156621680540197, Reg 0.1659986477077397
09-Aug-26 20:17:46 - Epoch 300: Train_acc 0.7222222222222222 Val_acc 0.6797385620915033 Test_acc 0.5968586387434555 Test_auc 0.6562637362637362
09-Aug-26 20:17:46 - FinishedTraining! BestEpoch (eval-interval index): 59
09-Aug-26 20:17:46 - Wrote /users/3171356m/muhammad/GraSTIACL/nested_cv/results/combat__emb256_bs32__fold4.json
09-Aug-26 20:17:46 - {
  "emb_dim": 256,
  "batch_size": 32,
  "fold": 4,
  "combat": true,
  "n_train": 612,
  "n_val": 153,
  "n_test": 191,
  "best_val_epoch_idx": 59,
  "train_accuracy": 0.7222222222222222,
  "val_accuracy": 0.6797385620915033,
  "test_accuracy": 0.5968586387434555,
  "train_f1": 0.7079037800687286,
  "val_f1": 0.6573426573426573,
  "test_f1": 0.56,
  "train_sensitivity": 0.7079037776360695,
  "val_sensitivity": 0.6438356076186903,
  "test_sensitivity": 0.5384615325443788,
  "train_specificity": 0.7352024899214876,
  "val_specificity": 0.7124999910937502,
  "test_specificity": 0.6499999935,
  "train_precision": 0.7079037800687286,
  "val_precision": 0.6714285714285714,
  "test_precision": 0.5833333333333334,
  "test_auc": 0.6562637362637362,
  "fin_reg": 0.1659986477077397
}
