09-Aug-26 18:31:04 - Using Device: cuda
09-Aug-26 18:31:04 - Seed: 123, Fold: 1, ComBat: True
09-Aug-26 18:31:04 - Namespace(fold=1, combat=True, num_dyn_windows=3, model_lr=0.0005, view_lr=0.0005, num_gc_layers=2, pooling_type='standard', emb_dim=512, vib_hidden_dim=400, batch_size=128, drop_ratio=0.3, epochs=300, kld_lambda=0.003, reg_lambda=0.2, gamma_mode='paper_literal', node_feature_mode='alff_pcc', mij_source='alff_pcc', template=90, eval_interval=5, downstream_classifier='linear', ce_lambda=2.0, seed=123)
09-Aug-26 18:31:04 - Loading raw subject data...
09-Aug-26 18:34:25 - Loaded 956 subjects (455 ASD, 501 NC)
09-Aug-26 18:34:26 - alff_pcc scale stats (train_val_idx only): alff=[-3.4498,4.9343] pcc=[-0.6519,1.0013]
09-Aug-26 18:34:26 - Train/Val/Test sizes: 612/153/191
09-Aug-26 18:35:27 - Epoch 1, Model Loss 1.2246716100406023, View Loss -8.462232359094557, Reg 0.3908545429410498
09-Aug-26 18:36:27 - Epoch 2, Model Loss 0.4360160039725646, View Loss -5.591573334986867, Reg 0.14304712219955096
09-Aug-26 18:37:26 - Epoch 3, Model Loss 0.2903123072841588, View Loss -1.9759941599727455, Reg 0.22088942029117759
09-Aug-26 18:38:25 - Epoch 4, Model Loss 0.1820492157750623, View Loss -1.3571008942485634, Reg 0.28583697107882283
09-Aug-26 18:39:25 - Epoch 5, Model Loss 0.15401083756895625, View Loss -2.2927074510287615, Reg 0.1793434652043324
09-Aug-26 18:39:44 - Epoch 5: Train_acc 0.7941176470588235 Val_acc 0.6078431372549019 Test_acc 0.5916230366492147 Test_auc 0.6083516483516483
09-Aug-26 18:40:43 - Epoch 6, Model Loss 0.10147155188267527, View Loss -2.8882441894680846, Reg 0.215885463395929
09-Aug-26 18:41:43 - Epoch 7, Model Loss 0.08512357169506597, View Loss -2.807678054360782, Reg 0.18046841434403962
09-Aug-26 18:42:42 - Epoch 8, Model Loss 0.06967944608015172, View Loss -2.7103705406188965, Reg 0.1899980004706414
09-Aug-26 18:43:41 - Epoch 9, Model Loss 0.061667085375661165, View Loss -2.582880344266206, Reg 0.1786971251948986
09-Aug-26 18:44:41 - Epoch 10, Model Loss 0.04886462680654588, View Loss -2.512423493503745, Reg 0.18196109365793614
09-Aug-26 18:44:57 - Epoch 10: Train_acc 0.8006535947712419 Val_acc 0.6078431372549019 Test_acc 0.6020942408376964 Test_auc 0.6169230769230769
09-Aug-26 18:45:57 - Epoch 11, Model Loss 0.03319077709921045, View Loss -2.419741544848174, Reg 0.17903924348697164
09-Aug-26 18:46:56 - Epoch 12, Model Loss 0.02835333600542904, View Loss -2.312502056944604, Reg 0.17726407360796834
09-Aug-26 18:47:55 - Epoch 13, Model Loss 0.02545315631074843, View Loss -2.1960535735086677, Reg 0.1858410401866327
09-Aug-26 18:48:54 - Epoch 14, Model Loss 0.018334708182640325, View Loss -2.04196190366558, Reg 0.17579385667454964
09-Aug-26 18:49:52 - Epoch 15, Model Loss 0.010469776547812169, View Loss -1.8933343139349246, Reg 0.18015145349736308
09-Aug-26 18:50:06 - Epoch 15: Train_acc 0.7924836601307189 Val_acc 0.6274509803921569 Test_acc 0.6178010471204188 Test_auc 0.612967032967033
09-Aug-26 18:51:05 - Epoch 16, Model Loss -0.002542596432118634, View Loss -1.7842201399647333, Reg 0.18193456092301538
09-Aug-26 18:52:03 - Epoch 17, Model Loss -0.003942211469014485, View Loss -1.7127868988934685, Reg 0.16953338721608804
09-Aug-26 18:53:01 - Epoch 18, Model Loss 0.0007589560708189322, View Loss -1.6765321313945296, Reg 0.17807148250879026
09-Aug-26 18:53:59 - Epoch 19, Model Loss 0.015516687452403548, View Loss -1.6756731591193506, Reg 0.17801381452800402
09-Aug-26 18:54:57 - Epoch 20, Model Loss 0.028032516439755756, View Loss -1.649631174561245, Reg 0.19158494988687677
09-Aug-26 18:55:07 - Epoch 20: Train_acc 0.7859477124183006 Val_acc 0.6143790849673203 Test_acc 0.5968586387434555 Test_auc 0.6189010989010989
09-Aug-26 18:56:05 - Epoch 21, Model Loss 0.01782537461106294, View Loss -1.618750143674464, Reg 0.18913758210107393
09-Aug-26 18:57:03 - Epoch 22, Model Loss 0.00214583899071014, View Loss -1.5959957838058472, Reg 0.18408403735534817
09-Aug-26 18:58:00 - Epoch 23, Model Loss -0.014392962837530896, View Loss -1.575274309301688, Reg 0.1815945175932903
09-Aug-26 18:58:58 - Epoch 24, Model Loss -0.02499946128893522, View Loss -1.564815674731934, Reg 0.17555932622719433
09-Aug-26 18:59:56 - Epoch 25, Model Loss -0.021028155400082956, View Loss -1.555774573407142, Reg 0.17741339999476288
09-Aug-26 19:00:02 - Epoch 25: Train_acc 0.7990196078431373 Val_acc 0.6143790849673203 Test_acc 0.6073298429319371 Test_auc 0.6137362637362638
09-Aug-26 19:00:59 - Epoch 26, Model Loss -0.034747953033622575, View Loss -1.537411618076898, Reg 0.18057940627624786
09-Aug-26 19:01:57 - Epoch 27, Model Loss -0.03332514588544571, View Loss -1.5167799408918892, Reg 0.17641877222294902
09-Aug-26 19:02:55 - Epoch 28, Model Loss -0.034318959596110324, View Loss -1.5025475430332758, Reg 0.17722992657446393
09-Aug-26 19:03:52 - Epoch 29, Model Loss -0.03463216491189657, View Loss -1.488605044246499, Reg 0.17833824319387573
09-Aug-26 19:04:50 - Epoch 30, Model Loss -0.03697057555313983, View Loss -1.4805559784758324, Reg 0.1810302762619031
09-Aug-26 19:04:56 - Epoch 30: Train_acc 0.7941176470588235 Val_acc 0.6013071895424836 Test_acc 0.6073298429319371 Test_auc 0.6153846153846154
09-Aug-26 19:05:53 - Epoch 31, Model Loss -0.0389921942275334, View Loss -1.4687261004853094, Reg 0.18065942132395077
09-Aug-26 19:06:51 - Epoch 32, Model Loss -0.047762229162103986, View Loss -1.4738661923439673, Reg 0.17930172451960494
09-Aug-26 19:07:49 - Epoch 33, Model Loss -0.04417990317896885, View Loss -1.4609589732550328, Reg 0.1784735646317987
09-Aug-26 19:08:46 - Epoch 34, Model Loss -0.04800612408838241, View Loss -1.4594951384986927, Reg 0.18385571640690948
09-Aug-26 19:09:44 - Epoch 35, Model Loss -0.050122946768609525, View Loss -1.4588761142655915, Reg 0.18420688613177905
09-Aug-26 19:09:52 - Epoch 35: Train_acc 0.7908496732026143 Val_acc 0.5882352941176471 Test_acc 0.6073298429319371 Test_auc 0.6201098901098901
09-Aug-26 19:10:49 - Epoch 36, Model Loss -0.053555112259060726, View Loss -1.4414641981810525, Reg 0.18050262594924255
09-Aug-26 19:11:47 - Epoch 37, Model Loss -0.049581333970517116, View Loss -1.4294161812152737, Reg 0.18261835573155896
09-Aug-26 19:12:45 - Epoch 38, Model Loss -0.05537481927404217, View Loss -1.4117989454394073, Reg 0.18555845748754887
09-Aug-26 19:13:42 - Epoch 39, Model Loss -0.0617623640820871, View Loss -1.4169782111847322, Reg 0.18598522430931042
09-Aug-26 19:14:40 - Epoch 40, Model Loss -0.05844286980192646, View Loss -1.3911423979241864, Reg 0.18214223762742834
09-Aug-26 19:14:47 - Epoch 40: Train_acc 0.7941176470588235 Val_acc 0.6013071895424836 Test_acc 0.6020942408376964 Test_auc 0.6142857142857143
09-Aug-26 19:15:44 - Epoch 41, Model Loss -0.05532139812419617, View Loss -1.3816658297395394, Reg 0.18540135902516983
09-Aug-26 19:16:42 - Epoch 42, Model Loss -0.06342419611862282, View Loss -1.3778956637663, Reg 0.18519527109619838
09-Aug-26 19:17:40 - Epoch 43, Model Loss -0.058854566485274075, View Loss -1.381221553079443, Reg 0.18569366117708044
09-Aug-26 19:18:37 - Epoch 44, Model Loss -0.062458334210651376, View Loss -1.3650394818362068, Reg 0.18559781759003408
09-Aug-26 19:19:35 - Epoch 45, Model Loss -0.06241500747749229, View Loss -1.3599786072774651, Reg 0.18875911364368364
09-Aug-26 19:19:44 - Epoch 45: Train_acc 0.8006535947712419 Val_acc 0.6078431372549019 Test_acc 0.6178010471204188 Test_auc 0.6215384615384616
09-Aug-26 19:20:42 - Epoch 46, Model Loss -0.06371135844124688, View Loss -1.3506998595069437, Reg 0.18809518646570592
09-Aug-26 19:21:39 - Epoch 47, Model Loss -0.06623604211931915, View Loss -1.350146588157205, Reg 0.18425283274229834
09-Aug-26 19:22:37 - Epoch 48, Model Loss -0.06771417341980279, View Loss -1.3464824841692558, Reg 0.18714653715199114
09-Aug-26 19:23:34 - Epoch 49, Model Loss -0.0689480121618782, View Loss -1.341732697549209, Reg 0.188972005072762
09-Aug-26 19:24:32 - Epoch 50, Model Loss -0.07478524208847993, View Loss -1.3341913090811834, Reg 0.18811560534184274
09-Aug-26 19:24:42 - Epoch 50: Train_acc 0.7892156862745098 Val_acc 0.6078431372549019 Test_acc 0.6020942408376964 Test_auc 0.6142857142857143
09-Aug-26 19:25:39 - Epoch 51, Model Loss -0.06937696770125744, View Loss -1.3380087419273028, Reg 0.18470856878492567
09-Aug-26 19:26:37 - Epoch 52, Model Loss -0.0672268945407244, View Loss -1.3261242208917157, Reg 0.18505476551507813
09-Aug-26 19:27:34 - Epoch 53, Model Loss -0.07557754384146796, View Loss -1.3369128478118797, Reg 0.19000177436015186
09-Aug-26 19:28:32 - Epoch 54, Model Loss -0.07199250366173539, View Loss -1.3174578052720214, Reg 0.19098525421292173
09-Aug-26 19:29:29 - Epoch 55, Model Loss -0.07514676607512182, View Loss -1.316062528323504, Reg 0.18606480128235287
09-Aug-26 19:29:40 - Epoch 55: Train_acc 0.8006535947712419 Val_acc 0.6143790849673203 Test_acc 0.6230366492146597 Test_auc 0.6294505494505495
09-Aug-26 19:30:37 - Epoch 56, Model Loss -0.07554042495154088, View Loss -1.3025243274526659, Reg 0.18656993691438165
09-Aug-26 19:31:35 - Epoch 57, Model Loss -0.0774429487247093, View Loss -1.2916259750042087, Reg 0.18657860588404088
09-Aug-26 19:32:32 - Epoch 58, Model Loss -0.07606927631727231, View Loss -1.3025081477134057, Reg 0.18610815879176645
09-Aug-26 19:33:29 - Epoch 59, Model Loss -0.0803414024169149, View Loss -1.2974798726100547, Reg 0.1883154051755768
09-Aug-26 19:34:27 - Epoch 60, Model Loss -0.07882408476343342, View Loss -1.2934770420485853, Reg 0.18743073726012036
09-Aug-26 19:34:35 - Epoch 60: Train_acc 0.7908496732026143 Val_acc 0.6013071895424836 Test_acc 0.612565445026178 Test_auc 0.6196703296703295
09-Aug-26 19:35:33 - Epoch 61, Model Loss -0.08138048220304103, View Loss -1.2854020322849549, Reg 0.18867110826221167
