09-Aug-26 06:32:01 - Using Device: cuda
09-Aug-26 06:32:01 - Seed: 123, Fold: 3, ComBat: False
09-Aug-26 06:32:01 - Namespace(fold=3, combat=False, num_dyn_windows=3, model_lr=0.0005, view_lr=0.0005, num_gc_layers=2, pooling_type='standard', emb_dim=512, vib_hidden_dim=400, batch_size=256, drop_ratio=0.3, epochs=300, kld_lambda=0.003, reg_lambda=0.2, gamma_mode='paper_literal', node_feature_mode='alff_pcc', mij_source='alff_pcc', template=90, eval_interval=5, downstream_classifier='linear', ce_lambda=2.0, seed=123)
09-Aug-26 06:32:01 - Loading raw subject data...
09-Aug-26 06:36:06 - Loaded 956 subjects (455 ASD, 501 NC)
09-Aug-26 06:36:06 - alff_pcc scale stats (train_val_idx only): alff=[-3.5994,5.6307] pcc=[-0.7600,1.0000]
09-Aug-26 06:36:06 - Train/Val/Test sizes: 612/153/191
09-Aug-26 06:37:09 - Epoch 1, Model Loss 2.0627396044388315, View Loss -8.35050599715289, Reg 0.4621269492542042
09-Aug-26 06:38:10 - Epoch 2, Model Loss 1.2601965548945409, View Loss -6.713077015346951, Reg 0.2688344493021373
09-Aug-26 06:39:09 - Epoch 3, Model Loss 1.0247660960052527, View Loss -5.052717221328636, Reg 0.1154529605231254
09-Aug-26 06:40:09 - Epoch 4, Model Loss 0.9343171474688193, View Loss -2.6139120338788997, Reg 0.09228698816759134
09-Aug-26 06:41:08 - Epoch 5, Model Loss 0.8450413335044716, View Loss -0.868626046024896, Reg 0.20061947454034892
09-Aug-26 06:41:27 - Epoch 5: Train_acc 0.8496732026143791 Val_acc 0.5816993464052288 Test_acc 0.5497382198952879 Test_auc 0.5875824175824176
09-Aug-26 06:42:28 - Epoch 6, Model Loss 0.8025471000061706, View Loss -0.6190403933618583, Reg 0.30955598537438833
09-Aug-26 06:43:27 - Epoch 7, Model Loss 0.7728093058065651, View Loss -0.7854328771042668, Reg 0.19071155396941442
09-Aug-26 06:44:28 - Epoch 8, Model Loss 0.7575461449089393, View Loss -1.4791654153586993, Reg 0.12531912404727313
09-Aug-26 06:45:28 - Epoch 9, Model Loss 0.7103578229647836, View Loss -1.9121511450000839, Reg 0.1488386900985942
09-Aug-26 06:46:27 - Epoch 10, Model Loss 0.7021646091556237, View Loss -2.063936570111443, Reg 0.19594763472578883
09-Aug-26 06:46:45 - Epoch 10: Train_acc 0.7810457516339869 Val_acc 0.6405228758169934 Test_acc 0.5549738219895288 Test_auc 0.5928571428571429
09-Aug-26 06:47:45 - Epoch 11, Model Loss 0.6731170460679172, View Loss -2.0713919128467833, Reg 0.1575327358799043
09-Aug-26 06:48:44 - Epoch 12, Model Loss 0.6798772617103228, View Loss -2.0397234508414672, Reg 0.12164882721464618
09-Aug-26 06:49:44 - Epoch 13, Model Loss 0.6473373784348856, View Loss -1.9731081202139262, Reg 0.1480704681351294
09-Aug-26 06:50:43 - Epoch 14, Model Loss 0.6421305101876166, View Loss -1.8952714555403765, Reg 0.161743442704475
09-Aug-26 06:51:43 - Epoch 15, Model Loss 0.6494443805194369, View Loss -1.811769566504784, Reg 0.1340042739814403
09-Aug-26 06:51:59 - Epoch 15: Train_acc 0.7826797385620915 Val_acc 0.6209150326797386 Test_acc 0.5759162303664922 Test_auc 0.598021978021978
09-Aug-26 06:52:58 - Epoch 16, Model Loss 0.6425757092588088, View Loss -1.7448520582485822, Reg 0.1350565103728787
09-Aug-26 06:53:58 - Epoch 17, Model Loss 0.6331199389072805, View Loss -1.6330974943497603, Reg 0.1467600138553607
09-Aug-26 06:54:57 - Epoch 18, Model Loss 0.6300941121344473, View Loss -1.5163226345785303, Reg 0.14339984203475753
09-Aug-26 06:55:57 - Epoch 19, Model Loss 0.6247093802184062, View Loss -1.3991952908584495, Reg 0.13943540962303386
09-Aug-26 06:56:57 - Epoch 20, Model Loss 0.6187656574389514, View Loss -1.2622238654716342, Reg 0.14542433814285627
/users/3171356m/miniconda3/envs/grastiacl/lib/python3.12/site-packages/joblib/externals/loky/process_executor.py:782: UserWarning: A worker stopped while some jobs were given to the executor. This can be caused by a too short worker timeout or by a memory leak.
  warnings.warn(
09-Aug-26 06:57:17 - Epoch 20: Train_acc 0.7843137254901961 Val_acc 0.6274509803921569 Test_acc 0.5759162303664922 Test_auc 0.6126373626373628
09-Aug-26 06:58:17 - Epoch 21, Model Loss 0.6055612179383733, View Loss -1.1331104164809183, Reg 0.15043806211621152
09-Aug-26 06:59:16 - Epoch 22, Model Loss 0.600178150861871, View Loss -1.0321307400472803, Reg 0.14072898497768477
09-Aug-26 07:00:16 - Epoch 23, Model Loss 0.6031029072462344, View Loss -0.9685862352645475, Reg 0.14440062846623214
09-Aug-26 07:01:16 - Epoch 24, Model Loss 0.5904722632535921, View Loss -0.9164070810367858, Reg 0.1419906341562084
09-Aug-26 07:02:16 - Epoch 25, Model Loss 0.5954022345200084, View Loss -0.9070147065555348, Reg 0.12924781578039032
09-Aug-26 07:02:34 - Epoch 25: Train_acc 0.7745098039215687 Val_acc 0.6601307189542484 Test_acc 0.5968586387434555 Test_auc 0.615934065934066
09-Aug-26 07:03:34 - Epoch 26, Model Loss 0.5889674016073638, View Loss -0.9105416061052309, Reg 0.13004339812627805
09-Aug-26 07:04:33 - Epoch 27, Model Loss 0.5855519787158842, View Loss -0.9086035326415417, Reg 0.13410783534735635
09-Aug-26 07:05:32 - Epoch 28, Model Loss 0.5734640883854012, View Loss -0.894729905658298, Reg 0.13407844519303516
09-Aug-26 07:06:32 - Epoch 29, Model Loss 0.5755551806072784, View Loss -0.9063251673006544, Reg 0.13376875348340453
09-Aug-26 07:07:32 - Epoch 30, Model Loss 0.5779472947899812, View Loss -0.8759018400915308, Reg 0.1366012018490461
09-Aug-26 07:07:48 - Epoch 30: Train_acc 0.7777777777777778 Val_acc 0.6274509803921569 Test_acc 0.5916230366492147 Test_auc 0.6243956043956045
09-Aug-26 07:08:48 - Epoch 31, Model Loss 0.5696496332392973, View Loss -0.8538743795133105, Reg 0.13859439996722478
09-Aug-26 07:09:48 - Epoch 32, Model Loss 0.5632981759270811, View Loss -0.8318767383986828, Reg 0.13204319969890943
09-Aug-26 07:10:48 - Epoch 33, Model Loss 0.5698041660723343, View Loss -0.8200045005947936, Reg 0.133605358549972
09-Aug-26 07:11:48 - Epoch 34, Model Loss 0.5694026337339987, View Loss -0.8076333742515713, Reg 0.13444376819663578
09-Aug-26 07:12:48 - Epoch 35, Model Loss 0.5671619361911724, View Loss -0.806634424558652, Reg 0.12855269793981042
/users/3171356m/miniconda3/envs/grastiacl/lib/python3.12/site-packages/joblib/externals/loky/process_executor.py:782: UserWarning: A worker stopped while some jobs were given to the executor. This can be caused by a too short worker timeout or by a memory leak.
  warnings.warn(
09-Aug-26 07:13:08 - Epoch 35: Train_acc 0.7745098039215687 Val_acc 0.6601307189542484 Test_acc 0.6020942408376964 Test_auc 0.6194505494505496
09-Aug-26 07:14:08 - Epoch 36, Model Loss 0.5590281857579362, View Loss -0.7915451324063968, Reg 0.1308760885514465
09-Aug-26 07:15:08 - Epoch 37, Model Loss 0.5594166536736332, View Loss -0.7885317685557347, Reg 0.135985583846086
09-Aug-26 07:16:08 - Epoch 38, Model Loss 0.5592570542510039, View Loss -0.7783895364773818, Reg 0.13001230266553904
09-Aug-26 07:17:08 - Epoch 39, Model Loss 0.5555061599592758, View Loss -0.7802471171796711, Reg 0.13162328088595196
09-Aug-26 07:18:07 - Epoch 40, Model Loss 0.5577990309475294, View Loss -0.7583426307229435, Reg 0.13459296212866415
09-Aug-26 07:18:27 - Epoch 40: Train_acc 0.7810457516339869 Val_acc 0.6601307189542484 Test_acc 0.5968586387434555 Test_auc 0.6187912087912089
09-Aug-26 07:19:27 - Epoch 41, Model Loss 0.5564401709760716, View Loss -0.7678667338065852, Reg 0.13039633826492658
09-Aug-26 07:20:26 - Epoch 42, Model Loss 0.5528715385331048, View Loss -0.7487532212064157, Reg 0.13672890022299647
09-Aug-26 07:21:26 - Epoch 43, Model Loss 0.5571656088813458, View Loss -0.7457096607856502, Reg 0.13119211111193388
09-Aug-26 07:22:26 - Epoch 44, Model Loss 0.5396477969643337, View Loss -0.7369663582907783, Reg 0.1316042498630636
09-Aug-26 07:23:26 - Epoch 45, Model Loss 0.5495690017743827, View Loss -0.7276334287294375, Reg 0.13711985234731164
09-Aug-26 07:23:47 - Epoch 45: Train_acc 0.7810457516339869 Val_acc 0.6470588235294118 Test_acc 0.6230366492146597 Test_auc 0.625934065934066
09-Aug-26 07:24:47 - Epoch 46, Model Loss 0.5442027733996023, View Loss -0.7368628659279518, Reg 0.12718353926940681
09-Aug-26 07:25:46 - Epoch 47, Model Loss 0.5482158121330286, View Loss -0.7212616197423998, Reg 0.13809899128730002
09-Aug-26 07:26:46 - Epoch 48, Model Loss 0.5421777120213104, View Loss -0.7278515856250439, Reg 0.1254071277730605
09-Aug-26 07:27:46 - Epoch 49, Model Loss 0.5457038150893317, View Loss -0.7181678846770642, Reg 0.1369115104472715
09-Aug-26 07:28:46 - Epoch 50, Model Loss 0.5435452430076848, View Loss -0.7142100178338344, Reg 0.12645169186825847
09-Aug-26 07:29:06 - Epoch 50: Train_acc 0.7745098039215687 Val_acc 0.6470588235294118 Test_acc 0.6178010471204188 Test_auc 0.6225274725274725
09-Aug-26 07:30:06 - Epoch 51, Model Loss 0.5401194239753524, View Loss -0.7012426370109608, Reg 0.13890516563178668
09-Aug-26 07:31:05 - Epoch 52, Model Loss 0.5426643013564589, View Loss -0.6941642574235505, Reg 0.12835227050422843
09-Aug-26 07:32:05 - Epoch 53, Model Loss 0.5399404308375191, View Loss -0.6899280875336891, Reg 0.13732792193593543
09-Aug-26 07:33:05 - Epoch 54, Model Loss 0.5401480949782078, View Loss -0.6901636622310464, Reg 0.13064351356496998
09-Aug-26 07:34:05 - Epoch 55, Model Loss 0.5373675608946606, View Loss -0.6823717495974373, Reg 0.13152549157734789
/users/3171356m/miniconda3/envs/grastiacl/lib/python3.12/site-packages/sklearn/svm/_base.py:1298: ConvergenceWarning: Liblinear failed to converge, increase the number of iterations.
  warnings.warn(
09-Aug-26 07:34:31 - Epoch 55: Train_acc 1.0 Val_acc 0.5098039215686274 Test_acc 0.5863874345549738 Test_auc 0.6081318681318681
09-Aug-26 07:35:31 - Epoch 56, Model Loss 0.536819299451666, View Loss -0.6725756927253375, Reg 0.1347925020199196
09-Aug-26 07:36:30 - Epoch 57, Model Loss 0.5327992252275056, View Loss -0.6739917448143554, Reg 0.13129845787497127
09-Aug-26 07:37:31 - Epoch 58, Model Loss 0.5243404484262654, View Loss -0.6602306607501959, Reg 0.13608762592661613
09-Aug-26 07:38:30 - Epoch 59, Model Loss 0.5276420003448437, View Loss -0.6537416503320332, Reg 0.13269507690192828
09-Aug-26 07:39:30 - Epoch 60, Model Loss 0.5319448857525595, View Loss -0.6554062919679031, Reg 0.1315330858129302
09-Aug-26 07:39:52 - Epoch 60: Train_acc 0.7745098039215687 Val_acc 0.6405228758169934 Test_acc 0.6073298429319371 Test_auc 0.6284615384615384
09-Aug-26 07:40:51 - Epoch 61, Model Loss 0.5348843176380481, View Loss -0.6476590508729024, Reg 0.13667465317872615
09-Aug-26 07:41:51 - Epoch 62, Model Loss 0.5316716857205809, View Loss -0.651285808849958, Reg 0.1339027729688906
09-Aug-26 07:42:50 - Epoch 63, Model Loss 0.5213945067785923, View Loss -0.6433585921144174, Reg 0.13484552551328746
09-Aug-26 07:43:50 - Epoch 64, Model Loss 0.5283389551187653, View Loss -0.6565774920719122, Reg 0.13018550757878747
09-Aug-26 07:44:50 - Epoch 65, Model Loss 0.5209059575024773, View Loss -0.6329768872728535, Reg 0.14097032837228837
09-Aug-26 07:45:07 - Epoch 65: Train_acc 0.7761437908496732 Val_acc 0.6535947712418301 Test_acc 0.5968586387434555 Test_auc 0.6182417582417583
09-Aug-26 07:46:07 - Epoch 66, Model Loss 0.5287845017863255, View Loss -0.6422094948151532, Reg 0.1267712506788229
09-Aug-26 07:47:06 - Epoch 67, Model Loss 0.52623058534136, View Loss -0.6229955713733349, Reg 0.1433738633698108
09-Aug-26 07:48:06 - Epoch 68, Model Loss 0.5260876713235394, View Loss -0.6217423989102732, Reg 0.13087416581468644
09-Aug-26 07:49:06 - Epoch 69, Model Loss 0.524019208998462, View Loss -0.617661013322718, Reg 0.13316875569571077
09-Aug-26 07:50:06 - Epoch 70, Model Loss 0.5206713563476513, View Loss -0.6222169305763993, Reg 0.14111891642115473
/users/3171356m/miniconda3/envs/grastiacl/lib/python3.12/site-packages/joblib/externals/loky/process_executor.py:782: UserWarning: A worker stopped while some jobs were given to the executor. This can be caused by a too short worker timeout or by a memory leak.
  warnings.warn(
09-Aug-26 07:50:27 - Epoch 70: Train_acc 1.0 Val_acc 0.5098039215686274 Test_acc 0.5706806282722513 Test_auc 0.6092307692307691
09-Aug-26 07:51:27 - Epoch 71, Model Loss 0.524932374362073, View Loss -0.6116619343851127, Reg 0.13246934310673109
09-Aug-26 07:52:26 - Epoch 72, Model Loss 0.522495350027396, View Loss -0.6030521984972985, Reg 0.13546385543019163
09-Aug-26 07:53:25 - Epoch 73, Model Loss 0.523037844818402, View Loss -0.5917970526452158, Reg 0.1387760406907867
09-Aug-26 07:54:25 - Epoch 74, Model Loss 0.5186379446702845, View Loss -0.5879719171648711, Reg 0.13669390976428986
09-Aug-26 07:55:25 - Epoch 75, Model Loss 0.5177320520472682, View Loss -0.5858360715940887, Reg 0.131783378182673
09-Aug-26 07:55:46 - Epoch 75: Train_acc 0.7745098039215687 Val_acc 0.6405228758169934 Test_acc 0.6282722513089005 Test_auc 0.6323076923076923
09-Aug-26 07:56:45 - Epoch 76, Model Loss 0.5226143773864297, View Loss -0.5947020326564515, Reg 0.13968132592104618
09-Aug-26 07:57:44 - Epoch 77, Model Loss 0.513043121574751, View Loss -0.5977674325307211, Reg 0.13711107566076167
09-Aug-26 07:58:44 - Epoch 78, Model Loss 0.5207951587010053, View Loss -0.6009920142055337, Reg 0.13048920132755454
09-Aug-26 07:59:43 - Epoch 79, Model Loss 0.5200875420975529, View Loss -0.5839636154424132, Reg 0.14570242999231114
09-Aug-26 08:00:43 - Epoch 80, Model Loss 0.5127384421093012, View Loss -0.5863769046621385, Reg 0.12959997969515183
09-Aug-26 08:01:01 - Epoch 80: Train_acc 0.7663398692810458 Val_acc 0.6535947712418301 Test_acc 0.612565445026178 Test_auc 0.6209890109890109
09-Aug-26 08:02:00 - Epoch 81, Model Loss 0.5119699824090097, View Loss -0.5959592621310864, Reg 0.1348604545289395
09-Aug-26 08:03:00 - Epoch 82, Model Loss 0.5112781657112969, View Loss -0.5674952814002442, Reg 0.14535214435430913
09-Aug-26 08:03:59 - Epoch 83, Model Loss 0.5149039513145397, View Loss -0.5708680378845314, Reg 0.12664640952948653
09-Aug-26 08:04:59 - Epoch 84, Model Loss 0.518690339880052, View Loss -0.5621918307410346, Reg 0.14286914672337325
09-Aug-26 08:05:59 - Epoch 85, Model Loss 0.5121368941138772, View Loss -0.5622686996958615, Reg 0.1364899046865164
/users/3171356m/miniconda3/envs/grastiacl/lib/python3.12/site-packages/joblib/externals/loky/process_executor.py:782: UserWarning: A worker stopped while some jobs were given to the executor. This can be caused by a too short worker timeout or by a memory leak.
  warnings.warn(
09-Aug-26 08:06:17 - Epoch 85: Train_acc 0.7745098039215687 Val_acc 0.6470588235294118 Test_acc 0.6073298429319371 Test_auc 0.6256043956043955
09-Aug-26 08:07:17 - Epoch 86, Model Loss 0.5098081720031165, View Loss -0.5620716358321944, Reg 0.1292444853221669
09-Aug-26 08:08:16 - Epoch 87, Model Loss 0.5100743258311078, View Loss -0.5511226350185918, Reg 0.14620631129718295
09-Aug-26 08:09:16 - Epoch 88, Model Loss 0.5107730722505283, View Loss -0.55537809343899, Reg 0.1337667714341793
09-Aug-26 08:10:16 - Epoch 89, Model Loss 0.5083218253905477, View Loss -0.5560019000682955, Reg 0.1333898003973992
09-Aug-26 08:11:16 - Epoch 90, Model Loss 0.5108753540157492, View Loss -0.5449013998305875, Reg 0.13649950317697587
09-Aug-26 08:11:35 - Epoch 90: Train_acc 0.7728758169934641 Val_acc 0.6405228758169934 Test_acc 0.6073298429319371 Test_auc 0.6232967032967034
09-Aug-26 08:12:35 - Epoch 91, Model Loss 0.5119787711723178, View Loss -0.5424037049798405, Reg 0.1375880445919785
09-Aug-26 08:13:34 - Epoch 92, Model Loss 0.5061438603728425, View Loss -0.5449345010557985, Reg 0.13546548501338834
09-Aug-26 08:14:34 - Epoch 93, Model Loss 0.5114536012699401, View Loss -0.538842174741957, Reg 0.13596107659776227
09-Aug-26 08:15:34 - Epoch 94, Model Loss 0.5060938152612424, View Loss -0.5300444123012568, Reg 0.1371189945079143
09-Aug-26 08:16:33 - Epoch 95, Model Loss 0.5070159891072441, View Loss -0.5339830155466118, Reg 0.13404332296131483
09-Aug-26 08:16:52 - Epoch 95: Train_acc 0.7630718954248366 Val_acc 0.6405228758169934 Test_acc 0.6387434554973822 Test_auc 0.6268131868131869
09-Aug-26 08:17:51 - Epoch 96, Model Loss 0.506811770348767, View Loss -0.5375526185129204, Reg 0.13826006139610328
09-Aug-26 08:18:51 - Epoch 97, Model Loss 0.5049100078009312, View Loss -0.5253963439293157, Reg 0.13708017454817403
09-Aug-26 08:19:50 - Epoch 98, Model Loss 0.506410529410917, View Loss -0.518724193759993, Reg 0.13463102135003782
09-Aug-26 08:20:51 - Epoch 99, Model Loss 0.5049237423862507, View Loss -0.5199407175475476, Reg 0.1358474481339548
09-Aug-26 08:21:51 - Epoch 100, Model Loss 0.5018602699236153, View Loss -0.5167057763517292, Reg 0.1333806278074489
/users/3171356m/miniconda3/envs/grastiacl/lib/python3.12/site-packages/joblib/externals/loky/process_executor.py:782: UserWarning: A worker stopped while some jobs were given to the executor. This can be caused by a too short worker timeout or by a memory leak.
  warnings.warn(
09-Aug-26 08:22:11 - Epoch 100: Train_acc 0.7679738562091504 Val_acc 0.6535947712418301 Test_acc 0.6230366492146597 Test_auc 0.6278021978021978
09-Aug-26 08:23:11 - Epoch 101, Model Loss 0.5066898790449877, View Loss -0.5201794602512534, Reg 0.13612006755630954
09-Aug-26 08:24:10 - Epoch 102, Model Loss 0.5024668410712597, View Loss -0.5037600674660377, Reg 0.1405060617557538
09-Aug-26 08:25:09 - Epoch 103, Model Loss 0.49639910030988305, View Loss -0.49917429724549933, Reg 0.13748310155728283
09-Aug-26 08:26:09 - Epoch 104, Model Loss 0.5021007982344409, View Loss -0.5048523237502652, Reg 0.13402154778732972
09-Aug-26 08:27:09 - Epoch 105, Model Loss 0.4957035162480049, View Loss -0.5015402377820483, Reg 0.13616041410592647
09-Aug-26 08:27:30 - Epoch 105: Train_acc 0.7728758169934641 Val_acc 0.6339869281045751 Test_acc 0.6020942408376964 Test_auc 0.6260439560439561
09-Aug-26 08:28:29 - Epoch 106, Model Loss 0.5052711994819392, View Loss -0.49099577486125473, Reg 0.134063483258478
09-Aug-26 08:29:28 - Epoch 107, Model Loss 0.49706214004092747, View Loss -0.5140324254441105, Reg 0.13589994443787468
09-Aug-26 08:30:27 - Epoch 108, Model Loss 0.49606763069925747, View Loss -0.5099646982803844, Reg 0.13769464223992592
09-Aug-26 08:31:26 - Epoch 109, Model Loss 0.503886169857449, View Loss -0.4995781191034255, Reg 0.14158144184187346
09-Aug-26 08:32:25 - Epoch 110, Model Loss 0.4980279176063787, View Loss -0.5415721609701518, Reg 0.13511902025712083
/users/3171356m/miniconda3/envs/grastiacl/lib/python3.12/site-packages/sklearn/svm/_base.py:1298: ConvergenceWarning: Liblinear failed to converge, increase the number of iterations.
  warnings.warn(
09-Aug-26 08:32:51 - Epoch 110: Train_acc 0.7696078431372549 Val_acc 0.6405228758169934 Test_acc 0.6073298429319371 Test_auc 0.6304395604395604
09-Aug-26 08:33:49 - Epoch 111, Model Loss 0.4989897928206749, View Loss -0.5034916003545126, Reg 0.12588354136819155
09-Aug-26 08:34:47 - Epoch 112, Model Loss 0.5024946748820784, View Loss -0.5056415157380447, Reg 0.13715316058179133
09-Aug-26 08:35:45 - Epoch 113, Model Loss 0.49882444486119387, View Loss -0.4928354484583038, Reg 0.14488520448893502
09-Aug-26 08:36:44 - Epoch 114, Model Loss 0.49622056102441026, View Loss -0.5044655768699895, Reg 0.12486220613803739
09-Aug-26 08:37:42 - Epoch 115, Model Loss 0.49781691735866024, View Loss -0.49829238847969404, Reg 0.13174477419237685
/users/3171356m/miniconda3/envs/grastiacl/lib/python3.12/site-packages/sklearn/svm/_base.py:1298: ConvergenceWarning: Liblinear failed to converge, increase the number of iterations.
  warnings.warn(
09-Aug-26 08:38:04 - Epoch 115: Train_acc 0.7728758169934641 Val_acc 0.6339869281045751 Test_acc 0.6178010471204188 Test_auc 0.6231868131868132
09-Aug-26 08:39:01 - Epoch 116, Model Loss 0.49735226818159517, View Loss -0.48399342586791594, Reg 0.14832587871286604
09-Aug-26 08:39:59 - Epoch 117, Model Loss 0.4910229434764463, View Loss -0.4867069752387751, Reg 0.12900105576499615
09-Aug-26 08:40:57 - Epoch 118, Model Loss 0.4947465188752592, View Loss -0.47938932624517705, Reg 0.1316711966897927
09-Aug-26 08:41:55 - Epoch 119, Model Loss 0.4970295853864134, View Loss -0.4750485778634065, Reg 0.1479388017670002
09-Aug-26 08:42:53 - Epoch 120, Model Loss 0.49693350464689967, View Loss -0.47962626834320865, Reg 0.1319653946005441
/users/3171356m/miniconda3/envs/grastiacl/lib/python3.12/site-packages/joblib/externals/loky/process_executor.py:782: UserWarning: A worker stopped while some jobs were given to the executor. This can be caused by a too short worker timeout or by a memory leak.
  warnings.warn(
09-Aug-26 08:43:09 - Epoch 120: Train_acc 0.7663398692810458 Val_acc 0.6405228758169934 Test_acc 0.612565445026178 Test_auc 0.6210989010989012
09-Aug-26 08:44:07 - Epoch 121, Model Loss 0.49190591285431307, View Loss -0.4627578850665124, Reg 0.12950636612044442
09-Aug-26 08:45:05 - Epoch 122, Model Loss 0.49395426581887636, View Loss -0.4730973937153037, Reg 0.14092559347939648
09-Aug-26 08:46:03 - Epoch 123, Model Loss 0.4957214839318219, View Loss -0.4682173315995659, Reg 0.13382170237357321
09-Aug-26 08:47:01 - Epoch 124, Model Loss 0.4940637868214277, View Loss -0.46109558008854684, Reg 0.13424475198867275
09-Aug-26 08:47:59 - Epoch 125, Model Loss 0.4915402640704236, View Loss -0.4543910642075383, Reg 0.13762705933813954
09-Aug-26 08:48:14 - Epoch 125: Train_acc 0.9607843137254902 Val_acc 0.5751633986928104 Test_acc 0.5549738219895288 Test_auc 0.6123076923076922
09-Aug-26 08:49:12 - Epoch 126, Model Loss 0.49378244627534956, View Loss -0.45741566879297396, Reg 0.13581382186194652
09-Aug-26 08:50:09 - Epoch 127, Model Loss 0.4920421630338906, View Loss -0.45599447200500887, Reg 0.1366639123633017
09-Aug-26 08:51:07 - Epoch 128, Model Loss 0.49028390723895404, View Loss -0.4504570968789992, Reg 0.1330509235461553
09-Aug-26 08:52:05 - Epoch 129, Model Loss 0.4926338252288843, View Loss -0.4649988077824412, Reg 0.13837560826267292
09-Aug-26 08:53:03 - Epoch 130, Model Loss 0.4905877639265621, View Loss -0.46197595237906464, Reg 0.13249656723605263
/users/3171356m/miniconda3/envs/grastiacl/lib/python3.12/site-packages/joblib/externals/loky/process_executor.py:782: UserWarning: A worker stopped while some jobs were given to the executor. This can be caused by a too short worker timeout or by a memory leak.
  warnings.warn(
09-Aug-26 08:53:14 - Epoch 130: Train_acc 0.761437908496732 Val_acc 0.6535947712418301 Test_acc 0.5968586387434555 Test_auc 0.6239560439560441
09-Aug-26 08:54:11 - Epoch 131, Model Loss 0.4905887703879986, View Loss -0.4660842862783694, Reg 0.13117926358397491
09-Aug-26 08:55:09 - Epoch 132, Model Loss 0.48879697159224866, View Loss -0.44576692659091327, Reg 0.1449053637147729
09-Aug-26 08:56:07 - Epoch 133, Model Loss 0.49728380250774956, View Loss -0.43970397718591625, Reg 0.13773502623723224
09-Aug-26 08:57:04 - Epoch 134, Model Loss 0.49307888902090735, View Loss -0.4402417411991194, Reg 0.1259097363434586
09-Aug-26 08:58:02 - Epoch 135, Model Loss 0.491574166257397, View Loss -0.44083979706359067, Reg 0.13880642995335699
09-Aug-26 08:58:14 - Epoch 135: Train_acc 0.7630718954248366 Val_acc 0.6405228758169934 Test_acc 0.5968586387434555 Test_auc 0.6250549450549451
09-Aug-26 08:59:11 - Epoch 136, Model Loss 0.490703767031626, View Loss -0.4403294005425148, Reg 0.13937131310600082
09-Aug-26 09:00:09 - Epoch 137, Model Loss 0.48986415341009504, View Loss -0.44770455594156305, Reg 0.13135279812454398
09-Aug-26 09:01:06 - Epoch 138, Model Loss 0.48979609074935415, View Loss -0.44811272075752806, Reg 0.1356191635131836
09-Aug-26 09:02:04 - Epoch 139, Model Loss 0.48810648606493584, View Loss -0.43637225440904204, Reg 0.132780062022552
09-Aug-26 09:03:02 - Epoch 140, Model Loss 0.4911199028975044, View Loss -0.44970803011476607, Reg 0.13015402405480153
09-Aug-26 09:03:16 - Epoch 140: Train_acc 0.7565359477124183 Val_acc 0.6274509803921569 Test_acc 0.6020942408376964 Test_auc 0.626923076923077
09-Aug-26 09:04:14 - Epoch 141, Model Loss 0.4886628159510544, View Loss -0.4456034462436352, Reg 0.1383695873170117
09-Aug-26 09:05:12 - Epoch 142, Model Loss 0.4876905130405052, View Loss -0.4391318910262164, Reg 0.1433526545860409
09-Aug-26 09:06:09 - Epoch 143, Model Loss 0.49200190983566583, View Loss -0.4335688500622519, Reg 0.1347418519016964
09-Aug-26 09:07:07 - Epoch 144, Model Loss 0.48698119341937546, View Loss -0.43639425047082836, Reg 0.1236884676747852
09-Aug-26 09:08:04 - Epoch 145, Model Loss 0.49076323493633395, View Loss -0.4142178242502649, Reg 0.13491066277416702
/users/3171356m/miniconda3/envs/grastiacl/lib/python3.12/site-packages/joblib/externals/loky/process_executor.py:782: UserWarning: A worker stopped while some jobs were given to the executor. This can be caused by a too short worker timeout or by a memory leak.
  warnings.warn(
09-Aug-26 09:08:17 - Epoch 145: Train_acc 0.7712418300653595 Val_acc 0.6274509803921569 Test_acc 0.5968586387434555 Test_auc 0.6213186813186813
09-Aug-26 09:09:15 - Epoch 146, Model Loss 0.485839404506621, View Loss -0.4165340256846808, Reg 0.14189117961849262
09-Aug-26 09:10:12 - Epoch 147, Model Loss 0.4887077535679138, View Loss -0.42175622235715776, Reg 0.136207221282853
09-Aug-26 09:11:10 - Epoch 148, Model Loss 0.48746747947206687, View Loss -0.4157874217999527, Reg 0.12923581664468728
09-Aug-26 09:12:08 - Epoch 149, Model Loss 0.4899237962330089, View Loss -0.4095344551248488, Reg 0.1315252017351537
09-Aug-26 09:13:05 - Epoch 150, Model Loss 0.4846055423901751, View Loss -0.4053301039864035, Reg 0.13816640219267676
09-Aug-26 09:13:13 - Epoch 150: Train_acc 0.7663398692810458 Val_acc 0.6274509803921569 Test_acc 0.6020942408376964 Test_auc 0.6272527472527474
09-Aug-26 09:14:11 - Epoch 151, Model Loss 0.48139307993689395, View Loss -0.4084339009390937, Reg 0.1319903803417106
09-Aug-26 09:15:09 - Epoch 152, Model Loss 0.48422036529366486, View Loss -0.40932341806249684, Reg 0.13384723848377178
09-Aug-26 09:16:07 - Epoch 153, Model Loss 0.48318469913956386, View Loss -0.4128302218867283, Reg 0.14128245306170845
09-Aug-26 09:17:04 - Epoch 154, Model Loss 0.48365596579570397, View Loss -0.4132903510448979, Reg 0.1353069439627766
09-Aug-26 09:18:02 - Epoch 155, Model Loss 0.48325763477219474, View Loss -0.4009038202123704, Reg 0.12962058235227672
09-Aug-26 09:18:15 - Epoch 155: Train_acc 0.7663398692810458 Val_acc 0.6274509803921569 Test_acc 0.612565445026178 Test_auc 0.6221978021978023
09-Aug-26 09:19:13 - Epoch 156, Model Loss 0.48254845578686084, View Loss -0.40960222833296833, Reg 0.1376335845371477
09-Aug-26 09:20:10 - Epoch 157, Model Loss 0.48314977627174527, View Loss -0.407286645540225, Reg 0.13576777211201738
09-Aug-26 09:21:08 - Epoch 158, Model Loss 0.4805644172079423, View Loss -0.4049295046750237, Reg 0.13453498521661447
09-Aug-26 09:22:06 - Epoch 159, Model Loss 0.4831194386762731, View Loss -0.39605661233266193, Reg 0.1366756419145983
09-Aug-26 09:23:03 - Epoch 160, Model Loss 0.48278892312953675, View Loss -0.3980830074135774, Reg 0.1334096403682933
09-Aug-26 09:23:13 - Epoch 160: Train_acc 0.7663398692810458 Val_acc 0.6274509803921569 Test_acc 0.5863874345549738 Test_auc 0.6215384615384617
09-Aug-26 09:24:11 - Epoch 161, Model Loss 0.4826916072493285, View Loss -0.4093945197809755, Reg 0.13182085966752247
09-Aug-26 09:25:09 - Epoch 162, Model Loss 0.48282046937475015, View Loss -0.40831276715970505, Reg 0.13923261358457453
09-Aug-26 09:26:06 - Epoch 163, Model Loss 0.4846304764155469, View Loss -0.40734342188616984, Reg 0.13684639471029145
09-Aug-26 09:27:04 - Epoch 164, Model Loss 0.48438021638034995, View Loss -0.4023234096227908, Reg 0.12959861015182694
09-Aug-26 09:28:02 - Epoch 165, Model Loss 0.4824947866739011, View Loss -0.39719391024969763, Reg 0.13071715578534246
09-Aug-26 09:28:15 - Epoch 165: Train_acc 0.7647058823529411 Val_acc 0.6339869281045751 Test_acc 0.612565445026178 Test_auc 0.6228571428571429
09-Aug-26 09:29:12 - Epoch 166, Model Loss 0.48121894399325055, View Loss -0.39067552915585585, Reg 0.134519795868911
09-Aug-26 09:30:10 - Epoch 167, Model Loss 0.4779338396452611, View Loss -0.39311476003110796, Reg 0.1313998706005757
09-Aug-26 09:31:08 - Epoch 168, Model Loss 0.4809618572783626, View Loss -0.4003705183664958, Reg 0.1320125360309688
09-Aug-26 09:32:05 - Epoch 169, Model Loss 0.4818599625350603, View Loss -0.39725888164993983, Reg 0.1342202688938652
09-Aug-26 09:33:03 - Epoch 170, Model Loss 0.48208294273201935, View Loss -0.39579662855933695, Reg 0.1322064163053737
09-Aug-26 09:33:10 - Epoch 170: Train_acc 0.7728758169934641 Val_acc 0.6339869281045751 Test_acc 0.5863874345549738 Test_auc 0.6220879120879121
09-Aug-26 09:34:08 - Epoch 171, Model Loss 0.47892798863205255, View Loss -0.37838321028192057, Reg 0.13328343912277346
09-Aug-26 09:35:05 - Epoch 172, Model Loss 0.47940553422846827, View Loss -0.3765381901871924, Reg 0.13504006937633153
09-Aug-26 09:36:03 - Epoch 173, Model Loss 0.48145846175212487, View Loss -0.37452422559650894, Reg 0.13143966293412876
09-Aug-26 09:37:00 - Epoch 174, Model Loss 0.480617463783501, View Loss -0.3728000852796767, Reg 0.12870576675810846
09-Aug-26 09:37:58 - Epoch 175, Model Loss 0.48142455099454895, View Loss -0.38840723972694546, Reg 0.13633230245775646
09-Aug-26 09:38:07 - Epoch 175: Train_acc 1.0 Val_acc 0.5947712418300654 Test_acc 0.6387434554973822 Test_auc 0.6287912087912089
09-Aug-26 09:39:05 - Epoch 176, Model Loss 0.4769258191382963, View Loss -0.38974160618252224, Reg 0.13916612124326183
09-Aug-26 09:40:03 - Epoch 177, Model Loss 0.4791322257004532, View Loss -0.37940361375123066, Reg 0.13050138453642526
09-Aug-26 09:41:00 - Epoch 178, Model Loss 0.47970271071577386, View Loss -0.37647489706675213, Reg 0.13153654570673026
09-Aug-26 09:41:58 - Epoch 179, Model Loss 0.4799884674595852, View Loss -0.3736898719874862, Reg 0.13930692664938035
09-Aug-26 09:42:55 - Epoch 180, Model Loss 0.4803146466710209, View Loss -0.36533898154115363, Reg 0.14039108429858888
09-Aug-26 09:43:06 - Epoch 180: Train_acc 0.7679738562091504 Val_acc 0.6274509803921569 Test_acc 0.6230366492146597 Test_auc 0.6231868131868131
09-Aug-26 09:44:04 - Epoch 181, Model Loss 0.4758743702196607, View Loss -0.365194167966157, Reg 0.13387617673359664
09-Aug-26 09:45:02 - Epoch 182, Model Loss 0.4797549142557032, View Loss -0.36802680663813175, Reg 0.12974882447252087
09-Aug-26 09:45:59 - Epoch 183, Model Loss 0.4765234558410894, View Loss -0.38852433986913143, Reg 0.1340973992752873
09-Aug-26 09:46:57 - Epoch 184, Model Loss 0.4733116975407195, View Loss -0.37505217626983045, Reg 0.135725128884409
09-Aug-26 09:47:54 - Epoch 185, Model Loss 0.47917984202017194, View Loss -0.3698122875363219, Reg 0.13269744774484946
09-Aug-26 09:48:02 - Epoch 185: Train_acc 0.7663398692810458 Val_acc 0.6274509803921569 Test_acc 0.6178010471204188 Test_auc 0.6280219780219781
09-Aug-26 09:48:59 - Epoch 186, Model Loss 0.47490669348660636, View Loss -0.357461380802728, Reg 0.13082762364468542
09-Aug-26 09:49:56 - Epoch 187, Model Loss 0.47666200839616113, View Loss -0.35157527331433264, Reg 0.13456510713482214
09-Aug-26 09:50:54 - Epoch 188, Model Loss 0.4751579858898337, View Loss -0.35642685298047033, Reg 0.13306482555040347
09-Aug-26 09:51:52 - Epoch 189, Model Loss 0.477187447298586, View Loss -0.3625049256031809, Reg 0.13183686185896007
09-Aug-26 09:52:49 - Epoch 190, Model Loss 0.4759807294490291, View Loss -0.35523948404524064, Reg 0.13401440087876287
09-Aug-26 09:52:58 - Epoch 190: Train_acc 0.7745098039215687 Val_acc 0.6274509803921569 Test_acc 0.5968586387434555 Test_auc 0.6245054945054945
09-Aug-26 09:53:56 - Epoch 191, Model Loss 0.4749199751934974, View Loss -0.3512790218677396, Reg 0.13554896545760772
09-Aug-26 09:54:53 - Epoch 192, Model Loss 0.4732726083861457, View Loss -0.3626249272838917, Reg 0.13786822012047362
09-Aug-26 09:55:51 - Epoch 193, Model Loss 0.47270214557647705, View Loss -0.3527916163400887, Reg 0.13617893196398917
09-Aug-26 09:56:48 - Epoch 194, Model Loss 0.47546254186069264, View Loss -0.35398272595374414, Reg 0.13265733313716316
09-Aug-26 09:57:46 - Epoch 195, Model Loss 0.4738167929493524, View Loss -0.37419190671708846, Reg 0.1342487668289858
09-Aug-26 09:57:54 - Epoch 195: Train_acc 0.7728758169934641 Val_acc 0.6274509803921569 Test_acc 0.5916230366492147 Test_auc 0.6239560439560439
09-Aug-26 09:58:51 - Epoch 196, Model Loss 0.47334035588245765, View Loss -0.3532538421792922, Reg 0.13684098890014723
09-Aug-26 09:59:49 - Epoch 197, Model Loss 0.472370010185865, View Loss -0.35917193359798855, Reg 0.1363868055974736
09-Aug-26 10:00:46 - Epoch 198, Model Loss 0.4741782357100568, View Loss -0.35704376494962403, Reg 0.13497267702436136
09-Aug-26 10:01:44 - Epoch 199, Model Loss 0.47256436223298115, View Loss -0.37878842057745443, Reg 0.1294340202037026
09-Aug-26 10:02:41 - Epoch 200, Model Loss 0.4737103232760835, View Loss -0.36611047367644467, Reg 0.1351362994196368
09-Aug-26 10:02:52 - Epoch 200: Train_acc 0.7647058823529411 Val_acc 0.6274509803921569 Test_acc 0.5916230366492147 Test_auc 0.6294505494505495
09-Aug-26 10:03:49 - Epoch 201, Model Loss 0.4703816580616571, View Loss -0.34584351536495234, Reg 0.1357815430250043
09-Aug-26 10:04:47 - Epoch 202, Model Loss 0.4734023207542943, View Loss -0.3414478652617511, Reg 0.12936820761830198
09-Aug-26 10:05:44 - Epoch 203, Model Loss 0.46983922229093666, View Loss -0.35217442855336306, Reg 0.12416014649899178
09-Aug-26 10:06:42 - Epoch 204, Model Loss 0.4701446781750598, View Loss -0.3421405491486094, Reg 0.1316101914332583
09-Aug-26 10:07:39 - Epoch 205, Model Loss 0.4734564963119482, View Loss -0.3442345818662955, Reg 0.1386912166098364
09-Aug-26 10:07:51 - Epoch 205: Train_acc 0.7630718954248366 Val_acc 0.6339869281045751 Test_acc 0.6020942408376964 Test_auc 0.6219780219780221
09-Aug-26 10:08:49 - Epoch 206, Model Loss 0.4719320348664826, View Loss -0.34428663581025365, Reg 0.13870226772002925
09-Aug-26 10:09:46 - Epoch 207, Model Loss 0.47195494642444685, View Loss -0.34174854848899094, Reg 0.13243866823857126
09-Aug-26 10:10:44 - Epoch 208, Model Loss 0.46948178492340387, View Loss -0.35677866063086816, Reg 0.12925535547577477
09-Aug-26 10:11:41 - Epoch 209, Model Loss 0.47202161071347254, View Loss -0.36691515040553474, Reg 0.13272677712580738
09-Aug-26 10:12:39 - Epoch 210, Model Loss 0.47564659457580716, View Loss -0.33497973984363033, Reg 0.1328944858967089
09-Aug-26 10:12:48 - Epoch 210: Train_acc 0.7647058823529411 Val_acc 0.6209150326797386 Test_acc 0.6178010471204188 Test_auc 0.632087912087912
09-Aug-26 10:13:46 - Epoch 211, Model Loss 0.47227005709230513, View Loss -0.33242104957306307, Reg 0.12847020267661102
09-Aug-26 10:14:43 - Epoch 212, Model Loss 0.4751003618333854, View Loss -0.3304299700493906, Reg 0.12792685316279043
09-Aug-26 10:15:41 - Epoch 213, Model Loss 0.4716421237178877, View Loss -0.34982943612765643, Reg 0.13490148229536666
09-Aug-26 10:16:38 - Epoch 214, Model Loss 0.47223252798217574, View Loss -0.3590322608262106, Reg 0.13550284719155506
09-Aug-26 10:17:36 - Epoch 215, Model Loss 0.4719977211328893, View Loss -0.3372424498103023, Reg 0.12804140695949007
09-Aug-26 10:17:43 - Epoch 215: Train_acc 1.0 Val_acc 0.5947712418300654 Test_acc 0.6073298429319371 Test_auc 0.6248351648351649
09-Aug-26 10:18:41 - Epoch 216, Model Loss 0.4746392474454992, View Loss -0.33403710368411993, Reg 0.12430176840108983
09-Aug-26 10:19:38 - Epoch 217, Model Loss 0.47254041402168523, View Loss -0.36694591575198704, Reg 0.13385656417584887
09-Aug-26 10:20:36 - Epoch 218, Model Loss 0.47321538169399585, View Loss -0.3775252493378384, Reg 0.14191916750537026
09-Aug-26 10:21:33 - Epoch 219, Model Loss 0.4729880634086584, View Loss -0.3975386736439724, Reg 0.13828498485431173
09-Aug-26 10:22:31 - Epoch 220, Model Loss 0.47063499065785624, View Loss -0.5479912376092151, Reg 0.11720473255986481
09-Aug-26 10:22:40 - Epoch 220: Train_acc 0.7663398692810458 Val_acc 0.6339869281045751 Test_acc 0.5863874345549738 Test_auc 0.6315384615384616
09-Aug-26 10:23:37 - Epoch 221, Model Loss 0.4721546533450582, View Loss -0.6029141572565814, Reg 0.1554733694963206
09-Aug-26 10:24:35 - Epoch 222, Model Loss 0.4733619919789383, View Loss -0.4794663268756243, Reg 0.12155908628616457
09-Aug-26 10:25:32 - Epoch 223, Model Loss 0.4704849533006257, View Loss -0.3881295677883173, Reg 0.12786478018449024
09-Aug-26 10:26:29 - Epoch 224, Model Loss 0.4737470436329935, View Loss -0.39076921597025754, Reg 0.1428573577622183
09-Aug-26 10:27:26 - Epoch 225, Model Loss 0.46968310331207475, View Loss -0.3885259690627553, Reg 0.13691135578685337
09-Aug-26 10:27:36 - Epoch 225: Train_acc 0.7663398692810458 Val_acc 0.6209150326797386 Test_acc 0.6020942408376964 Test_auc 0.6316483516483515
09-Aug-26 10:28:34 - Epoch 226, Model Loss 0.4706671709328695, View Loss -0.3463365416121639, Reg 0.12621557176892273
09-Aug-26 10:29:31 - Epoch 227, Model Loss 0.47193355926501207, View Loss -0.3442855668223761, Reg 0.11784232714596916
09-Aug-26 10:30:29 - Epoch 228, Model Loss 0.46808070918313816, View Loss -0.35327717447592544, Reg 0.13454414519414404
09-Aug-26 10:31:26 - Epoch 229, Model Loss 0.4705758005185844, View Loss -0.3482591568254957, Reg 0.14407668963951223
09-Aug-26 10:32:24 - Epoch 230, Model Loss 0.4689829236541698, View Loss -0.34366176408879895, Reg 0.13694738815812504
09-Aug-26 10:32:32 - Epoch 230: Train_acc 0.7581699346405228 Val_acc 0.6209150326797386 Test_acc 0.5916230366492147 Test_auc 0.621978021978022
09-Aug-26 10:33:30 - Epoch 231, Model Loss 0.46744899052420474, View Loss -0.33441830070969325, Reg 0.12995698083849513
09-Aug-26 10:34:27 - Epoch 232, Model Loss 0.4702584260429432, View Loss -0.3324103246327319, Reg 0.12854613149477764
09-Aug-26 10:35:25 - Epoch 233, Model Loss 0.4678592019610935, View Loss -0.333120444241692, Reg 0.13298895107764824
09-Aug-26 10:36:23 - Epoch 234, Model Loss 0.4685311181093353, View Loss -0.31772685985939175, Reg 0.13961427337398716
09-Aug-26 10:37:20 - Epoch 235, Model Loss 0.4681340931287778, View Loss -0.3168927875219607, Reg 0.13320219458318225
09-Aug-26 10:37:32 - Epoch 235: Train_acc 0.7679738562091504 Val_acc 0.6078431372549019 Test_acc 0.5968586387434555 Test_auc 0.6236263736263737
09-Aug-26 10:38:29 - Epoch 236, Model Loss 0.4695897472450157, View Loss -0.3160776834861905, Reg 0.12348692119121552
09-Aug-26 10:39:27 - Epoch 237, Model Loss 0.4689127142522849, View Loss -0.3162822590933906, Reg 0.13221376452570646
09-Aug-26 10:40:24 - Epoch 238, Model Loss 0.4699185178949942, View Loss -0.30893409953397866, Reg 0.13890515959340763
09-Aug-26 10:41:22 - Epoch 239, Model Loss 0.47202181153827244, View Loss -0.30943525227066737, Reg 0.13419189620641322
09-Aug-26 10:42:20 - Epoch 240, Model Loss 0.4676220015762678, View Loss -0.31434888699475455, Reg 0.12581244666202396
09-Aug-26 10:42:28 - Epoch 240: Train_acc 0.7679738562091504 Val_acc 0.6143790849673203 Test_acc 0.6020942408376964 Test_auc 0.6329670329670329
09-Aug-26 10:43:26 - Epoch 241, Model Loss 0.46526289453693465, View Loss -0.31940199269188774, Reg 0.12749256203377168
09-Aug-26 10:44:23 - Epoch 242, Model Loss 0.46654828311571106, View Loss -0.3210449203167086, Reg 0.13764504723104776
09-Aug-26 10:45:21 - Epoch 243, Model Loss 0.46511786085328244, View Loss -0.31604283697464886, Reg 0.1386035624769778
09-Aug-26 10:46:18 - Epoch 244, Model Loss 0.4681376709657557, View Loss -0.3131437512005077, Reg 0.12831200834582834
09-Aug-26 10:47:16 - Epoch 245, Model Loss 0.4658227019450244, View Loss -0.3069961406047048, Reg 0.12558935553419823
09-Aug-26 10:47:25 - Epoch 245: Train_acc 0.8725490196078431 Val_acc 0.6274509803921569 Test_acc 0.5706806282722513 Test_auc 0.61
09-Aug-26 10:48:23 - Epoch 246, Model Loss 0.4658270250348484, View Loss -0.3121577283136206, Reg 0.1315615467386308
09-Aug-26 10:49:21 - Epoch 247, Model Loss 0.46395813912348033, View Loss -0.3142893314361572, Reg 0.14021866159890992
09-Aug-26 10:50:18 - Epoch 248, Model Loss 0.46581870882339727, View Loss -0.3014279533835018, Reg 0.1370721065920163
09-Aug-26 10:51:16 - Epoch 249, Model Loss 0.4694415202327803, View Loss -0.31108476913053223, Reg 0.12808618826024673
09-Aug-26 10:52:14 - Epoch 250, Model Loss 0.46725685300390707, View Loss -0.3076670910018721, Reg 0.1288537055838342
09-Aug-26 10:52:20 - Epoch 250: Train_acc 0.9722222222222222 Val_acc 0.6013071895424836 Test_acc 0.581151832460733 Test_auc 0.6191208791208791
09-Aug-26 10:53:18 - Epoch 251, Model Loss 0.46523431956378464, View Loss -0.3109990701176762, Reg 0.13406646855516371
09-Aug-26 10:54:15 - Epoch 252, Model Loss 0.4633267942596884, View Loss -0.3054097446740842, Reg 0.13616817035511428
09-Aug-26 10:55:13 - Epoch 253, Model Loss 0.4659666043091444, View Loss -0.3074893600800458, Reg 0.13394496361025018
09-Aug-26 10:56:11 - Epoch 254, Model Loss 0.46709754244953977, View Loss -0.30549636152055526, Reg 0.12705247844356338
09-Aug-26 10:57:08 - Epoch 255, Model Loss 0.46800825525732603, View Loss -0.29871990400202136, Reg 0.12759853675474528
09-Aug-26 10:57:18 - Epoch 255: Train_acc 0.7712418300653595 Val_acc 0.6209150326797386 Test_acc 0.5968586387434555 Test_auc 0.6234065934065934
09-Aug-26 10:58:15 - Epoch 256, Model Loss 0.46524637645366146, View Loss -0.30626802896362504, Reg 0.13371708648267136
09-Aug-26 10:59:13 - Epoch 257, Model Loss 0.4698333140292199, View Loss -0.3019707222390019, Reg 0.1360807885823686
09-Aug-26 11:00:11 - Epoch 258, Model Loss 0.466508937427421, View Loss -0.31225549161823746, Reg 0.1328139847594928
09-Aug-26 11:01:08 - Epoch 259, Model Loss 0.4674566362807953, View Loss -0.3011096154942232, Reg 0.13087961340651794
09-Aug-26 11:02:06 - Epoch 260, Model Loss 0.46782370720034333, View Loss -0.30129490724576063, Reg 0.12687740294761907
09-Aug-26 11:02:14 - Epoch 260: Train_acc 0.7745098039215687 Val_acc 0.6274509803921569 Test_acc 0.5968586387434555 Test_auc 0.6270329670329671
09-Aug-26 11:03:11 - Epoch 261, Model Loss 0.46647027719254586, View Loss -0.3060514997033512, Reg 0.12626312078993304
09-Aug-26 11:04:09 - Epoch 262, Model Loss 0.46613003537545794, View Loss -0.30490826235877144, Reg 0.1323295731365291
09-Aug-26 11:05:07 - Epoch 263, Model Loss 0.4618915821991715, View Loss -0.30431096616134146, Reg 0.1348747196150761
09-Aug-26 11:06:04 - Epoch 264, Model Loss 0.46428798421535616, View Loss -0.30483594205644393, Reg 0.1306455170407015
09-Aug-26 11:07:02 - Epoch 265, Model Loss 0.4643374864572014, View Loss -0.3046807525983823, Reg 0.12678619157644658
09-Aug-26 11:07:15 - Epoch 265: Train_acc 0.7696078431372549 Val_acc 0.6209150326797386 Test_acc 0.581151832460733 Test_auc 0.6225274725274725
09-Aug-26 11:08:12 - Epoch 266, Model Loss 0.4671425114270129, View Loss -0.2948724101571476, Reg 0.12948018711766388
09-Aug-26 11:09:10 - Epoch 267, Model Loss 0.465560594415353, View Loss -0.3104088298635545, Reg 0.1355898324765411
09-Aug-26 11:10:07 - Epoch 268, Model Loss 0.46513063786855713, View Loss -0.29405057352352765, Reg 0.13891681580761678
09-Aug-26 11:11:05 - Epoch 269, Model Loss 0.46611467003822327, View Loss -0.2991997182758805, Reg 0.13133954992091734
09-Aug-26 11:12:02 - Epoch 270, Model Loss 0.46350888917648714, View Loss -0.30280855278563656, Reg 0.12682065319002064
09-Aug-26 11:12:10 - Epoch 270: Train_acc 0.7696078431372549 Val_acc 0.6078431372549019 Test_acc 0.5968586387434555 Test_auc 0.6375824175824176
09-Aug-26 11:13:07 - Epoch 271, Model Loss 0.46586308798758813, View Loss -0.3005485324298634, Reg 0.13259107863007027
09-Aug-26 11:14:05 - Epoch 272, Model Loss 0.46412980517530755, View Loss -0.2987109040902331, Reg 0.13566456910441904
09-Aug-26 11:15:02 - Epoch 273, Model Loss 0.4656493761181052, View Loss -0.2924169812327117, Reg 0.13463870309341966
09-Aug-26 11:16:00 - Epoch 274, Model Loss 0.4645730128475264, View Loss -0.3147168837341608, Reg 0.13314894202098349
09-Aug-26 11:16:58 - Epoch 275, Model Loss 0.46478621710359663, View Loss -0.30769841187919666, Reg 0.13130085082615123
09-Aug-26 11:17:07 - Epoch 275: Train_acc 0.8660130718954249 Val_acc 0.6601307189542484 Test_acc 0.5497382198952879 Test_auc 0.6032967032967033
09-Aug-26 11:18:05 - Epoch 276, Model Loss 0.46378236385731914, View Loss -0.3069267705375073, Reg 0.13353344126074923
09-Aug-26 11:19:02 - Epoch 277, Model Loss 0.46161499775313086, View Loss -0.31089405919991286, Reg 0.133536820026005
09-Aug-26 11:20:00 - Epoch 278, Model Loss 0.4618115199157615, View Loss -0.30009644950916564, Reg 0.1319253632640527
09-Aug-26 11:20:57 - Epoch 279, Model Loss 0.4615531988393248, View Loss -0.28665966613619936, Reg 0.13023743481417888
09-Aug-26 11:21:55 - Epoch 280, Model Loss 0.46525749544692196, View Loss -0.28827524263095233, Reg 0.13024059814565322
09-Aug-26 11:22:02 - Epoch 280: Train_acc 0.7728758169934641 Val_acc 0.6143790849673203 Test_acc 0.5916230366492147 Test_auc 0.6216483516483516
09-Aug-26 11:23:00 - Epoch 281, Model Loss 0.4604385555569642, View Loss -0.30308233522901346, Reg 0.13625186409046447
09-Aug-26 11:23:57 - Epoch 282, Model Loss 0.464672912569607, View Loss -0.29377798784792036, Reg 0.13734924140708898
09-Aug-26 11:24:55 - Epoch 283, Model Loss 0.4614938891011905, View Loss -0.3062666950662152, Reg 0.13517674029457802
09-Aug-26 11:25:52 - Epoch 284, Model Loss 0.46344949606976477, View Loss -0.30171780414830623, Reg 0.12916946615658553
09-Aug-26 11:26:50 - Epoch 285, Model Loss 0.4623560515883701, View Loss -0.30670208790723014, Reg 0.12091414260318856
09-Aug-26 11:26:58 - Epoch 285: Train_acc 0.7679738562091504 Val_acc 0.6274509803921569 Test_acc 0.6073298429319371 Test_auc 0.62
09-Aug-26 11:27:55 - Epoch 286, Model Loss 0.46050505700454214, View Loss -0.307892593682981, Reg 0.12646697851177913
09-Aug-26 11:28:52 - Epoch 287, Model Loss 0.46175263792860743, View Loss -0.2980736696642209, Reg 0.13261333818918739
09-Aug-26 11:29:50 - Epoch 288, Model Loss 0.4592105898202634, View Loss -0.2880935832565906, Reg 0.13475480042641458
09-Aug-26 11:30:47 - Epoch 289, Model Loss 0.46021131830277784, View Loss -0.29107707777833625, Reg 0.13108808289166368
09-Aug-26 11:31:45 - Epoch 290, Model Loss 0.4632448156674703, View Loss -0.29878023714801066, Reg 0.12530749968064378
09-Aug-26 11:31:53 - Epoch 290: Train_acc 0.7647058823529411 Val_acc 0.6143790849673203 Test_acc 0.581151832460733 Test_auc 0.6287912087912086
09-Aug-26 11:32:51 - Epoch 291, Model Loss 0.46059881355248244, View Loss -0.30138374699486625, Reg 0.12854857742786407
09-Aug-26 11:33:49 - Epoch 292, Model Loss 0.4603612450213214, View Loss -0.30247679644939945, Reg 0.13522510444806293
09-Aug-26 11:34:47 - Epoch 293, Model Loss 0.4613991416747274, View Loss -0.30352163704392177, Reg 0.13407610882731044
09-Aug-26 11:35:44 - Epoch 294, Model Loss 0.4608536360700146, View Loss -0.29741676103055864, Reg 0.12903381991230584
09-Aug-26 11:36:42 - Epoch 295, Model Loss 0.45746973877638775, View Loss -0.30326799629560486, Reg 0.12181349186336293
09-Aug-26 11:36:52 - Epoch 295: Train_acc 0.7663398692810458 Val_acc 0.6209150326797386 Test_acc 0.5968586387434555 Test_auc 0.6248351648351649
09-Aug-26 11:37:49 - Epoch 296, Model Loss 0.4616486229538138, View Loss -0.2898316991095449, Reg 0.12724405863121444
09-Aug-26 11:38:47 - Epoch 297, Model Loss 0.46172916889190674, View Loss -0.2903696431054009, Reg 0.13689937705502792
09-Aug-26 11:39:44 - Epoch 298, Model Loss 0.46100488363527786, View Loss -0.28755998689364765, Reg 0.13764108386304644
09-Aug-26 11:40:42 - Epoch 299, Model Loss 0.4599338894576029, View Loss -0.2835587013780681, Reg 0.13158379650973026
09-Aug-26 11:41:39 - Epoch 300, Model Loss 0.45836514857859395, View Loss -0.29884271372377486, Reg 0.12738297665430828
09-Aug-26 11:41:48 - Epoch 300: Train_acc 0.7696078431372549 Val_acc 0.6143790849673203 Test_acc 0.5916230366492147 Test_auc 0.6313186813186813
09-Aug-26 11:41:48 - FinishedTraining! BestEpoch (eval-interval index): 4
09-Aug-26 11:41:48 - Wrote /users/3171356m/muhammad/GraSTIACL/nested_cv/results/nocombat__emb512_bs256__fold3.json
09-Aug-26 11:41:48 - {
  "emb_dim": 512,
  "batch_size": 256,
  "fold": 3,
  "combat": false,
  "n_train": 612,
  "n_val": 153,
  "n_test": 191,
  "best_val_epoch_idx": 4,
  "train_accuracy": 0.7745098039215687,
  "val_accuracy": 0.6601307189542484,
  "test_accuracy": 0.5968586387434555,
  "train_f1": 0.7661016949152543,
  "val_f1": 0.6338028169014085,
  "test_f1": 0.6010362694300518,
  "train_sensitivity": 0.7766322997366588,
  "val_sensitivity": 0.6164383477200227,
  "test_sensitivity": 0.6373626303586525,
  "train_specificity": 0.7725856673751226,
  "val_specificity": 0.6999999912500001,
  "test_specificity": 0.5599999944,
  "train_precision": 0.7558528428093646,
  "val_precision": 0.6521739130434783,
  "test_precision": 0.5686274509803921,
  "test_auc": 0.615934065934066,
  "fin_reg": 0.12924781578039032
}
