Task 2: config=0 fold=2 batch_size=32 emb_dim=512 mij_source=alff combat=yes
The Zen of Python, by Tim Peters

Beautiful is better than ugly.
Explicit is better than implicit.
Simple is better than complex.
Complex is better than complicated.
Flat is better than nested.
Sparse is better than dense.
Readability counts.
Special cases aren't special enough to break the rules.
Although practicality beats purity.
Errors should never pass silently.
Unless explicitly silenced.
In the face of ambiguity, refuse the temptation to guess.
There should be one-- and preferably only one --obvious way to do it.
Although that way may not be obvious at first unless you're Dutch.
Now is better than never.
Although never is often better than *right* now.
If the implementation is hard to explain, it's a bad idea.
If the implementation is easy to explain, it may be a good idea.
Namespaces are one honking great idea -- let's do more of those!
validation time cost : 0.20999 sec
validation time cost : 0.22273 sec
validation time cost : 0.19821 sec
validation time cost : 0.19773 sec
validation time cost : 0.19779 sec
validation time cost : 0.22564 sec
validation time cost : 0.19701 sec
validation time cost : 0.20176 sec
validation time cost : 0.19802 sec
validation time cost : 0.19824 sec
validation time cost : 0.19700 sec
validation time cost : 0.19726 sec
validation time cost : 0.19684 sec
validation time cost : 0.19916 sec
validation time cost : 0.19809 sec
validation time cost : 0.19824 sec
validation time cost : 0.19810 sec
validation time cost : 0.19796 sec
validation time cost : 0.19877 sec
validation time cost : 0.19793 sec
validation time cost : 0.20949 sec
validation time cost : 0.20952 sec
validation time cost : 0.19835 sec
validation time cost : 0.19953 sec
validation time cost : 0.20538 sec
validation time cost : 0.20511 sec
validation time cost : 0.19659 sec
validation time cost : 0.19458 sec
validation time cost : 0.19238 sec
validation time cost : 0.19353 sec
validation time cost : 0.19185 sec
validation time cost : 0.19242 sec
validation time cost : 0.19252 sec
validation time cost : 0.19161 sec
validation time cost : 0.19374 sec
validation time cost : 0.19298 sec
validation time cost : 0.19424 sec
validation time cost : 0.20412 sec
validation time cost : 0.19233 sec
validation time cost : 0.19500 sec
validation time cost : 0.19231 sec
validation time cost : 0.19212 sec
validation time cost : 0.19333 sec
validation time cost : 0.19460 sec
validation time cost : 0.19251 sec
validation time cost : 0.19634 sec
validation time cost : 0.19657 sec
validation time cost : 0.19449 sec
validation time cost : 0.20284 sec
validation time cost : 0.19327 sec
validation time cost : 0.19331 sec
validation time cost : 0.19834 sec
validation time cost : 0.19474 sec
validation time cost : 0.20931 sec
validation time cost : 0.19493 sec
validation time cost : 0.20249 sec
validation time cost : 0.20454 sec
validation time cost : 0.19289 sec
validation time cost : 0.20413 sec
validation time cost : 0.21017 sec
