09-Aug-26 07:05:31 - Using Device: cuda
09-Aug-26 07:05:31 - Seed: 123, Fold: 0, ComBat: False
09-Aug-26 07:05:31 - Namespace(fold=0, combat=False, num_dyn_windows=3, model_lr=0.0005, view_lr=0.0005, num_gc_layers=2, pooling_type='standard', emb_dim=256, vib_hidden_dim=400, batch_size=256, drop_ratio=0.3, epochs=300, kld_lambda=0.003, reg_lambda=0.2, gamma_mode='paper_literal', node_feature_mode='alff_pcc', mij_source='alff', template=90, eval_interval=5, downstream_classifier='linear', ce_lambda=2.0, seed=123)
09-Aug-26 07:05:31 - Loading raw subject data...
09-Aug-26 07:07:57 - Loaded 956 subjects (455 ASD, 501 NC)
09-Aug-26 07:07:57 - alff_pcc scale stats (train_val_idx only): alff=[-3.5994,5.6307] pcc=[-0.7600,1.0000]
09-Aug-26 07:07:57 - Train/Val/Test sizes: 611/153/192
09-Aug-26 07:08:59 - Epoch 1, Model Loss 2.339868711371664, View Loss -8.350650620343448, Reg 0.47447217100965994
09-Aug-26 07:09:59 - Epoch 2, Model Loss 1.6254829886306912, View Loss -7.710724464610048, Reg 0.38090128813749835
09-Aug-26 07:10:58 - Epoch 3, Model Loss 1.328269006675277, View Loss -5.847093708581503, Reg 0.37959127340301163
09-Aug-26 07:11:57 - Epoch 4, Model Loss 1.060781500001976, View Loss -3.0489746373140676, Reg 0.44865402057401094
09-Aug-26 07:12:57 - Epoch 5, Model Loss 0.9735313207154969, View Loss -2.412939156330939, Reg 0.4264049079824001
09-Aug-26 07:13:12 - Epoch 5: Train_acc 0.7135842880523732 Val_acc 0.6209150326797386 Test_acc 0.6354166666666666 Test_auc 0.6975301925796975
09-Aug-26 07:14:11 - Epoch 6, Model Loss 0.9209559769804075, View Loss -2.292396481415644, Reg 0.4182020343852316
09-Aug-26 07:15:09 - Epoch 7, Model Loss 0.9463985263813537, View Loss -2.0070752278092256, Reg 0.42512909129091253
09-Aug-26 07:16:08 - Epoch 8, Model Loss 0.9111561692043919, View Loss -2.9083077435407625, Reg 0.4175749942538391
09-Aug-26 07:17:06 - Epoch 9, Model Loss 0.8716807986827607, View Loss -3.2221931942941318, Reg 0.41309854749181657
09-Aug-26 07:18:05 - Epoch 10, Model Loss 0.8417739790000034, View Loss -3.337135648961543, Reg 0.4096863155669354
09-Aug-26 07:18:12 - Epoch 10: Train_acc 0.7054009819967266 Val_acc 0.6078431372549019 Test_acc 0.6458333333333334 Test_auc 0.6848003481666847
09-Aug-26 07:19:11 - Epoch 11, Model Loss 0.7883319109586813, View Loss -3.2469915766177513, Reg 0.40876077839863867
09-Aug-26 07:20:10 - Epoch 12, Model Loss 0.8397677673938426, View Loss -3.1948064103259197, Reg 0.40889721016251707
09-Aug-26 07:21:08 - Epoch 13, Model Loss 0.8742782759881058, View Loss -3.157897707288277, Reg 0.425376266143521
09-Aug-26 07:22:07 - Epoch 14, Model Loss 1.0234934391054507, View Loss -3.0944629932971712, Reg 0.4459199992217331
09-Aug-26 07:23:05 - Epoch 15, Model Loss 1.6555788132641007, View Loss -2.898117205905446, Reg 0.5198728477311018
09-Aug-26 07:23:12 - Epoch 15: Train_acc 0.723404255319149 Val_acc 0.5882352941176471 Test_acc 0.609375 Test_auc 0.6881732129256881
09-Aug-26 07:24:11 - Epoch 16, Model Loss 3.6355532347278, View Loss -2.504514153772407, Reg 0.5925413416957699
09-Aug-26 07:25:10 - Epoch 17, Model Loss 4.679979990820253, View Loss -1.0746362144935346, Reg 0.4318501536662762
09-Aug-26 07:26:08 - Epoch 18, Model Loss 4.686043630059924, View Loss 0.05262999253655416, Reg 0.4597384716992292
09-Aug-26 07:27:07 - Epoch 19, Model Loss 4.310805693000506, View Loss 0.5568421384511719, Reg 0.4421704257373529
09-Aug-26 07:28:06 - Epoch 20, Model Loss 4.914714322347688, View Loss 0.6444540730084608, Reg 0.4059362828048669
09-Aug-26 07:28:11 - Epoch 20: Train_acc 0.7986906710310966 Val_acc 0.6405228758169934 Test_acc 0.6510416666666666 Test_auc 0.667936024371668
09-Aug-26 07:29:09 - Epoch 21, Model Loss 4.859749684747424, View Loss 1.0174505763280217, Reg 0.43288357958270757
09-Aug-26 07:30:08 - Epoch 22, Model Loss 4.789839640381683, View Loss 1.0826368903567476, Reg 0.4111884886036138
09-Aug-26 07:31:07 - Epoch 23, Model Loss 4.875569016570545, View Loss 1.0745796874385027, Reg 0.4164295467729459
09-Aug-26 07:32:06 - Epoch 24, Model Loss 5.145329178062476, View Loss 1.0192341644518115, Reg 0.432836088338187
09-Aug-26 07:33:05 - Epoch 25, Model Loss 4.693258235185314, View Loss 0.8937292963315149, Reg 0.4138552876716745
09-Aug-26 07:33:15 - Epoch 25: Train_acc 0.7528641571194763 Val_acc 0.6470588235294118 Test_acc 0.6770833333333334 Test_auc 0.6852355565226853
09-Aug-26 07:34:13 - Epoch 26, Model Loss 4.7964195128158345, View Loss 0.7019277592532568, Reg 0.401977296985698
09-Aug-26 07:35:12 - Epoch 27, Model Loss 4.985584722603206, View Loss 0.8641605141119949, Reg 0.4088326438944391
09-Aug-26 07:36:10 - Epoch 28, Model Loss 4.508655782221967, View Loss 1.0061380143251435, Reg 0.3910939261292865
09-Aug-26 07:37:09 - Epoch 29, Model Loss 4.817094638968061, View Loss 1.110290332921398, Reg 0.3973332469865265
09-Aug-26 07:38:08 - Epoch 30, Model Loss 4.480928085439529, View Loss 1.200248675436123, Reg 0.4191121543878034
/users/3171356m/miniconda3/envs/grastiacl/lib/python3.12/site-packages/joblib/externals/loky/process_executor.py:782: UserWarning: A worker stopped while some jobs were given to the executor. This can be caused by a too short worker timeout or by a memory leak.
  warnings.warn(
09-Aug-26 07:38:20 - Epoch 30: Train_acc 0.7299509001636661 Val_acc 0.6535947712418301 Test_acc 0.625 Test_auc 0.6794690458056796
09-Aug-26 07:39:19 - Epoch 31, Model Loss 4.385163237342272, View Loss 0.8942968899996894, Reg 0.40288613778089344
09-Aug-26 07:40:17 - Epoch 32, Model Loss 4.436335664333962, View Loss 0.7908948974016256, Reg 0.4164488397038705
09-Aug-26 07:41:16 - Epoch 33, Model Loss 1.9681877247050235, View Loss 0.9897598238896621, Reg 0.44896709211719404
09-Aug-26 07:42:14 - Epoch 34, Model Loss 1.5951921809129357, View Loss 0.866947214263941, Reg 0.4478821097438737
09-Aug-26 07:43:13 - Epoch 35, Model Loss 1.2348412442129295, View Loss 0.8046462815834146, Reg 0.4026339469681785
/users/3171356m/miniconda3/envs/grastiacl/lib/python3.12/site-packages/sklearn/svm/_base.py:1298: ConvergenceWarning: Liblinear failed to converge, increase the number of iterations.
  warnings.warn(
/users/3171356m/miniconda3/envs/grastiacl/lib/python3.12/site-packages/sklearn/svm/_base.py:1298: ConvergenceWarning: Liblinear failed to converge, increase the number of iterations.
  warnings.warn(
09-Aug-26 07:43:29 - Epoch 35: Train_acc 0.7430441898527005 Val_acc 0.6143790849673203 Test_acc 0.6197916666666666 Test_auc 0.6708736807746709
09-Aug-26 07:44:27 - Epoch 36, Model Loss 1.0706898420805238, View Loss 1.3517608802564405, Reg 0.40080532270640673
09-Aug-26 07:45:26 - Epoch 37, Model Loss 1.0420280015019856, View Loss 1.8812603441275864, Reg 0.4403946375300568
09-Aug-26 07:46:25 - Epoch 38, Model Loss 1.0234719427293335, View Loss 2.004080438769976, Reg 0.4659992966636308
09-Aug-26 07:47:23 - Epoch 39, Model Loss 0.9895630719813895, View Loss 2.1379221966535877, Reg 0.452924227656007
09-Aug-26 07:48:22 - Epoch 40, Model Loss 0.9154183965865309, View Loss 2.2212110886597203, Reg 0.4271759516673861
/users/3171356m/miniconda3/envs/grastiacl/lib/python3.12/site-packages/sklearn/svm/_base.py:1298: ConvergenceWarning: Liblinear failed to converge, increase the number of iterations.
  warnings.warn(
09-Aug-26 07:48:43 - Epoch 40: Train_acc 0.7364975450081833 Val_acc 0.6470588235294118 Test_acc 0.6458333333333334 Test_auc 0.6857795669676857
09-Aug-26 07:49:41 - Epoch 41, Model Loss 0.8448775096349845, View Loss 2.2702736758951665, Reg 0.4178408596012284
09-Aug-26 07:50:39 - Epoch 42, Model Loss 0.8571757533131762, View Loss 2.3298219424808084, Reg 0.43081987074861355
09-Aug-26 07:51:38 - Epoch 43, Model Loss 0.853856626875377, View Loss 2.3532604515650073, Reg 0.44970758573903585
09-Aug-26 07:52:36 - Epoch 44, Model Loss 0.8492055099012419, View Loss 2.3658129000234527, Reg 0.44752229030705903
09-Aug-26 07:53:34 - Epoch 45, Model Loss 0.7980623960909594, View Loss 2.383810891262248, Reg 0.4326078363506767
/users/3171356m/miniconda3/envs/grastiacl/lib/python3.12/site-packages/joblib/externals/loky/process_executor.py:782: UserWarning: A worker stopped while some jobs were given to the executor. This can be caused by a too short worker timeout or by a memory leak.
  warnings.warn(
09-Aug-26 07:53:46 - Epoch 45: Train_acc 0.7446808510638298 Val_acc 0.6339869281045751 Test_acc 0.6614583333333334 Test_auc 0.7126536829507126
09-Aug-26 07:54:44 - Epoch 46, Model Loss 0.8324942057540735, View Loss 2.400287300006848, Reg 0.4250020480390071
09-Aug-26 07:55:42 - Epoch 47, Model Loss 0.7739577105973043, View Loss 2.425644624057651, Reg 0.4293069433658681
09-Aug-26 07:56:39 - Epoch 48, Model Loss 0.8061450984200947, View Loss 2.4455890438950783, Reg 0.4359095539476985
09-Aug-26 07:57:37 - Epoch 49, Model Loss 0.7819397969936583, View Loss 2.4671127121109033, Reg 0.43671102755978924
09-Aug-26 07:58:34 - Epoch 50, Model Loss 0.7744233815087869, View Loss 2.480921869582318, Reg 0.4316811552804738
09-Aug-26 07:58:40 - Epoch 50: Train_acc 0.734860883797054 Val_acc 0.6339869281045751 Test_acc 0.6770833333333334 Test_auc 0.7046023283647046
09-Aug-26 07:59:37 - Epoch 51, Model Loss 0.7630557654556588, View Loss 2.4949563400249826, Reg 0.42865731331798723
09-Aug-26 08:00:35 - Epoch 52, Model Loss 0.7374845565389689, View Loss 2.4933252843819353, Reg 0.4289632715687229
09-Aug-26 08:01:32 - Epoch 53, Model Loss 0.7531854839059609, View Loss 2.4673307263909696, Reg 0.4316639645107444
09-Aug-26 08:02:29 - Epoch 54, Model Loss 0.7459316845196748, View Loss 2.42953011447201, Reg 0.43479182584586196
09-Aug-26 08:03:26 - Epoch 55, Model Loss 0.7458485721834552, View Loss 2.3644097284482464, Reg 0.43349577454810445
09-Aug-26 08:03:31 - Epoch 55: Train_acc 0.7086743044189853 Val_acc 0.6535947712418301 Test_acc 0.6197916666666666 Test_auc 0.7115656620607116
09-Aug-26 08:04:28 - Epoch 56, Model Loss 0.7369145841235615, View Loss 2.2331698818799905, Reg 0.4336798270575934
09-Aug-26 08:05:25 - Epoch 57, Model Loss 0.7105970220509216, View Loss 2.021099655210679, Reg 0.4336887098568356
09-Aug-26 08:06:22 - Epoch 58, Model Loss 0.7379420237240737, View Loss 1.698597060970706, Reg 0.43471203571255584
09-Aug-26 08:07:19 - Epoch 59, Model Loss 0.7277419343590736, View Loss 1.1988642980053459, Reg 0.43666422050049963
09-Aug-26 08:08:16 - Epoch 60, Model Loss 0.7197543864920369, View Loss 0.5528203228491613, Reg 0.4346716040577709
09-Aug-26 08:08:25 - Epoch 60: Train_acc 0.8576104746317512 Val_acc 0.6078431372549019 Test_acc 0.5833333333333334 Test_auc 0.6296376890436297
09-Aug-26 08:09:22 - Epoch 61, Model Loss 0.7137430996044177, View Loss -0.12711529099609575, Reg 0.4347354499485996
09-Aug-26 08:10:18 - Epoch 62, Model Loss 0.712615741669839, View Loss -0.7353446996738789, Reg 0.42744504888397195
09-Aug-26 08:11:15 - Epoch 63, Model Loss 0.7124805049010463, View Loss -1.174320388737755, Reg 0.41817389411543865
09-Aug-26 08:12:12 - Epoch 64, Model Loss 0.7114913686256362, View Loss -1.4479730808208109, Reg 0.41270617718782443
09-Aug-26 08:13:09 - Epoch 65, Model Loss 0.7226582101977593, View Loss -1.6096539727599648, Reg 0.4094854510357259
09-Aug-26 08:13:20 - Epoch 65: Train_acc 0.7495908346972177 Val_acc 0.5359477124183006 Test_acc 0.609375 Test_auc 0.6673920139266674
09-Aug-26 08:14:17 - Epoch 66, Model Loss 0.7387763308620297, View Loss -1.6882610664430109, Reg 0.4134880207759464
09-Aug-26 08:15:14 - Epoch 67, Model Loss 0.7418490085513034, View Loss -1.7236715424470543, Reg 0.40466279679156364
09-Aug-26 08:16:11 - Epoch 68, Model Loss 0.7467049606107846, View Loss -1.7339562421539607, Reg 0.4158081449385361
09-Aug-26 08:17:08 - Epoch 69, Model Loss 0.7505643937230696, View Loss -1.7412554530972544, Reg 0.4119561871120465
09-Aug-26 08:18:05 - Epoch 70, Model Loss 0.7718424270517893, View Loss -1.7363834829845521, Reg 0.42140968414648466
09-Aug-26 08:18:14 - Epoch 70: Train_acc 0.7250409165302782 Val_acc 0.6078431372549019 Test_acc 0.6354166666666666 Test_auc 0.668915243172669
09-Aug-26 08:19:11 - Epoch 71, Model Loss 0.8001826157253815, View Loss -1.7325342747271548, Reg 0.42041431394224277
09-Aug-26 08:20:08 - Epoch 72, Model Loss 0.8596159597026541, View Loss -1.7076905956049793, Reg 0.44963716870439036
09-Aug-26 08:21:05 - Epoch 73, Model Loss 0.9495674421715073, View Loss -1.6830908159577516, Reg 0.45549366282948495
09-Aug-26 08:22:02 - Epoch 74, Model Loss 1.1204450702608704, View Loss -1.6662197429107566, Reg 0.4988618500884348
09-Aug-26 08:22:59 - Epoch 75, Model Loss 1.193730766176202, View Loss -1.6739713856904674, Reg 0.4992697660349395
09-Aug-26 08:23:07 - Epoch 75: Train_acc 0.7250409165302782 Val_acc 0.5947712418300654 Test_acc 0.6145833333333334 Test_auc 0.6591230551626591
09-Aug-26 08:24:04 - Epoch 76, Model Loss 1.2959415920432382, View Loss -1.687815342324065, Reg 0.545505134544279
09-Aug-26 08:25:01 - Epoch 77, Model Loss 1.133212937392697, View Loss -1.6878370942148562, Reg 0.5065227367971611
09-Aug-26 08:25:58 - Epoch 78, Model Loss 1.0651130989657291, View Loss -1.6840288990257999, Reg 0.4853108312123731
09-Aug-26 08:26:55 - Epoch 79, Model Loss 1.053034423269734, View Loss -1.676171122908397, Reg 0.49823855973304587
09-Aug-26 08:27:52 - Epoch 80, Model Loss 1.051464300377084, View Loss -1.6756984711473781, Reg 0.4953689722987517
09-Aug-26 08:27:59 - Epoch 80: Train_acc 0.7119476268412439 Val_acc 0.5751633986928104 Test_acc 0.59375 Test_auc 0.6606462844086607
09-Aug-26 08:28:56 - Epoch 81, Model Loss 1.063894464712096, View Loss -1.6920761316770814, Reg 0.4848939487177104
09-Aug-26 08:29:53 - Epoch 82, Model Loss 1.0800790982823911, View Loss -1.696792546348759, Reg 0.4901869238983785
09-Aug-26 08:30:50 - Epoch 83, Model Loss 1.0705785176026255, View Loss -1.6992470425981936, Reg 0.48796043668167877
09-Aug-26 08:31:47 - Epoch 84, Model Loss 0.9274036379960867, View Loss -1.698623896815773, Reg 0.4610314609181081
09-Aug-26 08:32:44 - Epoch 85, Model Loss 0.8835839254571256, View Loss -1.7009596976828067, Reg 0.45710692985163187
09-Aug-26 08:32:54 - Epoch 85: Train_acc 0.7152209492635024 Val_acc 0.5816993464052288 Test_acc 0.5729166666666666 Test_auc 0.6579262321836579
09-Aug-26 08:33:51 - Epoch 86, Model Loss 0.8271926598114292, View Loss -1.7052347527393148, Reg 0.449304484501603
09-Aug-26 08:34:48 - Epoch 87, Model Loss 0.7817440064419701, View Loss -1.6891929943315722, Reg 0.4248364914556182
09-Aug-26 08:35:45 - Epoch 88, Model Loss 0.7516183379531493, View Loss -1.6842924323292683, Reg 0.42756940134223276
09-Aug-26 08:36:42 - Epoch 89, Model Loss 0.7327435482323853, View Loss -1.6638105633606106, Reg 0.4268524318006737
09-Aug-26 08:37:39 - Epoch 90, Model Loss 0.7272696480667142, View Loss -1.6687890304871356, Reg 0.4162570176167496
09-Aug-26 08:37:49 - Epoch 90: Train_acc 0.7152209492635024 Val_acc 0.5947712418300654 Test_acc 0.5625 Test_auc 0.6517245131106517
09-Aug-26 08:38:45 - Epoch 91, Model Loss 0.7064598570356783, View Loss -1.6653382036767888, Reg 0.42007270172457845
09-Aug-26 08:39:42 - Epoch 92, Model Loss 0.69965079260926, View Loss -1.6713359352024408, Reg 0.41589072224746554
09-Aug-26 08:40:39 - Epoch 93, Model Loss 0.6867155267105555, View Loss -1.6590846638437573, Reg 0.4214570149657379
09-Aug-26 08:41:36 - Epoch 94, Model Loss 0.6923895035847509, View Loss -1.663825054605737, Reg 0.41579861917004063
09-Aug-26 08:42:33 - Epoch 95, Model Loss 0.6825630538982572, View Loss -1.6571351783365353, Reg 0.41957117053763954
09-Aug-26 08:42:46 - Epoch 95: Train_acc 0.7184942716857611 Val_acc 0.5882352941176471 Test_acc 0.578125 Test_auc 0.6510717005766511
09-Aug-26 08:43:43 - Epoch 96, Model Loss 0.6841006081447664, View Loss -1.6485542895946097, Reg 0.4151023211241159
09-Aug-26 08:44:39 - Epoch 97, Model Loss 0.6694650459796825, View Loss -1.6612251639951465, Reg 0.4197831620171105
09-Aug-26 08:45:36 - Epoch 98, Model Loss 0.6827331610670262, View Loss -1.6623785468443326, Reg 0.41296710105652507
09-Aug-26 08:46:33 - Epoch 99, Model Loss 0.6848174973761392, View Loss -1.6468295348646598, Reg 0.4176644499485309
09-Aug-26 08:47:30 - Epoch 100, Model Loss 0.6827807800079133, View Loss -1.6411772133285598, Reg 0.4133594007812038
09-Aug-26 08:47:40 - Epoch 100: Train_acc 0.7168576104746317 Val_acc 0.5947712418300654 Test_acc 0.5833333333333334 Test_auc 0.6536829507126537
09-Aug-26 08:48:37 - Epoch 101, Model Loss 0.6576782254267441, View Loss -1.641955402595907, Reg 0.4115802610076586
09-Aug-26 08:49:33 - Epoch 102, Model Loss 0.6640545917513327, View Loss -1.6363160980898892, Reg 0.41323095774689594
09-Aug-26 08:50:30 - Epoch 103, Model Loss 0.6599385648624402, View Loss -1.6359028792810517, Reg 0.4092958759266499
09-Aug-26 08:51:27 - Epoch 104, Model Loss 0.6704990939403321, View Loss -1.6416033836121255, Reg 0.4131441206569172
09-Aug-26 08:52:24 - Epoch 105, Model Loss 0.6591797477143486, View Loss -1.6315509277943114, Reg 0.40823820052872706
09-Aug-26 08:52:34 - Epoch 105: Train_acc 0.7168576104746317 Val_acc 0.6078431372549019 Test_acc 0.5885416666666666 Test_auc 0.6575998259166576
09-Aug-26 08:53:31 - Epoch 106, Model Loss 0.6487132408176038, View Loss -1.630348672258093, Reg 0.40930203115491354
09-Aug-26 08:54:27 - Epoch 107, Model Loss 0.6571728659827268, View Loss -1.6339539545062325, Reg 0.41066905275694476
09-Aug-26 08:55:24 - Epoch 108, Model Loss 0.6589504733023198, View Loss -1.6282832349380767, Reg 0.40558104907237175
09-Aug-26 08:56:22 - Epoch 109, Model Loss 0.6543034592158665, View Loss -1.6279156297786732, Reg 0.40968633488235223
09-Aug-26 08:57:19 - Epoch 110, Model Loss 0.6575992799039363, View Loss -1.6275974428204976, Reg 0.4054453852426401
09-Aug-26 08:57:28 - Epoch 110: Train_acc 0.7184942716857611 Val_acc 0.6143790849673203 Test_acc 0.578125 Test_auc 0.6554237841366554
09-Aug-26 08:58:25 - Epoch 111, Model Loss 0.660271392101742, View Loss -1.6172864437103271, Reg 0.4077858267361131
09-Aug-26 08:59:22 - Epoch 112, Model Loss 0.6549102159159078, View Loss -1.6211919214838655, Reg 0.40498795710296753
09-Aug-26 09:00:19 - Epoch 113, Model Loss 0.6526789327690137, View Loss -1.6190811206393079, Reg 0.4069881639191835
09-Aug-26 09:01:16 - Epoch 114, Model Loss 0.6545350462832349, View Loss -1.610458370121333, Reg 0.40523469896831604
09-Aug-26 09:02:13 - Epoch 115, Model Loss 0.6444818228727082, View Loss -1.609900629852095, Reg 0.4028981858208995
09-Aug-26 09:02:24 - Epoch 115: Train_acc 0.7201309328968903 Val_acc 0.6209150326797386 Test_acc 0.59375 Test_auc 0.6558589924926558
09-Aug-26 09:03:21 - Epoch 116, Model Loss 0.6327023739803052, View Loss -1.60993705677713, Reg 0.40742041114504324
09-Aug-26 09:04:18 - Epoch 117, Model Loss 0.6526689713305616, View Loss -1.6074465741502477, Reg 0.40386178070121426
09-Aug-26 09:05:15 - Epoch 118, Model Loss 0.6508190526021873, View Loss -1.603603431714147, Reg 0.40247113814915847
09-Aug-26 09:06:12 - Epoch 119, Model Loss 0.6430307698425412, View Loss -1.6097170678371298, Reg 0.4040183452264377
09-Aug-26 09:07:09 - Epoch 120, Model Loss 0.63979617244093, View Loss -1.6061976560789317, Reg 0.40745192068688413
09-Aug-26 09:07:22 - Epoch 120: Train_acc 0.7184942716857611 Val_acc 0.6209150326797386 Test_acc 0.578125 Test_auc 0.6554237841366554
09-Aug-26 09:08:19 - Epoch 121, Model Loss 0.6414534451528384, View Loss -1.5974072153556562, Reg 0.4027359346125988
09-Aug-26 09:09:16 - Epoch 122, Model Loss 0.6434857229749427, View Loss -1.5937821744116552, Reg 0.4039249684045826
09-Aug-26 09:10:13 - Epoch 123, Model Loss 0.6494820200870158, View Loss -1.5996828379685673, Reg 0.4043461121435837
09-Aug-26 09:11:10 - Epoch 124, Model Loss 0.6458019479840945, View Loss -1.5885938212836432, Reg 0.40410017133149306
09-Aug-26 09:12:07 - Epoch 125, Model Loss 0.6367099900682702, View Loss -1.5957899132648974, Reg 0.40369356395570033
09-Aug-26 09:12:17 - Epoch 125: Train_acc 0.7250409165302782 Val_acc 0.6274509803921569 Test_acc 0.5833333333333334 Test_auc 0.6537917528016538
09-Aug-26 09:13:13 - Epoch 126, Model Loss 0.6382331404767918, View Loss -1.5911677913853073, Reg 0.40498783233317925
09-Aug-26 09:14:11 - Epoch 127, Model Loss 0.6426030996388187, View Loss -1.5954908676896664, Reg 0.40382629237861756
09-Aug-26 09:15:08 - Epoch 128, Model Loss 0.6409886316952651, View Loss -1.591146625980808, Reg 0.40325393224113704
09-Aug-26 09:16:05 - Epoch 129, Model Loss 0.637878177647895, View Loss -1.5897306276031093, Reg 0.404565349928486
09-Aug-26 09:17:02 - Epoch 130, Model Loss 0.6402315880780134, View Loss -1.6057455317283418, Reg 0.40217942901797066
09-Aug-26 09:17:10 - Epoch 130: Train_acc 0.7184942716857611 Val_acc 0.6339869281045751 Test_acc 0.5833333333333334 Test_auc 0.6555325862256557
09-Aug-26 09:18:07 - Epoch 131, Model Loss 0.6348553957408462, View Loss -1.6004573912550306, Reg 0.4064840526608125
09-Aug-26 09:19:04 - Epoch 132, Model Loss 0.6329874489486901, View Loss -1.5909738287012627, Reg 0.40325676063273813
09-Aug-26 09:20:01 - Epoch 133, Model Loss 0.6559389402842951, View Loss -1.592983602501952, Reg 0.40147994139190585
09-Aug-26 09:20:58 - Epoch 134, Model Loss 0.6350186523263466, View Loss -1.5903191566467285, Reg 0.4067952469991194
09-Aug-26 09:21:55 - Epoch 135, Model Loss 0.636366583687389, View Loss -1.5808849947347188, Reg 0.4029845827535014
09-Aug-26 09:22:09 - Epoch 135: Train_acc 0.7217675941080196 Val_acc 0.6143790849673203 Test_acc 0.5833333333333334 Test_auc 0.6536829507126537
09-Aug-26 09:23:06 - Epoch 136, Model Loss 0.6473341072054425, View Loss -1.5770726797038326, Reg 0.40478576790486537
09-Aug-26 09:24:03 - Epoch 137, Model Loss 0.6365867620501697, View Loss -1.5909837833598086, Reg 0.4061081650897056
09-Aug-26 09:25:00 - Epoch 138, Model Loss 0.6498952801606074, View Loss -1.5925509071194013, Reg 0.4043244527326668
09-Aug-26 09:25:57 - Epoch 139, Model Loss 0.6334867433518317, View Loss -1.5946341173543477, Reg 0.40449654436540683
09-Aug-26 09:26:54 - Epoch 140, Model Loss 0.6394994361310856, View Loss -1.6047978865534507, Reg 0.4081191006932048
09-Aug-26 09:27:01 - Epoch 140: Train_acc 0.7201309328968903 Val_acc 0.6143790849673203 Test_acc 0.5885416666666666 Test_auc 0.6567294092046568
09-Aug-26 09:27:58 - Epoch 141, Model Loss 0.6344453733408314, View Loss -1.600691160866945, Reg 0.4045202018976602
09-Aug-26 09:28:55 - Epoch 142, Model Loss 0.6395511554520571, View Loss -1.594954285020719, Reg 0.4035599868738515
09-Aug-26 09:29:52 - Epoch 143, Model Loss 0.6382477339814415, View Loss -1.5900280413182784, Reg 0.4081031568897141
09-Aug-26 09:30:48 - Epoch 144, Model Loss 0.6449394558972501, View Loss -1.6011062058606436, Reg 0.40131564670030495
09-Aug-26 09:31:45 - Epoch 145, Model Loss 0.633394751094172, View Loss -1.593470127024549, Reg 0.40526280046094654
09-Aug-26 09:31:55 - Epoch 145: Train_acc 0.7168576104746317 Val_acc 0.6013071895424836 Test_acc 0.5885416666666666 Test_auc 0.6573822217386573
09-Aug-26 09:32:52 - Epoch 146, Model Loss 0.632176744762302, View Loss -1.5980009377100268, Reg 0.4098089185654629
09-Aug-26 09:33:49 - Epoch 147, Model Loss 0.6272400974154277, View Loss -1.6014014523470266, Reg 0.3988001658756487
09-Aug-26 09:34:46 - Epoch 148, Model Loss 0.6383991507285941, View Loss -1.5825515917202064, Reg 0.4062497636300257
09-Aug-26 09:35:42 - Epoch 149, Model Loss 0.6224702405461313, View Loss -1.5853129916027213, Reg 0.40801091865314787
09-Aug-26 09:36:39 - Epoch 150, Model Loss 0.6231153929779846, View Loss -1.577549511008879, Reg 0.4008705765252808
09-Aug-26 09:36:49 - Epoch 150: Train_acc 0.7168576104746317 Val_acc 0.6209150326797386 Test_acc 0.5833333333333334 Test_auc 0.6574910238276575
09-Aug-26 09:37:46 - Epoch 151, Model Loss 0.6311455315829494, View Loss -1.5773162646691654, Reg 0.4054022136764714
09-Aug-26 09:38:43 - Epoch 152, Model Loss 0.6206469916282816, View Loss -1.5761198829707068, Reg 0.4043041159400378
09-Aug-26 09:39:40 - Epoch 153, Model Loss 0.6228874239905962, View Loss -1.5744286352210661, Reg 0.40190374168358534
09-Aug-26 09:40:37 - Epoch 154, Model Loss 0.6222558293717192, View Loss -1.5761508582656785, Reg 0.40591307450238306
09-Aug-26 09:41:34 - Epoch 155, Model Loss 0.6188674327687234, View Loss -1.5759995170974108, Reg 0.4048004104540898
09-Aug-26 09:41:44 - Epoch 155: Train_acc 0.7610474631751227 Val_acc 0.5882352941176471 Test_acc 0.6041666666666666 Test_auc 0.6543357632466543
09-Aug-26 09:42:41 - Epoch 156, Model Loss 0.6208480302909002, View Loss -1.5745745680726297, Reg 0.39991974220923626
09-Aug-26 09:43:38 - Epoch 157, Model Loss 0.6222818864055234, View Loss -1.5809207657160034, Reg 0.4056752978682323
09-Aug-26 09:44:35 - Epoch 158, Model Loss 0.6234775235824617, View Loss -1.5736636631617569, Reg 0.4048093729538145
09-Aug-26 09:45:32 - Epoch 159, Model Loss 0.6045887999712153, View Loss -1.5727221821411932, Reg 0.398330870509733
09-Aug-26 09:46:29 - Epoch 160, Model Loss 0.6077921388338513, View Loss -1.5772305853823398, Reg 0.4055248094073294
09-Aug-26 09:46:37 - Epoch 160: Train_acc 0.7135842880523732 Val_acc 0.6078431372549019 Test_acc 0.5885416666666666 Test_auc 0.6566206071156567
09-Aug-26 09:47:34 - Epoch 161, Model Loss 0.6160929419112479, View Loss -1.5734947917894528, Reg 0.4040477905062724
09-Aug-26 09:48:31 - Epoch 162, Model Loss 0.6159537217279503, View Loss -1.5719408754826372, Reg 0.39837403095490415
09-Aug-26 09:49:28 - Epoch 163, Model Loss 0.6099868559700767, View Loss -1.5764646811102885, Reg 0.4038398862860597
09-Aug-26 09:50:25 - Epoch 164, Model Loss 0.6093555049156791, View Loss -1.5724257119548692, Reg 0.4048921948271375
09-Aug-26 09:51:22 - Epoch 165, Model Loss 0.6217374042676436, View Loss -1.5695475560358425, Reg 0.3999035431593413
09-Aug-26 09:51:32 - Epoch 165: Train_acc 0.7184942716857611 Val_acc 0.6143790849673203 Test_acc 0.5885416666666666 Test_auc 0.6547709716026548
09-Aug-26 09:52:29 - Epoch 166, Model Loss 0.6079579216661313, View Loss -1.5725588962411334, Reg 0.4023977035196245
09-Aug-26 09:53:25 - Epoch 167, Model Loss 0.6105130792834755, View Loss -1.5690931060310276, Reg 0.40433020384924306
09-Aug-26 09:54:22 - Epoch 168, Model Loss 0.6062552894293384, View Loss -1.5733441455859793, Reg 0.4034179814903709
09-Aug-26 09:55:19 - Epoch 169, Model Loss 0.6015385151055753, View Loss -1.5752912211535215, Reg 0.40128981320830687
09-Aug-26 09:56:16 - Epoch 170, Model Loss 0.6089240585723602, View Loss -1.5760922490477367, Reg 0.40043088925450604
09-Aug-26 09:56:28 - Epoch 170: Train_acc 0.723404255319149 Val_acc 0.6143790849673203 Test_acc 0.5885416666666666 Test_auc 0.6535741486236536
09-Aug-26 09:57:25 - Epoch 171, Model Loss 0.6124997855013209, View Loss -1.582213294096352, Reg 0.4025668714518633
09-Aug-26 09:58:22 - Epoch 172, Model Loss 0.6042914754679082, View Loss -1.5700288115468626, Reg 0.40316987047413955
09-Aug-26 09:59:19 - Epoch 173, Model Loss 0.6074211632073804, View Loss -1.5667790859303576, Reg 0.40184462875274124
09-Aug-26 10:00:16 - Epoch 174, Model Loss 0.6081158245643891, View Loss -1.5665219048626489, Reg 0.40168428577104687
09-Aug-26 10:01:13 - Epoch 175, Model Loss 0.6074283434453065, View Loss -1.5661182212361338, Reg 0.4027281292331589
09-Aug-26 10:01:27 - Epoch 175: Train_acc 0.7643207855973814 Val_acc 0.5947712418300654 Test_acc 0.6041666666666666 Test_auc 0.6565118050266565
09-Aug-26 10:02:23 - Epoch 176, Model Loss 0.6002178521378732, View Loss -1.5664824182975507, Reg 0.4014923354997963
09-Aug-26 10:03:20 - Epoch 177, Model Loss 0.6056499326580285, View Loss -1.5674264606594455, Reg 0.39932384535841
09-Aug-26 10:04:17 - Epoch 178, Model Loss 0.5995450238354273, View Loss -1.5757503209059445, Reg 0.4030001017153751
09-Aug-26 10:05:14 - Epoch 179, Model Loss 0.5956198580428933, View Loss -1.5625849250100443, Reg 0.401921061369089
09-Aug-26 10:06:11 - Epoch 180, Model Loss 0.599850834196406, View Loss -1.5723826085291985, Reg 0.4000174736820539
09-Aug-26 10:06:22 - Epoch 180: Train_acc 0.7250409165302782 Val_acc 0.6274509803921569 Test_acc 0.5729166666666666 Test_auc 0.653030138178653
09-Aug-26 10:07:19 - Epoch 181, Model Loss 0.5918078540585044, View Loss -1.5675211159570321, Reg 0.39971771416804597
09-Aug-26 10:08:16 - Epoch 182, Model Loss 0.5990903166819321, View Loss -1.5625091535565117, Reg 0.4007892885204228
09-Aug-26 10:09:13 - Epoch 183, Model Loss 0.5930732533994166, View Loss -1.5734754365711867, Reg 0.40136998423577913
09-Aug-26 10:10:09 - Epoch 184, Model Loss 0.591330506944032, View Loss -1.5628685045944688, Reg 0.40260697011081364
09-Aug-26 10:11:06 - Epoch 185, Model Loss 0.5984666617480511, View Loss -1.574689139711096, Reg 0.400590889046118
09-Aug-26 10:11:26 - Epoch 185: Train_acc 0.7643207855973814 Val_acc 0.6143790849673203 Test_acc 0.5989583333333334 Test_auc 0.6592318572516593
09-Aug-26 10:12:23 - Epoch 186, Model Loss 0.5926504766053342, View Loss -1.5702871632458926, Reg 0.39777770950634234
09-Aug-26 10:13:21 - Epoch 187, Model Loss 0.5892796104746443, View Loss -1.5654044678090246, Reg 0.4009369433706599
09-Aug-26 10:14:18 - Epoch 188, Model Loss 0.6034948103946867, View Loss -1.5656062471886119, Reg 0.40262826818686265
09-Aug-26 10:15:15 - Epoch 189, Model Loss 0.5922002999169932, View Loss -1.5641753583805065, Reg 0.39954296110499704
09-Aug-26 10:16:12 - Epoch 190, Model Loss 0.5999773284222217, View Loss -1.5717129929756377, Reg 0.39798784870562887
09-Aug-26 10:16:33 - Epoch 190: Train_acc 0.7184942716857611 Val_acc 0.6143790849673203 Test_acc 0.5729166666666666 Test_auc 0.6503100859536504
09-Aug-26 10:17:30 - Epoch 191, Model Loss 0.5959577148021146, View Loss -1.566064246547593, Reg 0.4031045611478303
09-Aug-26 10:18:27 - Epoch 192, Model Loss 0.5911438757776238, View Loss -1.5695443180696078, Reg 0.40175531738713605
09-Aug-26 10:19:24 - Epoch 193, Model Loss 0.5882641459447857, View Loss -1.5676321312175445, Reg 0.3980743253874896
09-Aug-26 10:20:21 - Epoch 194, Model Loss 0.5857628976557336, View Loss -1.565944428529755, Reg 0.39862646779530175
09-Aug-26 10:21:18 - Epoch 195, Model Loss 0.5880111222278858, View Loss -1.5746561154211016, Reg 0.39870919904225
09-Aug-26 10:21:29 - Epoch 195: Train_acc 0.7168576104746317 Val_acc 0.6143790849673203 Test_acc 0.5729166666666666 Test_auc 0.6564030029376564
09-Aug-26 10:22:26 - Epoch 196, Model Loss 0.5952762123410713, View Loss -1.5677346609618192, Reg 0.4012501353425402
09-Aug-26 10:23:23 - Epoch 197, Model Loss 0.5941295744744534, View Loss -1.582661233049758, Reg 0.4002485267952109
09-Aug-26 10:24:20 - Epoch 198, Model Loss 0.5867466197368947, View Loss -1.5752173640724094, Reg 0.3952126245451832
09-Aug-26 10:25:17 - Epoch 199, Model Loss 0.5902620130104246, View Loss -1.5846855472620887, Reg 0.39957591618141447
09-Aug-26 10:26:14 - Epoch 200, Model Loss 0.5868007022210697, View Loss -1.5720873780414437, Reg 0.40090836923563344
09-Aug-26 10:26:24 - Epoch 200: Train_acc 0.7266775777414075 Val_acc 0.6143790849673203 Test_acc 0.5833333333333334 Test_auc 0.6484604504406484
09-Aug-26 10:27:21 - Epoch 201, Model Loss 0.5842708458974591, View Loss -1.5737494228319333, Reg 0.39906322487832674
09-Aug-26 10:28:18 - Epoch 202, Model Loss 0.5897261371101373, View Loss -1.5676016093471046, Reg 0.3975163526503817
09-Aug-26 10:29:15 - Epoch 203, Model Loss 0.5800664729748147, View Loss -1.5672205524631881, Reg 0.3988756102840561
09-Aug-26 10:30:12 - Epoch 204, Model Loss 0.5827629104768781, View Loss -1.5683135038116756, Reg 0.3999442494247237
09-Aug-26 10:31:09 - Epoch 205, Model Loss 0.5861748244046384, View Loss -1.558957988813934, Reg 0.3990964500779216
09-Aug-26 10:31:19 - Epoch 205: Train_acc 0.7201309328968903 Val_acc 0.6209150326797386 Test_acc 0.578125 Test_auc 0.6485692525296486
09-Aug-26 10:32:16 - Epoch 206, Model Loss 0.5823542859082136, View Loss -1.558793931077623, Reg 0.39585905340416344
09-Aug-26 10:33:13 - Epoch 207, Model Loss 0.586023926539819, View Loss -1.5584215712040028, Reg 0.40103071771940113
09-Aug-26 10:34:10 - Epoch 208, Model Loss 0.5924326469923588, View Loss -1.5642544524759396, Reg 0.40078941216835606
09-Aug-26 10:35:07 - Epoch 209, Model Loss 0.5893064670252527, View Loss -1.5619932231653342, Reg 0.3959659001928695
09-Aug-26 10:36:05 - Epoch 210, Model Loss 0.5900582312659625, View Loss -1.5605565256846126, Reg 0.3969090414613046
09-Aug-26 10:36:19 - Epoch 210: Train_acc 0.7217675941080196 Val_acc 0.6209150326797386 Test_acc 0.578125 Test_auc 0.6519421172886519
09-Aug-26 10:37:16 - Epoch 211, Model Loss 0.5707193423312541, View Loss -1.556416364036098, Reg 0.39837323068206715
09-Aug-26 10:38:12 - Epoch 212, Model Loss 0.5794434817645047, View Loss -1.5519137519080979, Reg 0.39747099029647154
09-Aug-26 10:39:09 - Epoch 213, Model Loss 0.5728358214205884, View Loss -1.5577498496846949, Reg 0.39661648654898723
09-Aug-26 10:40:06 - Epoch 214, Model Loss 0.5737694109715339, View Loss -1.5616117592919283, Reg 0.39846398265584204
09-Aug-26 10:41:04 - Epoch 215, Model Loss 0.5867988540868713, View Loss -1.5641463743294124, Reg 0.3964068834012932
09-Aug-26 10:41:14 - Epoch 215: Train_acc 0.723404255319149 Val_acc 0.6143790849673203 Test_acc 0.578125 Test_auc 0.6521597214666522
09-Aug-26 10:42:11 - Epoch 216, Model Loss 0.5833541901626681, View Loss -1.5580552303264261, Reg 0.3984536579802462
09-Aug-26 10:43:08 - Epoch 217, Model Loss 0.5728545877625236, View Loss -1.5575588069453763, Reg 0.3994141011796099
09-Aug-26 10:44:04 - Epoch 218, Model Loss 0.5795052095442864, View Loss -1.556076535616686, Reg 0.3952138917535885
09-Aug-26 10:45:02 - Epoch 219, Model Loss 0.574674508429198, View Loss -1.5560348478744932, Reg 0.3958302998211107
09-Aug-26 10:45:59 - Epoch 220, Model Loss 0.5766718798788011, View Loss -1.5604686959480498, Reg 0.39810314062379193
09-Aug-26 10:46:06 - Epoch 220: Train_acc 0.7184942716857611 Val_acc 0.6143790849673203 Test_acc 0.5677083333333334 Test_auc 0.6505276901316506
09-Aug-26 10:47:03 - Epoch 221, Model Loss 0.5790733454563028, View Loss -1.560879625002023, Reg 0.39749296402189815
09-Aug-26 10:48:00 - Epoch 222, Model Loss 0.5725562452489538, View Loss -1.556548355449046, Reg 0.39677920435142205
09-Aug-26 10:48:57 - Epoch 223, Model Loss 0.5731036121638434, View Loss -1.5539539753902953, Reg 0.3970805168054303
09-Aug-26 10:49:54 - Epoch 224, Model Loss 0.575582999644615, View Loss -1.5529937658294328, Reg 0.3973988677495435
09-Aug-26 10:50:51 - Epoch 225, Model Loss 0.5740329863689535, View Loss -1.5573608485064219, Reg 0.39455875739723495
09-Aug-26 10:51:01 - Epoch 225: Train_acc 0.7184942716857611 Val_acc 0.6143790849673203 Test_acc 0.578125 Test_auc 0.6517245131106517
09-Aug-26 10:51:58 - Epoch 226, Model Loss 0.5758515814175973, View Loss -1.5528143322409271, Reg 0.39646400684420685
09-Aug-26 10:52:55 - Epoch 227, Model Loss 0.576932536111916, View Loss -1.5555766982844925, Reg 0.3969180664434761
09-Aug-26 10:53:53 - Epoch 228, Model Loss 0.5710828866193806, View Loss -1.5530839937993626, Reg 0.39459583992458597
09-Aug-26 10:54:50 - Epoch 229, Model Loss 0.5769858696847032, View Loss -1.555493645113931, Reg 0.3973572474162044
09-Aug-26 10:55:46 - Epoch 230, Model Loss 0.5762263443290504, View Loss -1.5569541384077306, Reg 0.3968647717941802
09-Aug-26 10:56:01 - Epoch 230: Train_acc 0.7184942716857611 Val_acc 0.6013071895424836 Test_acc 0.5729166666666666 Test_auc 0.6500924817756502
09-Aug-26 10:56:58 - Epoch 231, Model Loss 0.5672331610404918, View Loss -1.5544820362534344, Reg 0.39468179035889145
09-Aug-26 10:57:55 - Epoch 232, Model Loss 0.5682780114406455, View Loss -1.5522007321765108, Reg 0.39521213190450216
09-Aug-26 10:58:52 - Epoch 233, Model Loss 0.5732387654032137, View Loss -1.5567323759612788, Reg 0.39713959032501994
09-Aug-26 10:59:49 - Epoch 234, Model Loss 0.568654521885168, View Loss -1.5490563329425069, Reg 0.3957828088204716
09-Aug-26 11:00:46 - Epoch 235, Model Loss 0.5730328450616565, View Loss -1.5531769079779643, Reg 0.3939679298190165
09-Aug-26 11:00:58 - Epoch 235: Train_acc 0.7119476268412439 Val_acc 0.6078431372549019 Test_acc 0.5833333333333334 Test_auc 0.6530301381786531
09-Aug-26 11:01:55 - Epoch 236, Model Loss 0.5707768697639144, View Loss -1.5539919772046678, Reg 0.3953923972753378
09-Aug-26 11:02:52 - Epoch 237, Model Loss 0.5675428486299593, View Loss -1.571412562933764, Reg 0.3960536346205323
09-Aug-26 11:03:49 - Epoch 238, Model Loss 0.571792746526715, View Loss -1.560743365857488, Reg 0.39453409858499144
09-Aug-26 11:04:47 - Epoch 239, Model Loss 0.5675208431023818, View Loss -1.551225378548455, Reg 0.39368496549890397
09-Aug-26 11:05:44 - Epoch 240, Model Loss 0.5611199405404043, View Loss -1.5533267573717182, Reg 0.3935732095214232
09-Aug-26 11:05:55 - Epoch 240: Train_acc 0.7201309328968903 Val_acc 0.6013071895424836 Test_acc 0.5885416666666666 Test_auc 0.6518333151996519
09-Aug-26 11:06:51 - Epoch 241, Model Loss 0.563953037640467, View Loss -1.5513181850289752, Reg 0.39450613717790906
09-Aug-26 11:07:48 - Epoch 242, Model Loss 0.5652766554523412, View Loss -1.562496931775307, Reg 0.3943159646078725
09-Aug-26 11:08:46 - Epoch 243, Model Loss 0.5686308389892359, View Loss -1.565717053296328, Reg 0.3944867663512253
09-Aug-26 11:09:43 - Epoch 244, Model Loss 0.5653615302227913, View Loss -1.563667763274547, Reg 0.39588004287253037
09-Aug-26 11:10:40 - Epoch 245, Model Loss 0.565283592906209, View Loss -1.5589847919788766, Reg 0.39501451070492083
09-Aug-26 11:10:51 - Epoch 245: Train_acc 0.7201309328968903 Val_acc 0.6078431372549019 Test_acc 0.59375 Test_auc 0.6515069089326515
09-Aug-26 11:11:48 - Epoch 246, Model Loss 0.5665293445173535, View Loss -1.5549143929333227, Reg 0.3948152356471641
09-Aug-26 11:12:45 - Epoch 247, Model Loss 0.570261247809702, View Loss -1.5702011737417667, Reg 0.3963348978182298
09-Aug-26 11:13:42 - Epoch 248, Model Loss 0.5652414153523609, View Loss -1.5692991867002997, Reg 0.39256158051631257
09-Aug-26 11:14:39 - Epoch 249, Model Loss 0.5626961968826975, View Loss -1.5537127328582363, Reg 0.39226617999435837
09-Aug-26 11:15:36 - Epoch 250, Model Loss 0.5650124761067123, View Loss -1.5527139865044877, Reg 0.3953686435562109
09-Aug-26 11:15:46 - Epoch 250: Train_acc 0.7217675941080196 Val_acc 0.6143790849673203 Test_acc 0.59375 Test_auc 0.6517245131106517
09-Aug-26 11:16:42 - Epoch 251, Model Loss 0.5580163477095371, View Loss -1.5509694239121607, Reg 0.39080220363339113
09-Aug-26 11:17:39 - Epoch 252, Model Loss 0.5682653568185098, View Loss -1.5490784485094287, Reg 0.39478968930127384
09-Aug-26 11:18:36 - Epoch 253, Model Loss 0.5652826280133424, View Loss -1.5543637892228297, Reg 0.3969761791674088
09-Aug-26 11:19:33 - Epoch 254, Model Loss 0.5652148588979693, View Loss -1.5454534091262693, Reg 0.39212319625575104
09-Aug-26 11:20:30 - Epoch 255, Model Loss 0.5661900565394012, View Loss -1.5559264938491846, Reg 0.3949198991596796
09-Aug-26 11:20:41 - Epoch 255: Train_acc 0.7675941080196399 Val_acc 0.5751633986928104 Test_acc 0.5885416666666666 Test_auc 0.6543357632466543
09-Aug-26 11:21:38 - Epoch 256, Model Loss 0.5686110599536552, View Loss -1.5510648810922028, Reg 0.3939196763959532
09-Aug-26 11:22:36 - Epoch 257, Model Loss 0.5609285544646743, View Loss -1.5491967224645538, Reg 0.39176561365150975
09-Aug-26 11:23:33 - Epoch 258, Model Loss 0.5640900657922273, View Loss -1.5592738672871442, Reg 0.39478424781668203
09-Aug-26 11:24:30 - Epoch 259, Model Loss 0.5618845323884155, View Loss -1.5706419355545418, Reg 0.390783221602635
09-Aug-26 11:25:27 - Epoch 260, Model Loss 0.566588199275215, View Loss -1.5653666435404028, Reg 0.39141180169953066
09-Aug-26 11:25:36 - Epoch 260: Train_acc 0.7168576104746317 Val_acc 0.6143790849673203 Test_acc 0.5989583333333334 Test_auc 0.6497660755086498
09-Aug-26 11:26:33 - Epoch 261, Model Loss 0.5631701474103912, View Loss -1.5616701675514932, Reg 0.3934286549906879
09-Aug-26 11:27:30 - Epoch 262, Model Loss 0.5571756643866557, View Loss -1.5546140241544883, Reg 0.3903359427389654
09-Aug-26 11:28:27 - Epoch 263, Model Loss 0.5650079804434519, View Loss -1.5608198919780125, Reg 0.39488132841848506
09-Aug-26 11:29:24 - Epoch 264, Model Loss 0.5549849498584111, View Loss -1.5564521475041166, Reg 0.3939485817708673
09-Aug-26 11:30:21 - Epoch 265, Model Loss 0.5579929117680377, View Loss -1.5557495658019171, Reg 0.39342686129084586
09-Aug-26 11:30:36 - Epoch 265: Train_acc 0.7250409165302782 Val_acc 0.6209150326797386 Test_acc 0.6041666666666666 Test_auc 0.6519421172886519
09-Aug-26 11:31:32 - Epoch 266, Model Loss 0.5553648890332973, View Loss -1.554549321800519, Reg 0.3949717926120602
09-Aug-26 11:32:29 - Epoch 267, Model Loss 0.5624639165577053, View Loss -1.5730672210406165, Reg 0.39320478584684443
09-Aug-26 11:33:26 - Epoch 268, Model Loss 0.5514472087451947, View Loss -1.5565974244119298, Reg 0.3914973505097403
09-Aug-26 11:34:23 - Epoch 269, Model Loss 0.5637536471291962, View Loss -1.5455010565525187, Reg 0.39292924069538837
09-Aug-26 11:35:20 - Epoch 270, Model Loss 0.5570781260192297, View Loss -1.5438625473047434, Reg 0.39187155120111333
09-Aug-26 11:35:30 - Epoch 270: Train_acc 0.7152209492635024 Val_acc 0.6143790849673203 Test_acc 0.59375 Test_auc 0.6465020128386466
09-Aug-26 11:36:27 - Epoch 271, Model Loss 0.5590594964995127, View Loss -1.5434026702531232, Reg 0.3937996882463633
09-Aug-26 11:37:24 - Epoch 272, Model Loss 0.5568461644961674, View Loss -1.539680489541661, Reg 0.39241945426514807
09-Aug-26 11:38:21 - Epoch 273, Model Loss 0.5560121544059091, View Loss -1.5394905628042017, Reg 0.39203081671422907
09-Aug-26 11:39:18 - Epoch 274, Model Loss 0.5523832997401685, View Loss -1.5443517763759032, Reg 0.39283788472462794
09-Aug-26 11:40:15 - Epoch 275, Model Loss 0.5504123761689019, View Loss -1.5447555025353565, Reg 0.3922013878432116
09-Aug-26 11:40:30 - Epoch 275: Train_acc 0.7692307692307693 Val_acc 0.5947712418300654 Test_acc 0.578125 Test_auc 0.647046023283647
09-Aug-26 11:41:27 - Epoch 276, Model Loss 0.5536197035675549, View Loss -1.549375237107472, Reg 0.39095765942442434
09-Aug-26 11:42:24 - Epoch 277, Model Loss 0.5611295169387043, View Loss -1.5647005344178595, Reg 0.39168503729294246
09-Aug-26 11:43:21 - Epoch 278, Model Loss 0.5609188874887757, View Loss -1.567603741456951, Reg 0.39183340593562777
09-Aug-26 11:44:18 - Epoch 279, Model Loss 0.5600497116824024, View Loss -1.5697572063502234, Reg 0.39044075994561817
09-Aug-26 11:45:15 - Epoch 280, Model Loss 0.5601665232263493, View Loss -1.550912775501682, Reg 0.39377167060020124
09-Aug-26 11:45:25 - Epoch 280: Train_acc 0.7135842880523732 Val_acc 0.6078431372549019 Test_acc 0.59375 Test_auc 0.6503100859536504
09-Aug-26 11:46:22 - Epoch 281, Model Loss 0.5520245068006937, View Loss -1.5446182795710337, Reg 0.3921697601651599
09-Aug-26 11:47:19 - Epoch 282, Model Loss 0.5586881083474416, View Loss -1.5368633086864765, Reg 0.39099174157492267
09-Aug-26 11:48:16 - Epoch 283, Model Loss 0.553918199628933, View Loss -1.5429281536764092, Reg 0.3935288160600366
09-Aug-26 11:49:14 - Epoch 284, Model Loss 0.5497149716812734, View Loss -1.549351780777477, Reg 0.39179771499625987
09-Aug-26 11:50:11 - Epoch 285, Model Loss 0.5619646276175098, View Loss -1.5551203179086288, Reg 0.38958209401847105
09-Aug-26 11:50:23 - Epoch 285: Train_acc 0.7152209492635024 Val_acc 0.6078431372549019 Test_acc 0.5989583333333334 Test_auc 0.6484604504406485
09-Aug-26 11:51:20 - Epoch 286, Model Loss 0.5490439437610233, View Loss -1.5498537232949965, Reg 0.3940788574772849
09-Aug-26 11:52:16 - Epoch 287, Model Loss 0.5565544640471619, View Loss -1.5401834485573775, Reg 0.3919463190821696
09-Aug-26 11:53:13 - Epoch 288, Model Loss 0.5502889516310684, View Loss -1.543275289176529, Reg 0.38944436578040426
09-Aug-26 11:54:10 - Epoch 289, Model Loss 0.5623210056908977, View Loss -1.5427331003541838, Reg 0.394047049570786
09-Aug-26 11:55:07 - Epoch 290, Model Loss 0.5444308860797539, View Loss -1.5442092851804243, Reg 0.39275011312942065
09-Aug-26 11:55:20 - Epoch 290: Train_acc 0.7086743044189853 Val_acc 0.6209150326797386 Test_acc 0.59375 Test_auc 0.6511805026656512
09-Aug-26 11:56:17 - Epoch 291, Model Loss 0.5534213187749178, View Loss -1.5371631631679503, Reg 0.39005521651961017
09-Aug-26 11:57:14 - Epoch 292, Model Loss 0.5593575840105597, View Loss -1.5409117302996047, Reg 0.3922698577277594
09-Aug-26 11:58:10 - Epoch 293, Model Loss 0.5490321729655352, View Loss -1.54119025158609, Reg 0.39266406089896655
09-Aug-26 11:59:07 - Epoch 294, Model Loss 0.5538210028907476, View Loss -1.541616086288677, Reg 0.39120367349852514
09-Aug-26 12:00:04 - Epoch 295, Model Loss 0.5574666744558394, View Loss -1.5353000698620285, Reg 0.3907835053831778
09-Aug-26 12:00:15 - Epoch 295: Train_acc 0.7708674304418985 Val_acc 0.6013071895424836 Test_acc 0.5885416666666666 Test_auc 0.6488956587966489
09-Aug-26 12:01:12 - Epoch 296, Model Loss 0.5524108276722279, View Loss -1.5401089605059834, Reg 0.39117035850175275
09-Aug-26 12:02:08 - Epoch 297, Model Loss 0.5518464835302724, View Loss -1.5417771249668102, Reg 0.391461271749971
09-Aug-26 12:03:05 - Epoch 298, Model Loss 0.5440316240252918, View Loss -1.5383063822057945, Reg 0.39110939216886914
09-Aug-26 12:04:02 - Epoch 299, Model Loss 0.5510635009666511, View Loss -1.5391061551832332, Reg 0.39130467786141193
09-Aug-26 12:04:58 - Epoch 300, Model Loss 0.5531722659857886, View Loss -1.5430457954906207, Reg 0.39118682382149705
09-Aug-26 12:05:07 - Epoch 300: Train_acc 0.7135842880523732 Val_acc 0.6143790849673203 Test_acc 0.5989583333333334 Test_auc 0.6493308671526493
09-Aug-26 12:05:07 - FinishedTraining! BestEpoch (eval-interval index): 5
09-Aug-26 12:05:07 - Wrote /users/3171356m/muhammad/GraSTIACL/nested_cv/results/nocombat__emb256_bs256__fold0.json
09-Aug-26 12:05:07 - {
  "emb_dim": 256,
  "batch_size": 256,
  "fold": 0,
  "combat": false,
  "n_train": 611,
  "n_val": 153,
  "n_test": 192,
  "best_val_epoch_idx": 5,
  "train_accuracy": 0.7299509001636661,
  "val_accuracy": 0.6535947712418301,
  "test_accuracy": 0.625,
  "train_f1": 0.7130434782608696,
  "val_f1": 0.6490066225165563,
  "test_f1": 0.5909090909090909,
  "train_sensitivity": 0.70446735153104,
  "val_sensitivity": 0.671232867517358,
  "test_sensitivity": 0.5714285651491366,
  "train_specificity": 0.7531249976464844,
  "val_specificity": 0.6374999920312501,
  "test_specificity": 0.6732673200666602,
  "train_precision": 0.721830985915493,
  "val_precision": 0.6282051282051282,
  "test_precision": 0.611764705882353,
  "test_auc": 0.6794690458056796,
  "fin_reg": 0.4191121543878034
}
