Task 22: config=4 fold=2 batch_size=128 emb_dim=512 mij_source=alff combat=no
The Zen of Python, by Tim Peters

Beautiful is better than ugly.
Explicit is better than implicit.
Simple is better than complex.
Complex is better than complicated.
Flat is better than nested.
Sparse is better than dense.
Readability counts.
Special cases aren't special enough to break the rules.
Although practicality beats purity.
Errors should never pass silently.
Unless explicitly silenced.
In the face of ambiguity, refuse the temptation to guess.
There should be one-- and preferably only one --obvious way to do it.
Although that way may not be obvious at first unless you're Dutch.
Now is better than never.
Although never is often better than *right* now.
If the implementation is hard to explain, it's a bad idea.
If the implementation is easy to explain, it may be a good idea.
Namespaces are one honking great idea -- let's do more of those!
validation time cost : 0.33686 sec
validation time cost : 0.33363 sec
validation time cost : 0.33001 sec
validation time cost : 0.33260 sec
validation time cost : 0.32684 sec
validation time cost : 0.32295 sec
validation time cost : 0.32228 sec
validation time cost : 0.32924 sec
validation time cost : 0.32817 sec
validation time cost : 0.33327 sec
validation time cost : 0.33102 sec
validation time cost : 0.33024 sec
validation time cost : 0.32444 sec
validation time cost : 0.33895 sec
validation time cost : 0.35829 sec
validation time cost : 0.33156 sec
validation time cost : 0.36032 sec
validation time cost : 0.32485 sec
validation time cost : 0.32870 sec
validation time cost : 0.33007 sec
validation time cost : 0.33212 sec
validation time cost : 0.32942 sec
validation time cost : 0.32485 sec
validation time cost : 0.33175 sec
validation time cost : 0.32943 sec
validation time cost : 0.32835 sec
validation time cost : 0.32926 sec
validation time cost : 0.33036 sec
validation time cost : 0.33009 sec
validation time cost : 0.32806 sec
validation time cost : 0.32980 sec
validation time cost : 0.33139 sec
validation time cost : 0.32824 sec
validation time cost : 0.33090 sec
validation time cost : 0.32950 sec
validation time cost : 0.33945 sec
validation time cost : 0.34267 sec
validation time cost : 0.33219 sec
validation time cost : 0.32950 sec
validation time cost : 0.33157 sec
validation time cost : 0.32876 sec
validation time cost : 0.32746 sec
validation time cost : 0.33068 sec
validation time cost : 0.32993 sec
validation time cost : 0.33054 sec
validation time cost : 0.33045 sec
validation time cost : 0.32729 sec
validation time cost : 0.33057 sec
validation time cost : 0.32724 sec
validation time cost : 0.32890 sec
validation time cost : 0.33083 sec
validation time cost : 0.33005 sec
validation time cost : 0.33149 sec
validation time cost : 0.33060 sec
validation time cost : 0.33223 sec
validation time cost : 0.32866 sec
validation time cost : 0.32415 sec
validation time cost : 0.32881 sec
validation time cost : 0.35002 sec
validation time cost : 0.33914 sec
