Task 30: config=6 fold=0 batch_size=128 emb_dim=256 mij_source=alff combat=no
The Zen of Python, by Tim Peters

Beautiful is better than ugly.
Explicit is better than implicit.
Simple is better than complex.
Complex is better than complicated.
Flat is better than nested.
Sparse is better than dense.
Readability counts.
Special cases aren't special enough to break the rules.
Although practicality beats purity.
Errors should never pass silently.
Unless explicitly silenced.
In the face of ambiguity, refuse the temptation to guess.
There should be one-- and preferably only one --obvious way to do it.
Although that way may not be obvious at first unless you're Dutch.
Now is better than never.
Although never is often better than *right* now.
If the implementation is hard to explain, it's a bad idea.
If the implementation is easy to explain, it may be a good idea.
Namespaces are one honking great idea -- let's do more of those!
validation time cost : 0.25201 sec
validation time cost : 0.25332 sec
validation time cost : 0.24806 sec
validation time cost : 0.23489 sec
validation time cost : 0.24445 sec
validation time cost : 0.25745 sec
validation time cost : 0.25910 sec
validation time cost : 0.23800 sec
validation time cost : 0.25697 sec
validation time cost : 0.23626 sec
validation time cost : 0.25329 sec
validation time cost : 0.23482 sec
validation time cost : 0.23935 sec
validation time cost : 0.23492 sec
validation time cost : 0.23380 sec
validation time cost : 0.25674 sec
validation time cost : 0.24956 sec
validation time cost : 0.26006 sec
validation time cost : 0.24933 sec
validation time cost : 0.23394 sec
validation time cost : 0.24893 sec
validation time cost : 0.23521 sec
validation time cost : 0.24580 sec
validation time cost : 0.23368 sec
validation time cost : 0.24420 sec
validation time cost : 0.23049 sec
validation time cost : 0.23399 sec
validation time cost : 0.22365 sec
validation time cost : 0.22528 sec
validation time cost : 0.22326 sec
validation time cost : 0.22288 sec
validation time cost : 0.22457 sec
validation time cost : 0.22601 sec
validation time cost : 0.22196 sec
validation time cost : 0.22189 sec
validation time cost : 0.22213 sec
validation time cost : 0.22172 sec
validation time cost : 0.22224 sec
validation time cost : 0.21977 sec
validation time cost : 0.21851 sec
validation time cost : 0.22196 sec
validation time cost : 0.22134 sec
validation time cost : 0.22214 sec
validation time cost : 0.22032 sec
validation time cost : 0.22530 sec
validation time cost : 0.22659 sec
validation time cost : 0.22264 sec
validation time cost : 0.22420 sec
validation time cost : 0.21468 sec
validation time cost : 0.22639 sec
validation time cost : 0.22335 sec
validation time cost : 0.22193 sec
validation time cost : 0.21622 sec
validation time cost : 0.21608 sec
validation time cost : 0.22308 sec
validation time cost : 0.22296 sec
validation time cost : 0.22410 sec
validation time cost : 0.22238 sec
validation time cost : 0.22292 sec
validation time cost : 0.22387 sec
