09-Aug-26 13:35:12 - Using Device: cuda
09-Aug-26 13:35:12 - Seed: 123, Fold: 3, ComBat: True
09-Aug-26 13:35:12 - Namespace(fold=3, combat=True, num_dyn_windows=3, model_lr=0.0005, view_lr=0.0005, num_gc_layers=2, pooling_type='standard', emb_dim=256, vib_hidden_dim=400, batch_size=32, drop_ratio=0.3, epochs=300, kld_lambda=0.003, reg_lambda=0.2, gamma_mode='paper_literal', node_feature_mode='alff_pcc', mij_source='alff', template=90, eval_interval=5, downstream_classifier='linear', ce_lambda=2.0, seed=123)
09-Aug-26 13:35:12 - Loading raw subject data...
09-Aug-26 13:36:44 - Loaded 956 subjects (455 ASD, 501 NC)
09-Aug-26 13:36:44 - alff_pcc scale stats (train_val_idx only): alff=[-3.4032,4.8153] pcc=[-0.6631,1.0129]
09-Aug-26 13:36:44 - Train/Val/Test sizes: 612/153/191
09-Aug-26 13:37:44 - Epoch 1, Model Loss -0.6062251313839083, View Loss -6.596093355440626, Reg 0.4047824358628466
09-Aug-26 13:38:43 - Epoch 2, Model Loss -1.10689982090121, View Loss -4.887522401373371, Reg 0.40461493824042527
09-Aug-26 13:39:42 - Epoch 3, Model Loss 1.9625115269928977, View Loss -2.414402014289806, Reg 0.4610568777798048
09-Aug-26 13:40:40 - Epoch 4, Model Loss -1.1285755057740057, View Loss -0.37337124581430475, Reg 0.40990297467100856
09-Aug-26 13:41:39 - Epoch 5, Model Loss -1.2369626082626044, View Loss -0.44318891194910787, Reg 0.4078347211569742
09-Aug-26 13:41:56 - Epoch 5: Train_acc 0.7647058823529411 Val_acc 0.5686274509803921 Test_acc 0.5863874345549738 Test_auc 0.6058241758241758
09-Aug-26 13:42:55 - Epoch 6, Model Loss -1.2571714812634038, View Loss -2.775560279297673, Reg 0.40244678714696097
09-Aug-26 13:43:54 - Epoch 7, Model Loss -0.9172872008841022, View Loss -3.7381427272472507, Reg 0.4597176831532148
09-Aug-26 13:44:53 - Epoch 8, Model Loss 0.21986523066081254, View Loss -2.5038151678696177, Reg 0.4786045625318889
09-Aug-26 13:45:52 - Epoch 9, Model Loss 1.7948750818476957, View Loss -0.04076269950742036, Reg 0.4054074478305243
09-Aug-26 13:46:51 - Epoch 10, Model Loss -1.1511074701944988, View Loss 0.5351656402637756, Reg 0.40343524525368135
/users/3171356m/miniconda3/envs/grastiacl/lib/python3.12/site-packages/joblib/externals/loky/process_executor.py:782: UserWarning: A worker stopped while some jobs were given to the executor. This can be caused by a too short worker timeout or by a memory leak.
  warnings.warn(
09-Aug-26 13:47:02 - Epoch 10: Train_acc 0.7516339869281046 Val_acc 0.6143790849673203 Test_acc 0.5968586387434555 Test_auc 0.6645054945054946
09-Aug-26 13:48:01 - Epoch 11, Model Loss -1.2492648261824464, View Loss 0.8249993487900379, Reg 0.4067448576291402
09-Aug-26 13:49:00 - Epoch 12, Model Loss -1.2786698933520348, View Loss 0.8596503906000673, Reg 0.4057256594982023
09-Aug-26 13:49:59 - Epoch 13, Model Loss -1.3121178383920706, View Loss 0.38002261967440837, Reg 0.40420032209820217
09-Aug-26 13:50:58 - Epoch 14, Model Loss -1.3162768027361702, View Loss -1.8951969988205855, Reg 0.4019412199656169
09-Aug-26 13:51:57 - Epoch 15, Model Loss -1.3141704821119122, View Loss -3.4425107077056287, Reg 0.391970647316353
09-Aug-26 13:52:05 - Epoch 15: Train_acc 0.7271241830065359 Val_acc 0.5686274509803921 Test_acc 0.5549738219895288 Test_auc 0.6287912087912089
09-Aug-26 13:53:04 - Epoch 16, Model Loss -1.3095895916807885, View Loss -3.501751136156469, Reg 0.3941737232255001
09-Aug-26 13:54:02 - Epoch 17, Model Loss -1.300129042731391, View Loss -3.4513066890192965, Reg 0.3981599644118664
09-Aug-26 13:55:01 - Epoch 18, Model Loss -1.2621963164385628, View Loss -3.463644473381292, Reg 0.4096081252970727
09-Aug-26 13:55:59 - Epoch 19, Model Loss -1.1303448458902197, View Loss -3.4215753343370228, Reg 0.44577041950101165
09-Aug-26 13:56:58 - Epoch 20, Model Loss -0.8904484175389109, View Loss -3.424922179552465, Reg 0.48224150355345285
09-Aug-26 13:57:06 - Epoch 20: Train_acc 0.7908496732026143 Val_acc 0.5555555555555556 Test_acc 0.5445026178010471 Test_auc 0.5741758241758244
09-Aug-26 13:58:05 - Epoch 21, Model Loss -1.1689810565873688, View Loss -3.413322423797807, Reg 0.4303985857496075
09-Aug-26 13:59:03 - Epoch 22, Model Loss -1.295141226325939, View Loss -3.4305621159622093, Reg 0.41134460572323767
09-Aug-26 14:00:02 - Epoch 23, Model Loss -1.3196021965126585, View Loss -3.447054828693664, Reg 0.4047590151331783
09-Aug-26 14:01:01 - Epoch 24, Model Loss -1.3382003728081198, View Loss -3.432860661176295, Reg 0.4026515902647006
09-Aug-26 14:01:59 - Epoch 25, Model Loss -1.3370099909165327, View Loss -3.39156980763853, Reg 0.4006986251843521
/users/3171356m/miniconda3/envs/grastiacl/lib/python3.12/site-packages/joblib/externals/loky/process_executor.py:782: UserWarning: A worker stopped while some jobs were given to the executor. This can be caused by a too short worker timeout or by a memory leak.
  warnings.warn(
09-Aug-26 14:02:09 - Epoch 25: Train_acc 0.7875816993464052 Val_acc 0.5424836601307189 Test_acc 0.5392670157068062 Test_auc 0.5871428571428572
09-Aug-26 14:03:07 - Epoch 26, Model Loss -1.3228892874873541, View Loss -3.4117277058121425, Reg 0.4024161832784516
09-Aug-26 14:04:06 - Epoch 27, Model Loss -1.289980726304397, View Loss -3.381513882306666, Reg 0.4070484363565258
09-Aug-26 14:05:04 - Epoch 28, Model Loss -1.2709322225034627, View Loss -3.359894035688413, Reg 0.4110417595875809
09-Aug-26 14:06:03 - Epoch 29, Model Loss -1.293352959202785, View Loss -3.4151765224980375, Reg 0.41825751463572186
09-Aug-26 14:07:01 - Epoch 30, Model Loss -1.3109157474991542, View Loss -3.388691677766688, Reg 0.40949351627842273
/users/3171356m/miniconda3/envs/grastiacl/lib/python3.12/site-packages/joblib/externals/loky/process_executor.py:782: UserWarning: A worker stopped while some jobs were given to the executor. This can be caused by a too short worker timeout or by a memory leak.
  warnings.warn(
09-Aug-26 14:07:11 - Epoch 30: Train_acc 0.7859477124183006 Val_acc 0.5228758169934641 Test_acc 0.5549738219895288 Test_auc 0.586043956043956
09-Aug-26 14:08:09 - Epoch 31, Model Loss -1.3381951556486242, View Loss -3.3682753026875014, Reg 0.4042702628896127
09-Aug-26 14:09:08 - Epoch 32, Model Loss -1.356196556215972, View Loss -3.347543180378434, Reg 0.4027622795962041
09-Aug-26 14:10:06 - Epoch 33, Model Loss -1.3549057393292196, View Loss -3.3708472283057915, Reg 0.39444248426973433
09-Aug-26 14:11:05 - Epoch 34, Model Loss -1.3809512767916412, View Loss -3.361845895355823, Reg 0.3935120207032347
09-Aug-26 14:12:04 - Epoch 35, Model Loss -1.3840397915808984, View Loss -3.4234704254499446, Reg 0.39182190898976293
/users/3171356m/miniconda3/envs/grastiacl/lib/python3.12/site-packages/joblib/externals/loky/process_executor.py:782: UserWarning: A worker stopped while some jobs were given to the executor. This can be caused by a too short worker timeout or by a memory leak.
  warnings.warn(
09-Aug-26 14:12:17 - Epoch 35: Train_acc 0.761437908496732 Val_acc 0.5620915032679739 Test_acc 0.5706806282722513 Test_auc 0.583076923076923
09-Aug-26 14:13:15 - Epoch 36, Model Loss -1.3968344046399483, View Loss -3.390332636490367, Reg 0.39079231997720554
09-Aug-26 14:14:14 - Epoch 37, Model Loss -1.3899011424943513, View Loss -3.427210994795257, Reg 0.38734155425838396
09-Aug-26 14:15:12 - Epoch 38, Model Loss -1.4095719374862372, View Loss -3.3880089311038746, Reg 0.3869140093622644
09-Aug-26 14:16:11 - Epoch 39, Model Loss -1.4061444475759868, View Loss -3.383235127318139, Reg 0.3867407807337692
09-Aug-26 14:17:10 - Epoch 40, Model Loss -1.4136666939928642, View Loss -3.4064459800720215, Reg 0.38873443260691526
09-Aug-26 14:17:22 - Epoch 40: Train_acc 0.7859477124183006 Val_acc 0.5424836601307189 Test_acc 0.5759162303664922 Test_auc 0.6035164835164836
09-Aug-26 14:18:20 - Epoch 41, Model Loss -1.400497349259121, View Loss -3.3536258304820343, Reg 0.38738013521518583
09-Aug-26 14:19:19 - Epoch 42, Model Loss -1.4144937851849724, View Loss -3.3795137467727163, Reg 0.38562071557138483
09-Aug-26 14:20:18 - Epoch 43, Model Loss -1.4113018154318815, View Loss -3.3885979278414857, Reg 0.3863293458433712
09-Aug-26 14:21:16 - Epoch 44, Model Loss -1.40979093975491, View Loss -3.3414148131227184, Reg 0.38483571227079905
09-Aug-26 14:22:15 - Epoch 45, Model Loss -1.4195376938464594, View Loss -3.3680001925798804, Reg 0.38442307924912644
/users/3171356m/miniconda3/envs/grastiacl/lib/python3.12/site-packages/joblib/externals/loky/process_executor.py:782: UserWarning: A worker stopped while some jobs were given to the executor. This can be caused by a too short worker timeout or by a memory leak.
  warnings.warn(
09-Aug-26 14:22:26 - Epoch 45: Train_acc 0.7058823529411765 Val_acc 0.5816993464052288 Test_acc 0.581151832460733 Test_auc 0.6442857142857142
09-Aug-26 14:23:25 - Epoch 46, Model Loss -1.423908539067686, View Loss -3.365773487714381, Reg 0.38354744961838316
09-Aug-26 14:24:23 - Epoch 47, Model Loss -1.4130171919180676, View Loss -3.349978780434802, Reg 0.3844425086102454
09-Aug-26 14:25:22 - Epoch 48, Model Loss -1.4361683714623545, View Loss -3.3695620399674557, Reg 0.38482587536176044
09-Aug-26 14:26:21 - Epoch 49, Model Loss -1.433204781775381, View Loss -3.371706485748291, Reg 0.3846421029443055
09-Aug-26 14:27:19 - Epoch 50, Model Loss -1.4234654264512405, View Loss -3.3592167835609588, Reg 0.3831026452818727
/users/3171356m/miniconda3/envs/grastiacl/lib/python3.12/site-packages/joblib/externals/loky/process_executor.py:782: UserWarning: A worker stopped while some jobs were given to the executor. This can be caused by a too short worker timeout or by a memory leak.
  warnings.warn(
09-Aug-26 14:27:30 - Epoch 50: Train_acc 0.75 Val_acc 0.5947712418300654 Test_acc 0.6073298429319371 Test_auc 0.62
09-Aug-26 14:28:28 - Epoch 51, Model Loss -1.4362064716862697, View Loss -3.4012972638497945, Reg 0.3834173513783349
09-Aug-26 14:29:26 - Epoch 52, Model Loss -1.4349710832234301, View Loss -3.384493887034896, Reg 0.3828251038501465
09-Aug-26 14:30:24 - Epoch 53, Model Loss -1.4261133063073252, View Loss -3.3762542780707863, Reg 0.3831362833384595
09-Aug-26 14:31:23 - Epoch 54, Model Loss -1.4294188879673777, View Loss -3.3286541365330518, Reg 0.3825894021520428
09-Aug-26 14:32:21 - Epoch 55, Model Loss -1.4378329445334042, View Loss -3.366188928192737, Reg 0.3831033648229113
/users/3171356m/miniconda3/envs/grastiacl/lib/python3.12/site-packages/joblib/externals/loky/process_executor.py:782: UserWarning: A worker stopped while some jobs were given to the executor. This can be caused by a too short worker timeout or by a memory leak.
  warnings.warn(
09-Aug-26 14:32:34 - Epoch 55: Train_acc 0.7238562091503268 Val_acc 0.5947712418300654 Test_acc 0.612565445026178 Test_auc 0.6458241758241757
09-Aug-26 14:33:32 - Epoch 56, Model Loss -1.4465204812342825, View Loss -3.406316189984091, Reg 0.38217360579889587
09-Aug-26 14:34:30 - Epoch 57, Model Loss -1.4373856743955924, View Loss -3.359990437825521, Reg 0.381835438067617
09-Aug-26 14:35:29 - Epoch 58, Model Loss -1.4415535677492228, View Loss -3.362923687579585, Reg 0.38157473300017564
09-Aug-26 14:36:27 - Epoch 59, Model Loss -1.4451650731703813, View Loss -3.3501603899438397, Reg 0.37939685407806845
09-Aug-26 14:37:25 - Epoch 60, Model Loss -1.4376084788952, View Loss -3.3383797040951797, Reg 0.3818856553704131
09-Aug-26 14:37:34 - Epoch 60: Train_acc 0.7647058823529411 Val_acc 0.5294117647058824 Test_acc 0.5759162303664922 Test_auc 0.5910989010989011
09-Aug-26 14:38:32 - Epoch 61, Model Loss -1.434827823264926, View Loss -3.316523760751961, Reg 0.38073067493688045
09-Aug-26 14:39:30 - Epoch 62, Model Loss -1.4409265081866893, View Loss -3.374423812417423, Reg 0.379883147143071
09-Aug-26 14:40:27 - Epoch 63, Model Loss -1.4467038329130684, View Loss -3.358893824558632, Reg 0.37839800002528173
09-Aug-26 14:41:24 - Epoch 64, Model Loss -1.4378728679582184, View Loss -3.373364782021716, Reg 0.3781559262789932
09-Aug-26 14:42:22 - Epoch 65, Model Loss -1.4428055956472758, View Loss -3.377896364997415, Reg 0.3772393661776399
09-Aug-26 14:42:29 - Epoch 65: Train_acc 0.7173202614379085 Val_acc 0.5490196078431373 Test_acc 0.6073298429319371 Test_auc 0.6447252747252746
09-Aug-26 14:43:26 - Epoch 66, Model Loss -1.4439493565777548, View Loss -3.3722836457046808, Reg 0.37972141247169644
09-Aug-26 14:44:23 - Epoch 67, Model Loss -1.4464627496557299, View Loss -3.353749970205469, Reg 0.37696392571224885
09-Aug-26 14:45:19 - Epoch 68, Model Loss -1.4493530310836493, View Loss -3.3598841187221553, Reg 0.3769242222013037
09-Aug-26 14:46:16 - Epoch 69, Model Loss -1.4468117508233762, View Loss -3.3634473077611986, Reg 0.3759189002654132
09-Aug-26 14:47:12 - Epoch 70, Model Loss -1.4502455081815033, View Loss -3.3711455818874385, Reg 0.37669240357049927
09-Aug-26 14:47:21 - Epoch 70: Train_acc 0.7107843137254902 Val_acc 0.5620915032679739 Test_acc 0.5968586387434555 Test_auc 0.6415384615384615
09-Aug-26 14:48:17 - Epoch 71, Model Loss -1.4548339532091727, View Loss -3.343898882273755, Reg 0.37703832652833724
09-Aug-26 14:49:14 - Epoch 72, Model Loss -1.462330331989363, View Loss -3.382134088503769, Reg 0.3755558300641627
09-Aug-26 14:50:10 - Epoch 73, Model Loss -1.4575941360074711, View Loss -3.3423335443135183, Reg 0.37299734198190027
09-Aug-26 14:51:07 - Epoch 74, Model Loss -1.4503200568404853, View Loss -3.329882839925928, Reg 0.37360728196069304
09-Aug-26 14:52:03 - Epoch 75, Model Loss -1.4530985402125938, View Loss -3.3443890646392225, Reg 0.37352195791169707
09-Aug-26 14:52:11 - Epoch 75: Train_acc 0.7777777777777778 Val_acc 0.5555555555555556 Test_acc 0.5706806282722513 Test_auc 0.602857142857143
09-Aug-26 14:53:07 - Epoch 76, Model Loss -1.454648529002869, View Loss -3.3382147277881895, Reg 0.37305793575212065
09-Aug-26 14:54:04 - Epoch 77, Model Loss -1.4558745801838395, View Loss -3.3873332435009527, Reg 0.3739603933166055
09-Aug-26 14:55:00 - Epoch 78, Model Loss -1.4525351867177128, View Loss -3.400273616017859, Reg 0.3721177741593006
09-Aug-26 14:55:56 - Epoch 79, Model Loss -1.4638358845430262, View Loss -3.3684476465960733, Reg 0.37214956038138447
09-Aug-26 14:56:53 - Epoch 80, Model Loss -1.4713247523588293, View Loss -3.364908227733537, Reg 0.3715457620184406
09-Aug-26 14:56:59 - Epoch 80: Train_acc 0.7026143790849673 Val_acc 0.5424836601307189 Test_acc 0.581151832460733 Test_auc 0.6267032967032967
09-Aug-26 14:57:55 - Epoch 81, Model Loss -1.4636618109310375, View Loss -3.3473786403930266, Reg 0.37064734042859543
09-Aug-26 14:58:52 - Epoch 82, Model Loss -1.4694538739771625, View Loss -3.361886451446932, Reg 0.3715166375527974
09-Aug-26 14:59:48 - Epoch 83, Model Loss -1.4587485618840634, View Loss -3.350998354893105, Reg 0.3703829034481173
09-Aug-26 15:00:44 - Epoch 84, Model Loss -1.4674371145909129, View Loss -3.37062917347827, Reg 0.36975642201168085
09-Aug-26 15:01:40 - Epoch 85, Model Loss -1.4675926850512138, View Loss -3.354244397356619, Reg 0.3709873847322526
09-Aug-26 15:01:50 - Epoch 85: Train_acc 0.7712418300653595 Val_acc 0.5228758169934641 Test_acc 0.5759162303664922 Test_auc 0.5903296703296703
09-Aug-26 15:02:46 - Epoch 86, Model Loss -1.4707969840055977, View Loss -3.3743335405985513, Reg 0.36962121686125116
09-Aug-26 15:03:42 - Epoch 87, Model Loss -1.4738683731727351, View Loss -3.367476958854526, Reg 0.3699631496192583
09-Aug-26 15:04:39 - Epoch 88, Model Loss -1.4676377477209552, View Loss -3.3435267996943856, Reg 0.3690851104804893
09-Aug-26 15:05:35 - Epoch 89, Model Loss -1.4626133924995373, View Loss -3.342131412107181, Reg 0.3693064860269135
09-Aug-26 15:06:31 - Epoch 90, Model Loss -1.4664557619032517, View Loss -3.3238618327122107, Reg 0.36944351827397065
09-Aug-26 15:06:38 - Epoch 90: Train_acc 0.7205882352941176 Val_acc 0.5686274509803921 Test_acc 0.6073298429319371 Test_auc 0.6315384615384616
09-Aug-26 15:07:34 - Epoch 91, Model Loss -1.476496098088283, View Loss -3.3780298513524674, Reg 0.36936023675538354
09-Aug-26 15:08:31 - Epoch 92, Model Loss -1.4677131565567714, View Loss -3.324565335816028, Reg 0.37016035957274096
09-Aug-26 15:09:27 - Epoch 93, Model Loss -1.4768839318767872, View Loss -3.3387465757482193, Reg 0.3694111880134134
09-Aug-26 15:10:23 - Epoch 94, Model Loss -1.4759144720688364, View Loss -3.3372179480159985, Reg 0.3696145949020884
09-Aug-26 15:11:20 - Epoch 95, Model Loss -1.4769549587972803, View Loss -3.335247011745677, Reg 0.3680253387276643
09-Aug-26 15:11:29 - Epoch 95: Train_acc 0.7647058823529411 Val_acc 0.5620915032679739 Test_acc 0.5916230366492147 Test_auc 0.6035164835164836
09-Aug-26 15:12:26 - Epoch 96, Model Loss -1.471808876087463, View Loss -3.336409490872053, Reg 0.3675523234738244
09-Aug-26 15:13:22 - Epoch 97, Model Loss -1.4687663994583429, View Loss -3.328135671179279, Reg 0.3678457016259237
09-Aug-26 15:14:18 - Epoch 98, Model Loss -1.472341606040406, View Loss -3.322977567809859, Reg 0.3680856707049351
09-Aug-26 15:15:15 - Epoch 99, Model Loss -1.4850717120700412, View Loss -3.3682746637880414, Reg 0.36859168842727064
09-Aug-26 15:16:11 - Epoch 100, Model Loss -1.4786769891876022, View Loss -3.3368284998376385, Reg 0.36829816827587053
09-Aug-26 15:16:23 - Epoch 100: Train_acc 0.7581699346405228 Val_acc 0.5359477124183006 Test_acc 0.5916230366492147 Test_auc 0.6182417582417583
09-Aug-26 15:17:19 - Epoch 101, Model Loss -1.4812344632117578, View Loss -3.353143034417645, Reg 0.36831316449283774
09-Aug-26 15:18:15 - Epoch 102, Model Loss -1.478583591436249, View Loss -3.350263486500659, Reg 0.3670082051380008
09-Aug-26 15:19:12 - Epoch 103, Model Loss -1.471700911428414, View Loss -3.3350067855485905, Reg 0.3679535879808314
09-Aug-26 15:20:08 - Epoch 104, Model Loss -1.483225068235709, View Loss -3.320080258487876, Reg 0.3670412863002104
09-Aug-26 15:21:04 - Epoch 105, Model Loss -1.4775440614987043, View Loss -3.3506864722258127, Reg 0.3677090007105684
09-Aug-26 15:21:11 - Epoch 105: Train_acc 0.7189542483660131 Val_acc 0.5359477124183006 Test_acc 0.581151832460733 Test_auc 0.6181318681318682
09-Aug-26 15:22:07 - Epoch 106, Model Loss -1.4654437950234007, View Loss -3.323436113744, Reg 0.3677789533839506
09-Aug-26 15:23:04 - Epoch 107, Model Loss -1.4648806254069011, View Loss -3.3150985599343294, Reg 0.3668258610893698
09-Aug-26 15:24:00 - Epoch 108, Model Loss -1.472213819915173, View Loss -3.344782115587222, Reg 0.36780643911143535
09-Aug-26 15:24:56 - Epoch 109, Model Loss -1.4676470102048387, View Loss -3.290414563970628, Reg 0.3683832256622564
09-Aug-26 15:25:53 - Epoch 110, Model Loss -1.476950754527173, View Loss -3.3245258985781203, Reg 0.3672031608282351
09-Aug-26 15:26:00 - Epoch 110: Train_acc 0.7173202614379085 Val_acc 0.5424836601307189 Test_acc 0.5759162303664922 Test_auc 0.6191208791208792
09-Aug-26 15:26:56 - Epoch 111, Model Loss -1.4777315395330293, View Loss -3.3386143578423395, Reg 0.3688596280571682
09-Aug-26 15:27:52 - Epoch 112, Model Loss -1.4804308897529552, View Loss -3.3429623366960515, Reg 0.3681430298518511
09-Aug-26 15:28:49 - Epoch 113, Model Loss -1.4767088640749064, View Loss -3.3357604999168244, Reg 0.3675034022798725
09-Aug-26 15:29:45 - Epoch 114, Model Loss -1.4799119039298663, View Loss -3.345988148957296, Reg 0.36773110000915776
09-Aug-26 15:30:41 - Epoch 115, Model Loss -1.484342144984825, View Loss -3.3425033544403275, Reg 0.3677660822868347
09-Aug-26 15:30:50 - Epoch 115: Train_acc 0.7189542483660131 Val_acc 0.5424836601307189 Test_acc 0.5759162303664922 Test_auc 0.5980219780219781
09-Aug-26 15:31:46 - Epoch 116, Model Loss -1.4927528107088375, View Loss -3.3580770430222056, Reg 0.36677012626641714
09-Aug-26 15:32:42 - Epoch 117, Model Loss -1.47973726309982, View Loss -3.351799378987231, Reg 0.3666631583294837
09-Aug-26 15:33:39 - Epoch 118, Model Loss -1.4813780815772761, View Loss -3.3614367254419264, Reg 0.36675811242433937
09-Aug-26 15:34:35 - Epoch 119, Model Loss -1.4783347011391634, View Loss -3.33847079557531, Reg 0.36732368823749567
09-Aug-26 15:35:31 - Epoch 120, Model Loss -1.4782718645980935, View Loss -3.315112039154651, Reg 0.3666338714119656
09-Aug-26 15:35:42 - Epoch 120: Train_acc 0.7238562091503268 Val_acc 0.5359477124183006 Test_acc 0.5602094240837696 Test_auc 0.6205494505494504
09-Aug-26 15:36:38 - Epoch 121, Model Loss -1.4764703551149057, View Loss -3.3307027754440806, Reg 0.36638058264271106
09-Aug-26 15:37:34 - Epoch 122, Model Loss -1.485273392371882, View Loss -3.3419255649342254, Reg 0.3672478086029003
09-Aug-26 15:38:31 - Epoch 123, Model Loss -1.4900435217065748, View Loss -3.3150708597469953, Reg 0.3658970111335804
09-Aug-26 15:39:27 - Epoch 124, Model Loss -1.482957609338698, View Loss -3.344134798236922, Reg 0.3662513704860912
09-Aug-26 15:40:23 - Epoch 125, Model Loss -1.4806761149487464, View Loss -3.3178052497065926, Reg 0.3659832391863555
09-Aug-26 15:40:38 - Epoch 125: Train_acc 0.7026143790849673 Val_acc 0.5686274509803921 Test_acc 0.5706806282722513 Test_auc 0.5962637362637362
09-Aug-26 15:41:34 - Epoch 126, Model Loss -1.4853390400705775, View Loss -3.3028872340333226, Reg 0.36737608052546683
09-Aug-26 15:42:31 - Epoch 127, Model Loss -1.4886276581708122, View Loss -3.342106928233228, Reg 0.36590349011951023
09-Aug-26 15:43:27 - Epoch 128, Model Loss -1.482263371835347, View Loss -3.336271999708188, Reg 0.36634045293907713
09-Aug-26 15:44:23 - Epoch 129, Model Loss -1.4827264960295234, View Loss -3.328424001830855, Reg 0.36714717882131437
09-Aug-26 15:45:20 - Epoch 130, Model Loss -1.4976902787202324, View Loss -3.348272261276744, Reg 0.3663048742253796
09-Aug-26 15:45:30 - Epoch 130: Train_acc 0.7156862745098039 Val_acc 0.5751633986928104 Test_acc 0.5654450261780105 Test_auc 0.6094505494505494
09-Aug-26 15:46:26 - Epoch 131, Model Loss -1.4922858562344818, View Loss -3.332082411822151, Reg 0.36693648380391736
09-Aug-26 15:47:23 - Epoch 132, Model Loss -1.4971651127135832, View Loss -3.346242705201791, Reg 0.36608681452819725
09-Aug-26 15:48:19 - Epoch 133, Model Loss -1.4944433137482287, View Loss -3.348617251402412, Reg 0.36569786363956974
09-Aug-26 15:49:15 - Epoch 134, Model Loss -1.4888639886394825, View Loss -3.3279397627886604, Reg 0.36632446798623775
09-Aug-26 15:50:11 - Epoch 135, Model Loss -1.4844488131454567, View Loss -3.313768879260892, Reg 0.36578112821173825
09-Aug-26 15:50:20 - Epoch 135: Train_acc 0.7173202614379085 Val_acc 0.5751633986928104 Test_acc 0.5654450261780105 Test_auc 0.6151648351648351
09-Aug-26 15:51:16 - Epoch 136, Model Loss -1.485412423127617, View Loss -3.3126534948162005, Reg 0.3659202495431588
09-Aug-26 15:52:12 - Epoch 137, Model Loss -1.4895834237142327, View Loss -3.341027446821624, Reg 0.3655859944867153
09-Aug-26 15:53:09 - Epoch 138, Model Loss -1.500165503009472, View Loss -3.3555960966870675, Reg 0.3661243716875712
09-Aug-26 15:54:05 - Epoch 139, Model Loss -1.4830538992788278, View Loss -3.3190495048473085, Reg 0.3658265603913201
09-Aug-26 15:55:02 - Epoch 140, Model Loss -1.4951210956947476, View Loss -3.3427109936483546, Reg 0.36526914671355604
09-Aug-26 15:55:15 - Epoch 140: Train_acc 0.704248366013072 Val_acc 0.5555555555555556 Test_acc 0.6020942408376964 Test_auc 0.6168131868131866
09-Aug-26 15:56:11 - Epoch 141, Model Loss -1.4917283961975496, View Loss -3.3618305087868685, Reg 0.36479003834568596
09-Aug-26 15:57:07 - Epoch 142, Model Loss -1.493844449909684, View Loss -3.331629843493692, Reg 0.3641911859995399
09-Aug-26 15:58:04 - Epoch 143, Model Loss -1.5014386083565505, View Loss -3.332760009890288, Reg 0.3650832462544535
09-Aug-26 15:59:02 - Epoch 144, Model Loss -1.5074877084470262, View Loss -3.3403368744195676, Reg 0.36538101528205125
09-Aug-26 15:59:59 - Epoch 145, Model Loss -1.4981004241245244, View Loss -3.329782651140799, Reg 0.36565522450247623
09-Aug-26 16:00:07 - Epoch 145: Train_acc 0.7549019607843137 Val_acc 0.5816993464052288 Test_acc 0.5759162303664922 Test_auc 0.6021978021978022
09-Aug-26 16:01:04 - Epoch 146, Model Loss -1.4986131362665713, View Loss -3.344066009022831, Reg 0.36449210881407745
09-Aug-26 16:02:00 - Epoch 147, Model Loss -1.5035702138165243, View Loss -3.3469341003816893, Reg 0.36546118469799266
09-Aug-26 16:02:56 - Epoch 148, Model Loss -1.5042543473586538, View Loss -3.3502711127786076, Reg 0.36525537726146723
09-Aug-26 16:03:53 - Epoch 149, Model Loss -1.4953344475989248, View Loss -3.3287077261731515, Reg 0.3645088248003542
09-Aug-26 16:04:49 - Epoch 150, Model Loss -1.5022842868480808, View Loss -3.342353353313371, Reg 0.3647131499122171
09-Aug-26 16:04:57 - Epoch 150: Train_acc 0.7107843137254902 Val_acc 0.5686274509803921 Test_acc 0.5916230366492147 Test_auc 0.6352747252747253
09-Aug-26 16:05:53 - Epoch 151, Model Loss -1.5041726118598888, View Loss -3.332139015197754, Reg 0.363878081047457
09-Aug-26 16:06:50 - Epoch 152, Model Loss -1.506451821794697, View Loss -3.358425492554708, Reg 0.36449476122076996
09-Aug-26 16:07:46 - Epoch 153, Model Loss -1.5085102530086743, View Loss -3.348961770924088, Reg 0.36381609533347337
09-Aug-26 16:08:42 - Epoch 154, Model Loss -1.5095087500179516, View Loss -3.355528579038732, Reg 0.3648674472484713
09-Aug-26 16:09:39 - Epoch 155, Model Loss -1.503383069256552, View Loss -3.342353699254055, Reg 0.36444420498960156
09-Aug-26 16:09:47 - Epoch 155: Train_acc 0.761437908496732 Val_acc 0.5098039215686274 Test_acc 0.5863874345549738 Test_auc 0.595054945054945
09-Aug-26 16:10:44 - Epoch 156, Model Loss -1.4965058993669897, View Loss -3.3489960626839035, Reg 0.36544378403744665
09-Aug-26 16:11:40 - Epoch 157, Model Loss -1.5048901551689198, View Loss -3.341287740694931, Reg 0.3652024775548698
09-Aug-26 16:12:37 - Epoch 158, Model Loss -1.5011877826615876, View Loss -3.312248388926188, Reg 0.3642941522442438
09-Aug-26 16:13:33 - Epoch 159, Model Loss -1.4997270746168747, View Loss -3.3189381462296628, Reg 0.3645343636375627
09-Aug-26 16:14:29 - Epoch 160, Model Loss -1.5060678619185304, View Loss -3.360621788922478, Reg 0.3638894172275768
09-Aug-26 16:14:39 - Epoch 160: Train_acc 0.7124183006535948 Val_acc 0.5816993464052288 Test_acc 0.581151832460733 Test_auc 0.6163736263736264
09-Aug-26 16:15:35 - Epoch 161, Model Loss -1.5082073305167405, View Loss -3.344053318297941, Reg 0.3640659675489064
09-Aug-26 16:16:31 - Epoch 162, Model Loss -1.4914782000522988, View Loss -3.2786609331766763, Reg 0.36463962466109034
09-Aug-26 16:17:28 - Epoch 163, Model Loss -1.4940685509077085, View Loss -3.2997398968615563, Reg 0.3651593008072548
09-Aug-26 16:18:24 - Epoch 164, Model Loss -1.494995771669874, View Loss -3.307714854969698, Reg 0.36418184618544736
09-Aug-26 16:19:20 - Epoch 165, Model Loss -1.5017995585023967, View Loss -3.333598538941028, Reg 0.3646429081757863
09-Aug-26 16:19:26 - Epoch 165: Train_acc 0.7140522875816994 Val_acc 0.5751633986928104 Test_acc 0.5968586387434555 Test_auc 0.6295604395604397
09-Aug-26 16:20:22 - Epoch 166, Model Loss -1.5018906437493618, View Loss -3.3432816648794934, Reg 0.36553237290164226
09-Aug-26 16:21:19 - Epoch 167, Model Loss -1.4845722765704386, View Loss -3.287077165117451, Reg 0.3641183368520799
09-Aug-26 16:22:15 - Epoch 168, Model Loss -1.4832366806229735, View Loss -3.274494676028981, Reg 0.3649764045391207
09-Aug-26 16:23:11 - Epoch 169, Model Loss -1.501082632276747, View Loss -3.3422788701026267, Reg 0.3640986957581215
09-Aug-26 16:24:08 - Epoch 170, Model Loss -1.4985363654841006, View Loss -3.3072613360835055, Reg 0.36477771752020893
09-Aug-26 16:24:19 - Epoch 170: Train_acc 0.7598039215686274 Val_acc 0.5555555555555556 Test_acc 0.5602094240837696 Test_auc 0.5954945054945054
09-Aug-26 16:25:15 - Epoch 171, Model Loss -1.4846810079088397, View Loss -3.299756738874647, Reg 0.3651539714507807
09-Aug-26 16:26:12 - Epoch 172, Model Loss -1.5006467968809838, View Loss -3.3359982515472213, Reg 0.3654386975796394
09-Aug-26 16:27:09 - Epoch 173, Model Loss -1.4919229395249312, View Loss -3.2889032706715704, Reg 0.36443659721636307
09-Aug-26 16:28:06 - Epoch 174, Model Loss -1.489373057496314, View Loss -3.285766988018759, Reg 0.3651379502676671
09-Aug-26 16:29:03 - Epoch 175, Model Loss -1.49427521462534, View Loss -3.3024719088685277, Reg 0.36380677129708083
09-Aug-26 16:29:12 - Epoch 175: Train_acc 0.7483660130718954 Val_acc 0.5555555555555556 Test_acc 0.5287958115183246 Test_auc 0.5768131868131868
09-Aug-26 16:30:09 - Epoch 176, Model Loss -1.4855216468860901, View Loss -3.2878643484676586, Reg 0.3648596480001811
09-Aug-26 16:31:06 - Epoch 177, Model Loss -1.49597642312642, View Loss -3.301714626013064, Reg 0.364144898902357
09-Aug-26 16:32:02 - Epoch 178, Model Loss -1.4952668707355175, View Loss -3.299158594966714, Reg 0.36449119838234645
09-Aug-26 16:32:59 - Epoch 179, Model Loss -1.5026547238717671, View Loss -3.306980435365166, Reg 0.3644481250663209
09-Aug-26 16:33:55 - Epoch 180, Model Loss -1.4999976064644607, View Loss -3.312951474407919, Reg 0.36398442527827096
09-Aug-26 16:34:04 - Epoch 180: Train_acc 0.7352941176470589 Val_acc 0.5816993464052288 Test_acc 0.5654450261780105 Test_auc 0.603956043956044
09-Aug-26 16:35:01 - Epoch 181, Model Loss -1.4951522615220811, View Loss -3.2943807115741803, Reg 0.36415403380113487
09-Aug-26 16:35:57 - Epoch 182, Model Loss -1.4933065090304107, View Loss -3.2918294146170024, Reg 0.3650617556634292
09-Aug-26 16:36:53 - Epoch 183, Model Loss -1.5019511989518708, View Loss -3.3245910226909166, Reg 0.3650956564868977
09-Aug-26 16:37:49 - Epoch 184, Model Loss -1.4880893931669348, View Loss -3.3057646720237983, Reg 0.36526776334039524
09-Aug-26 16:38:46 - Epoch 185, Model Loss -1.4892212892669479, View Loss -3.267329110039605, Reg 0.3648169810086294
09-Aug-26 16:38:56 - Epoch 185: Train_acc 0.7026143790849673 Val_acc 0.5686274509803921 Test_acc 0.5706806282722513 Test_auc 0.6083516483516485
09-Aug-26 16:39:52 - Epoch 186, Model Loss -1.4861934138279336, View Loss -3.28627398123149, Reg 0.3662354474753336
09-Aug-26 16:40:48 - Epoch 187, Model Loss -1.4937580457699844, View Loss -3.310613142898659, Reg 0.3647434469921137
09-Aug-26 16:41:45 - Epoch 188, Model Loss -1.4988589878954919, View Loss -3.3110355738720862, Reg 0.3646264604104111
09-Aug-26 16:42:41 - Epoch 189, Model Loss -1.5022713841955646, View Loss -3.307151348762263, Reg 0.36515877897443333
09-Aug-26 16:43:37 - Epoch 190, Model Loss -1.4977580238791073, View Loss -3.305066523209117, Reg 0.3648255646618363
09-Aug-26 16:43:46 - Epoch 190: Train_acc 0.704248366013072 Val_acc 0.5816993464052288 Test_acc 0.5602094240837696 Test_auc 0.6095604395604396
09-Aug-26 16:44:42 - Epoch 191, Model Loss -1.5088839624442307, View Loss -3.334912493337993, Reg 0.3641526295858271
09-Aug-26 16:45:38 - Epoch 192, Model Loss -1.501300917731391, View Loss -3.2876591744765737, Reg 0.36424803831218894
09-Aug-26 16:46:35 - Epoch 193, Model Loss -1.505553803412743, View Loss -3.321525885388742, Reg 0.36427761740933834
09-Aug-26 16:47:31 - Epoch 194, Model Loss -1.5115350087483723, View Loss -3.344518935758304, Reg 0.36526935046015224
09-Aug-26 16:48:27 - Epoch 195, Model Loss -1.5085152364244647, View Loss -3.4081582399754744, Reg 0.36360712846120197
09-Aug-26 16:48:37 - Epoch 195: Train_acc 0.7205882352941176 Val_acc 0.5424836601307189 Test_acc 0.581151832460733 Test_auc 0.607032967032967
09-Aug-26 16:49:33 - Epoch 196, Model Loss -1.4955277692258748, View Loss -3.2837566394431916, Reg 0.36489202676255716
09-Aug-26 16:50:30 - Epoch 197, Model Loss -1.5097233516718047, View Loss -3.341642978144627, Reg 0.3633704411438088
09-Aug-26 16:51:26 - Epoch 198, Model Loss -1.5082238359388962, View Loss -3.321064063926148, Reg 0.36485735029956096
09-Aug-26 16:52:22 - Epoch 199, Model Loss -1.5031768387439204, View Loss -3.313690992741803, Reg 0.36349966498761394
09-Aug-26 16:53:19 - Epoch 200, Model Loss -1.503528688468185, View Loss -3.28491481145223, Reg 0.3643481688561782
09-Aug-26 16:53:27 - Epoch 200: Train_acc 0.7254901960784313 Val_acc 0.5620915032679739 Test_acc 0.5863874345549738 Test_auc 0.6191208791208792
09-Aug-26 16:54:23 - Epoch 201, Model Loss -1.5003058925952786, View Loss -3.303727941575393, Reg 0.3645932543901057
09-Aug-26 16:55:20 - Epoch 202, Model Loss -1.4989071172826431, View Loss -3.28643134061028, Reg 0.3648076906702877
09-Aug-26 16:56:16 - Epoch 203, Model Loss -1.4906841072381711, View Loss -3.278972211226918, Reg 0.36346442909801707
09-Aug-26 16:57:12 - Epoch 204, Model Loss -1.5005640453762479, View Loss -3.3173831802567624, Reg 0.36465878404823004
09-Aug-26 16:58:08 - Epoch 205, Model Loss -1.4899995747734518, View Loss -3.273930412491942, Reg 0.3642576516064164
09-Aug-26 16:58:15 - Epoch 205: Train_acc 0.7026143790849673 Val_acc 0.5816993464052288 Test_acc 0.581151832460733 Test_auc 0.6039560439560439
09-Aug-26 16:59:11 - Epoch 206, Model Loss -1.4979319759443694, View Loss -3.322488822189032, Reg 0.3637282875628253
09-Aug-26 17:00:08 - Epoch 207, Model Loss -1.505641578848845, View Loss -3.3222143665637844, Reg 0.3640827482042749
09-Aug-26 17:01:04 - Epoch 208, Model Loss -1.5033107209049799, View Loss -3.317063493666306, Reg 0.3633882485184015
09-Aug-26 17:02:00 - Epoch 209, Model Loss -1.5084077984678979, View Loss -3.327505429585775, Reg 0.36433335807588363
09-Aug-26 17:02:57 - Epoch 210, Model Loss -1.5011612885917713, View Loss -3.300040192074246, Reg 0.36459797718166526
09-Aug-26 17:03:03 - Epoch 210: Train_acc 0.8545751633986928 Val_acc 0.5163398692810458 Test_acc 0.5759162303664922 Test_auc 0.5713186813186814
09-Aug-26 17:04:00 - Epoch 211, Model Loss -1.511101760116278, View Loss -3.327513688530018, Reg 0.36440204307923907
09-Aug-26 17:04:56 - Epoch 212, Model Loss -1.5050740460165186, View Loss -3.3277052866867165, Reg 0.3641706970002916
09-Aug-26 17:05:52 - Epoch 213, Model Loss -1.5023773137260885, View Loss -3.3062687886306663, Reg 0.3637317006104912
09-Aug-26 17:06:49 - Epoch 214, Model Loss -1.5058013691621668, View Loss -3.304261924394595, Reg 0.3635394799163918
09-Aug-26 17:07:45 - Epoch 215, Model Loss -1.508470959133572, View Loss -3.320645737492181, Reg 0.36374327813098634
09-Aug-26 17:07:54 - Epoch 215: Train_acc 0.7058823529411765 Val_acc 0.5620915032679739 Test_acc 0.5759162303664922 Test_auc 0.6029670329670329
09-Aug-26 17:08:50 - Epoch 216, Model Loss -1.5105307928097793, View Loss -3.337193510890786, Reg 0.364115719896516
09-Aug-26 17:09:47 - Epoch 217, Model Loss -1.5149754885754554, View Loss -3.34466753442303, Reg 0.3643684494339563
09-Aug-26 17:10:43 - Epoch 218, Model Loss -1.5092227755029217, View Loss -3.3135560945747726, Reg 0.36490996405969256
09-Aug-26 17:11:39 - Epoch 219, Model Loss -1.5180887583813636, View Loss -3.3294805202608795, Reg 0.36393636971517324
09-Aug-26 17:12:36 - Epoch 220, Model Loss -1.5151842528698491, View Loss -3.3358707116320243, Reg 0.3645339031624638
09-Aug-26 17:12:45 - Epoch 220: Train_acc 0.7598039215686274 Val_acc 0.5686274509803921 Test_acc 0.5706806282722513 Test_auc 0.5905494505494505
09-Aug-26 17:13:41 - Epoch 221, Model Loss -1.5114107412450455, View Loss -3.3200107057110158, Reg 0.36411237911461225
09-Aug-26 17:14:38 - Epoch 222, Model Loss -1.515929427801394, View Loss -3.322885831197103, Reg 0.36420559435108907
09-Aug-26 17:15:34 - Epoch 223, Model Loss -1.5084449606004104, View Loss -3.316656795202517, Reg 0.36289244247417823
09-Aug-26 17:16:30 - Epoch 224, Model Loss -1.495747665953792, View Loss -3.266811296051624, Reg 0.3651140164705663
09-Aug-26 17:17:27 - Epoch 225, Model Loss -1.505475059833402, View Loss -3.3316461806203805, Reg 0.36390989298134846
09-Aug-26 17:17:38 - Epoch 225: Train_acc 0.7679738562091504 Val_acc 0.5620915032679739 Test_acc 0.5497382198952879 Test_auc 0.5964835164835164
09-Aug-26 17:18:34 - Epoch 226, Model Loss -1.5105426077749216, View Loss -3.327743265363905, Reg 0.36435917234109116
09-Aug-26 17:19:30 - Epoch 227, Model Loss -1.5163757598478032, View Loss -3.324395157932456, Reg 0.36402655719152466
09-Aug-26 17:20:26 - Epoch 228, Model Loss -1.522678312912486, View Loss -3.3338322171977923, Reg 0.3634209266675064
09-Aug-26 17:21:22 - Epoch 229, Model Loss -1.5215873811759202, View Loss -3.3425122024187077, Reg 0.36356289636075884
09-Aug-26 17:22:19 - Epoch 230, Model Loss -1.5199775571137473, View Loss -3.3334735172246797, Reg 0.36310138051805935
09-Aug-26 17:22:26 - Epoch 230: Train_acc 0.7058823529411765 Val_acc 0.5294117647058824 Test_acc 0.5916230366492147 Test_auc 0.6242857142857143
09-Aug-26 17:23:24 - Epoch 231, Model Loss -1.517070069032557, View Loss -3.320625810062184, Reg 0.36313379161498127
09-Aug-26 17:24:20 - Epoch 232, Model Loss -1.5104175611259112, View Loss -3.3114545236226003, Reg 0.36362972212772743
09-Aug-26 17:25:17 - Epoch 233, Model Loss -1.5200179667254679, View Loss -3.348941983740314, Reg 0.3638710952272602
09-Aug-26 17:26:14 - Epoch 234, Model Loss -1.5227248715419395, View Loss -3.3472570157518575, Reg 0.36385364450660407
09-Aug-26 17:27:11 - Epoch 235, Model Loss -1.5208829617967792, View Loss -3.3219411575716307, Reg 0.3633139731447681
09-Aug-26 17:27:22 - Epoch 235: Train_acc 0.7712418300653595 Val_acc 0.5424836601307189 Test_acc 0.5706806282722513 Test_auc 0.6
09-Aug-26 17:28:18 - Epoch 236, Model Loss -1.5245491289624982, View Loss -3.34080829495698, Reg 0.36344942976446715
09-Aug-26 17:29:15 - Epoch 237, Model Loss -1.5230126817241993, View Loss -3.327751016305163, Reg 0.3640495727654376
09-Aug-26 17:30:12 - Epoch 238, Model Loss -1.5147563460605595, View Loss -3.324310418047936, Reg 0.3629133313699485
09-Aug-26 17:31:09 - Epoch 239, Model Loss -1.5211225210451613, View Loss -3.3381251416175193, Reg 0.3633037190032161
09-Aug-26 17:32:06 - Epoch 240, Model Loss -1.5203003228879441, View Loss -3.3228227920781555, Reg 0.3630690524001527
09-Aug-26 17:32:14 - Epoch 240: Train_acc 0.7271241830065359 Val_acc 0.5751633986928104 Test_acc 0.581151832460733 Test_auc 0.6050549450549451
09-Aug-26 17:33:10 - Epoch 241, Model Loss -1.5189805716470954, View Loss -3.3341608826631033, Reg 0.36321467492315507
09-Aug-26 17:34:06 - Epoch 242, Model Loss -1.5210898841907776, View Loss -3.3370363166908814, Reg 0.3629830949057161
09-Aug-26 17:35:03 - Epoch 243, Model Loss -1.529429931266635, View Loss -3.340489328297135, Reg 0.36370782992419076
09-Aug-26 17:35:59 - Epoch 244, Model Loss -1.5271441578085905, View Loss -3.3405816664103587, Reg 0.3634648502262589
09-Aug-26 17:36:55 - Epoch 245, Model Loss -1.5254710515340169, View Loss -3.340851344314276, Reg 0.36399926177037306
09-Aug-26 17:37:03 - Epoch 245: Train_acc 0.7173202614379085 Val_acc 0.5751633986928104 Test_acc 0.5759162303664922 Test_auc 0.6024175824175825
09-Aug-26 17:37:59 - Epoch 246, Model Loss -1.5247147909176895, View Loss -3.348710200365852, Reg 0.3635909894323037
09-Aug-26 17:38:55 - Epoch 247, Model Loss -1.5242904712951262, View Loss -3.329705708946278, Reg 0.3629424731715832
09-Aug-26 17:39:52 - Epoch 248, Model Loss -1.5221817415524153, View Loss -3.3444386931026684, Reg 0.3636481060701258
09-Aug-26 17:40:48 - Epoch 249, Model Loss -1.52633600297317, View Loss -3.3426471504510618, Reg 0.3637755801475126
09-Aug-26 17:41:44 - Epoch 250, Model Loss -1.5209786221871968, View Loss -3.3247466336667926, Reg 0.3624901405346939
09-Aug-26 17:41:51 - Epoch 250: Train_acc 0.7009803921568627 Val_acc 0.5490196078431373 Test_acc 0.5706806282722513 Test_auc 0.6105494505494506
09-Aug-26 17:42:47 - Epoch 251, Model Loss -1.5137295878790562, View Loss -3.3198846742218615, Reg 0.36322727487757317
09-Aug-26 17:43:44 - Epoch 252, Model Loss -1.524524361479516, View Loss -3.333192311081232, Reg 0.36323778302061793
09-Aug-26 17:44:40 - Epoch 253, Model Loss -1.5183137787712946, View Loss -3.3239848535824446, Reg 0.36332909889470516
09-Aug-26 17:45:36 - Epoch 254, Model Loss -1.5243556016410877, View Loss -3.3346861826828103, Reg 0.36307888833525914
09-Aug-26 17:46:32 - Epoch 255, Model Loss -1.519671274945627, View Loss -3.335029009900062, Reg 0.3634735793849222
09-Aug-26 17:46:42 - Epoch 255: Train_acc 0.761437908496732 Val_acc 0.5490196078431373 Test_acc 0.5706806282722513 Test_auc 0.6036263736263735
09-Aug-26 17:47:39 - Epoch 256, Model Loss -1.5192244161967359, View Loss -3.3317501841027752, Reg 0.36309897977542255
09-Aug-26 17:48:35 - Epoch 257, Model Loss -1.5202257648792141, View Loss -3.3047838834376115, Reg 0.3635404877413332
09-Aug-26 17:49:31 - Epoch 258, Model Loss -1.519940251618429, View Loss -3.3372245240055656, Reg 0.3637160187453226
09-Aug-26 17:50:28 - Epoch 259, Model Loss -1.517491200390984, View Loss -3.312431145337672, Reg 0.36292415467742223
09-Aug-26 17:51:24 - Epoch 260, Model Loss -1.5174643447975706, View Loss -3.3128657714993346, Reg 0.3634628871687097
09-Aug-26 17:51:32 - Epoch 260: Train_acc 0.8545751633986928 Val_acc 0.5294117647058824 Test_acc 0.581151832460733 Test_auc 0.5882417582417583
09-Aug-26 17:52:28 - Epoch 261, Model Loss -1.5159154935599932, View Loss -3.319320148891873, Reg 0.36313943847332125
09-Aug-26 17:53:24 - Epoch 262, Model Loss -1.5219500672583486, View Loss -3.3223360161376156, Reg 0.36339371890024424
09-Aug-26 17:54:21 - Epoch 263, Model Loss -1.5213596898745867, View Loss -3.3419508248372796, Reg 0.36359018749660915
09-Aug-26 17:55:17 - Epoch 264, Model Loss -1.526568269417956, View Loss -3.340676024069194, Reg 0.3637476974453022
09-Aug-26 17:56:14 - Epoch 265, Model Loss -1.5229496924705754, View Loss -3.325218852049385, Reg 0.36408813599667517
09-Aug-26 17:56:22 - Epoch 265: Train_acc 0.7156862745098039 Val_acc 0.5751633986928104 Test_acc 0.6073298429319371 Test_auc 0.6420879120879122
09-Aug-26 17:57:18 - Epoch 266, Model Loss -1.5240069495307074, View Loss -3.310652851279265, Reg 0.36332694338817223
09-Aug-26 17:58:15 - Epoch 267, Model Loss -1.5170047329921348, View Loss -3.3227153790542503, Reg 0.36317242905984515
09-Aug-26 17:59:11 - Epoch 268, Model Loss -1.518493452882455, View Loss -3.323601167965559, Reg 0.36428902059598683
09-Aug-26 18:00:08 - Epoch 269, Model Loss -1.5228711857515222, View Loss -3.3195184757506926, Reg 0.3628167326933418
09-Aug-26 18:01:04 - Epoch 270, Model Loss -1.5224037201575984, View Loss -3.337735724604987, Reg 0.36446789939419116
09-Aug-26 18:01:11 - Epoch 270: Train_acc 0.7026143790849673 Val_acc 0.5947712418300654 Test_acc 0.5863874345549738 Test_auc 0.6476923076923077
09-Aug-26 18:02:07 - Epoch 271, Model Loss -1.515903466667225, View Loss -3.306060183281992, Reg 0.3623911944869297
09-Aug-26 18:03:04 - Epoch 272, Model Loss -1.521602892408184, View Loss -3.3310329867344275, Reg 0.36325931743858686
09-Aug-26 18:04:01 - Epoch 273, Model Loss -1.52733954261331, View Loss -3.335653710209466, Reg 0.36411311462813734
09-Aug-26 18:04:58 - Epoch 274, Model Loss -1.5278665068881963, View Loss -3.3299345938987983, Reg 0.3629954527406132
09-Aug-26 18:05:55 - Epoch 275, Model Loss -1.5249380473217933, View Loss -3.3409557716519225, Reg 0.3633646191724765
09-Aug-26 18:06:02 - Epoch 275: Train_acc 0.7173202614379085 Val_acc 0.5882352941176471 Test_acc 0.612565445026178 Test_auc 0.6458241758241758
09-Aug-26 18:06:59 - Epoch 276, Model Loss -1.5302525875615138, View Loss -3.345234481337803, Reg 0.36420244738167407
09-Aug-26 18:07:56 - Epoch 277, Model Loss -1.52298975302503, View Loss -3.3398632878571552, Reg 0.3629931252376706
09-Aug-26 18:08:52 - Epoch 278, Model Loss -1.5292669433394288, View Loss -3.3341131459653766, Reg 0.36392149582407834
09-Aug-26 18:09:49 - Epoch 279, Model Loss -1.5265835936552559, View Loss -3.352851895725026, Reg 0.363447411192788
09-Aug-26 18:10:46 - Epoch 280, Model Loss -1.5291258618722554, View Loss -3.3173349480223813, Reg 0.36320458907707065
09-Aug-26 18:10:53 - Epoch 280: Train_acc 0.7205882352941176 Val_acc 0.5686274509803921 Test_acc 0.581151832460733 Test_auc 0.6342857142857143
09-Aug-26 18:11:50 - Epoch 281, Model Loss -1.5289386051153047, View Loss -3.3420144000084573, Reg 0.36345429377618177
09-Aug-26 18:12:47 - Epoch 282, Model Loss -1.5330322614682266, View Loss -3.354834360234878, Reg 0.36350667593525904
09-Aug-26 18:13:44 - Epoch 283, Model Loss -1.5287665136499342, View Loss -3.3127492300046035, Reg 0.36320094910322454
09-Aug-26 18:14:41 - Epoch 284, Model Loss -1.525707992852903, View Loss -3.311496625538745, Reg 0.3632743138503405
09-Aug-26 18:15:37 - Epoch 285, Model Loss -1.5285191193125607, View Loss -3.3442677360734128, Reg 0.3635379714903489
09-Aug-26 18:15:45 - Epoch 285: Train_acc 0.7124183006535948 Val_acc 0.5620915032679739 Test_acc 0.5863874345549738 Test_auc 0.6407692307692309
09-Aug-26 18:16:41 - Epoch 286, Model Loss -1.520411011440302, View Loss -3.3147263932072257, Reg 0.3634953952692693
09-Aug-26 18:17:38 - Epoch 287, Model Loss -1.5229442446839576, View Loss -3.316632772582808, Reg 0.3641411280320361
09-Aug-26 18:18:35 - Epoch 288, Model Loss -1.5268835179946, View Loss -3.329384638593088, Reg 0.36312540216383593
09-Aug-26 18:19:31 - Epoch 289, Model Loss -1.5266617108014673, View Loss -3.336246079089595, Reg 0.36359747211917554
09-Aug-26 18:20:28 - Epoch 290, Model Loss -1.5285442140367296, View Loss -3.3217084392223484, Reg 0.3634217015278885
09-Aug-26 18:20:36 - Epoch 290: Train_acc 0.7663398692810458 Val_acc 0.5751633986928104 Test_acc 0.5968586387434555 Test_auc 0.6215384615384616
09-Aug-26 18:21:33 - Epoch 291, Model Loss -1.5262327568203795, View Loss -3.330596577887442, Reg 0.363716717833787
09-Aug-26 18:22:30 - Epoch 292, Model Loss -1.5313937243293314, View Loss -3.3560608290379346, Reg 0.36299889773325206
09-Aug-26 18:23:27 - Epoch 293, Model Loss -1.528770652471804, View Loss -3.379532103445016, Reg 0.3637533596917695
09-Aug-26 18:24:24 - Epoch 294, Model Loss -1.530145158954695, View Loss -3.376109808878182, Reg 0.3634984744530098
09-Aug-26 18:25:21 - Epoch 295, Model Loss -1.537993381225985, View Loss -3.384645028831133, Reg 0.36372993857252833
09-Aug-26 18:25:29 - Epoch 295: Train_acc 0.7107843137254902 Val_acc 0.5424836601307189 Test_acc 0.5968586387434555 Test_auc 0.6272527472527473
09-Aug-26 18:26:26 - Epoch 296, Model Loss -1.5312905903735192, View Loss -3.3475029546450945, Reg 0.36356549033152513
09-Aug-26 18:27:23 - Epoch 297, Model Loss -1.532806243771821, View Loss -3.3302575903001173, Reg 0.3633538955956503
09-Aug-26 18:28:20 - Epoch 298, Model Loss -1.5303186497657129, View Loss -3.3295326139412675, Reg 0.3636343607715532
09-Aug-26 18:29:16 - Epoch 299, Model Loss -1.5268534772536333, View Loss -3.330362974428663, Reg 0.3634586104380539
09-Aug-26 18:30:13 - Epoch 300, Model Loss -1.536297299503501, View Loss -3.350291464063856, Reg 0.3630732568650464
09-Aug-26 18:30:20 - Epoch 300: Train_acc 0.7630718954248366 Val_acc 0.5424836601307189 Test_acc 0.5863874345549738 Test_auc 0.6062637362637363
09-Aug-26 18:30:20 - FinishedTraining! BestEpoch (eval-interval index): 1
09-Aug-26 18:30:20 - Wrote /users/3171356m/muhammad/GraSTIACL/nested_cv/results/combat__emb256_bs32__fold3.json
09-Aug-26 18:30:20 - {
  "emb_dim": 256,
  "batch_size": 32,
  "fold": 3,
  "combat": true,
  "n_train": 612,
  "n_val": 153,
  "n_test": 191,
  "best_val_epoch_idx": 1,
  "train_accuracy": 0.7516339869281046,
  "val_accuracy": 0.6143790849673203,
  "test_accuracy": 0.5968586387434555,
  "train_f1": 0.7370242214532872,
  "val_f1": 0.593103448275862,
  "test_f1": 0.5497076023391813,
  "train_sensitivity": 0.7319587603712757,
  "val_sensitivity": 0.589041087821355,
  "test_sensitivity": 0.5164835108078735,
  "train_specificity": 0.7694704025873196,
  "val_specificity": 0.6374999920312501,
  "test_specificity": 0.6699999933,
  "train_precision": 0.7421602787456446,
  "val_precision": 0.5972222222222222,
  "test_precision": 0.5875,
  "test_auc": 0.6645054945054946,
  "fin_reg": 0.40343524525368135
}
