08-Aug-26 18:57:49 - Using Device: cuda
08-Aug-26 18:57:49 - Seed: 123, Fold: 0, ComBat: False
08-Aug-26 18:57:49 - Namespace(fold=0, combat=False, num_dyn_windows=3, model_lr=0.0005, view_lr=0.0005, num_gc_layers=2, pooling_type='standard', emb_dim=256, vib_hidden_dim=400, batch_size=32, drop_ratio=0.3, epochs=300, kld_lambda=0.003, reg_lambda=0.2, gamma_mode='paper_literal', node_feature_mode='alff_pcc', mij_source='alff_pcc', template=90, eval_interval=5, downstream_classifier='linear', ce_lambda=2.0, seed=123)
08-Aug-26 18:57:49 - Loading raw subject data...
08-Aug-26 19:01:24 - Loaded 956 subjects (455 ASD, 501 NC)
08-Aug-26 19:01:25 - alff_pcc scale stats (train_val_idx only): alff=[-3.5994,5.6307] pcc=[-0.7600,1.0000]
08-Aug-26 19:01:25 - Train/Val/Test sizes: 611/153/192
08-Aug-26 19:02:25 - Epoch 1, Model Loss -0.5880201709641177, View Loss -6.0169131229044766, Reg 0.22960022157713553
08-Aug-26 19:03:25 - Epoch 2, Model Loss -1.0993124092464166, View Loss -3.763064766866681, Reg 0.15118104004820904
08-Aug-26 19:04:25 - Epoch 3, Model Loss -1.1441059479346642, View Loss -3.5473701754880613, Reg 0.15452010444260267
08-Aug-26 19:05:25 - Epoch 4, Model Loss -1.1539445212156605, View Loss -3.049361228942871, Reg 0.16278877832397892
08-Aug-26 19:06:26 - Epoch 5, Model Loss -1.2520536229185113, View Loss -2.7529153402425264, Reg 0.137018999276887
08-Aug-26 19:06:43 - Epoch 5: Train_acc 0.7119476268412439 Val_acc 0.6209150326797386 Test_acc 0.6354166666666666 Test_auc 0.6805570666956806
08-Aug-26 19:07:43 - Epoch 6, Model Loss -1.2429622807791503, View Loss -2.67847362789897, Reg 0.1422486093791534
08-Aug-26 19:08:43 - Epoch 7, Model Loss -1.222418253628595, View Loss -2.5794570465524926, Reg 0.14696565920368154
08-Aug-26 19:09:43 - Epoch 8, Model Loss -1.2604357848971253, View Loss -2.628196380727615, Reg 0.13968349785929615
08-Aug-26 19:10:43 - Epoch 9, Model Loss -1.3040062034969049, View Loss -2.5593379874471363, Reg 0.1393659248728604
08-Aug-26 19:11:43 - Epoch 10, Model Loss -1.3145864778571745, View Loss -2.5675759893002175, Reg 0.13913331928307804
/users/3171356m/miniconda3/envs/grastiacl/lib/python3.12/site-packages/joblib/externals/loky/process_executor.py:782: UserWarning: A worker stopped while some jobs were given to the executor. This can be caused by a too short worker timeout or by a memory leak.
  warnings.warn(
08-Aug-26 19:12:03 - Epoch 10: Train_acc 0.690671031096563 Val_acc 0.6274509803921569 Test_acc 0.640625 Test_auc 0.6821890980306823
08-Aug-26 19:13:04 - Epoch 11, Model Loss -1.3170319477587011, View Loss -2.4751354356444213, Reg 0.1377289930264025
08-Aug-26 19:14:04 - Epoch 12, Model Loss -1.3114526993709383, View Loss -2.4704257064482196, Reg 0.13875754150743375
08-Aug-26 19:15:04 - Epoch 13, Model Loss -1.296612944033259, View Loss -2.3762237959329506, Reg 0.1450081846254547
08-Aug-26 19:16:04 - Epoch 14, Model Loss -1.3278382710271108, View Loss -2.485039862400186, Reg 0.1468528048691695
08-Aug-26 19:17:05 - Epoch 15, Model Loss -1.3303308900561543, View Loss -2.403768664296052, Reg 0.14290667109423105
08-Aug-26 19:17:21 - Epoch 15: Train_acc 0.7692307692307693 Val_acc 0.5751633986928104 Test_acc 0.609375 Test_auc 0.6776194102926777
08-Aug-26 19:18:21 - Epoch 16, Model Loss -1.3460578980890703, View Loss -2.367070685041712, Reg 0.14248352457575633
08-Aug-26 19:19:21 - Epoch 17, Model Loss -1.3411394671800678, View Loss -2.3082752735056777, Reg 0.14157237014969515
08-Aug-26 19:20:20 - Epoch 18, Model Loss -1.3481634884536169, View Loss -2.39140559257345, Reg 0.14290081514518116
08-Aug-26 19:21:20 - Epoch 19, Model Loss -1.3515118787799842, View Loss -2.3894393775740155, Reg 0.1416219038288254
08-Aug-26 19:22:20 - Epoch 20, Model Loss -1.3571246321970039, View Loss -2.3214676789878435, Reg 0.14062177713612878
/users/3171356m/miniconda3/envs/grastiacl/lib/python3.12/site-packages/joblib/externals/loky/process_executor.py:782: UserWarning: A worker stopped while some jobs were given to the executor. This can be caused by a too short worker timeout or by a memory leak.
  warnings.warn(
08-Aug-26 19:22:34 - Epoch 20: Train_acc 0.8854337152209493 Val_acc 0.5098039215686274 Test_acc 0.59375 Test_auc 0.6130997715156131
08-Aug-26 19:23:33 - Epoch 21, Model Loss -1.3548369821276876, View Loss -2.2972893679785846, Reg 0.1429763009280893
08-Aug-26 19:24:33 - Epoch 22, Model Loss -1.367421331265164, View Loss -2.3325888443305334, Reg 0.1412491794742656
08-Aug-26 19:25:32 - Epoch 23, Model Loss -1.3635652482802272, View Loss -2.320117873958207, Reg 0.14002469403946655
08-Aug-26 19:26:31 - Epoch 24, Model Loss -1.369516713724589, View Loss -2.3076220830801857, Reg 0.14387164202727584
08-Aug-26 19:27:30 - Epoch 25, Model Loss -1.3559251682262765, View Loss -2.2194069590779257, Reg 0.13935752683692595
/users/3171356m/miniconda3/envs/grastiacl/lib/python3.12/site-packages/joblib/externals/loky/process_executor.py:782: UserWarning: A worker stopped while some jobs were given to the executor. This can be caused by a too short worker timeout or by a memory leak.
  warnings.warn(
08-Aug-26 19:27:41 - Epoch 25: Train_acc 0.7103109656301145 Val_acc 0.6143790849673203 Test_acc 0.6510416666666666 Test_auc 0.6894788379936895
08-Aug-26 19:28:40 - Epoch 26, Model Loss -1.3469428672728094, View Loss -2.2403385978673755, Reg 0.14409239953551473
08-Aug-26 19:29:40 - Epoch 27, Model Loss -1.357494799087949, View Loss -2.214825684037029, Reg 0.14058368526240614
08-Aug-26 19:30:39 - Epoch 28, Model Loss -1.3685931667758673, View Loss -2.275362404200527, Reg 0.1395720750727552
08-Aug-26 19:31:38 - Epoch 29, Model Loss -1.3691706079898216, View Loss -2.2759943578130093, Reg 0.14162939230861132
08-Aug-26 19:32:38 - Epoch 30, Model Loss -1.3877810362708158, View Loss -2.317600904236839, Reg 0.14170686025081017
08-Aug-26 19:32:50 - Epoch 30: Train_acc 0.723404255319149 Val_acc 0.6013071895424836 Test_acc 0.65625 Test_auc 0.6775106082036775
08-Aug-26 19:33:49 - Epoch 31, Model Loss -1.3734664425327032, View Loss -2.2823411712084583, Reg 0.14360972660945792
08-Aug-26 19:34:49 - Epoch 32, Model Loss -1.3804330802393037, View Loss -2.239038681242548, Reg 0.14225247484035852
08-Aug-26 19:35:48 - Epoch 33, Model Loss -1.3981539949457695, View Loss -2.2713184536186257, Reg 0.13931167906122785
08-Aug-26 19:36:47 - Epoch 34, Model Loss -1.3888111637383944, View Loss -2.259769541932401, Reg 0.1402179323222165
08-Aug-26 19:37:47 - Epoch 35, Model Loss -1.3773261771069416, View Loss -2.192975361101366, Reg 0.1438263878835984
08-Aug-26 19:37:59 - Epoch 35: Train_acc 0.8314238952536824 Val_acc 0.49019607843137253 Test_acc 0.5989583333333334 Test_auc 0.6233271678816233
08-Aug-26 19:38:58 - Epoch 36, Model Loss -1.3792098118708684, View Loss -2.1527887647163655, Reg 0.14085994977900324
08-Aug-26 19:39:58 - Epoch 37, Model Loss -1.3909106246773428, View Loss -2.1971032592161586, Reg 0.14253021059664495
08-Aug-26 19:40:57 - Epoch 38, Model Loss -1.3903825981527225, View Loss -2.1463329124762853, Reg 0.14015131515683987
08-Aug-26 19:41:57 - Epoch 39, Model Loss -1.403682494904913, View Loss -2.2082932389504393, Reg 0.14112115169703082
08-Aug-26 19:42:56 - Epoch 40, Model Loss -1.4025714908606097, View Loss -2.224661024034316, Reg 0.14342588761824437
08-Aug-26 19:43:15 - Epoch 40: Train_acc 0.7086743044189853 Val_acc 0.6209150326797386 Test_acc 0.625 Test_auc 0.6710912849526712
08-Aug-26 19:44:15 - Epoch 41, Model Loss -1.4013211980779121, View Loss -2.189382213617503, Reg 0.1408817180342448
08-Aug-26 19:45:14 - Epoch 42, Model Loss -1.4126987878702666, View Loss -2.2345912390176674, Reg 0.14243369271487924
08-Aug-26 19:46:14 - Epoch 43, Model Loss -1.3956596675754178, View Loss -2.1479617538701885, Reg 0.13956416009295786
08-Aug-26 19:47:13 - Epoch 44, Model Loss -1.4074526621354972, View Loss -2.159564790085763, Reg 0.1396274647619057
08-Aug-26 19:48:12 - Epoch 45, Model Loss -1.3827816967878326, View Loss -2.116264564120828, Reg 0.14217575089533474
08-Aug-26 19:48:35 - Epoch 45: Train_acc 0.6857610474631751 Val_acc 0.6339869281045751 Test_acc 0.625 Test_auc 0.6774018061146774
08-Aug-26 19:49:36 - Epoch 46, Model Loss -1.3868176816138036, View Loss -2.082305200361386, Reg 0.13795114782945225
08-Aug-26 19:50:35 - Epoch 47, Model Loss -1.4078373292464086, View Loss -2.1586789343439032, Reg 0.14164543915204642
08-Aug-26 19:51:35 - Epoch 48, Model Loss -1.4041368278465958, View Loss -2.156555161733674, Reg 0.1402220239225659
08-Aug-26 19:52:34 - Epoch 49, Model Loss -1.392118258874272, View Loss -2.127539024415461, Reg 0.1427244894730869
08-Aug-26 19:53:34 - Epoch 50, Model Loss -1.4152989738701602, View Loss -2.236306749272073, Reg 0.13760339049241352
08-Aug-26 19:53:54 - Epoch 50: Train_acc 0.7021276595744681 Val_acc 0.6013071895424836 Test_acc 0.6302083333333334 Test_auc 0.6754433685126755
08-Aug-26 19:54:55 - Epoch 51, Model Loss -1.419078394551129, View Loss -2.2142494368670227, Reg 0.14349912339287968
08-Aug-26 19:55:54 - Epoch 52, Model Loss -1.4262387873498195, View Loss -2.1995355290789065, Reg 0.13771729539537195
08-Aug-26 19:56:54 - Epoch 53, Model Loss -1.4260702125374503, View Loss -2.2399378806206287, Reg 0.14074404564504733
08-Aug-26 19:57:53 - Epoch 54, Model Loss -1.4241673130840795, View Loss -2.2241681687375334, Reg 0.1395774019818064
08-Aug-26 19:58:53 - Epoch 55, Model Loss -1.4139390272711772, View Loss -2.158492351319708, Reg 0.1384622142291986
08-Aug-26 19:59:13 - Epoch 55: Train_acc 0.6988543371522095 Val_acc 0.6209150326797386 Test_acc 0.6354166666666666 Test_auc 0.6898052442606898
08-Aug-26 20:00:12 - Epoch 56, Model Loss -1.4276909773556574, View Loss -2.1256348388284785, Reg 0.1393268209578753
08-Aug-26 20:01:11 - Epoch 57, Model Loss -1.4290240626483424, View Loss -2.180424796383822, Reg 0.1392412542345676
08-Aug-26 20:02:10 - Epoch 58, Model Loss -1.4277640840620924, View Loss -2.10762691731929, Reg 0.13917665603020382
08-Aug-26 20:03:10 - Epoch 59, Model Loss -1.4344821967391843, View Loss -2.0877232621812585, Reg 0.13757186769561175
08-Aug-26 20:04:09 - Epoch 60, Model Loss -1.4136264788538657, View Loss -2.066112398906152, Reg 0.13947212210751203
/users/3171356m/miniconda3/envs/grastiacl/lib/python3.12/site-packages/joblib/externals/loky/process_executor.py:782: UserWarning: A worker stopped while some jobs were given to the executor. This can be caused by a too short worker timeout or by a memory leak.
  warnings.warn(
08-Aug-26 20:04:30 - Epoch 60: Train_acc 0.7054009819967266 Val_acc 0.6274509803921569 Test_acc 0.6145833333333334 Test_auc 0.6805570666956805
08-Aug-26 20:05:31 - Epoch 61, Model Loss -1.4026667693242698, View Loss -2.0198207151284975, Reg 0.13816901553672192
08-Aug-26 20:06:32 - Epoch 62, Model Loss -1.423472991356483, View Loss -2.0975326047981624, Reg 0.1407240132897263
08-Aug-26 20:07:32 - Epoch 63, Model Loss -1.4316581001843642, View Loss -2.119533954002268, Reg 0.13838047574467824
08-Aug-26 20:08:31 - Epoch 64, Model Loss -1.396235399667643, View Loss -2.048581965426181, Reg 0.14082623534087463
08-Aug-26 20:09:31 - Epoch 65, Model Loss -1.421375557170562, View Loss -2.0796619265442393, Reg 0.14002838964938338
08-Aug-26 20:09:54 - Epoch 65: Train_acc 0.8036006546644845 Val_acc 0.5359477124183006 Test_acc 0.609375 Test_auc 0.6667392013926667
08-Aug-26 20:10:54 - Epoch 66, Model Loss -1.405680621314166, View Loss -2.051269316634258, Reg 0.14142548095331253
08-Aug-26 20:11:53 - Epoch 67, Model Loss -1.4187760696473566, View Loss -1.9979377307985495, Reg 0.13716544962065894
08-Aug-26 20:12:53 - Epoch 68, Model Loss -1.42896457584712, View Loss -2.0900202242325254, Reg 0.13890119778592927
08-Aug-26 20:13:53 - Epoch 69, Model Loss -1.4388950070070556, View Loss -2.1083901716722404, Reg 0.1366506752279113
08-Aug-26 20:14:53 - Epoch 70, Model Loss -1.4248360822711952, View Loss -2.092720477358604, Reg 0.14006718361533801
08-Aug-26 20:15:09 - Epoch 70: Train_acc 0.7103109656301145 Val_acc 0.5882352941176471 Test_acc 0.6510416666666666 Test_auc 0.6831683168316832
08-Aug-26 20:16:09 - Epoch 71, Model Loss -1.4332491395516402, View Loss -2.0851951761448637, Reg 0.1381784246566838
08-Aug-26 20:17:08 - Epoch 72, Model Loss -1.425269203373336, View Loss -2.092734346218078, Reg 0.138149563936477
08-Aug-26 20:18:07 - Epoch 73, Model Loss -1.4164527621479939, View Loss -2.027510564963283, Reg 0.14078887648356136
08-Aug-26 20:19:07 - Epoch 74, Model Loss -1.4211717206015329, View Loss -2.0562046296077545, Reg 0.1375548441798324
08-Aug-26 20:20:06 - Epoch 75, Model Loss -1.4336816573884406, View Loss -2.062980985095185, Reg 0.1382693073387622
/users/3171356m/miniconda3/envs/grastiacl/lib/python3.12/site-packages/joblib/externals/loky/process_executor.py:782: UserWarning: A worker stopped while some jobs were given to the executor. This can be caused by a too short worker timeout or by a memory leak.
  warnings.warn(
08-Aug-26 20:20:20 - Epoch 75: Train_acc 0.7692307692307693 Val_acc 0.5424836601307189 Test_acc 0.5729166666666666 Test_auc 0.6556413883146557
08-Aug-26 20:21:20 - Epoch 76, Model Loss -1.4243353127262597, View Loss -2.0600062876013023, Reg 0.13948034108563062
08-Aug-26 20:22:20 - Epoch 77, Model Loss -1.4289591027554827, View Loss -1.999083339485131, Reg 0.14010245333472954
08-Aug-26 20:23:20 - Epoch 78, Model Loss -1.4374614230154383, View Loss -2.0530410757236512, Reg 0.136942417283105
08-Aug-26 20:24:18 - Epoch 79, Model Loss -1.4287810341230975, View Loss -2.033402731687855, Reg 0.13873309914614096
08-Aug-26 20:25:17 - Epoch 80, Model Loss -1.4374143308586458, View Loss -2.064030737026233, Reg 0.13851351796995404
08-Aug-26 20:25:31 - Epoch 80: Train_acc 0.7119476268412439 Val_acc 0.6078431372549019 Test_acc 0.6041666666666666 Test_auc 0.6738113371776738
08-Aug-26 20:26:29 - Epoch 81, Model Loss -1.4450976571552883, View Loss -2.0781564517419193, Reg 0.13689548906347365
08-Aug-26 20:27:28 - Epoch 82, Model Loss -1.443481328249368, View Loss -2.079558544970573, Reg 0.13834081607247337
08-Aug-26 20:28:27 - Epoch 83, Model Loss -1.4360143314992153, View Loss -2.073991385302255, Reg 0.13935328398125457
08-Aug-26 20:29:27 - Epoch 84, Model Loss -1.4455040020170071, View Loss -2.041267324781652, Reg 0.1386314844636402
08-Aug-26 20:30:26 - Epoch 85, Model Loss -1.4496691745939114, View Loss -2.0802805903695414, Reg 0.13856971655315345
08-Aug-26 20:30:42 - Epoch 85: Train_acc 0.8576104746317512 Val_acc 0.47058823529411764 Test_acc 0.5572916666666666 Test_auc 0.6255032096616255
08-Aug-26 20:31:42 - Epoch 86, Model Loss -1.4383470157554614, View Loss -2.017729480606054, Reg 0.13871503300635593
08-Aug-26 20:32:42 - Epoch 87, Model Loss -1.4258724562275038, View Loss -2.0388893214848545, Reg 0.13972438429215536
08-Aug-26 20:33:41 - Epoch 88, Model Loss -1.4400801416699898, View Loss -2.0487914467794415, Reg 0.13583379203481097
08-Aug-26 20:34:41 - Epoch 89, Model Loss -1.4174421454022246, View Loss -1.9663514045178403, Reg 0.13976883254152664
08-Aug-26 20:35:40 - Epoch 90, Model Loss -1.42773223976847, View Loss -1.9755926818972525, Reg 0.13740151618194268
08-Aug-26 20:36:00 - Epoch 90: Train_acc 0.7135842880523732 Val_acc 0.5816993464052288 Test_acc 0.6458333333333334 Test_auc 0.6675008160156676
08-Aug-26 20:37:00 - Epoch 91, Model Loss -1.4456550376505002, View Loss -2.0524483491863244, Reg 0.13638127661034247
08-Aug-26 20:38:00 - Epoch 92, Model Loss -1.442526728353797, View Loss -2.0541494801860005, Reg 0.13798715242484977
08-Aug-26 20:38:59 - Epoch 93, Model Loss -1.4364347894921436, View Loss -2.0136795886799863, Reg 0.13704053823471848
08-Aug-26 20:39:59 - Epoch 94, Model Loss -1.4386740745382105, View Loss -2.018827328315148, Reg 0.13543834736031127
08-Aug-26 20:40:59 - Epoch 95, Model Loss -1.446154886298796, View Loss -2.062616477036047, Reg 0.1385926145042023
08-Aug-26 20:41:16 - Epoch 95: Train_acc 0.7135842880523732 Val_acc 0.6013071895424836 Test_acc 0.640625 Test_auc 0.6727233162876728
08-Aug-26 20:42:16 - Epoch 96, Model Loss -1.4358580670458205, View Loss -2.0250836441052527, Reg 0.13844335635242994
08-Aug-26 20:43:16 - Epoch 97, Model Loss -1.4452987271322946, View Loss -2.037984048871479, Reg 0.13640343738070487
08-Aug-26 20:44:16 - Epoch 98, Model Loss -1.4508886930400142, View Loss -2.04531361116325, Reg 0.13916519328147026
08-Aug-26 20:45:15 - Epoch 99, Model Loss -1.4496911052010844, View Loss -2.040767462866201, Reg 0.13708299413055133
08-Aug-26 20:46:15 - Epoch 100, Model Loss -1.4481500174527082, View Loss -2.0493706056997545, Reg 0.1377581856571711
08-Aug-26 20:46:38 - Epoch 100: Train_acc 0.723404255319149 Val_acc 0.6013071895424836 Test_acc 0.6302083333333334 Test_auc 0.6755521706016755
08-Aug-26 20:47:38 - Epoch 101, Model Loss -1.4452745270612002, View Loss -2.0057930556139656, Reg 0.1366706875117828
08-Aug-26 20:48:38 - Epoch 102, Model Loss -1.4488415070329281, View Loss -2.0705716637269567, Reg 0.14034185452469047
08-Aug-26 20:49:38 - Epoch 103, Model Loss -1.448046597638419, View Loss -2.053653748257851, Reg 0.14029510650911814
08-Aug-26 20:50:37 - Epoch 104, Model Loss -1.4430626301055258, View Loss -2.0024484120882473, Reg 0.13730264892847371
08-Aug-26 20:51:37 - Epoch 105, Model Loss -1.443331693471356, View Loss -2.022584030944275, Reg 0.13772088623378553
08-Aug-26 20:51:55 - Epoch 105: Train_acc 0.7119476268412439 Val_acc 0.6143790849673203 Test_acc 0.625 Test_auc 0.6616255032096616
08-Aug-26 20:52:55 - Epoch 106, Model Loss -1.456463055212642, View Loss -2.043204466762012, Reg 0.13644213552560822
08-Aug-26 20:53:55 - Epoch 107, Model Loss -1.4630912946210946, View Loss -2.0554592043600377, Reg 0.13898030720931615
08-Aug-26 20:54:55 - Epoch 108, Model Loss -1.4661379867216568, View Loss -2.0791906889058565, Reg 0.13713034926479264
08-Aug-26 20:55:54 - Epoch 109, Model Loss -1.4684655381497698, View Loss -2.065676312985085, Reg 0.13713425197890075
08-Aug-26 20:56:54 - Epoch 110, Model Loss -1.4540396423464712, View Loss -2.011194660698724, Reg 0.13682179540737172
/users/3171356m/miniconda3/envs/grastiacl/lib/python3.12/site-packages/joblib/externals/loky/process_executor.py:782: UserWarning: A worker stopped while some jobs were given to the executor. This can be caused by a too short worker timeout or by a memory leak.
  warnings.warn(
08-Aug-26 20:57:17 - Epoch 110: Train_acc 0.707037643207856 Val_acc 0.6078431372549019 Test_acc 0.6197916666666666 Test_auc 0.6605374823196606
08-Aug-26 20:58:17 - Epoch 111, Model Loss -1.459691375445227, View Loss -2.0478158676097515, Reg 0.13925723558361908
08-Aug-26 20:59:17 - Epoch 112, Model Loss -1.457351005604146, View Loss -2.048860371210376, Reg 0.13875133535670767
08-Aug-26 21:00:16 - Epoch 113, Model Loss -1.4630375454741882, View Loss -2.044821086764921, Reg 0.13784598643280285
08-Aug-26 21:01:15 - Epoch 114, Model Loss -1.464788486056164, View Loss -2.062383345808413, Reg 0.1379809185691824
08-Aug-26 21:02:15 - Epoch 115, Model Loss -1.4501129929250665, View Loss -2.0161151199215954, Reg 0.13721901302739564
08-Aug-26 21:02:36 - Epoch 115: Train_acc 0.7201309328968903 Val_acc 0.6209150326797386 Test_acc 0.6145833333333334 Test_auc 0.6658687846806658
08-Aug-26 21:03:36 - Epoch 116, Model Loss -1.44475572355055, View Loss -1.9882233833525262, Reg 0.1379379299873221
08-Aug-26 21:04:35 - Epoch 117, Model Loss -1.455553640125231, View Loss -2.024977541984396, Reg 0.1367795173987234
08-Aug-26 21:05:34 - Epoch 118, Model Loss -1.4552715624607917, View Loss -1.9982941365281026, Reg 0.13642749112288416
08-Aug-26 21:06:32 - Epoch 119, Model Loss -1.4471675104868587, View Loss -1.966563043734836, Reg 0.13803094684004588
08-Aug-26 21:07:31 - Epoch 120, Model Loss -1.4518214989020664, View Loss -1.9906604543645332, Reg 0.1377204264195578
/users/3171356m/miniconda3/envs/grastiacl/lib/python3.12/site-packages/joblib/externals/loky/process_executor.py:782: UserWarning: A worker stopped while some jobs were given to the executor. This can be caused by a too short worker timeout or by a memory leak.
  warnings.warn(
08-Aug-26 21:07:50 - Epoch 120: Train_acc 0.723404255319149 Val_acc 0.6078431372549019 Test_acc 0.609375 Test_auc 0.6494396692416495
08-Aug-26 21:08:49 - Epoch 121, Model Loss -1.4463354491563163, View Loss -2.0349972384651047, Reg 0.1355544810599469
08-Aug-26 21:09:47 - Epoch 122, Model Loss -1.4601375623537554, View Loss -2.0522959517183943, Reg 0.13754669863444108
08-Aug-26 21:10:44 - Epoch 123, Model Loss -1.4548475769654818, View Loss -2.0424196013842395, Reg 0.1368545447087522
08-Aug-26 21:11:42 - Epoch 124, Model Loss -1.4463278619045126, View Loss -1.9645990045488173, Reg 0.13709949452045897
08-Aug-26 21:12:39 - Epoch 125, Model Loss -1.4481149788964205, View Loss -2.032327997703989, Reg 0.13808970550858643
08-Aug-26 21:12:50 - Epoch 125: Train_acc 0.7610474631751227 Val_acc 0.5751633986928104 Test_acc 0.578125 Test_auc 0.6504188880426505
08-Aug-26 21:13:47 - Epoch 126, Model Loss -1.4429692113848247, View Loss -1.9652687804788693, Reg 0.13727816569873433
08-Aug-26 21:14:45 - Epoch 127, Model Loss -1.4505557436404564, View Loss -2.0385161819707744, Reg 0.13707976177359174
08-Aug-26 21:15:42 - Epoch 128, Model Loss -1.4559603689540233, View Loss -2.0337728814095404, Reg 0.13772264747299656
08-Aug-26 21:16:40 - Epoch 129, Model Loss -1.4369106074206763, View Loss -1.9716610354409476, Reg 0.13790617034497707
08-Aug-26 21:17:37 - Epoch 130, Model Loss -1.4490690683967353, View Loss -1.976957943942855, Reg 0.13752024541509913
08-Aug-26 21:17:46 - Epoch 130: Train_acc 0.707037643207856 Val_acc 0.6013071895424836 Test_acc 0.6302083333333334 Test_auc 0.6684800348166685
08-Aug-26 21:18:44 - Epoch 131, Model Loss -1.4441743412111472, View Loss -2.039066772804323, Reg 0.1382932259339943
08-Aug-26 21:19:42 - Epoch 132, Model Loss -1.4582232320757427, View Loss -2.0626620309832835, Reg 0.13705694095007526
08-Aug-26 21:20:39 - Epoch 133, Model Loss -1.4747080631224887, View Loss -2.056028426181275, Reg 0.13810061218305422
08-Aug-26 21:21:37 - Epoch 134, Model Loss -1.4706784067294407, View Loss -2.060060832777507, Reg 0.13862444992053724
08-Aug-26 21:22:34 - Epoch 135, Model Loss -1.4701601612197202, View Loss -2.032664951443087, Reg 0.13664797393516706
08-Aug-26 21:22:46 - Epoch 135: Train_acc 0.7135842880523732 Val_acc 0.6143790849673203 Test_acc 0.625 Test_auc 0.6742465455336742
08-Aug-26 21:23:44 - Epoch 136, Model Loss -1.4676454765706912, View Loss -2.0488574727272244, Reg 0.13661943790662892
08-Aug-26 21:24:41 - Epoch 137, Model Loss -1.4620747316488463, View Loss -2.036287907102494, Reg 0.1367176100489746
08-Aug-26 21:25:39 - Epoch 138, Model Loss -1.4764000382243905, View Loss -2.034284083620811, Reg 0.13763022086234022
08-Aug-26 21:26:36 - Epoch 139, Model Loss -1.4735216376434177, View Loss -2.0553082772050475, Reg 0.13869289061246645
08-Aug-26 21:27:34 - Epoch 140, Model Loss -1.471806625297534, View Loss -2.0602447030587205, Reg 0.14032261088222217
08-Aug-26 21:27:45 - Epoch 140: Train_acc 0.7184942716857611 Val_acc 0.6209150326797386 Test_acc 0.6458333333333334 Test_auc 0.6837123272766837
08-Aug-26 21:28:42 - Epoch 141, Model Loss -1.4643975022186428, View Loss -1.9456203182863525, Reg 0.1382277445980453
08-Aug-26 21:29:40 - Epoch 142, Model Loss -1.454518667804824, View Loss -2.0061937112074633, Reg 0.13807773962007217
08-Aug-26 21:30:37 - Epoch 143, Model Loss -1.4527567794787317, View Loss -1.9706709068847756, Reg 0.13682513331625543
08-Aug-26 21:31:35 - Epoch 144, Model Loss -1.4696892576014742, View Loss -2.0292386017532476, Reg 0.1366168176191333
08-Aug-26 21:32:32 - Epoch 145, Model Loss -1.4673042289559073, View Loss -2.0336842568143103, Reg 0.138328036948819
08-Aug-26 21:32:45 - Epoch 145: Train_acc 0.8461538461538461 Val_acc 0.5751633986928104 Test_acc 0.640625 Test_auc 0.6655423784136656
08-Aug-26 21:33:42 - Epoch 146, Model Loss -1.4625742252056415, View Loss -2.0266203981764774, Reg 0.13778130580867762
08-Aug-26 21:34:40 - Epoch 147, Model Loss -1.465978781642383, View Loss -2.043636402404835, Reg 0.13989398015111246
08-Aug-26 21:35:37 - Epoch 148, Model Loss -1.464077450834983, View Loss -1.9924853647984382, Reg 0.1381739621856989
08-Aug-26 21:36:35 - Epoch 149, Model Loss -1.467899077457609, View Loss -2.013632331854388, Reg 0.13636458678546007
08-Aug-26 21:37:32 - Epoch 150, Model Loss -1.4698476533842946, View Loss -2.0193244868526676, Reg 0.13716050138645203
08-Aug-26 21:37:42 - Epoch 150: Train_acc 0.7004909983633388 Val_acc 0.5882352941176471 Test_acc 0.6614583333333334 Test_auc 0.6807746708736808
08-Aug-26 21:38:40 - Epoch 151, Model Loss -1.47080635048949, View Loss -2.0373758504901893, Reg 0.13674638865427183
08-Aug-26 21:39:38 - Epoch 152, Model Loss -1.447118251881701, View Loss -1.9315739036972122, Reg 0.13735106114279813
08-Aug-26 21:40:36 - Epoch 153, Model Loss -1.468974738581481, View Loss -2.0076583372200374, Reg 0.13702490966029332
08-Aug-26 21:41:34 - Epoch 154, Model Loss -1.478180378041369, View Loss -2.0240831359513654, Reg 0.13738142308792778
08-Aug-26 21:42:32 - Epoch 155, Model Loss -1.4753296675736698, View Loss -2.034942297615513, Reg 0.135351376672033
08-Aug-26 21:42:41 - Epoch 155: Train_acc 0.7086743044189853 Val_acc 0.5947712418300654 Test_acc 0.6302083333333334 Test_auc 0.6770753998476772
08-Aug-26 21:43:39 - Epoch 156, Model Loss -1.450078705914087, View Loss -2.043645449824107, Reg 0.1419255599964855
08-Aug-26 21:44:37 - Epoch 157, Model Loss -1.4751278476121967, View Loss -2.0307084417577266, Reg 0.1391727631445212
08-Aug-26 21:45:35 - Epoch 158, Model Loss -1.4719866285932826, View Loss -2.0031905283514293, Reg 0.13680822103483978
08-Aug-26 21:46:33 - Epoch 159, Model Loss -1.4776817889923746, View Loss -2.0395693224892875, Reg 0.13757153248045526
08-Aug-26 21:47:31 - Epoch 160, Model Loss -1.482624611175587, View Loss -2.0754684410781987, Reg 0.1365525282785272
08-Aug-26 21:47:40 - Epoch 160: Train_acc 0.7119476268412439 Val_acc 0.6209150326797386 Test_acc 0.6145833333333334 Test_auc 0.6836035251876836
08-Aug-26 21:48:38 - Epoch 161, Model Loss -1.4887331355418003, View Loss -2.061743967661881, Reg 0.13598309456082686
08-Aug-26 21:49:36 - Epoch 162, Model Loss -1.4820533696251104, View Loss -2.0311147780348158, Reg 0.13696767436111812
08-Aug-26 21:50:34 - Epoch 163, Model Loss -1.485693537467045, View Loss -2.0298759863146394, Reg 0.13617510008343697
08-Aug-26 21:51:32 - Epoch 164, Model Loss -1.4799841929184434, View Loss -1.997104373969345, Reg 0.13749501143266643
08-Aug-26 21:52:30 - Epoch 165, Model Loss -1.4812989024210679, View Loss -2.0553469220862257, Reg 0.14002566544396983
08-Aug-26 21:52:36 - Epoch 165: Train_acc 0.7021276595744681 Val_acc 0.6078431372549019 Test_acc 0.6145833333333334 Test_auc 0.6832771189206833
08-Aug-26 21:53:33 - Epoch 166, Model Loss -1.4842754682425392, View Loss -2.0391399154101184, Reg 0.1364254751981963
08-Aug-26 21:54:31 - Epoch 167, Model Loss -1.4871885343386186, View Loss -2.0277239538838936, Reg 0.13751774606845188
08-Aug-26 21:55:29 - Epoch 168, Model Loss -1.4806764785279618, View Loss -2.0585104369492853, Reg 0.13570807159629858
08-Aug-26 21:56:26 - Epoch 169, Model Loss -1.4716067415602663, View Loss -1.9686994178010282, Reg 0.1363377184797621
08-Aug-26 21:57:24 - Epoch 170, Model Loss -1.4846802530429173, View Loss -1.9985856682110925, Reg 0.136113795828312
08-Aug-26 21:57:30 - Epoch 170: Train_acc 0.7168576104746317 Val_acc 0.5882352941176471 Test_acc 0.6302083333333334 Test_auc 0.6660863888586661
08-Aug-26 21:58:28 - Epoch 171, Model Loss -1.471579567305195, View Loss -1.9694501467890513, Reg 0.13597656596214214
08-Aug-26 21:59:25 - Epoch 172, Model Loss -1.4784569513973356, View Loss -2.025474801196209, Reg 0.1357114335519007
08-Aug-26 22:00:23 - Epoch 173, Model Loss -1.4783896791174056, View Loss -2.021179722881161, Reg 0.13709139141045304
08-Aug-26 22:01:21 - Epoch 174, Model Loss -1.4834601890826187, View Loss -2.0176903222079363, Reg 0.136969623614694
08-Aug-26 22:02:18 - Epoch 175, Model Loss -1.4744193230049896, View Loss -1.9992910383570994, Reg 0.1355835658097228
08-Aug-26 22:02:26 - Epoch 175: Train_acc 0.723404255319149 Val_acc 0.6209150326797386 Test_acc 0.6354166666666666 Test_auc 0.6756609726906757
08-Aug-26 22:03:23 - Epoch 176, Model Loss -1.4803221042339618, View Loss -2.0138152687522277, Reg 0.1357411905123247
08-Aug-26 22:04:20 - Epoch 177, Model Loss -1.465994372890741, View Loss -1.9874382518512332, Reg 0.13890727078953663
08-Aug-26 22:05:18 - Epoch 178, Model Loss -1.4840536921387217, View Loss -2.0352239101491074, Reg 0.13392969722053227
08-Aug-26 22:06:15 - Epoch 179, Model Loss -1.4865937591964797, View Loss -2.0374885385828594, Reg 0.1386296428166903
08-Aug-26 22:07:13 - Epoch 180, Model Loss -1.4829674563119142, View Loss -1.997562858750114, Reg 0.13590705163057423
08-Aug-26 22:07:23 - Epoch 180: Train_acc 0.8739770867430442 Val_acc 0.49673202614379086 Test_acc 0.5833333333333334 Test_auc 0.6371450331846372
08-Aug-26 22:08:21 - Epoch 181, Model Loss -1.476107599692337, View Loss -1.9918372174526782, Reg 0.13536946124316432
08-Aug-26 22:09:18 - Epoch 182, Model Loss -1.474312131416583, View Loss -2.019808674014727, Reg 0.13819887058629537
08-Aug-26 22:10:16 - Epoch 183, Model Loss -1.4739579413019108, View Loss -1.9625660643444904, Reg 0.13578401942495044
08-Aug-26 22:11:13 - Epoch 184, Model Loss -1.4563506145133909, View Loss -2.0098109963287505, Reg 0.13721193658544661
08-Aug-26 22:12:10 - Epoch 185, Model Loss -1.4732600717809898, View Loss -1.9796411222404817, Reg 0.1366679559411472
08-Aug-26 22:12:17 - Epoch 185: Train_acc 0.7201309328968903 Val_acc 0.5947712418300654 Test_acc 0.6354166666666666 Test_auc 0.6712000870416713
08-Aug-26 22:13:14 - Epoch 186, Model Loss -1.4757173611567571, View Loss -2.011338848919408, Reg 0.13608871910068682
08-Aug-26 22:14:11 - Epoch 187, Model Loss -1.4659168021768674, View Loss -1.9157304709164484, Reg 0.13696574429492123
08-Aug-26 22:15:09 - Epoch 188, Model Loss -1.471743729617904, View Loss -2.011011395243693, Reg 0.13568610816267235
08-Aug-26 22:16:06 - Epoch 189, Model Loss -1.478916964242189, View Loss -2.0264517812213803, Reg 0.1390045261324525
08-Aug-26 22:17:04 - Epoch 190, Model Loss -1.4783284816336124, View Loss -2.046495858268925, Reg 0.13721469831203284
08-Aug-26 22:17:14 - Epoch 190: Train_acc 0.7054009819967266 Val_acc 0.6078431372549019 Test_acc 0.625 Test_auc 0.6628223261886628
08-Aug-26 22:18:11 - Epoch 191, Model Loss -1.4821332784799428, View Loss -2.027161265746271, Reg 0.13572495614838484
08-Aug-26 22:19:08 - Epoch 192, Model Loss -1.4834031832393766, View Loss -2.0205592609661496, Reg 0.13748337343066883
08-Aug-26 22:20:05 - Epoch 193, Model Loss -1.4756962320418288, View Loss -1.9955971994103465, Reg 0.1370937110408043
08-Aug-26 22:21:03 - Epoch 194, Model Loss -1.488016743511693, View Loss -2.02615180616488, Reg 0.13702866132637873
08-Aug-26 22:22:01 - Epoch 195, Model Loss -1.495068938759462, View Loss -2.0394373135168697, Reg 0.13552403326852036
08-Aug-26 22:22:08 - Epoch 195: Train_acc 0.7135842880523732 Val_acc 0.6143790849673203 Test_acc 0.6302083333333334 Test_auc 0.6511805026656512
08-Aug-26 22:23:05 - Epoch 196, Model Loss -1.488851651817609, View Loss -2.0175151216222886, Reg 0.13573523385239897
08-Aug-26 22:24:02 - Epoch 197, Model Loss -1.485433401335671, View Loss -2.050870608190858, Reg 0.13669324535785057
08-Aug-26 22:24:59 - Epoch 198, Model Loss -1.4758419217922878, View Loss -1.9735039330153146, Reg 0.13648958907823905
08-Aug-26 22:25:57 - Epoch 199, Model Loss -1.47934292654359, View Loss -1.9992868435948647, Reg 0.13547109489355072
08-Aug-26 22:26:54 - Epoch 200, Model Loss -1.4662333471295097, View Loss -1.9370640662610044, Reg 0.1364419881967788
08-Aug-26 22:27:04 - Epoch 200: Train_acc 0.7086743044189853 Val_acc 0.5816993464052288 Test_acc 0.5989583333333334 Test_auc 0.6404090958546406
08-Aug-26 22:28:01 - Epoch 201, Model Loss -1.474421120314278, View Loss -1.9989508162153529, Reg 0.13617179536682886
08-Aug-26 22:28:58 - Epoch 202, Model Loss -1.4804654808169302, View Loss -2.006070856571978, Reg 0.13713527915910886
08-Aug-26 22:29:56 - Epoch 203, Model Loss -1.4871185391702355, View Loss -2.02413547487774, Reg 0.1351790861782973
08-Aug-26 22:30:54 - Epoch 204, Model Loss -1.4807230876042292, View Loss -2.006734937770862, Reg 0.13662225039715462
08-Aug-26 22:31:51 - Epoch 205, Model Loss -1.4798865529011977, View Loss -1.9519373867203482, Reg 0.13532608396292903
08-Aug-26 22:32:03 - Epoch 205: Train_acc 0.7184942716857611 Val_acc 0.6078431372549019 Test_acc 0.6354166666666666 Test_auc 0.6634751387226635
08-Aug-26 22:33:00 - Epoch 206, Model Loss -1.4754332746889705, View Loss -1.981256062777655, Reg 0.13572806473547036
08-Aug-26 22:33:57 - Epoch 207, Model Loss -1.4765920264436063, View Loss -1.980364352318347, Reg 0.13550467464810698
08-Aug-26 22:34:55 - Epoch 208, Model Loss -1.4800491426658318, View Loss -2.0283010915141255, Reg 0.1386225939577418
08-Aug-26 22:35:52 - Epoch 209, Model Loss -1.488689866666903, View Loss -2.02192001998327, Reg 0.13312597392331169
08-Aug-26 22:36:50 - Epoch 210, Model Loss -1.4887341625756796, View Loss -2.031871723075155, Reg 0.13607454032876487
08-Aug-26 22:36:59 - Epoch 210: Train_acc 0.7103109656301145 Val_acc 0.6013071895424836 Test_acc 0.6302083333333334 Test_auc 0.6677184201936677
08-Aug-26 22:37:56 - Epoch 211, Model Loss -1.4783976347278651, View Loss -1.9701269863084958, Reg 0.13573562798933195
08-Aug-26 22:38:54 - Epoch 212, Model Loss -1.482896230419802, View Loss -1.9734061275488421, Reg 0.13558466465451713
08-Aug-26 22:39:51 - Epoch 213, Model Loss -1.4877720948326998, View Loss -1.985385846389296, Reg 0.13467052822807613
08-Aug-26 22:40:48 - Epoch 214, Model Loss -1.4786105663218396, View Loss -2.035694304152518, Reg 0.13799232426183314
08-Aug-26 22:41:46 - Epoch 215, Model Loss -1.4928076450641339, View Loss -2.022513647126293, Reg 0.13545217610127408
08-Aug-26 22:41:55 - Epoch 215: Train_acc 0.7135842880523732 Val_acc 0.6013071895424836 Test_acc 0.6041666666666666 Test_auc 0.6636927429006637
08-Aug-26 22:42:52 - Epoch 216, Model Loss -1.4895860824959564, View Loss -2.019753520110235, Reg 0.13534614827892394
08-Aug-26 22:43:49 - Epoch 217, Model Loss -1.4745713606988935, View Loss -1.9804090040990452, Reg 0.1365751339497621
08-Aug-26 22:44:46 - Epoch 218, Model Loss -1.4843456085692062, View Loss -1.954649634915366, Reg 0.13571968699047882
08-Aug-26 22:45:44 - Epoch 219, Model Loss -1.4861919095590346, View Loss -2.003716724008663, Reg 0.13608021078152666
08-Aug-26 22:46:41 - Epoch 220, Model Loss -1.4654047758411464, View Loss -1.8916570668134673, Reg 0.13513738897350142
08-Aug-26 22:46:51 - Epoch 220: Train_acc 0.7103109656301145 Val_acc 0.5686274509803921 Test_acc 0.5833333333333334 Test_auc 0.6512893047546514
08-Aug-26 22:47:48 - Epoch 221, Model Loss -1.4715149429933139, View Loss -1.9452090349212996, Reg 0.1349870408908045
08-Aug-26 22:48:46 - Epoch 222, Model Loss -1.4581301996633775, View Loss -1.9717416045318454, Reg 0.13594795485467645
08-Aug-26 22:49:43 - Epoch 223, Model Loss -1.4826058982437058, View Loss -2.0114832455124674, Reg 0.13523867004436674
08-Aug-26 22:50:40 - Epoch 224, Model Loss -1.475533155294565, View Loss -2.0340564691883842, Reg 0.13538208767259569
08-Aug-26 22:51:38 - Epoch 225, Model Loss -1.4645197130069014, View Loss -1.9371914933824306, Reg 0.1354321228696945
08-Aug-26 22:51:48 - Epoch 225: Train_acc 0.7970540098199672 Val_acc 0.5686274509803921 Test_acc 0.5885416666666666 Test_auc 0.6253944075726254
08-Aug-26 22:52:45 - Epoch 226, Model Loss -1.4807606578458545, View Loss -1.9880470277439748, Reg 0.13663402956997314
08-Aug-26 22:53:43 - Epoch 227, Model Loss -1.4820738993768021, View Loss -1.9592891067217688, Reg 0.135560000623209
08-Aug-26 22:54:40 - Epoch 228, Model Loss -1.4837278539342302, View Loss -2.0064442489424237, Reg 0.1346214344868293
08-Aug-26 22:55:37 - Epoch 229, Model Loss -1.4798605742509159, View Loss -1.9777124025622679, Reg 0.13652907582624843
08-Aug-26 22:56:35 - Epoch 230, Model Loss -1.483945074721366, View Loss -1.9918912296014215, Reg 0.13552761824158327
08-Aug-26 22:56:44 - Epoch 230: Train_acc 0.7135842880523732 Val_acc 0.5620915032679739 Test_acc 0.609375 Test_auc 0.6726145141986727
08-Aug-26 22:57:41 - Epoch 231, Model Loss -1.4648532648913795, View Loss -1.9567188779578075, Reg 0.13452397841722408
08-Aug-26 22:58:39 - Epoch 232, Model Loss -1.48980012072674, View Loss -2.005095094003381, Reg 0.13545726554288412
08-Aug-26 22:59:36 - Epoch 233, Model Loss -1.4868284536071377, View Loss -2.0107405532986755, Reg 0.13412871332488552
08-Aug-26 23:00:33 - Epoch 234, Model Loss -1.4873687038640149, View Loss -1.9806896325219088, Reg 0.13536985833106377
08-Aug-26 23:01:31 - Epoch 235, Model Loss -1.489249507260986, View Loss -2.0031065019960295, Reg 0.1356573564818955
08-Aug-26 23:01:41 - Epoch 235: Train_acc 0.8036006546644845 Val_acc 0.6078431372549019 Test_acc 0.6197916666666666 Test_auc 0.6510717005766511
08-Aug-26 23:02:39 - Epoch 236, Model Loss -1.4899006319124062, View Loss -2.024853092949051, Reg 0.1373231957274841
08-Aug-26 23:03:36 - Epoch 237, Model Loss -1.4885935479022088, View Loss -1.9961389886572005, Reg 0.13568912434304795
08-Aug-26 23:04:33 - Epoch 238, Model Loss -1.4941126593981553, View Loss -2.0146912342202645, Reg 0.13424092604368681
08-Aug-26 23:05:31 - Epoch 239, Model Loss -1.4877379857576811, View Loss -1.961084946477862, Reg 0.13576097692532157
08-Aug-26 23:06:28 - Epoch 240, Model Loss -1.4958044425165204, View Loss -1.9963547602027605, Reg 0.1357865490738772
08-Aug-26 23:06:37 - Epoch 240: Train_acc 0.7021276595744681 Val_acc 0.5816993464052288 Test_acc 0.640625 Test_auc 0.664019149167664
08-Aug-26 23:07:34 - Epoch 241, Model Loss -1.4961054180725897, View Loss -2.0100698135488355, Reg 0.13628122871421558
08-Aug-26 23:08:31 - Epoch 242, Model Loss -1.4804520177763145, View Loss -1.9670127167834393, Reg 0.13436135122896997
08-Aug-26 23:09:28 - Epoch 243, Model Loss -1.4833081178306167, View Loss -1.9646999004819778, Reg 0.13698864544081804
08-Aug-26 23:10:26 - Epoch 244, Model Loss -1.4954115388436324, View Loss -2.0191518569734015, Reg 0.13364907069994464
08-Aug-26 23:11:23 - Epoch 245, Model Loss -1.492538729978271, View Loss -1.9989501825135976, Reg 0.1341022813964007
08-Aug-26 23:11:36 - Epoch 245: Train_acc 0.7119476268412439 Val_acc 0.5882352941176471 Test_acc 0.6145833333333334 Test_auc 0.6606462844086607
08-Aug-26 23:12:34 - Epoch 246, Model Loss -1.4892829280047877, View Loss -2.001360477285182, Reg 0.13592833712233654
08-Aug-26 23:13:31 - Epoch 247, Model Loss -1.4962232304087637, View Loss -2.0147923502321134, Reg 0.1336693382546086
08-Aug-26 23:14:28 - Epoch 248, Model Loss -1.4943016570445558, View Loss -2.005515593358616, Reg 0.13605231222271333
08-Aug-26 23:15:26 - Epoch 249, Model Loss -1.4845558094705185, View Loss -1.9894911037139142, Reg 0.13754773086299676
08-Aug-26 23:16:23 - Epoch 250, Model Loss -1.4971118105999186, View Loss -2.0043785763255118, Reg 0.1349173601588719
08-Aug-26 23:16:37 - Epoch 250: Train_acc 0.7643207855973814 Val_acc 0.5816993464052288 Test_acc 0.625 Test_auc 0.6362746164726363
08-Aug-26 23:17:34 - Epoch 251, Model Loss -1.5021244055315632, View Loss -2.0154417197169727, Reg 0.13606921200520083
08-Aug-26 23:18:31 - Epoch 252, Model Loss -1.502479954358989, View Loss -2.019192257411351, Reg 0.13374000360942317
08-Aug-26 23:19:29 - Epoch 253, Model Loss -1.4960284326743767, View Loss -1.9966000589723478, Reg 0.13587182248087445
08-Aug-26 23:20:26 - Epoch 254, Model Loss -1.5014695965131644, View Loss -2.01264339422048, Reg 0.13577412149324744
08-Aug-26 23:21:23 - Epoch 255, Model Loss -1.4922188323375245, View Loss -2.0062823795062625, Reg 0.13555107979064293
08-Aug-26 23:21:35 - Epoch 255: Train_acc 0.7152209492635024 Val_acc 0.6013071895424836 Test_acc 0.5989583333333334 Test_auc 0.6596670656076598
08-Aug-26 23:22:32 - Epoch 256, Model Loss -1.5055506888856278, View Loss -1.9985773582895532, Reg 0.13347717005082707
08-Aug-26 23:23:30 - Epoch 257, Model Loss -1.4980278108787224, View Loss -2.0290992638483374, Reg 0.13647772194954846
08-Aug-26 23:24:27 - Epoch 258, Model Loss -1.4815287652460527, View Loss -1.8754889789462674, Reg 0.13550783796220675
08-Aug-26 23:25:24 - Epoch 259, Model Loss -1.4862076280159957, View Loss -2.027264026104916, Reg 0.13689223946409024
08-Aug-26 23:26:22 - Epoch 260, Model Loss -1.481579487140362, View Loss -2.016874741025135, Reg 0.13397190117455543
08-Aug-26 23:26:35 - Epoch 260: Train_acc 0.7217675941080196 Val_acc 0.5686274509803921 Test_acc 0.6458333333333334 Test_auc 0.6727233162876728
08-Aug-26 23:27:32 - Epoch 261, Model Loss -1.4910092306995548, View Loss -2.0027591323696456, Reg 0.13384924026635978
08-Aug-26 23:28:29 - Epoch 262, Model Loss -1.4922156770959034, View Loss -2.014481176916394, Reg 0.1339915641835005
08-Aug-26 23:29:27 - Epoch 263, Model Loss -1.4881104236733893, View Loss -2.0013550065348076, Reg 0.13553884274245478
08-Aug-26 23:30:24 - Epoch 264, Model Loss -1.4814822825979679, View Loss -1.9615532083714262, Reg 0.13544451430098514
08-Aug-26 23:31:22 - Epoch 265, Model Loss -1.4848438237965984, View Loss -1.9444997579883632, Reg 0.13373839034532758
08-Aug-26 23:31:34 - Epoch 265: Train_acc 0.762684124386252 Val_acc 0.6013071895424836 Test_acc 0.6354166666666666 Test_auc 0.6361658143836362
08-Aug-26 23:32:31 - Epoch 266, Model Loss -1.4534799041997781, View Loss -1.874742411942802, Reg 0.13533185732150038
08-Aug-26 23:33:28 - Epoch 267, Model Loss -1.477555371735568, View Loss -1.948383797990515, Reg 0.13508710750483843
08-Aug-26 23:34:25 - Epoch 268, Model Loss -1.4903874842117735, View Loss -2.0297980058798033, Reg 0.13500561563941343
08-Aug-26 23:35:23 - Epoch 269, Model Loss -1.4739819197334751, View Loss -1.903944039695977, Reg 0.13408960653209842
08-Aug-26 23:36:20 - Epoch 270, Model Loss -1.4878942915733824, View Loss -1.9990869465904424, Reg 0.13580230767373758
08-Aug-26 23:36:30 - Epoch 270: Train_acc 0.7054009819967266 Val_acc 0.6078431372549019 Test_acc 0.6354166666666666 Test_auc 0.6623871178326625
08-Aug-26 23:37:27 - Epoch 271, Model Loss -1.490239686544515, View Loss -1.9497355228555182, Reg 0.13462601370390034
08-Aug-26 23:38:25 - Epoch 272, Model Loss -1.478978648708612, View Loss -1.955719544337346, Reg 0.13535791167260777
08-Aug-26 23:39:22 - Epoch 273, Model Loss -1.4840874367571892, View Loss -1.9541020705539935, Reg 0.13492505621841808
08-Aug-26 23:40:20 - Epoch 274, Model Loss -1.4937910916567239, View Loss -1.9965806210294683, Reg 0.13385516263654307
08-Aug-26 23:41:17 - Epoch 275, Model Loss -1.4917100010448898, View Loss -2.021737513097335, Reg 0.13580198071397073
08-Aug-26 23:41:29 - Epoch 275: Train_acc 0.7054009819967266 Val_acc 0.5947712418300654 Test_acc 0.609375 Test_auc 0.6544445653356544
08-Aug-26 23:42:26 - Epoch 276, Model Loss -1.4945405735321795, View Loss -2.007221981273345, Reg 0.134127849496523
08-Aug-26 23:43:24 - Epoch 277, Model Loss -1.498079474741035, View Loss -1.9972280277558123, Reg 0.13472885362889295
08-Aug-26 23:44:21 - Epoch 278, Model Loss -1.5061594382440595, View Loss -2.0341417137807793, Reg 0.13457858389313598
08-Aug-26 23:45:19 - Epoch 279, Model Loss -1.4971882902854008, View Loss -2.0242994295984946, Reg 0.1355189119881772
08-Aug-26 23:46:16 - Epoch 280, Model Loss -1.5000886089868124, View Loss -1.9976255562028402, Reg 0.13276603326518485
08-Aug-26 23:46:26 - Epoch 280: Train_acc 0.7086743044189853 Val_acc 0.6470588235294118 Test_acc 0.5885416666666666 Test_auc 0.6498748775976498
08-Aug-26 23:47:23 - Epoch 281, Model Loss -1.49988207606364, View Loss -1.9997912717528896, Reg 0.13487121742066308
08-Aug-26 23:48:20 - Epoch 282, Model Loss -1.4981285788228587, View Loss -1.991464530582709, Reg 0.13521259862155258
08-Aug-26 23:49:18 - Epoch 283, Model Loss -1.5010070394962391, View Loss -2.011678477941285, Reg 0.13439240646830558
08-Aug-26 23:50:15 - Epoch 284, Model Loss -1.5086803459691924, View Loss -2.0103198377668563, Reg 0.13389365588438296
08-Aug-26 23:51:12 - Epoch 285, Model Loss -1.5025135155785494, View Loss -1.998688779759134, Reg 0.1337339150827567
08-Aug-26 23:51:24 - Epoch 285: Train_acc 0.762684124386252 Val_acc 0.5686274509803921 Test_acc 0.5625 Test_auc 0.6303993036666304
08-Aug-26 23:52:21 - Epoch 286, Model Loss -1.5095924394610665, View Loss -2.0135604387024224, Reg 0.1355988375488943
08-Aug-26 23:53:19 - Epoch 287, Model Loss -1.5053472152123084, View Loss -2.0041053111736593, Reg 0.13423217171208657
08-Aug-26 23:54:16 - Epoch 288, Model Loss -1.5011836979080924, View Loss -1.9739446085915824, Reg 0.13471062515546764
08-Aug-26 23:55:13 - Epoch 289, Model Loss -1.4852747698657447, View Loss -1.8992226923741218, Reg 0.13468702954473355
08-Aug-26 23:56:11 - Epoch 290, Model Loss -1.4780941438752968, View Loss -1.9160941049041997, Reg 0.13676904672345241
08-Aug-26 23:56:24 - Epoch 290: Train_acc 0.7119476268412439 Val_acc 0.5947712418300654 Test_acc 0.59375 Test_auc 0.6512893047546513
08-Aug-26 23:57:21 - Epoch 291, Model Loss -1.4808557638365, View Loss -1.9384113961858171, Reg 0.1351556198735479
08-Aug-26 23:58:18 - Epoch 292, Model Loss -1.478880721496482, View Loss -1.943416119402247, Reg 0.13485825637358495
08-Aug-26 23:59:16 - Epoch 293, Model Loss -1.4862295718903238, View Loss -1.9816592937600592, Reg 0.13612457775737963
09-Aug-26 00:00:13 - Epoch 294, Model Loss -1.4987069846370216, View Loss -1.9909662053159722, Reg 0.1332353771757182
09-Aug-26 00:01:10 - Epoch 295, Model Loss -1.493639079716709, View Loss -2.0147963295981848, Reg 0.13508085879678616
09-Aug-26 00:01:28 - Epoch 295: Train_acc 0.8117839607201309 Val_acc 0.5424836601307189 Test_acc 0.5625 Test_auc 0.575127842454575
09-Aug-26 00:02:26 - Epoch 296, Model Loss -1.5021261060686626, View Loss -2.0170118867277904, Reg 0.13504217662612272
09-Aug-26 00:03:23 - Epoch 297, Model Loss -1.5062615875331549, View Loss -2.0475860040043457, Reg 0.13442000352858327
09-Aug-26 00:04:20 - Epoch 298, Model Loss -1.5107233668700373, View Loss -2.029262689443735, Reg 0.13475490584603697
09-Aug-26 00:05:18 - Epoch 299, Model Loss -1.4943414569486377, View Loss -2.006335355256076, Reg 0.13643742388086896
09-Aug-26 00:06:15 - Epoch 300, Model Loss -1.511491595235472, View Loss -2.035483611586051, Reg 0.13394639471548864
/users/3171356m/miniconda3/envs/grastiacl/lib/python3.12/site-packages/joblib/externals/loky/process_executor.py:782: UserWarning: A worker stopped while some jobs were given to the executor. This can be caused by a too short worker timeout or by a memory leak.
  warnings.warn(
09-Aug-26 00:06:32 - Epoch 300: Train_acc 0.6923076923076923 Val_acc 0.6339869281045751 Test_acc 0.6041666666666666 Test_auc 0.6606462844086608
09-Aug-26 00:06:32 - FinishedTraining! BestEpoch (eval-interval index): 55
09-Aug-26 00:06:32 - Wrote /users/3171356m/muhammad/GraSTIACL/nested_cv/results/nocombat__emb256_bs32__fold0.json
09-Aug-26 00:06:32 - {
  "emb_dim": 256,
  "batch_size": 32,
  "fold": 0,
  "combat": false,
  "n_train": 611,
  "n_val": 153,
  "n_test": 192,
  "best_val_epoch_idx": 55,
  "train_accuracy": 0.7086743044189853,
  "val_accuracy": 0.6470588235294118,
  "test_accuracy": 0.5885416666666666,
  "train_f1": 0.6898954703832753,
  "val_f1": 0.6301369863013698,
  "test_f1": 0.5536723163841808,
  "train_sensitivity": 0.6804123687958338,
  "val_sensitivity": 0.6301369776693565,
  "test_sensitivity": 0.5384615325443788,
  "train_specificity": 0.7343749977050782,
  "val_specificity": 0.6624999917187501,
  "test_specificity": 0.633663360062739,
  "train_precision": 0.6996466431095406,
  "val_precision": 0.6301369863013698,
  "test_precision": 0.5697674418604651,
  "test_auc": 0.6498748775976498,
  "fin_reg": 0.13276603326518485
}
