Task 29: config=5 fold=4 batch_size=128 emb_dim=512 mij_source=alff_pcc combat=no
The Zen of Python, by Tim Peters

Beautiful is better than ugly.
Explicit is better than implicit.
Simple is better than complex.
Complex is better than complicated.
Flat is better than nested.
Sparse is better than dense.
Readability counts.
Special cases aren't special enough to break the rules.
Although practicality beats purity.
Errors should never pass silently.
Unless explicitly silenced.
In the face of ambiguity, refuse the temptation to guess.
There should be one-- and preferably only one --obvious way to do it.
Although that way may not be obvious at first unless you're Dutch.
Now is better than never.
Although never is often better than *right* now.
If the implementation is hard to explain, it's a bad idea.
If the implementation is easy to explain, it may be a good idea.
Namespaces are one honking great idea -- let's do more of those!
validation time cost : 0.25035 sec
validation time cost : 0.23018 sec
validation time cost : 0.24928 sec
validation time cost : 0.22950 sec
validation time cost : 0.25322 sec
validation time cost : 0.23031 sec
validation time cost : 0.22676 sec
validation time cost : 0.23710 sec
validation time cost : 0.23537 sec
validation time cost : 0.23958 sec
validation time cost : 0.23939 sec
validation time cost : 0.23114 sec
validation time cost : 0.23270 sec
validation time cost : 0.23441 sec
validation time cost : 0.23119 sec
validation time cost : 0.22982 sec
validation time cost : 0.23042 sec
validation time cost : 0.23084 sec
validation time cost : 0.22594 sec
validation time cost : 0.22634 sec
validation time cost : 0.22791 sec
validation time cost : 0.23170 sec
validation time cost : 0.21747 sec
validation time cost : 0.23071 sec
validation time cost : 0.22546 sec
validation time cost : 0.22903 sec
validation time cost : 0.23297 sec
validation time cost : 0.22963 sec
validation time cost : 0.22969 sec
validation time cost : 0.22902 sec
validation time cost : 0.22755 sec
validation time cost : 0.22213 sec
validation time cost : 0.24190 sec
validation time cost : 0.22023 sec
validation time cost : 0.23299 sec
validation time cost : 0.23369 sec
validation time cost : 0.23127 sec
validation time cost : 0.22279 sec
validation time cost : 0.22759 sec
validation time cost : 0.22803 sec
validation time cost : 0.23062 sec
validation time cost : 0.22628 sec
validation time cost : 0.22611 sec
validation time cost : 0.22454 sec
validation time cost : 0.23075 sec
validation time cost : 0.22902 sec
validation time cost : 0.22315 sec
validation time cost : 0.22359 sec
validation time cost : 0.22145 sec
validation time cost : 0.22719 sec
validation time cost : 0.22813 sec
validation time cost : 0.22503 sec
validation time cost : 0.22881 sec
validation time cost : 0.22986 sec
validation time cost : 0.22564 sec
validation time cost : 0.22939 sec
validation time cost : 0.22683 sec
validation time cost : 0.22595 sec
validation time cost : 0.22636 sec
validation time cost : 0.22821 sec
