Task 5: config=1 fold=0 batch_size=32 emb_dim=512 mij_source=alff_pcc combat=no
The Zen of Python, by Tim Peters

Beautiful is better than ugly.
Explicit is better than implicit.
Simple is better than complex.
Complex is better than complicated.
Flat is better than nested.
Sparse is better than dense.
Readability counts.
Special cases aren't special enough to break the rules.
Although practicality beats purity.
Errors should never pass silently.
Unless explicitly silenced.
In the face of ambiguity, refuse the temptation to guess.
There should be one-- and preferably only one --obvious way to do it.
Although that way may not be obvious at first unless you're Dutch.
Now is better than never.
Although never is often better than *right* now.
If the implementation is hard to explain, it's a bad idea.
If the implementation is easy to explain, it may be a good idea.
Namespaces are one honking great idea -- let's do more of those!
validation time cost : 0.35105 sec
validation time cost : 0.34818 sec
validation time cost : 0.33926 sec
validation time cost : 0.34331 sec
validation time cost : 0.33693 sec
validation time cost : 0.33948 sec
validation time cost : 0.33758 sec
validation time cost : 0.33431 sec
validation time cost : 0.33956 sec
validation time cost : 0.33336 sec
validation time cost : 0.33895 sec
validation time cost : 0.33969 sec
validation time cost : 0.33426 sec
validation time cost : 0.34335 sec
validation time cost : 0.33735 sec
validation time cost : 0.33801 sec
validation time cost : 0.33859 sec
validation time cost : 0.33404 sec
validation time cost : 0.33326 sec
validation time cost : 0.34002 sec
validation time cost : 0.33358 sec
validation time cost : 0.33911 sec
validation time cost : 0.33779 sec
validation time cost : 0.33986 sec
validation time cost : 0.33860 sec
validation time cost : 0.33390 sec
validation time cost : 0.33908 sec
validation time cost : 0.33758 sec
validation time cost : 0.34671 sec
validation time cost : 0.34073 sec
validation time cost : 0.33857 sec
validation time cost : 0.33855 sec
validation time cost : 0.34029 sec
validation time cost : 0.33776 sec
validation time cost : 0.33791 sec
validation time cost : 0.33797 sec
validation time cost : 0.33698 sec
validation time cost : 0.33946 sec
validation time cost : 0.33863 sec
validation time cost : 0.33882 sec
validation time cost : 0.33894 sec
validation time cost : 0.33701 sec
validation time cost : 0.33727 sec
validation time cost : 0.33886 sec
validation time cost : 0.33764 sec
validation time cost : 0.33747 sec
validation time cost : 0.33232 sec
validation time cost : 0.33998 sec
validation time cost : 0.33839 sec
validation time cost : 0.33873 sec
validation time cost : 0.33892 sec
validation time cost : 0.34132 sec
validation time cost : 0.33748 sec
validation time cost : 0.33828 sec
validation time cost : 0.34089 sec
validation time cost : 0.33902 sec
validation time cost : 0.33947 sec
validation time cost : 0.34108 sec
validation time cost : 0.33892 sec
validation time cost : 0.33838 sec
