Task 19: config=3 fold=4 batch_size=32 emb_dim=256 mij_source=alff_pcc combat=no
The Zen of Python, by Tim Peters

Beautiful is better than ugly.
Explicit is better than implicit.
Simple is better than complex.
Complex is better than complicated.
Flat is better than nested.
Sparse is better than dense.
Readability counts.
Special cases aren't special enough to break the rules.
Although practicality beats purity.
Errors should never pass silently.
Unless explicitly silenced.
In the face of ambiguity, refuse the temptation to guess.
There should be one-- and preferably only one --obvious way to do it.
Although that way may not be obvious at first unless you're Dutch.
Now is better than never.
Although never is often better than *right* now.
If the implementation is hard to explain, it's a bad idea.
If the implementation is easy to explain, it may be a good idea.
Namespaces are one honking great idea -- let's do more of those!
validation time cost : 0.18648 sec
validation time cost : 0.18564 sec
validation time cost : 0.18986 sec
validation time cost : 0.19482 sec
validation time cost : 0.19032 sec
validation time cost : 0.19715 sec
validation time cost : 0.18956 sec
validation time cost : 0.23606 sec
validation time cost : 0.18824 sec
validation time cost : 0.19456 sec
validation time cost : 0.18916 sec
validation time cost : 0.19459 sec
validation time cost : 0.19620 sec
validation time cost : 0.18952 sec
validation time cost : 0.18932 sec
validation time cost : 0.19540 sec
validation time cost : 0.18419 sec
validation time cost : 0.20059 sec
validation time cost : 0.18328 sec
validation time cost : 0.18502 sec
validation time cost : 0.18246 sec
validation time cost : 0.18341 sec
validation time cost : 0.18629 sec
validation time cost : 0.19772 sec
validation time cost : 0.18173 sec
validation time cost : 0.18829 sec
validation time cost : 0.18686 sec
validation time cost : 0.19918 sec
validation time cost : 0.19264 sec
validation time cost : 0.18807 sec
validation time cost : 0.18597 sec
validation time cost : 0.19244 sec
validation time cost : 0.18436 sec
validation time cost : 0.18653 sec
validation time cost : 0.18263 sec
validation time cost : 0.18703 sec
validation time cost : 0.18462 sec
validation time cost : 0.20619 sec
validation time cost : 0.18385 sec
validation time cost : 0.18201 sec
validation time cost : 0.19003 sec
validation time cost : 0.20552 sec
validation time cost : 0.18381 sec
validation time cost : 0.18238 sec
validation time cost : 0.18242 sec
validation time cost : 0.19909 sec
validation time cost : 0.18263 sec
validation time cost : 0.18593 sec
validation time cost : 0.18176 sec
validation time cost : 0.19861 sec
validation time cost : 0.18735 sec
validation time cost : 0.18236 sec
validation time cost : 0.18428 sec
validation time cost : 0.19434 sec
validation time cost : 0.18618 sec
validation time cost : 0.18387 sec
validation time cost : 0.18576 sec
validation time cost : 0.18761 sec
validation time cost : 0.18353 sec
validation time cost : 0.18265 sec
