Task 26: config=5 fold=1 batch_size=128 emb_dim=512 mij_source=alff_pcc combat=yes
The Zen of Python, by Tim Peters

Beautiful is better than ugly.
Explicit is better than implicit.
Simple is better than complex.
Complex is better than complicated.
Flat is better than nested.
Sparse is better than dense.
Readability counts.
Special cases aren't special enough to break the rules.
Although practicality beats purity.
Errors should never pass silently.
Unless explicitly silenced.
In the face of ambiguity, refuse the temptation to guess.
There should be one-- and preferably only one --obvious way to do it.
Although that way may not be obvious at first unless you're Dutch.
Now is better than never.
Although never is often better than *right* now.
If the implementation is hard to explain, it's a bad idea.
If the implementation is easy to explain, it may be a good idea.
Namespaces are one honking great idea -- let's do more of those!
validation time cost : 0.19318 sec
validation time cost : 0.19709 sec
validation time cost : 0.19592 sec
validation time cost : 0.19296 sec
validation time cost : 0.18086 sec
validation time cost : 0.18429 sec
validation time cost : 0.18494 sec
validation time cost : 0.18248 sec
validation time cost : 0.18653 sec
validation time cost : 0.18614 sec
validation time cost : 0.18583 sec
validation time cost : 0.18578 sec
validation time cost : 0.18534 sec
validation time cost : 0.18368 sec
validation time cost : 0.18287 sec
validation time cost : 0.17991 sec
validation time cost : 0.17925 sec
validation time cost : 0.17978 sec
validation time cost : 0.18308 sec
validation time cost : 0.18420 sec
validation time cost : 0.18238 sec
validation time cost : 0.18300 sec
validation time cost : 0.18488 sec
validation time cost : 0.18473 sec
validation time cost : 0.18302 sec
validation time cost : 0.18486 sec
validation time cost : 0.18424 sec
validation time cost : 0.18412 sec
validation time cost : 0.18790 sec
validation time cost : 0.18498 sec
validation time cost : 0.18375 sec
validation time cost : 0.18323 sec
validation time cost : 0.18447 sec
validation time cost : 0.18283 sec
validation time cost : 0.17958 sec
validation time cost : 0.18307 sec
validation time cost : 0.18109 sec
validation time cost : 0.18501 sec
validation time cost : 0.18278 sec
validation time cost : 0.18298 sec
validation time cost : 0.18653 sec
validation time cost : 0.18318 sec
validation time cost : 0.18592 sec
validation time cost : 0.18323 sec
validation time cost : 0.18473 sec
validation time cost : 0.18341 sec
validation time cost : 0.18419 sec
validation time cost : 0.18281 sec
validation time cost : 0.18294 sec
validation time cost : 0.18340 sec
validation time cost : 0.19283 sec
validation time cost : 0.19437 sec
validation time cost : 0.18314 sec
validation time cost : 0.18291 sec
validation time cost : 0.18264 sec
validation time cost : 0.18242 sec
validation time cost : 0.18327 sec
validation time cost : 0.18356 sec
validation time cost : 0.17920 sec
validation time cost : 0.18219 sec
