Task 57: config=11 fold=2 batch_size=256 emb_dim=256 mij_source=alff_pcc combat=yes
The Zen of Python, by Tim Peters

Beautiful is better than ugly.
Explicit is better than implicit.
Simple is better than complex.
Complex is better than complicated.
Flat is better than nested.
Sparse is better than dense.
Readability counts.
Special cases aren't special enough to break the rules.
Although practicality beats purity.
Errors should never pass silently.
Unless explicitly silenced.
In the face of ambiguity, refuse the temptation to guess.
There should be one-- and preferably only one --obvious way to do it.
Although that way may not be obvious at first unless you're Dutch.
Now is better than never.
Although never is often better than *right* now.
If the implementation is hard to explain, it's a bad idea.
If the implementation is easy to explain, it may be a good idea.
Namespaces are one honking great idea -- let's do more of those!
validation time cost : 0.20157 sec
validation time cost : 0.19429 sec
validation time cost : 0.19788 sec
validation time cost : 0.19738 sec
validation time cost : 0.19202 sec
validation time cost : 0.19065 sec
validation time cost : 0.18995 sec
validation time cost : 0.19030 sec
validation time cost : 0.19194 sec
validation time cost : 0.20343 sec
validation time cost : 0.20878 sec
validation time cost : 0.19008 sec
validation time cost : 0.19502 sec
validation time cost : 0.18203 sec
validation time cost : 0.18222 sec
validation time cost : 0.19738 sec
validation time cost : 0.18179 sec
validation time cost : 0.19023 sec
validation time cost : 0.18005 sec
validation time cost : 0.19087 sec
validation time cost : 0.20081 sec
validation time cost : 0.21265 sec
validation time cost : 0.20617 sec
validation time cost : 0.18513 sec
validation time cost : 0.20107 sec
validation time cost : 0.19499 sec
validation time cost : 0.19184 sec
validation time cost : 0.20035 sec
validation time cost : 0.18656 sec
validation time cost : 0.18346 sec
validation time cost : 0.18943 sec
validation time cost : 0.18330 sec
validation time cost : 0.20064 sec
validation time cost : 0.20030 sec
validation time cost : 0.20791 sec
validation time cost : 0.19987 sec
validation time cost : 0.18980 sec
validation time cost : 0.19424 sec
validation time cost : 0.19316 sec
validation time cost : 0.20705 sec
validation time cost : 0.19325 sec
validation time cost : 0.17876 sec
validation time cost : 0.18541 sec
validation time cost : 0.17612 sec
validation time cost : 0.19243 sec
validation time cost : 0.20489 sec
validation time cost : 0.19913 sec
validation time cost : 0.19659 sec
validation time cost : 0.19688 sec
validation time cost : 0.20218 sec
validation time cost : 0.19283 sec
validation time cost : 0.18909 sec
validation time cost : 0.18735 sec
validation time cost : 0.18013 sec
validation time cost : 0.18940 sec
validation time cost : 0.18569 sec
validation time cost : 0.19585 sec
validation time cost : 0.18115 sec
validation time cost : 0.18792 sec
validation time cost : 0.18899 sec
