08-Aug-26 20:41:57 - Using Device: cuda
08-Aug-26 20:41:57 - Seed: 123, Fold: 4, ComBat: False
08-Aug-26 20:41:57 - Namespace(fold=4, combat=False, num_dyn_windows=3, model_lr=0.0005, view_lr=0.0005, num_gc_layers=2, pooling_type='standard', emb_dim=256, vib_hidden_dim=400, batch_size=32, drop_ratio=0.3, epochs=300, kld_lambda=0.003, reg_lambda=0.2, gamma_mode='paper_literal', node_feature_mode='alff_pcc', mij_source='alff_pcc', template=90, eval_interval=5, downstream_classifier='linear', ce_lambda=2.0, seed=123)
08-Aug-26 20:41:57 - Loading raw subject data...
08-Aug-26 20:44:17 - Loaded 956 subjects (455 ASD, 501 NC)
08-Aug-26 20:44:17 - alff_pcc scale stats (train_val_idx only): alff=[-3.5994,5.5910] pcc=[-0.6994,1.0000]
08-Aug-26 20:44:17 - Train/Val/Test sizes: 612/153/191
08-Aug-26 20:45:17 - Epoch 1, Model Loss -0.6053909616532669, View Loss -6.165744740978565, Reg 0.24477589432320562
08-Aug-26 20:46:15 - Epoch 2, Model Loss -1.122365085128086, View Loss -3.9199704407087337, Reg 0.16891079654101454
08-Aug-26 20:47:14 - Epoch 3, Model Loss -1.1992700832342011, View Loss -3.6951097413605334, Reg 0.15773025427768433
08-Aug-26 20:48:12 - Epoch 4, Model Loss -1.0979589917301353, View Loss -3.4637723561205895, Reg 0.19899614944177516
08-Aug-26 20:49:11 - Epoch 5, Model Loss -1.2186813260994704, View Loss -3.0631073783425724, Reg 0.1816903579663607
08-Aug-26 20:49:26 - Epoch 5: Train_acc 0.7222222222222222 Val_acc 0.5686274509803921 Test_acc 0.6230366492146597 Test_auc 0.630989010989011
08-Aug-26 20:50:25 - Epoch 6, Model Loss -1.2684504159914902, View Loss -2.8686576201245675, Reg 0.1560925955281538
08-Aug-26 20:51:23 - Epoch 7, Model Loss -1.2726534176496118, View Loss -2.6970754199557834, Reg 0.15985107080998764
08-Aug-26 20:52:22 - Epoch 8, Model Loss -1.3186357255075492, View Loss -2.6865908242518604, Reg 0.15713275111968222
08-Aug-26 20:53:20 - Epoch 9, Model Loss -1.3303940592248455, View Loss -2.614001071531009, Reg 0.15729955091975092
08-Aug-26 20:54:19 - Epoch 10, Model Loss -1.2934269032447168, View Loss -2.539835290971145, Reg 0.1642097392502953
08-Aug-26 20:54:24 - Epoch 10: Train_acc 0.8839869281045751 Val_acc 0.5620915032679739 Test_acc 0.581151832460733 Test_auc 0.5887912087912088
08-Aug-26 20:55:23 - Epoch 11, Model Loss -1.325651137657415, View Loss -2.5758356331220638, Reg 0.16500186569550457
08-Aug-26 20:56:21 - Epoch 12, Model Loss -1.3326129103018567, View Loss -2.569651006873137, Reg 0.16201522673656737
08-Aug-26 20:57:20 - Epoch 13, Model Loss -1.3583225019617018, View Loss -2.550862315433477, Reg 0.16392713999436573
08-Aug-26 20:58:18 - Epoch 14, Model Loss -1.3590582429973128, View Loss -2.520851063572503, Reg 0.16398637590844647
08-Aug-26 20:59:17 - Epoch 15, Model Loss -1.3575759837829988, View Loss -2.5006372320885752, Reg 0.16799295620591032
08-Aug-26 20:59:21 - Epoch 15: Train_acc 0.7434640522875817 Val_acc 0.6013071895424836 Test_acc 0.612565445026178 Test_auc 0.6102197802197802
08-Aug-26 21:00:19 - Epoch 16, Model Loss -1.3650813944199507, View Loss -2.451087079016991, Reg 0.16743944945678213
08-Aug-26 21:01:18 - Epoch 17, Model Loss -1.3747276013193568, View Loss -2.470932281095218, Reg 0.167407113255239
08-Aug-26 21:02:17 - Epoch 18, Model Loss -1.3866369615193286, View Loss -2.4796008565067464, Reg 0.16621624731939602
08-Aug-26 21:03:15 - Epoch 19, Model Loss -1.389902488858092, View Loss -2.435258753159467, Reg 0.16631312989721111
08-Aug-26 21:04:14 - Epoch 20, Model Loss -1.3765839938244788, View Loss -2.384412749920016, Reg 0.16677900681308672
08-Aug-26 21:04:20 - Epoch 20: Train_acc 0.7401960784313726 Val_acc 0.6013071895424836 Test_acc 0.612565445026178 Test_auc 0.6170329670329671
08-Aug-26 21:05:19 - Epoch 21, Model Loss -1.3825354513779184, View Loss -2.4059034204171375, Reg 0.1681007099112654
08-Aug-26 21:06:17 - Epoch 22, Model Loss -1.390279196446238, View Loss -2.3986592012293197, Reg 0.16983417105051427
08-Aug-26 21:07:16 - Epoch 23, Model Loss -1.416505894629784, View Loss -2.4003298204708723, Reg 0.1688088388030046
08-Aug-26 21:08:15 - Epoch 24, Model Loss -1.3991388620114793, View Loss -2.386638504227782, Reg 0.16456213710354825
08-Aug-26 21:09:13 - Epoch 25, Model Loss -1.4082341287650315, View Loss -2.3656744956970215, Reg 0.16791148931761973
08-Aug-26 21:09:20 - Epoch 25: Train_acc 0.7450980392156863 Val_acc 0.5686274509803921 Test_acc 0.612565445026178 Test_auc 0.6330769230769231
08-Aug-26 21:10:19 - Epoch 26, Model Loss -1.4103179507785373, View Loss -2.3935703452116526, Reg 0.16677148357715482
08-Aug-26 21:11:17 - Epoch 27, Model Loss -1.415829889135423, View Loss -2.369454692391788, Reg 0.16650070668825137
08-Aug-26 21:12:16 - Epoch 28, Model Loss -1.4130110584832485, View Loss -2.374254370047376, Reg 0.16345864719425152
08-Aug-26 21:13:15 - Epoch 29, Model Loss -1.409038213343402, View Loss -2.3565428802390502, Reg 0.1683480423065572
08-Aug-26 21:14:13 - Epoch 30, Model Loss -1.4148790041605632, View Loss -2.360244180641922, Reg 0.16447614717717265
/users/3171356m/miniconda3/envs/grastiacl/lib/python3.12/site-packages/joblib/externals/loky/process_executor.py:782: UserWarning: A worker stopped while some jobs were given to the executor. This can be caused by a too short worker timeout or by a memory leak.
  warnings.warn(
08-Aug-26 21:14:21 - Epoch 30: Train_acc 0.7303921568627451 Val_acc 0.6013071895424836 Test_acc 0.5968586387434555 Test_auc 0.6287912087912088
08-Aug-26 21:15:20 - Epoch 31, Model Loss -1.4198077893724628, View Loss -2.31675750134038, Reg 0.16433619474079095
08-Aug-26 21:16:18 - Epoch 32, Model Loss -1.4304608924716127, View Loss -2.3304551535961675, Reg 0.17000033394768346
08-Aug-26 21:17:17 - Epoch 33, Model Loss -1.4198501998302984, View Loss -2.3134985655740974, Reg 0.16568594002256207
08-Aug-26 21:18:15 - Epoch 34, Model Loss -1.423576411078958, View Loss -2.28620520448373, Reg 0.1699692389739105
08-Aug-26 21:19:14 - Epoch 35, Model Loss -1.4320339128082873, View Loss -2.2937837426179373, Reg 0.16500726420115802
08-Aug-26 21:19:23 - Epoch 35: Train_acc 0.7287581699346405 Val_acc 0.6143790849673203 Test_acc 0.5863874345549738 Test_auc 0.6028571428571429
08-Aug-26 21:20:21 - Epoch 36, Model Loss -1.4361233929403467, View Loss -2.4060489741805333, Reg 0.16451695366622576
08-Aug-26 21:21:20 - Epoch 37, Model Loss -1.4182116346421585, View Loss -2.229744016734603, Reg 0.16385575379031936
08-Aug-26 21:22:19 - Epoch 38, Model Loss -1.4399376258351444, View Loss -2.301282505583919, Reg 0.16473322347098707
08-Aug-26 21:23:17 - Epoch 39, Model Loss -1.4343081798428803, View Loss -2.30930974125083, Reg 0.16539950542200624
08-Aug-26 21:24:16 - Epoch 40, Model Loss -1.4336315260993109, View Loss -2.279225006602169, Reg 0.1639695157802183
/users/3171356m/miniconda3/envs/grastiacl/lib/python3.12/site-packages/joblib/externals/loky/process_executor.py:782: UserWarning: A worker stopped while some jobs were given to the executor. This can be caused by a too short worker timeout or by a memory leak.
  warnings.warn(
08-Aug-26 21:24:33 - Epoch 40: Train_acc 0.7254901960784313 Val_acc 0.6078431372549019 Test_acc 0.5706806282722513 Test_auc 0.6116483516483516
08-Aug-26 21:25:31 - Epoch 41, Model Loss -1.4423099405625288, View Loss -2.2549112450842763, Reg 0.16618902348225412
08-Aug-26 21:26:30 - Epoch 42, Model Loss -1.4274356754776698, View Loss -2.271081157759124, Reg 0.1650659807172476
08-Aug-26 21:27:29 - Epoch 43, Model Loss -1.4491015571394776, View Loss -2.2567756659065195, Reg 0.16487247433537752
08-Aug-26 21:28:27 - Epoch 44, Model Loss -1.4476373429391898, View Loss -2.2560356800852257, Reg 0.16437000318679934
08-Aug-26 21:29:26 - Epoch 45, Model Loss -1.454726150612426, View Loss -2.260212359085582, Reg 0.1639970154349321
08-Aug-26 21:29:41 - Epoch 45: Train_acc 0.7238562091503268 Val_acc 0.6143790849673203 Test_acc 0.581151832460733 Test_auc 0.6071428571428571
08-Aug-26 21:30:40 - Epoch 46, Model Loss -1.4474373424754423, View Loss -2.2400758749519296, Reg 0.16457526259172975
08-Aug-26 21:31:39 - Epoch 47, Model Loss -1.448717659594966, View Loss -2.3054534999373693, Reg 0.1660358109115775
08-Aug-26 21:32:37 - Epoch 48, Model Loss -1.4596243465647978, View Loss -2.2732924573561726, Reg 0.1645766531719881
08-Aug-26 21:33:36 - Epoch 49, Model Loss -1.4486050730437234, View Loss -2.2726951923245697, Reg 0.16528134291468102
08-Aug-26 21:34:35 - Epoch 50, Model Loss -1.4523808348412608, View Loss -2.2014373891493855, Reg 0.1631621200274798
08-Aug-26 21:34:50 - Epoch 50: Train_acc 0.7271241830065359 Val_acc 0.5947712418300654 Test_acc 0.612565445026178 Test_auc 0.6234065934065934
08-Aug-26 21:35:48 - Epoch 51, Model Loss -1.4582689509672278, View Loss -2.2493529537923975, Reg 0.1631859838962555
08-Aug-26 21:36:47 - Epoch 52, Model Loss -1.4638887324364356, View Loss -2.2312401135762534, Reg 0.16434243146110983
08-Aug-26 21:37:45 - Epoch 53, Model Loss -1.4549589219436148, View Loss -2.20374419954088, Reg 0.16332503627328313
08-Aug-26 21:38:44 - Epoch 54, Model Loss -1.4569107442120321, View Loss -2.1715403195300134, Reg 0.16348827508539934
08-Aug-26 21:39:43 - Epoch 55, Model Loss -1.4558019700393179, View Loss -2.2151983485502353, Reg 0.16339562565477844
08-Aug-26 21:39:50 - Epoch 55: Train_acc 0.7336601307189542 Val_acc 0.5882352941176471 Test_acc 0.5759162303664922 Test_auc 0.6193406593406593
08-Aug-26 21:40:48 - Epoch 56, Model Loss -1.4646194246080186, View Loss -2.2178942549462413, Reg 0.1634060869029924
08-Aug-26 21:41:47 - Epoch 57, Model Loss -1.440906013538635, View Loss -2.2133118810217365, Reg 0.16566225555207995
08-Aug-26 21:42:45 - Epoch 58, Model Loss -1.4633793986700718, View Loss -2.214969245436924, Reg 0.16279744473742505
08-Aug-26 21:43:44 - Epoch 59, Model Loss -1.4628684536304348, View Loss -2.1820248778349436, Reg 0.16267352994360956
08-Aug-26 21:44:42 - Epoch 60, Model Loss -1.4603776495441112, View Loss -2.1787393669676938, Reg 0.1621526064825993
08-Aug-26 21:44:52 - Epoch 60: Train_acc 0.8660130718954249 Val_acc 0.49673202614379086 Test_acc 0.5549738219895288 Test_auc 0.540989010989011
08-Aug-26 21:45:50 - Epoch 61, Model Loss -1.4635620491177428, View Loss -2.1907201685936624, Reg 0.16390561551050423
08-Aug-26 21:46:49 - Epoch 62, Model Loss -1.4692418435040642, View Loss -2.212372764263278, Reg 0.1631047014707054
08-Aug-26 21:47:47 - Epoch 63, Model Loss -1.4547641635720248, View Loss -2.124438952776342, Reg 0.16245519686368556
08-Aug-26 21:48:46 - Epoch 64, Model Loss -1.4620438370050168, View Loss -2.168822506673975, Reg 0.1643300089571211
08-Aug-26 21:49:45 - Epoch 65, Model Loss -1.470831995696024, View Loss -2.199034357382581, Reg 0.16174359863100488
08-Aug-26 21:49:56 - Epoch 65: Train_acc 0.7434640522875817 Val_acc 0.6405228758169934 Test_acc 0.5916230366492147 Test_auc 0.607032967032967
08-Aug-26 21:50:54 - Epoch 66, Model Loss -1.477891610338797, View Loss -2.2071015694562126, Reg 0.16262110853506848
08-Aug-26 21:51:52 - Epoch 67, Model Loss -1.4788960974200878, View Loss -2.2192595612769033, Reg 0.1625894066555048
08-Aug-26 21:52:51 - Epoch 68, Model Loss -1.4705867362178229, View Loss -2.1737265275194755, Reg 0.16138374006826114
08-Aug-26 21:53:49 - Epoch 69, Model Loss -1.4813760526819166, View Loss -2.186451768563464, Reg 0.16078688720472498
08-Aug-26 21:54:47 - Epoch 70, Model Loss -1.4757994701659758, View Loss -2.2001843545951094, Reg 0.16415307549090166
08-Aug-26 21:54:56 - Epoch 70: Train_acc 0.738562091503268 Val_acc 0.5882352941176471 Test_acc 0.6073298429319371 Test_auc 0.6224175824175824
08-Aug-26 21:55:54 - Epoch 71, Model Loss -1.4752822732613757, View Loss -2.199576091143041, Reg 0.16202470290115456
08-Aug-26 21:56:52 - Epoch 72, Model Loss -1.4806080207326053, View Loss -2.2454461178748435, Reg 0.16269755441378925
08-Aug-26 21:57:50 - Epoch 73, Model Loss -1.4848163205813738, View Loss -2.1809360279756436, Reg 0.16118035100254358
08-Aug-26 21:58:48 - Epoch 74, Model Loss -1.4879738926108366, View Loss -2.1874166843937894, Reg 0.16231521126491572
08-Aug-26 21:59:45 - Epoch 75, Model Loss -1.4789746072557237, View Loss -2.1600394560620675, Reg 0.16175554624569963
08-Aug-26 21:59:53 - Epoch 75: Train_acc 0.7336601307189542 Val_acc 0.6013071895424836 Test_acc 0.5863874345549738 Test_auc 0.6203296703296703
08-Aug-26 22:00:50 - Epoch 76, Model Loss -1.4832089430366466, View Loss -2.156683663137598, Reg 0.16343301476216784
08-Aug-26 22:01:46 - Epoch 77, Model Loss -1.4771195205987668, View Loss -2.1513433051265145, Reg 0.16153364117239036
08-Aug-26 22:02:43 - Epoch 78, Model Loss -1.4779768177107269, View Loss -2.2004628025628383, Reg 0.16177253804954828
08-Aug-26 22:03:39 - Epoch 79, Model Loss -1.484846800760506, View Loss -2.164865297429702, Reg 0.1598652485344145
08-Aug-26 22:04:36 - Epoch 80, Model Loss -1.4762809479158687, View Loss -2.1265174797157838, Reg 0.16257976394852783
08-Aug-26 22:04:48 - Epoch 80: Train_acc 0.7320261437908496 Val_acc 0.5882352941176471 Test_acc 0.581151832460733 Test_auc 0.6210989010989011
08-Aug-26 22:05:45 - Epoch 81, Model Loss -1.4882469177246094, View Loss -2.1642997155781667, Reg 0.1632856302985958
08-Aug-26 22:06:41 - Epoch 82, Model Loss -1.472526746637681, View Loss -2.140228737413494, Reg 0.16209148513335808
08-Aug-26 22:07:37 - Epoch 83, Model Loss -1.4832475076313891, View Loss -2.1474577741685255, Reg 0.1629080329260795
08-Aug-26 22:08:34 - Epoch 84, Model Loss -1.480982746174133, View Loss -2.1563165452745228, Reg 0.16367657969590105
08-Aug-26 22:09:30 - Epoch 85, Model Loss -1.4812174903021917, View Loss -2.166868259704191, Reg 0.16271167633190653
08-Aug-26 22:09:38 - Epoch 85: Train_acc 0.7238562091503268 Val_acc 0.6013071895424836 Test_acc 0.5968586387434555 Test_auc 0.6291208791208791
08-Aug-26 22:10:34 - Epoch 86, Model Loss -1.4799759621713675, View Loss -2.1004492410647324, Reg 0.1627817087703281
08-Aug-26 22:11:31 - Epoch 87, Model Loss -1.4829701068354588, View Loss -2.144932397829941, Reg 0.16300035555378284
08-Aug-26 22:12:27 - Epoch 88, Model Loss -1.4835144273595873, View Loss -2.159256804223154, Reg 0.1609221165086709
08-Aug-26 22:13:24 - Epoch 89, Model Loss -1.4872997570661157, View Loss -2.174277311836193, Reg 0.16324774317102494
08-Aug-26 22:14:20 - Epoch 90, Model Loss -1.4811491997413386, View Loss -2.1419256995705998, Reg 0.16222167891614578
08-Aug-26 22:14:26 - Epoch 90: Train_acc 0.7352941176470589 Val_acc 0.5816993464052288 Test_acc 0.5706806282722513 Test_auc 0.6058241758241759
08-Aug-26 22:15:23 - Epoch 91, Model Loss -1.494494880726135, View Loss -2.1686606594160494, Reg 0.16226962481448853
08-Aug-26 22:16:19 - Epoch 92, Model Loss -1.4811137361464157, View Loss -2.1612651052038654, Reg 0.16291817204624998
08-Aug-26 22:17:16 - Epoch 93, Model Loss -1.4806749649297177, View Loss -2.095959828569998, Reg 0.16327096770207086
08-Aug-26 22:18:12 - Epoch 94, Model Loss -1.4811486138237848, View Loss -2.147146807776557, Reg 0.16116433663695467
08-Aug-26 22:19:08 - Epoch 95, Model Loss -1.4754671333662046, View Loss -2.0906895874372493, Reg 0.16335206483703812
08-Aug-26 22:19:18 - Epoch 95: Train_acc 0.7254901960784313 Val_acc 0.6013071895424836 Test_acc 0.5916230366492147 Test_auc 0.6208791208791208
08-Aug-26 22:20:14 - Epoch 96, Model Loss -1.4775584694606807, View Loss -2.129374952877269, Reg 0.16078039185673582
08-Aug-26 22:21:11 - Epoch 97, Model Loss -1.477692632114186, View Loss -2.13953381270365, Reg 0.16033550493078294
08-Aug-26 22:22:07 - Epoch 98, Model Loss -1.4857569488824582, View Loss -2.1599431598887726, Reg 0.16301652126842076
08-Aug-26 22:23:03 - Epoch 99, Model Loss -1.4938780965368732, View Loss -2.1836256980895996, Reg 0.16256597550476298
08-Aug-26 22:24:00 - Epoch 100, Model Loss -1.475483093386382, View Loss -2.1329860250934276, Reg 0.16263447925935384
08-Aug-26 22:24:12 - Epoch 100: Train_acc 0.7320261437908496 Val_acc 0.6143790849673203 Test_acc 0.5602094240837696 Test_auc 0.6024175824175824
08-Aug-26 22:25:09 - Epoch 101, Model Loss -1.4848334555532419, View Loss -2.1361758880365906, Reg 0.16367467254205467
08-Aug-26 22:26:05 - Epoch 102, Model Loss -1.4849983757617427, View Loss -2.13434068206089, Reg 0.16092152065700954
08-Aug-26 22:27:01 - Epoch 103, Model Loss -1.488517923292771, View Loss -2.169094091926525, Reg 0.16386158287135605
08-Aug-26 22:27:58 - Epoch 104, Model Loss -1.487416332843257, View Loss -2.116683956844355, Reg 0.16226017669914594
08-Aug-26 22:28:54 - Epoch 105, Model Loss -1.483545895495446, View Loss -2.100326672098995, Reg 0.1620441420015946
08-Aug-26 22:29:04 - Epoch 105: Train_acc 0.7254901960784313 Val_acc 0.5947712418300654 Test_acc 0.5759162303664922 Test_auc 0.61989010989011
08-Aug-26 22:30:01 - Epoch 106, Model Loss -1.4876659804699468, View Loss -2.154262558307523, Reg 0.16371223622677372
08-Aug-26 22:30:57 - Epoch 107, Model Loss -1.4906453836977092, View Loss -2.155999358183418, Reg 0.16110194683854095
08-Aug-26 22:31:53 - Epoch 108, Model Loss -1.4902462834626242, View Loss -2.1106124142416163, Reg 0.1630551627064063
08-Aug-26 22:32:50 - Epoch 109, Model Loss -1.496447912228653, View Loss -2.152199925940021, Reg 0.16115053368160148
08-Aug-26 22:33:46 - Epoch 110, Model Loss -1.490246542138991, View Loss -2.128813486473233, Reg 0.16215314336267173
08-Aug-26 22:33:57 - Epoch 110: Train_acc 0.7238562091503268 Val_acc 0.6078431372549019 Test_acc 0.5445026178010471 Test_auc 0.6075824175824176
08-Aug-26 22:34:53 - Epoch 111, Model Loss -1.488913118449691, View Loss -2.1333889867745195, Reg 0.16234119479952294
08-Aug-26 22:35:50 - Epoch 112, Model Loss -1.4959867171991885, View Loss -2.1446705970888824, Reg 0.16164048429992464
08-Aug-26 22:36:46 - Epoch 113, Model Loss -1.500679720460979, View Loss -2.1569125200408736, Reg 0.1622932125248161
08-Aug-26 22:37:42 - Epoch 114, Model Loss -1.4975716179492427, View Loss -2.1773799011130737, Reg 0.16017211418525845
08-Aug-26 22:38:39 - Epoch 115, Model Loss -1.4953516542521956, View Loss -2.1298457687976313, Reg 0.16326597576437432
08-Aug-26 22:38:44 - Epoch 115: Train_acc 0.8594771241830066 Val_acc 0.49019607843137253 Test_acc 0.5287958115183246 Test_auc 0.5182417582417582
08-Aug-26 22:39:41 - Epoch 116, Model Loss -1.4896237491782194, View Loss -2.1407819853888617, Reg 0.16134859192994686
08-Aug-26 22:40:37 - Epoch 117, Model Loss -1.4962221999573553, View Loss -2.1789617818944595, Reg 0.1587683976280923
08-Aug-26 22:41:33 - Epoch 118, Model Loss -1.50350798812567, View Loss -2.183559084250257, Reg 0.16451038877948437
08-Aug-26 22:42:30 - Epoch 119, Model Loss -1.4962018019233654, View Loss -2.123999218535579, Reg 0.1616497835497451
08-Aug-26 22:43:26 - Epoch 120, Model Loss -1.5019045998068417, View Loss -2.154284265306261, Reg 0.16290137327574436
08-Aug-26 22:43:40 - Epoch 120: Train_acc 0.7222222222222222 Val_acc 0.5816993464052288 Test_acc 0.581151832460733 Test_auc 0.6207692307692307
08-Aug-26 22:44:37 - Epoch 121, Model Loss -1.503265920028188, View Loss -2.1542606603086383, Reg 0.1617423543353486
08-Aug-26 22:45:33 - Epoch 122, Model Loss -1.5058296490338892, View Loss -2.155565685696072, Reg 0.1613348426382526
08-Aug-26 22:46:29 - Epoch 123, Model Loss -1.5093942467683281, View Loss -2.1700611021004472, Reg 0.16140561224588382
08-Aug-26 22:47:26 - Epoch 124, Model Loss -1.5052092402589088, View Loss -2.175259050980113, Reg 0.1635061184954799
08-Aug-26 22:48:22 - Epoch 125, Model Loss -1.5026965639949623, View Loss -2.175486405690511, Reg 0.15943850489223704
08-Aug-26 22:48:35 - Epoch 125: Train_acc 0.7271241830065359 Val_acc 0.6013071895424836 Test_acc 0.612565445026178 Test_auc 0.6361538461538462
08-Aug-26 22:49:32 - Epoch 126, Model Loss -1.4969902630724938, View Loss -2.1327914132012262, Reg 0.16344611570726034
08-Aug-26 22:50:28 - Epoch 127, Model Loss -1.5093824068705242, View Loss -2.1670415853363236, Reg 0.1620565719074673
08-Aug-26 22:51:24 - Epoch 128, Model Loss -1.5103360344381893, View Loss -2.1610898722231, Reg 0.16265572252032023
08-Aug-26 22:52:21 - Epoch 129, Model Loss -1.5119634952420502, View Loss -2.1768186357286243, Reg 0.16120095619189193
08-Aug-26 22:53:17 - Epoch 130, Model Loss -1.5063147357865876, View Loss -2.143612378562977, Reg 0.16307507737789279
08-Aug-26 22:53:25 - Epoch 130: Train_acc 0.8415032679738562 Val_acc 0.49019607843137253 Test_acc 0.518324607329843 Test_auc 0.5298901098901099
08-Aug-26 22:54:21 - Epoch 131, Model Loss -1.508155158921784, View Loss -2.157222853766547, Reg 0.1613888273052141
08-Aug-26 22:55:17 - Epoch 132, Model Loss -1.50561289693795, View Loss -2.1498635796939625, Reg 0.16132201853336073
08-Aug-26 22:56:14 - Epoch 133, Model Loss -1.5099042879989724, View Loss -2.1594917540456735, Reg 0.16193627765755247
08-Aug-26 22:57:10 - Epoch 134, Model Loss -1.5106645160251193, View Loss -2.161610360239066, Reg 0.16264754874643936
08-Aug-26 22:58:06 - Epoch 135, Model Loss -1.510390923693289, View Loss -2.1731449388990214, Reg 0.16068390391620935
08-Aug-26 22:58:13 - Epoch 135: Train_acc 0.7320261437908496 Val_acc 0.5751633986928104 Test_acc 0.6020942408376964 Test_auc 0.6305494505494506
08-Aug-26 22:59:09 - Epoch 136, Model Loss -1.5042556002249126, View Loss -2.1362278726365833, Reg 0.16069076780010672
08-Aug-26 23:00:06 - Epoch 137, Model Loss -1.5023030704922147, View Loss -2.14487048379736, Reg 0.1637011338877522
08-Aug-26 23:01:02 - Epoch 138, Model Loss -1.4982677908504711, View Loss -2.075053698097179, Reg 0.1609092352826611
08-Aug-26 23:01:58 - Epoch 139, Model Loss -1.5023268469018873, View Loss -2.1531503153782263, Reg 0.16283868438278148
08-Aug-26 23:02:55 - Epoch 140, Model Loss -1.5060031772438998, View Loss -2.1343423681321485, Reg 0.16069148802289776
08-Aug-26 23:03:04 - Epoch 140: Train_acc 0.7107843137254902 Val_acc 0.5882352941176471 Test_acc 0.581151832460733 Test_auc 0.6137362637362638
08-Aug-26 23:04:00 - Epoch 141, Model Loss -1.5081241084080117, View Loss -2.147277180665459, Reg 0.16149892390163895
08-Aug-26 23:04:56 - Epoch 142, Model Loss -1.5104010214213452, View Loss -2.144175545062894, Reg 0.1622683492556117
08-Aug-26 23:05:53 - Epoch 143, Model Loss -1.5103425667955985, View Loss -2.133830858991037, Reg 0.16137164577939153
08-Aug-26 23:06:49 - Epoch 144, Model Loss -1.5016209346796172, View Loss -2.119386289633957, Reg 0.161803198990479
08-Aug-26 23:07:46 - Epoch 145, Model Loss -1.5193857305190142, View Loss -2.1629387194814247, Reg 0.16300678331088397
08-Aug-26 23:07:58 - Epoch 145: Train_acc 0.704248366013072 Val_acc 0.6078431372549019 Test_acc 0.5706806282722513 Test_auc 0.6157142857142858
08-Aug-26 23:08:54 - Epoch 146, Model Loss -1.5117257124458263, View Loss -2.155983504127054, Reg 0.16338754966368083
08-Aug-26 23:09:50 - Epoch 147, Model Loss -1.5146143265019834, View Loss -2.119983847624336, Reg 0.16238131661430683
08-Aug-26 23:10:47 - Epoch 148, Model Loss -1.5060887741886713, View Loss -2.1137176307977414, Reg 0.16256196894287284
08-Aug-26 23:11:43 - Epoch 149, Model Loss -1.5123119229584738, View Loss -2.1382866965399847, Reg 0.1613543477712893
08-Aug-26 23:12:40 - Epoch 150, Model Loss -1.507751439911088, View Loss -2.132059373107611, Reg 0.16150994209292668
08-Aug-26 23:12:46 - Epoch 150: Train_acc 0.7189542483660131 Val_acc 0.6143790849673203 Test_acc 0.581151832460733 Test_auc 0.6114285714285714
08-Aug-26 23:13:42 - Epoch 151, Model Loss -1.5095931314954572, View Loss -2.135985418082842, Reg 0.1610130317070905
08-Aug-26 23:14:39 - Epoch 152, Model Loss -1.5015867239509533, View Loss -2.1048333099464966, Reg 0.16230397676330766
08-Aug-26 23:15:35 - Epoch 153, Model Loss -1.5113543466804853, View Loss -2.146704751681658, Reg 0.16195924487573649
08-Aug-26 23:16:32 - Epoch 154, Model Loss -1.5112155527850382, View Loss -2.150848279591479, Reg 0.16166233636584937
08-Aug-26 23:17:28 - Epoch 155, Model Loss -1.5067719478233188, View Loss -2.1507030468361052, Reg 0.15986077628688874
08-Aug-26 23:17:34 - Epoch 155: Train_acc 0.7189542483660131 Val_acc 0.5882352941176471 Test_acc 0.612565445026178 Test_auc 0.6142857142857143
08-Aug-26 23:18:30 - Epoch 156, Model Loss -1.516743878133936, View Loss -2.272647957396663, Reg 0.1624884028839909
08-Aug-26 23:19:27 - Epoch 157, Model Loss -1.5095127205443537, View Loss -2.140297300675336, Reg 0.16134527091886483
08-Aug-26 23:20:23 - Epoch 158, Model Loss -1.5124612851859698, View Loss -2.1657109977373112, Reg 0.161628617959864
08-Aug-26 23:21:19 - Epoch 159, Model Loss -1.5137158312828711, View Loss -2.1277044271331986, Reg 0.16149618900289722
08-Aug-26 23:22:16 - Epoch 160, Model Loss -1.507954731486202, View Loss -2.128073312098684, Reg 0.1605832370278103
08-Aug-26 23:22:23 - Epoch 160: Train_acc 0.7271241830065359 Val_acc 0.5882352941176471 Test_acc 0.5968586387434555 Test_auc 0.6118681318681319
08-Aug-26 23:23:19 - Epoch 161, Model Loss -1.5093405137654223, View Loss -2.1358766057132894, Reg 0.16059423038382936
08-Aug-26 23:24:15 - Epoch 162, Model Loss -1.5069448745328617, View Loss -2.10190233841441, Reg 0.16280926754272063
08-Aug-26 23:25:12 - Epoch 163, Model Loss -1.5087450875176325, View Loss -2.135757359024746, Reg 0.16166040817506952
08-Aug-26 23:26:08 - Epoch 164, Model Loss -1.5091544101440828, View Loss -2.108467504089954, Reg 0.16127325428856742
08-Aug-26 23:27:05 - Epoch 165, Model Loss -1.514232869241752, View Loss -2.1295664637696508, Reg 0.16088632206901227
08-Aug-26 23:27:13 - Epoch 165: Train_acc 0.8660130718954249 Val_acc 0.5424836601307189 Test_acc 0.5287958115183246 Test_auc 0.5467032967032966
08-Aug-26 23:28:09 - Epoch 166, Model Loss -1.5150424608218125, View Loss -2.142545164021012, Reg 0.1614766209538466
08-Aug-26 23:29:06 - Epoch 167, Model Loss -1.5183358940423703, View Loss -2.157709483227699, Reg 0.16282577725017772
08-Aug-26 23:30:02 - Epoch 168, Model Loss -1.514724631714665, View Loss -2.1268602446013807, Reg 0.16189736127853394
08-Aug-26 23:30:59 - Epoch 169, Model Loss -1.5142515843210658, View Loss -2.1391856031480176, Reg 0.1603984376963447
08-Aug-26 23:31:55 - Epoch 170, Model Loss -1.5141804607865077, View Loss -2.1319227654949513, Reg 0.1592480618190142
08-Aug-26 23:32:03 - Epoch 170: Train_acc 0.7369281045751634 Val_acc 0.5816993464052288 Test_acc 0.5968586387434555 Test_auc 0.6127472527472527
08-Aug-26 23:33:00 - Epoch 171, Model Loss -1.508828325209275, View Loss -2.0869516079721886, Reg 0.16123283805410846
08-Aug-26 23:33:56 - Epoch 172, Model Loss -1.5088397568347407, View Loss -2.1101679116292718, Reg 0.16103114129281512
08-Aug-26 23:34:53 - Epoch 173, Model Loss -1.5162903156155854, View Loss -2.132295128566767, Reg 0.15942411192881514
08-Aug-26 23:35:49 - Epoch 174, Model Loss -1.518035502215616, View Loss -2.130629714018379, Reg 0.1617683217026829
08-Aug-26 23:36:45 - Epoch 175, Model Loss -1.5169983034819559, View Loss -2.1468968391418457, Reg 0.16126028647999358
08-Aug-26 23:36:51 - Epoch 175: Train_acc 0.7271241830065359 Val_acc 0.5751633986928104 Test_acc 0.5706806282722513 Test_auc 0.6061538461538462
08-Aug-26 23:37:48 - Epoch 176, Model Loss -1.50594558591157, View Loss -2.049844109154994, Reg 0.16308228915033776
08-Aug-26 23:38:44 - Epoch 177, Model Loss -1.5181483443266426, View Loss -2.1490566372092252, Reg 0.1612015803849775
08-Aug-26 23:39:40 - Epoch 178, Model Loss -1.5172092462676803, View Loss -2.1422481287538617, Reg 0.16197888679753722
08-Aug-26 23:40:37 - Epoch 179, Model Loss -1.5152808762843313, View Loss -2.110414358525494, Reg 0.1603983498476689
08-Aug-26 23:41:33 - Epoch 180, Model Loss -1.5165265463536082, View Loss -2.106469575096579, Reg 0.161051338015039
08-Aug-26 23:41:39 - Epoch 180: Train_acc 0.7173202614379085 Val_acc 0.5620915032679739 Test_acc 0.6020942408376964 Test_auc 0.6289010989010988
08-Aug-26 23:42:35 - Epoch 181, Model Loss -1.5140571905896554, View Loss -2.126964765436509, Reg 0.16163050047322816
08-Aug-26 23:43:32 - Epoch 182, Model Loss -1.527040419235728, View Loss -2.1413173363878837, Reg 0.16046715289159538
08-Aug-26 23:44:28 - Epoch 183, Model Loss -1.519582056531719, View Loss -2.13239543578204, Reg 0.15969150849417144
08-Aug-26 23:45:24 - Epoch 184, Model Loss -1.5233570983986449, View Loss -2.141625276578018, Reg 0.16315032084003772
08-Aug-26 23:46:21 - Epoch 185, Model Loss -1.5233978882334591, View Loss -2.153174225800957, Reg 0.16177132764672922
08-Aug-26 23:46:30 - Epoch 185: Train_acc 0.7369281045751634 Val_acc 0.5816993464052288 Test_acc 0.5916230366492147 Test_auc 0.6064835164835165
08-Aug-26 23:47:26 - Epoch 186, Model Loss -1.519408758948831, View Loss -2.1251872723398644, Reg 0.1592048936420017
08-Aug-26 23:48:23 - Epoch 187, Model Loss -1.5210137647740982, View Loss -2.125422409157348, Reg 0.15904536940693076
08-Aug-26 23:49:19 - Epoch 188, Model Loss -1.524277861601387, View Loss -2.155926638958501, Reg 0.16301993490044586
08-Aug-26 23:50:15 - Epoch 189, Model Loss -1.525170070673126, View Loss -2.128712987588122, Reg 0.15905509061283535
08-Aug-26 23:51:12 - Epoch 190, Model Loss -1.5290111311120924, View Loss -2.139050196978002, Reg 0.16102083261106528
08-Aug-26 23:51:22 - Epoch 190: Train_acc 0.7303921568627451 Val_acc 0.5882352941176471 Test_acc 0.6020942408376964 Test_auc 0.5998901098901099
08-Aug-26 23:52:18 - Epoch 191, Model Loss -1.5215748867957422, View Loss -2.1301003780240326, Reg 0.16116585178312912
08-Aug-26 23:53:14 - Epoch 192, Model Loss -1.522351268070196, View Loss -2.1343751545825036, Reg 0.1614944012531268
08-Aug-26 23:54:11 - Epoch 193, Model Loss -1.5309292849372416, View Loss -2.129132217831082, Reg 0.15969278473480075
08-Aug-26 23:55:07 - Epoch 194, Model Loss -1.5234032861547533, View Loss -2.1413362072963342, Reg 0.16027042737194136
08-Aug-26 23:56:03 - Epoch 195, Model Loss -1.529840640772402, View Loss -2.1275526931862427, Reg 0.1620971593591902
08-Aug-26 23:56:10 - Epoch 195: Train_acc 0.7254901960784313 Val_acc 0.6013071895424836 Test_acc 0.581151832460733 Test_auc 0.6037362637362639
08-Aug-26 23:57:06 - Epoch 196, Model Loss -1.523490893295388, View Loss -2.1284430104922625, Reg 0.16040472822641236
08-Aug-26 23:58:03 - Epoch 197, Model Loss -1.5299910564048618, View Loss -2.1324976067137875, Reg 0.16104426395659352
08-Aug-26 23:58:59 - Epoch 198, Model Loss -1.525001260969374, View Loss -2.132879450430278, Reg 0.15713205748523762
08-Aug-26 23:59:55 - Epoch 199, Model Loss -1.515360417708852, View Loss -2.0736211951262034, Reg 0.16156811632362067
09-Aug-26 00:00:52 - Epoch 200, Model Loss -1.5274184451383703, View Loss -2.1245772978838753, Reg 0.16080637831313938
09-Aug-26 00:01:04 - Epoch 200: Train_acc 0.7320261437908496 Val_acc 0.5620915032679739 Test_acc 0.6020942408376964 Test_auc 0.6016483516483516
09-Aug-26 00:02:01 - Epoch 201, Model Loss -1.517867300245497, View Loss -2.061202787885479, Reg 0.16121967458257488
09-Aug-26 00:02:57 - Epoch 202, Model Loss -1.5246226491491779, View Loss -2.13474702835083, Reg 0.15966636692386826
09-Aug-26 00:03:53 - Epoch 203, Model Loss -1.526019981484008, View Loss -2.129477519615024, Reg 0.16129653779120226
09-Aug-26 00:04:49 - Epoch 204, Model Loss -1.5231696047814063, View Loss -2.1337296947155124, Reg 0.15855860427703733
09-Aug-26 00:05:46 - Epoch 205, Model Loss -1.5192984880185594, View Loss -2.109449439578586, Reg 0.16176134503744785
09-Aug-26 00:05:59 - Epoch 205: Train_acc 0.7271241830065359 Val_acc 0.5816993464052288 Test_acc 0.5916230366492147 Test_auc 0.6308791208791209
09-Aug-26 00:06:55 - Epoch 206, Model Loss -1.5189638605304794, View Loss -2.1169572063520845, Reg 0.15848767601586636
09-Aug-26 00:07:52 - Epoch 207, Model Loss -1.5285802479662927, View Loss -2.124530159570033, Reg 0.16204295224613613
09-Aug-26 00:08:48 - Epoch 208, Model Loss -1.5312847685969733, View Loss -2.1378913985358343, Reg 0.15862447675926233
09-Aug-26 00:09:45 - Epoch 209, Model Loss -1.522330558377933, View Loss -2.123304301617192, Reg 0.16044599811236063
09-Aug-26 00:10:41 - Epoch 210, Model Loss -1.5240458756490471, View Loss -2.1192409072826113, Reg 0.1607774147897764
09-Aug-26 00:10:49 - Epoch 210: Train_acc 0.7173202614379085 Val_acc 0.5947712418300654 Test_acc 0.581151832460733 Test_auc 0.6054945054945055
09-Aug-26 00:11:45 - Epoch 211, Model Loss -1.523196139366798, View Loss -2.136991656683629, Reg 0.15882806937678967
09-Aug-26 00:12:41 - Epoch 212, Model Loss -1.524103931352204, View Loss -2.130770613165463, Reg 0.15995692315639234
09-Aug-26 00:13:38 - Epoch 213, Model Loss -1.5232547872206743, View Loss -2.1304431335598815, Reg 0.16097818870170444
09-Aug-26 00:14:34 - Epoch 214, Model Loss -1.5258282991795757, View Loss -2.1106766968770745, Reg 0.1603228905621697
09-Aug-26 00:15:30 - Epoch 215, Model Loss -1.525959613276463, View Loss -2.137374519522673, Reg 0.16055490865426905
09-Aug-26 00:15:42 - Epoch 215: Train_acc 0.7843137254901961 Val_acc 0.6274509803921569 Test_acc 0.5602094240837696 Test_auc 0.5893406593406595
09-Aug-26 00:16:39 - Epoch 216, Model Loss -1.5273053100685667, View Loss -2.13604819540884, Reg 0.15993963244060674
09-Aug-26 00:17:35 - Epoch 217, Model Loss -1.5238047269434711, View Loss -2.1096814940957462, Reg 0.15914984475942998
09-Aug-26 00:18:31 - Epoch 218, Model Loss -1.5291027181288774, View Loss -2.120888750537548, Reg 0.16072166452999986
09-Aug-26 00:19:28 - Epoch 219, Model Loss -1.5336723358802546, View Loss -2.128400060865614, Reg 0.1591361212769365
09-Aug-26 00:20:24 - Epoch 220, Model Loss -1.5275045656690411, View Loss -2.108524761947931, Reg 0.16086545274927724
09-Aug-26 00:20:32 - Epoch 220: Train_acc 0.7140522875816994 Val_acc 0.5882352941176471 Test_acc 0.5654450261780105 Test_auc 0.5982417582417583
09-Aug-26 00:21:28 - Epoch 221, Model Loss -1.525693485160279, View Loss -2.0975779489754074, Reg 0.15939111691090016
09-Aug-26 00:22:25 - Epoch 222, Model Loss -1.5229678683810763, View Loss -2.127999872943155, Reg 0.16145102747904708
09-Aug-26 00:23:21 - Epoch 223, Model Loss -1.5361269159254685, View Loss -2.132191801382825, Reg 0.16079137401253568
09-Aug-26 00:24:17 - Epoch 224, Model Loss -1.52767784143585, View Loss -2.119829065659467, Reg 0.15873555634535996
09-Aug-26 00:25:14 - Epoch 225, Model Loss -1.5203915546142976, View Loss -2.105981314104367, Reg 0.1626594001366422
09-Aug-26 00:25:22 - Epoch 225: Train_acc 0.7467320261437909 Val_acc 0.6274509803921569 Test_acc 0.5863874345549738 Test_auc 0.6028571428571428
09-Aug-26 00:26:18 - Epoch 226, Model Loss -1.5309420224108727, View Loss -2.1265641256095535, Reg 0.1596877927484076
09-Aug-26 00:27:14 - Epoch 227, Model Loss -1.5252623776205225, View Loss -2.0997381366156285, Reg 0.16029276869265863
09-Aug-26 00:28:11 - Epoch 228, Model Loss -1.5285462647481682, View Loss -2.1257074580473057, Reg 0.16039107097130195
09-Aug-26 00:29:07 - Epoch 229, Model Loss -1.5189376781189363, View Loss -2.1164237564685298, Reg 0.15956218472493242
09-Aug-26 00:30:03 - Epoch 230, Model Loss -1.5228472348132165, View Loss -2.0642472560109657, Reg 0.1599846271907582
09-Aug-26 00:30:13 - Epoch 230: Train_acc 0.7336601307189542 Val_acc 0.5947712418300654 Test_acc 0.5706806282722513 Test_auc 0.5964835164835165
09-Aug-26 00:31:10 - Epoch 231, Model Loss -1.5188278185775856, View Loss -2.0917977133607555, Reg 0.1601563556716333
09-Aug-26 00:32:06 - Epoch 232, Model Loss -1.521396621379977, View Loss -2.08926882463343, Reg 0.16111937944406
09-Aug-26 00:33:02 - Epoch 233, Model Loss -1.5297655373616936, View Loss -2.1192038417641634, Reg 0.15817219389030357
09-Aug-26 00:33:59 - Epoch 234, Model Loss -1.5209095929962357, View Loss -2.1036387674169603, Reg 0.16145601518013897
09-Aug-26 00:34:55 - Epoch 235, Model Loss -1.5277644637363408, View Loss -2.0882557077345507, Reg 0.15957327333151125
09-Aug-26 00:35:07 - Epoch 235: Train_acc 0.7941176470588235 Val_acc 0.5882352941176471 Test_acc 0.5602094240837696 Test_auc 0.5902197802197802
09-Aug-26 00:36:03 - Epoch 236, Model Loss -1.5252372236812817, View Loss -2.118122088363747, Reg 0.15882693708332535
09-Aug-26 00:36:59 - Epoch 237, Model Loss -1.5239105473935994, View Loss -2.0790023149228563, Reg 0.16056807874854095
09-Aug-26 00:37:56 - Epoch 238, Model Loss -1.52378932167502, View Loss -2.1031648504967784, Reg 0.15942995698233836
09-Aug-26 00:38:52 - Epoch 239, Model Loss -1.525897384469026, View Loss -2.124349874608657, Reg 0.15918456748420118
09-Aug-26 00:39:48 - Epoch 240, Model Loss -1.5280186148250805, View Loss -2.116803303263546, Reg 0.1610267282847096
09-Aug-26 00:39:59 - Epoch 240: Train_acc 0.7287581699346405 Val_acc 0.5816993464052288 Test_acc 0.5706806282722513 Test_auc 0.6073626373626373
09-Aug-26 00:40:55 - Epoch 241, Model Loss -1.531456071566912, View Loss -2.132354371687945, Reg 0.1588061149019042
09-Aug-26 00:41:52 - Epoch 242, Model Loss -1.5313038919486253, View Loss -2.106912404103996, Reg 0.1589018478502635
09-Aug-26 00:42:48 - Epoch 243, Model Loss -1.530927034764508, View Loss -2.118016738517612, Reg 0.16119048335388594
09-Aug-26 00:43:45 - Epoch 244, Model Loss -1.5308662988002004, View Loss -2.1398031135010562, Reg 0.15826915379832773
09-Aug-26 00:44:41 - Epoch 245, Model Loss -1.5346026950412326, View Loss -2.128107170653499, Reg 0.16054156529747582
09-Aug-26 00:44:54 - Epoch 245: Train_acc 0.7271241830065359 Val_acc 0.6013071895424836 Test_acc 0.6073298429319371 Test_auc 0.6287912087912088
09-Aug-26 00:45:50 - Epoch 246, Model Loss -1.5367529033835416, View Loss -2.1787158897499634, Reg 0.16131205243222854
09-Aug-26 00:46:46 - Epoch 247, Model Loss -1.530932551115946, View Loss -2.1222224703022077, Reg 0.1584258381447761
09-Aug-26 00:47:43 - Epoch 248, Model Loss -1.5312445428636339, View Loss -2.1136049195831896, Reg 0.15938144990431716
09-Aug-26 00:48:39 - Epoch 249, Model Loss -1.5251041985804739, View Loss -2.092836295857149, Reg 0.1596871719640844
09-Aug-26 00:49:35 - Epoch 250, Model Loss -1.5307002690882465, View Loss -2.110766710019579, Reg 0.15851432932358162
09-Aug-26 00:49:43 - Epoch 250: Train_acc 0.7058823529411765 Val_acc 0.5947712418300654 Test_acc 0.5759162303664922 Test_auc 0.6315384615384615
09-Aug-26 00:50:40 - Epoch 251, Model Loss -1.5318802727593317, View Loss -2.1004930726842943, Reg 0.160246630314908
09-Aug-26 00:51:36 - Epoch 252, Model Loss -1.5321766223782807, View Loss -2.189532685124017, Reg 0.15964749065879125
09-Aug-26 00:52:32 - Epoch 253, Model Loss -1.5352450539084042, View Loss -2.142992540122637, Reg 0.15933649699672375
09-Aug-26 00:53:29 - Epoch 254, Model Loss -1.542046397340064, View Loss -2.1479224223716584, Reg 0.15915770429411744
09-Aug-26 00:54:25 - Epoch 255, Model Loss -1.53396543178683, View Loss -2.1070120163213195, Reg 0.159222383319942
09-Aug-26 00:54:35 - Epoch 255: Train_acc 0.738562091503268 Val_acc 0.6209150326797386 Test_acc 0.6020942408376964 Test_auc 0.6243956043956044
09-Aug-26 00:55:31 - Epoch 256, Model Loss -1.5306572134977852, View Loss -2.118602621789072, Reg 0.16061070551669676
09-Aug-26 00:56:27 - Epoch 257, Model Loss -1.5364179174884471, View Loss -2.117991958568299, Reg 0.15919587230370716
09-Aug-26 00:57:23 - Epoch 258, Model Loss -1.5386216406728708, View Loss -2.121215106615054, Reg 0.15964785091627656
09-Aug-26 00:58:20 - Epoch 259, Model Loss -1.526342653760723, View Loss -2.0599407619900174, Reg 0.15989250743311215
09-Aug-26 00:59:16 - Epoch 260, Model Loss -1.524203175812765, View Loss -2.0986207575579874, Reg 0.15852970537406946
09-Aug-26 00:59:29 - Epoch 260: Train_acc 0.7222222222222222 Val_acc 0.6274509803921569 Test_acc 0.6178010471204188 Test_auc 0.6196703296703296
09-Aug-26 01:00:26 - Epoch 261, Model Loss -1.5337978811825024, View Loss -2.1308407347186717, Reg 0.160885786649838
09-Aug-26 01:01:22 - Epoch 262, Model Loss -1.5402055815154432, View Loss -2.129869545207304, Reg 0.1594216571329466
09-Aug-26 01:02:18 - Epoch 263, Model Loss -1.5380820667042452, View Loss -2.1167380077386992, Reg 0.15960294738704084
09-Aug-26 01:03:15 - Epoch 264, Model Loss -1.5285503599378798, View Loss -2.1048831846199785, Reg 0.1605492688082402
09-Aug-26 01:04:11 - Epoch 265, Model Loss -1.5372511701646194, View Loss -2.1240363245696026, Reg 0.15918917944228728
09-Aug-26 01:04:23 - Epoch 265: Train_acc 0.7303921568627451 Val_acc 0.6013071895424836 Test_acc 0.612565445026178 Test_auc 0.6175824175824176
09-Aug-26 01:05:19 - Epoch 266, Model Loss -1.5387675653096118, View Loss -2.108529299692391, Reg 0.15840010880644806
09-Aug-26 01:06:16 - Epoch 267, Model Loss -1.5318204343708512, View Loss -2.0941818025377064, Reg 0.15845884509335936
09-Aug-26 01:07:12 - Epoch 268, Model Loss -1.531413795122134, View Loss -2.0923969574223937, Reg 0.15922116161951053
09-Aug-26 01:08:08 - Epoch 269, Model Loss -1.5349206394619412, View Loss -2.0992356188157024, Reg 0.15850387075368097
09-Aug-26 01:09:04 - Epoch 270, Model Loss -1.5391820645799823, View Loss -2.1223632556940215, Reg 0.15880255323219922
09-Aug-26 01:09:12 - Epoch 270: Train_acc 0.7205882352941176 Val_acc 0.5751633986928104 Test_acc 0.6178010471204188 Test_auc 0.6291208791208791
09-Aug-26 01:10:08 - Epoch 271, Model Loss -1.5276913362390854, View Loss -2.10150764502731, Reg 0.1600051449210036
09-Aug-26 01:11:05 - Epoch 272, Model Loss -1.5305215735840643, View Loss -2.1111803085975396, Reg 0.15880347272149878
09-Aug-26 01:12:01 - Epoch 273, Model Loss -1.534948729222117, View Loss -2.1162918003555995, Reg 0.15872728892790725
09-Aug-26 01:12:57 - Epoch 274, Model Loss -1.5370578329547557, View Loss -2.088535957087099, Reg 0.15933669451015448
09-Aug-26 01:13:54 - Epoch 275, Model Loss -1.5346055872300093, View Loss -2.1146269623750173, Reg 0.1601331069870712
09-Aug-26 01:14:03 - Epoch 275: Train_acc 0.7598039215686274 Val_acc 0.5947712418300654 Test_acc 0.5706806282722513 Test_auc 0.5987912087912087
09-Aug-26 01:15:00 - Epoch 276, Model Loss -1.5275515388039982, View Loss -2.0659032023810093, Reg 0.15887302004433926
09-Aug-26 01:15:56 - Epoch 277, Model Loss -1.5264265085357467, View Loss -2.0895977144926983, Reg 0.16013340184501573
09-Aug-26 01:16:52 - Epoch 278, Model Loss -1.5290382297989589, View Loss -2.176013154921189, Reg 0.15790173684070313
09-Aug-26 01:17:49 - Epoch 279, Model Loss -1.529846531113768, View Loss -2.182709036309735, Reg 0.15870223773850334
09-Aug-26 01:18:45 - Epoch 280, Model Loss -1.531508950626149, View Loss -2.130725125082178, Reg 0.15795714315635706
09-Aug-26 01:18:53 - Epoch 280: Train_acc 0.7156862745098039 Val_acc 0.5816993464052288 Test_acc 0.5759162303664922 Test_auc 0.6374725274725275
09-Aug-26 01:19:49 - Epoch 281, Model Loss -1.5349617097892014, View Loss -2.1271174873401915, Reg 0.16014747384911268
09-Aug-26 01:20:45 - Epoch 282, Model Loss -1.5430457701090894, View Loss -2.1188952439750723, Reg 0.15948772936864616
09-Aug-26 01:21:42 - Epoch 283, Model Loss -1.5365644498588213, View Loss -2.115033386579526, Reg 0.15872189256490446
09-Aug-26 01:22:38 - Epoch 284, Model Loss -1.5387130188786127, View Loss -2.0828112714430866, Reg 0.1603480612530428
09-Aug-26 01:23:34 - Epoch 285, Model Loss -1.5391585935954175, View Loss -2.1222035557615992, Reg 0.15806625091951657
09-Aug-26 01:23:41 - Epoch 285: Train_acc 0.7532679738562091 Val_acc 0.6535947712418301 Test_acc 0.5863874345549738 Test_auc 0.6294505494505495
09-Aug-26 01:24:37 - Epoch 286, Model Loss -1.531522482828377, View Loss -2.0968473939334644, Reg 0.1590372555785709
09-Aug-26 01:25:34 - Epoch 287, Model Loss -1.5327722699034447, View Loss -2.0704450357973188, Reg 0.159327905795543
09-Aug-26 01:26:30 - Epoch 288, Model Loss -1.5299841531741074, View Loss -2.095014525394814, Reg 0.15689179535005607
09-Aug-26 01:27:26 - Epoch 289, Model Loss -1.5329804389305364, View Loss -2.1199179817648495, Reg 0.15907549176340788
09-Aug-26 01:28:22 - Epoch 290, Model Loss -1.5346484215430964, View Loss -2.102183055254369, Reg 0.15920987286988428
09-Aug-26 01:28:29 - Epoch 290: Train_acc 0.7254901960784313 Val_acc 0.6013071895424836 Test_acc 0.6020942408376964 Test_auc 0.6259340659340661
09-Aug-26 01:29:25 - Epoch 291, Model Loss -1.5365209704131082, View Loss -2.101990369410297, Reg 0.15965058766548929
09-Aug-26 01:30:22 - Epoch 292, Model Loss -1.5418025808396683, View Loss -2.131717161415449, Reg 0.1564648410463645
09-Aug-26 01:31:18 - Epoch 293, Model Loss -1.540681405784258, View Loss -2.12726330601312, Reg 0.16071103445065568
09-Aug-26 01:32:14 - Epoch 294, Model Loss -1.5396708351334716, View Loss -2.1318582210665435, Reg 0.1583427521917555
09-Aug-26 01:33:11 - Epoch 295, Model Loss -1.5442586225621842, View Loss -2.109483023874121, Reg 0.15834505437246335
09-Aug-26 01:33:21 - Epoch 295: Train_acc 0.7287581699346405 Val_acc 0.5882352941176471 Test_acc 0.5602094240837696 Test_auc 0.6165934065934066
09-Aug-26 01:34:17 - Epoch 296, Model Loss -1.5322406089383793, View Loss -2.0570699218051884, Reg 0.1584208896444514
09-Aug-26 01:35:14 - Epoch 297, Model Loss -1.5420182857638092, View Loss -2.0885522318821326, Reg 0.15905353125014338
09-Aug-26 01:36:10 - Epoch 298, Model Loss -1.5369848425871406, View Loss -2.1046828569150438, Reg 0.15848143564330208
09-Aug-26 01:37:06 - Epoch 299, Model Loss -1.5381730802698073, View Loss -2.1150949079226824, Reg 0.1589523681433372
09-Aug-26 01:38:03 - Epoch 300, Model Loss -1.5399033477882933, View Loss -2.1067967009700204, Reg 0.1589432675269694
09-Aug-26 01:38:14 - Epoch 300: Train_acc 0.7156862745098039 Val_acc 0.6078431372549019 Test_acc 0.6282722513089005 Test_auc 0.636043956043956
09-Aug-26 01:38:14 - FinishedTraining! BestEpoch (eval-interval index): 56
09-Aug-26 01:38:14 - Wrote /users/3171356m/muhammad/GraSTIACL/nested_cv/results/nocombat__emb256_bs32__fold4.json
09-Aug-26 01:38:14 - {
  "emb_dim": 256,
  "batch_size": 32,
  "fold": 4,
  "combat": false,
  "n_train": 612,
  "n_val": 153,
  "n_test": 191,
  "best_val_epoch_idx": 56,
  "train_accuracy": 0.7532679738562091,
  "val_accuracy": 0.6535947712418301,
  "test_accuracy": 0.5863874345549738,
  "train_f1": 0.7392055267702936,
  "val_f1": 0.6442953020134228,
  "test_f1": 0.5433526011560693,
  "train_sensitivity": 0.7353951864763052,
  "val_sensitivity": 0.6575342375680242,
  "test_sensitivity": 0.5164835108078735,
  "train_specificity": 0.7694704025873196,
  "val_specificity": 0.6499999918750001,
  "test_specificity": 0.6499999935,
  "train_precision": 0.7430555555555556,
  "val_precision": 0.631578947368421,
  "test_precision": 0.573170731707317,
  "test_auc": 0.6294505494505495,
  "fin_reg": 0.15806625091951657
}
