Task 21: config=4 fold=1 batch_size=128 emb_dim=512 mij_source=alff combat=yes
The Zen of Python, by Tim Peters

Beautiful is better than ugly.
Explicit is better than implicit.
Simple is better than complex.
Complex is better than complicated.
Flat is better than nested.
Sparse is better than dense.
Readability counts.
Special cases aren't special enough to break the rules.
Although practicality beats purity.
Errors should never pass silently.
Unless explicitly silenced.
In the face of ambiguity, refuse the temptation to guess.
There should be one-- and preferably only one --obvious way to do it.
Although that way may not be obvious at first unless you're Dutch.
Now is better than never.
Although never is often better than *right* now.
If the implementation is hard to explain, it's a bad idea.
If the implementation is easy to explain, it may be a good idea.
Namespaces are one honking great idea -- let's do more of those!
validation time cost : 0.29807 sec
validation time cost : 0.30269 sec
validation time cost : 0.29506 sec
validation time cost : 0.28937 sec
validation time cost : 0.28571 sec
validation time cost : 0.28879 sec
validation time cost : 0.28974 sec
validation time cost : 0.29011 sec
validation time cost : 0.28918 sec
validation time cost : 0.28962 sec
validation time cost : 0.28976 sec
validation time cost : 0.28916 sec
validation time cost : 0.28556 sec
validation time cost : 0.29931 sec
validation time cost : 0.30441 sec
validation time cost : 0.29753 sec
validation time cost : 0.29748 sec
validation time cost : 0.29336 sec
validation time cost : 0.29156 sec
validation time cost : 0.29137 sec
validation time cost : 0.28827 sec
validation time cost : 0.31423 sec
validation time cost : 0.28941 sec
validation time cost : 0.28976 sec
validation time cost : 0.28862 sec
validation time cost : 0.28550 sec
validation time cost : 0.28192 sec
validation time cost : 0.28011 sec
validation time cost : 0.28502 sec
validation time cost : 0.28202 sec
validation time cost : 0.28069 sec
validation time cost : 0.28273 sec
validation time cost : 0.28089 sec
validation time cost : 0.28038 sec
validation time cost : 0.27990 sec
validation time cost : 0.28138 sec
validation time cost : 0.28050 sec
validation time cost : 0.27857 sec
validation time cost : 0.27672 sec
validation time cost : 0.28107 sec
validation time cost : 0.27766 sec
validation time cost : 0.28359 sec
validation time cost : 0.27840 sec
validation time cost : 0.27483 sec
validation time cost : 0.27842 sec
validation time cost : 0.27826 sec
validation time cost : 0.27953 sec
validation time cost : 0.27523 sec
validation time cost : 0.27737 sec
validation time cost : 0.27919 sec
validation time cost : 0.28191 sec
validation time cost : 0.27869 sec
validation time cost : 0.27950 sec
validation time cost : 0.27812 sec
validation time cost : 0.28116 sec
validation time cost : 0.28006 sec
validation time cost : 0.27948 sec
validation time cost : 0.27905 sec
validation time cost : 0.27973 sec
validation time cost : 0.27629 sec
