08-Aug-26 17:24:33 - Using Device: cuda
08-Aug-26 17:24:33 - Seed: 123, Fold: 1, ComBat: False
08-Aug-26 17:24:33 - Namespace(fold=1, combat=False, num_dyn_windows=3, model_lr=0.0005, view_lr=0.0005, num_gc_layers=2, pooling_type='standard', emb_dim=256, vib_hidden_dim=400, batch_size=32, drop_ratio=0.3, epochs=300, kld_lambda=0.003, reg_lambda=0.2, gamma_mode='paper_literal', node_feature_mode='alff_pcc', mij_source='alff', template=90, eval_interval=5, downstream_classifier='linear', ce_lambda=2.0, seed=123)
08-Aug-26 17:24:33 - Loading raw subject data...
08-Aug-26 17:28:00 - Loaded 956 subjects (455 ASD, 501 NC)
08-Aug-26 17:28:00 - alff_pcc scale stats (train_val_idx only): alff=[-3.5994,5.6307] pcc=[-0.7600,1.0000]
08-Aug-26 17:28:00 - Train/Val/Test sizes: 612/153/191
08-Aug-26 17:28:59 - Epoch 1, Model Loss -0.5878849372365116, View Loss -6.496452406340954, Reg 0.41706031989427955
08-Aug-26 17:29:57 - Epoch 2, Model Loss -1.1064627466638104, View Loss -4.992474287943123, Reg 0.4145444668585958
08-Aug-26 17:30:55 - Epoch 3, Model Loss 1.2173444694942899, View Loss -2.9152510306414436, Reg 0.48121291983361336
08-Aug-26 17:31:53 - Epoch 4, Model Loss -1.1511869025386237, View Loss -0.5113114999010672, Reg 0.4160481574488621
08-Aug-26 17:32:51 - Epoch 5, Model Loss -1.250126991396636, View Loss -1.4090095625983343, Reg 0.4168238873575248
08-Aug-26 17:33:11 - Epoch 5: Train_acc 0.7026143790849673 Val_acc 0.6274509803921569 Test_acc 0.5706806282722513 Test_auc 0.585934065934066
08-Aug-26 17:34:09 - Epoch 6, Model Loss -1.2633112022300172, View Loss -3.609620627234964, Reg 0.40654217067107656
08-Aug-26 17:35:07 - Epoch 7, Model Loss -1.277610822440752, View Loss -4.017140556784237, Reg 0.4056546438753215
08-Aug-26 17:36:05 - Epoch 8, Model Loss -0.6809536466021943, View Loss -3.8228817422405568, Reg 0.48595143494263193
08-Aug-26 17:37:03 - Epoch 9, Model Loss -1.0267480619592604, View Loss -3.7551083190768373, Reg 0.45384350983925115
08-Aug-26 17:38:01 - Epoch 10, Model Loss -1.1215930920021207, View Loss -3.713632019516689, Reg 0.43331517230451494
08-Aug-26 17:38:13 - Epoch 10: Train_acc 0.7189542483660131 Val_acc 0.6601307189542484 Test_acc 0.5968586387434555 Test_auc 0.6152747252747254
08-Aug-26 17:39:11 - Epoch 11, Model Loss -0.8278270578072742, View Loss -3.637003649293987, Reg 0.5059458233562171
08-Aug-26 17:40:09 - Epoch 12, Model Loss -1.1252411331226624, View Loss -3.624973945368349, Reg 0.45719412339279075
08-Aug-26 17:41:07 - Epoch 13, Model Loss -1.2821117507086859, View Loss -3.584179214402741, Reg 0.42164749958935904
08-Aug-26 17:42:05 - Epoch 14, Model Loss -1.3011683015262379, View Loss -3.577478019240635, Reg 0.42090420161976533
08-Aug-26 17:43:03 - Epoch 15, Model Loss -1.3228908364289726, View Loss -3.564461514840718, Reg 0.4161357186199014
/users/3171356m/miniconda3/envs/grastiacl/lib/python3.12/site-packages/joblib/externals/loky/process_executor.py:782: UserWarning: A worker stopped while some jobs were given to the executor. This can be caused by a too short worker timeout or by a memory leak.
  warnings.warn(
08-Aug-26 17:43:19 - Epoch 15: Train_acc 0.704248366013072 Val_acc 0.6078431372549019 Test_acc 0.5916230366492147 Test_auc 0.6092307692307691
08-Aug-26 17:44:17 - Epoch 16, Model Loss -1.3076315674127317, View Loss -3.461472115485497, Reg 0.4144447457556631
08-Aug-26 17:45:15 - Epoch 17, Model Loss -1.3104842815523834, View Loss -3.5137440924550973, Reg 0.41513604549021504
08-Aug-26 17:46:13 - Epoch 18, Model Loss -1.3017728250790266, View Loss -3.469215293335759, Reg 0.4211105131635479
08-Aug-26 17:47:11 - Epoch 19, Model Loss -1.2717480378992416, View Loss -3.5153046838598314, Reg 0.42713502633805367
08-Aug-26 17:48:09 - Epoch 20, Model Loss -1.1959653368183212, View Loss -3.452480549905814, Reg 0.44842660154392516
08-Aug-26 17:48:24 - Epoch 20: Train_acc 0.7173202614379085 Val_acc 0.6274509803921569 Test_acc 0.5968586387434555 Test_auc 0.6072527472527472
08-Aug-26 17:49:22 - Epoch 21, Model Loss -0.6011453621527728, View Loss -3.428265378366109, Reg 0.5352225178986593
08-Aug-26 17:50:20 - Epoch 22, Model Loss 2.3114086779114467, View Loss -0.8947568898107491, Reg 0.467419041917215
08-Aug-26 17:51:19 - Epoch 23, Model Loss -1.1641700408037972, View Loss 0.8783508001589307, Reg 0.43386098372390847
08-Aug-26 17:52:17 - Epoch 24, Model Loss -1.307627786997876, View Loss 1.1338028409122642, Reg 0.421653078856811
08-Aug-26 17:53:15 - Epoch 25, Model Loss -1.3557072371439216, View Loss 1.1804822418424818, Reg 0.4142395076798458
08-Aug-26 17:53:28 - Epoch 25: Train_acc 0.7238562091503268 Val_acc 0.6339869281045751 Test_acc 0.581151832460733 Test_auc 0.6242857142857143
08-Aug-26 17:54:26 - Epoch 26, Model Loss -1.3651342142641154, View Loss 1.069346714643092, Reg 0.41092878093127333
08-Aug-26 17:55:24 - Epoch 27, Model Loss -1.3604019950417912, View Loss -0.13422204076854233, Reg 0.41290243447216507
08-Aug-26 17:56:22 - Epoch 28, Model Loss -1.3702544854357352, View Loss -2.810799333784315, Reg 0.4091324510138019
08-Aug-26 17:57:20 - Epoch 29, Model Loss -1.3618097242966196, View Loss -3.336086893393323, Reg 0.40054313127511465
08-Aug-26 17:58:18 - Epoch 30, Model Loss -1.3730833359013974, View Loss -3.391677323509665, Reg 0.39789530147914015
08-Aug-26 17:58:27 - Epoch 30: Train_acc 0.7009803921568627 Val_acc 0.5816993464052288 Test_acc 0.6178010471204188 Test_auc 0.6225274725274725
08-Aug-26 17:59:25 - Epoch 31, Model Loss -1.3777707386640161, View Loss -3.388637299631156, Reg 0.3991658557084651
08-Aug-26 18:00:23 - Epoch 32, Model Loss -1.3752886080274396, View Loss -3.380968586292142, Reg 0.4007020682291268
08-Aug-26 18:01:21 - Epoch 33, Model Loss -1.3712963933259055, View Loss -3.378276179818546, Reg 0.4017924103471968
08-Aug-26 18:02:19 - Epoch 34, Model Loss -1.3763208451613882, View Loss -3.3308701016544515, Reg 0.3986205914441277
08-Aug-26 18:03:17 - Epoch 35, Model Loss -1.378051570817536, View Loss -3.4043988589367835, Reg 0.4033409471994911
08-Aug-26 18:03:30 - Epoch 35: Train_acc 0.7467320261437909 Val_acc 0.5816993464052288 Test_acc 0.5706806282722513 Test_auc 0.6087912087912088
08-Aug-26 18:04:29 - Epoch 36, Model Loss -1.377348413654402, View Loss -3.4112472658843, Reg 0.40257926723536325
08-Aug-26 18:05:27 - Epoch 37, Model Loss -1.3532715591729856, View Loss -3.3429652725169863, Reg 0.4046893374982223
08-Aug-26 18:06:25 - Epoch 38, Model Loss -1.3821772500580431, View Loss -3.3924515387591194, Reg 0.4031517628361197
08-Aug-26 18:07:23 - Epoch 39, Model Loss -1.3921501807917178, View Loss -3.387887805115943, Reg 0.4033299748804055
08-Aug-26 18:08:21 - Epoch 40, Model Loss -1.3875026889875823, View Loss -3.344234937156727, Reg 0.40147798610668556
08-Aug-26 18:08:38 - Epoch 40: Train_acc 0.704248366013072 Val_acc 0.5816993464052288 Test_acc 0.612565445026178 Test_auc 0.6218681318681318
08-Aug-26 18:09:36 - Epoch 41, Model Loss -1.3874618181216172, View Loss -3.3443648799572117, Reg 0.40258977966370924
08-Aug-26 18:10:34 - Epoch 42, Model Loss -1.397252444348304, View Loss -3.414705017812891, Reg 0.40238314243703105
08-Aug-26 18:11:32 - Epoch 43, Model Loss -1.403816378973668, View Loss -3.4065308757856783, Reg 0.40235545082029955
08-Aug-26 18:12:30 - Epoch 44, Model Loss -1.4110697484483905, View Loss -3.383975521411771, Reg 0.39965008072603764
08-Aug-26 18:13:28 - Epoch 45, Model Loss -1.416468106064142, View Loss -3.4090336631326115, Reg 0.40153617231674443
08-Aug-26 18:13:40 - Epoch 45: Train_acc 0.7156862745098039 Val_acc 0.5620915032679739 Test_acc 0.5916230366492147 Test_auc 0.6182417582417583
08-Aug-26 18:14:39 - Epoch 46, Model Loss -1.4221098843742819, View Loss -3.4044157975639395, Reg 0.39927710427178276
08-Aug-26 18:15:37 - Epoch 47, Model Loss -1.4108002201404446, View Loss -3.359618579640108, Reg 0.39797259097784954
08-Aug-26 18:16:35 - Epoch 48, Model Loss -1.4200530831330742, View Loss -3.377646296632056, Reg 0.39901626616521596
08-Aug-26 18:17:33 - Epoch 49, Model Loss -1.4332241326375725, View Loss -3.392567023732304, Reg 0.3997476568409041
08-Aug-26 18:18:32 - Epoch 50, Model Loss -1.423498954648286, View Loss -3.377058643141603, Reg 0.3972507146448871
08-Aug-26 18:18:48 - Epoch 50: Train_acc 0.7075163398692811 Val_acc 0.5947712418300654 Test_acc 0.5863874345549738 Test_auc 0.6134065934065934
08-Aug-26 18:19:46 - Epoch 51, Model Loss -1.4184725642983431, View Loss -3.3525383082869786, Reg 0.3958258465224621
08-Aug-26 18:20:44 - Epoch 52, Model Loss -1.4331817315294852, View Loss -3.354771476945067, Reg 0.3974882917466506
08-Aug-26 18:21:42 - Epoch 53, Model Loss -1.4206408768697503, View Loss -3.3407644571042527, Reg 0.396595770432279
08-Aug-26 18:22:41 - Epoch 54, Model Loss -1.4280400774837319, View Loss -3.396720521590289, Reg 0.3967883925811917
08-Aug-26 18:23:39 - Epoch 55, Model Loss -1.4357253554599736, View Loss -3.3783216414108774, Reg 0.39632592286938934
08-Aug-26 18:23:53 - Epoch 55: Train_acc 0.7647058823529411 Val_acc 0.6209150326797386 Test_acc 0.5497382198952879 Test_auc 0.5878021978021979
08-Aug-26 18:24:51 - Epoch 56, Model Loss -1.4406169754227782, View Loss -3.388924243403416, Reg 0.39797602895817724
08-Aug-26 18:25:50 - Epoch 57, Model Loss -1.441839012445188, View Loss -3.40254164365382, Reg 0.39537441808413837
08-Aug-26 18:26:48 - Epoch 58, Model Loss -1.4411561504688137, View Loss -3.4029778561560935, Reg 0.39715689167477725
08-Aug-26 18:27:46 - Epoch 59, Model Loss -1.442182129504634, View Loss -3.432023830663145, Reg 0.395321068031336
08-Aug-26 18:28:44 - Epoch 60, Model Loss -1.4440181239757663, View Loss -3.3789839682236216, Reg 0.3964310520225101
08-Aug-26 18:28:57 - Epoch 60: Train_acc 0.696078431372549 Val_acc 0.5751633986928104 Test_acc 0.6178010471204188 Test_auc 0.6114285714285714
08-Aug-26 18:29:56 - Epoch 61, Model Loss -1.4430529058369157, View Loss -3.3656600939682106, Reg 0.3947739521272821
08-Aug-26 18:30:54 - Epoch 62, Model Loss -1.4430728114508335, View Loss -3.3928805831211064, Reg 0.394676608976975
08-Aug-26 18:31:52 - Epoch 63, Model Loss -1.438675119985942, View Loss -3.3409673092412016, Reg 0.39559947840528553
08-Aug-26 18:32:50 - Epoch 64, Model Loss -1.439516990013372, View Loss -3.328255073696959, Reg 0.39545635810864516
08-Aug-26 18:33:48 - Epoch 65, Model Loss -1.4424172881381963, View Loss -3.3661660400091433, Reg 0.3939625404629053
/users/3171356m/miniconda3/envs/grastiacl/lib/python3.12/site-packages/joblib/externals/loky/process_executor.py:782: UserWarning: A worker stopped while some jobs were given to the executor. This can be caused by a too short worker timeout or by a memory leak.
  warnings.warn(
08-Aug-26 18:34:07 - Epoch 65: Train_acc 0.7091503267973857 Val_acc 0.6013071895424836 Test_acc 0.5968586387434555 Test_auc 0.6337362637362637
08-Aug-26 18:35:05 - Epoch 66, Model Loss -1.447451089721879, View Loss -3.349387533524457, Reg 0.3942477558952531
08-Aug-26 18:36:03 - Epoch 67, Model Loss -1.443077143500833, View Loss -3.3824537875605563, Reg 0.39456532905304353
08-Aug-26 18:37:01 - Epoch 68, Model Loss -1.4464195413527146, View Loss -3.3788252344318463, Reg 0.39363404738357644
08-Aug-26 18:37:59 - Epoch 69, Model Loss -1.4458160867878036, View Loss -3.3131375001146903, Reg 0.39272409346368575
08-Aug-26 18:38:58 - Epoch 70, Model Loss -1.4362613702911178, View Loss -3.3536194695366754, Reg 0.39227864477369523
/users/3171356m/miniconda3/envs/grastiacl/lib/python3.12/site-packages/joblib/externals/loky/process_executor.py:782: UserWarning: A worker stopped while some jobs were given to the executor. This can be caused by a too short worker timeout or by a memory leak.
  warnings.warn(
08-Aug-26 18:39:15 - Epoch 70: Train_acc 0.7663398692810458 Val_acc 0.6274509803921569 Test_acc 0.581151832460733 Test_auc 0.6074725274725274
08-Aug-26 18:40:13 - Epoch 71, Model Loss -1.4430754698959052, View Loss -3.359245403140199, Reg 0.3932919073728175
08-Aug-26 18:41:11 - Epoch 72, Model Loss -1.4545594290191053, View Loss -3.382038530960582, Reg 0.39367517341975294
08-Aug-26 18:42:09 - Epoch 73, Model Loss -1.4602276047849967, View Loss -3.4109412361593807, Reg 0.39315563557194727
08-Aug-26 18:43:07 - Epoch 74, Model Loss -1.4487404168820848, View Loss -3.365887937982098, Reg 0.3919842961956473
08-Aug-26 18:44:05 - Epoch 75, Model Loss -1.4554319911532931, View Loss -3.373963549246196, Reg 0.3920424444223541
08-Aug-26 18:44:18 - Epoch 75: Train_acc 0.7647058823529411 Val_acc 0.6013071895424836 Test_acc 0.6073298429319371 Test_auc 0.6209890109890109
08-Aug-26 18:45:16 - Epoch 76, Model Loss -1.4658360169603935, View Loss -3.3765464109532974, Reg 0.3923414922228046
08-Aug-26 18:46:14 - Epoch 77, Model Loss -1.4565944110645968, View Loss -3.3842522646087447, Reg 0.39087165336982876
08-Aug-26 18:47:12 - Epoch 78, Model Loss -1.4558349310183059, View Loss -3.3873691122516307, Reg 0.39105592366137537
08-Aug-26 18:48:11 - Epoch 79, Model Loss -1.4583312078239092, View Loss -3.3607850230597203, Reg 0.390498522839515
08-Aug-26 18:49:09 - Epoch 80, Model Loss -1.4601153111925311, View Loss -3.383848190307617, Reg 0.39178914162847733
08-Aug-26 18:49:23 - Epoch 80: Train_acc 0.7598039215686274 Val_acc 0.6078431372549019 Test_acc 0.6020942408376964 Test_auc 0.6105494505494506
08-Aug-26 18:50:21 - Epoch 81, Model Loss -1.4692188181908301, View Loss -3.3781108825035346, Reg 0.3903495488213558
08-Aug-26 18:51:19 - Epoch 82, Model Loss -1.4669315550062392, View Loss -3.3639447205986075, Reg 0.38955649538756976
08-Aug-26 18:52:17 - Epoch 83, Model Loss -1.4667111752079982, View Loss -3.3858142054938023, Reg 0.38991514646929076
08-Aug-26 18:53:15 - Epoch 84, Model Loss -1.455148765464234, View Loss -3.3475963461632823, Reg 0.3895096175031724
08-Aug-26 18:54:14 - Epoch 85, Model Loss -1.4563130303925158, View Loss -3.348057712604797, Reg 0.3886054777631573
/users/3171356m/miniconda3/envs/grastiacl/lib/python3.12/site-packages/joblib/externals/loky/process_executor.py:782: UserWarning: A worker stopped while some jobs were given to the executor. This can be caused by a too short worker timeout or by a memory leak.
  warnings.warn(
08-Aug-26 18:54:31 - Epoch 85: Train_acc 0.7107843137254902 Val_acc 0.5947712418300654 Test_acc 0.6178010471204188 Test_auc 0.6214285714285713
08-Aug-26 18:55:29 - Epoch 86, Model Loss -1.4563901066000944, View Loss -3.32241016899059, Reg 0.3875559872271968
08-Aug-26 18:56:27 - Epoch 87, Model Loss -1.463070807114146, View Loss -3.3595102908564547, Reg 0.38808661231807634
08-Aug-26 18:57:25 - Epoch 88, Model Loss -1.4598910138497945, View Loss -3.3265694792753733, Reg 0.387079392772874
08-Aug-26 18:58:24 - Epoch 89, Model Loss -1.4639473023757437, View Loss -3.3380126890793345, Reg 0.3868950648245469
08-Aug-26 18:59:22 - Epoch 90, Model Loss -1.4670026598413006, View Loss -3.3762904397802416, Reg 0.38627298965173607
08-Aug-26 18:59:35 - Epoch 90: Train_acc 0.7598039215686274 Val_acc 0.5947712418300654 Test_acc 0.5863874345549738 Test_auc 0.6129670329670329
08-Aug-26 19:00:33 - Epoch 91, Model Loss -1.46641116672092, View Loss -3.33914064270219, Reg 0.3850322772864423
08-Aug-26 19:01:31 - Epoch 92, Model Loss -1.4626515394721935, View Loss -3.3392355706956653, Reg 0.3852424976093317
08-Aug-26 19:02:29 - Epoch 93, Model Loss -1.4707279080658957, View Loss -3.3648372537949505, Reg 0.3853028058226592
08-Aug-26 19:03:27 - Epoch 94, Model Loss -1.4825962353376, View Loss -3.4098859705956155, Reg 0.3859597053013596
08-Aug-26 19:04:25 - Epoch 95, Model Loss -1.4777181662765204, View Loss -3.388961096994238, Reg 0.38472304468840557
08-Aug-26 19:04:47 - Epoch 95: Train_acc 0.761437908496732 Val_acc 0.6013071895424836 Test_acc 0.5968586387434555 Test_auc 0.605934065934066
08-Aug-26 19:05:45 - Epoch 96, Model Loss -1.4773343591129078, View Loss -3.353574148190567, Reg 0.38454188942130096
08-Aug-26 19:06:43 - Epoch 97, Model Loss -1.4732954299527836, View Loss -3.3635255433375537, Reg 0.3830467614473081
08-Aug-26 19:07:41 - Epoch 98, Model Loss -1.4824827044617896, View Loss -3.363581766490064, Reg 0.3838128841001224
08-Aug-26 19:08:39 - Epoch 99, Model Loss -1.479302873798445, View Loss -3.3258994171042846, Reg 0.3835827821220448
08-Aug-26 19:09:37 - Epoch 100, Model Loss -1.4806902704675213, View Loss -3.3399995978361643, Reg 0.38349204359490885
08-Aug-26 19:09:58 - Epoch 100: Train_acc 0.8120915032679739 Val_acc 0.5424836601307189 Test_acc 0.6178010471204188 Test_auc 0.6558241758241758
08-Aug-26 19:10:56 - Epoch 101, Model Loss -1.4716477923923068, View Loss -3.3512940593794283, Reg 0.38341590859531577
08-Aug-26 19:11:54 - Epoch 102, Model Loss -1.478827523250206, View Loss -3.3095850071875876, Reg 0.3828744401339612
08-Aug-26 19:12:52 - Epoch 103, Model Loss -1.4744264752257104, View Loss -3.3642340953053993, Reg 0.3826712751700208
08-Aug-26 19:13:50 - Epoch 104, Model Loss -1.4734005772210415, View Loss -3.3271540099499273, Reg 0.3822901295680626
08-Aug-26 19:14:49 - Epoch 105, Model Loss -1.4619159885481292, View Loss -3.3249015465281366, Reg 0.3834841570823021
08-Aug-26 19:15:10 - Epoch 105: Train_acc 0.704248366013072 Val_acc 0.5816993464052288 Test_acc 0.6230366492146597 Test_auc 0.6317582417582417
08-Aug-26 19:16:09 - Epoch 106, Model Loss -1.4663048008688135, View Loss -3.329330727944966, Reg 0.3819826888103111
08-Aug-26 19:17:07 - Epoch 107, Model Loss -1.4762980828877368, View Loss -3.340258906869327, Reg 0.38230637709299725
08-Aug-26 19:18:05 - Epoch 108, Model Loss -1.4648505192176968, View Loss -3.3304824829101562, Reg 0.383252917161954
08-Aug-26 19:19:03 - Epoch 109, Model Loss -1.4757513283124937, View Loss -3.326880723043205, Reg 0.3829953763999191
08-Aug-26 19:20:02 - Epoch 110, Model Loss -1.4778140510608948, View Loss -3.37002590279174, Reg 0.3827662191359825
/users/3171356m/miniconda3/envs/grastiacl/lib/python3.12/site-packages/joblib/externals/loky/process_executor.py:782: UserWarning: A worker stopped while some jobs were given to the executor. This can be caused by a too short worker timeout or by a memory leak.
  warnings.warn(
08-Aug-26 19:20:27 - Epoch 110: Train_acc 0.7075163398692811 Val_acc 0.6078431372549019 Test_acc 0.5968586387434555 Test_auc 0.6413186813186813
08-Aug-26 19:21:26 - Epoch 111, Model Loss -1.4772386769064112, View Loss -3.3361310865364824, Reg 0.3822498781229156
08-Aug-26 19:22:24 - Epoch 112, Model Loss -1.4700329786811779, View Loss -3.3177409390218897, Reg 0.3824888202879164
08-Aug-26 19:23:22 - Epoch 113, Model Loss -1.4766906102498372, View Loss -3.3462872380524677, Reg 0.38166022456549353
08-Aug-26 19:24:20 - Epoch 114, Model Loss -1.4772632324617672, View Loss -3.3410263529010846, Reg 0.38131795365825977
08-Aug-26 19:25:19 - Epoch 115, Model Loss -1.480301165113262, View Loss -3.3208089373470133, Reg 0.38134416937828064
08-Aug-26 19:25:40 - Epoch 115: Train_acc 0.8202614379084967 Val_acc 0.5882352941176471 Test_acc 0.5916230366492147 Test_auc 0.622087912087912
08-Aug-26 19:26:38 - Epoch 116, Model Loss -1.4806022737540452, View Loss -3.3419581643896166, Reg 0.3816865817004559
08-Aug-26 19:27:36 - Epoch 117, Model Loss -1.479972733391656, View Loss -3.383962889901953, Reg 0.3817569344651465
08-Aug-26 19:28:34 - Epoch 118, Model Loss -1.4847044040954192, View Loss -3.375427978490692, Reg 0.3811743010103313
08-Aug-26 19:29:32 - Epoch 119, Model Loss -1.4913300564086516, View Loss -3.389337701735154, Reg 0.38071421918526194
08-Aug-26 19:30:30 - Epoch 120, Model Loss -1.484377081877266, View Loss -3.3547604224261116, Reg 0.3799498755168291
/users/3171356m/miniconda3/envs/grastiacl/lib/python3.12/site-packages/joblib/externals/loky/process_executor.py:782: UserWarning: A worker stopped while some jobs were given to the executor. This can be caused by a too short worker timeout or by a memory leak.
  warnings.warn(
08-Aug-26 19:30:44 - Epoch 120: Train_acc 0.8104575163398693 Val_acc 0.5620915032679739 Test_acc 0.6073298429319371 Test_auc 0.6450549450549451
08-Aug-26 19:31:42 - Epoch 121, Model Loss -1.4862176670747644, View Loss -3.365400591706918, Reg 0.38064458751990127
08-Aug-26 19:32:41 - Epoch 122, Model Loss -1.492536494934481, View Loss -3.3506917579501283, Reg 0.38045386161679534
08-Aug-26 19:33:39 - Epoch 123, Model Loss -1.4953206380208333, View Loss -3.3562335220037722, Reg 0.3800242169230592
08-Aug-26 19:34:37 - Epoch 124, Model Loss -1.4899098140741485, View Loss -3.3450396918003857, Reg 0.38079284024394416
08-Aug-26 19:35:35 - Epoch 125, Model Loss -1.4968372482100343, View Loss -3.3565264090993048, Reg 0.38010717996584825
08-Aug-26 19:35:47 - Epoch 125: Train_acc 0.696078431372549 Val_acc 0.6143790849673203 Test_acc 0.6178010471204188 Test_auc 0.6282417582417583
08-Aug-26 19:36:45 - Epoch 126, Model Loss -1.490013328253054, View Loss -3.345116487515518, Reg 0.3801162809717889
08-Aug-26 19:37:43 - Epoch 127, Model Loss -1.4761392368989832, View Loss -3.287339911741369, Reg 0.37990158231429805
08-Aug-26 19:38:41 - Epoch 128, Model Loss -1.4881528156255586, View Loss -3.343170175365373, Reg 0.3796905107747496
08-Aug-26 19:39:39 - Epoch 129, Model Loss -1.464252403359008, View Loss -3.261269694060282, Reg 0.38033758775860654
08-Aug-26 19:40:37 - Epoch 130, Model Loss -1.4795317525178, View Loss -3.3144176115397532, Reg 0.38072921131171433
08-Aug-26 19:40:52 - Epoch 130: Train_acc 0.7058823529411765 Val_acc 0.6013071895424836 Test_acc 0.5968586387434555 Test_auc 0.6185714285714285
08-Aug-26 19:41:49 - Epoch 131, Model Loss -1.485312069163603, View Loss -3.35109194898917, Reg 0.3794363705940496
08-Aug-26 19:42:46 - Epoch 132, Model Loss -1.4767536898843603, View Loss -3.277187680886462, Reg 0.3805961534867879
08-Aug-26 19:43:43 - Epoch 133, Model Loss -1.4874850971246856, View Loss -3.3417258730121686, Reg 0.37923210547640435
08-Aug-26 19:44:39 - Epoch 134, Model Loss -1.4905611798654195, View Loss -3.361099682602228, Reg 0.3802764596892338
08-Aug-26 19:45:35 - Epoch 135, Model Loss -1.4855452518837124, View Loss -3.337161637599172, Reg 0.3800944347007602
08-Aug-26 19:45:46 - Epoch 135: Train_acc 0.6944444444444444 Val_acc 0.6143790849673203 Test_acc 0.581151832460733 Test_auc 0.6115384615384614
08-Aug-26 19:46:42 - Epoch 136, Model Loss -1.4887265473409417, View Loss -3.3470075333040525, Reg 0.3797793711712158
08-Aug-26 19:47:38 - Epoch 137, Model Loss -1.4882218790989297, View Loss -3.322377806395487, Reg 0.3795009259304969
08-Aug-26 19:48:35 - Epoch 138, Model Loss -1.4906085114073908, View Loss -3.318586707894319, Reg 0.37939529559191537
08-Aug-26 19:49:31 - Epoch 139, Model Loss -1.483771741779801, View Loss -3.321278064079534, Reg 0.3793730402694029
08-Aug-26 19:50:27 - Epoch 140, Model Loss -1.4865683075649287, View Loss -3.2952117109610364, Reg 0.37845228816948684
08-Aug-26 19:50:38 - Epoch 140: Train_acc 0.8235294117647058 Val_acc 0.5359477124183006 Test_acc 0.6020942408376964 Test_auc 0.61989010989011
08-Aug-26 19:51:34 - Epoch 141, Model Loss -1.486496900421342, View Loss -3.311121052386714, Reg 0.3798258947391136
08-Aug-26 19:52:30 - Epoch 142, Model Loss -1.473988059299444, View Loss -3.3071920326332642, Reg 0.37912875686595643
08-Aug-26 19:53:26 - Epoch 143, Model Loss -1.489053925657584, View Loss -3.3339663206362258, Reg 0.37918587058198217
08-Aug-26 19:54:23 - Epoch 144, Model Loss -1.4854149039274727, View Loss -3.3234848290487053, Reg 0.3789786558135662
08-Aug-26 19:55:19 - Epoch 145, Model Loss -1.485624070261039, View Loss -3.349957325879265, Reg 0.37925884809369353
08-Aug-26 19:55:28 - Epoch 145: Train_acc 0.7075163398692811 Val_acc 0.6209150326797386 Test_acc 0.5863874345549738 Test_auc 0.6085714285714285
08-Aug-26 19:56:25 - Epoch 146, Model Loss -1.4763756920309627, View Loss -3.277285320306915, Reg 0.3789925586943533
08-Aug-26 19:57:21 - Epoch 147, Model Loss -1.4871283263162849, View Loss -3.3305636885898564, Reg 0.37852256964234743
08-Aug-26 19:58:17 - Epoch 148, Model Loss -1.4894746425105077, View Loss -3.340946708629334, Reg 0.37901269026051937
08-Aug-26 19:59:13 - Epoch 149, Model Loss -1.4796175052917082, View Loss -3.278718318814546, Reg 0.3778100068273108
08-Aug-26 20:00:09 - Epoch 150, Model Loss -1.4743141598171658, View Loss -3.2786393570744132, Reg 0.37856654404035583
08-Aug-26 20:00:19 - Epoch 150: Train_acc 0.7565359477124183 Val_acc 0.5751633986928104 Test_acc 0.5759162303664922 Test_auc 0.6184615384615385
08-Aug-26 20:01:15 - Epoch 151, Model Loss -1.4708983602087482, View Loss -3.290303314433378, Reg 0.37884257509817487
08-Aug-26 20:02:11 - Epoch 152, Model Loss -1.48232030556872, View Loss -3.3133359578699846, Reg 0.3800261351797316
08-Aug-26 20:03:07 - Epoch 153, Model Loss -1.491542679032469, View Loss -3.357202208899205, Reg 0.37959475299112155
08-Aug-26 20:04:03 - Epoch 154, Model Loss -1.493008329977397, View Loss -3.3321624986486498, Reg 0.3795674295207254
08-Aug-26 20:05:00 - Epoch 155, Model Loss -1.4922990611955231, View Loss -3.3372220837212856, Reg 0.37879814119899974
08-Aug-26 20:05:14 - Epoch 155: Train_acc 0.7549019607843137 Val_acc 0.5620915032679739 Test_acc 0.6020942408376964 Test_auc 0.6245054945054945
08-Aug-26 20:06:10 - Epoch 156, Model Loss -1.4947799451990065, View Loss -3.357875521666084, Reg 0.37835613574857024
08-Aug-26 20:07:06 - Epoch 157, Model Loss -1.4927849146275738, View Loss -3.318942855386173, Reg 0.3784937659899394
08-Aug-26 20:08:02 - Epoch 158, Model Loss -1.498842588437149, View Loss -3.3331324103610966, Reg 0.3779707200386945
08-Aug-26 20:08:58 - Epoch 159, Model Loss -1.4809307989731333, View Loss -3.294838490828969, Reg 0.37863443334118213
08-Aug-26 20:09:54 - Epoch 160, Model Loss -1.4881002451080123, View Loss -3.3125806072958155, Reg 0.37832819948009416
08-Aug-26 20:10:07 - Epoch 160: Train_acc 0.6977124183006536 Val_acc 0.5947712418300654 Test_acc 0.6492146596858639 Test_auc 0.6435164835164836
08-Aug-26 20:11:04 - Epoch 161, Model Loss -1.48807303734075, View Loss -3.27586321737252, Reg 0.3786405609324088
08-Aug-26 20:12:00 - Epoch 162, Model Loss -1.4900540245903864, View Loss -3.3369194105559705, Reg 0.37826794892354726
08-Aug-26 20:12:56 - Epoch 163, Model Loss -1.4891141442691578, View Loss -3.3351152363945458, Reg 0.37829644383947836
08-Aug-26 20:13:52 - Epoch 164, Model Loss -1.487024662541408, View Loss -3.2993537678438076, Reg 0.37831399214813133
08-Aug-26 20:14:48 - Epoch 165, Model Loss -1.4992228551627764, View Loss -3.334550499136931, Reg 0.3783588847693275
08-Aug-26 20:14:59 - Epoch 165: Train_acc 0.7467320261437909 Val_acc 0.5816993464052288 Test_acc 0.6020942408376964 Test_auc 0.6145054945054945
08-Aug-26 20:15:55 - Epoch 166, Model Loss -1.4910244505389842, View Loss -3.3195049653645436, Reg 0.37782154967582304
08-Aug-26 20:16:51 - Epoch 167, Model Loss -1.4937306042590173, View Loss -3.323235197004929, Reg 0.3789444507337084
08-Aug-26 20:17:48 - Epoch 168, Model Loss -1.4961586372525084, View Loss -3.349885953018089, Reg 0.37775087668225654
08-Aug-26 20:18:44 - Epoch 169, Model Loss -1.4964933738209842, View Loss -3.3342657712549943, Reg 0.3779499585332434
08-Aug-26 20:19:40 - Epoch 170, Model Loss -1.5066981190949484, View Loss -3.3505287076912675, Reg 0.3786773958237343
08-Aug-26 20:19:53 - Epoch 170: Train_acc 0.7009803921568627 Val_acc 0.6143790849673203 Test_acc 0.6020942408376964 Test_auc 0.6201098901098901
08-Aug-26 20:20:49 - Epoch 171, Model Loss -1.5034284030689913, View Loss -3.3489880187838685, Reg 0.3776230765324013
08-Aug-26 20:21:45 - Epoch 172, Model Loss -1.4926726522009357, View Loss -3.31030586965723, Reg 0.3784801782735812
08-Aug-26 20:22:41 - Epoch 173, Model Loss -1.5010898752150192, View Loss -3.3347451827105354, Reg 0.37807498823583513
08-Aug-26 20:23:37 - Epoch 174, Model Loss -1.501639590543859, View Loss -3.349406189388699, Reg 0.37797509182512373
08-Aug-26 20:24:34 - Epoch 175, Model Loss -1.4933997010873035, View Loss -3.2950918596554426, Reg 0.3777887116070666
08-Aug-26 20:24:48 - Epoch 175: Train_acc 0.761437908496732 Val_acc 0.5947712418300654 Test_acc 0.6178010471204188 Test_auc 0.62
08-Aug-26 20:25:44 - Epoch 176, Model Loss -1.4962601755179612, View Loss -3.3105528432559344, Reg 0.37752775312249176
08-Aug-26 20:26:40 - Epoch 177, Model Loss -1.5014600660286697, View Loss -3.3310317245184207, Reg 0.3781614749649771
08-Aug-26 20:27:36 - Epoch 178, Model Loss -1.5103319548313914, View Loss -3.331288125779894, Reg 0.37791236845496434
08-Aug-26 20:28:33 - Epoch 179, Model Loss -1.5055748216466966, View Loss -3.3291306713827296, Reg 0.37846306589693807
08-Aug-26 20:29:29 - Epoch 180, Model Loss -1.4939492730533375, View Loss -3.283325360491385, Reg 0.3778329729254729
08-Aug-26 20:29:39 - Epoch 180: Train_acc 0.7565359477124183 Val_acc 0.5751633986928104 Test_acc 0.6020942408376964 Test_auc 0.6232967032967033
08-Aug-26 20:30:35 - Epoch 181, Model Loss -1.5008835387385748, View Loss -3.3119179251926396, Reg 0.37782922718260026
08-Aug-26 20:31:31 - Epoch 182, Model Loss -1.5071761499043383, View Loss -3.3264758758295594, Reg 0.37825164530012345
08-Aug-26 20:32:28 - Epoch 183, Model Loss -1.488291291629567, View Loss -3.276777217590731, Reg 0.3778759198251113
08-Aug-26 20:33:24 - Epoch 184, Model Loss -1.503958614823086, View Loss -3.3147087626987033, Reg 0.3773697437414157
08-Aug-26 20:34:20 - Epoch 185, Model Loss -1.4996774742026735, View Loss -3.319977062200409, Reg 0.3786714885359496
08-Aug-26 20:34:27 - Epoch 185: Train_acc 0.7009803921568627 Val_acc 0.6013071895424836 Test_acc 0.643979057591623 Test_auc 0.6294505494505495
08-Aug-26 20:35:24 - Epoch 186, Model Loss -1.5057492567822823, View Loss -3.360325872508529, Reg 0.37867330063402266
08-Aug-26 20:36:20 - Epoch 187, Model Loss -1.5058728324042425, View Loss -3.368182038949206, Reg 0.3777588751970553
08-Aug-26 20:37:16 - Epoch 188, Model Loss -1.4942569265178605, View Loss -3.2826189527324603, Reg 0.3776233223528644
08-Aug-26 20:38:12 - Epoch 189, Model Loss -1.4919367584527707, View Loss -3.313105829400954, Reg 0.37816235442566715
08-Aug-26 20:39:08 - Epoch 190, Model Loss -1.5024385732762955, View Loss -3.335217581854926, Reg 0.3779429242112278
08-Aug-26 20:39:18 - Epoch 190: Train_acc 0.6993464052287581 Val_acc 0.6209150326797386 Test_acc 0.6387434554973822 Test_auc 0.6381318681318682
08-Aug-26 20:40:15 - Epoch 191, Model Loss -1.5057435752519595, View Loss -3.4054021430171395, Reg 0.37706875216727165
08-Aug-26 20:41:11 - Epoch 192, Model Loss -1.5051931867412491, View Loss -3.371074592365938, Reg 0.37751572622972374
08-Aug-26 20:42:07 - Epoch 193, Model Loss -1.4987554020351834, View Loss -3.3288229711694655, Reg 0.37839161005674626
08-Aug-26 20:43:03 - Epoch 194, Model Loss -1.5014302340987462, View Loss -3.3455319435767876, Reg 0.3778254572862114
08-Aug-26 20:43:59 - Epoch 195, Model Loss -1.507172893075382, View Loss -3.324188313453026, Reg 0.377563652454638
08-Aug-26 20:44:10 - Epoch 195: Train_acc 0.6993464052287581 Val_acc 0.6013071895424836 Test_acc 0.643979057591623 Test_auc 0.6397802197802197
08-Aug-26 20:45:06 - Epoch 196, Model Loss -1.507439650741278, View Loss -3.3340502128102423, Reg 0.37844496361570423
08-Aug-26 20:46:02 - Epoch 197, Model Loss -1.506340631472519, View Loss -3.3226775811388602, Reg 0.3778433871814628
08-Aug-26 20:46:58 - Epoch 198, Model Loss -1.510102159836713, View Loss -3.3442473349228403, Reg 0.3773701543511908
08-Aug-26 20:47:54 - Epoch 199, Model Loss -1.5054585699941598, View Loss -3.3191810682708143, Reg 0.37777265808940713
08-Aug-26 20:48:51 - Epoch 200, Model Loss -1.5192851085288852, View Loss -3.368465651094524, Reg 0.3781910445175919
08-Aug-26 20:49:01 - Epoch 200: Train_acc 0.7075163398692811 Val_acc 0.6078431372549019 Test_acc 0.6596858638743456 Test_auc 0.6372527472527473
08-Aug-26 20:49:57 - Epoch 201, Model Loss -1.5144285064896728, View Loss -3.3555109235975475, Reg 0.3774982649906009
08-Aug-26 20:50:53 - Epoch 202, Model Loss -1.5057623744790072, View Loss -3.31558006885005, Reg 0.3775547316261366
08-Aug-26 20:51:49 - Epoch 203, Model Loss -1.509147126690235, View Loss -3.3636082325106353, Reg 0.37740857305090414
08-Aug-26 20:52:45 - Epoch 204, Model Loss -1.50111218994739, View Loss -3.3010429307526232, Reg 0.3778718300894195
08-Aug-26 20:53:42 - Epoch 205, Model Loss -1.5069931846818114, View Loss -3.322251784256081, Reg 0.37736419563979107
08-Aug-26 20:53:50 - Epoch 205: Train_acc 0.7516339869281046 Val_acc 0.5816993464052288 Test_acc 0.6596858638743456 Test_auc 0.649010989010989
08-Aug-26 20:54:47 - Epoch 206, Model Loss -1.505238177729588, View Loss -3.33500521167431, Reg 0.377567670508927
08-Aug-26 20:55:43 - Epoch 207, Model Loss -1.5065613852606878, View Loss -3.3076070430232027, Reg 0.37750957331626245
08-Aug-26 20:56:39 - Epoch 208, Model Loss -1.5130398008558485, View Loss -3.3441719666025995, Reg 0.37797512143265966
08-Aug-26 20:57:35 - Epoch 209, Model Loss -1.50963754591599, View Loss -3.3546854062797196, Reg 0.37794508497699414
08-Aug-26 20:58:31 - Epoch 210, Model Loss -1.5134475402582706, View Loss -3.334939560859032, Reg 0.3772155019192914
08-Aug-26 20:58:41 - Epoch 210: Train_acc 0.6862745098039216 Val_acc 0.6078431372549019 Test_acc 0.6335078534031413 Test_auc 0.6394505494505495
08-Aug-26 20:59:38 - Epoch 211, Model Loss -1.5194050907309538, View Loss -3.354743552363776, Reg 0.37742021251348107
08-Aug-26 21:00:34 - Epoch 212, Model Loss -1.5101395089641896, View Loss -3.3170053070666743, Reg 0.37729616648231457
08-Aug-26 21:01:30 - Epoch 213, Model Loss -1.510879871891994, View Loss -3.328609432270324, Reg 0.37722477511642805
08-Aug-26 21:02:27 - Epoch 214, Model Loss -1.500880288142784, View Loss -3.2834121635536744, Reg 0.37746912825341317
08-Aug-26 21:03:23 - Epoch 215, Model Loss -1.5101298787235435, View Loss -3.3357561772165734, Reg 0.37768016142003674
08-Aug-26 21:03:36 - Epoch 215: Train_acc 0.7075163398692811 Val_acc 0.6209150326797386 Test_acc 0.6387434554973822 Test_auc 0.6365934065934065
08-Aug-26 21:04:32 - Epoch 216, Model Loss -1.5120235112757465, View Loss -3.3416173878838036, Reg 0.3772142410667893
08-Aug-26 21:05:28 - Epoch 217, Model Loss -1.50679633819979, View Loss -3.3265969987009085, Reg 0.3774181769953834
08-Aug-26 21:06:25 - Epoch 218, Model Loss -1.513091654559366, View Loss -3.3459267616271973, Reg 0.3776390663549012
08-Aug-26 21:07:21 - Epoch 219, Model Loss -1.52290170644623, View Loss -3.359285853267495, Reg 0.3774676502140519
08-Aug-26 21:08:17 - Epoch 220, Model Loss -1.519106363159379, View Loss -3.3541082182740856, Reg 0.3773371125358382
08-Aug-26 21:08:33 - Epoch 220: Train_acc 0.7549019607843137 Val_acc 0.6209150326797386 Test_acc 0.6073298429319371 Test_auc 0.6267032967032967
08-Aug-26 21:09:29 - Epoch 221, Model Loss -1.5167696678560543, View Loss -3.3509233761457056, Reg 0.3772200279765659
08-Aug-26 21:10:26 - Epoch 222, Model Loss -1.51933372098636, View Loss -3.3494546179677926, Reg 0.3773113471620223
08-Aug-26 21:11:22 - Epoch 223, Model Loss -1.5135380863364225, View Loss -3.3335128578485227, Reg 0.37727321479834763
08-Aug-26 21:12:18 - Epoch 224, Model Loss -1.5170065717759476, View Loss -3.356256943123013, Reg 0.3773774489078646
08-Aug-26 21:13:15 - Epoch 225, Model Loss -1.51806166281108, View Loss -3.3605479975931005, Reg 0.3773622286865135
08-Aug-26 21:13:27 - Epoch 225: Train_acc 0.704248366013072 Val_acc 0.6143790849673203 Test_acc 0.6335078534031413 Test_auc 0.6391208791208791
08-Aug-26 21:14:23 - Epoch 226, Model Loss -1.5171543663623286, View Loss -3.3429440174227447, Reg 0.3774348423371907
08-Aug-26 21:15:20 - Epoch 227, Model Loss -1.515591244292415, View Loss -3.3480728062149745, Reg 0.37666133396765766
08-Aug-26 21:16:16 - Epoch 228, Model Loss -1.5249009942696765, View Loss -3.3574051109014773, Reg 0.37672771854338305
08-Aug-26 21:17:12 - Epoch 229, Model Loss -1.5200852475135156, View Loss -3.347190130769817, Reg 0.37685492459465475
08-Aug-26 21:18:08 - Epoch 230, Model Loss -1.520040406121148, View Loss -3.346651117786083, Reg 0.37693701772128835
08-Aug-26 21:18:19 - Epoch 230: Train_acc 0.7009803921568627 Val_acc 0.6078431372549019 Test_acc 0.6282722513089005 Test_auc 0.6467032967032967
08-Aug-26 21:19:16 - Epoch 231, Model Loss -1.5166162603041704, View Loss -3.348367987115399, Reg 0.3766717287450055
08-Aug-26 21:20:12 - Epoch 232, Model Loss -1.5120722951452716, View Loss -3.3537280356961916, Reg 0.3760843438650268
08-Aug-26 21:21:08 - Epoch 233, Model Loss -1.5171632891386941, View Loss -3.3405740837645688, Reg 0.37674876385264927
08-Aug-26 21:22:04 - Epoch 234, Model Loss -1.5142450332641602, View Loss -3.3346553316303327, Reg 0.376969596724105
08-Aug-26 21:23:00 - Epoch 235, Model Loss -1.516491004844117, View Loss -3.3107326981288936, Reg 0.37642375277537926
08-Aug-26 21:23:10 - Epoch 235: Train_acc 0.8611111111111112 Val_acc 0.5947712418300654 Test_acc 0.5287958115183246 Test_auc 0.5457142857142857
08-Aug-26 21:24:06 - Epoch 236, Model Loss -1.5174784317515255, View Loss -3.348687022340064, Reg 0.3762595320449156
08-Aug-26 21:25:02 - Epoch 237, Model Loss -1.522280721103444, View Loss -3.3517851299709744, Reg 0.3763811264941895
08-Aug-26 21:25:59 - Epoch 238, Model Loss -1.5181197870790568, View Loss -3.3488734158035975, Reg 0.3763791135713166
08-Aug-26 21:26:55 - Epoch 239, Model Loss -1.5159896027808095, View Loss -3.325617357017168, Reg 0.3763267861472236
08-Aug-26 21:27:51 - Epoch 240, Model Loss -1.5098086338417203, View Loss -3.2964919750986534, Reg 0.37600726551479763
08-Aug-26 21:27:58 - Epoch 240: Train_acc 0.7630718954248366 Val_acc 0.5816993464052288 Test_acc 0.6073298429319371 Test_auc 0.6358241758241758
08-Aug-26 21:28:54 - Epoch 241, Model Loss -1.5122451782226562, View Loss -3.3154904483969694, Reg 0.37622886078030454
08-Aug-26 21:29:50 - Epoch 242, Model Loss -1.520293195263233, View Loss -3.360897020576826, Reg 0.3759339276482077
08-Aug-26 21:30:46 - Epoch 243, Model Loss -1.5167248171139387, View Loss -3.353551830341613, Reg 0.3757767157227385
08-Aug-26 21:31:43 - Epoch 244, Model Loss -1.5205772312638026, View Loss -3.366400544160332, Reg 0.3759983287138097
08-Aug-26 21:32:39 - Epoch 245, Model Loss -1.5176852388319626, View Loss -3.332357347401139, Reg 0.37548627261242834
08-Aug-26 21:32:47 - Epoch 245: Train_acc 0.7058823529411765 Val_acc 0.6143790849673203 Test_acc 0.6230366492146597 Test_auc 0.6484615384615384
08-Aug-26 21:33:43 - Epoch 246, Model Loss -1.506228169584586, View Loss -3.297774383445191, Reg 0.3753342647957646
08-Aug-26 21:34:39 - Epoch 247, Model Loss -1.5108906054029279, View Loss -3.3157973476484712, Reg 0.3753918695683573
08-Aug-26 21:35:35 - Epoch 248, Model Loss -1.5044456712560716, View Loss -3.2517656189164303, Reg 0.37554452524465676
08-Aug-26 21:36:31 - Epoch 249, Model Loss -1.5045804042442172, View Loss -3.3235448762482287, Reg 0.3753967148805755
08-Aug-26 21:37:27 - Epoch 250, Model Loss -1.4896262985428954, View Loss -3.201356872234469, Reg 0.3751128107504128
08-Aug-26 21:37:38 - Epoch 250: Train_acc 0.7124183006535948 Val_acc 0.6013071895424836 Test_acc 0.6230366492146597 Test_auc 0.6508791208791209
08-Aug-26 21:38:34 - Epoch 251, Model Loss -1.4975535074869792, View Loss -3.298179479985455, Reg 0.37496064924726297
08-Aug-26 21:39:30 - Epoch 252, Model Loss -1.5130179536108876, View Loss -3.343962058522343, Reg 0.3752078209437576
08-Aug-26 21:40:27 - Epoch 253, Model Loss -1.5115526361403122, View Loss -3.356165362339394, Reg 0.37467272219315073
08-Aug-26 21:41:23 - Epoch 254, Model Loss -1.5127000029570137, View Loss -3.3524939406151866, Reg 0.3747287754919015
08-Aug-26 21:42:19 - Epoch 255, Model Loss -1.5099156635259492, View Loss -3.3328624394984026, Reg 0.37491990518725776
08-Aug-26 21:42:31 - Epoch 255: Train_acc 0.7467320261437909 Val_acc 0.5816993464052288 Test_acc 0.6282722513089005 Test_auc 0.635054945054945
08-Aug-26 21:43:27 - Epoch 256, Model Loss -1.5119561962052888, View Loss -3.3402272891374976, Reg 0.37483367479704566
08-Aug-26 21:44:23 - Epoch 257, Model Loss -1.4992389180301842, View Loss -3.262512652702581, Reg 0.3745261604100271
08-Aug-26 21:45:19 - Epoch 258, Model Loss -1.5113120920517866, View Loss -3.3250113125720056, Reg 0.37450499822890837
08-Aug-26 21:46:16 - Epoch 259, Model Loss -1.4994463484271678, View Loss -3.279404699412826, Reg 0.3741040479123982
08-Aug-26 21:47:12 - Epoch 260, Model Loss -1.5158440957661548, View Loss -3.3327875760645647, Reg 0.37427157903808395
08-Aug-26 21:47:24 - Epoch 260: Train_acc 0.6977124183006536 Val_acc 0.6209150326797386 Test_acc 0.6387434554973822 Test_auc 0.6481318681318681
08-Aug-26 21:48:20 - Epoch 261, Model Loss -1.515851784375758, View Loss -3.346193968081007, Reg 0.3744008393069498
08-Aug-26 21:49:16 - Epoch 262, Model Loss -1.5201153287700577, View Loss -3.32987315047021, Reg 0.37419113399935705
08-Aug-26 21:50:12 - Epoch 263, Model Loss -1.5203283440832998, View Loss -3.3538662374409194, Reg 0.37442761425878485
08-Aug-26 21:51:09 - Epoch 264, Model Loss -1.5191407172508489, View Loss -3.351407150817073, Reg 0.3739479577619266
08-Aug-26 21:52:05 - Epoch 265, Model Loss -1.513021363152398, View Loss -3.3494447726829377, Reg 0.3740360203132131
08-Aug-26 21:52:15 - Epoch 265: Train_acc 0.7418300653594772 Val_acc 0.6143790849673203 Test_acc 0.6073298429319371 Test_auc 0.6232967032967033
08-Aug-26 21:53:12 - Epoch 266, Model Loss -1.5237591438044131, View Loss -3.3489304056354596, Reg 0.37379736370510525
08-Aug-26 21:54:08 - Epoch 267, Model Loss -1.520442909664578, View Loss -3.3470103600445915, Reg 0.37375925744281097
08-Aug-26 21:55:04 - Epoch 268, Model Loss -1.522434228385975, View Loss -3.3552574830896713, Reg 0.3740590577032052
08-Aug-26 21:56:00 - Epoch 269, Model Loss -1.5295306498708288, View Loss -3.36320639591591, Reg 0.37362276767593583
08-Aug-26 21:56:57 - Epoch 270, Model Loss -1.519328706404742, View Loss -3.3446438889098324, Reg 0.37383313545214586
08-Aug-26 21:57:05 - Epoch 270: Train_acc 0.7156862745098039 Val_acc 0.6143790849673203 Test_acc 0.6282722513089005 Test_auc 0.6319780219780219
08-Aug-26 21:58:01 - Epoch 271, Model Loss -1.5256331263024823, View Loss -3.3512045822891534, Reg 0.3737999500792011
08-Aug-26 21:58:57 - Epoch 272, Model Loss -1.5254325118719363, View Loss -3.3322176247640374, Reg 0.3735201845761218
08-Aug-26 21:59:53 - Epoch 273, Model Loss -1.5269888210919946, View Loss -3.3447552942762186, Reg 0.3736865413344763
08-Aug-26 22:00:50 - Epoch 274, Model Loss -1.5196490256614934, View Loss -3.337725190555348, Reg 0.3739878854720421
08-Aug-26 22:01:46 - Epoch 275, Model Loss -1.5154180059245987, View Loss -3.334243627934674, Reg 0.37373190358573316
08-Aug-26 22:01:57 - Epoch 275: Train_acc 0.7009803921568627 Val_acc 0.6274509803921569 Test_acc 0.643979057591623 Test_auc 0.6252747252747253
08-Aug-26 22:02:53 - Epoch 276, Model Loss -1.5165835268357222, View Loss -3.3356271849738226, Reg 0.37348579211172717
08-Aug-26 22:03:49 - Epoch 277, Model Loss -1.5111917857251136, View Loss -3.303751555922764, Reg 0.3733943484577478
08-Aug-26 22:04:46 - Epoch 278, Model Loss -1.5194823071847554, View Loss -3.3422273062413037, Reg 0.3738958633023929
08-Aug-26 22:05:42 - Epoch 279, Model Loss -1.516768701715407, View Loss -3.3418990209990858, Reg 0.3733894410086613
08-Aug-26 22:06:39 - Epoch 280, Model Loss -1.5052304797702365, View Loss -3.2357385018292595, Reg 0.37335579944591896
08-Aug-26 22:06:50 - Epoch 280: Train_acc 0.696078431372549 Val_acc 0.6209150326797386 Test_acc 0.6282722513089005 Test_auc 0.6362637362637362
08-Aug-26 22:07:46 - Epoch 281, Model Loss -1.516139229917838, View Loss -3.3084117166357103, Reg 0.3736446192061979
08-Aug-26 22:08:42 - Epoch 282, Model Loss -1.5176088981379092, View Loss -3.334641160528644, Reg 0.3733923569613812
08-Aug-26 22:09:38 - Epoch 283, Model Loss -1.5140488942464192, View Loss -3.3103398746914334, Reg 0.3736774095522812
08-Aug-26 22:10:34 - Epoch 284, Model Loss -1.515731771007862, View Loss -3.3198762719148123, Reg 0.3733606782614016
08-Aug-26 22:11:31 - Epoch 285, Model Loss -1.522376970527998, View Loss -3.34611080518735, Reg 0.3736250217443977
08-Aug-26 22:11:44 - Epoch 285: Train_acc 0.6911764705882353 Val_acc 0.6078431372549019 Test_acc 0.6230366492146597 Test_auc 0.6275824175824176
08-Aug-26 22:12:40 - Epoch 286, Model Loss -1.5194265889186485, View Loss -3.326979665195241, Reg 0.3734912095116634
08-Aug-26 22:13:36 - Epoch 287, Model Loss -1.5228490206151226, View Loss -3.3756955153022714, Reg 0.3732055686657725
08-Aug-26 22:14:32 - Epoch 288, Model Loss -1.5152039995380477, View Loss -3.4010296179578194, Reg 0.3730484728330101
08-Aug-26 22:15:29 - Epoch 289, Model Loss -1.5268019663742165, View Loss -3.3681234596601497, Reg 0.3731151996484769
08-Aug-26 22:16:25 - Epoch 290, Model Loss -1.523254977332221, View Loss -3.335201456655864, Reg 0.3733944125424803
08-Aug-26 22:16:36 - Epoch 290: Train_acc 0.6944444444444444 Val_acc 0.6143790849673203 Test_acc 0.5968586387434555 Test_auc 0.6249450549450549
08-Aug-26 22:17:32 - Epoch 291, Model Loss -1.526991202161203, View Loss -3.355955276613921, Reg 0.37326596881829055
08-Aug-26 22:18:28 - Epoch 292, Model Loss -1.5268991258409288, View Loss -3.3719495916678235, Reg 0.37332138789245506
08-Aug-26 22:19:25 - Epoch 293, Model Loss -1.5264979842441533, View Loss -3.3515702197754305, Reg 0.3730800962136462
08-Aug-26 22:20:21 - Epoch 294, Model Loss -1.526747074002534, View Loss -3.3428921824187237, Reg 0.37351282612950193
08-Aug-26 22:21:17 - Epoch 295, Model Loss -1.5264912399591184, View Loss -3.3346879560183855, Reg 0.3731784045306686
08-Aug-26 22:21:34 - Epoch 295: Train_acc 0.7026143790849673 Val_acc 0.5882352941176471 Test_acc 0.6178010471204188 Test_auc 0.6210989010989012
08-Aug-26 22:22:30 - Epoch 296, Model Loss -1.5229540868522295, View Loss -3.3500399807699366, Reg 0.3732287700659309
08-Aug-26 22:23:26 - Epoch 297, Model Loss -1.531650081958646, View Loss -3.3557924694485135, Reg 0.3731674466257781
08-Aug-26 22:24:22 - Epoch 298, Model Loss -1.5282465087042914, View Loss -3.3403569639118667, Reg 0.3732677018330767
08-Aug-26 22:25:18 - Epoch 299, Model Loss -1.531546539730496, View Loss -3.3521351751938364, Reg 0.3731293047175688
08-Aug-26 22:26:14 - Epoch 300, Model Loss -1.5156448806812561, View Loss -3.2648086173861635, Reg 0.37289188948332097
08-Aug-26 22:26:31 - Epoch 300: Train_acc 0.6993464052287581 Val_acc 0.6078431372549019 Test_acc 0.6230366492146597 Test_auc 0.6349450549450549
08-Aug-26 22:26:31 - FinishedTraining! BestEpoch (eval-interval index): 1
08-Aug-26 22:26:31 - Wrote /users/3171356m/muhammad/GraSTIACL/nested_cv/results/nocombat__emb256_bs32__fold1.json
08-Aug-26 22:26:31 - {
  "emb_dim": 256,
  "batch_size": 32,
  "fold": 1,
  "combat": false,
  "n_train": 612,
  "n_val": 153,
  "n_test": 191,
  "best_val_epoch_idx": 1,
  "train_accuracy": 0.7189542483660131,
  "val_accuracy": 0.6601307189542484,
  "test_accuracy": 0.5968586387434555,
  "train_f1": 0.7084745762711865,
  "val_f1": 0.6388888888888888,
  "test_f1": 0.5792349726775956,
  "train_sensitivity": 0.7182130559511579,
  "val_sensitivity": 0.6301369776693565,
  "test_sensitivity": 0.5824175760173893,
  "train_specificity": 0.719626165982473,
  "val_specificity": 0.6874999914062502,
  "test_specificity": 0.6099999939,
  "train_precision": 0.6989966555183946,
  "val_precision": 0.647887323943662,
  "test_precision": 0.5760869565217391,
  "test_auc": 0.6152747252747254,
  "fin_reg": 0.43331517230451494
}
