09-Aug-26 17:15:34 - Using Device: cuda
09-Aug-26 17:15:34 - Seed: 123, Fold: 3, ComBat: True
09-Aug-26 17:15:34 - Namespace(fold=3, combat=True, num_dyn_windows=3, model_lr=0.0005, view_lr=0.0005, num_gc_layers=2, pooling_type='standard', emb_dim=512, vib_hidden_dim=400, batch_size=128, drop_ratio=0.3, epochs=300, kld_lambda=0.003, reg_lambda=0.2, gamma_mode='paper_literal', node_feature_mode='alff_pcc', mij_source='alff', template=90, eval_interval=5, downstream_classifier='linear', ce_lambda=2.0, seed=123)
09-Aug-26 17:15:34 - Loading raw subject data...
09-Aug-26 17:19:31 - Loaded 956 subjects (455 ASD, 501 NC)
09-Aug-26 17:19:32 - alff_pcc scale stats (train_val_idx only): alff=[-3.4032,4.8153] pcc=[-0.6631,1.0129]
09-Aug-26 17:19:32 - Train/Val/Test sizes: 612/153/191
09-Aug-26 17:20:33 - Epoch 1, Model Loss 1.2220855795480068, View Loss -8.708819096384484, Reg 0.43799805894396665
09-Aug-26 17:21:33 - Epoch 2, Model Loss 0.39074842982432423, View Loss -5.887028270297581, Reg 0.37149779294051377
09-Aug-26 17:22:32 - Epoch 3, Model Loss 0.28502052588984855, View Loss -2.4811619527978834, Reg 0.4251991759717854
09-Aug-26 17:23:31 - Epoch 4, Model Loss 0.1683597677551648, View Loss -2.1896985512153777, Reg 0.4229024987594754
09-Aug-26 17:24:30 - Epoch 5, Model Loss 0.1516973131817151, View Loss -3.1654902751149696, Reg 0.4164649084502575
09-Aug-26 17:24:49 - Epoch 5: Train_acc 0.7810457516339869 Val_acc 0.6143790849673203 Test_acc 0.5759162303664922 Test_auc 0.6041758241758242
09-Aug-26 17:25:48 - Epoch 6, Model Loss 0.09588269149166306, View Loss -3.7979901507009868, Reg 0.4017423081631754
09-Aug-26 17:26:47 - Epoch 7, Model Loss 0.07989260164740818, View Loss -3.7760415077209473, Reg 0.39453178624701657
09-Aug-26 17:27:46 - Epoch 8, Model Loss 0.0651516345591327, View Loss -3.699542827855528, Reg 0.3939886940460579
09-Aug-26 17:28:45 - Epoch 9, Model Loss 0.05872860083393022, View Loss -3.6843770719042013, Reg 0.39334292271557975
09-Aug-26 17:29:44 - Epoch 10, Model Loss 0.0775705471732258, View Loss -3.597473906535728, Reg 0.39308399429508284
/users/3171356m/miniconda3/envs/grastiacl/lib/python3.12/site-packages/joblib/externals/loky/process_executor.py:782: UserWarning: A worker stopped while some jobs were given to the executor. This can be caused by a too short worker timeout or by a memory leak.
  warnings.warn(
09-Aug-26 17:29:58 - Epoch 10: Train_acc 0.7826797385620915 Val_acc 0.6143790849673203 Test_acc 0.5916230366492147 Test_auc 0.6105494505494506
09-Aug-26 17:30:57 - Epoch 11, Model Loss 0.09704708215457941, View Loss -3.4920697960199094, Reg 0.40700874979199925
09-Aug-26 17:31:55 - Epoch 12, Model Loss 0.3574812334347395, View Loss -3.370877594729654, Reg 0.45124387974832575
09-Aug-26 17:32:54 - Epoch 13, Model Loss 2.0514472886627795, View Loss -3.1226027806599936, Reg 0.5579185791654524
09-Aug-26 17:33:52 - Epoch 14, Model Loss 3.6694724840276383, View Loss -1.0267187668607125, Reg 0.4393043609616024
09-Aug-26 17:34:50 - Epoch 15, Model Loss 1.915164171480665, View Loss 0.1649204858767441, Reg 0.4111578205442117
09-Aug-26 17:35:04 - Epoch 15: Train_acc 0.761437908496732 Val_acc 0.6405228758169934 Test_acc 0.6230366492146597 Test_auc 0.6512087912087912
09-Aug-26 17:36:02 - Epoch 16, Model Loss 3.0835613799250985, View Loss -0.18203853859620936, Reg 0.3948528597167894
09-Aug-26 17:37:00 - Epoch 17, Model Loss 4.292983478969997, View Loss 1.3452380295672448, Reg 0.3982102870941162
09-Aug-26 17:37:57 - Epoch 18, Model Loss 4.295965158861447, View Loss 1.0234910074402304, Reg 0.40270739150982277
09-Aug-26 17:38:55 - Epoch 19, Model Loss 0.905539700408387, View Loss 1.2502990945491916, Reg 0.43641796338012795
09-Aug-26 17:39:52 - Epoch 20, Model Loss 0.3697335672339583, View Loss 1.4272475601021761, Reg 0.38760683914415195
/users/3171356m/miniconda3/envs/grastiacl/lib/python3.12/site-packages/joblib/externals/loky/process_executor.py:782: UserWarning: A worker stopped while some jobs were given to the executor. This can be caused by a too short worker timeout or by a memory leak.
  warnings.warn(
09-Aug-26 17:40:04 - Epoch 20: Train_acc 0.803921568627451 Val_acc 0.6993464052287581 Test_acc 0.5968586387434555 Test_auc 0.6321978021978021
09-Aug-26 17:41:01 - Epoch 21, Model Loss 0.27464845069848437, View Loss 1.789431041362239, Reg 0.41090965309953376
09-Aug-26 17:41:58 - Epoch 22, Model Loss 0.22240394879789913, View Loss 1.9457796336778628, Reg 0.41414690387794395
09-Aug-26 17:42:55 - Epoch 23, Model Loss 0.1707421829497892, View Loss 2.0291658530827443, Reg 0.4187202180912292
09-Aug-26 17:43:52 - Epoch 24, Model Loss 0.13656219479694864, View Loss 2.0905140202029857, Reg 0.40223150802593605
09-Aug-26 17:44:50 - Epoch 25, Model Loss 0.09687913009543823, View Loss 2.1271164993834653, Reg 0.42142292428639977
09-Aug-26 17:44:58 - Epoch 25: Train_acc 0.8071895424836601 Val_acc 0.673202614379085 Test_acc 0.6230366492146597 Test_auc 0.6864835164835165
09-Aug-26 17:45:55 - Epoch 26, Model Loss 0.08704944286081526, View Loss 2.1444830769806904, Reg 0.4033074694521287
09-Aug-26 17:46:52 - Epoch 27, Model Loss 0.07638825943656996, View Loss 2.1278635286817362, Reg 0.40452641560361274
09-Aug-26 17:47:49 - Epoch 28, Model Loss 0.05808906529853546, View Loss 2.024459016089346, Reg 0.4046188998066522
09-Aug-26 17:48:46 - Epoch 29, Model Loss 0.046826639011794444, View Loss 1.7515975353764552, Reg 0.40958453159706265
09-Aug-26 17:49:43 - Epoch 30, Model Loss 0.04686552422498566, View Loss 1.1379244214569042, Reg 0.4067879508133807
09-Aug-26 17:49:52 - Epoch 30: Train_acc 0.7516339869281046 Val_acc 0.5555555555555556 Test_acc 0.5602094240837696 Test_auc 0.6152747252747253
09-Aug-26 17:50:49 - Epoch 31, Model Loss 0.0437593639286515, View Loss 0.11720229870353649, Reg 0.4153652906028274
09-Aug-26 17:51:46 - Epoch 32, Model Loss 0.03067846041099698, View Loss -0.982678613631554, Reg 0.40987037248860775
09-Aug-26 17:52:43 - Epoch 33, Model Loss 0.031571222481384775, View Loss -1.7493440528321111, Reg 0.40396709360328376
09-Aug-26 17:53:40 - Epoch 34, Model Loss 0.03535952589480706, View Loss -2.11639487509634, Reg 0.3987051361526539
09-Aug-26 17:54:37 - Epoch 35, Model Loss 0.028336127988653245, View Loss -2.269209891362907, Reg 0.39383031632386
09-Aug-26 17:54:46 - Epoch 35: Train_acc 1.0 Val_acc 0.5490196078431373 Test_acc 0.5235602094240838 Test_auc 0.5301098901098902
09-Aug-26 17:55:43 - Epoch 36, Model Loss 0.01855068054853701, View Loss -2.3232445171455933, Reg 0.39303648432874994
09-Aug-26 17:56:40 - Epoch 37, Model Loss 0.03896479688438715, View Loss -2.3306591386109394, Reg 0.39837368835810744
09-Aug-26 17:57:37 - Epoch 38, Model Loss 0.04133839359860015, View Loss -2.323995392306957, Reg 0.39619846651756685
09-Aug-26 17:58:34 - Epoch 39, Model Loss 0.0321500573088141, View Loss -2.308015013052747, Reg 0.39901914393979737
09-Aug-26 17:59:31 - Epoch 40, Model Loss 0.045793269973954345, View Loss -2.2907284568337833, Reg 0.40104275571754555
09-Aug-26 17:59:40 - Epoch 40: Train_acc 0.8660130718954249 Val_acc 0.5686274509803921 Test_acc 0.5654450261780105 Test_auc 0.5694505494505495
09-Aug-26 18:00:37 - Epoch 41, Model Loss 0.047636713759571896, View Loss -2.2964625483244854, Reg 0.4034147554752873
09-Aug-26 18:01:34 - Epoch 42, Model Loss 0.06028129608412973, View Loss -2.2813344734166963, Reg 0.40824414331928577
09-Aug-26 18:02:31 - Epoch 43, Model Loss 0.08362399898712931, View Loss -2.274300173217175, Reg 0.41244930301616395
09-Aug-26 18:03:28 - Epoch 44, Model Loss 0.12023985312849868, View Loss -2.2756889006670784, Reg 0.4204929922920427
09-Aug-26 18:04:25 - Epoch 45, Model Loss 0.18011140993802377, View Loss -2.2634441603242963, Reg 0.44151756420634153
09-Aug-26 18:04:32 - Epoch 45: Train_acc 1.0 Val_acc 0.477124183006536 Test_acc 0.4973821989528796 Test_auc 0.522087912087912
09-Aug-26 18:05:29 - Epoch 46, Model Loss 0.2757411238804362, View Loss -2.2844474751964894, Reg 0.45968037551524593
09-Aug-26 18:06:26 - Epoch 47, Model Loss 0.2959588957232198, View Loss -2.294241239821989, Reg 0.4616604766814537
09-Aug-26 18:07:23 - Epoch 48, Model Loss 0.185502266426102, View Loss -2.2972016973433154, Reg 0.44298247379415173
09-Aug-26 18:08:21 - Epoch 49, Model Loss 0.09430955574403402, View Loss -2.2781152631722246, Reg 0.4233074086943483
09-Aug-26 18:09:18 - Epoch 50, Model Loss 0.025982001053741554, View Loss -2.25882790914548, Reg 0.40202050933650896
09-Aug-26 18:09:28 - Epoch 50: Train_acc 1.0 Val_acc 0.5163398692810458 Test_acc 0.5340314136125655 Test_auc 0.5395604395604395
09-Aug-26 18:10:25 - Epoch 51, Model Loss 0.014406109460039077, View Loss -2.2409564622866562, Reg 0.4003559964544633
09-Aug-26 18:11:22 - Epoch 52, Model Loss 0.001717765054671593, View Loss -2.2364153114019656, Reg 0.40517645236713434
09-Aug-26 18:12:19 - Epoch 53, Model Loss 0.0011849826067880868, View Loss -2.231694841696546, Reg 0.40211986774712605
09-Aug-26 18:13:17 - Epoch 54, Model Loss -0.00657784276538425, View Loss -2.235868491378485, Reg 0.4061773571313596
09-Aug-26 18:14:14 - Epoch 55, Model Loss -0.013691397469028149, View Loss -2.222742197560329, Reg 0.4008771675864076
09-Aug-26 18:14:19 - Epoch 55: Train_acc 0.7696078431372549 Val_acc 0.6078431372549019 Test_acc 0.5968586387434555 Test_auc 0.6265934065934067
09-Aug-26 18:15:16 - Epoch 56, Model Loss -0.014608998509014355, View Loss -2.218951248655132, Reg 0.40052342590163736
09-Aug-26 18:16:13 - Epoch 57, Model Loss -0.020388959766992558, View Loss -2.2098734254151386, Reg 0.39571110115331765
09-Aug-26 18:17:10 - Epoch 58, Model Loss -0.01851705417913549, View Loss -2.2154198331770556, Reg 0.39696721333304263
09-Aug-26 18:18:07 - Epoch 59, Model Loss -0.025282876359091863, View Loss -2.219927016426535, Reg 0.3903779724454568
09-Aug-26 18:19:04 - Epoch 60, Model Loss -0.02173173193838082, View Loss -2.211283384584913, Reg 0.39257438178935083
09-Aug-26 18:19:11 - Epoch 60: Train_acc 0.869281045751634 Val_acc 0.5751633986928104 Test_acc 0.581151832460733 Test_auc 0.588901098901099
09-Aug-26 18:20:08 - Epoch 61, Model Loss -0.028100467195697858, View Loss -2.2008282405878203, Reg 0.39140429878546523
09-Aug-26 18:21:05 - Epoch 62, Model Loss -0.027132260059219558, View Loss -2.213104545680526, Reg 0.3936094655320535
09-Aug-26 18:22:02 - Epoch 63, Model Loss -0.028261037823421504, View Loss -2.1982759852814517, Reg 0.39034195896846796
09-Aug-26 18:22:59 - Epoch 64, Model Loss -0.03139328157979678, View Loss -2.200079564175575, Reg 0.3887465607886221
09-Aug-26 18:23:57 - Epoch 65, Model Loss -0.029804585026759728, View Loss -2.1920256256278043, Reg 0.39164843921567877
09-Aug-26 18:24:03 - Epoch 65: Train_acc 0.8774509803921569 Val_acc 0.5751633986928104 Test_acc 0.5706806282722513 Test_auc 0.5912087912087912
09-Aug-26 18:25:00 - Epoch 66, Model Loss -0.028924543288798114, View Loss -2.1818985315709334, Reg 0.38773729364856396
09-Aug-26 18:25:57 - Epoch 67, Model Loss -0.03132687557756511, View Loss -2.195118422601737, Reg 0.3913308280745363
09-Aug-26 18:26:54 - Epoch 68, Model Loss -0.03391860844263064, View Loss -2.192279616212533, Reg 0.38878946230302447
09-Aug-26 18:27:51 - Epoch 69, Model Loss -0.03685313054159576, View Loss -2.2075311187046025, Reg 0.3904653795404372
09-Aug-26 18:28:48 - Epoch 70, Model Loss -0.03941106002509984, View Loss -2.203867669199027, Reg 0.3927563791181527
09-Aug-26 18:28:54 - Epoch 70: Train_acc 0.9656862745098039 Val_acc 0.5424836601307189 Test_acc 0.5235602094240838 Test_auc 0.559010989010989
09-Aug-26 18:29:51 - Epoch 71, Model Loss -0.03791117188490294, View Loss -2.2105210887061224, Reg 0.3870483260918287
09-Aug-26 18:30:48 - Epoch 72, Model Loss -0.03767835823636429, View Loss -2.193950143514895, Reg 0.38814162409383485
09-Aug-26 18:31:45 - Epoch 73, Model Loss -0.04205078753380993, View Loss -2.1894581208821218, Reg 0.39014265720361196
09-Aug-26 18:32:43 - Epoch 74, Model Loss -0.0437069646040209, View Loss -2.1805653727911656, Reg 0.38606178974793626
09-Aug-26 18:33:40 - Epoch 75, Model Loss -0.047612842683698614, View Loss -2.174292642306658, Reg 0.39204010562179914
09-Aug-26 18:33:47 - Epoch 75: Train_acc 0.9640522875816994 Val_acc 0.5555555555555556 Test_acc 0.5549738219895288 Test_auc 0.5551648351648352
09-Aug-26 18:34:44 - Epoch 76, Model Loss -0.042267029191933425, View Loss -2.182950359543944, Reg 0.38909107193448184
09-Aug-26 18:35:41 - Epoch 77, Model Loss -0.0487579697487401, View Loss -2.1814814533283506, Reg 0.3869938410185521
09-Aug-26 18:36:38 - Epoch 78, Model Loss -0.04352649873475623, View Loss -2.1800398000704697, Reg 0.3904910595978008
09-Aug-26 18:37:36 - Epoch 79, Model Loss -0.0467547144180809, View Loss -2.1775030123642067, Reg 0.38733673641105104
09-Aug-26 18:38:33 - Epoch 80, Model Loss -0.04215241855412137, View Loss -2.1743489651898154, Reg 0.38967223358310127
09-Aug-26 18:38:41 - Epoch 80: Train_acc 1.0 Val_acc 0.5294117647058824 Test_acc 0.5235602094240838 Test_auc 0.531978021978022
09-Aug-26 18:39:38 - Epoch 81, Model Loss -0.045400336421295706, View Loss -2.1745034697788213, Reg 0.3890053228615156
09-Aug-26 18:40:35 - Epoch 82, Model Loss -0.05486424530253691, View Loss -2.173158298130908, Reg 0.3857865649111131
09-Aug-26 18:41:32 - Epoch 83, Model Loss -0.04978020869049372, View Loss -2.1743203643100713, Reg 0.3897055247250725
09-Aug-26 18:42:30 - Epoch 84, Model Loss -0.04835811569020639, View Loss -2.1728939262090945, Reg 0.3868984112552568
09-Aug-26 18:43:27 - Epoch 85, Model Loss -0.04967056037066809, View Loss -2.1772728854534673, Reg 0.3878529601626926
09-Aug-26 18:43:36 - Epoch 85: Train_acc 0.8660130718954249 Val_acc 0.5686274509803921 Test_acc 0.581151832460733 Test_auc 0.5951648351648351
09-Aug-26 18:44:33 - Epoch 86, Model Loss -0.049417821507827905, View Loss -2.171247857848024, Reg 0.38808898695933275
09-Aug-26 18:45:30 - Epoch 87, Model Loss -0.052778505421931445, View Loss -2.1757408232470743, Reg 0.38523827931460214
09-Aug-26 18:46:27 - Epoch 88, Model Loss -0.05549233470087737, View Loss -2.1710329881680557, Reg 0.3899972479717404
09-Aug-26 18:47:24 - Epoch 89, Model Loss -0.054938972093700585, View Loss -2.16989148831835, Reg 0.3848767035147723
09-Aug-26 18:48:21 - Epoch 90, Model Loss -0.058035327912935246, View Loss -2.1734928243300495, Reg 0.38718147312893586
09-Aug-26 18:48:29 - Epoch 90: Train_acc 0.9624183006535948 Val_acc 0.5555555555555556 Test_acc 0.5235602094240838 Test_auc 0.5574725274725275
09-Aug-26 18:49:26 - Epoch 91, Model Loss -0.061305701148276236, View Loss -2.1777010930129905, Reg 0.38673924971250145
09-Aug-26 18:50:24 - Epoch 92, Model Loss -0.05876228661319009, View Loss -2.181639517054838, Reg 0.3854399031283809
09-Aug-26 18:51:21 - Epoch 93, Model Loss -0.06655443123742646, View Loss -2.181891964931114, Reg 0.3880983935851677
09-Aug-26 18:52:18 - Epoch 94, Model Loss -0.0625779795296052, View Loss -2.173691236894894, Reg 0.3843816980427387
09-Aug-26 18:53:15 - Epoch 95, Model Loss -0.06894726963604197, View Loss -2.1829145344254237, Reg 0.3862997346064624
09-Aug-26 18:53:24 - Epoch 95: Train_acc 0.9640522875816994 Val_acc 0.5424836601307189 Test_acc 0.5445026178010471 Test_auc 0.5702197802197801
09-Aug-26 18:54:21 - Epoch 96, Model Loss -0.0653938923785889, View Loss -2.1727486903371376, Reg 0.3870065344704522
09-Aug-26 18:55:18 - Epoch 97, Model Loss -0.06276332825617073, View Loss -2.1701590781118356, Reg 0.3842180466729831
09-Aug-26 18:56:15 - Epoch 98, Model Loss -0.06998084417355606, View Loss -2.161599271437701, Reg 0.38657528064609353
09-Aug-26 18:57:13 - Epoch 99, Model Loss -0.06252754864349865, View Loss -2.162918203017291, Reg 0.38581493418980267
09-Aug-26 18:58:10 - Epoch 100, Model Loss -0.06436977024171867, View Loss -2.157876522712458, Reg 0.38599979877471924
09-Aug-26 18:58:16 - Epoch 100: Train_acc 0.8774509803921569 Val_acc 0.5882352941176471 Test_acc 0.5916230366492147 Test_auc 0.5963736263736265
09-Aug-26 18:59:13 - Epoch 101, Model Loss -0.06239907258476307, View Loss -2.1600788932999753, Reg 0.3860989662946439
09-Aug-26 19:00:11 - Epoch 102, Model Loss -0.05948060614610809, View Loss -2.160944960475747, Reg 0.38497552100349874
09-Aug-26 19:01:08 - Epoch 103, Model Loss -0.06741514315013013, View Loss -2.155975965113422, Reg 0.38575633600646375
09-Aug-26 19:02:05 - Epoch 104, Model Loss -0.0667113069615333, View Loss -2.158953987695033, Reg 0.38591959507636775
09-Aug-26 19:03:02 - Epoch 105, Model Loss -0.06633896103092268, View Loss -2.163744192497403, Reg 0.3844664875977959
09-Aug-26 19:03:09 - Epoch 105: Train_acc 0.7728758169934641 Val_acc 0.6013071895424836 Test_acc 0.612565445026178 Test_auc 0.6269230769230769
09-Aug-26 19:04:06 - Epoch 106, Model Loss -0.06559938348196691, View Loss -2.1557383568458306, Reg 0.3843812790571475
09-Aug-26 19:05:03 - Epoch 107, Model Loss -0.06823059176307877, View Loss -2.166228937946893, Reg 0.3844824764463637
09-Aug-26 19:06:00 - Epoch 108, Model Loss -0.06948081029006858, View Loss -2.1597215973473842, Reg 0.3864589524424933
09-Aug-26 19:06:57 - Epoch 109, Model Loss -0.06707261960490857, View Loss -2.161776226330427, Reg 0.38456151337405436
09-Aug-26 19:07:54 - Epoch 110, Model Loss -0.07412629267748665, View Loss -2.180684032003864, Reg 0.38332155074169433
09-Aug-26 19:08:02 - Epoch 110: Train_acc 0.9640522875816994 Val_acc 0.5620915032679739 Test_acc 0.5549738219895288 Test_auc 0.5727472527472528
09-Aug-26 19:08:59 - Epoch 111, Model Loss -0.07333742306123373, View Loss -2.168581434324676, Reg 0.38740472096243717
09-Aug-26 19:09:56 - Epoch 112, Model Loss -0.07215573117623922, View Loss -2.1658215631846507, Reg 0.3838936598861919
09-Aug-26 19:10:53 - Epoch 113, Model Loss -0.0727822416358524, View Loss -2.171489636103312, Reg 0.383672394199309
09-Aug-26 19:11:50 - Epoch 114, Model Loss -0.07720373152128232, View Loss -2.168942830141853, Reg 0.38515322913531386
09-Aug-26 19:12:47 - Epoch 115, Model Loss -0.0750940823866651, View Loss -2.1939304311291066, Reg 0.383409540248073
09-Aug-26 19:12:53 - Epoch 115: Train_acc 0.7777777777777778 Val_acc 0.6143790849673203 Test_acc 0.6178010471204188 Test_auc 0.634065934065934
09-Aug-26 19:13:50 - Epoch 116, Model Loss -0.07857434071746527, View Loss -2.181204038507798, Reg 0.3864131573758094
09-Aug-26 19:14:47 - Epoch 117, Model Loss -0.07775223294114755, View Loss -2.168365252563377, Reg 0.3844979348915075
09-Aug-26 19:15:44 - Epoch 118, Model Loss -0.07492427751908895, View Loss -2.1763074133131237, Reg 0.3847080525619532
09-Aug-26 19:16:41 - Epoch 119, Model Loss -0.07150156162922679, View Loss -2.165536472220826, Reg 0.3840058895887113
09-Aug-26 19:17:38 - Epoch 120, Model Loss -0.0775822410786074, View Loss -2.1574971520043666, Reg 0.3840641632578731
09-Aug-26 19:17:46 - Epoch 120: Train_acc 0.7728758169934641 Val_acc 0.6143790849673203 Test_acc 0.6230366492146597 Test_auc 0.6331868131868132
09-Aug-26 19:18:43 - Epoch 121, Model Loss -0.07755217423626021, View Loss -2.1598203509461644, Reg 0.3852030239463632
09-Aug-26 19:19:40 - Epoch 122, Model Loss -0.07398713570015103, View Loss -2.1796663368449494, Reg 0.383860966933319
09-Aug-26 19:20:37 - Epoch 123, Model Loss -0.07543417538692748, View Loss -2.1728035718007805, Reg 0.3826170814972298
09-Aug-26 19:21:34 - Epoch 124, Model Loss -0.07814850020252802, View Loss -2.1683262594385084, Reg 0.38571536891600666
09-Aug-26 19:22:31 - Epoch 125, Model Loss -0.08175005827074737, View Loss -2.181792274799222, Reg 0.38435065570999594
09-Aug-26 19:22:38 - Epoch 125: Train_acc 0.8758169934640523 Val_acc 0.5816993464052288 Test_acc 0.5863874345549738 Test_auc 0.6028571428571429
09-Aug-26 19:23:35 - Epoch 126, Model Loss -0.0813310995600582, View Loss -2.1716118980856502, Reg 0.3836777239453559
09-Aug-26 19:24:32 - Epoch 127, Model Loss -0.08152987637551003, View Loss -2.1707359404345743, Reg 0.38430456787932155
09-Aug-26 19:25:29 - Epoch 128, Model Loss -0.07938108218261619, View Loss -2.1590338579190322, Reg 0.38319163579566806
09-Aug-26 19:26:26 - Epoch 129, Model Loss -0.08217562335768556, View Loss -2.158694954479442, Reg 0.38258950480448656
09-Aug-26 19:27:23 - Epoch 130, Model Loss -0.08256891661999273, View Loss -2.1572107847999122, Reg 0.3844333439091452
09-Aug-26 19:27:31 - Epoch 130: Train_acc 1.0 Val_acc 0.5228758169934641 Test_acc 0.5602094240837696 Test_auc 0.5680219780219781
09-Aug-26 19:28:28 - Epoch 131, Model Loss -0.08244399307600034, View Loss -2.152266829621558, Reg 0.38386670280905333
09-Aug-26 19:29:25 - Epoch 132, Model Loss -0.08275197767743878, View Loss -2.15492797832863, Reg 0.38218210043470846
09-Aug-26 19:30:22 - Epoch 133, Model Loss -0.08120379377813901, View Loss -2.152445849250345, Reg 0.3832547473751642
09-Aug-26 19:31:19 - Epoch 134, Model Loss -0.08036454888730267, View Loss -2.159254511976554, Reg 0.3845508661535051
09-Aug-26 19:32:17 - Epoch 135, Model Loss -0.08220178745930491, View Loss -2.1609589773065903, Reg 0.3815496834664563
09-Aug-26 19:32:23 - Epoch 135: Train_acc 0.8741830065359477 Val_acc 0.5816993464052288 Test_acc 0.6020942408376964 Test_auc 0.601978021978022
09-Aug-26 19:33:20 - Epoch 136, Model Loss -0.08315898390377269, View Loss -2.1607846902086845, Reg 0.3837014179603726
09-Aug-26 19:34:17 - Epoch 137, Model Loss -0.08169856550646763, View Loss -2.1599824179231732, Reg 0.3843938589485642
09-Aug-26 19:35:14 - Epoch 138, Model Loss -0.08322540685242298, View Loss -2.1624297378889095, Reg 0.3799559425294789
09-Aug-26 19:36:11 - Epoch 139, Model Loss -0.08649501808328566, View Loss -2.1582411753585915, Reg 0.38223682782229257
09-Aug-26 19:37:08 - Epoch 140, Model Loss -0.08480147384350596, View Loss -2.1571175039204116, Reg 0.3838006696280311
09-Aug-26 19:37:15 - Epoch 140: Train_acc 0.7777777777777778 Val_acc 0.6078431372549019 Test_acc 0.612565445026178 Test_auc 0.6297802197802197
09-Aug-26 19:38:12 - Epoch 141, Model Loss -0.0887157102815466, View Loss -2.155412689533109, Reg 0.3820698615772272
09-Aug-26 19:39:09 - Epoch 142, Model Loss -0.08442483189838385, View Loss -2.1525895377389745, Reg 0.3813925011485231
09-Aug-26 19:40:06 - Epoch 143, Model Loss -0.08923193500712027, View Loss -2.157860261942047, Reg 0.3833200095915327
09-Aug-26 19:41:03 - Epoch 144, Model Loss -0.08904336324704239, View Loss -2.1525438875933878, Reg 0.3821219408434201
09-Aug-26 19:42:00 - Epoch 145, Model Loss -0.0876933957626617, View Loss -2.152459538840001, Reg 0.3819195028224023
09-Aug-26 19:42:08 - Epoch 145: Train_acc 0.7745098039215687 Val_acc 0.6078431372549019 Test_acc 0.6073298429319371 Test_auc 0.627032967032967
09-Aug-26 19:43:05 - Epoch 146, Model Loss -0.08790202078476451, View Loss -2.150501961801566, Reg 0.3833246225235509
09-Aug-26 19:44:02 - Epoch 147, Model Loss -0.09059652627683153, View Loss -2.1624822523079668, Reg 0.3824762964949888
09-Aug-26 19:44:59 - Epoch 148, Model Loss -0.09133040943956064, View Loss -2.1620300844603895, Reg 0.38063476327198004
09-Aug-26 19:45:56 - Epoch 149, Model Loss -0.08867766985706255, View Loss -2.1608910794351615, Reg 0.38247590224727307
09-Aug-26 19:46:53 - Epoch 150, Model Loss -0.08941731889263477, View Loss -2.1657417459425585, Reg 0.3815375716468088
09-Aug-26 19:47:02 - Epoch 150: Train_acc 0.7761437908496732 Val_acc 0.6078431372549019 Test_acc 0.6073298429319371 Test_auc 0.6312087912087913
09-Aug-26 19:47:59 - Epoch 151, Model Loss -0.08606108652999978, View Loss -2.1536000211254445, Reg 0.3806893252858929
09-Aug-26 19:48:56 - Epoch 152, Model Loss -0.08927899871776307, View Loss -2.152150041916791, Reg 0.3813350257141138
09-Aug-26 19:49:54 - Epoch 153, Model Loss -0.0890105729009591, View Loss -2.1585509745903266, Reg 0.3804653793378593
09-Aug-26 19:50:51 - Epoch 154, Model Loss -0.09059475956399457, View Loss -2.154633673187954, Reg 0.38158682806819094
09-Aug-26 19:51:48 - Epoch 155, Model Loss -0.09103040777000726, View Loss -2.1527656527126537, Reg 0.3808097064105514
09-Aug-26 19:51:55 - Epoch 155: Train_acc 0.880718954248366 Val_acc 0.5947712418300654 Test_acc 0.6020942408376964 Test_auc 0.6002197802197803
09-Aug-26 19:52:52 - Epoch 156, Model Loss -0.09139463441823822, View Loss -2.1480385431277207, Reg 0.3796188731988271
09-Aug-26 19:53:49 - Epoch 157, Model Loss -0.09071675390979043, View Loss -2.150237064735562, Reg 0.38173262843119554
09-Aug-26 19:54:46 - Epoch 158, Model Loss -0.09432760523814782, View Loss -2.1546145436031368, Reg 0.38059084867340287
09-Aug-26 19:55:43 - Epoch 159, Model Loss -0.09226463160483665, View Loss -2.1571344113817403, Reg 0.3785818935998904
09-Aug-26 19:56:40 - Epoch 160, Model Loss -0.09191416992860682, View Loss -2.145746623768526, Reg 0.381734018621881
09-Aug-26 19:56:47 - Epoch 160: Train_acc 0.7777777777777778 Val_acc 0.6143790849673203 Test_acc 0.612565445026178 Test_auc 0.6292307692307693
09-Aug-26 19:57:44 - Epoch 161, Model Loss -0.09268618331235998, View Loss -2.1480270476123087, Reg 0.37920555784032234
09-Aug-26 19:58:41 - Epoch 162, Model Loss -0.09071700050939921, View Loss -2.1488475487902274, Reg 0.37886596135064665
09-Aug-26 19:59:38 - Epoch 163, Model Loss -0.09072469457302218, View Loss -2.139397791008544, Reg 0.3813694105818381
09-Aug-26 20:00:35 - Epoch 164, Model Loss -0.09264819606456881, View Loss -2.15375490126267, Reg 0.37819351226675746
09-Aug-26 20:01:33 - Epoch 165, Model Loss -0.09222105827206879, View Loss -2.1495193017074485, Reg 0.37853700331613127
09-Aug-26 20:01:39 - Epoch 165: Train_acc 0.7761437908496732 Val_acc 0.6013071895424836 Test_acc 0.612565445026178 Test_auc 0.6317582417582418
09-Aug-26 20:02:36 - Epoch 166, Model Loss -0.09441916927013522, View Loss -2.152862012775895, Reg 0.38062308446254606
09-Aug-26 20:03:34 - Epoch 167, Model Loss -0.09182091320262235, View Loss -2.1491183564553853, Reg 0.3773849129287246
09-Aug-26 20:04:30 - Epoch 168, Model Loss -0.09728203762590495, View Loss -2.1420401326971117, Reg 0.3783760606463439
09-Aug-26 20:05:27 - Epoch 169, Model Loss -0.09665101240662967, View Loss -2.1454496617410697, Reg 0.3784482609602361
09-Aug-26 20:06:24 - Epoch 170, Model Loss -0.09567381957777185, View Loss -2.145654697044223, Reg 0.3774026406356712
09-Aug-26 20:06:33 - Epoch 170: Train_acc 1.0 Val_acc 0.5294117647058824 Test_acc 0.5549738219895288 Test_auc 0.5568131868131867
09-Aug-26 20:07:30 - Epoch 171, Model Loss -0.09508528078303617, View Loss -2.142553729948655, Reg 0.37808552715513444
09-Aug-26 20:08:27 - Epoch 172, Model Loss -0.09717681439094294, View Loss -2.1443100427490434, Reg 0.3780275731304892
09-Aug-26 20:09:24 - Epoch 173, Model Loss -0.09011036352394453, View Loss -2.150705178578695, Reg 0.37625203997481105
09-Aug-26 20:10:21 - Epoch 174, Model Loss -0.09470750966103249, View Loss -2.1573378525528253, Reg 0.3784860417344212
09-Aug-26 20:11:18 - Epoch 175, Model Loss -0.09623928689489178, View Loss -2.1559438985936783, Reg 0.3760874316193699
09-Aug-26 20:11:29 - Epoch 175: Train_acc 0.7696078431372549 Val_acc 0.6143790849673203 Test_acc 0.6073298429319371 Test_auc 0.6293406593406593
09-Aug-26 20:12:25 - Epoch 176, Model Loss -0.09373563255359924, View Loss -2.147160134284325, Reg 0.37620392285920434
09-Aug-26 20:13:22 - Epoch 177, Model Loss -0.0976212570090699, View Loss -2.1487615544811574, Reg 0.37745728192765726
09-Aug-26 20:14:19 - Epoch 178, Model Loss -0.09626360987526139, View Loss -2.1487695064420014, Reg 0.37532341655562906
09-Aug-26 20:15:17 - Epoch 179, Model Loss -0.09722189303317101, View Loss -2.1552374129201852, Reg 0.37474650339363447
09-Aug-26 20:16:14 - Epoch 180, Model Loss -0.09726246626548518, View Loss -2.1505074407540117, Reg 0.3776450994747137
09-Aug-26 20:16:19 - Epoch 180: Train_acc 0.880718954248366 Val_acc 0.5882352941176471 Test_acc 0.6020942408376964 Test_auc 0.6007692307692308
09-Aug-26 20:17:17 - Epoch 181, Model Loss -0.10171707588083603, View Loss -2.1514152981876546, Reg 0.3748040148635316
09-Aug-26 20:18:14 - Epoch 182, Model Loss -0.0972728337727341, View Loss -2.1482868693233317, Reg 0.37494728047084186
09-Aug-26 20:19:11 - Epoch 183, Model Loss -0.09824150489046683, View Loss -2.1472639803792917, Reg 0.37630307538057467
09-Aug-26 20:20:08 - Epoch 184, Model Loss -0.09904339617373896, View Loss -2.139520006242141, Reg 0.374267840112736
09-Aug-26 20:21:05 - Epoch 185, Model Loss -0.10379180857558655, View Loss -2.139242033553279, Reg 0.37375623474713243
09-Aug-26 20:21:14 - Epoch 185: Train_acc 0.7663398692810458 Val_acc 0.6143790849673203 Test_acc 0.6178010471204188 Test_auc 0.6307692307692307
09-Aug-26 20:22:11 - Epoch 186, Model Loss -0.0975924989366843, View Loss -2.147851957994349, Reg 0.37665295347668765
09-Aug-26 20:23:08 - Epoch 187, Model Loss -0.10476029055570465, View Loss -2.1575381818160513, Reg 0.3733641715610729
09-Aug-26 20:24:05 - Epoch 188, Model Loss -0.10080107208950068, View Loss -2.150532834670123, Reg 0.3726698425081041
09-Aug-26 20:25:02 - Epoch 189, Model Loss -0.10012486245897081, View Loss -2.1509018692315793, Reg 0.37638482646225324
09-Aug-26 20:26:00 - Epoch 190, Model Loss -0.10140770595837263, View Loss -2.1422893346524705, Reg 0.3717995182751051
09-Aug-26 20:26:06 - Epoch 190: Train_acc 0.7679738562091504 Val_acc 0.6143790849673203 Test_acc 0.6178010471204188 Test_auc 0.6291208791208791
09-Aug-26 20:27:03 - Epoch 191, Model Loss -0.10145883797820097, View Loss -2.1427357835707324, Reg 0.3737059675790126
09-Aug-26 20:28:00 - Epoch 192, Model Loss -0.10691226346820008, View Loss -2.1442337815278494, Reg 0.37509867061976515
09-Aug-26 20:28:57 - Epoch 193, Model Loss -0.10021800796190898, View Loss -2.1342482052597345, Reg 0.37151967349395254
09-Aug-26 20:29:54 - Epoch 194, Model Loss -0.1019594716090782, View Loss -2.139162252151888, Reg 0.3736759359930076
09-Aug-26 20:30:52 - Epoch 195, Model Loss -0.10054184252919715, View Loss -2.1390860891030505, Reg 0.3731696839426078
09-Aug-26 20:30:58 - Epoch 195: Train_acc 0.7761437908496732 Val_acc 0.6143790849673203 Test_acc 0.6073298429319371 Test_auc 0.6272527472527473
09-Aug-26 20:31:56 - Epoch 196, Model Loss -0.10323803409252291, View Loss -2.138524085088493, Reg 0.37237370228455735
09-Aug-26 20:32:53 - Epoch 197, Model Loss -0.10348912761881461, View Loss -2.1419777994841533, Reg 0.3727894201387767
09-Aug-26 20:33:51 - Epoch 198, Model Loss -0.10335543654323404, View Loss -2.1335811739653545, Reg 0.3727344003767749
09-Aug-26 20:34:49 - Epoch 199, Model Loss -0.09402658288774926, View Loss -2.1310386081147037, Reg 0.36997567886620564
09-Aug-26 20:35:47 - Epoch 200, Model Loss -0.09916025478076311, View Loss -2.1254277369555306, Reg 0.3738325618061365
09-Aug-26 20:35:53 - Epoch 200: Train_acc 0.869281045751634 Val_acc 0.5947712418300654 Test_acc 0.6073298429319371 Test_auc 0.5998901098901099
09-Aug-26 20:36:50 - Epoch 201, Model Loss -0.10119586773947173, View Loss -2.1386868081061667, Reg 0.3713093585048626
09-Aug-26 20:37:48 - Epoch 202, Model Loss -0.10295147755566765, View Loss -2.138896032096514, Reg 0.3710475593220954
09-Aug-26 20:38:46 - Epoch 203, Model Loss -0.10422313135433821, View Loss -2.1390493071936314, Reg 0.372078290757011
09-Aug-26 20:39:43 - Epoch 204, Model Loss -0.10789419895683239, View Loss -2.135882399440591, Reg 0.3714634312523736
09-Aug-26 20:40:41 - Epoch 205, Model Loss -0.1059020375893786, View Loss -2.137568053077249, Reg 0.37161779773780723
09-Aug-26 20:40:48 - Epoch 205: Train_acc 0.7745098039215687 Val_acc 0.6209150326797386 Test_acc 0.6073298429319371 Test_auc 0.6264835164835165
09-Aug-26 20:41:45 - Epoch 206, Model Loss -0.10478381198995254, View Loss -2.1339992744470733, Reg 0.37125100750549167
09-Aug-26 20:42:43 - Epoch 207, Model Loss -0.10401119944316889, View Loss -2.134082521488464, Reg 0.3713484835001378
09-Aug-26 20:43:40 - Epoch 208, Model Loss -0.10548290902493047, View Loss -2.1343098652908226, Reg 0.37009452176249885
09-Aug-26 20:44:38 - Epoch 209, Model Loss -0.10781300301645316, View Loss -2.1410181397706074, Reg 0.3716648891081218
09-Aug-26 20:45:35 - Epoch 210, Model Loss -0.10795557693718305, View Loss -2.1331975132811305, Reg 0.3703485655239205
09-Aug-26 20:45:41 - Epoch 210: Train_acc 0.7712418300653595 Val_acc 0.6209150326797386 Test_acc 0.6073298429319371 Test_auc 0.6303296703296704
09-Aug-26 20:46:39 - Epoch 211, Model Loss -0.10862962969767502, View Loss -2.1381648926953085, Reg 0.370230147846384
09-Aug-26 20:47:37 - Epoch 212, Model Loss -0.10324601605047587, View Loss -2.1333045164744058, Reg 0.37127135216800217
09-Aug-26 20:48:34 - Epoch 213, Model Loss -0.11037421226501465, View Loss -2.1340105408936543, Reg 0.3698267623100405
09-Aug-26 20:49:32 - Epoch 214, Model Loss -0.10813833958183239, View Loss -2.132527318655276, Reg 0.37075192417973785
09-Aug-26 20:50:30 - Epoch 215, Model Loss -0.11051594315011518, View Loss -2.127968504537944, Reg 0.3702337903524536
09-Aug-26 20:50:37 - Epoch 215: Train_acc 0.7728758169934641 Val_acc 0.6143790849673203 Test_acc 0.612565445026178 Test_auc 0.6287912087912089
09-Aug-26 20:51:34 - Epoch 216, Model Loss -0.11064353682636435, View Loss -2.134062977398143, Reg 0.3691986047364528
09-Aug-26 20:52:32 - Epoch 217, Model Loss -0.10843300683046478, View Loss -2.1292058315152436, Reg 0.36999965493195974
09-Aug-26 20:53:29 - Epoch 218, Model Loss -0.10685087535895553, View Loss -2.14349560176625, Reg 0.3705318359767689
09-Aug-26 20:54:27 - Epoch 219, Model Loss -0.10510003644656511, View Loss -2.1481346632140914, Reg 0.36956243402038524
09-Aug-26 20:55:25 - Epoch 220, Model Loss -0.1073472733591117, View Loss -2.1441384514952015, Reg 0.36951541803241555
09-Aug-26 20:55:31 - Epoch 220: Train_acc 0.7728758169934641 Val_acc 0.6078431372549019 Test_acc 0.6073298429319371 Test_auc 0.6293406593406594
09-Aug-26 20:56:29 - Epoch 221, Model Loss -0.11024401585261027, View Loss -2.1461529466840954, Reg 0.3697624481191822
09-Aug-26 20:57:26 - Epoch 222, Model Loss -0.10898717127594293, View Loss -2.144127873813405, Reg 0.3689905116760653
09-Aug-26 20:58:24 - Epoch 223, Model Loss -0.10558777190501394, View Loss -2.1378177412195143, Reg 0.36975206600295174
09-Aug-26 20:59:21 - Epoch 224, Model Loss -0.10635048112058951, View Loss -2.1412079381007776, Reg 0.36890533293773925
09-Aug-26 21:00:19 - Epoch 225, Model Loss -0.10705399746988334, View Loss -2.1299513492708892, Reg 0.36971259798878936
09-Aug-26 21:00:27 - Epoch 225: Train_acc 0.7663398692810458 Val_acc 0.6209150326797386 Test_acc 0.6073298429319371 Test_auc 0.6274725274725274
09-Aug-26 21:01:25 - Epoch 226, Model Loss -0.10607505857554916, View Loss -2.1303865192762386, Reg 0.36891724451694613
09-Aug-26 21:02:23 - Epoch 227, Model Loss -0.10826859384580376, View Loss -2.134819359561197, Reg 0.36776535242211583
09-Aug-26 21:03:20 - Epoch 228, Model Loss -0.10569134140326307, View Loss -2.1304454881381365, Reg 0.3704553741255617
09-Aug-26 21:04:18 - Epoch 229, Model Loss -0.10561554260503232, View Loss -2.1331126643162146, Reg 0.3682338034405428
09-Aug-26 21:05:16 - Epoch 230, Model Loss -0.10686818018458248, View Loss -2.131633895674562, Reg 0.36789637258629393
09-Aug-26 21:05:21 - Epoch 230: Train_acc 0.7728758169934641 Val_acc 0.6143790849673203 Test_acc 0.6073298429319371 Test_auc 0.6290109890109891
09-Aug-26 21:06:18 - Epoch 231, Model Loss -0.10555250426523047, View Loss -2.1355015203064562, Reg 0.36904316186125763
09-Aug-26 21:07:16 - Epoch 232, Model Loss -0.10407484356873954, View Loss -2.1565689884759243, Reg 0.3681606845138899
09-Aug-26 21:08:13 - Epoch 233, Model Loss -0.10901717695535398, View Loss -2.144131889530257, Reg 0.36890989171913247
09-Aug-26 21:09:11 - Epoch 234, Model Loss -0.10813731929056006, View Loss -2.127673033795326, Reg 0.36779939368659376
09-Aug-26 21:10:08 - Epoch 235, Model Loss -0.10987689000329161, View Loss -2.1255547127692527, Reg 0.36866726925949644
09-Aug-26 21:10:20 - Epoch 235: Train_acc 0.9558823529411765 Val_acc 0.5620915032679739 Test_acc 0.5759162303664922 Test_auc 0.5859340659340659
09-Aug-26 21:11:18 - Epoch 236, Model Loss -0.10930468658216638, View Loss -2.1293980389638665, Reg 0.36776798223358353
09-Aug-26 21:12:15 - Epoch 237, Model Loss -0.11317683434953876, View Loss -2.128124268226374, Reg 0.3685806814362021
09-Aug-26 21:13:13 - Epoch 238, Model Loss -0.11354020101572174, View Loss -2.1326149008632487, Reg 0.36775943695330154
09-Aug-26 21:14:10 - Epoch 239, Model Loss -0.10924801775832581, View Loss -2.134169999290915, Reg 0.3679625230287415
09-Aug-26 21:15:08 - Epoch 240, Model Loss -0.10675945001489975, View Loss -2.137964028938144, Reg 0.36871999210002376
09-Aug-26 21:15:13 - Epoch 240: Train_acc 0.8627450980392157 Val_acc 0.5947712418300654 Test_acc 0.6020942408376964 Test_auc 0.6005494505494506
09-Aug-26 21:16:11 - Epoch 241, Model Loss -0.1117089889407937, View Loss -2.1564409561406555, Reg 0.3663893038151311
09-Aug-26 21:17:09 - Epoch 242, Model Loss -0.10937010423809874, View Loss -2.1764746273265168, Reg 0.3691258767461465
09-Aug-26 21:18:06 - Epoch 243, Model Loss -0.1128286329749363, View Loss -2.1646267650953304, Reg 0.36846553539138993
09-Aug-26 21:19:04 - Epoch 244, Model Loss -0.11226238378512314, View Loss -2.1842796646691616, Reg 0.36576192421850817
09-Aug-26 21:20:01 - Epoch 245, Model Loss -0.1126386671284445, View Loss -2.169032271391426, Reg 0.3672511680843004
09-Aug-26 21:20:07 - Epoch 245: Train_acc 0.7761437908496732 Val_acc 0.6209150326797386 Test_acc 0.612565445026178 Test_auc 0.6307692307692309
09-Aug-26 21:21:05 - Epoch 246, Model Loss -0.10863639424049776, View Loss -2.15445800856048, Reg 0.36894896470643335
09-Aug-26 21:22:02 - Epoch 247, Model Loss -0.10853143766814587, View Loss -2.146696751413782, Reg 0.36788285810963
09-Aug-26 21:23:00 - Epoch 248, Model Loss -0.11452609047391056, View Loss -2.1336160329432268, Reg 0.3681672032362495
09-Aug-26 21:23:58 - Epoch 249, Model Loss -0.10656859282574623, View Loss -2.133502999162362, Reg 0.3660820387547312
09-Aug-26 21:24:55 - Epoch 250, Model Loss -0.111848801179649, View Loss -2.1349095846313277, Reg 0.3679524465324053
09-Aug-26 21:25:00 - Epoch 250: Train_acc 0.8611111111111112 Val_acc 0.6013071895424836 Test_acc 0.5968586387434555 Test_auc 0.6002197802197802
09-Aug-26 21:25:58 - Epoch 251, Model Loss -0.10652447487014571, View Loss -2.1322926571166594, Reg 0.36746442142654867
09-Aug-26 21:26:56 - Epoch 252, Model Loss -0.11338583121891894, View Loss -2.1228509323269713, Reg 0.36728005724794727
09-Aug-26 21:27:53 - Epoch 253, Model Loss -0.11406651743097243, View Loss -2.1326162924174388, Reg 0.3669311400332482
09-Aug-26 21:28:51 - Epoch 254, Model Loss -0.10848669639599869, View Loss -2.131945063086117, Reg 0.3662109723667693
09-Aug-26 21:29:48 - Epoch 255, Model Loss -0.11184073293131161, View Loss -2.1250780828638014, Reg 0.36741630372658274
09-Aug-26 21:29:54 - Epoch 255: Train_acc 0.7728758169934641 Val_acc 0.6143790849673203 Test_acc 0.6020942408376964 Test_auc 0.631978021978022
09-Aug-26 21:30:52 - Epoch 256, Model Loss -0.11496848491282245, View Loss -2.133953463797476, Reg 0.3675691822385476
09-Aug-26 21:31:49 - Epoch 257, Model Loss -0.11174128998338786, View Loss -2.1254733325609196, Reg 0.36656249484984704
09-Aug-26 21:32:47 - Epoch 258, Model Loss -0.10769369068488575, View Loss -2.1216751329259935, Reg 0.36699596768111187
09-Aug-26 21:33:45 - Epoch 259, Model Loss -0.11054832054898629, View Loss -2.1164883040135205, Reg 0.36650726257586014
09-Aug-26 21:34:42 - Epoch 260, Model Loss -0.11187967443777845, View Loss -2.1219118654338365, Reg 0.3663763222741146
09-Aug-26 21:34:47 - Epoch 260: Train_acc 0.8643790849673203 Val_acc 0.5882352941176471 Test_acc 0.581151832460733 Test_auc 0.6058241758241758
09-Aug-26 21:35:45 - Epoch 261, Model Loss -0.1112104011516945, View Loss -2.1274262627744984, Reg 0.36737145025745715
09-Aug-26 21:36:42 - Epoch 262, Model Loss -0.10855597023870431, View Loss -2.1355959745793562, Reg 0.366415414934844
09-Aug-26 21:37:40 - Epoch 263, Model Loss -0.11076673690010519, View Loss -2.124775077782425, Reg 0.3655409783709283
09-Aug-26 21:38:38 - Epoch 264, Model Loss -0.1139270863891427, View Loss -2.1343547892726327, Reg 0.367569978525436
09-Aug-26 21:39:35 - Epoch 265, Model Loss -0.1130225638938106, View Loss -2.124389997494766, Reg 0.36664291924121334
09-Aug-26 21:39:40 - Epoch 265: Train_acc 0.7728758169934641 Val_acc 0.6143790849673203 Test_acc 0.5968586387434555 Test_auc 0.6228571428571428
09-Aug-26 21:40:38 - Epoch 266, Model Loss -0.11376698110617843, View Loss -2.12528701233708, Reg 0.3658707114606122
09-Aug-26 21:41:36 - Epoch 267, Model Loss -0.11318397249271667, View Loss -2.123154869266585, Reg 0.36722395038293076
09-Aug-26 21:42:33 - Epoch 268, Model Loss -0.11563049032797221, View Loss -2.122338231092964, Reg 0.3658254008277569
09-Aug-26 21:43:31 - Epoch 269, Model Loss -0.11442864330765469, View Loss -2.1228099773132723, Reg 0.3660058605125527
09-Aug-26 21:44:29 - Epoch 270, Model Loss -0.11365990272534439, View Loss -2.1304873126784183, Reg 0.36640963815396127
09-Aug-26 21:44:35 - Epoch 270: Train_acc 0.8611111111111112 Val_acc 0.5882352941176471 Test_acc 0.581151832460733 Test_auc 0.604065934065934
09-Aug-26 21:45:32 - Epoch 271, Model Loss -0.11474716468574175, View Loss -2.125256957571491, Reg 0.36681258639479
09-Aug-26 21:46:31 - Epoch 272, Model Loss -0.12040598641813191, View Loss -2.1300648193733367, Reg 0.3660411445143955
09-Aug-26 21:47:28 - Epoch 273, Model Loss -0.11934519086787904, View Loss -2.133097064261343, Reg 0.36612794036958735
09-Aug-26 21:48:26 - Epoch 274, Model Loss -0.11835102785646526, View Loss -2.1350492994769725, Reg 0.3672765826477724
09-Aug-26 21:49:23 - Epoch 275, Model Loss -0.11967438926883772, View Loss -2.1519477710225225, Reg 0.3656433509066214
09-Aug-26 21:49:39 - Epoch 275: Train_acc 0.9558823529411765 Val_acc 0.5555555555555556 Test_acc 0.5549738219895288 Test_auc 0.5800000000000001
09-Aug-26 21:50:37 - Epoch 276, Model Loss -0.11535722289989198, View Loss -2.1293715464523415, Reg 0.3659494119921541
09-Aug-26 21:51:35 - Epoch 277, Model Loss -0.11668025999287375, View Loss -2.1277516246621127, Reg 0.3671430137032777
09-Aug-26 21:52:33 - Epoch 278, Model Loss -0.1161673778022816, View Loss -2.1238780364491583, Reg 0.365151292553135
09-Aug-26 21:53:31 - Epoch 279, Model Loss -0.11681082279853572, View Loss -2.1220154045454036, Reg 0.3668835579959396
09-Aug-26 21:54:28 - Epoch 280, Model Loss -0.12098456227701473, View Loss -2.127062267727322, Reg 0.36562297546785644
09-Aug-26 21:54:40 - Epoch 280: Train_acc 0.8643790849673203 Val_acc 0.5947712418300654 Test_acc 0.5863874345549738 Test_auc 0.6109890109890109
09-Aug-26 21:55:37 - Epoch 281, Model Loss -0.11866630837808248, View Loss -2.127652841455796, Reg 0.365560648293277
09-Aug-26 21:56:35 - Epoch 282, Model Loss -0.11475476797889261, View Loss -2.122139005100026, Reg 0.3665804812331605
09-Aug-26 21:57:32 - Epoch 283, Model Loss -0.11702646948153676, View Loss -2.1265517138188184, Reg 0.36533473247016957
09-Aug-26 21:58:30 - Epoch 284, Model Loss -0.11772269030022466, View Loss -2.1303310425452935, Reg 0.36648502088839713
09-Aug-26 21:59:27 - Epoch 285, Model Loss -0.1193091382388196, View Loss -2.1200866855047886, Reg 0.3652311717373094
09-Aug-26 21:59:34 - Epoch 285: Train_acc 0.7728758169934641 Val_acc 0.6078431372549019 Test_acc 0.5863874345549738 Test_auc 0.6305494505494506
09-Aug-26 22:00:32 - Epoch 286, Model Loss -0.11580056497474121, View Loss -2.125458109612558, Reg 0.3655887542207257
09-Aug-26 22:01:29 - Epoch 287, Model Loss -0.11842416197645898, View Loss -2.1284961747188196, Reg 0.3664963171373006
09-Aug-26 22:02:27 - Epoch 288, Model Loss -0.1161024299711963, View Loss -2.11867043862935, Reg 0.3648083490483901
09-Aug-26 22:03:24 - Epoch 289, Model Loss -0.11754447221755981, View Loss -2.1206176047231637, Reg 0.3665318769567153
09-Aug-26 22:04:22 - Epoch 290, Model Loss -0.11694695435318292, View Loss -2.123067405488756, Reg 0.3655252828707103
09-Aug-26 22:04:29 - Epoch 290: Train_acc 1.0 Val_acc 0.5163398692810458 Test_acc 0.5549738219895288 Test_auc 0.5605494505494505
09-Aug-26 22:05:27 - Epoch 291, Model Loss -0.11887466907501221, View Loss -2.1239574033450457, Reg 0.3652070433485742
09-Aug-26 22:06:24 - Epoch 292, Model Loss -0.12035341551101286, View Loss -2.130662823035047, Reg 0.36490753780003465
09-Aug-26 22:07:22 - Epoch 293, Model Loss -0.12061144168080848, View Loss -2.13033210997488, Reg 0.3661721152028227
09-Aug-26 22:08:20 - Epoch 294, Model Loss -0.11567571330693813, View Loss -2.1274433167152154, Reg 0.3657847290335138
09-Aug-26 22:09:18 - Epoch 295, Model Loss -0.12053025664846881, View Loss -2.127428623585919, Reg 0.3655613280978857
09-Aug-26 22:09:23 - Epoch 295: Train_acc 0.7712418300653595 Val_acc 0.6209150326797386 Test_acc 0.6178010471204188 Test_auc 0.6310989010989011
09-Aug-26 22:10:21 - Epoch 296, Model Loss -0.11494221095166175, View Loss -2.1326324752732817, Reg 0.3643347488509284
09-Aug-26 22:11:18 - Epoch 297, Model Loss -0.11284848054250081, View Loss -2.124000477635003, Reg 0.3669968839564355
09-Aug-26 22:12:16 - Epoch 298, Model Loss -0.1162749186060787, View Loss -2.1229283046099097, Reg 0.36434511733210945
09-Aug-26 22:13:14 - Epoch 299, Model Loss -0.1221671213511548, View Loss -2.127354014153574, Reg 0.3660642956596574
09-Aug-26 22:14:11 - Epoch 300, Model Loss -0.11867062952004227, View Loss -2.1280236259784573, Reg 0.36570143933389704
09-Aug-26 22:14:18 - Epoch 300: Train_acc 0.8578431372549019 Val_acc 0.5686274509803921 Test_acc 0.6073298429319371 Test_auc 0.6061538461538462
09-Aug-26 22:14:18 - FinishedTraining! BestEpoch (eval-interval index): 3
09-Aug-26 22:14:18 - Wrote /users/3171356m/muhammad/GraSTIACL/nested_cv/results/combat__emb512_bs128__fold3.json
09-Aug-26 22:14:18 - {
  "emb_dim": 512,
  "batch_size": 128,
  "fold": 3,
  "combat": true,
  "n_train": 612,
  "n_val": 153,
  "n_test": 191,
  "best_val_epoch_idx": 3,
  "train_accuracy": 0.803921568627451,
  "val_accuracy": 0.6993464052287581,
  "test_accuracy": 0.5968586387434555,
  "train_f1": 0.7872340425531915,
  "val_f1": 0.6891891891891891,
  "test_f1": 0.56,
  "train_sensitivity": 0.7628865953165409,
  "val_sensitivity": 0.6986301274160257,
  "test_sensitivity": 0.5384615325443788,
  "train_specificity": 0.8411214927067866,
  "val_specificity": 0.6999999912500001,
  "test_specificity": 0.6499999935,
  "train_precision": 0.8131868131868132,
  "val_precision": 0.68,
  "test_precision": 0.5833333333333334,
  "test_auc": 0.6321978021978021,
  "fin_reg": 0.38760683914415195
}
