09-Aug-26 08:13:31 - Using Device: cuda
09-Aug-26 08:13:31 - Seed: 123, Fold: 4, ComBat: False
09-Aug-26 08:13:31 - Namespace(fold=4, combat=False, num_dyn_windows=3, model_lr=0.0005, view_lr=0.0005, num_gc_layers=2, pooling_type='standard', emb_dim=256, vib_hidden_dim=400, batch_size=256, drop_ratio=0.3, epochs=300, kld_lambda=0.003, reg_lambda=0.2, gamma_mode='paper_literal', node_feature_mode='alff_pcc', mij_source='alff', template=90, eval_interval=5, downstream_classifier='linear', ce_lambda=2.0, seed=123)
09-Aug-26 08:13:31 - Loading raw subject data...
09-Aug-26 08:16:06 - Loaded 956 subjects (455 ASD, 501 NC)
09-Aug-26 08:16:06 - alff_pcc scale stats (train_val_idx only): alff=[-3.5994,5.5910] pcc=[-0.6994,1.0000]
09-Aug-26 08:16:06 - Train/Val/Test sizes: 612/153/191
09-Aug-26 08:17:08 - Epoch 1, Model Loss 2.615179730396645, View Loss -8.510279057072658, Reg 0.4744960426115522
09-Aug-26 08:18:09 - Epoch 2, Model Loss 1.587411265357647, View Loss -7.753987733055563, Reg 0.38518335149179095
09-Aug-26 08:19:07 - Epoch 3, Model Loss 1.2777996277497485, View Loss -5.914810130798739, Reg 0.38376012425017514
09-Aug-26 08:20:06 - Epoch 4, Model Loss 1.1510712668981427, View Loss -3.0936207958296236, Reg 0.44197119041985156
09-Aug-26 08:21:05 - Epoch 5, Model Loss 0.9601458186417623, View Loss -2.3107695610694634, Reg 0.42273827822379817
09-Aug-26 08:21:19 - Epoch 5: Train_acc 0.7352941176470589 Val_acc 0.6209150326797386 Test_acc 0.5863874345549738 Test_auc 0.6281318681318682
09-Aug-26 08:22:19 - Epoch 6, Model Loss 1.0022520440466263, View Loss -2.26958210328046, Reg 0.4184015046537312
09-Aug-26 08:23:18 - Epoch 7, Model Loss 0.9512830611829665, View Loss -1.942480774486766, Reg 0.42278296437138824
09-Aug-26 08:24:17 - Epoch 8, Model Loss 0.8817559307063717, View Loss -2.8572357293047936, Reg 0.41828347421159934
09-Aug-26 08:25:16 - Epoch 9, Model Loss 0.8720520371510312, View Loss -3.184301697350795, Reg 0.41182809717514934
09-Aug-26 08:26:15 - Epoch 10, Model Loss 0.8329246097846943, View Loss -3.2757669492484696, Reg 0.4091949749226664
09-Aug-26 08:26:21 - Epoch 10: Train_acc 0.7467320261437909 Val_acc 0.6013071895424836 Test_acc 0.6178010471204188 Test_auc 0.6468131868131868
09-Aug-26 08:27:20 - Epoch 11, Model Loss 0.8485904495365723, View Loss -3.1552351689806173, Reg 0.41099850473061106
09-Aug-26 08:28:18 - Epoch 12, Model Loss 0.8690616490891556, View Loss -3.1126846441256455, Reg 0.42199903960321467
09-Aug-26 08:29:17 - Epoch 13, Model Loss 1.0004567737672843, View Loss -3.0460238456726074, Reg 0.43928035450916664
09-Aug-26 08:30:16 - Epoch 14, Model Loss 1.461153453471614, View Loss -2.9238331333484524, Reg 0.49959717622769423
09-Aug-26 08:31:16 - Epoch 15, Model Loss 3.114486173866621, View Loss -2.5860519907832926, Reg 0.5975954146946177
09-Aug-26 08:31:21 - Epoch 15: Train_acc 0.7173202614379085 Val_acc 0.5882352941176471 Test_acc 0.6073298429319371 Test_auc 0.6405494505494506
09-Aug-26 08:32:20 - Epoch 16, Model Loss 4.568891307107763, View Loss -1.6162664157892364, Reg 0.45566833155607084
09-Aug-26 08:33:20 - Epoch 17, Model Loss 5.038205701541277, View Loss 0.03368796164693396, Reg 0.4516526127562803
09-Aug-26 08:34:19 - Epoch 18, Model Loss 4.447338908326392, View Loss 0.6488430258495356, Reg 0.43517402028725816
09-Aug-26 08:35:19 - Epoch 19, Model Loss 3.6975331929774065, View Loss 0.6324703147987915, Reg 0.42476985657137206
09-Aug-26 08:36:18 - Epoch 20, Model Loss 4.389364591610977, View Loss 0.6920846498090457, Reg 0.43070467040429705
09-Aug-26 08:36:25 - Epoch 20: Train_acc 0.7418300653594772 Val_acc 0.7189542483660131 Test_acc 0.6020942408376964 Test_auc 0.6415384615384616
09-Aug-26 08:37:24 - Epoch 21, Model Loss 5.020514650282517, View Loss 1.0394654554479263, Reg 0.4140958345793431
09-Aug-26 08:38:22 - Epoch 22, Model Loss 4.981091337266311, View Loss 1.2618153399112177, Reg 0.4263062662158916
09-Aug-26 08:39:21 - Epoch 23, Model Loss 5.013095307194329, View Loss 1.2988521141164444, Reg 0.4174489234787187
09-Aug-26 08:40:20 - Epoch 24, Model Loss 5.24234256869048, View Loss 1.0595227035821653, Reg 0.3988846302811616
09-Aug-26 08:41:20 - Epoch 25, Model Loss 4.595817734213436, View Loss 1.0975775321324666, Reg 0.4286985631082572
/users/3171356m/miniconda3/envs/grastiacl/lib/python3.12/site-packages/joblib/externals/loky/process_executor.py:782: UserWarning: A worker stopped while some jobs were given to the executor. This can be caused by a too short worker timeout or by a memory leak.
  warnings.warn(
09-Aug-26 08:41:30 - Epoch 25: Train_acc 0.75 Val_acc 0.6143790849673203 Test_acc 0.5968586387434555 Test_auc 0.6172527472527473
09-Aug-26 08:42:28 - Epoch 26, Model Loss 1.8257231081233305, View Loss 1.3113714853922527, Reg 0.44880470458198995
09-Aug-26 08:43:28 - Epoch 27, Model Loss 1.4405492536382738, View Loss 1.4665051492211085, Reg 0.43793613848343393
09-Aug-26 08:44:28 - Epoch 28, Model Loss 1.161591942744707, View Loss 1.5048366282500474, Reg 0.4005019861498689
09-Aug-26 08:45:26 - Epoch 29, Model Loss 0.9719191976622039, View Loss 1.7996452828637914, Reg 0.40313104048273923
09-Aug-26 08:46:25 - Epoch 30, Model Loss 0.9012958024646721, View Loss 2.0098350811627954, Reg 0.4412754598785849
09-Aug-26 08:46:31 - Epoch 30: Train_acc 0.7598039215686274 Val_acc 0.6078431372549019 Test_acc 0.5916230366492147 Test_auc 0.5887912087912088
09-Aug-26 08:47:30 - Epoch 31, Model Loss 0.9369962797834982, View Loss 2.130854840372123, Reg 0.4551653258161607
09-Aug-26 08:48:29 - Epoch 32, Model Loss 0.9286751105310092, View Loss 2.211262539321301, Reg 0.43373169228921526
09-Aug-26 08:49:28 - Epoch 33, Model Loss 0.9193873189730581, View Loss 2.2344354726130664, Reg 0.4172510241760927
09-Aug-26 08:50:27 - Epoch 34, Model Loss 0.8325740999353477, View Loss 2.2706730381336087, Reg 0.42418765203625547
09-Aug-26 08:51:26 - Epoch 35, Model Loss 0.8386540021062555, View Loss 2.2986543459050797, Reg 0.437129911254434
09-Aug-26 08:51:30 - Epoch 35: Train_acc 0.8415032679738562 Val_acc 0.6143790849673203 Test_acc 0.6282722513089005 Test_auc 0.6271428571428571
09-Aug-26 08:52:28 - Epoch 36, Model Loss 0.810304957070674, View Loss 2.330259550630657, Reg 0.4375622699073717
09-Aug-26 08:53:28 - Epoch 37, Model Loss 0.7777715841296062, View Loss 2.344756702971614, Reg 0.4264112331119238
09-Aug-26 08:54:26 - Epoch 38, Model Loss 0.7637221273156553, View Loss 2.3300650267819174, Reg 0.4173820903098661
09-Aug-26 08:55:25 - Epoch 39, Model Loss 0.7772381687354223, View Loss 2.2748816371743197, Reg 0.4195344070203943
09-Aug-26 08:56:25 - Epoch 40, Model Loss 0.7742378076940191, View Loss 2.1562126430810666, Reg 0.4257919048172197
09-Aug-26 08:56:30 - Epoch 40: Train_acc 0.7843137254901961 Val_acc 0.5620915032679739 Test_acc 0.6073298429319371 Test_auc 0.6496703296703297
09-Aug-26 08:57:29 - Epoch 41, Model Loss 0.7700557255861806, View Loss 1.9173725301923314, Reg 0.4282250347869848
09-Aug-26 08:58:28 - Epoch 42, Model Loss 0.7502124800158092, View Loss 1.5357412123212628, Reg 0.4290387860310623
09-Aug-26 08:59:27 - Epoch 43, Model Loss 0.7640170004535345, View Loss 0.985398228261985, Reg 0.42737210985102686
09-Aug-26 09:00:26 - Epoch 44, Model Loss 0.7626824191485355, View Loss 0.3768719508756999, Reg 0.4313127456926832
09-Aug-26 09:01:25 - Epoch 45, Model Loss 0.7246269945030898, View Loss -0.2547600417355307, Reg 0.4262685306321562
09-Aug-26 09:01:33 - Epoch 45: Train_acc 0.7647058823529411 Val_acc 0.5882352941176471 Test_acc 0.6073298429319371 Test_auc 0.63010989010989
09-Aug-26 09:02:32 - Epoch 46, Model Loss 0.7338052549782921, View Loss -0.775887097408569, Reg 0.42536109374239556
09-Aug-26 09:03:31 - Epoch 47, Model Loss 0.7286314417918524, View Loss -1.1645523629157373, Reg 0.4165462288591597
09-Aug-26 09:04:30 - Epoch 48, Model Loss 0.7217656376899457, View Loss -1.4577613001555398, Reg 0.40740475253342023
09-Aug-26 09:05:29 - Epoch 49, Model Loss 0.7204666761985792, View Loss -1.6329687545502107, Reg 0.4072707439559737
09-Aug-26 09:06:29 - Epoch 50, Model Loss 0.7382210997584598, View Loss -1.751900716544756, Reg 0.4088671976834341
/users/3171356m/miniconda3/envs/grastiacl/lib/python3.12/site-packages/joblib/externals/loky/process_executor.py:782: UserWarning: A worker stopped while some jobs were given to the executor. This can be caused by a too short worker timeout or by a memory leak.
  warnings.warn(
09-Aug-26 09:06:43 - Epoch 50: Train_acc 0.7728758169934641 Val_acc 0.6078431372549019 Test_acc 0.5916230366492147 Test_auc 0.6376923076923078
09-Aug-26 09:07:42 - Epoch 51, Model Loss 0.7246684304931584, View Loss -1.80466135498745, Reg 0.408843018455443
09-Aug-26 09:08:41 - Epoch 52, Model Loss 0.7282716416650348, View Loss -1.8356867989683463, Reg 0.40900490954031354
09-Aug-26 09:09:40 - Epoch 53, Model Loss 0.7395931665414299, View Loss -1.8503700175316504, Reg 0.40773501700046016
09-Aug-26 09:10:40 - Epoch 54, Model Loss 0.7537298923224406, View Loss -1.8520166032454546, Reg 0.41420183286947365
09-Aug-26 09:11:40 - Epoch 55, Model Loss 0.7703905652453696, View Loss -1.834211520899355, Reg 0.4137571463787478
/users/3171356m/miniconda3/envs/grastiacl/lib/python3.12/site-packages/joblib/externals/loky/process_executor.py:782: UserWarning: A worker stopped while some jobs were given to the executor. This can be caused by a too short worker timeout or by a memory leak.
  warnings.warn(
09-Aug-26 09:11:56 - Epoch 55: Train_acc 0.7336601307189542 Val_acc 0.5947712418300654 Test_acc 0.612565445026178 Test_auc 0.6218681318681318
09-Aug-26 09:12:55 - Epoch 56, Model Loss 0.8029434425083714, View Loss -1.8160788670084835, Reg 0.42837144580541875
09-Aug-26 09:13:54 - Epoch 57, Model Loss 0.8353030860813615, View Loss -1.7950474203022477, Reg 0.4309240949699302
09-Aug-26 09:14:52 - Epoch 58, Model Loss 0.9173925699167003, View Loss -1.7786790981791378, Reg 0.45296934500239255
09-Aug-26 09:15:51 - Epoch 59, Model Loss 1.0208967065109926, View Loss -1.7542627200581669, Reg 0.4779181229133232
09-Aug-26 09:16:50 - Epoch 60, Model Loss 1.1797521605211145, View Loss -1.7433097206689174, Reg 0.4979609044548733
/users/3171356m/miniconda3/envs/grastiacl/lib/python3.12/site-packages/joblib/externals/loky/process_executor.py:782: UserWarning: A worker stopped while some jobs were given to the executor. This can be caused by a too short worker timeout or by a memory leak.
  warnings.warn(
09-Aug-26 09:17:00 - Epoch 60: Train_acc 0.7303921568627451 Val_acc 0.6143790849673203 Test_acc 0.6073298429319371 Test_auc 0.6175824175824176
09-Aug-26 09:17:59 - Epoch 61, Model Loss 1.2841390305095248, View Loss -1.7551315282684525, Reg 0.5269255630331102
09-Aug-26 09:18:58 - Epoch 62, Model Loss 1.3074695331598418, View Loss -1.762857976302602, Reg 0.5193653188499749
09-Aug-26 09:19:58 - Epoch 63, Model Loss 1.2427454536257228, View Loss -1.751463556601331, Reg 0.5247455457456751
09-Aug-26 09:20:58 - Epoch 64, Model Loss 1.1927661432160273, View Loss -1.735570404264662, Reg 0.5136406604760613
09-Aug-26 09:21:57 - Epoch 65, Model Loss 1.1774180254905053, View Loss -1.7492698719298918, Reg 0.49782951166427214
09-Aug-26 09:22:13 - Epoch 65: Train_acc 0.7156862745098039 Val_acc 0.6405228758169934 Test_acc 0.6073298429319371 Test_auc 0.6191208791208791
09-Aug-26 09:23:13 - Epoch 66, Model Loss 1.1433066823124107, View Loss -1.763778859493779, Reg 0.5006001957880906
09-Aug-26 09:24:12 - Epoch 67, Model Loss 1.0612865777966243, View Loss -1.7671886487723956, Reg 0.48567816537190106
09-Aug-26 09:25:12 - Epoch 68, Model Loss 0.9458319876903023, View Loss -1.7675041077183742, Reg 0.45631517440665004
09-Aug-26 09:26:11 - Epoch 69, Model Loss 0.8712152262869614, View Loss -1.7704751694124508, Reg 0.45040882023331386
09-Aug-26 09:27:10 - Epoch 70, Model Loss 0.8248828712491671, View Loss -1.7633787370195575, Reg 0.43264366384425196
/users/3171356m/miniconda3/envs/grastiacl/lib/python3.12/site-packages/joblib/externals/loky/process_executor.py:782: UserWarning: A worker stopped while some jobs were given to the executor. This can be caused by a too short worker timeout or by a memory leak.
  warnings.warn(
09-Aug-26 09:27:24 - Epoch 70: Train_acc 0.7222222222222222 Val_acc 0.6274509803921569 Test_acc 0.612565445026178 Test_auc 0.6276923076923078
09-Aug-26 09:28:23 - Epoch 71, Model Loss 0.7769054453211283, View Loss -1.7542066215689665, Reg 0.42782630113994374
09-Aug-26 09:29:22 - Epoch 72, Model Loss 0.7578003782218967, View Loss -1.737993949379017, Reg 0.42083312269129786
09-Aug-26 09:30:20 - Epoch 73, Model Loss 0.7420256580987008, View Loss -1.7305335219389473, Reg 0.418381843301985
09-Aug-26 09:31:20 - Epoch 74, Model Loss 0.7142929222459108, View Loss -1.7150151059518453, Reg 0.41836335281141446
09-Aug-26 09:32:19 - Epoch 75, Model Loss 0.7281726096190658, View Loss -1.7142695694967034, Reg 0.41528844969724515
/users/3171356m/miniconda3/envs/grastiacl/lib/python3.12/site-packages/joblib/externals/loky/process_executor.py:782: UserWarning: A worker stopped while some jobs were given to the executor. This can be caused by a too short worker timeout or by a memory leak.
  warnings.warn(
09-Aug-26 09:32:28 - Epoch 75: Train_acc 0.7173202614379085 Val_acc 0.6274509803921569 Test_acc 0.6020942408376964 Test_auc 0.6250549450549451
09-Aug-26 09:33:27 - Epoch 76, Model Loss 0.7014555098379359, View Loss -1.702863554549373, Reg 0.4139476603542278
09-Aug-26 09:34:26 - Epoch 77, Model Loss 0.7014022015668209, View Loss -1.706383673973333, Reg 0.41677332469840456
09-Aug-26 09:35:25 - Epoch 78, Model Loss 0.7076738164121029, View Loss -1.7038370363073412, Reg 0.4154558425245721
09-Aug-26 09:36:25 - Epoch 79, Model Loss 0.6954650483489816, View Loss -1.6989143440146852, Reg 0.41268910827979544
09-Aug-26 09:37:23 - Epoch 80, Model Loss 0.6830618831456876, View Loss -1.7066211949766072, Reg 0.409334893320121
/users/3171356m/miniconda3/envs/grastiacl/lib/python3.12/site-packages/joblib/externals/loky/process_executor.py:782: UserWarning: A worker stopped while some jobs were given to the executor. This can be caused by a too short worker timeout or by a memory leak.
  warnings.warn(
09-Aug-26 09:37:43 - Epoch 80: Train_acc 0.7712418300653595 Val_acc 0.5947712418300654 Test_acc 0.5759162303664922 Test_auc 0.6153846153846155
09-Aug-26 09:38:42 - Epoch 81, Model Loss 0.6916781989674942, View Loss -1.7110792234832166, Reg 0.41842354395810294
09-Aug-26 09:39:41 - Epoch 82, Model Loss 0.6716717377402424, View Loss -1.7017467146605447, Reg 0.4076693628738129
09-Aug-26 09:40:40 - Epoch 83, Model Loss 0.6896127124432645, View Loss -1.692774767969169, Reg 0.41035382848939084
09-Aug-26 09:41:39 - Epoch 84, Model Loss 0.6711105599122889, View Loss -1.6800278744666406, Reg 0.4105810626269945
09-Aug-26 09:42:39 - Epoch 85, Model Loss 0.6833201927297256, View Loss -1.6697244924657486, Reg 0.40840070894341063
09-Aug-26 09:42:56 - Epoch 85: Train_acc 0.7173202614379085 Val_acc 0.6601307189542484 Test_acc 0.6073298429319371 Test_auc 0.6251648351648352
09-Aug-26 09:43:56 - Epoch 86, Model Loss 0.6720893688840803, View Loss -1.6741333070144155, Reg 0.4080236577520184
09-Aug-26 09:44:54 - Epoch 87, Model Loss 0.6686825000382717, View Loss -1.6711711977042405, Reg 0.4073017841460658
09-Aug-26 09:45:53 - Epoch 88, Model Loss 0.6732021708504047, View Loss -1.6598250975016675, Reg 0.4071989563945072
09-Aug-26 09:46:53 - Epoch 89, Model Loss 0.6711940845243292, View Loss -1.6586508408091427, Reg 0.4067337551927255
09-Aug-26 09:47:53 - Epoch 90, Model Loss 0.671563794118127, View Loss -1.6810770159453348, Reg 0.4027692796358096
/users/3171356m/miniconda3/envs/grastiacl/lib/python3.12/site-packages/joblib/externals/loky/process_executor.py:782: UserWarning: A worker stopped while some jobs were given to the executor. This can be caused by a too short worker timeout or by a memory leak.
  warnings.warn(
09-Aug-26 09:48:06 - Epoch 90: Train_acc 0.7222222222222222 Val_acc 0.6601307189542484 Test_acc 0.6073298429319371 Test_auc 0.6225274725274725
09-Aug-26 09:49:05 - Epoch 91, Model Loss 0.6691648089418224, View Loss -1.6717617558498008, Reg 0.40957842660106086
09-Aug-26 09:50:04 - Epoch 92, Model Loss 0.6530045892288482, View Loss -1.6537294917636447, Reg 0.4038299489644618
09-Aug-26 09:51:03 - Epoch 93, Model Loss 0.6631547941101922, View Loss -1.6550120715222327, Reg 0.4028075214694528
09-Aug-26 09:52:02 - Epoch 94, Model Loss 0.6524539989194059, View Loss -1.6597085092581956, Reg 0.4079904431611105
09-Aug-26 09:53:01 - Epoch 95, Model Loss 0.6563613691361122, View Loss -1.6764846471400043, Reg 0.39903462946025375
/users/3171356m/miniconda3/envs/grastiacl/lib/python3.12/site-packages/joblib/externals/loky/process_executor.py:782: UserWarning: A worker stopped while some jobs were given to the executor. This can be caused by a too short worker timeout or by a memory leak.
  warnings.warn(
09-Aug-26 09:53:17 - Epoch 95: Train_acc 0.7238562091503268 Val_acc 0.6535947712418301 Test_acc 0.6178010471204188 Test_auc 0.6217582417582417
09-Aug-26 09:54:16 - Epoch 96, Model Loss 0.6591177152262794, View Loss -1.653186712389678, Reg 0.4084906096941505
09-Aug-26 09:55:16 - Epoch 97, Model Loss 0.6706758533038345, View Loss -1.643331286174799, Reg 0.4009956129236159
09-Aug-26 09:56:15 - Epoch 98, Model Loss 0.6574248278063107, View Loss -1.6343886930178972, Reg 0.3996144500043657
09-Aug-26 09:57:14 - Epoch 99, Model Loss 0.6432391490811616, View Loss -1.6473303059347315, Reg 0.40898488199009614
09-Aug-26 09:58:13 - Epoch 100, Model Loss 0.6556103227574841, View Loss -1.6467116066053802, Reg 0.39631395928220814
/users/3171356m/miniconda3/envs/grastiacl/lib/python3.12/site-packages/joblib/externals/loky/process_executor.py:782: UserWarning: A worker stopped while some jobs were given to the executor. This can be caused by a too short worker timeout or by a memory leak.
  warnings.warn(
09-Aug-26 09:58:32 - Epoch 100: Train_acc 0.8218954248366013 Val_acc 0.6078431372549019 Test_acc 0.5549738219895288 Test_auc 0.581978021978022
09-Aug-26 09:59:30 - Epoch 101, Model Loss 0.6519082695050956, View Loss -1.6333786054374346, Reg 0.40688450488389705
09-Aug-26 10:00:29 - Epoch 102, Model Loss 0.6397904410860897, View Loss -1.6298372605267692, Reg 0.4000102752953573
09-Aug-26 10:01:28 - Epoch 103, Model Loss 0.6622512215882345, View Loss -1.645569234112509, Reg 0.40387240733975677
09-Aug-26 10:02:27 - Epoch 104, Model Loss 0.6455823423620922, View Loss -1.6243271282295775, Reg 0.4003385913138296
09-Aug-26 10:03:27 - Epoch 105, Model Loss 0.6505044642227148, View Loss -1.6278777574402055, Reg 0.40581825122334597
09-Aug-26 10:03:42 - Epoch 105: Train_acc 0.7254901960784313 Val_acc 0.6601307189542484 Test_acc 0.612565445026178 Test_auc 0.6203296703296702
09-Aug-26 10:04:41 - Epoch 106, Model Loss 0.640454658301048, View Loss -1.613832955266915, Reg 0.4014214902531867
09-Aug-26 10:05:40 - Epoch 107, Model Loss 0.6556609346001756, View Loss -1.6148996976465961, Reg 0.39939190827163995
09-Aug-26 10:06:39 - Epoch 108, Model Loss 0.6533993840996736, View Loss -1.6174686453700844, Reg 0.4074433247248332
09-Aug-26 10:07:37 - Epoch 109, Model Loss 0.6545277625517129, View Loss -1.6169488024867438, Reg 0.39919841971272735
09-Aug-26 10:08:36 - Epoch 110, Model Loss 0.65645012795146, View Loss -1.617580586788701, Reg 0.40375321636012956
/users/3171356m/miniconda3/envs/grastiacl/lib/python3.12/site-packages/joblib/externals/loky/process_executor.py:782: UserWarning: A worker stopped while some jobs were given to the executor. This can be caused by a too short worker timeout or by a memory leak.
  warnings.warn(
09-Aug-26 10:08:51 - Epoch 110: Train_acc 0.7254901960784313 Val_acc 0.6535947712418301 Test_acc 0.612565445026178 Test_auc 0.6231868131868131
09-Aug-26 10:09:50 - Epoch 111, Model Loss 0.6576897815551633, View Loss -1.613624881295597, Reg 0.40047573127777747
09-Aug-26 10:10:49 - Epoch 112, Model Loss 0.6429470037323197, View Loss -1.6183445609472935, Reg 0.40466419466180736
09-Aug-26 10:11:48 - Epoch 113, Model Loss 0.655251775789105, View Loss -1.6123994129155976, Reg 0.4024511936053731
09-Aug-26 10:12:47 - Epoch 114, Model Loss 0.6425741385011112, View Loss -1.604867900898254, Reg 0.3998061812001895
09-Aug-26 10:13:47 - Epoch 115, Model Loss 0.6564210751672196, View Loss -1.5962949593861897, Reg 0.40495168110903573
09-Aug-26 10:14:01 - Epoch 115: Train_acc 0.7745098039215687 Val_acc 0.6274509803921569 Test_acc 0.5654450261780105 Test_auc 0.6252747252747253
09-Aug-26 10:14:59 - Epoch 116, Model Loss 0.6507455817624634, View Loss -1.5932918389638264, Reg 0.40609723660680985
09-Aug-26 10:15:58 - Epoch 117, Model Loss 0.6390714212959888, View Loss -1.6114880976334116, Reg 0.3995884152409298
09-Aug-26 10:16:57 - Epoch 118, Model Loss 0.6579431519399281, View Loss -1.6168652204127094, Reg 0.4064348137456607
09-Aug-26 10:17:56 - Epoch 119, Model Loss 0.6447727454254051, View Loss -1.600579685635037, Reg 0.40238214065046873
09-Aug-26 10:18:56 - Epoch 120, Model Loss 0.6412666613369985, View Loss -1.595015747095245, Reg 0.40243657858543147
/users/3171356m/miniconda3/envs/grastiacl/lib/python3.12/site-packages/joblib/externals/loky/process_executor.py:782: UserWarning: A worker stopped while some jobs were given to the executor. This can be caused by a too short worker timeout or by a memory leak.
  warnings.warn(
09-Aug-26 10:19:11 - Epoch 120: Train_acc 0.7271241830065359 Val_acc 0.6470588235294118 Test_acc 0.6020942408376964 Test_auc 0.6234065934065933
09-Aug-26 10:20:10 - Epoch 121, Model Loss 0.6404098406726239, View Loss -1.595043871137831, Reg 0.40628153903811587
09-Aug-26 10:21:08 - Epoch 122, Model Loss 0.6462272814675873, View Loss -1.5930168737773023, Reg 0.40197014341167375
09-Aug-26 10:22:07 - Epoch 123, Model Loss 0.6407736304149129, View Loss -1.5904548760333093, Reg 0.40280887776730107
09-Aug-26 10:23:06 - Epoch 124, Model Loss 0.643353261199652, View Loss -1.5933120593526005, Reg 0.40468887176389007
09-Aug-26 10:24:06 - Epoch 125, Model Loss 0.6402478839447295, View Loss -1.5876708155363992, Reg 0.4037802478456809
/users/3171356m/miniconda3/envs/grastiacl/lib/python3.12/site-packages/joblib/externals/loky/process_executor.py:782: UserWarning: A worker stopped while some jobs were given to the executor. This can be caused by a too short worker timeout or by a memory leak.
  warnings.warn(
09-Aug-26 10:24:21 - Epoch 125: Train_acc 0.815359477124183 Val_acc 0.6209150326797386 Test_acc 0.5759162303664922 Test_auc 0.5848351648351648
09-Aug-26 10:25:21 - Epoch 126, Model Loss 0.6327066097189399, View Loss -1.593994876138525, Reg 0.40061885819715615
09-Aug-26 10:26:20 - Epoch 127, Model Loss 0.6296461022952023, View Loss -1.5891686514312147, Reg 0.40655871271307953
09-Aug-26 10:27:19 - Epoch 128, Model Loss 0.6286716235229393, View Loss -1.588827192393783, Reg 0.40382547394122953
09-Aug-26 10:28:18 - Epoch 129, Model Loss 0.643757094160404, View Loss -1.5930091368606667, Reg 0.39903410412127677
09-Aug-26 10:29:18 - Epoch 130, Model Loss 0.6351793085048402, View Loss -1.5936222668566735, Reg 0.4056706366196177
09-Aug-26 10:29:39 - Epoch 130: Train_acc 0.7794117647058824 Val_acc 0.6274509803921569 Test_acc 0.5602094240837696 Test_auc 0.6214285714285714
09-Aug-26 10:30:38 - Epoch 131, Model Loss 0.6365408334467146, View Loss -1.5982783697789011, Reg 0.4016476265745225
09-Aug-26 10:31:36 - Epoch 132, Model Loss 0.623111796340132, View Loss -1.5968312796424418, Reg 0.4028073099313998
09-Aug-26 10:32:34 - Epoch 133, Model Loss 0.6180366190040812, View Loss -1.5956671456106348, Reg 0.40465974885653827
09-Aug-26 10:33:33 - Epoch 134, Model Loss 0.6285203730358797, View Loss -1.5867992164262759, Reg 0.3996610760299209
09-Aug-26 10:34:31 - Epoch 135, Model Loss 0.6215315646205852, View Loss -1.5926472252490473, Reg 0.4029168451533598
/users/3171356m/miniconda3/envs/grastiacl/lib/python3.12/site-packages/joblib/externals/loky/process_executor.py:782: UserWarning: A worker stopped while some jobs were given to the executor. This can be caused by a too short worker timeout or by a memory leak.
  warnings.warn(
09-Aug-26 10:34:43 - Epoch 135: Train_acc 0.7238562091503268 Val_acc 0.6535947712418301 Test_acc 0.6020942408376964 Test_auc 0.621098901098901
09-Aug-26 10:35:41 - Epoch 136, Model Loss 0.6224675166840646, View Loss -1.581628419215383, Reg 0.402257516882778
09-Aug-26 10:36:39 - Epoch 137, Model Loss 0.6178916743378234, View Loss -1.5865766643698698, Reg 0.4011572135819329
09-Aug-26 10:37:37 - Epoch 138, Model Loss 0.6158706171839845, View Loss -1.5796005710277683, Reg 0.40399804224375807
09-Aug-26 10:38:35 - Epoch 139, Model Loss 0.6101356769114538, View Loss -1.5785976515875921, Reg 0.4009176827723684
09-Aug-26 10:39:33 - Epoch 140, Model Loss 0.622486539331137, View Loss -1.5764621223499573, Reg 0.39945709004121666
09-Aug-26 10:39:47 - Epoch 140: Train_acc 0.7794117647058824 Val_acc 0.6274509803921569 Test_acc 0.5654450261780105 Test_auc 0.6169230769230769
09-Aug-26 10:40:44 - Epoch 141, Model Loss 0.6193654517722286, View Loss -1.5762921408110975, Reg 0.403573091902764
09-Aug-26 10:41:42 - Epoch 142, Model Loss 0.6239643989045636, View Loss -1.5733856671775868, Reg 0.40248745874641767
09-Aug-26 10:42:40 - Epoch 143, Model Loss 0.6185588561047136, View Loss -1.5759779378479601, Reg 0.3985517905428519
09-Aug-26 10:43:38 - Epoch 144, Model Loss 0.6214589149344201, View Loss -1.584033056022295, Reg 0.40375031267895417
09-Aug-26 10:44:35 - Epoch 145, Model Loss 0.6220857715295032, View Loss -1.572535851422478, Reg 0.40084172795021455
/users/3171356m/miniconda3/envs/grastiacl/lib/python3.12/site-packages/joblib/externals/loky/process_executor.py:782: UserWarning: A worker stopped while some jobs were given to the executor. This can be caused by a too short worker timeout or by a memory leak.
  warnings.warn(
09-Aug-26 10:44:48 - Epoch 145: Train_acc 0.7761437908496732 Val_acc 0.6143790849673203 Test_acc 0.5759162303664922 Test_auc 0.6215384615384616
09-Aug-26 10:45:45 - Epoch 146, Model Loss 0.6070571756051257, View Loss -1.5821412201800378, Reg 0.399007622323005
09-Aug-26 10:46:42 - Epoch 147, Model Loss 0.6173816544362922, View Loss -1.5652454616197573, Reg 0.40241023372201357
09-Aug-26 10:47:39 - Epoch 148, Model Loss 0.6055500391456816, View Loss -1.571937751146703, Reg 0.39857809313761644
09-Aug-26 10:48:36 - Epoch 149, Model Loss 0.6060305819207547, View Loss -1.5703402033039169, Reg 0.4006771760828355
09-Aug-26 10:49:33 - Epoch 150, Model Loss 0.6117434369193183, View Loss -1.5728312707414813, Reg 0.4037858676287084
09-Aug-26 10:49:42 - Epoch 150: Train_acc 0.815359477124183 Val_acc 0.6274509803921569 Test_acc 0.5654450261780105 Test_auc 0.5794505494505494
09-Aug-26 10:50:39 - Epoch 151, Model Loss 0.6091548964089039, View Loss -1.5731825220818614, Reg 0.39824795878790564
09-Aug-26 10:51:36 - Epoch 152, Model Loss 0.6077117921869739, View Loss -1.5685123867458768, Reg 0.39991796055650397
09-Aug-26 10:52:33 - Epoch 153, Model Loss 0.5958593702004626, View Loss -1.5723265464009801, Reg 0.4017138520097421
09-Aug-26 10:53:30 - Epoch 154, Model Loss 0.5977223372342539, View Loss -1.5767708728516023, Reg 0.3986984072557462
09-Aug-26 10:54:27 - Epoch 155, Model Loss 0.6146681655466167, View Loss -1.5704241765090843, Reg 0.3989279690910788
09-Aug-26 10:54:34 - Epoch 155: Train_acc 0.8202614379084967 Val_acc 0.6209150326797386 Test_acc 0.5759162303664922 Test_auc 0.5756043956043957
09-Aug-26 10:55:31 - Epoch 156, Model Loss 0.6011015815672531, View Loss -1.5694541759740293, Reg 0.4017616841528151
09-Aug-26 10:56:28 - Epoch 157, Model Loss 0.5914915170934465, View Loss -1.572768423292372, Reg 0.4007312287302578
09-Aug-26 10:57:25 - Epoch 158, Model Loss 0.5956918162847656, View Loss -1.5750096763660706, Reg 0.39728157621583127
09-Aug-26 10:58:22 - Epoch 159, Model Loss 0.6021394991601994, View Loss -1.5771448814791011, Reg 0.40231289446743485
09-Aug-26 10:59:18 - Epoch 160, Model Loss 0.6080048719262765, View Loss -1.593073717129776, Reg 0.39680198964729807
09-Aug-26 10:59:25 - Epoch 160: Train_acc 0.7761437908496732 Val_acc 0.6209150326797386 Test_acc 0.5706806282722513 Test_auc 0.6143956043956045
09-Aug-26 11:00:22 - Epoch 161, Model Loss 0.602211929224675, View Loss -1.5898392932866914, Reg 0.3964993355710522
09-Aug-26 11:01:19 - Epoch 162, Model Loss 0.5986156342855466, View Loss -1.5986248075572493, Reg 0.404570078927707
09-Aug-26 11:02:16 - Epoch 163, Model Loss 0.5899889837293064, View Loss -1.6027589093625936, Reg 0.3983263879819633
09-Aug-26 11:03:13 - Epoch 164, Model Loss 0.5921872143262352, View Loss -1.5865501780915106, Reg 0.39571043693162256
09-Aug-26 11:04:10 - Epoch 165, Model Loss 0.5891644987795088, View Loss -1.5995647377438016, Reg 0.40416184067726135
09-Aug-26 11:04:19 - Epoch 165: Train_acc 0.8251633986928104 Val_acc 0.6274509803921569 Test_acc 0.5445026178010471 Test_auc 0.5762637362637362
09-Aug-26 11:05:16 - Epoch 166, Model Loss 0.6006612455338435, View Loss -1.5841568887623307, Reg 0.39832976440978207
09-Aug-26 11:06:13 - Epoch 167, Model Loss 0.6024962569179099, View Loss -1.5935037930806477, Reg 0.3968464389346004
09-Aug-26 11:07:09 - Epoch 168, Model Loss 0.6005367928860235, View Loss -1.589649466907277, Reg 0.4014733624614142
09-Aug-26 11:08:06 - Epoch 169, Model Loss 0.5905099255002402, View Loss -1.5878033591251748, Reg 0.39886636593762564
09-Aug-26 11:09:03 - Epoch 170, Model Loss 0.5907774483845905, View Loss -1.583864956899406, Reg 0.3959849303454355
09-Aug-26 11:09:19 - Epoch 170: Train_acc 0.7271241830065359 Val_acc 0.673202614379085 Test_acc 0.6073298429319371 Test_auc 0.6190109890109889
09-Aug-26 11:10:16 - Epoch 171, Model Loss 0.5981945129586201, View Loss -1.578446023604449, Reg 0.39968300995483896
09-Aug-26 11:11:13 - Epoch 172, Model Loss 0.5933053799314436, View Loss -1.5711209477941974, Reg 0.39916134328624003
09-Aug-26 11:12:10 - Epoch 173, Model Loss 0.5908935354426016, View Loss -1.567864634632285, Reg 0.3978104277763491
09-Aug-26 11:13:07 - Epoch 174, Model Loss 0.5930602573880962, View Loss -1.5669776302537108, Reg 0.3983101540920781
09-Aug-26 11:14:04 - Epoch 175, Model Loss 0.5938051006957596, View Loss -1.569240797578899, Reg 0.3982354277878805
/users/3171356m/miniconda3/envs/grastiacl/lib/python3.12/site-packages/joblib/externals/loky/process_executor.py:782: UserWarning: A worker stopped while some jobs were given to the executor. This can be caused by a too short worker timeout or by a memory leak.
  warnings.warn(
09-Aug-26 11:14:14 - Epoch 175: Train_acc 0.8169934640522876 Val_acc 0.6405228758169934 Test_acc 0.5706806282722513 Test_auc 0.5738461538461538
09-Aug-26 11:15:11 - Epoch 176, Model Loss 0.5915108338680143, View Loss -1.5652712108263003, Reg 0.398330214755987
09-Aug-26 11:16:08 - Epoch 177, Model Loss 0.5811787023653392, View Loss -1.5654292309206295, Reg 0.39881330864881376
09-Aug-26 11:17:05 - Epoch 178, Model Loss 0.588780463326211, View Loss -1.5633003742866267, Reg 0.39701423048973083
09-Aug-26 11:18:02 - Epoch 179, Model Loss 0.5923361046836267, View Loss -1.5665894894818075, Reg 0.3981372215389426
09-Aug-26 11:18:59 - Epoch 180, Model Loss 0.5800273660935608, View Loss -1.5699751003115785, Reg 0.39869804319992563
09-Aug-26 11:19:09 - Epoch 180: Train_acc 0.7777777777777778 Val_acc 0.6143790849673203 Test_acc 0.5549738219895288 Test_auc 0.6115384615384616
09-Aug-26 11:20:06 - Epoch 181, Model Loss 0.5903864555499133, View Loss -1.5572205166411555, Reg 0.3972360953396442
09-Aug-26 11:21:03 - Epoch 182, Model Loss 0.5950257410995321, View Loss -1.5720518694983587, Reg 0.39872722765978647
09-Aug-26 11:22:00 - Epoch 183, Model Loss 0.5970680399073495, View Loss -1.5631451684665056, Reg 0.3961169423620685
09-Aug-26 11:22:57 - Epoch 184, Model Loss 0.5813099191664091, View Loss -1.5667977364234675, Reg 0.39706679925419924
09-Aug-26 11:23:55 - Epoch 185, Model Loss 0.5859972072972192, View Loss -1.5640647317848952, Reg 0.3993714529704424
09-Aug-26 11:24:04 - Epoch 185: Train_acc 0.7859477124183006 Val_acc 0.6143790849673203 Test_acc 0.5602094240837696 Test_auc 0.6063736263736265
09-Aug-26 11:25:01 - Epoch 186, Model Loss 0.5875515248261246, View Loss -1.5620322554719215, Reg 0.39736182646813734
09-Aug-26 11:25:58 - Epoch 187, Model Loss 0.5838320144251281, View Loss -1.558980249891094, Reg 0.39593179183068616
09-Aug-26 11:26:55 - Epoch 188, Model Loss 0.5827318615967931, View Loss -1.5639980634053547, Reg 0.398567076017654
09-Aug-26 11:27:52 - Epoch 189, Model Loss 0.5821569552218991, View Loss -1.5701608798083138, Reg 0.3977239498125961
09-Aug-26 11:28:49 - Epoch 190, Model Loss 0.575698147801792, View Loss -1.5721961813035354, Reg 0.395178164531982
09-Aug-26 11:28:56 - Epoch 190: Train_acc 0.7303921568627451 Val_acc 0.673202614379085 Test_acc 0.6073298429319371 Test_auc 0.6196703296703296
09-Aug-26 11:29:53 - Epoch 191, Model Loss 0.5841606594378652, View Loss -1.5678478627423056, Reg 0.39681100280456294
09-Aug-26 11:30:49 - Epoch 192, Model Loss 0.5836579419818579, View Loss -1.5654998152863746, Reg 0.39814315103237924
09-Aug-26 11:31:46 - Epoch 193, Model Loss 0.5793749188480813, View Loss -1.5594956204782124, Reg 0.39743928231445014
09-Aug-26 11:32:43 - Epoch 194, Model Loss 0.5768418189357308, View Loss -1.5613169576607497, Reg 0.3958548100945217
09-Aug-26 11:33:40 - Epoch 195, Model Loss 0.5774669141746035, View Loss -1.5649174615448596, Reg 0.3970830074322769
09-Aug-26 11:33:47 - Epoch 195: Train_acc 0.7303921568627451 Val_acc 0.673202614379085 Test_acc 0.6073298429319371 Test_auc 0.6217582417582418
09-Aug-26 11:34:44 - Epoch 196, Model Loss 0.5743435449849547, View Loss -1.566043281866834, Reg 0.3978625257420384
09-Aug-26 11:35:41 - Epoch 197, Model Loss 0.580149344369477, View Loss -1.5630794272703283, Reg 0.39503196719425177
09-Aug-26 11:36:38 - Epoch 198, Model Loss 0.5797926797196756, View Loss -1.5615211327870686, Reg 0.3956456585647234
09-Aug-26 11:37:35 - Epoch 199, Model Loss 0.5779218161417767, View Loss -1.5571459368163465, Reg 0.3988615159505333
09-Aug-26 11:38:32 - Epoch 200, Model Loss 0.5793171169516308, View Loss -1.558569280150669, Reg 0.3941083786144755
09-Aug-26 11:38:40 - Epoch 200: Train_acc 0.8676470588235294 Val_acc 0.6143790849673203 Test_acc 0.518324607329843 Test_auc 0.5274725274725275
09-Aug-26 11:39:37 - Epoch 201, Model Loss 0.5806828793746973, View Loss -1.5580795231987448, Reg 0.3939340256787593
09-Aug-26 11:40:34 - Epoch 202, Model Loss 0.5797122765600292, View Loss -1.5623226493012672, Reg 0.39838147455570744
09-Aug-26 11:41:31 - Epoch 203, Model Loss 0.5741662007141737, View Loss -1.5561635992885414, Reg 0.39536569321077636
09-Aug-26 11:42:28 - Epoch 204, Model Loss 0.573685436856513, View Loss -1.5573470140594283, Reg 0.3958426205550923
09-Aug-26 11:43:25 - Epoch 205, Model Loss 0.5827235258093068, View Loss -1.5525628071205289, Reg 0.3963511825776568
09-Aug-26 11:43:33 - Epoch 205: Train_acc 0.8251633986928104 Val_acc 0.6209150326797386 Test_acc 0.5706806282722513 Test_auc 0.574065934065934
09-Aug-26 11:44:30 - Epoch 206, Model Loss 0.5757151867439544, View Loss -1.5532433690588459, Reg 0.39570272845380444
09-Aug-26 11:45:27 - Epoch 207, Model Loss 0.5761645679769952, View Loss -1.5637457588918848, Reg 0.3976331781717687
09-Aug-26 11:46:24 - Epoch 208, Model Loss 0.5835315230625128, View Loss -1.560924620410196, Reg 0.39295688680574004
09-Aug-26 11:47:21 - Epoch 209, Model Loss 0.574934575682372, View Loss -1.5565032491496964, Reg 0.394104239987392
09-Aug-26 11:48:18 - Epoch 210, Model Loss 0.5776589672549878, View Loss -1.5522194220349679, Reg 0.3985992997300391
09-Aug-26 11:48:25 - Epoch 210: Train_acc 0.8218954248366013 Val_acc 0.6143790849673203 Test_acc 0.5549738219895288 Test_auc 0.5725274725274725
09-Aug-26 11:49:22 - Epoch 211, Model Loss 0.5703128188653709, View Loss -1.5550695088953754, Reg 0.39235587505733266
09-Aug-26 11:50:19 - Epoch 212, Model Loss 0.5741609317414901, View Loss -1.5558940055323582, Reg 0.3945842813822179
09-Aug-26 11:51:16 - Epoch 213, Model Loss 0.5744163610187232, View Loss -1.56911610622032, Reg 0.39821077269666333
09-Aug-26 11:52:12 - Epoch 214, Model Loss 0.5720014950029211, View Loss -1.5601244393516989, Reg 0.39669181727895547
09-Aug-26 11:53:09 - Epoch 215, Model Loss 0.5837836289912267, View Loss -1.569178071676516, Reg 0.39415844456822263
09-Aug-26 11:53:21 - Epoch 215: Train_acc 0.8235294117647058 Val_acc 0.6339869281045751 Test_acc 0.5497382198952879 Test_auc 0.5729670329670329
09-Aug-26 11:54:18 - Epoch 216, Model Loss 0.5710831852325426, View Loss -1.5838256599077212, Reg 0.39393746560695125
09-Aug-26 11:55:15 - Epoch 217, Model Loss 0.56497442371705, View Loss -1.5819760148042168, Reg 0.39090174533962424
09-Aug-26 11:56:12 - Epoch 218, Model Loss 0.5737529636598101, View Loss -1.583343909456839, Reg 0.39872367553461613
09-Aug-26 11:57:09 - Epoch 219, Model Loss 0.5726001901564255, View Loss -1.565201146929872, Reg 0.3978048555212083
09-Aug-26 11:58:06 - Epoch 220, Model Loss 0.5752716958522797, View Loss -1.5644808859606973, Reg 0.3923597142976873
09-Aug-26 11:58:14 - Epoch 220: Train_acc 0.7761437908496732 Val_acc 0.6209150326797386 Test_acc 0.5706806282722513 Test_auc 0.6080219780219781
09-Aug-26 11:59:11 - Epoch 221, Model Loss 0.5621112871403787, View Loss -1.5529454517987817, Reg 0.39607330163319904
09-Aug-26 12:00:08 - Epoch 222, Model Loss 0.5681640250620499, View Loss -1.555781976849425, Reg 0.3952965576664295
09-Aug-26 12:01:05 - Epoch 223, Model Loss 0.5742176786746854, View Loss -1.5535173166811076, Reg 0.393335983644124
09-Aug-26 12:02:03 - Epoch 224, Model Loss 0.5688543711222854, View Loss -1.5511487714605394, Reg 0.39645325903799017
09-Aug-26 12:03:00 - Epoch 225, Model Loss 0.5683688453209945, View Loss -1.5523867248709684, Reg 0.3943228053501229
09-Aug-26 12:03:07 - Epoch 225: Train_acc 0.7859477124183006 Val_acc 0.6143790849673203 Test_acc 0.5497382198952879 Test_auc 0.6062637362637362
09-Aug-26 12:04:04 - Epoch 226, Model Loss 0.5723021458956151, View Loss -1.5534620316200007, Reg 0.39390067785393956
09-Aug-26 12:05:01 - Epoch 227, Model Loss 0.5638850271896599, View Loss -1.5544098810432783, Reg 0.3959735154716018
09-Aug-26 12:05:58 - Epoch 228, Model Loss 0.5666115711522258, View Loss -1.5530354618247038, Reg 0.39308666481691246
09-Aug-26 12:06:55 - Epoch 229, Model Loss 0.566454345494314, View Loss -1.5504010331396962, Reg 0.393860175718669
09-Aug-26 12:07:52 - Epoch 230, Model Loss 0.566188135373047, View Loss -1.5550231263528462, Reg 0.3976993404961879
09-Aug-26 12:08:01 - Epoch 230: Train_acc 0.7794117647058824 Val_acc 0.6209150326797386 Test_acc 0.5602094240837696 Test_auc 0.6043956043956042
09-Aug-26 12:08:58 - Epoch 231, Model Loss 0.5690819890865313, View Loss -1.5617420174717125, Reg 0.39406172804583134
09-Aug-26 12:09:55 - Epoch 232, Model Loss 0.5682787145274917, View Loss -1.570194381514406, Reg 0.39306266537678786
09-Aug-26 12:10:51 - Epoch 233, Model Loss 0.5572754109607023, View Loss -1.5746679820266425, Reg 0.39182349104507297
09-Aug-26 12:11:48 - Epoch 234, Model Loss 0.5639952014084735, View Loss -1.574081648408977, Reg 0.396835573163687
09-Aug-26 12:12:45 - Epoch 235, Model Loss 0.5665893879980822, View Loss -1.5529637461394266, Reg 0.39673856718867434
09-Aug-26 12:12:53 - Epoch 235: Train_acc 0.8218954248366013 Val_acc 0.6209150326797386 Test_acc 0.5706806282722513 Test_auc 0.5675824175824176
09-Aug-26 12:13:50 - Epoch 236, Model Loss 0.5590961684588514, View Loss -1.5572698007222094, Reg 0.3915904035755232
09-Aug-26 12:14:46 - Epoch 237, Model Loss 0.5611337536300709, View Loss -1.5532931253021838, Reg 0.39445608678986044
09-Aug-26 12:15:43 - Epoch 238, Model Loss 0.5580212701769436, View Loss -1.5524344506606558, Reg 0.394334160229739
09-Aug-26 12:16:39 - Epoch 239, Model Loss 0.5564756486930099, View Loss -1.5521144789028791, Reg 0.3930775887436337
09-Aug-26 12:17:35 - Epoch 240, Model Loss 0.5619378448311799, View Loss -1.5521418908063103, Reg 0.39560815282896455
09-Aug-26 12:17:44 - Epoch 240: Train_acc 0.7254901960784313 Val_acc 0.6535947712418301 Test_acc 0.6020942408376964 Test_auc 0.6220879120879121
09-Aug-26 12:18:40 - Epoch 241, Model Loss 0.5698955306430268, View Loss -1.5550429821014404, Reg 0.39279695897320516
09-Aug-26 12:19:37 - Epoch 242, Model Loss 0.5585075651898104, View Loss -1.5538462345896205, Reg 0.3910313497960957
09-Aug-26 12:20:33 - Epoch 243, Model Loss 0.5600460023661844, View Loss -1.5544358733432744, Reg 0.39593935986749484
09-Aug-26 12:21:30 - Epoch 244, Model Loss 0.556169916601742, View Loss -1.5614417284921882, Reg 0.39374087098377203
09-Aug-26 12:22:26 - Epoch 245, Model Loss 0.5662700697487476, View Loss -1.5635046195360571, Reg 0.39433055200607947
09-Aug-26 12:22:34 - Epoch 245: Train_acc 0.7173202614379085 Val_acc 0.6666666666666666 Test_acc 0.5968586387434555 Test_auc 0.6215384615384615
09-Aug-26 12:23:30 - Epoch 246, Model Loss 0.561324279682309, View Loss -1.5567105470919143, Reg 0.3966537297161576
09-Aug-26 12:24:27 - Epoch 247, Model Loss 0.5574165898210862, View Loss -1.5582907776427424, Reg 0.39315900011779437
09-Aug-26 12:25:23 - Epoch 248, Model Loss 0.5595652552601559, View Loss -1.561679399091434, Reg 0.39382243740792366
09-Aug-26 12:26:20 - Epoch 249, Model Loss 0.5600027480935739, View Loss -1.561692675733878, Reg 0.3942166247399025
09-Aug-26 12:27:16 - Epoch 250, Model Loss 0.5654232776632496, View Loss -1.5595502557318195, Reg 0.3913278240783542
09-Aug-26 12:27:24 - Epoch 250: Train_acc 0.8218954248366013 Val_acc 0.6013071895424836 Test_acc 0.5706806282722513 Test_auc 0.5662637362637362
09-Aug-26 12:28:20 - Epoch 251, Model Loss 0.5600622284646127, View Loss -1.5575256581399954, Reg 0.39379921477604535
09-Aug-26 12:29:17 - Epoch 252, Model Loss 0.5657198635581272, View Loss -1.5473606726702522, Reg 0.39338163359492434
09-Aug-26 12:30:13 - Epoch 253, Model Loss 0.5532538664886375, View Loss -1.5518437694100773, Reg 0.3939434227600596
09-Aug-26 12:31:10 - Epoch 254, Model Loss 0.5561875619140326, View Loss -1.553665784449359, Reg 0.3937712430564407
09-Aug-26 12:32:06 - Epoch 255, Model Loss 0.5524422222492742, View Loss -1.5499458359737022, Reg 0.39207888506596383
09-Aug-26 12:32:12 - Epoch 255: Train_acc 0.826797385620915 Val_acc 0.6078431372549019 Test_acc 0.5602094240837696 Test_auc 0.5702197802197801
09-Aug-26 12:33:09 - Epoch 256, Model Loss 0.5595384528434354, View Loss -1.5517454381082572, Reg 0.394952993182575
09-Aug-26 12:34:05 - Epoch 257, Model Loss 0.5556360574719174, View Loss -1.5548992266062818, Reg 0.3929652014588998
09-Aug-26 12:35:02 - Epoch 258, Model Loss 0.5625788957075356, View Loss -1.5651936032413658, Reg 0.39250612356304343
09-Aug-26 12:35:58 - Epoch 259, Model Loss 0.5606421044254615, View Loss -1.55215196983487, Reg 0.3917498498960258
09-Aug-26 12:36:55 - Epoch 260, Model Loss 0.5560694058346592, View Loss -1.551637824064766, Reg 0.3931914057606965
09-Aug-26 12:37:00 - Epoch 260: Train_acc 0.8464052287581699 Val_acc 0.6209150326797386 Test_acc 0.5392670157068062 Test_auc 0.5363736263736264
09-Aug-26 12:37:57 - Epoch 261, Model Loss 0.5602502081713645, View Loss -1.5468179104374904, Reg 0.3926869278250177
09-Aug-26 12:38:53 - Epoch 262, Model Loss 0.555776481340134, View Loss -1.550969416799109, Reg 0.3921116580760557
09-Aug-26 12:39:49 - Epoch 263, Model Loss 0.5532153016991086, View Loss -1.560728238299002, Reg 0.39232531443140867
09-Aug-26 12:40:46 - Epoch 264, Model Loss 0.5614307389345045, View Loss -1.548831869574154, Reg 0.3912597964791691
09-Aug-26 12:41:42 - Epoch 265, Model Loss 0.5574328100759219, View Loss -1.562788121840533, Reg 0.3905729092414083
09-Aug-26 12:41:51 - Epoch 265: Train_acc 0.8251633986928104 Val_acc 0.6143790849673203 Test_acc 0.5549738219895288 Test_auc 0.5636263736263736
09-Aug-26 12:42:47 - Epoch 266, Model Loss 0.5553500482849046, View Loss -1.5598131379270865, Reg 0.394816143839967
09-Aug-26 12:43:44 - Epoch 267, Model Loss 0.5576357689558291, View Loss -1.546849853852216, Reg 0.3924645121191062
09-Aug-26 12:44:40 - Epoch 268, Model Loss 0.5599517832004947, View Loss -1.5443151838639204, Reg 0.3915175201456531
09-Aug-26 12:45:36 - Epoch 269, Model Loss 0.5465108943141364, View Loss -1.5466539392284318, Reg 0.3938039457486346
09-Aug-26 12:46:32 - Epoch 270, Model Loss 0.5520815822034101, View Loss -1.541519761864656, Reg 0.39074505115646163
09-Aug-26 12:46:39 - Epoch 270: Train_acc 0.7303921568627451 Val_acc 0.6601307189542484 Test_acc 0.5863874345549738 Test_auc 0.6215384615384615
09-Aug-26 12:47:35 - Epoch 271, Model Loss 0.5445096058393616, View Loss -1.542977861329621, Reg 0.39207202780480477
09-Aug-26 12:48:32 - Epoch 272, Model Loss 0.5509543586400599, View Loss -1.5511530583200892, Reg 0.39353353155204673
09-Aug-26 12:49:28 - Epoch 273, Model Loss 0.5480691634751613, View Loss -1.5487624399023119, Reg 0.3921663722181632
09-Aug-26 12:50:24 - Epoch 274, Model Loss 0.5532170097812329, View Loss -1.5403014039681628, Reg 0.3934408391223234
09-Aug-26 12:51:21 - Epoch 275, Model Loss 0.5516545507642958, View Loss -1.5448746276057623, Reg 0.39249272147814435
09-Aug-26 12:51:27 - Epoch 275: Train_acc 0.7810457516339869 Val_acc 0.6143790849673203 Test_acc 0.5497382198952879 Test_auc 0.6062637362637363
09-Aug-26 12:52:23 - Epoch 276, Model Loss 0.5438111535474366, View Loss -1.5435230934541988, Reg 0.3906053779951108
09-Aug-26 12:53:20 - Epoch 277, Model Loss 0.5538194551576976, View Loss -1.5444822389315935, Reg 0.39284197158283657
09-Aug-26 12:54:16 - Epoch 278, Model Loss 0.5450588745229384, View Loss -1.5518843379675173, Reg 0.39196980447551005
09-Aug-26 12:55:12 - Epoch 279, Model Loss 0.5447893723163729, View Loss -1.554923850726458, Reg 0.391155717419643
09-Aug-26 12:56:09 - Epoch 280, Model Loss 0.5428189549570769, View Loss -1.5475603864083882, Reg 0.39248060965849685
09-Aug-26 12:56:15 - Epoch 280: Train_acc 0.7843137254901961 Val_acc 0.6274509803921569 Test_acc 0.5654450261780105 Test_auc 0.6093406593406595
09-Aug-26 12:57:12 - Epoch 281, Model Loss 0.5530954708460889, View Loss -1.5494760734583037, Reg 0.3895369877223096
09-Aug-26 12:58:08 - Epoch 282, Model Loss 0.5535518776357563, View Loss -1.547123581755395, Reg 0.3915062673341215
09-Aug-26 12:59:04 - Epoch 283, Model Loss 0.5511812494665969, View Loss -1.5419456818524528, Reg 0.3907654579558404
09-Aug-26 13:00:01 - Epoch 284, Model Loss 0.540853384663077, View Loss -1.5418890847100153, Reg 0.3909677339145561
09-Aug-26 13:00:57 - Epoch 285, Model Loss 0.5530201013571296, View Loss -1.5429298238816604, Reg 0.39259950884806566
09-Aug-26 13:01:05 - Epoch 285: Train_acc 0.7843137254901961 Val_acc 0.6274509803921569 Test_acc 0.5654450261780105 Test_auc 0.6041758241758242
09-Aug-26 13:02:01 - Epoch 286, Model Loss 0.5464287406089259, View Loss -1.5600755713344399, Reg 0.39138713011554643
09-Aug-26 13:02:57 - Epoch 287, Model Loss 0.5497399697116777, View Loss -1.5473014466902788, Reg 0.3910178980406593
09-Aug-26 13:03:54 - Epoch 288, Model Loss 0.5426393272050845, View Loss -1.5601449215334224, Reg 0.3919357458750407
09-Aug-26 13:04:50 - Epoch 289, Model Loss 0.5501921356113908, View Loss -1.5614409805123324, Reg 0.3899969941650341
09-Aug-26 13:05:46 - Epoch 290, Model Loss 0.5440683836251302, View Loss -1.5532388219646378, Reg 0.39079328300127014
09-Aug-26 13:05:54 - Epoch 290: Train_acc 0.8235294117647058 Val_acc 0.6078431372549019 Test_acc 0.5602094240837696 Test_auc 0.5674725274725275
09-Aug-26 13:06:51 - Epoch 291, Model Loss 0.5471277116170896, View Loss -1.5529854079477148, Reg 0.3898591405036403
09-Aug-26 13:07:47 - Epoch 292, Model Loss 0.5499428483395795, View Loss -1.5417322442422505, Reg 0.3903787116599239
09-Aug-26 13:08:43 - Epoch 293, Model Loss 0.5452119156815647, View Loss -1.5495865329418308, Reg 0.39033248708918206
09-Aug-26 13:09:40 - Epoch 294, Model Loss 0.549429754026575, View Loss -1.5596199207056582, Reg 0.39034325916782703
09-Aug-26 13:10:36 - Epoch 295, Model Loss 0.5474341768844455, View Loss -1.5439046286289988, Reg 0.3901430524252599
09-Aug-26 13:10:43 - Epoch 295: Train_acc 0.7238562091503268 Val_acc 0.673202614379085 Test_acc 0.581151832460733 Test_auc 0.6213186813186813
09-Aug-26 13:11:40 - Epoch 296, Model Loss 0.5427464447379892, View Loss -1.5383440778146382, Reg 0.39085227406881995
09-Aug-26 13:12:36 - Epoch 297, Model Loss 0.5467504325255849, View Loss -1.5385210934807272, Reg 0.39112074605000563
09-Aug-26 13:13:33 - Epoch 298, Model Loss 0.5495952691128051, View Loss -1.5424126487931396, Reg 0.38953736073830547
09-Aug-26 13:14:29 - Epoch 299, Model Loss 0.5411768364750482, View Loss -1.5387866933361378, Reg 0.3897631744933284
09-Aug-26 13:15:25 - Epoch 300, Model Loss 0.5505882972985311, View Loss -1.5410286351746203, Reg 0.3906586824678907
09-Aug-26 13:15:33 - Epoch 300: Train_acc 0.8284313725490197 Val_acc 0.6078431372549019 Test_acc 0.5654450261780105 Test_auc 0.567032967032967
09-Aug-26 13:15:33 - FinishedTraining! BestEpoch (eval-interval index): 3
09-Aug-26 13:15:33 - Wrote /users/3171356m/muhammad/GraSTIACL/nested_cv/results/nocombat__emb256_bs256__fold4.json
09-Aug-26 13:15:33 - {
  "emb_dim": 256,
  "batch_size": 256,
  "fold": 4,
  "combat": false,
  "n_train": 612,
  "n_val": 153,
  "n_test": 191,
  "best_val_epoch_idx": 3,
  "train_accuracy": 0.7418300653594772,
  "val_accuracy": 0.7189542483660131,
  "test_accuracy": 0.6020942408376964,
  "train_f1": 0.7275862068965517,
  "val_f1": 0.7034482758620689,
  "test_f1": 0.5529411764705883,
  "train_sensitivity": 0.7250859081612168,
  "val_sensitivity": 0.6986301274160257,
  "test_sensitivity": 0.5164835108078735,
  "train_specificity": 0.7570093434361079,
  "val_specificity": 0.7374999907812502,
  "test_specificity": 0.6799999932,
  "train_precision": 0.7301038062283737,
  "val_precision": 0.7083333333333334,
  "test_precision": 0.5949367088607594,
  "test_auc": 0.6415384615384616,
  "fin_reg": 0.43070467040429705
}
