Task 38: config=7 fold=3 batch_size=128 emb_dim=256 mij_source=alff_pcc combat=yes
The Zen of Python, by Tim Peters

Beautiful is better than ugly.
Explicit is better than implicit.
Simple is better than complex.
Complex is better than complicated.
Flat is better than nested.
Sparse is better than dense.
Readability counts.
Special cases aren't special enough to break the rules.
Although practicality beats purity.
Errors should never pass silently.
Unless explicitly silenced.
In the face of ambiguity, refuse the temptation to guess.
There should be one-- and preferably only one --obvious way to do it.
Although that way may not be obvious at first unless you're Dutch.
Now is better than never.
Although never is often better than *right* now.
If the implementation is hard to explain, it's a bad idea.
If the implementation is easy to explain, it may be a good idea.
Namespaces are one honking great idea -- let's do more of those!
validation time cost : 0.16696 sec
validation time cost : 0.16725 sec
validation time cost : 0.17302 sec
validation time cost : 0.16959 sec
validation time cost : 0.16843 sec
validation time cost : 0.18290 sec
validation time cost : 0.16767 sec
validation time cost : 0.16917 sec
validation time cost : 0.16918 sec
validation time cost : 0.18775 sec
validation time cost : 0.17778 sec
validation time cost : 0.19235 sec
validation time cost : 0.18658 sec
validation time cost : 0.16378 sec
validation time cost : 0.15885 sec
validation time cost : 0.14159 sec
validation time cost : 0.13849 sec
validation time cost : 0.13285 sec
validation time cost : 0.13350 sec
validation time cost : 0.13207 sec
validation time cost : 0.13068 sec
validation time cost : 0.13697 sec
validation time cost : 0.13273 sec
validation time cost : 0.14621 sec
validation time cost : 0.13724 sec
validation time cost : 0.14787 sec
validation time cost : 0.13695 sec
validation time cost : 0.13794 sec
validation time cost : 0.13610 sec
validation time cost : 0.14234 sec
validation time cost : 0.13240 sec
validation time cost : 0.13197 sec
validation time cost : 0.13480 sec
validation time cost : 0.13230 sec
validation time cost : 0.13077 sec
validation time cost : 0.14204 sec
validation time cost : 0.14590 sec
validation time cost : 0.14525 sec
validation time cost : 0.14017 sec
validation time cost : 0.13678 sec
validation time cost : 0.13281 sec
validation time cost : 0.13856 sec
validation time cost : 0.13860 sec
validation time cost : 0.13020 sec
validation time cost : 0.12824 sec
validation time cost : 0.13356 sec
validation time cost : 0.12568 sec
validation time cost : 0.13301 sec
validation time cost : 0.13155 sec
validation time cost : 0.13475 sec
validation time cost : 0.13271 sec
validation time cost : 0.13634 sec
validation time cost : 0.13127 sec
validation time cost : 0.12890 sec
validation time cost : 0.13575 sec
validation time cost : 0.13030 sec
validation time cost : 0.13580 sec
validation time cost : 0.12827 sec
validation time cost : 0.13108 sec
validation time cost : 0.12599 sec
