Task 14: config=2 fold=4 batch_size=32 emb_dim=256 mij_source=alff combat=yes
The Zen of Python, by Tim Peters

Beautiful is better than ugly.
Explicit is better than implicit.
Simple is better than complex.
Complex is better than complicated.
Flat is better than nested.
Sparse is better than dense.
Readability counts.
Special cases aren't special enough to break the rules.
Although practicality beats purity.
Errors should never pass silently.
Unless explicitly silenced.
In the face of ambiguity, refuse the temptation to guess.
There should be one-- and preferably only one --obvious way to do it.
Although that way may not be obvious at first unless you're Dutch.
Now is better than never.
Although never is often better than *right* now.
If the implementation is hard to explain, it's a bad idea.
If the implementation is easy to explain, it may be a good idea.
Namespaces are one honking great idea -- let's do more of those!
validation time cost : 0.15739 sec
validation time cost : 0.15769 sec
validation time cost : 0.16061 sec
validation time cost : 0.14812 sec
validation time cost : 0.13891 sec
validation time cost : 0.13798 sec
validation time cost : 0.13798 sec
validation time cost : 0.13543 sec
validation time cost : 0.13462 sec
validation time cost : 0.13479 sec
validation time cost : 0.13423 sec
validation time cost : 0.13439 sec
validation time cost : 0.13408 sec
validation time cost : 0.13369 sec
validation time cost : 0.13328 sec
validation time cost : 0.13448 sec
validation time cost : 0.13373 sec
validation time cost : 0.13386 sec
validation time cost : 0.13397 sec
validation time cost : 0.13415 sec
validation time cost : 0.13327 sec
validation time cost : 0.13431 sec
validation time cost : 0.13395 sec
validation time cost : 0.13379 sec
validation time cost : 0.13295 sec
validation time cost : 0.13411 sec
validation time cost : 0.13728 sec
validation time cost : 0.13406 sec
validation time cost : 0.13426 sec
validation time cost : 0.13374 sec
validation time cost : 0.13631 sec
validation time cost : 0.13637 sec
validation time cost : 0.13525 sec
validation time cost : 0.13404 sec
validation time cost : 0.13378 sec
validation time cost : 0.13403 sec
validation time cost : 0.13425 sec
validation time cost : 0.13397 sec
validation time cost : 0.13418 sec
validation time cost : 0.13436 sec
validation time cost : 0.13458 sec
validation time cost : 0.13387 sec
validation time cost : 0.13367 sec
validation time cost : 0.13349 sec
validation time cost : 0.13348 sec
validation time cost : 0.13367 sec
validation time cost : 0.13383 sec
validation time cost : 0.13314 sec
validation time cost : 0.13417 sec
validation time cost : 0.13429 sec
validation time cost : 0.13416 sec
validation time cost : 0.13368 sec
validation time cost : 0.13382 sec
validation time cost : 0.13523 sec
validation time cost : 0.13501 sec
validation time cost : 0.13472 sec
validation time cost : 0.13384 sec
validation time cost : 0.13422 sec
validation time cost : 0.13401 sec
validation time cost : 0.13393 sec
