Task 55: config=11 fold=0 batch_size=256 emb_dim=256 mij_source=alff_pcc combat=yes
The Zen of Python, by Tim Peters

Beautiful is better than ugly.
Explicit is better than implicit.
Simple is better than complex.
Complex is better than complicated.
Flat is better than nested.
Sparse is better than dense.
Readability counts.
Special cases aren't special enough to break the rules.
Although practicality beats purity.
Errors should never pass silently.
Unless explicitly silenced.
In the face of ambiguity, refuse the temptation to guess.
There should be one-- and preferably only one --obvious way to do it.
Although that way may not be obvious at first unless you're Dutch.
Now is better than never.
Although never is often better than *right* now.
If the implementation is hard to explain, it's a bad idea.
If the implementation is easy to explain, it may be a good idea.
Namespaces are one honking great idea -- let's do more of those!
validation time cost : 0.14106 sec
validation time cost : 0.14026 sec
validation time cost : 0.14596 sec
validation time cost : 0.14642 sec
validation time cost : 0.14579 sec
validation time cost : 0.14443 sec
validation time cost : 0.14700 sec
validation time cost : 0.13961 sec
validation time cost : 0.14185 sec
validation time cost : 0.13995 sec
validation time cost : 0.14245 sec
validation time cost : 0.14127 sec
validation time cost : 0.15064 sec
validation time cost : 0.14753 sec
validation time cost : 0.14115 sec
validation time cost : 0.12917 sec
validation time cost : 0.14399 sec
validation time cost : 0.14765 sec
validation time cost : 0.14180 sec
validation time cost : 0.14403 sec
validation time cost : 0.12899 sec
validation time cost : 0.12862 sec
validation time cost : 0.12643 sec
validation time cost : 0.12643 sec
validation time cost : 0.14195 sec
validation time cost : 0.12947 sec
validation time cost : 0.13510 sec
validation time cost : 0.15239 sec
validation time cost : 0.12940 sec
validation time cost : 0.12857 sec
validation time cost : 0.14826 sec
validation time cost : 0.14132 sec
validation time cost : 0.16098 sec
validation time cost : 0.14664 sec
validation time cost : 0.16510 sec
validation time cost : 0.13842 sec
validation time cost : 0.14252 sec
validation time cost : 0.13803 sec
validation time cost : 0.13800 sec
validation time cost : 0.14073 sec
validation time cost : 0.14899 sec
validation time cost : 0.13669 sec
validation time cost : 0.14906 sec
validation time cost : 0.13061 sec
validation time cost : 0.13551 sec
validation time cost : 0.13352 sec
validation time cost : 0.12427 sec
validation time cost : 0.13927 sec
validation time cost : 0.13838 sec
validation time cost : 0.13337 sec
validation time cost : 0.14059 sec
validation time cost : 0.13804 sec
validation time cost : 0.13251 sec
validation time cost : 0.13201 sec
validation time cost : 0.14134 sec
validation time cost : 0.13172 sec
validation time cost : 0.13858 sec
validation time cost : 0.13375 sec
validation time cost : 0.12326 sec
validation time cost : 0.13210 sec
