09-Aug-26 10:23:01 - Using Device: cuda
09-Aug-26 10:23:01 - Seed: 123, Fold: 3, ComBat: True
09-Aug-26 10:23:01 - Namespace(fold=3, combat=True, num_dyn_windows=3, model_lr=0.0005, view_lr=0.0005, num_gc_layers=2, pooling_type='standard', emb_dim=512, vib_hidden_dim=400, batch_size=32, drop_ratio=0.3, epochs=300, kld_lambda=0.003, reg_lambda=0.2, gamma_mode='paper_literal', node_feature_mode='alff_pcc', mij_source='alff', template=90, eval_interval=5, downstream_classifier='linear', ce_lambda=2.0, seed=123)
09-Aug-26 10:23:01 - Loading raw subject data...
09-Aug-26 10:27:25 - Loaded 956 subjects (455 ASD, 501 NC)
09-Aug-26 10:27:26 - alff_pcc scale stats (train_val_idx only): alff=[-3.4032,4.8153] pcc=[-0.6631,1.0129]
09-Aug-26 10:27:26 - Train/Val/Test sizes: 612/153/191
09-Aug-26 10:28:27 - Epoch 1, Model Loss -0.8392106843929664, View Loss -6.363371437671137, Reg 0.41039321371932436
09-Aug-26 10:29:27 - Epoch 2, Model Loss -1.2760147300421023, View Loss -4.83686434988882, Reg 0.39842188202477746
09-Aug-26 10:30:26 - Epoch 3, Model Loss 0.14776336250741498, View Loss -4.130320059707741, Reg 0.4525255212207246
09-Aug-26 10:31:25 - Epoch 4, Model Loss -0.16263453438391093, View Loss -0.552900579240587, Reg 0.4062339924519358
09-Aug-26 10:32:24 - Epoch 5, Model Loss -1.3046432538749346, View Loss -1.2263774591333725, Reg 0.4053342864404317
09-Aug-26 10:32:41 - Epoch 5: Train_acc 0.7630718954248366 Val_acc 0.5816993464052288 Test_acc 0.6073298429319371 Test_auc 0.6348351648351649
09-Aug-26 10:33:41 - Epoch 6, Model Loss -1.3291595621046677, View Loss -3.6749110190696967, Reg 0.39956484530486314
09-Aug-26 10:34:39 - Epoch 7, Model Loss -1.2807317683899324, View Loss -3.8438212326149537, Reg 0.41877315987169356
09-Aug-26 10:35:38 - Epoch 8, Model Loss -0.9889998965793185, View Loss -3.68999376483992, Reg 0.48449250179178577
09-Aug-26 10:36:37 - Epoch 9, Model Loss 0.0698792583802167, View Loss -3.2753475694095386, Reg 0.4847466887212267
09-Aug-26 10:37:36 - Epoch 10, Model Loss 1.090088830274694, View Loss 0.09129700162052329, Reg 0.4268518359053369
09-Aug-26 10:37:43 - Epoch 10: Train_acc 0.7761437908496732 Val_acc 0.6339869281045751 Test_acc 0.5916230366492147 Test_auc 0.6427472527472528
09-Aug-26 10:38:42 - Epoch 11, Model Loss -1.231232939202801, View Loss 0.30593791428734274, Reg 0.4163844310769848
09-Aug-26 10:39:40 - Epoch 12, Model Loss -1.341558836643992, View Loss -2.2883891778833725, Reg 0.4100785629422057
09-Aug-26 10:40:39 - Epoch 13, Model Loss -1.3755748942007426, View Loss -3.5488066953771256, Reg 0.39619296925519804
09-Aug-26 10:41:37 - Epoch 14, Model Loss -1.3818680632348155, View Loss -3.5810991206200296, Reg 0.39547766618479313
09-Aug-26 10:42:36 - Epoch 15, Model Loss -1.3852237782447168, View Loss -3.572975816290363, Reg 0.3920001422657686
09-Aug-26 10:42:42 - Epoch 15: Train_acc 0.8578431372549019 Val_acc 0.5947712418300654 Test_acc 0.612565445026178 Test_auc 0.6152747252747253
09-Aug-26 10:43:41 - Epoch 16, Model Loss -1.3846080381106707, View Loss -3.5084541451697255, Reg 0.3932999423126769
09-Aug-26 10:44:39 - Epoch 17, Model Loss -1.3891167734183518, View Loss -3.5091866480758767, Reg 0.3921624515570846
09-Aug-26 10:45:36 - Epoch 18, Model Loss -1.404722706165189, View Loss -3.49641798991783, Reg 0.39284561311497407
09-Aug-26 10:46:34 - Epoch 19, Model Loss -1.4179597991743897, View Loss -3.500870290145375, Reg 0.39180098366893196
09-Aug-26 10:47:31 - Epoch 20, Model Loss -1.415382809109158, View Loss -3.498372037426319, Reg 0.3951990830352883
09-Aug-26 10:47:37 - Epoch 20: Train_acc 0.7745098039215687 Val_acc 0.6013071895424836 Test_acc 0.581151832460733 Test_auc 0.6235164835164836
09-Aug-26 10:48:33 - Epoch 21, Model Loss -1.4134816437764885, View Loss -3.508646291844985, Reg 0.3926641383981393
09-Aug-26 10:49:30 - Epoch 22, Model Loss -1.4156059907152763, View Loss -3.4982143695058388, Reg 0.3943997761782478
09-Aug-26 10:50:27 - Epoch 23, Model Loss -1.4239263222887626, View Loss -3.498576553818447, Reg 0.39758242364802393
09-Aug-26 10:51:23 - Epoch 24, Model Loss -1.4073788200328552, View Loss -3.461491550495422, Reg 0.3983076612154643
09-Aug-26 10:52:20 - Epoch 25, Model Loss -1.4148644466026157, View Loss -3.4705791317559536, Reg 0.3996105127864414
09-Aug-26 10:52:25 - Epoch 25: Train_acc 0.7745098039215687 Val_acc 0.6013071895424836 Test_acc 0.5759162303664922 Test_auc 0.6245054945054944
09-Aug-26 10:53:22 - Epoch 26, Model Loss -1.416983386270361, View Loss -3.4213795007443895, Reg 0.39837829856311574
09-Aug-26 10:54:19 - Epoch 27, Model Loss -1.424931551116744, View Loss -3.4298562380223494, Reg 0.39731330030104695
09-Aug-26 10:55:16 - Epoch 28, Model Loss -1.4432721387327108, View Loss -3.4391033633861667, Reg 0.39526808144999487
09-Aug-26 10:56:13 - Epoch 29, Model Loss -1.4397640539929757, View Loss -3.4235063222498674, Reg 0.3907569681896883
09-Aug-26 10:57:09 - Epoch 30, Model Loss -1.43787505891588, View Loss -3.374753207163094, Reg 0.3895919724227556
09-Aug-26 10:57:16 - Epoch 30: Train_acc 0.7663398692810458 Val_acc 0.5816993464052288 Test_acc 0.6020942408376964 Test_auc 0.6390109890109891
09-Aug-26 10:58:12 - Epoch 31, Model Loss -1.4473328060574002, View Loss -3.413144111633301, Reg 0.38785334369715524
09-Aug-26 10:59:09 - Epoch 32, Model Loss -1.4513377146004072, View Loss -3.4323766434114744, Reg 0.3874737893054688
09-Aug-26 11:00:06 - Epoch 33, Model Loss -1.4526822831895616, View Loss -3.429396697898316, Reg 0.3860519220626432
09-Aug-26 11:01:02 - Epoch 34, Model Loss -1.4640476563397575, View Loss -3.446346466837366, Reg 0.38660259574067357
09-Aug-26 11:01:59 - Epoch 35, Model Loss -1.4662954947527718, View Loss -3.4355084007861567, Reg 0.38804421257349403
09-Aug-26 11:02:04 - Epoch 35: Train_acc 0.8594771241830066 Val_acc 0.5620915032679739 Test_acc 0.518324607329843 Test_auc 0.5519780219780219
09-Aug-26 11:03:01 - Epoch 36, Model Loss -1.4664192885355232, View Loss -3.4301818679360783, Reg 0.3860493343250424
09-Aug-26 11:03:58 - Epoch 37, Model Loss -1.4685400607539159, View Loss -3.4348853678485147, Reg 0.386672753524157
09-Aug-26 11:04:54 - Epoch 38, Model Loss -1.476438734266493, View Loss -3.498732744478712, Reg 0.3874276860866671
09-Aug-26 11:05:51 - Epoch 39, Model Loss -1.4597110062642815, View Loss -3.4377254567115134, Reg 0.3881808723889145
09-Aug-26 11:06:48 - Epoch 40, Model Loss -1.4682997784583398, View Loss -3.425886712043114, Reg 0.3862089288780113
09-Aug-26 11:06:53 - Epoch 40: Train_acc 0.7712418300653595 Val_acc 0.6143790849673203 Test_acc 0.6020942408376964 Test_auc 0.6196703296703296
09-Aug-26 11:07:50 - Epoch 41, Model Loss -1.4530335532294378, View Loss -3.3258891791300056, Reg 0.3848057552879932
09-Aug-26 11:08:46 - Epoch 42, Model Loss -1.462922766317729, View Loss -3.3722894799475576, Reg 0.38735222504809014
09-Aug-26 11:09:43 - Epoch 43, Model Loss -1.4582750096040613, View Loss -3.3842664201275197, Reg 0.3858655067830304
09-Aug-26 11:10:40 - Epoch 44, Model Loss -1.4793909266104106, View Loss -3.4282967748205646, Reg 0.38661204424558904
09-Aug-26 11:11:37 - Epoch 45, Model Loss -1.4823983074013705, View Loss -3.419287775077072, Reg 0.38646045521973005
09-Aug-26 11:11:42 - Epoch 45: Train_acc 0.7777777777777778 Val_acc 0.6013071895424836 Test_acc 0.5759162303664922 Test_auc 0.6193406593406594
09-Aug-26 11:12:39 - Epoch 46, Model Loss -1.4848724876353943, View Loss -3.421434380649741, Reg 0.386578013110005
09-Aug-26 11:13:36 - Epoch 47, Model Loss -1.4825126735213536, View Loss -3.409250190834594, Reg 0.38661189971406473
09-Aug-26 11:14:33 - Epoch 48, Model Loss -1.4838435104469847, View Loss -3.420728714637507, Reg 0.3836575750431983
09-Aug-26 11:15:30 - Epoch 49, Model Loss -1.4709863662719727, View Loss -3.341426515890882, Reg 0.38607602999880425
09-Aug-26 11:16:27 - Epoch 50, Model Loss -1.47784938064276, View Loss -3.3763414613561693, Reg 0.3852912244064356
09-Aug-26 11:16:35 - Epoch 50: Train_acc 0.8464052287581699 Val_acc 0.6078431372549019 Test_acc 0.5235602094240838 Test_auc 0.575934065934066
09-Aug-26 11:17:33 - Epoch 51, Model Loss -1.4821892158657897, View Loss -3.428741959964528, Reg 0.3840618351705713
09-Aug-26 11:18:29 - Epoch 52, Model Loss -1.4850907169915493, View Loss -3.4002885818481445, Reg 0.38390444326244927
09-Aug-26 11:19:26 - Epoch 53, Model Loss -1.4935697044422425, View Loss -3.404012583439646, Reg 0.38413527004079884
09-Aug-26 11:20:23 - Epoch 54, Model Loss -1.4979269364300896, View Loss -3.421690981372509, Reg 0.3827274778699563
09-Aug-26 11:21:20 - Epoch 55, Model Loss -1.4988868688446244, View Loss -3.4359534394507314, Reg 0.3828628694309908
09-Aug-26 11:21:26 - Epoch 55: Train_acc 0.7598039215686274 Val_acc 0.5947712418300654 Test_acc 0.581151832460733 Test_auc 0.6196703296703298
09-Aug-26 11:22:23 - Epoch 56, Model Loss -1.5035553290173898, View Loss -3.4147043321646895, Reg 0.38285137820088005
09-Aug-26 11:23:19 - Epoch 57, Model Loss -1.496610491883521, View Loss -3.374967802583782, Reg 0.38282355120758604
09-Aug-26 11:24:16 - Epoch 58, Model Loss -1.4985177688349307, View Loss -3.4005647110783195, Reg 0.3818156890619814
09-Aug-26 11:25:13 - Epoch 59, Model Loss -1.4891682263293298, View Loss -3.3703078070497203, Reg 0.3815160023620705
09-Aug-26 11:26:10 - Epoch 60, Model Loss -1.5086834757935768, View Loss -3.4144677180869905, Reg 0.3819002045525445
09-Aug-26 11:26:14 - Epoch 60: Train_acc 0.7516339869281046 Val_acc 0.5816993464052288 Test_acc 0.5706806282722513 Test_auc 0.6163736263736264
09-Aug-26 11:27:12 - Epoch 61, Model Loss -1.4966167281655705, View Loss -3.397407229429756, Reg 0.38172072892874676
09-Aug-26 11:28:08 - Epoch 62, Model Loss -1.5023335039226058, View Loss -3.4184472763460447, Reg 0.3804256066777348
09-Aug-26 11:29:05 - Epoch 63, Model Loss -1.5074255762536541, View Loss -3.4066231141682546, Reg 0.3795574638578627
09-Aug-26 11:30:02 - Epoch 64, Model Loss -1.5094227977827483, View Loss -3.4156603002859875, Reg 0.3796517369793911
09-Aug-26 11:30:59 - Epoch 65, Model Loss -1.5000977796666763, View Loss -3.396646708444832, Reg 0.379882608363831
09-Aug-26 11:31:04 - Epoch 65: Train_acc 0.7630718954248366 Val_acc 0.5947712418300654 Test_acc 0.5916230366492147 Test_auc 0.623956043956044
09-Aug-26 11:32:01 - Epoch 66, Model Loss -1.5116697355033526, View Loss -3.4051713475994037, Reg 0.37858184412413953
09-Aug-26 11:32:58 - Epoch 67, Model Loss -1.5127351891760732, View Loss -3.4220443800383924, Reg 0.37837256948932324
09-Aug-26 11:33:55 - Epoch 68, Model Loss -1.5172004076390484, View Loss -3.408187208611981, Reg 0.3794850060363221
09-Aug-26 11:34:52 - Epoch 69, Model Loss -1.50200347651064, View Loss -3.3827351277170616, Reg 0.37825141662086537
09-Aug-26 11:35:49 - Epoch 70, Model Loss -1.502114314658969, View Loss -3.347591344047995, Reg 0.37621816875887854
09-Aug-26 11:35:54 - Epoch 70: Train_acc 0.7565359477124183 Val_acc 0.6013071895424836 Test_acc 0.6020942408376964 Test_auc 0.618131868131868
09-Aug-26 11:36:51 - Epoch 71, Model Loss -1.504643533744064, View Loss -3.3674265231961518, Reg 0.37678373132655824
09-Aug-26 11:37:48 - Epoch 72, Model Loss -1.5140042398490159, View Loss -3.401190019121357, Reg 0.37588930227398093
09-Aug-26 11:38:45 - Epoch 73, Model Loss -1.513205777585896, View Loss -3.3770203496895586, Reg 0.3752196489595899
09-Aug-26 11:39:41 - Epoch 74, Model Loss -1.5143206072788613, View Loss -3.4010211782517774, Reg 0.3751947441521813
09-Aug-26 11:40:38 - Epoch 75, Model Loss -1.5151389003579134, View Loss -3.4179354898290697, Reg 0.37443254664053327
09-Aug-26 11:40:43 - Epoch 75: Train_acc 0.8627450980392157 Val_acc 0.5947712418300654 Test_acc 0.5340314136125655 Test_auc 0.5579120879120879
09-Aug-26 11:41:39 - Epoch 76, Model Loss -1.5147110278310338, View Loss -3.3803039313920964, Reg 0.37424079655042664
09-Aug-26 11:42:36 - Epoch 77, Model Loss -1.5199117473527497, View Loss -3.3838931750627905, Reg 0.3740323842350953
09-Aug-26 11:43:33 - Epoch 78, Model Loss -1.520481489842234, View Loss -3.379156305899028, Reg 0.37304848705241883
09-Aug-26 11:44:29 - Epoch 79, Model Loss -1.5109015383751563, View Loss -3.3561450515697206, Reg 0.37176331234913246
09-Aug-26 11:45:26 - Epoch 80, Model Loss -1.5161865334105646, View Loss -3.3990708737591513, Reg 0.3731483501546523
09-Aug-26 11:45:32 - Epoch 80: Train_acc 0.9444444444444444 Val_acc 0.5751633986928104 Test_acc 0.5340314136125655 Test_auc 0.5604395604395604
09-Aug-26 11:46:29 - Epoch 81, Model Loss -1.5222417326534496, View Loss -3.4029748798195834, Reg 0.37098805635583165
09-Aug-26 11:47:26 - Epoch 82, Model Loss -1.5232928032968558, View Loss -3.3942137730667015, Reg 0.3715362712448719
09-Aug-26 11:48:23 - Epoch 83, Model Loss -1.522596764408685, View Loss -3.4284437653286006, Reg 0.3712254641881955
09-Aug-26 11:49:20 - Epoch 84, Model Loss -1.5223848492491479, View Loss -3.3765102367775115, Reg 0.37076713310347664
09-Aug-26 11:50:17 - Epoch 85, Model Loss -1.508178885466133, View Loss -3.33665413015029, Reg 0.3712503430890102
09-Aug-26 11:50:22 - Epoch 85: Train_acc 0.8594771241830066 Val_acc 0.6405228758169934 Test_acc 0.581151832460733 Test_auc 0.6062637362637362
09-Aug-26 11:51:19 - Epoch 86, Model Loss -1.5123547853208055, View Loss -3.321952374152888, Reg 0.3699552981682073
09-Aug-26 11:52:16 - Epoch 87, Model Loss -1.5140620057099785, View Loss -3.3848341461879756, Reg 0.3704576778645609
09-Aug-26 11:53:13 - Epoch 88, Model Loss -1.5154633490867864, View Loss -3.392173050275815, Reg 0.3692441830058503
09-Aug-26 11:54:10 - Epoch 89, Model Loss -1.5166162790036668, View Loss -3.357161534377952, Reg 0.37037715491126566
09-Aug-26 11:55:06 - Epoch 90, Model Loss -1.519475195142958, View Loss -3.3640232429005743, Reg 0.3676002072352989
09-Aug-26 11:55:12 - Epoch 90: Train_acc 0.7565359477124183 Val_acc 0.6078431372549019 Test_acc 0.5706806282722513 Test_auc 0.6264835164835164
09-Aug-26 11:56:08 - Epoch 91, Model Loss -1.5236738398184184, View Loss -3.3930735058254666, Reg 0.37001003432118035
09-Aug-26 11:57:05 - Epoch 92, Model Loss -1.5183400172813266, View Loss -3.3918838625639873, Reg 0.3690548774853251
09-Aug-26 11:58:02 - Epoch 93, Model Loss -1.5171006458257539, View Loss -3.3680721762912724, Reg 0.3695600778838388
09-Aug-26 11:58:59 - Epoch 94, Model Loss -1.52370494643068, View Loss -3.3859887559429493, Reg 0.36908342168222064
09-Aug-26 11:59:56 - Epoch 95, Model Loss -1.5152478311576096, View Loss -3.3198857743755665, Reg 0.3694455319759892
09-Aug-26 12:00:01 - Epoch 95: Train_acc 0.8529411764705882 Val_acc 0.6339869281045751 Test_acc 0.518324607329843 Test_auc 0.5686813186813187
09-Aug-26 12:00:58 - Epoch 96, Model Loss -1.5207474216137058, View Loss -3.3680174646813885, Reg 0.3683255819323795
09-Aug-26 12:01:55 - Epoch 97, Model Loss -1.5213835909475688, View Loss -3.359030888750662, Reg 0.36810627482295816
09-Aug-26 12:02:51 - Epoch 98, Model Loss -1.5182820114434934, View Loss -3.373945943670335, Reg 0.36738693772577774
09-Aug-26 12:03:48 - Epoch 99, Model Loss -1.5212928734573663, View Loss -3.3732110628115586, Reg 0.3683016195016749
09-Aug-26 12:04:45 - Epoch 100, Model Loss -1.5260243633993311, View Loss -3.359788455215155, Reg 0.3676554685324625
09-Aug-26 12:04:51 - Epoch 100: Train_acc 0.8415032679738562 Val_acc 0.5686274509803921 Test_acc 0.5130890052356021 Test_auc 0.570879120879121
09-Aug-26 12:05:48 - Epoch 101, Model Loss -1.5293227426366869, View Loss -3.37834193971422, Reg 0.36807863307155037
09-Aug-26 12:06:44 - Epoch 102, Model Loss -1.528282209159502, View Loss -3.369719922932145, Reg 0.36768144524954505
09-Aug-26 12:07:41 - Epoch 103, Model Loss -1.5291523902244817, View Loss -3.404235453387491, Reg 0.36803453186758206
09-Aug-26 12:08:38 - Epoch 104, Model Loss -1.5271751304077947, View Loss -3.371591966915754, Reg 0.3677394575153301
09-Aug-26 12:09:35 - Epoch 105, Model Loss -1.5199712522668776, View Loss -3.320984363555908, Reg 0.36777394639900307
09-Aug-26 12:09:41 - Epoch 105: Train_acc 0.8366013071895425 Val_acc 0.6143790849673203 Test_acc 0.581151832460733 Test_auc 0.6052747252747253
09-Aug-26 12:10:38 - Epoch 106, Model Loss -1.5214751686146057, View Loss -3.3171819144604253, Reg 0.36701126386916716
09-Aug-26 12:11:34 - Epoch 107, Model Loss -1.525642257889891, View Loss -3.369174003601074, Reg 0.3669580636071224
09-Aug-26 12:12:32 - Epoch 108, Model Loss -1.5195861049726898, View Loss -3.3309799705455507, Reg 0.36695874516480886
09-Aug-26 12:13:29 - Epoch 109, Model Loss -1.5323344585942287, View Loss -3.3830969473894905, Reg 0.366945025188471
09-Aug-26 12:14:26 - Epoch 110, Model Loss -1.5331654704474156, View Loss -3.3554195017596475, Reg 0.36727719447192025
09-Aug-26 12:14:30 - Epoch 110: Train_acc 1.0 Val_acc 0.5816993464052288 Test_acc 0.518324607329843 Test_auc 0.5506593406593406
09-Aug-26 12:15:27 - Epoch 111, Model Loss -1.531541313221252, View Loss -3.3674015032699685, Reg 0.3666864600446489
09-Aug-26 12:16:24 - Epoch 112, Model Loss -1.531026559717515, View Loss -3.3711629225537667, Reg 0.3666439399220585
09-Aug-26 12:17:21 - Epoch 113, Model Loss -1.5279062994165358, View Loss -3.417053026311538, Reg 0.3665124781770644
09-Aug-26 12:18:18 - Epoch 114, Model Loss -1.5333362435982898, View Loss -3.3968614129459156, Reg 0.36707403301413544
09-Aug-26 12:19:15 - Epoch 115, Model Loss -1.5225177964353873, View Loss -3.37116363313463, Reg 0.3674575604644476
09-Aug-26 12:19:21 - Epoch 115: Train_acc 0.8398692810457516 Val_acc 0.5816993464052288 Test_acc 0.5445026178010471 Test_auc 0.5787912087912088
09-Aug-26 12:20:18 - Epoch 116, Model Loss -1.5335684134290108, View Loss -3.359782633438609, Reg 0.3658236662546794
09-Aug-26 12:21:15 - Epoch 117, Model Loss -1.5367949367348666, View Loss -3.375350266500236, Reg 0.3673161205902598
09-Aug-26 12:22:12 - Epoch 118, Model Loss -1.540252616982055, View Loss -3.3882915646422145, Reg 0.3664749030973397
09-Aug-26 12:23:09 - Epoch 119, Model Loss -1.5334125219606887, View Loss -3.3736023217244866, Reg 0.3666810839394339
09-Aug-26 12:24:06 - Epoch 120, Model Loss -1.5339609875398523, View Loss -3.3712242849512037, Reg 0.3659600572648391
09-Aug-26 12:24:11 - Epoch 120: Train_acc 0.9444444444444444 Val_acc 0.6013071895424836 Test_acc 0.5340314136125655 Test_auc 0.5576923076923077
09-Aug-26 12:25:08 - Epoch 121, Model Loss -1.5334498087565105, View Loss -3.338499502418867, Reg 0.3660259291627049
09-Aug-26 12:26:05 - Epoch 122, Model Loss -1.5318788328981088, View Loss -3.3670344383887993, Reg 0.3668339047946182
09-Aug-26 12:27:01 - Epoch 123, Model Loss -1.5209587820215162, View Loss -3.2869080905041663, Reg 0.36649230979626474
09-Aug-26 12:27:58 - Epoch 124, Model Loss -1.5300835908627977, View Loss -3.3280488961662344, Reg 0.3657870783525355
09-Aug-26 12:28:55 - Epoch 125, Model Loss -1.5325090963076922, View Loss -3.3851596701378917, Reg 0.366173914444992
09-Aug-26 12:29:00 - Epoch 125: Train_acc 0.8480392156862745 Val_acc 0.6013071895424836 Test_acc 0.5497382198952879 Test_auc 0.6001098901098901
09-Aug-26 12:29:56 - Epoch 126, Model Loss -1.527080616919823, View Loss -3.364153082853828, Reg 0.36591005831762075
09-Aug-26 12:30:53 - Epoch 127, Model Loss -1.5289920108770234, View Loss -3.327425573386398, Reg 0.3666303609710893
09-Aug-26 12:31:50 - Epoch 128, Model Loss -1.5327128366707197, View Loss -3.3626259884803122, Reg 0.3671472547880185
09-Aug-26 12:32:47 - Epoch 129, Model Loss -1.534685745737911, View Loss -3.3776383898616618, Reg 0.3662049219109654
09-Aug-26 12:33:44 - Epoch 130, Model Loss -1.5328003129148795, View Loss -3.369004985086279, Reg 0.3658999044910755
09-Aug-26 12:33:52 - Epoch 130: Train_acc 0.8464052287581699 Val_acc 0.5882352941176471 Test_acc 0.5602094240837696 Test_auc 0.5730769230769229
09-Aug-26 12:34:49 - Epoch 131, Model Loss -1.5359919585433661, View Loss -3.3537441079133474, Reg 0.36648062553281097
09-Aug-26 12:35:45 - Epoch 132, Model Loss -1.5344621028775483, View Loss -3.3494127404456044, Reg 0.3663717364174089
09-Aug-26 12:36:42 - Epoch 133, Model Loss -1.5289436446295843, View Loss -3.3372673396191566, Reg 0.36618810658361395
09-Aug-26 12:37:39 - Epoch 134, Model Loss -1.5365665597853317, View Loss -3.379332744997311, Reg 0.3657181798632628
09-Aug-26 12:38:36 - Epoch 135, Model Loss -1.531776665082944, View Loss -3.324908992044287, Reg 0.3666609784746482
09-Aug-26 12:38:42 - Epoch 135: Train_acc 0.7581699346405228 Val_acc 0.6013071895424836 Test_acc 0.5654450261780105 Test_auc 0.6216483516483515
09-Aug-26 12:39:38 - Epoch 136, Model Loss -1.5440030845941282, View Loss -3.3836978525897257, Reg 0.36583489510748124
09-Aug-26 12:40:35 - Epoch 137, Model Loss -1.5264904421139387, View Loss -3.3272262180552765, Reg 0.3662064048199872
09-Aug-26 12:41:32 - Epoch 138, Model Loss -1.5373602910758624, View Loss -3.371221816617679, Reg 0.3662818798831865
09-Aug-26 12:42:28 - Epoch 139, Model Loss -1.5361281500922308, View Loss -3.3427856202219046, Reg 0.36619531835605895
09-Aug-26 12:43:25 - Epoch 140, Model Loss -1.5239132089552536, View Loss -3.3250090094173657, Reg 0.3656431948826983
09-Aug-26 12:43:31 - Epoch 140: Train_acc 0.7532679738562091 Val_acc 0.5882352941176471 Test_acc 0.5706806282722513 Test_auc 0.6189010989010989
09-Aug-26 12:44:27 - Epoch 141, Model Loss -1.519023343628528, View Loss -3.283662652657702, Reg 0.366905184742672
09-Aug-26 12:45:24 - Epoch 142, Model Loss -1.5358288927015915, View Loss -3.3692207648084054, Reg 0.3662504053193759
09-Aug-26 12:46:21 - Epoch 143, Model Loss -1.5394831856870963, View Loss -3.377657693975112, Reg 0.36497677015323265
09-Aug-26 12:47:18 - Epoch 144, Model Loss -1.5359712176852756, View Loss -3.3680808248083576, Reg 0.3661630800346923
09-Aug-26 12:48:14 - Epoch 145, Model Loss -1.516175812365962, View Loss -3.2406917210497888, Reg 0.3656645608104132
09-Aug-26 12:48:20 - Epoch 145: Train_acc 0.7450980392156863 Val_acc 0.5882352941176471 Test_acc 0.6178010471204188 Test_auc 0.630989010989011
09-Aug-26 12:49:17 - Epoch 146, Model Loss -1.5142755664251988, View Loss -3.290934169993681, Reg 0.36511486145405986
09-Aug-26 12:50:14 - Epoch 147, Model Loss -1.5329649495143516, View Loss -3.363372883765526, Reg 0.3660095879455018
09-Aug-26 12:51:11 - Epoch 148, Model Loss -1.5235586976693347, View Loss -3.306079315983392, Reg 0.36597637997733223
09-Aug-26 12:52:07 - Epoch 149, Model Loss -1.521933418473387, View Loss -3.3114029285954496, Reg 0.36509331632283776
09-Aug-26 12:53:04 - Epoch 150, Model Loss -1.5170865090064753, View Loss -3.2864491581137663, Reg 0.36639007068926993
09-Aug-26 12:53:10 - Epoch 150: Train_acc 0.7434640522875817 Val_acc 0.5882352941176471 Test_acc 0.581151832460733 Test_auc 0.6281318681318682
09-Aug-26 12:54:07 - Epoch 151, Model Loss -1.5218201836729361, View Loss -3.2828832358316657, Reg 0.3667744000752767
09-Aug-26 12:55:04 - Epoch 152, Model Loss -1.5281212906432307, View Loss -3.3470042016771107, Reg 0.3651337863183489
09-Aug-26 12:56:00 - Epoch 153, Model Loss -1.5332274468116511, View Loss -3.3503987617742004, Reg 0.36532045618381376
09-Aug-26 12:56:57 - Epoch 154, Model Loss -1.5441540518617318, View Loss -3.3609716533835416, Reg 0.3658548244853425
09-Aug-26 12:57:54 - Epoch 155, Model Loss -1.5288391019783767, View Loss -3.297196378894881, Reg 0.3656611218561534
09-Aug-26 12:57:58 - Epoch 155: Train_acc 0.9509803921568627 Val_acc 0.5947712418300654 Test_acc 0.5549738219895288 Test_auc 0.5354945054945055
09-Aug-26 12:58:55 - Epoch 156, Model Loss -1.535547113106921, View Loss -3.3318385236403523, Reg 0.3656209500786526
09-Aug-26 12:59:52 - Epoch 157, Model Loss -1.5345866508733212, View Loss -3.3428461286756725, Reg 0.36546632452727923
09-Aug-26 13:00:49 - Epoch 158, Model Loss -1.5105682634839825, View Loss -3.261367386462642, Reg 0.36575769306787476
09-Aug-26 13:01:45 - Epoch 159, Model Loss -1.5134471538020116, View Loss -3.292676710614971, Reg 0.3654175870169222
09-Aug-26 13:02:42 - Epoch 160, Model Loss -1.5322323873931287, View Loss -3.336670554541295, Reg 0.3654415013353809
09-Aug-26 13:02:48 - Epoch 160: Train_acc 0.9395424836601307 Val_acc 0.6209150326797386 Test_acc 0.5654450261780105 Test_auc 0.5698901098901099
09-Aug-26 13:03:45 - Epoch 161, Model Loss -1.538036894954108, View Loss -3.3563168095607385, Reg 0.36492026144383
09-Aug-26 13:04:42 - Epoch 162, Model Loss -1.5191047830519333, View Loss -3.264849042580798, Reg 0.3656834120454352
09-Aug-26 13:05:39 - Epoch 163, Model Loss -1.5230084836872575, View Loss -3.2922679770226573, Reg 0.3649113150983075
09-Aug-26 13:06:36 - Epoch 164, Model Loss -1.5342431722902785, View Loss -3.3850478066338434, Reg 0.3655225211888357
09-Aug-26 13:07:33 - Epoch 165, Model Loss -1.535074726428861, View Loss -3.3565815352146924, Reg 0.365566210419524
09-Aug-26 13:07:37 - Epoch 165: Train_acc 0.7434640522875817 Val_acc 0.6339869281045751 Test_acc 0.5549738219895288 Test_auc 0.6026373626373627
09-Aug-26 13:08:34 - Epoch 166, Model Loss -1.5374751683154138, View Loss -3.3492027045854558, Reg 0.3650636332097396
09-Aug-26 13:09:30 - Epoch 167, Model Loss -1.5442376978257124, View Loss -3.3495093077615974, Reg 0.36519235898466673
09-Aug-26 13:10:27 - Epoch 168, Model Loss -1.5442422542696685, View Loss -3.358161041160035, Reg 0.36542285384695516
09-Aug-26 13:11:24 - Epoch 169, Model Loss -1.5424183178571313, View Loss -3.349311853545943, Reg 0.3652169538868798
09-Aug-26 13:12:21 - Epoch 170, Model Loss -1.5482103248047674, View Loss -3.3520066878374886, Reg 0.36524322999069114
09-Aug-26 13:12:26 - Epoch 170: Train_acc 0.7434640522875817 Val_acc 0.6143790849673203 Test_acc 0.5549738219895288 Test_auc 0.6149450549450549
09-Aug-26 13:13:24 - Epoch 171, Model Loss -1.5387719409917695, View Loss -3.33808524624195, Reg 0.36534196683783937
09-Aug-26 13:14:20 - Epoch 172, Model Loss -1.5391837257185792, View Loss -3.365988176632551, Reg 0.3649023184978884
09-Aug-26 13:15:17 - Epoch 173, Model Loss -1.5404092626633987, View Loss -3.3393302368961906, Reg 0.3650728822533601
09-Aug-26 13:16:14 - Epoch 174, Model Loss -1.5401343457839067, View Loss -3.333661222769544, Reg 0.36514178483314763
09-Aug-26 13:17:11 - Epoch 175, Model Loss -1.5416927773968068, View Loss -3.3246196204540777, Reg 0.36501911905855916
09-Aug-26 13:17:18 - Epoch 175: Train_acc 0.8169934640522876 Val_acc 0.6143790849673203 Test_acc 0.5497382198952879 Test_auc 0.5684615384615385
09-Aug-26 13:18:15 - Epoch 176, Model Loss -1.5520358334958944, View Loss -3.348272339191312, Reg 0.36522439901345694
09-Aug-26 13:19:12 - Epoch 177, Model Loss -1.5420490402022218, View Loss -3.294340485840841, Reg 0.3655420163877649
09-Aug-26 13:20:08 - Epoch 178, Model Loss -1.546371980430254, View Loss -3.3484438540888766, Reg 0.36467597278115016
09-Aug-26 13:21:05 - Epoch 179, Model Loss -1.5430779706418905, View Loss -3.3183644051645316, Reg 0.36454814224461324
09-Aug-26 13:22:02 - Epoch 180, Model Loss -1.5353697982488894, View Loss -3.3001163551230834, Reg 0.3653644769409903
09-Aug-26 13:22:10 - Epoch 180: Train_acc 0.7516339869281046 Val_acc 0.6013071895424836 Test_acc 0.6178010471204188 Test_auc 0.6317582417582418
09-Aug-26 13:23:06 - Epoch 181, Model Loss -1.546672316158519, View Loss -3.3478480102190007, Reg 0.365038210465238
09-Aug-26 13:24:03 - Epoch 182, Model Loss -1.53148712831385, View Loss -3.279243734147814, Reg 0.364322789354262
09-Aug-26 13:25:00 - Epoch 183, Model Loss -1.542879861943862, View Loss -3.3358976887721643, Reg 0.3649352658418269
09-Aug-26 13:25:56 - Epoch 184, Model Loss -1.5496146414015028, View Loss -3.3628293112212537, Reg 0.3644137883108426
09-Aug-26 13:26:53 - Epoch 185, Model Loss -1.5488916534224366, View Loss -3.3577513819426494, Reg 0.3646237949530284
09-Aug-26 13:26:59 - Epoch 185: Train_acc 0.7336601307189542 Val_acc 0.5816993464052288 Test_acc 0.5968586387434555 Test_auc 0.6171428571428571
09-Aug-26 13:27:55 - Epoch 186, Model Loss -1.5409658407074174, View Loss -3.3217355628418765, Reg 0.3645559977861791
09-Aug-26 13:28:53 - Epoch 187, Model Loss -1.544946527169421, View Loss -3.3329122206744026, Reg 0.36496710153966166
09-Aug-26 13:29:49 - Epoch 188, Model Loss -1.539960879905551, View Loss -3.309023031222275, Reg 0.36485778701071647
09-Aug-26 13:30:46 - Epoch 189, Model Loss -1.5468668127371594, View Loss -3.3449453092088888, Reg 0.3645190974466162
09-Aug-26 13:31:43 - Epoch 190, Model Loss -1.5496014052746343, View Loss -3.3476233856350768, Reg 0.36477861529082256
09-Aug-26 13:31:48 - Epoch 190: Train_acc 0.8431372549019608 Val_acc 0.5947712418300654 Test_acc 0.5654450261780105 Test_auc 0.5892307692307692
09-Aug-26 13:32:45 - Epoch 191, Model Loss -1.5533458890478595, View Loss -3.3650252367156783, Reg 0.36463217817100824
09-Aug-26 13:33:42 - Epoch 192, Model Loss -1.5503770042868221, View Loss -3.3620787851171556, Reg 0.36394359122693926
09-Aug-26 13:34:39 - Epoch 193, Model Loss -1.5471518273447074, View Loss -3.3253801320892533, Reg 0.3641306247586518
09-Aug-26 13:35:35 - Epoch 194, Model Loss -1.5459014387691723, View Loss -3.338968077516244, Reg 0.36428355138286267
09-Aug-26 13:36:32 - Epoch 195, Model Loss -1.5461715810439165, View Loss -3.3212857246398926, Reg 0.36438792437509776
09-Aug-26 13:36:37 - Epoch 195: Train_acc 0.7467320261437909 Val_acc 0.5620915032679739 Test_acc 0.6073298429319371 Test_auc 0.6189010989010989
09-Aug-26 13:37:34 - Epoch 196, Model Loss -1.5532414804097094, View Loss -3.3373076993655535, Reg 0.3641034586756837
09-Aug-26 13:38:31 - Epoch 197, Model Loss -1.5519589723325242, View Loss -3.341079041848775, Reg 0.3645438057145262
09-Aug-26 13:39:28 - Epoch 198, Model Loss -1.5557902093027152, View Loss -3.353289844163882, Reg 0.36385078289929557
09-Aug-26 13:40:24 - Epoch 199, Model Loss -1.5533866134344363, View Loss -3.3451928157432405, Reg 0.3641618131812102
09-Aug-26 13:41:21 - Epoch 200, Model Loss -1.552836305954877, View Loss -3.3492786619398327, Reg 0.36487656559040343
09-Aug-26 13:41:26 - Epoch 200: Train_acc 0.7581699346405228 Val_acc 0.5751633986928104 Test_acc 0.6020942408376964 Test_auc 0.6178021978021978
09-Aug-26 13:42:23 - Epoch 201, Model Loss -1.5591255948434468, View Loss -3.344453060549069, Reg 0.36431792242075106
09-Aug-26 13:43:20 - Epoch 202, Model Loss -1.56205228730744, View Loss -3.3580416417589376, Reg 0.3647344796096577
09-Aug-26 13:44:17 - Epoch 203, Model Loss -1.5554490338743123, View Loss -3.350165716183731, Reg 0.36420103264789955
09-Aug-26 13:45:14 - Epoch 204, Model Loss -1.5565200257145502, View Loss -3.339976363711887, Reg 0.36425920989778304
09-Aug-26 13:46:11 - Epoch 205, Model Loss -1.555867656383639, View Loss -3.349274591682783, Reg 0.3638313175026887
09-Aug-26 13:46:17 - Epoch 205: Train_acc 0.8447712418300654 Val_acc 0.6274509803921569 Test_acc 0.5340314136125655 Test_auc 0.5818681318681319
09-Aug-26 13:47:13 - Epoch 206, Model Loss -1.551279725592121, View Loss -3.3131925701315885, Reg 0.36421743405410667
09-Aug-26 13:48:10 - Epoch 207, Model Loss -1.5538098142037984, View Loss -3.3400831253700005, Reg 0.36365317343886383
09-Aug-26 13:49:07 - Epoch 208, Model Loss -1.5474413890464633, View Loss -3.309247228834364, Reg 0.36470452574343465
09-Aug-26 13:50:04 - Epoch 209, Model Loss -1.5425041641285218, View Loss -3.2692107188156228, Reg 0.36379449955778187
09-Aug-26 13:51:01 - Epoch 210, Model Loss -1.5525053373349258, View Loss -3.345451968947267, Reg 0.3642793944458556
09-Aug-26 13:51:06 - Epoch 210: Train_acc 0.75 Val_acc 0.5882352941176471 Test_acc 0.5968586387434555 Test_auc 0.6175824175824175
09-Aug-26 13:52:03 - Epoch 211, Model Loss -1.5547600789786944, View Loss -3.355671103483711, Reg 0.36379925098294524
09-Aug-26 13:53:00 - Epoch 212, Model Loss -1.542295106875351, View Loss -3.277526833652671, Reg 0.3641406683360829
09-Aug-26 13:53:57 - Epoch 213, Model Loss -1.5386771283118554, View Loss -3.301327680450639, Reg 0.3637999029330958
09-Aug-26 13:54:54 - Epoch 214, Model Loss -1.552414869171342, View Loss -3.3694225105584836, Reg 0.36325570239740257
09-Aug-26 13:55:51 - Epoch 215, Model Loss -1.5516096626231872, View Loss -3.3421206287309233, Reg 0.36433930958018584
09-Aug-26 13:55:56 - Epoch 215: Train_acc 0.7369281045751634 Val_acc 0.6209150326797386 Test_acc 0.6020942408376964 Test_auc 0.6200000000000001
09-Aug-26 13:56:53 - Epoch 216, Model Loss -1.5593523480533775, View Loss -3.367305524988112, Reg 0.3639228116063511
09-Aug-26 13:57:50 - Epoch 217, Model Loss -1.5555089875763537, View Loss -3.361298526813781, Reg 0.3640251424577501
09-Aug-26 13:58:47 - Epoch 218, Model Loss -1.5546489478715884, View Loss -3.3516220952950273, Reg 0.3637031492064981
09-Aug-26 13:59:44 - Epoch 219, Model Loss -1.5547891691619276, View Loss -3.3375909562204398, Reg 0.3636058253400466
09-Aug-26 14:00:41 - Epoch 220, Model Loss -1.5572522169624279, View Loss -3.340460986093758, Reg 0.36457333903686673
09-Aug-26 14:00:45 - Epoch 220: Train_acc 0.7287581699346405 Val_acc 0.6209150326797386 Test_acc 0.5968586387434555 Test_auc 0.6145054945054944
09-Aug-26 14:01:42 - Epoch 221, Model Loss -1.555842667623283, View Loss -3.3540959701039434, Reg 0.3637755937825621
09-Aug-26 14:02:39 - Epoch 222, Model Loss -1.5537796176336949, View Loss -3.3501959719689065, Reg 0.36406973257563474
09-Aug-26 14:03:36 - Epoch 223, Model Loss -1.5593888993356742, View Loss -3.3485189388000887, Reg 0.3638269188357334
09-Aug-26 14:04:33 - Epoch 224, Model Loss -1.5623789082944783, View Loss -3.361395284241321, Reg 0.36390843091447367
09-Aug-26 14:05:29 - Epoch 225, Model Loss -1.5451895707572987, View Loss -3.2627672743953133, Reg 0.3642138320636126
09-Aug-26 14:05:34 - Epoch 225: Train_acc 0.8415032679738562 Val_acc 0.6143790849673203 Test_acc 0.5654450261780105 Test_auc 0.5940659340659341
09-Aug-26 14:06:30 - Epoch 226, Model Loss -1.5439771639755349, View Loss -3.2661601328382304, Reg 0.3643497513010611
09-Aug-26 14:07:27 - Epoch 227, Model Loss -1.5456056407853669, View Loss -3.3076705994948843, Reg 0.36369773726058163
09-Aug-26 14:08:24 - Epoch 228, Model Loss -1.544749172684414, View Loss -3.2697432524238534, Reg 0.3641321429240158
09-Aug-26 14:09:21 - Epoch 229, Model Loss -1.5521358134699803, View Loss -3.361489598267998, Reg 0.36352624807482453
09-Aug-26 14:10:18 - Epoch 230, Model Loss -1.5555982901379952, View Loss -3.3472616438772165, Reg 0.3636973391171374
09-Aug-26 14:10:22 - Epoch 230: Train_acc 0.7418300653594772 Val_acc 0.5816993464052288 Test_acc 0.6073298429319371 Test_auc 0.6209890109890109
09-Aug-26 14:11:19 - Epoch 231, Model Loss -1.5545803643519582, View Loss -3.328178368362726, Reg 0.3636018752662185
09-Aug-26 14:12:16 - Epoch 232, Model Loss -1.5460354300106274, View Loss -3.310886800678727, Reg 0.3633311340232301
09-Aug-26 14:13:13 - Epoch 233, Model Loss -1.5593349294724808, View Loss -3.3643679556503794, Reg 0.36371665569691874
09-Aug-26 14:14:10 - Epoch 234, Model Loss -1.5569427278306749, View Loss -3.3480897323757994, Reg 0.3641224386645298
09-Aug-26 14:15:07 - Epoch 235, Model Loss -1.5518552586923238, View Loss -3.3185146680844375, Reg 0.36330631725928364
09-Aug-26 14:15:12 - Epoch 235: Train_acc 0.8284313725490197 Val_acc 0.6013071895424836 Test_acc 0.6020942408376964 Test_auc 0.6038461538461538
09-Aug-26 14:16:09 - Epoch 236, Model Loss -1.5582638160855162, View Loss -3.3524219537872115, Reg 0.36363224461187726
09-Aug-26 14:17:06 - Epoch 237, Model Loss -1.5591108627568662, View Loss -3.3482758141810596, Reg 0.364392921036365
09-Aug-26 14:18:02 - Epoch 238, Model Loss -1.562238316130794, View Loss -3.356201745326223, Reg 0.3633484246294483
09-Aug-26 14:18:59 - Epoch 239, Model Loss -1.5603828866497365, View Loss -3.3298105320899314, Reg 0.36368172484285693
09-Aug-26 14:19:56 - Epoch 240, Model Loss -1.5636091699787216, View Loss -3.371482238270878, Reg 0.3638143181021697
09-Aug-26 14:20:01 - Epoch 240: Train_acc 0.8251633986928104 Val_acc 0.6013071895424836 Test_acc 0.5602094240837696 Test_auc 0.586923076923077
09-Aug-26 14:20:58 - Epoch 241, Model Loss -1.5602951860116199, View Loss -3.347159295300253, Reg 0.3636443599376803
09-Aug-26 14:21:55 - Epoch 242, Model Loss -1.5565043742360631, View Loss -3.331849780737185, Reg 0.36355582717197393
09-Aug-26 14:22:52 - Epoch 243, Model Loss -1.5611854565688987, View Loss -3.3433962086446924, Reg 0.36356570790795717
09-Aug-26 14:23:49 - Epoch 244, Model Loss -1.5603060691185247, View Loss -3.3308694502886604, Reg 0.3640131627032959
09-Aug-26 14:24:45 - Epoch 245, Model Loss -1.5390476401335274, View Loss -3.230190526426228, Reg 0.36311668118620233
09-Aug-26 14:24:50 - Epoch 245: Train_acc 0.7173202614379085 Val_acc 0.5882352941176471 Test_acc 0.5916230366492147 Test_auc 0.6253846153846154
09-Aug-26 14:25:46 - Epoch 246, Model Loss -1.5387552298751532, View Loss -3.2711385745628205, Reg 0.3640466527222029
09-Aug-26 14:26:44 - Epoch 247, Model Loss -1.5466158405628079, View Loss -3.307589755338781, Reg 0.3634689972291585
09-Aug-26 14:27:40 - Epoch 248, Model Loss -1.5446549116396437, View Loss -3.3135866090363146, Reg 0.3635293007676118
09-Aug-26 14:28:37 - Epoch 249, Model Loss -1.5398601394852782, View Loss -3.253191969753091, Reg 0.3631928520264968
09-Aug-26 14:29:34 - Epoch 250, Model Loss -1.5400073793199327, View Loss -3.293665321823818, Reg 0.36325382660416994
09-Aug-26 14:29:40 - Epoch 250: Train_acc 0.8202614379084967 Val_acc 0.5490196078431373 Test_acc 0.581151832460733 Test_auc 0.6087912087912088
09-Aug-26 14:30:37 - Epoch 251, Model Loss -1.5517110668755825, View Loss -3.334779035032185, Reg 0.36317749740251526
09-Aug-26 14:31:34 - Epoch 252, Model Loss -1.5558322831696154, View Loss -3.3344096856958725, Reg 0.36350733684558495
09-Aug-26 14:32:30 - Epoch 253, Model Loss -1.5484358157986908, View Loss -3.287565642712163, Reg 0.3630617202496996
09-Aug-26 14:33:27 - Epoch 254, Model Loss -1.5507213274637859, View Loss -3.322509778091331, Reg 0.36301503929437373
09-Aug-26 14:34:24 - Epoch 255, Model Loss -1.5608488157683729, View Loss -3.3345500596987656, Reg 0.36332543593606137
09-Aug-26 14:34:31 - Epoch 255: Train_acc 0.7434640522875817 Val_acc 0.5686274509803921 Test_acc 0.6073298429319371 Test_auc 0.6246153846153846
09-Aug-26 14:35:28 - Epoch 256, Model Loss -1.5586316943947787, View Loss -3.354055996813805, Reg 0.3632230791780684
09-Aug-26 14:36:25 - Epoch 257, Model Loss -1.554861642176809, View Loss -3.3445738998113894, Reg 0.36278264701755997
09-Aug-26 14:37:22 - Epoch 258, Model Loss -1.5645866207048005, View Loss -3.3490291888417763, Reg 0.3629210513401655
09-Aug-26 14:38:19 - Epoch 259, Model Loss -1.5603273460288454, View Loss -3.3325934316597734, Reg 0.36284706892530905
09-Aug-26 14:39:16 - Epoch 260, Model Loss -1.5606896830540078, View Loss -3.34941918865528, Reg 0.3628752515986075
09-Aug-26 14:39:21 - Epoch 260: Train_acc 0.7418300653594772 Val_acc 0.5620915032679739 Test_acc 0.6178010471204188 Test_auc 0.6337362637362637
09-Aug-26 14:40:17 - Epoch 261, Model Loss -1.5617555418824838, View Loss -3.3257101595012193, Reg 0.3630210585843504
09-Aug-26 14:41:14 - Epoch 262, Model Loss -1.55789725609075, View Loss -3.3359879356583737, Reg 0.36266985107091515
09-Aug-26 14:42:11 - Epoch 263, Model Loss -1.5559516669877993, View Loss -3.316228308708839, Reg 0.3628174613893422
09-Aug-26 14:43:08 - Epoch 264, Model Loss -1.5575907931608313, View Loss -3.3153764188679213, Reg 0.36263036007195515
09-Aug-26 14:44:05 - Epoch 265, Model Loss -1.5546591515634574, View Loss -3.30195954890033, Reg 0.3627450156445597
09-Aug-26 14:44:10 - Epoch 265: Train_acc 0.7287581699346405 Val_acc 0.5947712418300654 Test_acc 0.5968586387434555 Test_auc 0.619010989010989
09-Aug-26 14:45:06 - Epoch 266, Model Loss -1.5571708461038427, View Loss -3.2991498685350606, Reg 0.36297157737943864
09-Aug-26 14:46:03 - Epoch 267, Model Loss -1.5564784255682254, View Loss -3.327301072139366, Reg 0.3627556114414938
09-Aug-26 14:47:00 - Epoch 268, Model Loss -1.5611525641547308, View Loss -3.3436244546977525, Reg 0.36231709812201707
09-Aug-26 14:47:57 - Epoch 269, Model Loss -1.556615636239644, View Loss -3.3395156579859115, Reg 0.362165640966565
09-Aug-26 14:48:54 - Epoch 270, Model Loss -1.5609790515276343, View Loss -3.354890645719042, Reg 0.3623608467625637
09-Aug-26 14:48:59 - Epoch 270: Train_acc 0.7271241830065359 Val_acc 0.6013071895424836 Test_acc 0.6073298429319371 Test_auc 0.6226373626373626
09-Aug-26 14:49:56 - Epoch 271, Model Loss -1.5616041258269666, View Loss -3.345325697481243, Reg 0.36213941239064035
09-Aug-26 14:50:53 - Epoch 272, Model Loss -1.5527335459889928, View Loss -3.2955969735687853, Reg 0.36213673446692674
09-Aug-26 14:51:50 - Epoch 273, Model Loss -1.5456662146873723, View Loss -3.257634804918875, Reg 0.3615885548342287
09-Aug-26 14:52:47 - Epoch 274, Model Loss -1.5644214761023427, View Loss -3.351324988346474, Reg 0.36203675390848145
09-Aug-26 14:53:44 - Epoch 275, Model Loss -1.5542206701889536, View Loss -3.3233164151509604, Reg 0.36193059414040807
09-Aug-26 14:53:50 - Epoch 275: Train_acc 1.0 Val_acc 0.5555555555555556 Test_acc 0.5759162303664922 Test_auc 0.5847252747252748
09-Aug-26 14:54:47 - Epoch 276, Model Loss -1.5567853279363095, View Loss -3.328110012353635, Reg 0.36172640284681634
09-Aug-26 14:55:44 - Epoch 277, Model Loss -1.5634320795146468, View Loss -3.335781022614124, Reg 0.3615979499676648
09-Aug-26 14:56:41 - Epoch 278, Model Loss -1.5661641351537767, View Loss -3.3452405991897085, Reg 0.3613702374346116
09-Aug-26 14:57:38 - Epoch 279, Model Loss -1.558258031707963, View Loss -3.3276710759580523, Reg 0.361515043023365
09-Aug-26 14:58:35 - Epoch 280, Model Loss -1.5484066570506376, View Loss -3.2624248803830613, Reg 0.3613545025875366
09-Aug-26 14:58:44 - Epoch 280: Train_acc 0.7369281045751634 Val_acc 0.6143790849673203 Test_acc 0.6020942408376964 Test_auc 0.6235164835164835
09-Aug-26 14:59:41 - Epoch 281, Model Loss -1.5571017608143924, View Loss -3.2982749783135707, Reg 0.3612034809745215
09-Aug-26 15:00:38 - Epoch 282, Model Loss -1.5582123363719267, View Loss -3.347691230524599, Reg 0.36090850226240223
09-Aug-26 15:01:35 - Epoch 283, Model Loss -1.5555485868765637, View Loss -3.3220316101523006, Reg 0.36123597660875006
09-Aug-26 15:02:31 - Epoch 284, Model Loss -1.553216239206152, View Loss -3.2918923072565613, Reg 0.36114631758795845
09-Aug-26 15:03:28 - Epoch 285, Model Loss -1.5546981213139552, View Loss -3.3116935904509104, Reg 0.3609282364642698
09-Aug-26 15:03:34 - Epoch 285: Train_acc 0.7254901960784313 Val_acc 0.5947712418300654 Test_acc 0.5968586387434555 Test_auc 0.6026373626373627
09-Aug-26 15:04:31 - Epoch 286, Model Loss -1.5584567637225382, View Loss -3.3335436808517556, Reg 0.3609248839951808
09-Aug-26 15:05:28 - Epoch 287, Model Loss -1.5543491700116325, View Loss -3.3128720327140457, Reg 0.3608165492419324
09-Aug-26 15:06:24 - Epoch 288, Model Loss -1.5565544764200847, View Loss -3.3100120070713017, Reg 0.3604842112734427
09-Aug-26 15:07:21 - Epoch 289, Model Loss -1.566517181645811, View Loss -3.3374162000768326, Reg 0.3608308210482005
09-Aug-26 15:08:18 - Epoch 290, Model Loss -1.5604223986856298, View Loss -3.3247992820989074, Reg 0.36056706250882614
09-Aug-26 15:08:22 - Epoch 290: Train_acc 0.7238562091503268 Val_acc 0.6078431372549019 Test_acc 0.6230366492146597 Test_auc 0.6272527472527473
09-Aug-26 15:09:19 - Epoch 291, Model Loss -1.5513548009535845, View Loss -3.2749653111875445, Reg 0.36070291980419283
09-Aug-26 15:10:16 - Epoch 292, Model Loss -1.5589764819425695, View Loss -3.3367056690789516, Reg 0.3605981944433225
09-Aug-26 15:11:13 - Epoch 293, Model Loss -1.5628958683387906, View Loss -3.345550399979735, Reg 0.36047694262336283
09-Aug-26 15:12:10 - Epoch 294, Model Loss -1.5599814832600114, View Loss -3.3199694328058778, Reg 0.3603915168958552
09-Aug-26 15:13:07 - Epoch 295, Model Loss -1.557860745324029, View Loss -3.323802748536752, Reg 0.3605848554692237
09-Aug-26 15:13:13 - Epoch 295: Train_acc 0.7303921568627451 Val_acc 0.6078431372549019 Test_acc 0.6020942408376964 Test_auc 0.6380219780219781
09-Aug-26 15:14:10 - Epoch 296, Model Loss -1.565130308562634, View Loss -3.347571522581811, Reg 0.36041126570670434
09-Aug-26 15:15:06 - Epoch 297, Model Loss -1.5646873954074834, View Loss -3.3078245243995017, Reg 0.36043427621617036
09-Aug-26 15:16:04 - Epoch 298, Model Loss -1.5420833911771088, View Loss -3.2013575204836777, Reg 0.36027104324764675
09-Aug-26 15:17:01 - Epoch 299, Model Loss -1.5560592451905892, View Loss -3.319272505691628, Reg 0.36063839193263086
09-Aug-26 15:17:58 - Epoch 300, Model Loss -1.5553345025754441, View Loss -3.3414327365900176, Reg 0.3602074493769727
09-Aug-26 15:18:07 - Epoch 300: Train_acc 0.7254901960784313 Val_acc 0.6013071895424836 Test_acc 0.5968586387434555 Test_auc 0.6374725274725274
09-Aug-26 15:18:07 - FinishedTraining! BestEpoch (eval-interval index): 16
09-Aug-26 15:18:07 - Wrote /users/3171356m/muhammad/GraSTIACL/nested_cv/results/combat__emb512_bs32__fold3.json
09-Aug-26 15:18:07 - {
  "emb_dim": 512,
  "batch_size": 32,
  "fold": 3,
  "combat": true,
  "n_train": 612,
  "n_val": 153,
  "n_test": 191,
  "best_val_epoch_idx": 16,
  "train_accuracy": 0.8594771241830066,
  "val_accuracy": 0.6405228758169934,
  "test_accuracy": 0.581151832460733,
  "train_f1": 0.8537414965986394,
  "val_f1": 0.6099290780141844,
  "test_f1": 0.5555555555555556,
  "train_sensitivity": 0.8625429523623953,
  "val_sensitivity": 0.589041087821355,
  "test_sensitivity": 0.5494505434126314,
  "train_specificity": 0.8566978166458012,
  "val_specificity": 0.6874999914062502,
  "test_specificity": 0.6099999939,
  "train_precision": 0.8451178451178452,
  "val_precision": 0.6323529411764706,
  "test_precision": 0.5617977528089888,
  "test_auc": 0.6062637362637362,
  "fin_reg": 0.3712503430890102
}
