Task 11: config=2 fold=1 batch_size=32 emb_dim=256 mij_source=alff combat=no
The Zen of Python, by Tim Peters

Beautiful is better than ugly.
Explicit is better than implicit.
Simple is better than complex.
Complex is better than complicated.
Flat is better than nested.
Sparse is better than dense.
Readability counts.
Special cases aren't special enough to break the rules.
Although practicality beats purity.
Errors should never pass silently.
Unless explicitly silenced.
In the face of ambiguity, refuse the temptation to guess.
There should be one-- and preferably only one --obvious way to do it.
Although that way may not be obvious at first unless you're Dutch.
Now is better than never.
Although never is often better than *right* now.
If the implementation is hard to explain, it's a bad idea.
If the implementation is easy to explain, it may be a good idea.
Namespaces are one honking great idea -- let's do more of those!
validation time cost : 0.23550 sec
validation time cost : 0.24031 sec
validation time cost : 0.25964 sec
validation time cost : 0.25074 sec
validation time cost : 0.23741 sec
validation time cost : 0.24143 sec
validation time cost : 0.23449 sec
validation time cost : 0.24269 sec
validation time cost : 0.23712 sec
validation time cost : 0.23461 sec
validation time cost : 0.23744 sec
validation time cost : 0.23625 sec
validation time cost : 0.24724 sec
validation time cost : 0.24759 sec
validation time cost : 0.23550 sec
validation time cost : 0.23890 sec
validation time cost : 0.25040 sec
validation time cost : 0.25196 sec
validation time cost : 0.24404 sec
validation time cost : 0.24825 sec
validation time cost : 0.24168 sec
validation time cost : 0.25450 sec
validation time cost : 0.23742 sec
validation time cost : 0.26599 sec
validation time cost : 0.23542 sec
validation time cost : 0.26439 sec
validation time cost : 0.23233 sec
validation time cost : 0.23392 sec
validation time cost : 0.24196 sec
validation time cost : 0.23332 sec
validation time cost : 0.23152 sec
validation time cost : 0.23209 sec
validation time cost : 0.23203 sec
validation time cost : 0.23036 sec
validation time cost : 0.23126 sec
validation time cost : 0.23057 sec
validation time cost : 0.23047 sec
validation time cost : 0.23093 sec
validation time cost : 0.23270 sec
validation time cost : 0.23294 sec
validation time cost : 0.25436 sec
validation time cost : 0.22945 sec
validation time cost : 0.23104 sec
validation time cost : 0.23275 sec
validation time cost : 0.23265 sec
validation time cost : 0.23324 sec
validation time cost : 0.23259 sec
validation time cost : 0.23225 sec
validation time cost : 0.23607 sec
validation time cost : 0.23863 sec
validation time cost : 0.23265 sec
validation time cost : 0.24257 sec
validation time cost : 0.23310 sec
validation time cost : 0.23263 sec
validation time cost : 0.23300 sec
validation time cost : 0.23391 sec
validation time cost : 0.24623 sec
validation time cost : 0.24567 sec
validation time cost : 0.23240 sec
validation time cost : 0.23413 sec
