09-Aug-26 14:45:33 - Using Device: cuda
09-Aug-26 14:45:33 - Seed: 123, Fold: 3, ComBat: True
09-Aug-26 14:45:33 - Namespace(fold=3, combat=True, num_dyn_windows=3, model_lr=0.0005, view_lr=0.0005, num_gc_layers=2, pooling_type='standard', emb_dim=256, vib_hidden_dim=400, batch_size=32, drop_ratio=0.3, epochs=300, kld_lambda=0.003, reg_lambda=0.2, gamma_mode='paper_literal', node_feature_mode='alff_pcc', mij_source='alff_pcc', template=90, eval_interval=5, downstream_classifier='linear', ce_lambda=2.0, seed=123)
09-Aug-26 14:45:33 - Loading raw subject data...
09-Aug-26 14:45:36 - Loaded 956 subjects (455 ASD, 501 NC)
09-Aug-26 14:45:37 - alff_pcc scale stats (train_val_idx only): alff=[-3.4032,4.8153] pcc=[-0.6631,1.0129]
09-Aug-26 14:45:37 - Train/Val/Test sizes: 612/153/191
09-Aug-26 14:46:36 - Epoch 1, Model Loss -0.6118726738138136, View Loss -6.211927039950502, Reg 0.2490139648415684
09-Aug-26 14:47:35 - Epoch 2, Model Loss -1.1491692019443887, View Loss -3.959804996166354, Reg 0.17887238992585075
09-Aug-26 14:48:33 - Epoch 3, Model Loss -1.1251588522219191, View Loss -3.656877424202713, Reg 0.20275827979340272
09-Aug-26 14:49:32 - Epoch 4, Model Loss -1.1193948477701423, View Loss -3.31992125043682, Reg 0.21227506251116984
09-Aug-26 14:50:30 - Epoch 5, Model Loss -1.2235639858869165, View Loss -2.9414049379186693, Reg 0.18561412014213263
09-Aug-26 14:50:48 - Epoch 5: Train_acc 0.7303921568627451 Val_acc 0.5751633986928104 Test_acc 0.5916230366492147 Test_auc 0.6329670329670329
09-Aug-26 14:51:46 - Epoch 6, Model Loss -1.2911254564921062, View Loss -2.8475495693730375, Reg 0.17350814642469867
09-Aug-26 14:52:44 - Epoch 7, Model Loss -1.2742740718367833, View Loss -2.762540876475814, Reg 0.17464576720022687
09-Aug-26 14:53:43 - Epoch 8, Model Loss -1.2594479361390756, View Loss -2.7474032040514977, Reg 0.18750390176679574
09-Aug-26 14:54:42 - Epoch 9, Model Loss -1.3155128940258152, View Loss -2.6000503745733523, Reg 0.170843941129111
09-Aug-26 14:55:40 - Epoch 10, Model Loss -1.3289418501012467, View Loss -2.6271056567921356, Reg 0.17858359675391827
09-Aug-26 14:55:47 - Epoch 10: Train_acc 0.7712418300653595 Val_acc 0.5490196078431373 Test_acc 0.5602094240837696 Test_auc 0.5858241758241759
09-Aug-26 14:56:45 - Epoch 11, Model Loss -1.342914861791274, View Loss -2.6270667431401273, Reg 0.1727691120376774
09-Aug-26 14:57:44 - Epoch 12, Model Loss -1.3279093636406794, View Loss -2.5379955160851573, Reg 0.1768502197624032
09-Aug-26 14:58:42 - Epoch 13, Model Loss -1.3531275481180427, View Loss -2.580885924544989, Reg 0.1784729905962165
09-Aug-26 14:59:41 - Epoch 14, Model Loss -1.3536089947021086, View Loss -2.530458986369613, Reg 0.17836879213261447
09-Aug-26 15:00:39 - Epoch 15, Model Loss -1.3531743155585394, View Loss -2.5292492598489997, Reg 0.1808683250854218
09-Aug-26 15:00:45 - Epoch 15: Train_acc 0.7908496732026143 Val_acc 0.5424836601307189 Test_acc 0.5602094240837696 Test_auc 0.6041758241758243
09-Aug-26 15:01:43 - Epoch 16, Model Loss -1.373916784922282, View Loss -2.5505709554634843, Reg 0.1794900734440174
09-Aug-26 15:02:41 - Epoch 17, Model Loss -1.365969648548201, View Loss -2.489148869233973, Reg 0.17997201147422293
09-Aug-26 15:03:40 - Epoch 18, Model Loss -1.3924980911554075, View Loss -2.5006907313477758, Reg 0.18149344126383463
09-Aug-26 15:04:38 - Epoch 19, Model Loss -1.3882499863119686, View Loss -2.4696220167322096, Reg 0.18055270797286938
09-Aug-26 15:05:37 - Epoch 20, Model Loss -1.4021064159916896, View Loss -2.489394970189512, Reg 0.18111261111848495
09-Aug-26 15:05:43 - Epoch 20: Train_acc 0.7875816993464052 Val_acc 0.5686274509803921 Test_acc 0.5340314136125655 Test_auc 0.610879120879121
09-Aug-26 15:06:41 - Epoch 21, Model Loss -1.3932249374638974, View Loss -2.467923778334474, Reg 0.17811807843984342
09-Aug-26 15:07:40 - Epoch 22, Model Loss -1.407544092415205, View Loss -2.444052958020977, Reg 0.17945862624769895
09-Aug-26 15:08:38 - Epoch 23, Model Loss -1.4060927310021094, View Loss -2.4799790849872663, Reg 0.18123954846188914
09-Aug-26 15:09:36 - Epoch 24, Model Loss -1.412324294545292, View Loss -2.4580708298028684, Reg 0.17893114744448194
09-Aug-26 15:10:35 - Epoch 25, Model Loss -1.4061039538165323, View Loss -2.413601186540392, Reg 0.18041184544563293
09-Aug-26 15:10:41 - Epoch 25: Train_acc 0.8284313725490197 Val_acc 0.5620915032679739 Test_acc 0.581151832460733 Test_auc 0.6112087912087912
09-Aug-26 15:11:39 - Epoch 26, Model Loss -1.4120705174464805, View Loss -2.445897267534842, Reg 0.181178169799786
09-Aug-26 15:12:37 - Epoch 27, Model Loss -1.4148705613379384, View Loss -2.426511533899245, Reg 0.17936479582700854
09-Aug-26 15:13:36 - Epoch 28, Model Loss -1.4013947349747802, View Loss -2.343354885874231, Reg 0.17936560190191456
09-Aug-26 15:14:34 - Epoch 29, Model Loss -1.4256261407939437, View Loss -2.389825409533931, Reg 0.17861654176041972
09-Aug-26 15:15:33 - Epoch 30, Model Loss -1.4260558022393122, View Loss -2.3957972277223676, Reg 0.17742276191711426
09-Aug-26 15:15:39 - Epoch 30: Train_acc 0.8006535947712419 Val_acc 0.5816993464052288 Test_acc 0.5759162303664922 Test_auc 0.5917582417582417
09-Aug-26 15:16:37 - Epoch 31, Model Loss -1.4199373550664365, View Loss -2.3800047020507016, Reg 0.18285168137620478
09-Aug-26 15:17:35 - Epoch 32, Model Loss -1.4265013925390306, View Loss -2.358949109619739, Reg 0.18010849656622394
09-Aug-26 15:18:34 - Epoch 33, Model Loss -1.429804942187141, View Loss -2.372401047376246, Reg 0.18069258741303987
09-Aug-26 15:19:32 - Epoch 34, Model Loss -1.4217765533846187, View Loss -2.344241288752338, Reg 0.18128299070339576
09-Aug-26 15:20:30 - Epoch 35, Model Loss -1.4357985141230565, View Loss -2.408901012021732, Reg 0.17819078831501256
09-Aug-26 15:20:38 - Epoch 35: Train_acc 0.8758169934640523 Val_acc 0.5424836601307189 Test_acc 0.5706806282722513 Test_auc 0.59
09-Aug-26 15:21:36 - Epoch 36, Model Loss -1.443318223641589, View Loss -2.3767793225307092, Reg 0.1808228544355218
09-Aug-26 15:22:34 - Epoch 37, Model Loss -1.440925588794783, View Loss -2.390185035132115, Reg 0.17837292345520717
09-Aug-26 15:23:33 - Epoch 38, Model Loss -1.4522240894292695, View Loss -2.356908779518277, Reg 0.17907586557413238
09-Aug-26 15:24:31 - Epoch 39, Model Loss -1.4422904245214525, View Loss -2.3701544774124046, Reg 0.18031833710428935
09-Aug-26 15:25:30 - Epoch 40, Model Loss -1.4466823503082873, View Loss -2.3815844417397494, Reg 0.18092130543359744
09-Aug-26 15:25:37 - Epoch 40: Train_acc 0.8316993464052288 Val_acc 0.5751633986928104 Test_acc 0.6020942408376964 Test_auc 0.6195604395604395
09-Aug-26 15:26:35 - Epoch 41, Model Loss -1.4421201375574848, View Loss -2.3138041278116064, Reg 0.178539697835648
09-Aug-26 15:27:34 - Epoch 42, Model Loss -1.4496284154505512, View Loss -2.348340635985331, Reg 0.17634540309313856
09-Aug-26 15:28:32 - Epoch 43, Model Loss -1.449860158309438, View Loss -2.332733858644573, Reg 0.17825559775034586
09-Aug-26 15:29:31 - Epoch 44, Model Loss -1.4537729780658397, View Loss -2.305935357910356, Reg 0.1796788689162996
09-Aug-26 15:30:29 - Epoch 45, Model Loss -1.4548706322713616, View Loss -2.3134596207562614, Reg 0.17745322807162417
09-Aug-26 15:30:37 - Epoch 45: Train_acc 0.7156862745098039 Val_acc 0.5424836601307189 Test_acc 0.5706806282722513 Test_auc 0.6236263736263736
09-Aug-26 15:31:35 - Epoch 46, Model Loss -1.4551440843569687, View Loss -2.3418153688019396, Reg 0.17922550907322005
09-Aug-26 15:32:33 - Epoch 47, Model Loss -1.4562406789243612, View Loss -2.3508895175908906, Reg 0.1788245176567751
09-Aug-26 15:33:31 - Epoch 48, Model Loss -1.4654522721284355, View Loss -2.3320724481071524, Reg 0.17984491810689565
09-Aug-26 15:34:30 - Epoch 49, Model Loss -1.4637947643504423, View Loss -2.325513627794054, Reg 0.1785178199605225
09-Aug-26 15:35:28 - Epoch 50, Model Loss -1.4571981741711983, View Loss -2.299659775752647, Reg 0.17769425600961922
09-Aug-26 15:35:39 - Epoch 50: Train_acc 0.7647058823529411 Val_acc 0.5751633986928104 Test_acc 0.5602094240837696 Test_auc 0.6195604395604396
09-Aug-26 15:36:37 - Epoch 51, Model Loss -1.4556673648310643, View Loss -2.3403103710000033, Reg 0.1792453260593165
09-Aug-26 15:37:35 - Epoch 52, Model Loss -1.4588581035339754, View Loss -2.306157579608992, Reg 0.17691555512107277
09-Aug-26 15:38:34 - Epoch 53, Model Loss -1.4605851672054115, View Loss -2.324248348186219, Reg 0.17705995594364365
09-Aug-26 15:39:32 - Epoch 54, Model Loss -1.4517632185244094, View Loss -2.2425224142136915, Reg 0.1787334820803474
09-Aug-26 15:40:30 - Epoch 55, Model Loss -1.4659598543753032, View Loss -2.3274236940870097, Reg 0.1785252748751173
/users/3171356m/miniconda3/envs/grastiacl/lib/python3.12/site-packages/joblib/externals/loky/process_executor.py:782: UserWarning: A worker stopped while some jobs were given to the executor. This can be caused by a too short worker timeout or by a memory leak.
  warnings.warn(
09-Aug-26 15:40:40 - Epoch 55: Train_acc 0.7794117647058824 Val_acc 0.5424836601307189 Test_acc 0.5497382198952879 Test_auc 0.6000000000000001
09-Aug-26 15:41:38 - Epoch 56, Model Loss -1.4698714960634318, View Loss -2.3094723707710214, Reg 0.17632415725125206
09-Aug-26 15:42:36 - Epoch 57, Model Loss -1.468063850028842, View Loss -2.290513446907592, Reg 0.17713876370511022
09-Aug-26 15:43:34 - Epoch 58, Model Loss -1.4703066800934037, View Loss -2.3106188213123993, Reg 0.1788017741020988
09-Aug-26 15:44:32 - Epoch 59, Model Loss -1.4681931009479599, View Loss -2.2790427675434186, Reg 0.17651544521057527
09-Aug-26 15:45:30 - Epoch 60, Model Loss -1.4737457948572494, View Loss -2.285371122796551, Reg 0.17910590582813313
09-Aug-26 15:45:39 - Epoch 60: Train_acc 0.7810457516339869 Val_acc 0.5490196078431373 Test_acc 0.5549738219895288 Test_auc 0.5918681318681318
09-Aug-26 15:46:36 - Epoch 61, Model Loss -1.4668628811057096, View Loss -2.2398531265508117, Reg 0.17701390940769046
09-Aug-26 15:47:33 - Epoch 62, Model Loss -1.4661915006201252, View Loss -2.280513987821691, Reg 0.17654522006807763
09-Aug-26 15:48:30 - Epoch 63, Model Loss -1.4650036961424584, View Loss -2.2691928171644022, Reg 0.175522532143624
09-Aug-26 15:49:26 - Epoch 64, Model Loss -1.4640804801891052, View Loss -2.2400061258303574, Reg 0.1781323283326392
09-Aug-26 15:50:22 - Epoch 65, Model Loss -1.4677679149153966, View Loss -2.2478502217461083, Reg 0.1750576340295131
09-Aug-26 15:50:33 - Epoch 65: Train_acc 0.8137254901960784 Val_acc 0.5686274509803921 Test_acc 0.5759162303664922 Test_auc 0.6073626373626374
09-Aug-26 15:51:29 - Epoch 66, Model Loss -1.473352426017811, View Loss -2.2554770513297684, Reg 0.17652204428233353
09-Aug-26 15:52:26 - Epoch 67, Model Loss -1.4803999483195784, View Loss -2.2814800380881315, Reg 0.17541355420561397
09-Aug-26 15:53:22 - Epoch 68, Model Loss -1.4682645299076256, View Loss -2.2243223985036216, Reg 0.17799776227645625
09-Aug-26 15:54:19 - Epoch 69, Model Loss -1.4718223210253747, View Loss -2.2495448823068656, Reg 0.1751062293457829
09-Aug-26 15:55:15 - Epoch 70, Model Loss -1.4644933245540444, View Loss -2.231334648880304, Reg 0.17771739926603106
09-Aug-26 15:55:27 - Epoch 70: Train_acc 0.7761437908496732 Val_acc 0.5424836601307189 Test_acc 0.5706806282722513 Test_auc 0.6281318681318682
09-Aug-26 15:56:24 - Epoch 71, Model Loss -1.4755137792599746, View Loss -2.2434946571300234, Reg 0.17799918314600302
09-Aug-26 15:57:20 - Epoch 72, Model Loss -1.4898371041989793, View Loss -2.29483379413879, Reg 0.1754915582783082
09-Aug-26 15:58:17 - Epoch 73, Model Loss -1.4850788521610834, View Loss -2.272562273187575, Reg 0.17577855629858627
09-Aug-26 15:59:13 - Epoch 74, Model Loss -1.4759373540192648, View Loss -2.208728768467124, Reg 0.1759309123933705
09-Aug-26 16:00:09 - Epoch 75, Model Loss -1.4688974299462012, View Loss -2.22464663686316, Reg 0.17458049787415397
09-Aug-26 16:00:15 - Epoch 75: Train_acc 0.7712418300653595 Val_acc 0.5751633986928104 Test_acc 0.6020942408376964 Test_auc 0.6180219780219781
09-Aug-26 16:01:11 - Epoch 76, Model Loss -1.4739460602305294, View Loss -2.2027108591366438, Reg 0.17626003580155716
09-Aug-26 16:02:08 - Epoch 77, Model Loss -1.4838903028201433, View Loss -2.237846349579057, Reg 0.17688868832744026
09-Aug-26 16:03:04 - Epoch 78, Model Loss -1.480627508724437, View Loss -2.2286269368689045, Reg 0.1749840421614304
09-Aug-26 16:04:01 - Epoch 79, Model Loss -1.4731797143524767, View Loss -2.2357813143262675, Reg 0.18000033244588018
09-Aug-26 16:04:57 - Epoch 80, Model Loss -1.4905394697500989, View Loss -2.2531400568345012, Reg 0.17753095135969274
09-Aug-26 16:05:02 - Epoch 80: Train_acc 0.7875816993464052 Val_acc 0.5555555555555556 Test_acc 0.5759162303664922 Test_auc 0.6067032967032967
09-Aug-26 16:05:58 - Epoch 81, Model Loss -1.4874764112086079, View Loss -2.227945751614041, Reg 0.17581519893571443
09-Aug-26 16:06:55 - Epoch 82, Model Loss -1.49243063708536, View Loss -2.249562861872654, Reg 0.17711038147312363
09-Aug-26 16:07:51 - Epoch 83, Model Loss -1.48352615194383, View Loss -2.242597003388249, Reg 0.17678282366079442
09-Aug-26 16:08:47 - Epoch 84, Model Loss -1.4851306123671189, View Loss -2.2548406950009414, Reg 0.1746186634489134
09-Aug-26 16:09:44 - Epoch 85, Model Loss -1.4893525784311732, View Loss -2.2841958002327316, Reg 0.17529309545856675
09-Aug-26 16:09:51 - Epoch 85: Train_acc 0.7238562091503268 Val_acc 0.6013071895424836 Test_acc 0.5654450261780105 Test_auc 0.6104395604395604
09-Aug-26 16:10:48 - Epoch 86, Model Loss -1.4906078475752687, View Loss -2.246718313179764, Reg 0.1760688709472519
09-Aug-26 16:11:44 - Epoch 87, Model Loss -1.4926289452446833, View Loss -2.2472598537120945, Reg 0.17831476042473238
09-Aug-26 16:12:40 - Epoch 88, Model Loss -1.4835312288571028, View Loss -2.215806985992232, Reg 0.1735712748532202
09-Aug-26 16:13:37 - Epoch 89, Model Loss -1.486358935536902, View Loss -2.2252340659596563, Reg 0.1764825670158162
09-Aug-26 16:14:33 - Epoch 90, Model Loss -1.481540184394986, View Loss -2.1907463104896294, Reg 0.17498324743283342
09-Aug-26 16:14:45 - Epoch 90: Train_acc 0.7892156862745098 Val_acc 0.5882352941176471 Test_acc 0.5916230366492147 Test_auc 0.6307692307692309
09-Aug-26 16:15:41 - Epoch 91, Model Loss -1.4875333574083116, View Loss -2.233794988370409, Reg 0.17865442596619424
09-Aug-26 16:16:38 - Epoch 92, Model Loss -1.4840744741601881, View Loss -2.2080037609424465, Reg 0.175718287042543
09-Aug-26 16:17:34 - Epoch 93, Model Loss -1.4954397943284776, View Loss -2.2233251870847215, Reg 0.17490566458577425
09-Aug-26 16:18:30 - Epoch 94, Model Loss -1.4954476636998795, View Loss -2.220219820932625, Reg 0.1765656334901947
09-Aug-26 16:19:26 - Epoch 95, Model Loss -1.4999675314410839, View Loss -2.2346029717937794, Reg 0.17497820105233225
09-Aug-26 16:19:34 - Epoch 95: Train_acc 0.7630718954248366 Val_acc 0.5620915032679739 Test_acc 0.5759162303664922 Test_auc 0.6030769230769231
09-Aug-26 16:20:31 - Epoch 96, Model Loss -1.4946124756258297, View Loss -2.222726898255691, Reg 0.17695855958009857
09-Aug-26 16:21:27 - Epoch 97, Model Loss -1.494142214457194, View Loss -2.220019056906108, Reg 0.17523984309115442
09-Aug-26 16:22:23 - Epoch 98, Model Loss -1.4932169789582297, View Loss -2.206970778945225, Reg 0.17610995656524608
09-Aug-26 16:23:19 - Epoch 99, Model Loss -1.4976980514775693, View Loss -2.2525286643333686, Reg 0.17628209818811977
09-Aug-26 16:24:16 - Epoch 100, Model Loss -1.4916510768965179, View Loss -2.1934586849087983, Reg 0.17581064132303972
09-Aug-26 16:24:22 - Epoch 100: Train_acc 0.6977124183006536 Val_acc 0.6013071895424836 Test_acc 0.5549738219895288 Test_auc 0.6293406593406593
09-Aug-26 16:25:18 - Epoch 101, Model Loss -1.4992105010288213, View Loss -2.2370464755039587, Reg 0.17628509994425806
09-Aug-26 16:26:14 - Epoch 102, Model Loss -1.4919489006590998, View Loss -2.236269405464721, Reg 0.17699927705175736
09-Aug-26 16:27:11 - Epoch 103, Model Loss -1.4900205898908228, View Loss -2.2186987228642883, Reg 0.17621853105188195
09-Aug-26 16:28:07 - Epoch 104, Model Loss -1.4984577777338963, View Loss -2.2270714161442777, Reg 0.1755515061367571
09-Aug-26 16:29:03 - Epoch 105, Model Loss -1.5006847506255105, View Loss -2.2265196688034954, Reg 0.17640108697944218
09-Aug-26 16:29:15 - Epoch 105: Train_acc 0.7254901960784313 Val_acc 0.6013071895424836 Test_acc 0.5602094240837696 Test_auc 0.6094505494505494
09-Aug-26 16:30:11 - Epoch 106, Model Loss -1.477202247170841, View Loss -2.1465107038909315, Reg 0.17704454824036242
09-Aug-26 16:31:08 - Epoch 107, Model Loss -1.4819719027849585, View Loss -2.182211819817038, Reg 0.17488244049299775
09-Aug-26 16:32:04 - Epoch 108, Model Loss -1.496749111250335, View Loss -2.215884947309307, Reg 0.17726166536605437
09-Aug-26 16:33:00 - Epoch 109, Model Loss -1.4984746758454766, View Loss -2.2169506160262364, Reg 0.1757483605076285
09-Aug-26 16:33:57 - Epoch 110, Model Loss -1.5031214134365904, View Loss -2.2212361042795616, Reg 0.17412586403048896
09-Aug-26 16:34:04 - Epoch 110: Train_acc 0.7156862745098039 Val_acc 0.5816993464052288 Test_acc 0.5863874345549738 Test_auc 0.6226373626373626
09-Aug-26 16:35:01 - Epoch 111, Model Loss -1.5011082412370669, View Loss -2.232892248365614, Reg 0.17768445104555367
09-Aug-26 16:35:57 - Epoch 112, Model Loss -1.5083900557623968, View Loss -2.228872847712897, Reg 0.17570056888013105
09-Aug-26 16:36:54 - Epoch 113, Model Loss -1.5006698845258726, View Loss -2.2128596804500407, Reg 0.1748283061326719
09-Aug-26 16:37:50 - Epoch 114, Model Loss -1.5053754133336685, View Loss -2.2342813872044385, Reg 0.17506378772212008
09-Aug-26 16:38:47 - Epoch 115, Model Loss -1.5069250966988357, View Loss -2.22585104649363, Reg 0.17605283875870548
09-Aug-26 16:38:58 - Epoch 115: Train_acc 0.7696078431372549 Val_acc 0.6143790849673203 Test_acc 0.5706806282722513 Test_auc 0.614065934065934
09-Aug-26 16:39:54 - Epoch 116, Model Loss -1.5074187509374681, View Loss -2.2395102775174807, Reg 0.17693943837109735
09-Aug-26 16:40:50 - Epoch 117, Model Loss -1.5025754255406998, View Loss -2.235302298676734, Reg 0.1770926515261332
09-Aug-26 16:41:47 - Epoch 118, Model Loss -1.5012578527911815, View Loss -2.195052835676405, Reg 0.17614218699776268
09-Aug-26 16:42:43 - Epoch 119, Model Loss -1.5011582842060165, View Loss -2.213363382551405, Reg 0.17539210783110726
09-Aug-26 16:43:40 - Epoch 120, Model Loss -1.5008431166605232, View Loss -2.2018128999697617, Reg 0.17570808870730056
09-Aug-26 16:43:47 - Epoch 120: Train_acc 0.7745098039215687 Val_acc 0.5686274509803921 Test_acc 0.6178010471204188 Test_auc 0.634065934065934
09-Aug-26 16:44:44 - Epoch 121, Model Loss -1.5028048247293708, View Loss -2.217760478748995, Reg 0.17593010266621908
09-Aug-26 16:45:40 - Epoch 122, Model Loss -1.5091103073818233, View Loss -2.251626232870264, Reg 0.17468110213871874
09-Aug-26 16:46:36 - Epoch 123, Model Loss -1.5073721923080146, View Loss -2.2101390564363768, Reg 0.17512107470066718
09-Aug-26 16:47:33 - Epoch 124, Model Loss -1.502677786583994, View Loss -2.2184440232569873, Reg 0.1760541000007804
09-Aug-26 16:48:29 - Epoch 125, Model Loss -1.4981885548510583, View Loss -2.1813052152496537, Reg 0.17469191999217265
09-Aug-26 16:48:40 - Epoch 125: Train_acc 0.7532679738562091 Val_acc 0.6274509803921569 Test_acc 0.5863874345549738 Test_auc 0.6098901098901098
09-Aug-26 16:49:37 - Epoch 126, Model Loss -1.5005902059717116, View Loss -2.2028322188682807, Reg 0.17606568667623732
09-Aug-26 16:50:33 - Epoch 127, Model Loss -1.5081717703077528, View Loss -2.2308442951027865, Reg 0.17581195418351617
09-Aug-26 16:51:29 - Epoch 128, Model Loss -1.5035606147417055, View Loss -2.232162690630146, Reg 0.17524398123127183
09-Aug-26 16:52:26 - Epoch 129, Model Loss -1.510708316478854, View Loss -2.239997760922301, Reg 0.1770062080395767
09-Aug-26 16:53:22 - Epoch 130, Model Loss -1.5144602956335529, View Loss -2.2403537775176803, Reg 0.17481590252296597
09-Aug-26 16:53:36 - Epoch 130: Train_acc 0.7107843137254902 Val_acc 0.6339869281045751 Test_acc 0.5916230366492147 Test_auc 0.6310989010989012
09-Aug-26 16:54:33 - Epoch 131, Model Loss -1.5135830274594375, View Loss -2.2222826558780047, Reg 0.1754250435852537
09-Aug-26 16:55:29 - Epoch 132, Model Loss -1.5143877540538513, View Loss -2.2223805944904003, Reg 0.17547383339576472
09-Aug-26 16:56:26 - Epoch 133, Model Loss -1.513033016055238, View Loss -2.23967707702537, Reg 0.17455855635256548
09-Aug-26 16:57:22 - Epoch 134, Model Loss -1.5101755428937524, View Loss -2.227915732689153, Reg 0.17561597742286383
09-Aug-26 16:58:19 - Epoch 135, Model Loss -1.5109064656924578, View Loss -2.203817168092416, Reg 0.17513146470574772
09-Aug-26 16:58:26 - Epoch 135: Train_acc 0.7826797385620915 Val_acc 0.5686274509803921 Test_acc 0.5916230366492147 Test_auc 0.6240659340659341
09-Aug-26 16:59:22 - Epoch 136, Model Loss -1.5064865561092602, View Loss -2.1986298529930366, Reg 0.17540371612785688
09-Aug-26 17:00:19 - Epoch 137, Model Loss -1.510130084418004, View Loss -2.207258324217952, Reg 0.17404037616611306
09-Aug-26 17:01:15 - Epoch 138, Model Loss -1.5190363927604327, View Loss -2.2396692045373854, Reg 0.17637516772435383
09-Aug-26 17:02:11 - Epoch 139, Model Loss -1.5095110407062606, View Loss -2.2116217987210143, Reg 0.17667094418425966
09-Aug-26 17:03:08 - Epoch 140, Model Loss -1.5143956140755048, View Loss -2.220516183017905, Reg 0.17568089462378444
09-Aug-26 17:03:17 - Epoch 140: Train_acc 0.7140522875816994 Val_acc 0.6078431372549019 Test_acc 0.5968586387434555 Test_auc 0.6192307692307691
09-Aug-26 17:04:13 - Epoch 141, Model Loss -1.509909399194655, View Loss -2.2186820865456576, Reg 0.17431172397401598
09-Aug-26 17:05:09 - Epoch 142, Model Loss -1.5104752397225574, View Loss -2.2162400943781035, Reg 0.17524919722204893
09-Aug-26 17:06:06 - Epoch 143, Model Loss -1.5113676482555913, View Loss -2.226216883441202, Reg 0.17773711506058187
09-Aug-26 17:07:02 - Epoch 144, Model Loss -1.513695018743378, View Loss -2.2103802768233556, Reg 0.17492778492129707
09-Aug-26 17:07:58 - Epoch 145, Model Loss -1.5115101446513257, View Loss -2.195341755362118, Reg 0.17419609627108168
09-Aug-26 17:08:06 - Epoch 145: Train_acc 0.7173202614379085 Val_acc 0.6274509803921569 Test_acc 0.5706806282722513 Test_auc 0.619010989010989
09-Aug-26 17:09:03 - Epoch 146, Model Loss -1.5152566292706657, View Loss -2.2122492727890513, Reg 0.17443851639632307
09-Aug-26 17:09:59 - Epoch 147, Model Loss -1.5088333553738065, View Loss -2.2186722350276376, Reg 0.17629219581878264
09-Aug-26 17:10:56 - Epoch 148, Model Loss -1.51885659086938, View Loss -2.2210008770811793, Reg 0.17519323810253268
09-Aug-26 17:11:52 - Epoch 149, Model Loss -1.510997759750466, View Loss -2.215657100178837, Reg 0.1747798755083209
09-Aug-26 17:12:48 - Epoch 150, Model Loss -1.5155001122967091, View Loss -2.226521940792308, Reg 0.17402500790708206
09-Aug-26 17:13:02 - Epoch 150: Train_acc 0.7124183006535948 Val_acc 0.5947712418300654 Test_acc 0.5549738219895288 Test_auc 0.6228571428571428
09-Aug-26 17:13:59 - Epoch 151, Model Loss -1.5204693289364086, View Loss -2.203161573098376, Reg 0.1752197506770589
09-Aug-26 17:14:55 - Epoch 152, Model Loss -1.5177677191940009, View Loss -2.2178210526510003, Reg 0.17617832426152197
09-Aug-26 17:15:51 - Epoch 153, Model Loss -1.5262345644383648, View Loss -2.227391361411101, Reg 0.17508564490118836
09-Aug-26 17:16:48 - Epoch 154, Model Loss -1.5270022223977482, View Loss -2.2318025757284725, Reg 0.1765379011631012
09-Aug-26 17:17:44 - Epoch 155, Model Loss -1.5174431707344802, View Loss -2.2152088109184715, Reg 0.1765329479392058
09-Aug-26 17:17:53 - Epoch 155: Train_acc 0.7712418300653595 Val_acc 0.5882352941176471 Test_acc 0.5549738219895288 Test_auc 0.5915384615384616
09-Aug-26 17:18:50 - Epoch 156, Model Loss -1.5127956290650213, View Loss -2.2110208654715344, Reg 0.17510096407404133
09-Aug-26 17:19:46 - Epoch 157, Model Loss -1.52068677914688, View Loss -2.212910923303342, Reg 0.17475732245476416
09-Aug-26 17:20:42 - Epoch 158, Model Loss -1.5199021358116, View Loss -2.201867994919322, Reg 0.1741666951600243
09-Aug-26 17:21:39 - Epoch 159, Model Loss -1.5132280923182668, View Loss -2.20142813601525, Reg 0.17598591024189994
09-Aug-26 17:22:35 - Epoch 160, Model Loss -1.5177912493936376, View Loss -2.217283345515432, Reg 0.17368501833840913
09-Aug-26 17:22:45 - Epoch 160: Train_acc 0.7696078431372549 Val_acc 0.5686274509803921 Test_acc 0.6020942408376964 Test_auc 0.5927472527472528
09-Aug-26 17:23:41 - Epoch 161, Model Loss -1.5236561407450757, View Loss -2.2201063617382175, Reg 0.17605380061405157
09-Aug-26 17:24:38 - Epoch 162, Model Loss -1.5093143936855342, View Loss -2.1713105432348314, Reg 0.17365077449605357
09-Aug-26 17:25:34 - Epoch 163, Model Loss -1.5212250129849303, View Loss -2.2079075676163815, Reg 0.1758241030125836
09-Aug-26 17:26:31 - Epoch 164, Model Loss -1.5202424043144276, View Loss -2.206709067026774, Reg 0.1749997972662932
09-Aug-26 17:27:27 - Epoch 165, Model Loss -1.5241831112531274, View Loss -2.2087907105489495, Reg 0.1750669870890823
09-Aug-26 17:27:35 - Epoch 165: Train_acc 0.7091503267973857 Val_acc 0.5816993464052288 Test_acc 0.5654450261780105 Test_auc 0.6193406593406593
09-Aug-26 17:28:32 - Epoch 166, Model Loss -1.522174414466409, View Loss -2.2195245393740586, Reg 0.17505946774887882
09-Aug-26 17:29:28 - Epoch 167, Model Loss -1.5124290254380968, View Loss -2.158383285298067, Reg 0.1760467273347518
09-Aug-26 17:30:25 - Epoch 168, Model Loss -1.5187287237129958, View Loss -2.178019853978375, Reg 0.17579523060056898
09-Aug-26 17:31:21 - Epoch 169, Model Loss -1.51988577375225, View Loss -2.210990940044129, Reg 0.1750664187023063
09-Aug-26 17:32:17 - Epoch 170, Model Loss -1.5167968849730646, View Loss -2.178375481000913, Reg 0.1762672341337391
09-Aug-26 17:32:30 - Epoch 170: Train_acc 0.7058823529411765 Val_acc 0.5882352941176471 Test_acc 0.581151832460733 Test_auc 0.6339560439560439
09-Aug-26 17:33:26 - Epoch 171, Model Loss -1.5044569501689835, View Loss -2.1236398734298407, Reg 0.1762454198076834
09-Aug-26 17:34:22 - Epoch 172, Model Loss -1.5087046654395808, View Loss -2.2106762805016213, Reg 0.17547441639152228
09-Aug-26 17:35:19 - Epoch 173, Model Loss -1.50017843059465, View Loss -2.1282373347313577, Reg 0.17599238260509142
09-Aug-26 17:36:15 - Epoch 174, Model Loss -1.507984105278464, View Loss -2.177594477834265, Reg 0.17468654778268602
09-Aug-26 17:37:12 - Epoch 175, Model Loss -1.5131863425759708, View Loss -2.199483774845896, Reg 0.1717250849686417
09-Aug-26 17:37:22 - Epoch 175: Train_acc 0.7320261437908496 Val_acc 0.5424836601307189 Test_acc 0.5654450261780105 Test_auc 0.601978021978022
09-Aug-26 17:38:18 - Epoch 176, Model Loss -1.509376002293007, View Loss -2.1728083105648266, Reg 0.17509236055261948
09-Aug-26 17:39:15 - Epoch 177, Model Loss -1.5180865300247093, View Loss -2.2123033392663096, Reg 0.1751976352111966
09-Aug-26 17:40:11 - Epoch 178, Model Loss -1.5139657438190934, View Loss -2.1907361348470054, Reg 0.17477082621817494
09-Aug-26 17:41:07 - Epoch 179, Model Loss -1.5204686557545382, View Loss -2.203358749938167, Reg 0.1741328969889996
09-Aug-26 17:42:04 - Epoch 180, Model Loss -1.517695112166062, View Loss -2.1790437978856705, Reg 0.1744394477675943
09-Aug-26 17:42:16 - Epoch 180: Train_acc 0.8071895424836601 Val_acc 0.5359477124183006 Test_acc 0.5968586387434555 Test_auc 0.6235164835164835
09-Aug-26 17:43:13 - Epoch 181, Model Loss -1.51464836893518, View Loss -2.163378983541252, Reg 0.17654594954322367
09-Aug-26 17:44:09 - Epoch 182, Model Loss -1.5091369603973588, View Loss -2.19163539674547, Reg 0.17526624483220718
09-Aug-26 17:45:05 - Epoch 183, Model Loss -1.5222877614638384, View Loss -2.193136405321508, Reg 0.1742890223958134
09-Aug-26 17:46:02 - Epoch 184, Model Loss -1.5188264379314347, View Loss -2.184188521765416, Reg 0.1735555375713149
09-Aug-26 17:46:58 - Epoch 185, Model Loss -1.5189154942830403, View Loss -2.150070383657817, Reg 0.1727610982321446
09-Aug-26 17:47:11 - Epoch 185: Train_acc 0.6879084967320261 Val_acc 0.5555555555555556 Test_acc 0.612565445026178 Test_auc 0.6153846153846154
09-Aug-26 17:48:07 - Epoch 186, Model Loss -1.522642780752743, View Loss -2.195190778744766, Reg 0.17398662758029365
09-Aug-26 17:49:04 - Epoch 187, Model Loss -1.5236618721407222, View Loss -2.2041873526729012, Reg 0.17252805283646178
09-Aug-26 17:50:00 - Epoch 188, Model Loss -1.5261583951563618, View Loss -2.2031918164172204, Reg 0.17397298561591729
09-Aug-26 17:50:57 - Epoch 189, Model Loss -1.528301363676981, View Loss -2.2072631237553617, Reg 0.17674461581738166
09-Aug-26 17:51:53 - Epoch 190, Model Loss -1.520965551239213, View Loss -2.1776032198488324, Reg 0.17096409318493863
09-Aug-26 17:52:05 - Epoch 190: Train_acc 0.7532679738562091 Val_acc 0.5686274509803921 Test_acc 0.5968586387434555 Test_auc 0.6119780219780221
09-Aug-26 17:53:01 - Epoch 191, Model Loss -1.5254742335649878, View Loss -2.193869933583378, Reg 0.17394063694804324
09-Aug-26 17:53:57 - Epoch 192, Model Loss -1.5169735391155568, View Loss -2.1459687021043568, Reg 0.17548839046674616
09-Aug-26 17:54:54 - Epoch 193, Model Loss -1.5194966621648252, View Loss -2.184304271648133, Reg 0.17427616103801852
09-Aug-26 17:55:50 - Epoch 194, Model Loss -1.5216594957837872, View Loss -2.1968518830592334, Reg 0.17358681087205613
09-Aug-26 17:56:47 - Epoch 195, Model Loss -1.5254333034839505, View Loss -2.2064327539182176, Reg 0.17482722049055535
09-Aug-26 17:56:56 - Epoch 195: Train_acc 0.7124183006535948 Val_acc 0.5555555555555556 Test_acc 0.5916230366492147 Test_auc 0.6223076923076925
09-Aug-26 17:57:52 - Epoch 196, Model Loss -1.5182438208386788, View Loss -2.1877325033050736, Reg 0.17132039991469164
09-Aug-26 17:58:49 - Epoch 197, Model Loss -1.525958653368981, View Loss -2.207917911554474, Reg 0.17392848120405782
09-Aug-26 17:59:45 - Epoch 198, Model Loss -1.5244718158946318, View Loss -2.196511589623744, Reg 0.17385925440227284
09-Aug-26 18:00:41 - Epoch 199, Model Loss -1.5267003377278645, View Loss -2.2054739871056253, Reg 0.17328701835442212
09-Aug-26 18:01:38 - Epoch 200, Model Loss -1.5261744206247767, View Loss -2.1872189465691063, Reg 0.17492863253440732
09-Aug-26 18:01:52 - Epoch 200: Train_acc 0.7124183006535948 Val_acc 0.5751633986928104 Test_acc 0.5916230366492147 Test_auc 0.6385714285714286
09-Aug-26 18:02:48 - Epoch 201, Model Loss -1.5302310395084955, View Loss -2.185041739270578, Reg 0.17435120873981053
09-Aug-26 18:03:44 - Epoch 202, Model Loss -1.5220554420371462, View Loss -2.1821811557595248, Reg 0.17232122082336276
09-Aug-26 18:04:41 - Epoch 203, Model Loss -1.5193801767685835, View Loss -2.1826130673776265, Reg 0.17333385202230192
09-Aug-26 18:05:37 - Epoch 204, Model Loss -1.522727903976939, View Loss -2.1751130110298105, Reg 0.17342892065157298
09-Aug-26 18:06:33 - Epoch 205, Model Loss -1.5207681905210408, View Loss -2.135553762024524, Reg 0.1743291623257344
09-Aug-26 18:06:42 - Epoch 205: Train_acc 0.7696078431372549 Val_acc 0.5816993464052288 Test_acc 0.5654450261780105 Test_auc 0.5905494505494506
09-Aug-26 18:07:38 - Epoch 206, Model Loss -1.5236507428237815, View Loss -2.198272854674096, Reg 0.17218424097385282
09-Aug-26 18:08:34 - Epoch 207, Model Loss -1.5253987094156103, View Loss -2.185454913993287, Reg 0.17409264525167303
09-Aug-26 18:09:31 - Epoch 208, Model Loss -1.524452633327908, View Loss -2.1658580973257426, Reg 0.17506174840568717
09-Aug-26 18:10:27 - Epoch 209, Model Loss -1.53053804472381, View Loss -2.20043528002072, Reg 0.1724244520749921
09-Aug-26 18:11:23 - Epoch 210, Model Loss -1.5246159578460494, View Loss -2.1733654121947446, Reg 0.17356451878360674
09-Aug-26 18:11:30 - Epoch 210: Train_acc 0.7516339869281046 Val_acc 0.5882352941176471 Test_acc 0.5706806282722513 Test_auc 0.6107692307692308
09-Aug-26 18:12:27 - Epoch 211, Model Loss -1.5277855069029564, View Loss -2.1846418287239824, Reg 0.17312297030212054
09-Aug-26 18:13:23 - Epoch 212, Model Loss -1.5195643325257147, View Loss -2.1711077783621993, Reg 0.17473391818454842
09-Aug-26 18:14:19 - Epoch 213, Model Loss -1.5290905447567211, View Loss -2.1716319719950357, Reg 0.1726499045985976
09-Aug-26 18:15:16 - Epoch 214, Model Loss -1.5243304601681777, View Loss -2.1800940426346522, Reg 0.17363782602003197
09-Aug-26 18:16:12 - Epoch 215, Model Loss -1.5303546494128657, View Loss -2.1897975572573594, Reg 0.1720790785122541
09-Aug-26 18:16:28 - Epoch 215: Train_acc 0.7009803921568627 Val_acc 0.5751633986928104 Test_acc 0.5916230366492147 Test_auc 0.6394505494505494
09-Aug-26 18:17:24 - Epoch 216, Model Loss -1.5268233866473429, View Loss -2.1702904950559527, Reg 0.17388463059281992
09-Aug-26 18:18:20 - Epoch 217, Model Loss -1.532796834808549, View Loss -2.199647096247455, Reg 0.1716805417942845
09-Aug-26 18:19:16 - Epoch 218, Model Loss -1.5310882431229735, View Loss -2.1597098182229435, Reg 0.17490521667439954
09-Aug-26 18:20:12 - Epoch 219, Model Loss -1.5314502965391072, View Loss -2.1751678161371766, Reg 0.17241553933012718
09-Aug-26 18:21:09 - Epoch 220, Model Loss -1.5315962772743374, View Loss -2.1949598773632175, Reg 0.1740155029141046
09-Aug-26 18:21:20 - Epoch 220: Train_acc 0.7679738562091504 Val_acc 0.5490196078431373 Test_acc 0.5654450261780105 Test_auc 0.608021978021978
09-Aug-26 18:22:16 - Epoch 221, Model Loss -1.5323860629711277, View Loss -2.1894441305422316, Reg 0.17147091128467734
09-Aug-26 18:23:12 - Epoch 222, Model Loss -1.52764662262661, View Loss -2.160010182000453, Reg 0.17551404598102072
09-Aug-26 18:24:08 - Epoch 223, Model Loss -1.5300441567414726, View Loss -2.1887789520562864, Reg 0.17154146370544932
09-Aug-26 18:25:04 - Epoch 224, Model Loss -1.5200820935317894, View Loss -2.162099498549318, Reg 0.17427775702055762
09-Aug-26 18:26:00 - Epoch 225, Model Loss -1.5280421637242136, View Loss -2.197143744799047, Reg 0.17260384647285237
09-Aug-26 18:26:11 - Epoch 225: Train_acc 0.7663398692810458 Val_acc 0.5751633986928104 Test_acc 0.581151832460733 Test_auc 0.6162637362637363
09-Aug-26 18:27:07 - Epoch 226, Model Loss -1.5342475791382635, View Loss -2.182801885542527, Reg 0.17222915731029573
09-Aug-26 18:28:03 - Epoch 227, Model Loss -1.5259206154767204, View Loss -2.181200638316036, Reg 0.17359456166722417
09-Aug-26 18:28:59 - Epoch 228, Model Loss -1.530038191602121, View Loss -2.1948435914282705, Reg 0.17216036619703753
09-Aug-26 18:29:56 - Epoch 229, Model Loss -1.5348290337456598, View Loss -2.199253954918556, Reg 0.17447120788829779
09-Aug-26 18:30:52 - Epoch 230, Model Loss -1.5329156950408338, View Loss -2.2093939469530692, Reg 0.17234364366219715
09-Aug-26 18:31:00 - Epoch 230: Train_acc 0.8137254901960784 Val_acc 0.5424836601307189 Test_acc 0.581151832460733 Test_auc 0.5925274725274725
09-Aug-26 18:31:56 - Epoch 231, Model Loss -1.5266777830186233, View Loss -2.168201315636728, Reg 0.17442094734291624
09-Aug-26 18:32:52 - Epoch 232, Model Loss -1.5250782748452978, View Loss -2.1770730018615723, Reg 0.17157384461047603
09-Aug-26 18:33:48 - Epoch 233, Model Loss -1.5328443252962398, View Loss -2.172263725131166, Reg 0.1747394293741463
09-Aug-26 18:34:44 - Epoch 234, Model Loss -1.5341710701487423, View Loss -2.1807603555567123, Reg 0.1726905612968931
09-Aug-26 18:35:40 - Epoch 235, Model Loss -1.5346006692624559, View Loss -2.192921314364165, Reg 0.17341461641336578
09-Aug-26 18:35:50 - Epoch 235: Train_acc 0.7696078431372549 Val_acc 0.5816993464052288 Test_acc 0.6073298429319371 Test_auc 0.6141758241758242
09-Aug-26 18:36:46 - Epoch 236, Model Loss -1.537417087679595, View Loss -2.1939661019767813, Reg 0.1732497776255888
09-Aug-26 18:37:42 - Epoch 237, Model Loss -1.5345527611526788, View Loss -2.1956012264575833, Reg 0.17295454315889894
09-Aug-26 18:38:38 - Epoch 238, Model Loss -1.5317368632048562, View Loss -2.190072614383074, Reg 0.17408952292274027
09-Aug-26 18:39:34 - Epoch 239, Model Loss -1.5418751722846935, View Loss -2.207663610869763, Reg 0.17131896560488183
09-Aug-26 18:40:31 - Epoch 240, Model Loss -1.5353457382301878, View Loss -2.1967029976688957, Reg 0.17262611776785133
09-Aug-26 18:40:40 - Epoch 240: Train_acc 0.7663398692810458 Val_acc 0.6013071895424836 Test_acc 0.581151832460733 Test_auc 0.605934065934066
09-Aug-26 18:41:36 - Epoch 241, Model Loss -1.534979969847436, View Loss -2.1812692280688317, Reg 0.17340467412487354
09-Aug-26 18:42:32 - Epoch 242, Model Loss -1.5338125291213491, View Loss -2.1732016825208476, Reg 0.17411224300565284
09-Aug-26 18:43:29 - Epoch 243, Model Loss -1.5395854625826568, View Loss -2.1856364019555983, Reg 0.17310057181158875
09-Aug-26 18:44:25 - Epoch 244, Model Loss -1.5448389863656238, View Loss -2.1990802334804163, Reg 0.17265289028485617
09-Aug-26 18:45:21 - Epoch 245, Model Loss -1.5403466255836238, View Loss -2.1847537046943613, Reg 0.1746135915026945
09-Aug-26 18:45:32 - Epoch 245: Train_acc 0.7189542483660131 Val_acc 0.5816993464052288 Test_acc 0.581151832460733 Test_auc 0.6162637362637362
09-Aug-26 18:46:28 - Epoch 246, Model Loss -1.5313527911317115, View Loss -2.166348912357505, Reg 0.17179075954786313
09-Aug-26 18:47:24 - Epoch 247, Model Loss -1.5261227414498921, View Loss -2.1245984688303827, Reg 0.17349643937123368
09-Aug-26 18:48:20 - Epoch 248, Model Loss -1.533717224021363, View Loss -2.1923344743018056, Reg 0.17356783969729556
09-Aug-26 18:49:16 - Epoch 249, Model Loss -1.5381439994363224, View Loss -2.196402727388868, Reg 0.17240161122449862
09-Aug-26 18:50:12 - Epoch 250, Model Loss -1.5325831868290123, View Loss -2.1851383969674703, Reg 0.1723838701746822
09-Aug-26 18:50:23 - Epoch 250: Train_acc 0.7124183006535948 Val_acc 0.5686274509803921 Test_acc 0.581151832460733 Test_auc 0.628131868131868
09-Aug-26 18:51:19 - Epoch 251, Model Loss -1.526175935283985, View Loss -2.1531791094861, Reg 0.1721680621111315
09-Aug-26 18:52:16 - Epoch 252, Model Loss -1.5331813837188522, View Loss -2.171626860799353, Reg 0.1731112836038365
09-Aug-26 18:53:12 - Epoch 253, Model Loss -1.5357287568983689, View Loss -2.1746374018052044, Reg 0.17381641716738933
09-Aug-26 18:54:08 - Epoch 254, Model Loss -1.5418867784387924, View Loss -2.1914748989678676, Reg 0.1727664299260557
09-Aug-26 18:55:04 - Epoch 255, Model Loss -1.540116484648262, View Loss -2.2012964167626077, Reg 0.1744029825808955
09-Aug-26 18:55:13 - Epoch 255: Train_acc 0.7271241830065359 Val_acc 0.6013071895424836 Test_acc 0.5654450261780105 Test_auc 0.6209890109890109
09-Aug-26 18:56:08 - Epoch 256, Model Loss -1.5359197099224415, View Loss -2.1861761566860225, Reg 0.17153382067586861
09-Aug-26 18:57:05 - Epoch 257, Model Loss -1.5252470066344817, View Loss -2.081329810073952, Reg 0.1725755290073507
09-Aug-26 18:58:01 - Epoch 258, Model Loss -1.5296846121744392, View Loss -2.168893309200511, Reg 0.17297513554104013
09-Aug-26 18:58:57 - Epoch 259, Model Loss -1.5346421759112987, View Loss -2.180184149274639, Reg 0.17239253894955503
09-Aug-26 18:59:53 - Epoch 260, Model Loss -1.5359803118736914, View Loss -2.2062115232928905, Reg 0.17099517038445067
09-Aug-26 19:00:01 - Epoch 260: Train_acc 0.7205882352941176 Val_acc 0.6013071895424836 Test_acc 0.5968586387434555 Test_auc 0.6419780219780219
09-Aug-26 19:00:57 - Epoch 261, Model Loss -1.5388367846121196, View Loss -2.192135795269137, Reg 0.17288674277807373
09-Aug-26 19:01:54 - Epoch 262, Model Loss -1.5425665113661025, View Loss -2.1957130712621353, Reg 0.17230235887508766
09-Aug-26 19:02:50 - Epoch 263, Model Loss -1.5373982074213963, View Loss -2.184287485733531, Reg 0.17186136943062927
09-Aug-26 19:03:47 - Epoch 264, Model Loss -1.5433990316453323, View Loss -2.218200437383714, Reg 0.17488115636351842
09-Aug-26 19:04:43 - Epoch 265, Model Loss -1.536922984653049, View Loss -2.19334825814939, Reg 0.17250853903542937
09-Aug-26 19:04:56 - Epoch 265: Train_acc 0.7075163398692811 Val_acc 0.5816993464052288 Test_acc 0.6073298429319371 Test_auc 0.6363736263736263
09-Aug-26 19:05:52 - Epoch 266, Model Loss -1.5355101597854515, View Loss -2.1644336320216357, Reg 0.17187242842967215
09-Aug-26 19:06:49 - Epoch 267, Model Loss -1.5339765548706055, View Loss -2.168717767678055, Reg 0.17129966714023764
09-Aug-26 19:07:45 - Epoch 268, Model Loss -1.5338908675449345, View Loss -2.1816482419282, Reg 0.17440666774519129
09-Aug-26 19:08:42 - Epoch 269, Model Loss -1.5370985604579153, View Loss -2.176265417360792, Reg 0.17262782205164043
09-Aug-26 19:09:38 - Epoch 270, Model Loss -1.5355371774411668, View Loss -2.1904569139667585, Reg 0.17335872030725666
09-Aug-26 19:09:48 - Epoch 270: Train_acc 0.8120915032679739 Val_acc 0.5751633986928104 Test_acc 0.5602094240837696 Test_auc 0.5798901098901099
09-Aug-26 19:10:44 - Epoch 271, Model Loss -1.528812813603021, View Loss -2.1333427024043465, Reg 0.17342225613157733
09-Aug-26 19:11:41 - Epoch 272, Model Loss -1.5352312723795574, View Loss -2.1712642588646585, Reg 0.17376778415994706
09-Aug-26 19:12:37 - Epoch 273, Model Loss -1.5371724858003504, View Loss -2.177518417632658, Reg 0.17070462549823562
09-Aug-26 19:13:33 - Epoch 274, Model Loss -1.539162679435381, View Loss -2.169809472327139, Reg 0.17263368512290755
09-Aug-26 19:14:30 - Epoch 275, Model Loss -1.5372646182191139, View Loss -2.187357756047467, Reg 0.17233277087897256
09-Aug-26 19:14:39 - Epoch 275: Train_acc 0.7581699346405228 Val_acc 0.5882352941176471 Test_acc 0.5706806282722513 Test_auc 0.6016483516483516
09-Aug-26 19:15:36 - Epoch 276, Model Loss -1.5424176353255128, View Loss -2.1787731631908542, Reg 0.1716673126797271
09-Aug-26 19:16:32 - Epoch 277, Model Loss -1.5395075791801502, View Loss -2.16584708020578, Reg 0.17366873998852336
09-Aug-26 19:17:29 - Epoch 278, Model Loss -1.5379461961634018, View Loss -2.1767794322344214, Reg 0.17132744290470298
09-Aug-26 19:18:25 - Epoch 279, Model Loss -1.5399428193086113, View Loss -2.1985296112260007, Reg 0.17354510422625574
09-Aug-26 19:19:22 - Epoch 280, Model Loss -1.5440282541162826, View Loss -2.19208518508213, Reg 0.17093356353005554
09-Aug-26 19:19:31 - Epoch 280: Train_acc 0.7091503267973857 Val_acc 0.6143790849673203 Test_acc 0.5916230366492147 Test_auc 0.6394505494505495
09-Aug-26 19:20:27 - Epoch 281, Model Loss -1.5427745494967193, View Loss -2.195119938819237, Reg 0.17276104719810237
09-Aug-26 19:21:23 - Epoch 282, Model Loss -1.5445356088526108, View Loss -2.218277516707875, Reg 0.17162058390433493
09-Aug-26 19:22:20 - Epoch 283, Model Loss -1.5369221120098837, View Loss -2.184669295167611, Reg 0.17108622738738466
09-Aug-26 19:23:16 - Epoch 284, Model Loss -1.5352114010480493, View Loss -2.1977452390334187, Reg 0.17334791530970656
09-Aug-26 19:24:13 - Epoch 285, Model Loss -1.542375402512893, View Loss -2.2082166921079547, Reg 0.17355582614739737
09-Aug-26 19:24:21 - Epoch 285: Train_acc 0.7745098039215687 Val_acc 0.5882352941176471 Test_acc 0.581151832460733 Test_auc 0.5945054945054945
09-Aug-26 19:25:18 - Epoch 286, Model Loss -1.5334821775847791, View Loss -2.1845953293096008, Reg 0.17239174071480245
09-Aug-26 19:26:14 - Epoch 287, Model Loss -1.539561265434315, View Loss -2.1787405263364703, Reg 0.17214196706129833
09-Aug-26 19:27:11 - Epoch 288, Model Loss -1.5421426529977835, View Loss -2.1821000965592128, Reg 0.17167685594823626
09-Aug-26 19:28:07 - Epoch 289, Model Loss -1.5405281353620142, View Loss -2.183292067907994, Reg 0.17231479535500208
09-Aug-26 19:29:03 - Epoch 290, Model Loss -1.5427426356895297, View Loss -2.1590983571569904, Reg 0.1718142910623083
09-Aug-26 19:29:15 - Epoch 290: Train_acc 0.8022875816993464 Val_acc 0.5490196078431373 Test_acc 0.6178010471204188 Test_auc 0.6032967032967033
09-Aug-26 19:30:12 - Epoch 291, Model Loss -1.5458210465175655, View Loss -2.1807368939218956, Reg 0.1720120821123809
09-Aug-26 19:31:08 - Epoch 292, Model Loss -1.545740345724268, View Loss -2.1933589449115827, Reg 0.17148775563520544
09-Aug-26 19:32:04 - Epoch 293, Model Loss -1.5437013432870503, View Loss -2.185304168003057, Reg 0.1727781575294881
09-Aug-26 19:33:01 - Epoch 294, Model Loss -1.543358032999475, View Loss -2.1977248908647526, Reg 0.1724297939951903
09-Aug-26 19:33:57 - Epoch 295, Model Loss -1.5508050232930901, View Loss -2.1982689340130177, Reg 0.17320756390203837
09-Aug-26 19:34:08 - Epoch 295: Train_acc 0.7483660130718954 Val_acc 0.5686274509803921 Test_acc 0.5706806282722513 Test_auc 0.612967032967033
09-Aug-26 19:35:03 - Epoch 296, Model Loss -1.5422597648271548, View Loss -2.1957353111965205, Reg 0.17258438857552272
09-Aug-26 19:35:59 - Epoch 297, Model Loss -1.5482659059412338, View Loss -2.1772576905543506, Reg 0.173387556245514
09-Aug-26 19:36:55 - Epoch 298, Model Loss -1.5497581257539637, View Loss -2.1925940326615874, Reg 0.1716602392056409
09-Aug-26 19:37:51 - Epoch 299, Model Loss -1.5458561049567328, View Loss -2.1834457372528275, Reg 0.17224466868864943
09-Aug-26 19:38:48 - Epoch 300, Model Loss -1.5484276067197713, View Loss -2.193674997566572, Reg 0.17281682915936888
09-Aug-26 19:38:57 - Epoch 300: Train_acc 0.7107843137254902 Val_acc 0.5882352941176471 Test_acc 0.5863874345549738 Test_auc 0.621978021978022
09-Aug-26 19:38:57 - FinishedTraining! BestEpoch (eval-interval index): 25
09-Aug-26 19:38:57 - Wrote /users/3171356m/muhammad/GraSTIACL/nested_cv/results/combat__emb256_bs32__fold3.json
09-Aug-26 19:38:57 - {
  "emb_dim": 256,
  "batch_size": 32,
  "fold": 3,
  "combat": true,
  "n_train": 612,
  "n_val": 153,
  "n_test": 191,
  "best_val_epoch_idx": 25,
  "train_accuracy": 0.7107843137254902,
  "val_accuracy": 0.6339869281045751,
  "test_accuracy": 0.5916230366492147,
  "train_f1": 0.6953528399311532,
  "val_f1": 0.631578947368421,
  "test_f1": 0.5979381443298969,
  "train_sensitivity": 0.6941580732159517,
  "val_sensitivity": 0.6575342375680242,
  "test_sensitivity": 0.6373626303586525,
  "train_specificity": 0.7258566955580789,
  "val_specificity": 0.6124999923437501,
  "test_specificity": 0.5499999945,
  "train_precision": 0.696551724137931,
  "val_precision": 0.6075949367088608,
  "test_precision": 0.5631067961165048,
  "test_auc": 0.6310989010989012,
  "fin_reg": 0.17481590252296597
}
