09-Aug-26 05:36:01 - Using Device: cuda
09-Aug-26 05:36:01 - Seed: 123, Fold: 2, ComBat: False
09-Aug-26 05:36:01 - Namespace(fold=2, combat=False, num_dyn_windows=3, model_lr=0.0005, view_lr=0.0005, num_gc_layers=2, pooling_type='standard', emb_dim=512, vib_hidden_dim=400, batch_size=256, drop_ratio=0.3, epochs=300, kld_lambda=0.003, reg_lambda=0.2, gamma_mode='paper_literal', node_feature_mode='alff_pcc', mij_source='alff_pcc', template=90, eval_interval=5, downstream_classifier='linear', ce_lambda=2.0, seed=123)
09-Aug-26 05:36:01 - Loading raw subject data...
09-Aug-26 05:39:28 - Loaded 956 subjects (455 ASD, 501 NC)
09-Aug-26 05:39:28 - alff_pcc scale stats (train_val_idx only): alff=[-3.3140,5.6307] pcc=[-0.7600,1.0000]
09-Aug-26 05:39:28 - Train/Val/Test sizes: 612/153/191
09-Aug-26 05:40:30 - Epoch 1, Model Loss 2.052170760491315, View Loss -8.354510513006472, Reg 0.4615749259010639
09-Aug-26 05:41:30 - Epoch 2, Model Loss 1.2642980284161038, View Loss -6.715407365287831, Reg 0.2704637047706866
09-Aug-26 05:42:30 - Epoch 3, Model Loss 1.0199150491773692, View Loss -5.0429030212701536, Reg 0.12060983780941932
09-Aug-26 05:43:30 - Epoch 4, Model Loss 0.9358479257892159, View Loss -2.556711108076806, Reg 0.09922319616562401
09-Aug-26 05:44:29 - Epoch 5, Model Loss 0.8501901736884725, View Loss -0.9670848846435547, Reg 0.21027828100460028
09-Aug-26 05:44:51 - Epoch 5: Train_acc 1.0 Val_acc 0.5490196078431373 Test_acc 0.5549738219895288 Test_auc 0.5017582417582417
09-Aug-26 05:45:51 - Epoch 6, Model Loss 0.8025180874696745, View Loss -0.6614771458058576, Reg 0.3164384982554741
09-Aug-26 05:46:50 - Epoch 7, Model Loss 0.7768036462731805, View Loss -0.7921073826309902, Reg 0.19983669891466502
09-Aug-26 05:47:49 - Epoch 8, Model Loss 0.7573586807044503, View Loss -1.570942387861364, Reg 0.13128436644092883
09-Aug-26 05:48:48 - Epoch 9, Model Loss 0.7111106767179141, View Loss -2.041034835615968, Reg 0.14398768008534424
09-Aug-26 05:49:48 - Epoch 10, Model Loss 0.7007261029158542, View Loss -2.2071637016495846, Reg 0.19950873516743478
09-Aug-26 05:50:04 - Epoch 10: Train_acc 0.7777777777777778 Val_acc 0.5816993464052288 Test_acc 0.5654450261780105 Test_auc 0.5612087912087913
09-Aug-26 05:51:03 - Epoch 11, Model Loss 0.6756094092247533, View Loss -2.187878258088056, Reg 0.17638928000054327
09-Aug-26 05:52:03 - Epoch 12, Model Loss 0.6834277987869737, View Loss -2.1248008410135903, Reg 0.12721444033329782
09-Aug-26 05:53:03 - Epoch 13, Model Loss 0.6476941646314135, View Loss -2.0523795427060594, Reg 0.14366631365679447
09-Aug-26 05:54:02 - Epoch 14, Model Loss 0.6414608890129849, View Loss -1.996075042712143, Reg 0.17393461707370733
09-Aug-26 05:55:02 - Epoch 15, Model Loss 0.6510070462047665, View Loss -1.9473935544880387, Reg 0.14588592284255558
09-Aug-26 05:55:15 - Epoch 15: Train_acc 0.7794117647058824 Val_acc 0.5751633986928104 Test_acc 0.5706806282722513 Test_auc 0.5525274725274726
09-Aug-26 05:56:14 - Epoch 16, Model Loss 0.6387047292360293, View Loss -1.8891429932288875, Reg 0.13148224782320408
09-Aug-26 05:57:14 - Epoch 17, Model Loss 0.6255966841784957, View Loss -1.8154900868733723, Reg 0.152905992627923
09-Aug-26 05:58:13 - Epoch 18, Model Loss 0.6250439981619517, View Loss -1.7387948192022984, Reg 0.155465155352954
09-Aug-26 05:59:13 - Epoch 19, Model Loss 0.6198691641972736, View Loss -1.6709270664289886, Reg 0.13802125894166287
09-Aug-26 06:00:12 - Epoch 20, Model Loss 0.6144979674052569, View Loss -1.5661590083751804, Reg 0.14242024505450054
/users/3171356m/miniconda3/envs/grastiacl/lib/python3.12/site-packages/joblib/externals/loky/process_executor.py:782: UserWarning: A worker stopped while some jobs were given to the executor. This can be caused by a too short worker timeout or by a memory leak.
  warnings.warn(
09-Aug-26 06:00:28 - Epoch 20: Train_acc 0.7875816993464052 Val_acc 0.5751633986928104 Test_acc 0.5497382198952879 Test_auc 0.5583516483516484
09-Aug-26 06:01:27 - Epoch 21, Model Loss 0.605346812531839, View Loss -1.4480348724165772, Reg 0.1536879884261711
09-Aug-26 06:02:26 - Epoch 22, Model Loss 0.604343429305195, View Loss -1.3215317009321226, Reg 0.14890187501517776
09-Aug-26 06:03:26 - Epoch 23, Model Loss 0.6111879685735391, View Loss -1.2114171218248755, Reg 0.1471433739841374
09-Aug-26 06:04:25 - Epoch 24, Model Loss 0.5985868152450112, View Loss -1.089060386021932, Reg 0.15101376205098396
09-Aug-26 06:05:25 - Epoch 25, Model Loss 0.6010620171338125, View Loss -1.0103399784736384, Reg 0.14871686317172705
/users/3171356m/miniconda3/envs/grastiacl/lib/python3.12/site-packages/joblib/externals/loky/process_executor.py:782: UserWarning: A worker stopped while some jobs were given to the executor. This can be caused by a too short worker timeout or by a memory leak.
  warnings.warn(
09-Aug-26 06:05:39 - Epoch 25: Train_acc 0.8839869281045751 Val_acc 0.5686274509803921 Test_acc 0.5445026178010471 Test_auc 0.5303296703296704
09-Aug-26 06:06:38 - Epoch 26, Model Loss 0.5888533220182057, View Loss -0.9616539735420078, Reg 0.14191411270035637
09-Aug-26 06:07:37 - Epoch 27, Model Loss 0.5864895573433708, View Loss -0.9476022759294198, Reg 0.1448317943445218
09-Aug-26 06:08:37 - Epoch 28, Model Loss 0.5736889561601713, View Loss -0.9457162571888343, Reg 0.13632222084827672
09-Aug-26 06:09:36 - Epoch 29, Model Loss 0.5765328859192094, View Loss -0.9455882209578371, Reg 0.1401048353294921
09-Aug-26 06:10:36 - Epoch 30, Model Loss 0.578962401626936, View Loss -0.9344178570641412, Reg 0.14192279530506507
/users/3171356m/miniconda3/envs/grastiacl/lib/python3.12/site-packages/joblib/externals/loky/process_executor.py:782: UserWarning: A worker stopped while some jobs were given to the executor. This can be caused by a too short worker timeout or by a memory leak.
  warnings.warn(
09-Aug-26 06:10:48 - Epoch 30: Train_acc 0.7892156862745098 Val_acc 0.5686274509803921 Test_acc 0.5602094240837696 Test_auc 0.5610989010989011
09-Aug-26 06:11:47 - Epoch 31, Model Loss 0.5710917930392658, View Loss -0.9402640364528482, Reg 0.14136703409790213
09-Aug-26 06:12:47 - Epoch 32, Model Loss 0.5623695673116671, View Loss -0.9274455830941792, Reg 0.1458106763612211
09-Aug-26 06:13:46 - Epoch 33, Model Loss 0.5726301971993415, View Loss -0.9002811043870216, Reg 0.14329233424725876
09-Aug-26 06:14:45 - Epoch 34, Model Loss 0.5689937635964039, View Loss -0.8858999637217303, Reg 0.1397277706978368
09-Aug-26 06:15:45 - Epoch 35, Model Loss 0.5677100735552171, View Loss -0.8711887434417126, Reg 0.13715511326696359
09-Aug-26 06:15:58 - Epoch 35: Train_acc 0.7908496732026143 Val_acc 0.5620915032679739 Test_acc 0.5445026178010471 Test_auc 0.5538461538461539
09-Aug-26 06:16:58 - Epoch 36, Model Loss 0.5575116452048806, View Loss -0.8554416411842396, Reg 0.14030574661454345
09-Aug-26 06:17:57 - Epoch 37, Model Loss 0.5603676683762494, View Loss -0.8394254601858799, Reg 0.13981676345167596
09-Aug-26 06:18:57 - Epoch 38, Model Loss 0.5612578809845681, View Loss -0.8330630009470422, Reg 0.1399732625562381
09-Aug-26 06:19:56 - Epoch 39, Model Loss 0.5558441172238269, View Loss -0.8281821986429052, Reg 0.13905369378382865
09-Aug-26 06:20:55 - Epoch 40, Model Loss 0.5597427643202488, View Loss -0.8243174856784297, Reg 0.14198869242777232
/users/3171356m/miniconda3/envs/grastiacl/lib/python3.12/site-packages/joblib/externals/loky/process_executor.py:782: UserWarning: A worker stopped while some jobs were given to the executor. This can be caused by a too short worker timeout or by a memory leak.
  warnings.warn(
09-Aug-26 06:21:09 - Epoch 40: Train_acc 0.7941176470588235 Val_acc 0.5882352941176471 Test_acc 0.5392670157068062 Test_auc 0.5578021978021979
09-Aug-26 06:22:08 - Epoch 41, Model Loss 0.5567729948392881, View Loss -0.8312039616840338, Reg 0.13805944370288475
09-Aug-26 06:23:07 - Epoch 42, Model Loss 0.5553335979873059, View Loss -0.8177441272860259, Reg 0.14384109736268036
09-Aug-26 06:24:07 - Epoch 43, Model Loss 0.5572280357865727, View Loss -0.8110041758593391, Reg 0.1378720166052089
09-Aug-26 06:25:07 - Epoch 44, Model Loss 0.5422912380274605, View Loss -0.7890734493342879, Reg 0.14347951299224804
09-Aug-26 06:26:06 - Epoch 45, Model Loss 0.5478361650230059, View Loss -0.7963127030266656, Reg 0.13605834514487022
/users/3171356m/miniconda3/envs/grastiacl/lib/python3.12/site-packages/joblib/externals/loky/process_executor.py:782: UserWarning: A worker stopped while some jobs were given to the executor. This can be caused by a too short worker timeout or by a memory leak.
  warnings.warn(
09-Aug-26 06:26:22 - Epoch 45: Train_acc 0.8741830065359477 Val_acc 0.5490196078431373 Test_acc 0.518324607329843 Test_auc 0.5256043956043956
09-Aug-26 06:27:21 - Epoch 46, Model Loss 0.5427754671355478, View Loss -0.7831986745198568, Reg 0.14508420014693066
09-Aug-26 06:28:20 - Epoch 47, Model Loss 0.5512579969720903, View Loss -0.8046418568667244, Reg 0.138600494055187
09-Aug-26 06:29:19 - Epoch 48, Model Loss 0.5422900424284094, View Loss -0.7830246351902781, Reg 0.13938483712719937
09-Aug-26 06:30:19 - Epoch 49, Model Loss 0.5492543284020392, View Loss -0.7698682016796536, Reg 0.14674529413771786
09-Aug-26 06:31:19 - Epoch 50, Model Loss 0.5453582353451673, View Loss -0.769162969651565, Reg 0.1357706381020203
/users/3171356m/miniconda3/envs/grastiacl/lib/python3.12/site-packages/joblib/externals/loky/process_executor.py:782: UserWarning: A worker stopped while some jobs were given to the executor. This can be caused by a too short worker timeout or by a memory leak.
  warnings.warn(
09-Aug-26 06:31:32 - Epoch 50: Train_acc 0.8758169934640523 Val_acc 0.5620915032679739 Test_acc 0.5392670157068062 Test_auc 0.5223076923076924
09-Aug-26 06:32:32 - Epoch 51, Model Loss 0.5400835186048271, View Loss -0.7519162262187284, Reg 0.14552912554320166
09-Aug-26 06:33:32 - Epoch 52, Model Loss 0.543366349600499, View Loss -0.7520342200410133, Reg 0.13390091402468338
09-Aug-26 06:34:31 - Epoch 53, Model Loss 0.5406423908433103, View Loss -0.7450096622791166, Reg 0.1470356397574244
09-Aug-26 06:35:31 - Epoch 54, Model Loss 0.5420146171563591, View Loss -0.7454252258624906, Reg 0.13618861937444973
09-Aug-26 06:36:30 - Epoch 55, Model Loss 0.5403636382296194, View Loss -0.7325968243717368, Reg 0.1451285352893904
09-Aug-26 06:36:46 - Epoch 55: Train_acc 0.7892156862745098 Val_acc 0.5947712418300654 Test_acc 0.5497382198952879 Test_auc 0.5593406593406594
09-Aug-26 06:37:45 - Epoch 56, Model Loss 0.5371596162615259, View Loss -0.7274933905383341, Reg 0.14115644231730817
09-Aug-26 06:38:44 - Epoch 57, Model Loss 0.5340796422724631, View Loss -0.7178118766522875, Reg 0.14384554560277976
09-Aug-26 06:39:43 - Epoch 58, Model Loss 0.5254992741385317, View Loss -0.718421363363079, Reg 0.14214156938144584
09-Aug-26 06:40:42 - Epoch 59, Model Loss 0.5281923701560575, View Loss -0.7078156190759995, Reg 0.14084642697003932
09-Aug-26 06:41:42 - Epoch 60, Model Loss 0.5302755819037069, View Loss -0.7002100975684871, Reg 0.14502484395223506
/users/3171356m/miniconda3/envs/grastiacl/lib/python3.12/site-packages/joblib/externals/loky/process_executor.py:782: UserWarning: A worker stopped while some jobs were given to the executor. This can be caused by a too short worker timeout or by a memory leak.
  warnings.warn(
09-Aug-26 06:41:56 - Epoch 60: Train_acc 0.7908496732026143 Val_acc 0.6013071895424836 Test_acc 0.5392670157068062 Test_auc 0.5568131868131869
09-Aug-26 06:42:56 - Epoch 61, Model Loss 0.5342694057358636, View Loss -0.7085502661910712, Reg 0.138498266440591
09-Aug-26 06:43:55 - Epoch 62, Model Loss 0.5311581356073517, View Loss -0.7048017035901936, Reg 0.14368843126530742
09-Aug-26 06:44:54 - Epoch 63, Model Loss 0.520677402518154, View Loss -0.7073966825709623, Reg 0.14499115340070787
09-Aug-26 06:45:54 - Epoch 64, Model Loss 0.5281277302823035, View Loss -0.7034447239894493, Reg 0.13962901778080883
09-Aug-26 06:46:53 - Epoch 65, Model Loss 0.5209409068612492, View Loss -0.7076894403283113, Reg 0.1456769959501971
/users/3171356m/miniconda3/envs/grastiacl/lib/python3.12/site-packages/joblib/externals/loky/process_executor.py:782: UserWarning: A worker stopped while some jobs were given to the executor. This can be caused by a too short worker timeout or by a memory leak.
  warnings.warn(
09-Aug-26 06:47:07 - Epoch 65: Train_acc 0.869281045751634 Val_acc 0.5490196078431373 Test_acc 0.5445026178010471 Test_auc 0.5278021978021978
09-Aug-26 06:48:06 - Epoch 66, Model Loss 0.5270533787658791, View Loss -0.6846657064225938, Reg 0.1490093301129497
09-Aug-26 06:49:05 - Epoch 67, Model Loss 0.5259002575687334, View Loss -0.6868301154741274, Reg 0.1392071078610576
09-Aug-26 06:50:04 - Epoch 68, Model Loss 0.5247881439776202, View Loss -0.6700431537004857, Reg 0.14860829467477363
09-Aug-26 06:51:03 - Epoch 69, Model Loss 0.5233604553478216, View Loss -0.6663102425780951, Reg 0.14357776180201887
09-Aug-26 06:52:02 - Epoch 70, Model Loss 0.5219032838453654, View Loss -0.6626211210013995, Reg 0.1448319849430346
/users/3171356m/miniconda3/envs/grastiacl/lib/python3.12/site-packages/joblib/externals/loky/process_executor.py:782: UserWarning: A worker stopped while some jobs were given to the executor. This can be caused by a too short worker timeout or by a memory leak.
  warnings.warn(
09-Aug-26 06:52:10 - Epoch 70: Train_acc 0.7875816993464052 Val_acc 0.6078431372549019 Test_acc 0.5497382198952879 Test_auc 0.5596703296703297
09-Aug-26 06:53:09 - Epoch 71, Model Loss 0.5219744282220703, View Loss -0.6721066267661799, Reg 0.14312945627698712
09-Aug-26 06:54:09 - Epoch 72, Model Loss 0.5205371777216593, View Loss -0.6525127895517286, Reg 0.14751849260205538
09-Aug-26 06:55:08 - Epoch 73, Model Loss 0.5211556526570539, View Loss -0.6559857480666217, Reg 0.14328758769175587
09-Aug-26 06:56:07 - Epoch 74, Model Loss 0.5191823614189048, View Loss -0.6498363617978065, Reg 0.14578554462763219
09-Aug-26 06:57:06 - Epoch 75, Model Loss 0.517950098498974, View Loss -0.6507418311499302, Reg 0.1476550805412866
09-Aug-26 06:57:14 - Epoch 75: Train_acc 0.7843137254901961 Val_acc 0.5947712418300654 Test_acc 0.5654450261780105 Test_auc 0.5620879120879122
09-Aug-26 06:58:13 - Epoch 76, Model Loss 0.5209684874497208, View Loss -0.6496738849901685, Reg 0.14039444436434828
09-Aug-26 06:59:12 - Epoch 77, Model Loss 0.5136436520059124, View Loss -0.6377669674119139, Reg 0.14283114433093788
09-Aug-26 07:00:11 - Epoch 78, Model Loss 0.5191721596749, View Loss -0.6321871101466658, Reg 0.1511392358666152
09-Aug-26 07:01:10 - Epoch 79, Model Loss 0.518068261395872, View Loss -0.6359925534990098, Reg 0.1412452773915397
09-Aug-26 07:02:09 - Epoch 80, Model Loss 0.5126761416204615, View Loss -0.6229756688759998, Reg 0.14867311297288907
/users/3171356m/miniconda3/envs/grastiacl/lib/python3.12/site-packages/joblib/externals/loky/process_executor.py:782: UserWarning: A worker stopped while some jobs were given to the executor. This can be caused by a too short worker timeout or by a memory leak.
  warnings.warn(
09-Aug-26 07:02:16 - Epoch 80: Train_acc 0.8790849673202614 Val_acc 0.5359477124183006 Test_acc 0.5654450261780105 Test_auc 0.5337362637362637
09-Aug-26 07:03:14 - Epoch 81, Model Loss 0.5111914218640795, View Loss -0.6281903880873537, Reg 0.14348531227096234
09-Aug-26 07:04:12 - Epoch 82, Model Loss 0.5107022915400711, View Loss -0.6134452539331773, Reg 0.1473358313437381
09-Aug-26 07:05:10 - Epoch 83, Model Loss 0.5131956225906322, View Loss -0.6213614792605631, Reg 0.1432020385670506
09-Aug-26 07:06:08 - Epoch 84, Model Loss 0.5179720947555467, View Loss -0.6174907263587502, Reg 0.14805562560464822
09-Aug-26 07:07:07 - Epoch 85, Model Loss 0.5148602609151329, View Loss -0.6117753889046463, Reg 0.1433341396984711
09-Aug-26 07:07:13 - Epoch 85: Train_acc 0.8758169934640523 Val_acc 0.5620915032679739 Test_acc 0.5497382198952879 Test_auc 0.5354945054945054
09-Aug-26 07:08:11 - Epoch 86, Model Loss 0.5088029042178509, View Loss -0.6132340618208343, Reg 0.142308405022216
09-Aug-26 07:09:09 - Epoch 87, Model Loss 0.5096043597638996, View Loss -0.6135444368412292, Reg 0.1503827456944908
09-Aug-26 07:10:07 - Epoch 88, Model Loss 0.5141743051460366, View Loss -0.6436095502641466, Reg 0.13572829728033028
09-Aug-26 07:11:05 - Epoch 89, Model Loss 0.5091642928279303, View Loss -0.6109050270778681, Reg 0.1589095477574791
09-Aug-26 07:12:03 - Epoch 90, Model Loss 0.5111157414959926, View Loss -0.6198096033794428, Reg 0.14398368560021219
09-Aug-26 07:12:10 - Epoch 90: Train_acc 0.7859477124183006 Val_acc 0.6078431372549019 Test_acc 0.5759162303664922 Test_auc 0.5590109890109891
09-Aug-26 07:13:08 - Epoch 91, Model Loss 0.514158411742815, View Loss -0.601569834877463, Reg 0.14215546262030507
09-Aug-26 07:14:05 - Epoch 92, Model Loss 0.5073903742568945, View Loss -0.6366495774462332, Reg 0.1463563818168017
09-Aug-26 07:15:03 - Epoch 93, Model Loss 0.512610461976793, View Loss -0.597913569095088, Reg 0.15383229166074516
09-Aug-26 07:16:01 - Epoch 94, Model Loss 0.5073140791428634, View Loss -0.5974622287002265, Reg 0.14117221884867726
09-Aug-26 07:16:58 - Epoch 95, Model Loss 0.5090342569195367, View Loss -0.5946178420696383, Reg 0.14198878480523242
09-Aug-26 07:17:05 - Epoch 95: Train_acc 0.7892156862745098 Val_acc 0.5947712418300654 Test_acc 0.5445026178010471 Test_auc 0.5601098901098901
09-Aug-26 07:18:03 - Epoch 96, Model Loss 0.5057755346391716, View Loss -0.5818619977414997, Reg 0.15413428619017008
09-Aug-26 07:19:00 - Epoch 97, Model Loss 0.5065731562040989, View Loss -0.589480481895746, Reg 0.13716409866716348
09-Aug-26 07:19:58 - Epoch 98, Model Loss 0.5054834257153904, View Loss -0.5809829071456311, Reg 0.1529226985826991
09-Aug-26 07:20:55 - Epoch 99, Model Loss 0.5056753585151598, View Loss -0.5763091659234241, Reg 0.14345689848357557
09-Aug-26 07:21:53 - Epoch 100, Model Loss 0.5026892883325714, View Loss -0.5724481889625, Reg 0.1420916763006472
09-Aug-26 07:21:58 - Epoch 100: Train_acc 0.869281045751634 Val_acc 0.5424836601307189 Test_acc 0.5340314136125655 Test_auc 0.5296703296703297
09-Aug-26 07:22:56 - Epoch 101, Model Loss 0.5061424881025077, View Loss -0.56566415347305, Reg 0.14496501510828927
09-Aug-26 07:23:53 - Epoch 102, Model Loss 0.5015739159646377, View Loss -0.5621995707742529, Reg 0.1486962954787647
09-Aug-26 07:24:50 - Epoch 103, Model Loss 0.49602291455455855, View Loss -0.5638724947287366, Reg 0.14347998797893524
09-Aug-26 07:25:48 - Epoch 104, Model Loss 0.5011031469878029, View Loss -0.565714423952539, Reg 0.14317580112834383
09-Aug-26 07:26:45 - Epoch 105, Model Loss 0.49445256259706283, View Loss -0.5603595683777255, Reg 0.14238126429856993
09-Aug-26 07:26:52 - Epoch 105: Train_acc 0.7875816993464052 Val_acc 0.6013071895424836 Test_acc 0.5602094240837696 Test_auc 0.5548351648351647
09-Aug-26 07:27:49 - Epoch 106, Model Loss 0.5056236526545357, View Loss -0.5544034211464177, Reg 0.14947181180411695
09-Aug-26 07:28:47 - Epoch 107, Model Loss 0.49721995677823333, View Loss -0.5503083233739815, Reg 0.15317734637681177
09-Aug-26 07:29:44 - Epoch 108, Model Loss 0.49642438865175437, View Loss -0.5497934974096959, Reg 0.13595785405121597
09-Aug-26 07:30:42 - Epoch 109, Model Loss 0.5057432484003453, View Loss -0.5410043647865844, Reg 0.14691297982642854
09-Aug-26 07:31:39 - Epoch 110, Model Loss 0.49760932353586934, View Loss -0.5419813971114315, Reg 0.1517978245331571
09-Aug-26 07:31:46 - Epoch 110: Train_acc 0.7924836601307189 Val_acc 0.6013071895424836 Test_acc 0.5759162303664922 Test_auc 0.5572527472527473
09-Aug-26 07:32:43 - Epoch 111, Model Loss 0.4966897411284104, View Loss -0.5384719138051949, Reg 0.14135512349262735
09-Aug-26 07:33:41 - Epoch 112, Model Loss 0.5007680126654557, View Loss -0.5426619839824103, Reg 0.14418380702632705
09-Aug-26 07:34:38 - Epoch 113, Model Loss 0.49880873066147946, View Loss -0.5360718739578147, Reg 0.1449268164198383
09-Aug-26 07:35:36 - Epoch 114, Model Loss 0.4955418117685256, View Loss -0.5252298560797, Reg 0.14896530419393303
09-Aug-26 07:36:33 - Epoch 115, Model Loss 0.4967642691400316, View Loss -0.5336851286732294, Reg 0.14496288482659783
09-Aug-26 07:36:39 - Epoch 115: Train_acc 0.7875816993464052 Val_acc 0.6013071895424836 Test_acc 0.5706806282722513 Test_auc 0.5572527472527472
09-Aug-26 07:37:36 - Epoch 116, Model Loss 0.4975472010818182, View Loss -0.5370452996172936, Reg 0.13520437186839535
09-Aug-26 07:38:34 - Epoch 117, Model Loss 0.4941871195447211, View Loss -0.5240721507789263, Reg 0.15207227080865623
09-Aug-26 07:39:31 - Epoch 118, Model Loss 0.495999190542433, View Loss -0.526322681919422, Reg 0.14620989726649392
09-Aug-26 07:40:28 - Epoch 119, Model Loss 0.4968998027003668, View Loss -0.5231155570036445, Reg 0.1337846272131976
09-Aug-26 07:41:26 - Epoch 120, Model Loss 0.49652723821939204, View Loss -0.5220003813699959, Reg 0.1551032870326167
09-Aug-26 07:41:32 - Epoch 120: Train_acc 0.795751633986928 Val_acc 0.6013071895424836 Test_acc 0.5602094240837696 Test_auc 0.5616483516483517
09-Aug-26 07:42:29 - Epoch 121, Model Loss 0.49186132624258405, View Loss -0.5155840286242417, Reg 0.14280910088735468
09-Aug-26 07:43:27 - Epoch 122, Model Loss 0.4951537660523957, View Loss -0.5208951741262199, Reg 0.13672494800651774
09-Aug-26 07:44:24 - Epoch 123, Model Loss 0.4927450408732969, View Loss -0.5180858872295205, Reg 0.15512388837493324
09-Aug-26 07:45:22 - Epoch 124, Model Loss 0.49298614516756895, View Loss -0.519059899585699, Reg 0.13878236964247584
09-Aug-26 07:46:19 - Epoch 125, Model Loss 0.4924120622522691, View Loss -0.5065595815384311, Reg 0.1441087524096171
09-Aug-26 07:46:25 - Epoch 125: Train_acc 0.7908496732026143 Val_acc 0.6078431372549019 Test_acc 0.5602094240837696 Test_auc 0.5564835164835165
09-Aug-26 07:47:22 - Epoch 126, Model Loss 0.4922124490239262, View Loss -0.507379146962384, Reg 0.15299787864186407
09-Aug-26 07:48:20 - Epoch 127, Model Loss 0.49415593930319246, View Loss -0.5093704088061464, Reg 0.13410312326904994
09-Aug-26 07:49:17 - Epoch 128, Model Loss 0.49104707303390005, View Loss -0.5110123593822803, Reg 0.14294294740249908
09-Aug-26 07:50:14 - Epoch 129, Model Loss 0.49262749057969235, View Loss -0.5051485074111839, Reg 0.1538398235646728
09-Aug-26 07:51:12 - Epoch 130, Model Loss 0.4912226285809785, View Loss -0.5003584171432296, Reg 0.1451605833044239
09-Aug-26 07:51:18 - Epoch 130: Train_acc 0.7892156862745098 Val_acc 0.6013071895424836 Test_acc 0.5863874345549738 Test_auc 0.5541758241758241
09-Aug-26 07:52:15 - Epoch 131, Model Loss 0.4899278922018662, View Loss -0.49759747156130724, Reg 0.14403799624224894
09-Aug-26 07:53:12 - Epoch 132, Model Loss 0.49002935722762464, View Loss -0.4983692574345209, Reg 0.14203202315405303
09-Aug-26 07:54:10 - Epoch 133, Model Loss 0.4955904409776326, View Loss -0.5106604060316398, Reg 0.14330802935790393
09-Aug-26 07:55:07 - Epoch 134, Model Loss 0.4923242942180509, View Loss -0.49179254949482437, Reg 0.15085399793643578
09-Aug-26 07:56:05 - Epoch 135, Model Loss 0.48933688643711065, View Loss -0.4827202480602888, Reg 0.14994130531946817
09-Aug-26 07:56:10 - Epoch 135: Train_acc 0.7859477124183006 Val_acc 0.5947712418300654 Test_acc 0.5654450261780105 Test_auc 0.5572527472527472
09-Aug-26 07:57:08 - Epoch 136, Model Loss 0.491328127438726, View Loss -0.49169399146161047, Reg 0.13806583873586717
09-Aug-26 07:58:05 - Epoch 137, Model Loss 0.48988298945177616, View Loss -0.49972215431188444, Reg 0.13793156495670866
09-Aug-26 07:59:03 - Epoch 138, Model Loss 0.4859280586242676, View Loss -0.4831707937265533, Reg 0.14500864639001734
09-Aug-26 08:00:00 - Epoch 139, Model Loss 0.48759962004773755, View Loss -0.4729609318028868, Reg 0.14344803102655349
09-Aug-26 08:00:57 - Epoch 140, Model Loss 0.48818623552135393, View Loss -0.4820597826265821, Reg 0.1469920575618744
09-Aug-26 08:01:03 - Epoch 140: Train_acc 0.7924836601307189 Val_acc 0.6078431372549019 Test_acc 0.5654450261780105 Test_auc 0.5560439560439561
09-Aug-26 08:02:01 - Epoch 141, Model Loss 0.48822633912360747, View Loss -0.47395773728688556, Reg 0.14582001948668286
09-Aug-26 08:02:58 - Epoch 142, Model Loss 0.4873627794334312, View Loss -0.46833884949777643, Reg 0.1471805780931236
09-Aug-26 08:03:55 - Epoch 143, Model Loss 0.4897076331712062, View Loss -0.47785715651667976, Reg 0.13834096043328054
09-Aug-26 08:04:53 - Epoch 144, Model Loss 0.48611493048325083, View Loss -0.47487687207514945, Reg 0.14577525854110718
09-Aug-26 08:05:50 - Epoch 145, Model Loss 0.4883582868607216, View Loss -0.4709291294509289, Reg 0.1552234379684224
09-Aug-26 08:05:56 - Epoch 145: Train_acc 0.7924836601307189 Val_acc 0.5947712418300654 Test_acc 0.5445026178010471 Test_auc 0.5527472527472529
09-Aug-26 08:06:53 - Epoch 146, Model Loss 0.48212683337186674, View Loss -0.4779631686366461, Reg 0.14280837852191303
09-Aug-26 08:07:51 - Epoch 147, Model Loss 0.487878044251523, View Loss -0.46807557539223066, Reg 0.13214254018917582
09-Aug-26 08:08:48 - Epoch 148, Model Loss 0.48696571705388086, View Loss -0.45927782152213303, Reg 0.14966258338463853
09-Aug-26 08:09:46 - Epoch 149, Model Loss 0.4868784484520457, View Loss -0.45986068482492487, Reg 0.14705817732546064
09-Aug-26 08:10:43 - Epoch 150, Model Loss 0.48556159212698347, View Loss -0.4613201540280012, Reg 0.13828336130949406
09-Aug-26 08:10:48 - Epoch 150: Train_acc 0.795751633986928 Val_acc 0.6013071895424836 Test_acc 0.5654450261780105 Test_auc 0.5556043956043956
09-Aug-26 08:11:46 - Epoch 151, Model Loss 0.47977596521377563, View Loss -0.4537416236852509, Reg 0.1471371278653737
09-Aug-26 08:12:43 - Epoch 152, Model Loss 0.48580406304278406, View Loss -0.45596237042370963, Reg 0.14383485591879078
09-Aug-26 08:13:40 - Epoch 153, Model Loss 0.48444442071166693, View Loss -0.4863610766292398, Reg 0.14045660840530022
09-Aug-26 08:14:38 - Epoch 154, Model Loss 0.48489439604329126, View Loss -0.462741900113673, Reg 0.1516355563417759
09-Aug-26 08:15:35 - Epoch 155, Model Loss 0.48507789848676697, View Loss -0.4531248091093076, Reg 0.14900781964164933
09-Aug-26 08:15:41 - Epoch 155: Train_acc 0.7859477124183006 Val_acc 0.5947712418300654 Test_acc 0.5602094240837696 Test_auc 0.5551648351648352
09-Aug-26 08:16:38 - Epoch 156, Model Loss 0.4825904942026325, View Loss -0.4604548675562042, Reg 0.1388338551022648
09-Aug-26 08:17:36 - Epoch 157, Model Loss 0.48146870634914224, View Loss -0.4461553727879244, Reg 0.1398957205169341
09-Aug-26 08:18:33 - Epoch 158, Model Loss 0.48150596723837014, View Loss -0.4316365017610438, Reg 0.15022335459593855
09-Aug-26 08:19:30 - Epoch 159, Model Loss 0.48318425210472804, View Loss -0.4314958036335465, Reg 0.1391439240157994
09-Aug-26 08:20:28 - Epoch 160, Model Loss 0.4830751286612617, View Loss -0.43475540868597096, Reg 0.1417073812944437
09-Aug-26 08:20:34 - Epoch 160: Train_acc 0.869281045751634 Val_acc 0.5490196078431373 Test_acc 0.5549738219895288 Test_auc 0.5241758241758242
09-Aug-26 08:21:31 - Epoch 161, Model Loss 0.4812069868340212, View Loss -0.4347176302492229, Reg 0.15115178741660773
09-Aug-26 08:22:28 - Epoch 162, Model Loss 0.48383604389390134, View Loss -0.43652041129816593, Reg 0.14145754345881392
09-Aug-26 08:23:26 - Epoch 163, Model Loss 0.48359476585014194, View Loss -0.45879406087538777, Reg 0.1380851683663387
09-Aug-26 08:24:23 - Epoch 164, Model Loss 0.48264309783387027, View Loss -0.4490678216896805, Reg 0.14096304959331463
09-Aug-26 08:25:21 - Epoch 165, Model Loss 0.4829561223391614, View Loss -0.43539643599316963, Reg 0.1404340223354452
09-Aug-26 08:25:27 - Epoch 165: Train_acc 0.7794117647058824 Val_acc 0.5882352941176471 Test_acc 0.5549738219895288 Test_auc 0.5505494505494506
09-Aug-26 08:26:24 - Epoch 166, Model Loss 0.48103658864700716, View Loss -0.46664955413419434, Reg 0.14056163247114692
09-Aug-26 08:27:21 - Epoch 167, Model Loss 0.4771967647122402, View Loss -0.4458397689208486, Reg 0.14318161228902979
09-Aug-26 08:28:19 - Epoch 168, Model Loss 0.47896047160516375, View Loss -0.430974552833956, Reg 0.14968623376749698
09-Aug-26 08:29:16 - Epoch 169, Model Loss 0.48252903597027647, View Loss -0.4385748205621258, Reg 0.14791219364973454
09-Aug-26 08:30:14 - Epoch 170, Model Loss 0.4799778391333187, View Loss -0.4389322131287818, Reg 0.1411730702601227
09-Aug-26 08:30:19 - Epoch 170: Train_acc 0.7875816993464052 Val_acc 0.6078431372549019 Test_acc 0.5602094240837696 Test_auc 0.5557142857142857
09-Aug-26 08:31:17 - Epoch 171, Model Loss 0.4814580862039055, View Loss -0.45441950614156285, Reg 0.14262722880622142
09-Aug-26 08:32:14 - Epoch 172, Model Loss 0.4808451324896096, View Loss -0.4389706187778049, Reg 0.14121965664664124
09-Aug-26 08:33:12 - Epoch 173, Model Loss 0.48219794502445296, View Loss -0.44241029452654274, Reg 0.14038714737284416
09-Aug-26 08:34:09 - Epoch 174, Model Loss 0.482435085415061, View Loss -0.42344726066963345, Reg 0.14572457248478934
09-Aug-26 08:35:06 - Epoch 175, Model Loss 0.48034631115159176, View Loss -0.423922386823916, Reg 0.1493920040091658
09-Aug-26 08:35:12 - Epoch 175: Train_acc 0.7875816993464052 Val_acc 0.5947712418300654 Test_acc 0.5497382198952879 Test_auc 0.5554945054945056
09-Aug-26 08:36:09 - Epoch 176, Model Loss 0.4784979465740179, View Loss -0.4284084295135698, Reg 0.14486702526706496
09-Aug-26 08:37:06 - Epoch 177, Model Loss 0.4797410345545002, View Loss -0.42903196655846887, Reg 0.13675722294773152
09-Aug-26 08:38:04 - Epoch 178, Model Loss 0.4785168392985475, View Loss -0.4245928455801571, Reg 0.1390046642886268
09-Aug-26 08:39:02 - Epoch 179, Model Loss 0.4798762525608337, View Loss -0.4421508195353489, Reg 0.14772738574766645
09-Aug-26 08:39:59 - Epoch 180, Model Loss 0.4782196743036407, View Loss -0.42024118058821736, Reg 0.14714467126170014
09-Aug-26 08:40:05 - Epoch 180: Train_acc 0.7892156862745098 Val_acc 0.6013071895424836 Test_acc 0.5497382198952879 Test_auc 0.5576923076923076
09-Aug-26 08:41:03 - Epoch 181, Model Loss 0.47580405076344806, View Loss -0.4133075156243019, Reg 0.14675694723534427
09-Aug-26 08:42:00 - Epoch 182, Model Loss 0.4780293340776481, View Loss -0.40361228877422856, Reg 0.14192679582857617
09-Aug-26 08:42:58 - Epoch 183, Model Loss 0.4760747162345188, View Loss -0.3951014077741336, Reg 0.13951012745402216
09-Aug-26 08:43:55 - Epoch 184, Model Loss 0.47229454057668546, View Loss -0.39883164097281065, Reg 0.14310091938458236
09-Aug-26 08:44:53 - Epoch 185, Model Loss 0.4788927264462889, View Loss -0.41703277164035374, Reg 0.14403870584918002
09-Aug-26 08:44:58 - Epoch 185: Train_acc 0.7990196078431373 Val_acc 0.6013071895424836 Test_acc 0.5602094240837696 Test_auc 0.5567032967032968
09-Aug-26 08:45:55 - Epoch 186, Model Loss 0.4742562985108569, View Loss -0.42165618005141714, Reg 0.14269380378567315
09-Aug-26 08:46:53 - Epoch 187, Model Loss 0.4782074415216259, View Loss -0.4151226243162467, Reg 0.14716832076801972
09-Aug-26 08:47:51 - Epoch 188, Model Loss 0.47733719870935076, View Loss -0.40603770383822374, Reg 0.14582216681218615
09-Aug-26 08:48:48 - Epoch 189, Model Loss 0.4763469271410524, View Loss -0.3920721213022868, Reg 0.14161326468380447
09-Aug-26 08:49:46 - Epoch 190, Model Loss 0.47695424042496026, View Loss -0.38618434877956614, Reg 0.13906027035775528
09-Aug-26 08:49:51 - Epoch 190: Train_acc 0.7924836601307189 Val_acc 0.6078431372549019 Test_acc 0.5602094240837696 Test_auc 0.5552747252747253
09-Aug-26 08:50:49 - Epoch 191, Model Loss 0.47516734557214124, View Loss -0.3920639636469822, Reg 0.1444944750054989
09-Aug-26 08:51:46 - Epoch 192, Model Loss 0.4724913171303818, View Loss -0.3932132370331708, Reg 0.146007007925339
09-Aug-26 08:52:43 - Epoch 193, Model Loss 0.47243233950309504, View Loss -0.3862570929371454, Reg 0.14201202014692468
09-Aug-26 08:53:41 - Epoch 194, Model Loss 0.4736810322680505, View Loss -0.3925852471706914, Reg 0.13810976112590118
09-Aug-26 08:54:39 - Epoch 195, Model Loss 0.4746719516959845, View Loss -0.3906408345777225, Reg 0.14158575275754617
09-Aug-26 08:54:44 - Epoch 195: Train_acc 0.7892156862745098 Val_acc 0.6013071895424836 Test_acc 0.5549738219895288 Test_auc 0.557032967032967
09-Aug-26 08:55:41 - Epoch 196, Model Loss 0.4735965173618466, View Loss -0.40467877325668833, Reg 0.1475733079357085
09-Aug-26 08:56:39 - Epoch 197, Model Loss 0.47320085393837075, View Loss -0.404303838224972, Reg 0.14466934587830813
09-Aug-26 08:57:36 - Epoch 198, Model Loss 0.47392210072162105, View Loss -0.40512322210798074, Reg 0.13615682604266147
09-Aug-26 08:58:34 - Epoch 199, Model Loss 0.4715891085029428, View Loss -0.4000605430478364, Reg 0.1350106342750437
09-Aug-26 08:59:31 - Epoch 200, Model Loss 0.47454237860012677, View Loss -0.3820467501683952, Reg 0.14178159842693727
09-Aug-26 08:59:37 - Epoch 200: Train_acc 0.8709150326797386 Val_acc 0.5620915032679739 Test_acc 0.5287958115183246 Test_auc 0.5135164835164836
09-Aug-26 09:00:34 - Epoch 201, Model Loss 0.4724870008580825, View Loss -0.3820670141893275, Reg 0.14897063798179813
09-Aug-26 09:01:32 - Epoch 202, Model Loss 0.47341175990946155, View Loss -0.3740215854707107, Reg 0.1435979956310559
09-Aug-26 09:02:29 - Epoch 203, Model Loss 0.4718109567960103, View Loss -0.3659612890941645, Reg 0.1406746536882874
09-Aug-26 09:03:27 - Epoch 204, Model Loss 0.47077812283646825, View Loss -0.37910809625987135, Reg 0.14588734945830176
09-Aug-26 09:04:24 - Epoch 205, Model Loss 0.4728996212186377, View Loss -0.3773626541000566, Reg 0.14699642710825978
09-Aug-26 09:04:29 - Epoch 205: Train_acc 0.7892156862745098 Val_acc 0.6078431372549019 Test_acc 0.5549738219895288 Test_auc 0.555054945054945
09-Aug-26 09:05:26 - Epoch 206, Model Loss 0.472176162246006, View Loss -0.3713642093870375, Reg 0.14392115984087675
09-Aug-26 09:06:23 - Epoch 207, Model Loss 0.4731924572801278, View Loss -0.3704225643008363, Reg 0.1404991479091395
09-Aug-26 09:07:21 - Epoch 208, Model Loss 0.46878260393547855, View Loss -0.36957425619262496, Reg 0.1412888951356115
09-Aug-26 09:08:18 - Epoch 209, Model Loss 0.47280162650775287, View Loss -0.3696921643088846, Reg 0.1436430540154962
09-Aug-26 09:09:16 - Epoch 210, Model Loss 0.47252413747357386, View Loss -0.3724745091269998, Reg 0.14527730750881768
09-Aug-26 09:09:22 - Epoch 210: Train_acc 0.7843137254901961 Val_acc 0.6013071895424836 Test_acc 0.5654450261780105 Test_auc 0.5548351648351649
09-Aug-26 09:10:19 - Epoch 211, Model Loss 0.4740537311516556, View Loss -0.36903448821672424, Reg 0.14225328221819758
09-Aug-26 09:11:17 - Epoch 212, Model Loss 0.4755050323757471, View Loss -0.3582597332063064, Reg 0.13986345404892966
09-Aug-26 09:12:14 - Epoch 213, Model Loss 0.4724608745450288, View Loss -0.366245615716074, Reg 0.14048083223938163
09-Aug-26 09:13:11 - Epoch 214, Model Loss 0.4736221085966023, View Loss -0.36516985706254546, Reg 0.14067100962392645
09-Aug-26 09:14:09 - Epoch 215, Model Loss 0.47128304741741006, View Loss -0.3663129214367835, Reg 0.14191934612451815
09-Aug-26 09:14:16 - Epoch 215: Train_acc 0.7826797385620915 Val_acc 0.5947712418300654 Test_acc 0.5497382198952879 Test_auc 0.5536263736263736
09-Aug-26 09:15:13 - Epoch 216, Model Loss 0.4741494731575835, View Loss -0.3639533013300179, Reg 0.14309475351782405
09-Aug-26 09:16:11 - Epoch 217, Model Loss 0.4723818210604923, View Loss -0.3567498065287771, Reg 0.14437264165067984
09-Aug-26 09:17:08 - Epoch 218, Model Loss 0.4723328757130243, View Loss -0.35993072643778684, Reg 0.14373925961310569
09-Aug-26 09:18:06 - Epoch 219, Model Loss 0.47341598132077384, View Loss -0.36072338796129416, Reg 0.14065859569054023
09-Aug-26 09:19:03 - Epoch 220, Model Loss 0.4707227125276927, View Loss -0.3618248101153405, Reg 0.13946258914626503
09-Aug-26 09:19:09 - Epoch 220: Train_acc 0.8676470588235294 Val_acc 0.5359477124183006 Test_acc 0.5340314136125655 Test_auc 0.5216483516483517
09-Aug-26 09:20:06 - Epoch 221, Model Loss 0.4725564971468807, View Loss -0.36638100786146777, Reg 0.14253207710054186
09-Aug-26 09:21:03 - Epoch 222, Model Loss 0.47010215026101254, View Loss -0.3574558309480256, Reg 0.14299142906089235
09-Aug-26 09:22:01 - Epoch 223, Model Loss 0.47028377476860495, View Loss -0.3565733993754667, Reg 0.146001815357629
09-Aug-26 09:22:58 - Epoch 224, Model Loss 0.4727667591540642, View Loss -0.351496150291044, Reg 0.14690165172994527
09-Aug-26 09:23:56 - Epoch 225, Model Loss 0.46891143762208276, View Loss -0.3597741220511642, Reg 0.1415919882604499
09-Aug-26 09:24:01 - Epoch 225: Train_acc 0.869281045751634 Val_acc 0.5424836601307189 Test_acc 0.5235602094240838 Test_auc 0.520989010989011
09-Aug-26 09:24:58 - Epoch 226, Model Loss 0.46875323072757596, View Loss -0.35577229191275206, Reg 0.13924348958177504
09-Aug-26 09:25:56 - Epoch 227, Model Loss 0.47157330372754264, View Loss -0.37809566500919317, Reg 0.1431093852893979
09-Aug-26 09:26:53 - Epoch 228, Model Loss 0.46768025089712706, View Loss -0.37062305328892725, Reg 0.14416323709332085
09-Aug-26 09:27:50 - Epoch 229, Model Loss 0.46987926336674907, View Loss -0.3655446650935154, Reg 0.14452850263492734
09-Aug-26 09:28:48 - Epoch 230, Model Loss 0.4693860645387687, View Loss -0.36733147365595004, Reg 0.14352742100463195
09-Aug-26 09:28:53 - Epoch 230: Train_acc 0.8823529411764706 Val_acc 0.5555555555555556 Test_acc 0.5235602094240838 Test_auc 0.5181318681318682
09-Aug-26 09:29:50 - Epoch 231, Model Loss 0.46755750292266895, View Loss -0.3699715534845988, Reg 0.14373362074100893
09-Aug-26 09:30:48 - Epoch 232, Model Loss 0.4693683333256665, View Loss -0.35613736763499143, Reg 0.1443652032442342
09-Aug-26 09:31:45 - Epoch 233, Model Loss 0.468247231315164, View Loss -0.35214739141900553, Reg 0.14233693285705218
09-Aug-26 09:32:43 - Epoch 234, Model Loss 0.4696043100621965, View Loss -0.3535669146020428, Reg 0.1397591346229603
09-Aug-26 09:33:40 - Epoch 235, Model Loss 0.46672216427871605, View Loss -0.3543056763854681, Reg 0.13917847075103934
09-Aug-26 09:33:47 - Epoch 235: Train_acc 0.7843137254901961 Val_acc 0.6013071895424836 Test_acc 0.5549738219895288 Test_auc 0.5527472527472527
09-Aug-26 09:34:44 - Epoch 236, Model Loss 0.4686116332711737, View Loss -0.37797239792892356, Reg 0.14099838336308798
09-Aug-26 09:35:42 - Epoch 237, Model Loss 0.4681984945839527, View Loss -0.3633349744323032, Reg 0.14031186358991013
09-Aug-26 09:36:39 - Epoch 238, Model Loss 0.47082535932266634, View Loss -0.3644017214868583, Reg 0.14089037770149754
09-Aug-26 09:37:37 - Epoch 239, Model Loss 0.4698461738287234, View Loss -0.37174468959858215, Reg 0.14424204407564176
09-Aug-26 09:38:34 - Epoch 240, Model Loss 0.46936530770819174, View Loss -0.3855275500054453, Reg 0.15139446305293663
09-Aug-26 09:38:39 - Epoch 240: Train_acc 0.8758169934640523 Val_acc 0.5620915032679739 Test_acc 0.5445026178010471 Test_auc 0.5251648351648351
09-Aug-26 09:39:37 - Epoch 241, Model Loss 0.464216364364998, View Loss -0.3730745198679905, Reg 0.14778669047005036
09-Aug-26 09:40:34 - Epoch 242, Model Loss 0.4691337218471602, View Loss -0.3699263692681306, Reg 0.14333452800520105
09-Aug-26 09:41:32 - Epoch 243, Model Loss 0.4666120137264526, View Loss -0.3750503265779782, Reg 0.1346405117340337
09-Aug-26 09:42:29 - Epoch 244, Model Loss 0.46962135601667016, View Loss -0.36339951106925417, Reg 0.13715422124254936
09-Aug-26 09:43:27 - Epoch 245, Model Loss 0.46536944115083984, View Loss -0.3548548354042901, Reg 0.14491563976979724
09-Aug-26 09:43:32 - Epoch 245: Train_acc 0.7810457516339869 Val_acc 0.5947712418300654 Test_acc 0.5654450261780105 Test_auc 0.5580219780219781
09-Aug-26 09:44:30 - Epoch 246, Model Loss 0.46488115210938297, View Loss -0.39607628576116627, Reg 0.14355268645909877
09-Aug-26 09:45:27 - Epoch 247, Model Loss 0.4645586563091652, View Loss -0.42204807085149426, Reg 0.13663659775568768
09-Aug-26 09:46:25 - Epoch 248, Model Loss 0.46561471426409057, View Loss -0.4070490551929848, Reg 0.1398685292091245
09-Aug-26 09:47:22 - Epoch 249, Model Loss 0.4696246223901612, View Loss -0.4172633800631255, Reg 0.153638646396157
09-Aug-26 09:48:20 - Epoch 250, Model Loss 0.46643783259235955, View Loss -0.3991129702212764, Reg 0.14164405418377296
09-Aug-26 09:48:25 - Epoch 250: Train_acc 0.7843137254901961 Val_acc 0.6143790849673203 Test_acc 0.5549738219895288 Test_auc 0.5520879120879121
09-Aug-26 09:49:23 - Epoch 251, Model Loss 0.46634088816985586, View Loss -0.40391622025982227, Reg 0.1276868885638667
09-Aug-26 09:50:20 - Epoch 252, Model Loss 0.46439144424363676, View Loss -0.3870972636478399, Reg 0.14483760345995036
09-Aug-26 09:51:18 - Epoch 253, Model Loss 0.4646559887462192, View Loss -0.44245073062921664, Reg 0.15283705936927422
09-Aug-26 09:52:15 - Epoch 254, Model Loss 0.4681043663835214, View Loss -0.37458543060651794, Reg 0.13749065965998405
09-Aug-26 09:53:13 - Epoch 255, Model Loss 0.4651416668704912, View Loss -0.35619883755453274, Reg 0.1346019902844834
09-Aug-26 09:53:18 - Epoch 255: Train_acc 0.8578431372549019 Val_acc 0.5555555555555556 Test_acc 0.5340314136125655 Test_auc 0.52
09-Aug-26 09:54:16 - Epoch 256, Model Loss 0.4643859545779384, View Loss -0.35404127719355566, Reg 0.135948882967818
09-Aug-26 09:55:13 - Epoch 257, Model Loss 0.4670345206665837, View Loss -0.34941794435962353, Reg 0.14385653900749543
09-Aug-26 09:56:11 - Epoch 258, Model Loss 0.4641526832300074, View Loss -0.3399713966581557, Reg 0.1459348538732217
09-Aug-26 09:57:08 - Epoch 259, Model Loss 0.46564365563049814, View Loss -0.3327176672181273, Reg 0.14478926701483383
09-Aug-26 09:58:06 - Epoch 260, Model Loss 0.46450402027641247, View Loss -0.33454928990283045, Reg 0.14390954979104933
09-Aug-26 09:58:12 - Epoch 260: Train_acc 0.8758169934640523 Val_acc 0.5359477124183006 Test_acc 0.5235602094240838 Test_auc 0.5167032967032967
09-Aug-26 09:59:09 - Epoch 261, Model Loss 0.4642865159153159, View Loss -0.33427194598453497, Reg 0.13968392826762854
09-Aug-26 10:00:07 - Epoch 262, Model Loss 0.4641028272560219, View Loss -0.334795746927947, Reg 0.1393113221023597
09-Aug-26 10:01:04 - Epoch 263, Model Loss 0.4624474075884601, View Loss -0.33247042715159897, Reg 0.14377152939247928
09-Aug-26 10:02:01 - Epoch 264, Model Loss 0.46297045003354936, View Loss -0.33642563087488314, Reg 0.1499120278003948
09-Aug-26 10:02:59 - Epoch 265, Model Loss 0.46581125648972255, View Loss -0.334545391057831, Reg 0.14441005057758755
09-Aug-26 10:03:05 - Epoch 265: Train_acc 0.7826797385620915 Val_acc 0.6143790849673203 Test_acc 0.5497382198952879 Test_auc 0.5558241758241759
09-Aug-26 10:04:02 - Epoch 266, Model Loss 0.4657515754886702, View Loss -0.3347700756359724, Reg 0.14120683668096082
09-Aug-26 10:04:59 - Epoch 267, Model Loss 0.4640827625015982, View Loss -0.33721129099527997, Reg 0.14165307094458662
09-Aug-26 10:05:57 - Epoch 268, Model Loss 0.4640897582559025, View Loss -0.3317120472590129, Reg 0.14508385001833923
09-Aug-26 10:06:54 - Epoch 269, Model Loss 0.4636813296991236, View Loss -0.32985103519913417, Reg 0.14103658312286427
09-Aug-26 10:07:52 - Epoch 270, Model Loss 0.46287661946676917, View Loss -0.3351491058574003, Reg 0.13840586122344523
09-Aug-26 10:07:58 - Epoch 270: Train_acc 0.7892156862745098 Val_acc 0.6143790849673203 Test_acc 0.5602094240837696 Test_auc 0.555054945054945
09-Aug-26 10:08:55 - Epoch 271, Model Loss 0.4636470278104146, View Loss -0.3352731653288299, Reg 0.13886654747077842
09-Aug-26 10:09:53 - Epoch 272, Model Loss 0.46410954037522956, View Loss -0.32963068033355514, Reg 0.13917181762604933
09-Aug-26 10:10:50 - Epoch 273, Model Loss 0.4629112801520653, View Loss -0.3294333687015608, Reg 0.13927376114465054
09-Aug-26 10:11:48 - Epoch 274, Model Loss 0.4634401202201843, View Loss -0.329634410883087, Reg 0.1391720224439708
09-Aug-26 10:12:45 - Epoch 275, Model Loss 0.46253521477474885, View Loss -0.3332425667569528, Reg 0.14233002154266133
09-Aug-26 10:12:51 - Epoch 275: Train_acc 0.7843137254901961 Val_acc 0.6013071895424836 Test_acc 0.5549738219895288 Test_auc 0.5539560439560439
09-Aug-26 10:13:48 - Epoch 276, Model Loss 0.4624913938684401, View Loss -0.33216264668632955, Reg 0.14629041535012863
09-Aug-26 10:14:45 - Epoch 277, Model Loss 0.463204123420653, View Loss -0.32851363475026646, Reg 0.14716133416867724
09-Aug-26 10:15:43 - Epoch 278, Model Loss 0.4617050636827556, View Loss -0.3355679005579232, Reg 0.1436870765257505
09-Aug-26 10:16:40 - Epoch 279, Model Loss 0.4629439053192637, View Loss -0.33025847073473963, Reg 0.13792493598523484
09-Aug-26 10:17:38 - Epoch 280, Model Loss 0.46431300160931605, View Loss -0.3342586638880711, Reg 0.13560344171679878
09-Aug-26 10:17:44 - Epoch 280: Train_acc 0.8676470588235294 Val_acc 0.5424836601307189 Test_acc 0.5497382198952879 Test_auc 0.5284615384615385
09-Aug-26 10:18:42 - Epoch 281, Model Loss 0.4597310084922641, View Loss -0.3460397868374594, Reg 0.14316226410515168
09-Aug-26 10:19:39 - Epoch 282, Model Loss 0.4608684739256217, View Loss -0.34209632795620587, Reg 0.15096967574817682
09-Aug-26 10:20:37 - Epoch 283, Model Loss 0.46194063818532655, View Loss -0.34650758278915306, Reg 0.14900251677612852
09-Aug-26 10:21:34 - Epoch 284, Model Loss 0.4623534348275926, View Loss -0.33451688211727765, Reg 0.14202469071142035
09-Aug-26 10:22:32 - Epoch 285, Model Loss 0.4600243802164115, View Loss -0.331749628571903, Reg 0.1350816748305863
09-Aug-26 10:22:37 - Epoch 285: Train_acc 0.7810457516339869 Val_acc 0.6013071895424836 Test_acc 0.5654450261780105 Test_auc 0.5604395604395604
09-Aug-26 10:23:34 - Epoch 286, Model Loss 0.4590924261442197, View Loss -0.3312768819285374, Reg 0.14132352134371115
09-Aug-26 10:24:32 - Epoch 287, Model Loss 0.4603625430780299, View Loss -0.33140871493644963, Reg 0.1467245965222128
09-Aug-26 10:25:29 - Epoch 288, Model Loss 0.4603269423534668, View Loss -0.32682164042603734, Reg 0.1415689991774902
09-Aug-26 10:26:27 - Epoch 289, Model Loss 0.45892613834025814, View Loss -0.3273003436381521, Reg 0.13459249912134183
09-Aug-26 10:27:24 - Epoch 290, Model Loss 0.46240554720747706, View Loss -0.3292502180423612, Reg 0.1347274642949011
09-Aug-26 10:27:30 - Epoch 290: Train_acc 0.7761437908496732 Val_acc 0.6143790849673203 Test_acc 0.5602094240837696 Test_auc 0.5496703296703296
09-Aug-26 10:28:28 - Epoch 291, Model Loss 0.4616626875073302, View Loss -0.33351948681999655, Reg 0.1404187076426799
09-Aug-26 10:29:25 - Epoch 292, Model Loss 0.4581975103203767, View Loss -0.3280736644283619, Reg 0.1465155004578478
09-Aug-26 10:30:23 - Epoch 293, Model Loss 0.46232959063224544, View Loss -0.3247618379156574, Reg 0.1452335909106373
09-Aug-26 10:31:20 - Epoch 294, Model Loss 0.46150807208485073, View Loss -0.32118246835820813, Reg 0.13839023263236278
09-Aug-26 10:32:17 - Epoch 295, Model Loss 0.4595023146252227, View Loss -0.3269008896709268, Reg 0.13779481047508763
09-Aug-26 10:32:22 - Epoch 295: Train_acc 0.7843137254901961 Val_acc 0.6143790849673203 Test_acc 0.5549738219895288 Test_auc 0.5586813186813187
09-Aug-26 10:33:20 - Epoch 296, Model Loss 0.4599439721871046, View Loss -0.3264530336155611, Reg 0.14280426716492847
09-Aug-26 10:34:17 - Epoch 297, Model Loss 0.4631899782255584, View Loss -0.32346616149727814, Reg 0.14555878304188546
09-Aug-26 10:35:15 - Epoch 298, Model Loss 0.46187303113002404, View Loss -0.3212818024205227, Reg 0.1457963318022248
09-Aug-26 10:36:12 - Epoch 299, Model Loss 0.4602798955892426, View Loss -0.32146278549643126, Reg 0.13945511256168092
09-Aug-26 10:37:09 - Epoch 300, Model Loss 0.4597712961676853, View Loss -0.3177817039240419, Reg 0.13638156418706857
09-Aug-26 10:37:15 - Epoch 300: Train_acc 0.7941176470588235 Val_acc 0.6143790849673203 Test_acc 0.5497382198952879 Test_auc 0.5527472527472528
09-Aug-26 10:37:15 - FinishedTraining! BestEpoch (eval-interval index): 49
09-Aug-26 10:37:15 - Wrote /users/3171356m/muhammad/GraSTIACL/nested_cv/results/nocombat__emb512_bs256__fold2.json
09-Aug-26 10:37:15 - {
  "emb_dim": 512,
  "batch_size": 256,
  "fold": 2,
  "combat": false,
  "n_train": 612,
  "n_val": 153,
  "n_test": 191,
  "best_val_epoch_idx": 49,
  "train_accuracy": 0.7843137254901961,
  "val_accuracy": 0.6143790849673203,
  "test_accuracy": 0.5549738219895288,
  "train_f1": 0.7731958762886598,
  "val_f1": 0.5986394557823129,
  "test_f1": 0.5303867403314917,
  "train_sensitivity": 0.7731958736316293,
  "val_sensitivity": 0.6027397177706888,
  "test_sensitivity": 0.5274725216761261,
  "train_specificity": 0.7943925208897429,
  "val_specificity": 0.6249999921875001,
  "test_specificity": 0.5799999942,
  "train_precision": 0.7731958762886598,
  "val_precision": 0.5945945945945946,
  "test_precision": 0.5333333333333333,
  "test_auc": 0.5520879120879121,
  "fin_reg": 0.14164405418377296
}
