08-Aug-26 19:23:18 - Using Device: cuda
08-Aug-26 19:23:18 - Seed: 123, Fold: 1, ComBat: False
08-Aug-26 19:23:18 - Namespace(fold=1, combat=False, num_dyn_windows=3, model_lr=0.0005, view_lr=0.0005, num_gc_layers=2, pooling_type='standard', emb_dim=256, vib_hidden_dim=400, batch_size=32, drop_ratio=0.3, epochs=300, kld_lambda=0.003, reg_lambda=0.2, gamma_mode='paper_literal', node_feature_mode='alff_pcc', mij_source='alff_pcc', template=90, eval_interval=5, downstream_classifier='linear', ce_lambda=2.0, seed=123)
08-Aug-26 19:23:18 - Loading raw subject data...
08-Aug-26 19:26:28 - Loaded 956 subjects (455 ASD, 501 NC)
08-Aug-26 19:26:28 - alff_pcc scale stats (train_val_idx only): alff=[-3.5994,5.6307] pcc=[-0.7600,1.0000]
08-Aug-26 19:26:28 - Train/Val/Test sizes: 612/153/191
08-Aug-26 19:27:26 - Epoch 1, Model Loss -0.5975938953605353, View Loss -5.901030958088395, Reg 0.22654068684266285
08-Aug-26 19:28:25 - Epoch 2, Model Loss -1.1317076309054506, View Loss -3.7921226538863837, Reg 0.14596349711901221
08-Aug-26 19:29:23 - Epoch 3, Model Loss -1.2127907322902305, View Loss -3.6718097075917364, Reg 0.1388356032129986
08-Aug-26 19:30:21 - Epoch 4, Model Loss -1.2046779059117136, View Loss -3.2666852271634768, Reg 0.14768732256359524
08-Aug-26 19:31:19 - Epoch 5, Model Loss -1.2324177268283818, View Loss -2.915749069911982, Reg 0.15427302028618606
08-Aug-26 19:31:46 - Epoch 5: Train_acc 0.7091503267973857 Val_acc 0.6274509803921569 Test_acc 0.5759162303664922 Test_auc 0.628021978021978
08-Aug-26 19:32:44 - Epoch 6, Model Loss -1.286946524202434, View Loss -2.71811386806513, Reg 0.13494844710320428
08-Aug-26 19:33:42 - Epoch 7, Model Loss -1.2894733996173136, View Loss -2.658839481328827, Reg 0.13547322602053874
08-Aug-26 19:34:40 - Epoch 8, Model Loss -1.2684539657792235, View Loss -2.528260087655261, Reg 0.14976602558996163
08-Aug-26 19:35:38 - Epoch 9, Model Loss -1.3252146727119396, View Loss -2.5052837515188977, Reg 0.13826108183346542
08-Aug-26 19:36:37 - Epoch 10, Model Loss -1.3434676126716962, View Loss -2.496104492860682, Reg 0.13892509247742446
/users/3171356m/miniconda3/envs/grastiacl/lib/python3.12/site-packages/joblib/externals/loky/process_executor.py:782: UserWarning: A worker stopped while some jobs were given to the executor. This can be caused by a too short worker timeout or by a memory leak.
  warnings.warn(
08-Aug-26 19:36:57 - Epoch 10: Train_acc 0.7156862745098039 Val_acc 0.6274509803921569 Test_acc 0.6178010471204188 Test_auc 0.6276923076923078
08-Aug-26 19:37:55 - Epoch 11, Model Loss -1.3393671964508256, View Loss -2.4319149310292763, Reg 0.13835331729424546
08-Aug-26 19:38:53 - Epoch 12, Model Loss -1.3360166736677581, View Loss -2.4237069491467444, Reg 0.14381821034780515
08-Aug-26 19:39:51 - Epoch 13, Model Loss -1.355561985689051, View Loss -2.3980904186473175, Reg 0.1386070917634403
08-Aug-26 19:40:49 - Epoch 14, Model Loss -1.3534422419429604, View Loss -2.406139414294872, Reg 0.1433733023849188
08-Aug-26 19:41:47 - Epoch 15, Model Loss -1.372605965807547, View Loss -2.407651645685333, Reg 0.14160611534040737
/users/3171356m/miniconda3/envs/grastiacl/lib/python3.12/site-packages/joblib/externals/loky/process_executor.py:782: UserWarning: A worker stopped while some jobs were given to the executor. This can be caused by a too short worker timeout or by a memory leak.
  warnings.warn(
08-Aug-26 19:41:58 - Epoch 15: Train_acc 0.7124183006535948 Val_acc 0.6339869281045751 Test_acc 0.6020942408376964 Test_auc 0.6287912087912086
08-Aug-26 19:42:55 - Epoch 16, Model Loss -1.3466516631880616, View Loss -2.2990086998035704, Reg 0.14481854429042418
08-Aug-26 19:43:53 - Epoch 17, Model Loss -1.3574815669090918, View Loss -2.3664608126372295, Reg 0.13920739809282465
08-Aug-26 19:44:51 - Epoch 18, Model Loss -1.3664172459271997, View Loss -2.302038021336973, Reg 0.1421376077178257
08-Aug-26 19:45:49 - Epoch 19, Model Loss -1.3819943876827465, View Loss -2.3638360889908534, Reg 0.14510084445180457
08-Aug-26 19:46:47 - Epoch 20, Model Loss -1.3910206127790063, View Loss -2.3277843201082518, Reg 0.13929464293071647
08-Aug-26 19:46:55 - Epoch 20: Train_acc 0.7124183006535948 Val_acc 0.6143790849673203 Test_acc 0.6178010471204188 Test_auc 0.6310989010989011
08-Aug-26 19:47:53 - Epoch 21, Model Loss -1.3996474290984908, View Loss -2.3407235207900503, Reg 0.14126957816625732
08-Aug-26 19:48:51 - Epoch 22, Model Loss -1.3984598521313636, View Loss -2.3083778767803915, Reg 0.14300108939604042
08-Aug-26 19:49:49 - Epoch 23, Model Loss -1.4044216131073197, View Loss -2.3211703051149457, Reg 0.13901159342597513
08-Aug-26 19:50:47 - Epoch 24, Model Loss -1.3959214921091117, View Loss -2.2666517114327625, Reg 0.14231258611273923
08-Aug-26 19:51:45 - Epoch 25, Model Loss -1.414075895072588, View Loss -2.3109038109872855, Reg 0.1394033178784489
08-Aug-26 19:51:55 - Epoch 25: Train_acc 0.7287581699346405 Val_acc 0.5947712418300654 Test_acc 0.612565445026178 Test_auc 0.6314285714285715
08-Aug-26 19:52:53 - Epoch 26, Model Loss -1.409138476926517, View Loss -2.2747797841340107, Reg 0.14102179542476057
08-Aug-26 19:53:51 - Epoch 27, Model Loss -1.4039495318543678, View Loss -2.2898887341318566, Reg 0.14180899304307365
08-Aug-26 19:54:49 - Epoch 28, Model Loss -1.4184498693428786, View Loss -2.2862749567218854, Reg 0.13942009970253588
08-Aug-26 19:55:47 - Epoch 29, Model Loss -1.413935627033508, View Loss -2.2280298245498558, Reg 0.1421195131306555
08-Aug-26 19:56:45 - Epoch 30, Model Loss -1.4180701698353089, View Loss -2.243829116322636, Reg 0.14297818933047501
08-Aug-26 19:56:55 - Epoch 30: Train_acc 0.7565359477124183 Val_acc 0.5947712418300654 Test_acc 0.6020942408376964 Test_auc 0.6161538461538462
08-Aug-26 19:57:53 - Epoch 31, Model Loss -1.4178740682165607, View Loss -2.227456332811343, Reg 0.13913634789535423
08-Aug-26 19:58:51 - Epoch 32, Model Loss -1.4179479436936722, View Loss -2.2280122750724844, Reg 0.14176573370601617
08-Aug-26 19:59:49 - Epoch 33, Model Loss -1.4140483818802179, View Loss -2.1830436949636423, Reg 0.14064252814825842
08-Aug-26 20:00:47 - Epoch 34, Model Loss -1.4188975945017697, View Loss -2.2148914773479786, Reg 0.1437560417293723
08-Aug-26 20:01:45 - Epoch 35, Model Loss -1.4279234798905116, View Loss -2.1979268672419527, Reg 0.14036249276859308
08-Aug-26 20:01:55 - Epoch 35: Train_acc 0.7712418300653595 Val_acc 0.6209150326797386 Test_acc 0.5863874345549738 Test_auc 0.6387912087912088
08-Aug-26 20:02:53 - Epoch 36, Model Loss -1.4277597533331976, View Loss -2.196134149638656, Reg 0.14107776292009291
08-Aug-26 20:03:51 - Epoch 37, Model Loss -1.415885488971386, View Loss -2.100716210658254, Reg 0.14042161346650592
08-Aug-26 20:04:48 - Epoch 38, Model Loss -1.434788283179788, View Loss -2.228720761592092, Reg 0.13934139547005198
08-Aug-26 20:05:46 - Epoch 39, Model Loss -1.4446251501444898, View Loss -2.220931626612844, Reg 0.1402778772552029
08-Aug-26 20:06:45 - Epoch 40, Model Loss -1.4381653187321681, View Loss -2.2200711817523233, Reg 0.1387233768705449
08-Aug-26 20:06:58 - Epoch 40: Train_acc 0.7140522875816994 Val_acc 0.5816993464052288 Test_acc 0.6282722513089005 Test_auc 0.631978021978022
08-Aug-26 20:07:56 - Epoch 41, Model Loss -1.4406114185557646, View Loss -2.212866094377306, Reg 0.14044293683338788
08-Aug-26 20:08:54 - Epoch 42, Model Loss -1.4481151431214576, View Loss -2.2166226455588744, Reg 0.13599266238461913
08-Aug-26 20:09:52 - Epoch 43, Model Loss -1.4410873425552269, View Loss -2.2264579635819577, Reg 0.1426703659147998
08-Aug-26 20:10:50 - Epoch 44, Model Loss -1.4546975341497683, View Loss -2.1793761970170964, Reg 0.13828093982210346
08-Aug-26 20:11:48 - Epoch 45, Model Loss -1.4496358360340393, View Loss -2.1902956121108113, Reg 0.13896338943562475
08-Aug-26 20:12:08 - Epoch 45: Train_acc 0.7009803921568627 Val_acc 0.5947712418300654 Test_acc 0.6178010471204188 Test_auc 0.6376923076923077
08-Aug-26 20:13:06 - Epoch 46, Model Loss -1.458019325156617, View Loss -2.174934801712535, Reg 0.14002015466004417
08-Aug-26 20:14:04 - Epoch 47, Model Loss -1.4518121177074956, View Loss -2.1369207357269486, Reg 0.13837836069219253
08-Aug-26 20:15:02 - Epoch 48, Model Loss -1.4553570311053905, View Loss -2.166489074432772, Reg 0.13926088400915557
08-Aug-26 20:16:00 - Epoch 49, Model Loss -1.456498439015906, View Loss -2.12911215950461, Reg 0.1383315761591874
08-Aug-26 20:16:59 - Epoch 50, Model Loss -1.4568526542264653, View Loss -2.1097050492280447, Reg 0.13809055099689882
/users/3171356m/miniconda3/envs/grastiacl/lib/python3.12/site-packages/joblib/externals/loky/process_executor.py:782: UserWarning: A worker stopped while some jobs were given to the executor. This can be caused by a too short worker timeout or by a memory leak.
  warnings.warn(
08-Aug-26 20:17:20 - Epoch 50: Train_acc 0.7124183006535948 Val_acc 0.6143790849673203 Test_acc 0.6073298429319371 Test_auc 0.6212087912087912
08-Aug-26 20:18:18 - Epoch 51, Model Loss -1.4533200139313742, View Loss -2.180890736237071, Reg 0.1385489438289131
08-Aug-26 20:19:16 - Epoch 52, Model Loss -1.4429854567534004, View Loss -2.083599078109841, Reg 0.13953674677150701
08-Aug-26 20:20:14 - Epoch 53, Model Loss -1.451959921643625, View Loss -2.108089979957132, Reg 0.13861291100776274
08-Aug-26 20:21:12 - Epoch 54, Model Loss -1.4541351810779446, View Loss -2.137449065065072, Reg 0.14090917614939946
08-Aug-26 20:22:10 - Epoch 55, Model Loss -1.4649110681870405, View Loss -2.1660223038367974, Reg 0.13666004020404193
/users/3171356m/miniconda3/envs/grastiacl/lib/python3.12/site-packages/joblib/externals/loky/process_executor.py:782: UserWarning: A worker stopped while some jobs were given to the executor. This can be caused by a too short worker timeout or by a memory leak.
  warnings.warn(
08-Aug-26 20:22:29 - Epoch 55: Train_acc 0.7173202614379085 Val_acc 0.6143790849673203 Test_acc 0.6020942408376964 Test_auc 0.6176923076923077
08-Aug-26 20:23:27 - Epoch 56, Model Loss -1.4620108542099497, View Loss -2.133339797749239, Reg 0.1412851202721689
08-Aug-26 20:24:25 - Epoch 57, Model Loss -1.4658961888232263, View Loss -2.1532299565333948, Reg 0.1353335555861978
08-Aug-26 20:25:23 - Epoch 58, Model Loss -1.4674679905760522, View Loss -2.1541920393900154, Reg 0.1395390837702876
08-Aug-26 20:26:21 - Epoch 59, Model Loss -1.4659906960780325, View Loss -2.2597964542363984, Reg 0.13724235187168993
08-Aug-26 20:27:19 - Epoch 60, Model Loss -1.472214966817619, View Loss -2.153987734925513, Reg 0.13665093725023705
08-Aug-26 20:27:28 - Epoch 60: Train_acc 0.7124183006535948 Val_acc 0.5816993464052288 Test_acc 0.6282722513089005 Test_auc 0.6183516483516484
08-Aug-26 20:28:26 - Epoch 61, Model Loss -1.4697591868880528, View Loss -2.1278998960856517, Reg 0.13968144629905427
08-Aug-26 20:29:24 - Epoch 62, Model Loss -1.4626135296291776, View Loss -2.1150164822347803, Reg 0.13619844157711353
08-Aug-26 20:30:22 - Epoch 63, Model Loss -1.4508591321558735, View Loss -2.0263370220957237, Reg 0.13922618349003635
08-Aug-26 20:31:20 - Epoch 64, Model Loss -1.4544167113459967, View Loss -2.050981303445654, Reg 0.13891341288884482
08-Aug-26 20:32:18 - Epoch 65, Model Loss -1.4627414030187271, View Loss -2.079095179738562, Reg 0.13617090004331925
08-Aug-26 20:32:33 - Epoch 65: Train_acc 0.7026143790849673 Val_acc 0.6209150326797386 Test_acc 0.581151832460733 Test_auc 0.6158241758241758
08-Aug-26 20:33:31 - Epoch 66, Model Loss -1.4636484376745287, View Loss -2.083651474098754, Reg 0.13686961519951915
08-Aug-26 20:34:29 - Epoch 67, Model Loss -1.4598841604843638, View Loss -2.0704146927478266, Reg 0.1387411757232317
08-Aug-26 20:35:27 - Epoch 68, Model Loss -1.4762102825189727, View Loss -2.0964082861258313, Reg 0.13779784076743656
08-Aug-26 20:36:25 - Epoch 69, Model Loss -1.4770475119547126, View Loss -2.101586366790572, Reg 0.13661100992969438
08-Aug-26 20:37:24 - Epoch 70, Model Loss -1.4592738369711085, View Loss -2.0668716648824854, Reg 0.13822878809536204
08-Aug-26 20:37:43 - Epoch 70: Train_acc 0.7107843137254902 Val_acc 0.6339869281045751 Test_acc 0.6178010471204188 Test_auc 0.6234065934065934
08-Aug-26 20:38:41 - Epoch 71, Model Loss -1.4633916904723723, View Loss -2.1005594029146084, Reg 0.13651855650290945
08-Aug-26 20:39:39 - Epoch 72, Model Loss -1.4806593041014826, View Loss -2.1097661934646905, Reg 0.1372440986189188
08-Aug-26 20:40:37 - Epoch 73, Model Loss -1.4876021216897404, View Loss -2.11067706775042, Reg 0.13728686251671485
08-Aug-26 20:41:35 - Epoch 74, Model Loss -1.482405057919571, View Loss -2.111673648061316, Reg 0.13672227203066833
08-Aug-26 20:42:33 - Epoch 75, Model Loss -1.485832725475037, View Loss -2.111172953462289, Reg 0.1384792016222586
08-Aug-26 20:42:51 - Epoch 75: Train_acc 0.7516339869281046 Val_acc 0.6143790849673203 Test_acc 0.6020942408376964 Test_auc 0.6272527472527473
08-Aug-26 20:43:49 - Epoch 76, Model Loss -1.4833230567134283, View Loss -2.1076909015381258, Reg 0.13540025337848788
08-Aug-26 20:44:47 - Epoch 77, Model Loss -1.4759997261895075, View Loss -2.073134400486167, Reg 0.13791436219916625
08-Aug-26 20:45:45 - Epoch 78, Model Loss -1.4819858931248484, View Loss -2.081782150891871, Reg 0.13613352218484567
08-Aug-26 20:46:43 - Epoch 79, Model Loss -1.4839395946926541, View Loss -2.1039268425087525, Reg 0.13746480524442553
08-Aug-26 20:47:41 - Epoch 80, Model Loss -1.487327139362011, View Loss -2.128441648545608, Reg 0.1364386298882416
08-Aug-26 20:47:53 - Epoch 80: Train_acc 0.6977124183006536 Val_acc 0.6013071895424836 Test_acc 0.6230366492146597 Test_auc 0.6175824175824176
08-Aug-26 20:48:51 - Epoch 81, Model Loss -1.488870047276316, View Loss -2.092003052530725, Reg 0.13654452854511784
08-Aug-26 20:49:49 - Epoch 82, Model Loss -1.4861864046333662, View Loss -2.072491580364751, Reg 0.13706013560295105
08-Aug-26 20:50:47 - Epoch 83, Model Loss -1.484680515488768, View Loss -2.095986042147368, Reg 0.13587180422801598
08-Aug-26 20:51:45 - Epoch 84, Model Loss -1.4840297823637918, View Loss -2.050042666640936, Reg 0.13852781943636003
08-Aug-26 20:52:43 - Epoch 85, Model Loss -1.4811612546833512, View Loss -2.0828983113656636, Reg 0.13769329451268014
08-Aug-26 20:52:58 - Epoch 85: Train_acc 0.7107843137254902 Val_acc 0.6143790849673203 Test_acc 0.6282722513089005 Test_auc 0.6304395604395604
08-Aug-26 20:53:56 - Epoch 86, Model Loss -1.4818440138124953, View Loss -2.0785902029548593, Reg 0.1364616636746849
08-Aug-26 20:54:54 - Epoch 87, Model Loss -1.4824344098957536, View Loss -2.0696911219677894, Reg 0.136894996844086
08-Aug-26 20:55:52 - Epoch 88, Model Loss -1.478080113728841, View Loss -2.0503787277570735, Reg 0.13631262060473948
08-Aug-26 20:56:50 - Epoch 89, Model Loss -1.4793493451635822, View Loss -2.0389844888176016, Reg 0.13715312985423345
08-Aug-26 20:57:48 - Epoch 90, Model Loss -1.4840558588115218, View Loss -2.0771096640942144, Reg 0.135965395402285
08-Aug-26 20:58:02 - Epoch 90: Train_acc 0.7124183006535948 Val_acc 0.6078431372549019 Test_acc 0.6020942408376964 Test_auc 0.6319780219780219
08-Aug-26 20:59:00 - Epoch 91, Model Loss -1.4891357858196583, View Loss -2.067747203353184, Reg 0.137140296935256
08-Aug-26 20:59:58 - Epoch 92, Model Loss -1.4830769900402991, View Loss -2.0523823850295124, Reg 0.13649139197823268
08-Aug-26 21:00:56 - Epoch 93, Model Loss -1.4855719298319099, View Loss -2.0447596599853117, Reg 0.1361198296733931
08-Aug-26 21:01:54 - Epoch 94, Model Loss -1.4967090382295496, View Loss -2.0819634767918807, Reg 0.13711635690498974
08-Aug-26 21:02:52 - Epoch 95, Model Loss -1.4999723309784934, View Loss -2.1050490024043063, Reg 0.13637146709206838
08-Aug-26 21:03:08 - Epoch 95: Train_acc 0.7140522875816994 Val_acc 0.6339869281045751 Test_acc 0.6230366492146597 Test_auc 0.6415384615384615
08-Aug-26 21:04:05 - Epoch 96, Model Loss -1.491006735882728, View Loss -2.040264547260758, Reg 0.13667748902553048
08-Aug-26 21:05:04 - Epoch 97, Model Loss -1.4899025306203006, View Loss -2.056976168763404, Reg 0.13680193938461005
08-Aug-26 21:06:02 - Epoch 98, Model Loss -1.4946482539956087, View Loss -2.07196667459276, Reg 0.13520537248623918
08-Aug-26 21:07:00 - Epoch 99, Model Loss -1.4975369989482405, View Loss -2.0644271046507594, Reg 0.137140627877385
08-Aug-26 21:07:58 - Epoch 100, Model Loss -1.4923058865117091, View Loss -2.0525268916211097, Reg 0.136775219070366
08-Aug-26 21:08:15 - Epoch 100: Train_acc 0.704248366013072 Val_acc 0.6078431372549019 Test_acc 0.6178010471204188 Test_auc 0.6491208791208792
08-Aug-26 21:09:13 - Epoch 101, Model Loss -1.4881621778400895, View Loss -2.051183949888142, Reg 0.1381654107297947
08-Aug-26 21:10:11 - Epoch 102, Model Loss -1.4943840955597123, View Loss -2.0589119406307446, Reg 0.1349467851367651
08-Aug-26 21:11:09 - Epoch 103, Model Loss -1.4975603764353236, View Loss -2.0777047631008174, Reg 0.1370802237317453
08-Aug-26 21:12:07 - Epoch 104, Model Loss -1.4850115152745464, View Loss -2.043253191156325, Reg 0.13843758769479453
08-Aug-26 21:13:05 - Epoch 105, Model Loss -1.4752110125971776, View Loss -1.9702820310405655, Reg 0.13662001217891967
08-Aug-26 21:13:25 - Epoch 105: Train_acc 0.7189542483660131 Val_acc 0.5686274509803921 Test_acc 0.6282722513089005 Test_auc 0.6308791208791207
08-Aug-26 21:14:23 - Epoch 106, Model Loss -1.4791672214183933, View Loss -2.031340396482181, Reg 0.13744467745224634
08-Aug-26 21:15:21 - Epoch 107, Model Loss -1.491187806222953, View Loss -2.0659202563217263, Reg 0.13501565265499688
08-Aug-26 21:16:19 - Epoch 108, Model Loss -1.4887491674984203, View Loss -2.058332091063456, Reg 0.1356285033272762
08-Aug-26 21:17:17 - Epoch 109, Model Loss -1.4852412261214911, View Loss -2.005188000747581, Reg 0.13747911690886505
08-Aug-26 21:18:16 - Epoch 110, Model Loss -1.4917968675202014, View Loss -2.0872455858716776, Reg 0.13517219597607658
08-Aug-26 21:18:31 - Epoch 110: Train_acc 0.7630718954248366 Val_acc 0.5816993464052288 Test_acc 0.643979057591623 Test_auc 0.6386813186813187
08-Aug-26 21:19:29 - Epoch 111, Model Loss -1.492313335144442, View Loss -2.0588478200575886, Reg 0.13326221855442508
08-Aug-26 21:20:27 - Epoch 112, Model Loss -1.4907239465152515, View Loss -2.0570232291626773, Reg 0.13787955162571927
08-Aug-26 21:21:25 - Epoch 113, Model Loss -1.491500848259022, View Loss -2.068328779507307, Reg 0.13412681952411054
08-Aug-26 21:22:23 - Epoch 114, Model Loss -1.4954234914841995, View Loss -2.080300617841334, Reg 0.1359510509406819
08-Aug-26 21:23:21 - Epoch 115, Model Loss -1.4959498885410283, View Loss -2.0799204305885666, Reg 0.13673019852318796
08-Aug-26 21:23:37 - Epoch 115: Train_acc 0.75 Val_acc 0.6078431372549019 Test_acc 0.6649214659685864 Test_auc 0.6476923076923077
08-Aug-26 21:24:35 - Epoch 116, Model Loss -1.4951848547443065, View Loss -2.070154847662433, Reg 0.13603823968008452
08-Aug-26 21:25:33 - Epoch 117, Model Loss -1.497519112879934, View Loss -2.07012982773625, Reg 0.13671117884660858
08-Aug-26 21:26:31 - Epoch 118, Model Loss -1.5024068838630626, View Loss -2.0844723539414747, Reg 0.13699622905137493
08-Aug-26 21:27:29 - Epoch 119, Model Loss -1.5019175897236743, View Loss -2.090362071990967, Reg 0.13678006613566204
08-Aug-26 21:28:27 - Epoch 120, Model Loss -1.4995205137464735, View Loss -2.0566395934111155, Reg 0.13578200126005932
08-Aug-26 21:28:43 - Epoch 120: Train_acc 0.6977124183006536 Val_acc 0.6274509803921569 Test_acc 0.6387434554973822 Test_auc 0.6573626373626373
08-Aug-26 21:29:41 - Epoch 121, Model Loss -1.4961822796491235, View Loss -2.0530091890322617, Reg 0.136266586437724
08-Aug-26 21:30:39 - Epoch 122, Model Loss -1.499700072544073, View Loss -2.0472860959620256, Reg 0.1367904030614429
08-Aug-26 21:31:37 - Epoch 123, Model Loss -1.5041038506950428, View Loss -2.0877031718983368, Reg 0.13569197243724773
08-Aug-26 21:32:35 - Epoch 124, Model Loss -1.5027889083413517, View Loss -2.048060918945113, Reg 0.13569492705507216
08-Aug-26 21:33:33 - Epoch 125, Model Loss -1.5053456281524857, View Loss -2.069664539075365, Reg 0.13759860834654639
08-Aug-26 21:33:55 - Epoch 125: Train_acc 0.704248366013072 Val_acc 0.6405228758169934 Test_acc 0.612565445026178 Test_auc 0.6367032967032966
08-Aug-26 21:34:53 - Epoch 126, Model Loss -1.5052659714144039, View Loss -2.0566281368529875, Reg 0.1367977198237687
08-Aug-26 21:35:52 - Epoch 127, Model Loss -1.4987578641355428, View Loss -2.03295150457644, Reg 0.13714390506152235
08-Aug-26 21:36:50 - Epoch 128, Model Loss -1.5083958806555255, View Loss -2.065707524617513, Reg 0.13566960072984882
08-Aug-26 21:37:48 - Epoch 129, Model Loss -1.4875395625245338, View Loss -1.9903435987584732, Reg 0.13629762799132103
08-Aug-26 21:38:46 - Epoch 130, Model Loss -1.5036930508083768, View Loss -2.0585712077570895, Reg 0.13686073099086488
08-Aug-26 21:39:11 - Epoch 130: Train_acc 0.7369281045751634 Val_acc 0.5816993464052288 Test_acc 0.6073298429319371 Test_auc 0.6293406593406594
08-Aug-26 21:40:09 - Epoch 131, Model Loss -1.5032806957469267, View Loss -2.0622849682577296, Reg 0.13523203923421748
08-Aug-26 21:41:07 - Epoch 132, Model Loss -1.4983128784528745, View Loss -2.052496536105287, Reg 0.13726450634353302
08-Aug-26 21:42:05 - Epoch 133, Model Loss -1.505029030095518, View Loss -2.0586483743455677, Reg 0.13651967107080945
08-Aug-26 21:43:03 - Epoch 134, Model Loss -1.5057040725658142, View Loss -2.077938294878193, Reg 0.13560840282954423
08-Aug-26 21:44:01 - Epoch 135, Model Loss -1.5097414372014064, View Loss -2.065132377973569, Reg 0.13576907172701716
08-Aug-26 21:44:20 - Epoch 135: Train_acc 0.7058823529411765 Val_acc 0.6013071895424836 Test_acc 0.6073298429319371 Test_auc 0.6127472527472527
08-Aug-26 21:45:18 - Epoch 136, Model Loss -1.5045536265653723, View Loss -2.0709590101553723, Reg 0.13831890676341024
08-Aug-26 21:46:16 - Epoch 137, Model Loss -1.502998810188443, View Loss -2.0447913338156307, Reg 0.13613273865646786
08-Aug-26 21:47:14 - Epoch 138, Model Loss -1.5028587353774925, View Loss -2.0251122113146813, Reg 0.13576381599981022
08-Aug-26 21:48:12 - Epoch 139, Model Loss -1.5006063810360977, View Loss -2.0246700399062214, Reg 0.1375685544574962
08-Aug-26 21:49:10 - Epoch 140, Model Loss -1.5050652603697932, View Loss -2.03862209569395, Reg 0.1362471664020049
08-Aug-26 21:49:22 - Epoch 140: Train_acc 0.8169934640522876 Val_acc 0.6209150326797386 Test_acc 0.581151832460733 Test_auc 0.6087912087912088
08-Aug-26 21:50:20 - Epoch 141, Model Loss -1.5037758147794438, View Loss -2.0020832547954486, Reg 0.13485930178290098
08-Aug-26 21:51:18 - Epoch 142, Model Loss -1.4960684869803635, View Loss -2.0198248476763956, Reg 0.13625659710831112
08-Aug-26 21:52:16 - Epoch 143, Model Loss -1.5094380222894008, View Loss -2.053865139780481, Reg 0.13551272383702348
08-Aug-26 21:53:14 - Epoch 144, Model Loss -1.5051042394700394, View Loss -2.055767922619589, Reg 0.13680746284575243
08-Aug-26 21:54:12 - Epoch 145, Model Loss -1.4994251307319193, View Loss -2.0294981423546288, Reg 0.13676206300071642
/users/3171356m/miniconda3/envs/grastiacl/lib/python3.12/site-packages/joblib/externals/loky/process_executor.py:782: UserWarning: A worker stopped while some jobs were given to the executor. This can be caused by a too short worker timeout or by a memory leak.
  warnings.warn(
08-Aug-26 21:54:29 - Epoch 145: Train_acc 0.7222222222222222 Val_acc 0.6405228758169934 Test_acc 0.6178010471204188 Test_auc 0.6347252747252747
08-Aug-26 21:55:27 - Epoch 146, Model Loss -1.501246720357658, View Loss -2.0137169594858206, Reg 0.13630616674625795
08-Aug-26 21:56:25 - Epoch 147, Model Loss -1.5052050235224705, View Loss -2.0521856071123112, Reg 0.13685603556679746
08-Aug-26 21:57:23 - Epoch 148, Model Loss -1.511022069095786, View Loss -2.0590657907373764, Reg 0.13521597500330482
08-Aug-26 21:58:21 - Epoch 149, Model Loss -1.5067910711749706, View Loss -2.0498417218526206, Reg 0.13555694239981034
08-Aug-26 21:59:19 - Epoch 150, Model Loss -1.4980394980486702, View Loss -2.02636491862777, Reg 0.13619055496711358
08-Aug-26 21:59:31 - Epoch 150: Train_acc 0.7173202614379085 Val_acc 0.6470588235294118 Test_acc 0.6020942408376964 Test_auc 0.6117582417582418
08-Aug-26 22:00:29 - Epoch 151, Model Loss -1.4870500471077712, View Loss -1.9920669162974638, Reg 0.1361583202492957
08-Aug-26 22:01:27 - Epoch 152, Model Loss -1.505859175538705, View Loss -2.051696085462383, Reg 0.13566388219010597
08-Aug-26 22:02:25 - Epoch 153, Model Loss -1.507505148844002, View Loss -2.064302992976569, Reg 0.13591871746614867
08-Aug-26 22:03:23 - Epoch 154, Model Loss -1.5153592178244997, View Loss -2.0559391601412904, Reg 0.1353534160096661
08-Aug-26 22:04:21 - Epoch 155, Model Loss -1.508936180787928, View Loss -2.0512364362579545, Reg 0.13717848374173533
08-Aug-26 22:04:37 - Epoch 155: Train_acc 0.7663398692810458 Val_acc 0.6078431372549019 Test_acc 0.6020942408376964 Test_auc 0.6174725274725275
08-Aug-26 22:05:35 - Epoch 156, Model Loss -1.5084970885632085, View Loss -2.069762017991808, Reg 0.13608141516158784
08-Aug-26 22:06:32 - Epoch 157, Model Loss -1.5042940650890075, View Loss -2.030876296797609, Reg 0.13502652748347888
08-Aug-26 22:07:30 - Epoch 158, Model Loss -1.511669719920439, View Loss -2.0497012668185763, Reg 0.13591443771630332
08-Aug-26 22:08:28 - Epoch 159, Model Loss -1.4991532244713477, View Loss -1.9979602402331782, Reg 0.135856010165869
08-Aug-26 22:09:26 - Epoch 160, Model Loss -1.5095623116088068, View Loss -2.053918037539214, Reg 0.1360747210340562
08-Aug-26 22:09:40 - Epoch 160: Train_acc 0.7941176470588235 Val_acc 0.6078431372549019 Test_acc 0.5497382198952879 Test_auc 0.6157142857142858
08-Aug-26 22:10:38 - Epoch 161, Model Loss -1.5154051437876583, View Loss -2.03662523257187, Reg 0.1362137532506893
08-Aug-26 22:11:36 - Epoch 162, Model Loss -1.5145551270129634, View Loss -2.067685921986898, Reg 0.13647372173328026
08-Aug-26 22:12:34 - Epoch 163, Model Loss -1.500173543792924, View Loss -2.0380059130051555, Reg 0.13660345650186725
08-Aug-26 22:13:32 - Epoch 164, Model Loss -1.5011509290707656, View Loss -2.006881346110425, Reg 0.1350319120619032
08-Aug-26 22:14:30 - Epoch 165, Model Loss -1.5150549583185733, View Loss -2.0546329940845762, Reg 0.1365115853890874
08-Aug-26 22:14:43 - Epoch 165: Train_acc 0.7058823529411765 Val_acc 0.6339869281045751 Test_acc 0.612565445026178 Test_auc 0.625934065934066
08-Aug-26 22:15:41 - Epoch 166, Model Loss -1.5132644721885133, View Loss -2.0484476525799122, Reg 0.13734211368498458
08-Aug-26 22:16:38 - Epoch 167, Model Loss -1.513626946343316, View Loss -2.0403940225738326, Reg 0.1358756180487427
08-Aug-26 22:17:36 - Epoch 168, Model Loss -1.5125824298733979, View Loss -2.044910259496153, Reg 0.135805044006678
08-Aug-26 22:18:35 - Epoch 169, Model Loss -1.5098468150967865, View Loss -2.0265971102745706, Reg 0.1359300572498172
08-Aug-26 22:19:33 - Epoch 170, Model Loss -1.5184825760087157, View Loss -2.0650991240358043, Reg 0.13565452523480834
08-Aug-26 22:19:44 - Epoch 170: Train_acc 0.7075163398692811 Val_acc 0.6339869281045751 Test_acc 0.6020942408376964 Test_auc 0.6250549450549451
08-Aug-26 22:20:42 - Epoch 171, Model Loss -1.5211107029634363, View Loss -2.055754508847505, Reg 0.13583404312725939
08-Aug-26 22:21:40 - Epoch 172, Model Loss -1.5151059736613355, View Loss -2.0439395437053607, Reg 0.13638508397769306
08-Aug-26 22:22:38 - Epoch 173, Model Loss -1.5158854559356092, View Loss -2.0256463561961855, Reg 0.13579672428907133
08-Aug-26 22:23:36 - Epoch 174, Model Loss -1.5196279637953813, View Loss -2.052878504485087, Reg 0.13457612216083054
08-Aug-26 22:24:34 - Epoch 175, Model Loss -1.5115349651162142, View Loss -2.009613074508368, Reg 0.1354617242719613
/users/3171356m/miniconda3/envs/grastiacl/lib/python3.12/site-packages/joblib/externals/loky/process_executor.py:782: UserWarning: A worker stopped while some jobs were given to the executor. This can be caused by a too short worker timeout or by a memory leak.
  warnings.warn(
08-Aug-26 22:24:50 - Epoch 175: Train_acc 0.7189542483660131 Val_acc 0.6274509803921569 Test_acc 0.5916230366492147 Test_auc 0.6192307692307691
08-Aug-26 22:25:47 - Epoch 176, Model Loss -1.5042194229325438, View Loss -1.992566205317678, Reg 0.13691467080825295
08-Aug-26 22:26:45 - Epoch 177, Model Loss -1.5060303631950827, View Loss -2.0030214209961734, Reg 0.1362254220286226
08-Aug-26 22:27:43 - Epoch 178, Model Loss -1.5158481909558663, View Loss -2.0477422951093684, Reg 0.1359372711649128
08-Aug-26 22:28:41 - Epoch 179, Model Loss -1.5107838001126557, View Loss -2.0090172119389953, Reg 0.13487848512877046
08-Aug-26 22:29:39 - Epoch 180, Model Loss -1.510589213153116, View Loss -2.0108554690491918, Reg 0.13533748637617024
08-Aug-26 22:29:50 - Epoch 180: Train_acc 0.7565359477124183 Val_acc 0.5816993464052288 Test_acc 0.5968586387434555 Test_auc 0.6402197802197803
08-Aug-26 22:30:47 - Epoch 181, Model Loss -1.5178535280663983, View Loss -2.0383404407625885, Reg 0.133690202401744
08-Aug-26 22:31:44 - Epoch 182, Model Loss -1.513591030843897, View Loss -2.0210382673475475, Reg 0.13617865030282464
08-Aug-26 22:32:40 - Epoch 183, Model Loss -1.4981068255854588, View Loss -1.9774064737207748, Reg 0.13739774751117806
08-Aug-26 22:33:36 - Epoch 184, Model Loss -1.5155417498420267, View Loss -2.004043619617138, Reg 0.1339169760155522
08-Aug-26 22:34:33 - Epoch 185, Model Loss -1.5133462014541128, View Loss -2.0315476741666108, Reg 0.1361482317735946
08-Aug-26 22:34:42 - Epoch 185: Train_acc 0.7532679738562091 Val_acc 0.5882352941176471 Test_acc 0.581151832460733 Test_auc 0.6236263736263736
08-Aug-26 22:35:39 - Epoch 186, Model Loss -1.524466763914021, View Loss -2.0478244887457953, Reg 0.13543267986353705
08-Aug-26 22:36:35 - Epoch 187, Model Loss -1.520166440726885, View Loss -2.0666629255207534, Reg 0.13357851961079767
08-Aug-26 22:37:31 - Epoch 188, Model Loss -1.5196777200387195, View Loss -2.032880418440875, Reg 0.13614361280319737
08-Aug-26 22:38:27 - Epoch 189, Model Loss -1.5196325202393377, View Loss -2.017524756637274, Reg 0.1357255516196388
08-Aug-26 22:39:23 - Epoch 190, Model Loss -1.5162343511394425, View Loss -2.034173236173742, Reg 0.13365689684557758
08-Aug-26 22:39:34 - Epoch 190: Train_acc 0.7140522875816994 Val_acc 0.6143790849673203 Test_acc 0.612565445026178 Test_auc 0.6347252747252747
08-Aug-26 22:40:30 - Epoch 191, Model Loss -1.520192560806773, View Loss -2.0400590771943135, Reg 0.1354674113536972
08-Aug-26 22:41:26 - Epoch 192, Model Loss -1.5205343938341327, View Loss -2.019002877029718, Reg 0.13523701967951518
08-Aug-26 22:42:22 - Epoch 193, Model Loss -1.515681815303229, View Loss -2.025166159361796, Reg 0.13504296151641149
08-Aug-26 22:43:18 - Epoch 194, Model Loss -1.5219955600165074, View Loss -2.0562901185228935, Reg 0.13482929259733437
08-Aug-26 22:44:14 - Epoch 195, Model Loss -1.525034256230772, View Loss -2.0281302071864307, Reg 0.13333228347348233
08-Aug-26 22:44:23 - Epoch 195: Train_acc 0.7009803921568627 Val_acc 0.6274509803921569 Test_acc 0.6020942408376964 Test_auc 0.6176923076923078
08-Aug-26 22:45:19 - Epoch 196, Model Loss -1.5254062827116524, View Loss -2.0434417599946064, Reg 0.13489633331111833
08-Aug-26 22:46:15 - Epoch 197, Model Loss -1.5236298367868062, View Loss -2.051565516228769, Reg 0.13666135228537266
08-Aug-26 22:47:11 - Epoch 198, Model Loss -1.5191652322906295, View Loss -2.019979570426193, Reg 0.13536029898263272
08-Aug-26 22:48:07 - Epoch 199, Model Loss -1.51281838635214, View Loss -2.0742102479623035, Reg 0.1344976561521393
08-Aug-26 22:49:03 - Epoch 200, Model Loss -1.5289021660299862, View Loss -2.2015020800571814, Reg 0.13576638192133186
08-Aug-26 22:49:14 - Epoch 200: Train_acc 0.7091503267973857 Val_acc 0.6209150326797386 Test_acc 0.5968586387434555 Test_auc 0.6268131868131869
08-Aug-26 22:50:10 - Epoch 201, Model Loss -1.527919389064016, View Loss -2.0620090634215114, Reg 0.13669705371451535
08-Aug-26 22:51:06 - Epoch 202, Model Loss -1.5182690464593227, View Loss -2.040308131111993, Reg 0.13477173798224507
08-Aug-26 22:52:02 - Epoch 203, Model Loss -1.519672758439008, View Loss -2.045601520662993, Reg 0.13307193837134668
08-Aug-26 22:52:58 - Epoch 204, Model Loss -1.5195829946231219, View Loss -2.0380223716785704, Reg 0.1366678829870972
08-Aug-26 22:53:55 - Epoch 205, Model Loss -1.518959830789005, View Loss -1.9964108778760323, Reg 0.13288946050444458
08-Aug-26 22:54:04 - Epoch 205: Train_acc 0.7598039215686274 Val_acc 0.5490196078431373 Test_acc 0.612565445026178 Test_auc 0.6370329670329671
08-Aug-26 22:55:00 - Epoch 206, Model Loss -1.5115717407924678, View Loss -2.0243176510131438, Reg 0.13749676757778218
08-Aug-26 22:55:56 - Epoch 207, Model Loss -1.5148554752075594, View Loss -2.020896219739727, Reg 0.13348845358377967
08-Aug-26 22:56:53 - Epoch 208, Model Loss -1.524786936691384, View Loss -2.0473990845524406, Reg 0.1375674296633091
08-Aug-26 22:57:49 - Epoch 209, Model Loss -1.5276724528643042, View Loss -2.053939834918851, Reg 0.13247152977909138
08-Aug-26 22:58:45 - Epoch 210, Model Loss -1.5285922281103197, View Loss -2.0418410083047704, Reg 0.13599519718901004
08-Aug-26 22:58:56 - Epoch 210: Train_acc 0.7124183006535948 Val_acc 0.6143790849673203 Test_acc 0.6073298429319371 Test_auc 0.6320879120879122
08-Aug-26 22:59:52 - Epoch 211, Model Loss -1.5288032830930223, View Loss -2.049565561456618, Reg 0.1330082069814595
08-Aug-26 23:00:48 - Epoch 212, Model Loss -1.5227523286358204, View Loss -2.037880299138088, Reg 0.1362086514047548
08-Aug-26 23:01:44 - Epoch 213, Model Loss -1.5281015252755359, View Loss -2.0421876408695394, Reg 0.13336014221696293
08-Aug-26 23:02:40 - Epoch 214, Model Loss -1.5163685667748545, View Loss -1.9643020785711949, Reg 0.13578842434228636
08-Aug-26 23:03:36 - Epoch 215, Model Loss -1.5264879114487593, View Loss -2.0235714850082895, Reg 0.13362020400224947
08-Aug-26 23:03:46 - Epoch 215: Train_acc 0.7026143790849673 Val_acc 0.6339869281045751 Test_acc 0.6020942408376964 Test_auc 0.6286813186813187
08-Aug-26 23:04:42 - Epoch 216, Model Loss -1.525332207773246, View Loss -2.045913038690106, Reg 0.1354631602374557
08-Aug-26 23:05:38 - Epoch 217, Model Loss -1.5261653669519362, View Loss -2.0307577357572666, Reg 0.13525727274371127
08-Aug-26 23:06:34 - Epoch 218, Model Loss -1.524629835988961, View Loss -2.054360212064257, Reg 0.1335372983240614
08-Aug-26 23:07:31 - Epoch 219, Model Loss -1.5298536338058173, View Loss -2.059901471231498, Reg 0.13771743088765862
08-Aug-26 23:08:27 - Epoch 220, Model Loss -1.530122788123835, View Loss -2.057204564412435, Reg 0.13397095104058585
08-Aug-26 23:08:37 - Epoch 220: Train_acc 0.7058823529411765 Val_acc 0.6339869281045751 Test_acc 0.612565445026178 Test_auc 0.6469230769230769
08-Aug-26 23:09:33 - Epoch 221, Model Loss -1.531575957154916, View Loss -2.0404748604967704, Reg 0.13457299028736314
08-Aug-26 23:10:29 - Epoch 222, Model Loss -1.5262642779381446, View Loss -2.032522011426539, Reg 0.1354061464468638
08-Aug-26 23:11:26 - Epoch 223, Model Loss -1.5314791903776281, View Loss -2.029868658851175, Reg 0.13534485991873774
08-Aug-26 23:12:22 - Epoch 224, Model Loss -1.5238494779549392, View Loss -2.035506918539409, Reg 0.1336158746305634
08-Aug-26 23:13:18 - Epoch 225, Model Loss -1.530829099268695, View Loss -2.0472726541406967, Reg 0.1348694971476505
08-Aug-26 23:13:30 - Epoch 225: Train_acc 0.6977124183006536 Val_acc 0.5882352941176471 Test_acc 0.5916230366492147 Test_auc 0.6357142857142857
08-Aug-26 23:14:27 - Epoch 226, Model Loss -1.5220008737900679, View Loss -1.9964684271344952, Reg 0.1344603315677518
08-Aug-26 23:15:23 - Epoch 227, Model Loss -1.5201291726305595, View Loss -1.987003778320512, Reg 0.1337230677892959
08-Aug-26 23:16:19 - Epoch 228, Model Loss -1.5311814040140388, View Loss -2.0351223945617676, Reg 0.13506437107628466
08-Aug-26 23:17:15 - Epoch 229, Model Loss -1.5281381731718973, View Loss -2.0205558359233384, Reg 0.13374613040412953
08-Aug-26 23:18:11 - Epoch 230, Model Loss -1.5273553997862572, View Loss -2.024048702389586, Reg 0.13453560376089382
08-Aug-26 23:18:20 - Epoch 230: Train_acc 0.7058823529411765 Val_acc 0.6143790849673203 Test_acc 0.612565445026178 Test_auc 0.6246153846153846
08-Aug-26 23:19:16 - Epoch 231, Model Loss -1.5228233025744071, View Loss -2.0275677668502907, Reg 0.13440267459239835
08-Aug-26 23:20:13 - Epoch 232, Model Loss -1.5227644739587323, View Loss -2.003308174656887, Reg 0.13538171769746768
08-Aug-26 23:21:09 - Epoch 233, Model Loss -1.52920465531692, View Loss -1.9990396406136306, Reg 0.13464481831570857
08-Aug-26 23:22:05 - Epoch 234, Model Loss -1.5258081504722047, View Loss -2.0103289940777946, Reg 0.132972238110561
08-Aug-26 23:23:02 - Epoch 235, Model Loss -1.525289429558648, View Loss -2.0026581895117666, Reg 0.135389100881963
08-Aug-26 23:23:13 - Epoch 235: Train_acc 0.8480392156862745 Val_acc 0.5424836601307189 Test_acc 0.5863874345549738 Test_auc 0.6204395604395604
08-Aug-26 23:24:09 - Epoch 236, Model Loss -1.5301310688841576, View Loss -2.032431854921229, Reg 0.1331858669036354
08-Aug-26 23:25:05 - Epoch 237, Model Loss -1.5277669258367002, View Loss -2.0428089098213547, Reg 0.134613407398361
08-Aug-26 23:26:01 - Epoch 238, Model Loss -1.5259459439445944, View Loss -2.042408759297888, Reg 0.13441970613267687
08-Aug-26 23:26:58 - Epoch 239, Model Loss -1.519425099192102, View Loss -1.9969837930467393, Reg 0.13310063021634919
08-Aug-26 23:27:54 - Epoch 240, Model Loss -1.5253689148846794, View Loss -2.020373001597286, Reg 0.1352140936586592
08-Aug-26 23:28:06 - Epoch 240: Train_acc 0.869281045751634 Val_acc 0.5490196078431373 Test_acc 0.5654450261780105 Test_auc 0.5946153846153845
08-Aug-26 23:29:02 - Epoch 241, Model Loss -1.5287654228459775, View Loss -2.04006567499996, Reg 0.13405307075556586
08-Aug-26 23:29:58 - Epoch 242, Model Loss -1.531205819323172, View Loss -2.0359384468178345, Reg 0.13362154656765507
08-Aug-26 23:30:54 - Epoch 243, Model Loss -1.5291412079256343, View Loss -2.0466692868401024, Reg 0.1340195151423317
08-Aug-26 23:31:51 - Epoch 244, Model Loss -1.5328370511921403, View Loss -2.0497229738173144, Reg 0.1340257387145672
08-Aug-26 23:32:47 - Epoch 245, Model Loss -1.5338415569729276, View Loss -2.0291280123143416, Reg 0.1322753778080535
08-Aug-26 23:32:54 - Epoch 245: Train_acc 0.8137254901960784 Val_acc 0.5620915032679739 Test_acc 0.6282722513089005 Test_auc 0.6397802197802198
08-Aug-26 23:33:50 - Epoch 246, Model Loss -1.5278781068091298, View Loss -2.042653242746989, Reg 0.13625532943828433
08-Aug-26 23:34:46 - Epoch 247, Model Loss -1.5281910865135442, View Loss -2.0119214276083155, Reg 0.13444113283375508
08-Aug-26 23:35:42 - Epoch 248, Model Loss -1.5199595681982103, View Loss -1.9616524752448588, Reg 0.13477072061276904
08-Aug-26 23:36:38 - Epoch 249, Model Loss -1.5252209177204208, View Loss -2.0085787056318294, Reg 0.13415099402853087
08-Aug-26 23:37:35 - Epoch 250, Model Loss -1.5256377450780931, View Loss -1.9871075075436262, Reg 0.13409993987457425
08-Aug-26 23:37:41 - Epoch 250: Train_acc 0.7075163398692811 Val_acc 0.6143790849673203 Test_acc 0.5916230366492147 Test_auc 0.6215384615384615
08-Aug-26 23:38:37 - Epoch 251, Model Loss -1.5208029902838414, View Loss -2.010999617233775, Reg 0.13356555092568492
08-Aug-26 23:39:33 - Epoch 252, Model Loss -1.5298610886717154, View Loss -2.021653278201234, Reg 0.1338413655757904
08-Aug-26 23:40:29 - Epoch 253, Model Loss -1.5343991697224137, View Loss -2.031399630253611, Reg 0.13479898568072352
08-Aug-26 23:41:25 - Epoch 254, Model Loss -1.5316730823392182, View Loss -2.045422067829207, Reg 0.13454840794887418
08-Aug-26 23:42:21 - Epoch 255, Model Loss -1.5257049915837306, View Loss -2.0351485769733104, Reg 0.13240814467076384
08-Aug-26 23:42:31 - Epoch 255: Train_acc 0.7107843137254902 Val_acc 0.6013071895424836 Test_acc 0.5863874345549738 Test_auc 0.6287912087912089
08-Aug-26 23:43:27 - Epoch 256, Model Loss -1.5294109356948753, View Loss -2.0537899553386216, Reg 0.13349673848331364
08-Aug-26 23:44:23 - Epoch 257, Model Loss -1.5179476956136866, View Loss -1.9945751545475978, Reg 0.13407647828845418
08-Aug-26 23:45:19 - Epoch 258, Model Loss -1.5257459715300916, View Loss -2.010974210851333, Reg 0.13384712219627853
08-Aug-26 23:46:16 - Epoch 259, Model Loss -1.510031681434781, View Loss -1.95856223698535, Reg 0.1338306963930722
08-Aug-26 23:47:12 - Epoch 260, Model Loss -1.5299282697291157, View Loss -2.0238569203545067, Reg 0.13362431750188467
08-Aug-26 23:47:23 - Epoch 260: Train_acc 0.6977124183006536 Val_acc 0.6274509803921569 Test_acc 0.581151832460733 Test_auc 0.6192307692307693
08-Aug-26 23:48:20 - Epoch 261, Model Loss -1.5300323074939204, View Loss -2.041114229002809, Reg 0.1331781295487304
08-Aug-26 23:49:16 - Epoch 262, Model Loss -1.5319827459996043, View Loss -2.04201966640996, Reg 0.13322335900434482
08-Aug-26 23:50:12 - Epoch 263, Model Loss -1.5330481560401668, View Loss -2.03387397566652, Reg 0.1346583329384623
08-Aug-26 23:51:08 - Epoch 264, Model Loss -1.5338836807051515, View Loss -2.0296854505351947, Reg 0.1334570005438686
08-Aug-26 23:52:04 - Epoch 265, Model Loss -1.531681618659325, View Loss -2.046391764497445, Reg 0.13419872210695852
08-Aug-26 23:52:13 - Epoch 265: Train_acc 0.7565359477124183 Val_acc 0.5947712418300654 Test_acc 0.612565445026178 Test_auc 0.6326373626373626
08-Aug-26 23:53:09 - Epoch 266, Model Loss -1.5324764251708984, View Loss -2.023035582374124, Reg 0.13465940085501452
08-Aug-26 23:54:05 - Epoch 267, Model Loss -1.5401295431299147, View Loss -2.046015811122321, Reg 0.13331088608776043
08-Aug-26 23:55:01 - Epoch 268, Model Loss -1.5396274117862476, View Loss -2.0238801825280284, Reg 0.13436183898277532
08-Aug-26 23:55:58 - Epoch 269, Model Loss -1.5440510332194808, View Loss -2.0602298904867733, Reg 0.13257888329574485
08-Aug-26 23:56:54 - Epoch 270, Model Loss -1.53446533165726, View Loss -2.030233638738495, Reg 0.133296785401363
08-Aug-26 23:57:02 - Epoch 270: Train_acc 0.815359477124183 Val_acc 0.5620915032679739 Test_acc 0.6073298429319371 Test_auc 0.6421978021978022
08-Aug-26 23:57:58 - Epoch 271, Model Loss -1.5432885082718593, View Loss -2.0603731629116084, Reg 0.13412170871800067
08-Aug-26 23:58:54 - Epoch 272, Model Loss -1.5366709590737337, View Loss -2.0207897479238075, Reg 0.13301726240737766
08-Aug-26 23:59:50 - Epoch 273, Model Loss -1.535968219532686, View Loss -2.035761505949731, Reg 0.13457049263848198
09-Aug-26 00:00:46 - Epoch 274, Model Loss -1.5356700903449962, View Loss -2.0346081303615198, Reg 0.13402724236834282
09-Aug-26 00:01:42 - Epoch 275, Model Loss -1.5351527937097487, View Loss -2.0210097194497103, Reg 0.13395510964533863
09-Aug-26 00:01:50 - Epoch 275: Train_acc 0.7761437908496732 Val_acc 0.5816993464052288 Test_acc 0.6282722513089005 Test_auc 0.6306593406593406
09-Aug-26 00:02:46 - Epoch 276, Model Loss -1.531886555790122, View Loss -1.9990836342954947, Reg 0.13393107134532306
09-Aug-26 00:03:42 - Epoch 277, Model Loss -1.5269375127904556, View Loss -1.962614785612019, Reg 0.13389219460534116
09-Aug-26 00:04:38 - Epoch 278, Model Loss -1.5282137160207712, View Loss -2.0136950343262914, Reg 0.1339329631110422
09-Aug-26 00:05:34 - Epoch 279, Model Loss -1.5267402268702688, View Loss -2.025458494822184, Reg 0.13323093580654244
09-Aug-26 00:06:30 - Epoch 280, Model Loss -1.5273814170189153, View Loss -1.9875894995296703, Reg 0.13401519020203673
09-Aug-26 00:06:38 - Epoch 280: Train_acc 0.7549019607843137 Val_acc 0.5686274509803921 Test_acc 0.612565445026178 Test_auc 0.6294505494505495
09-Aug-26 00:07:34 - Epoch 281, Model Loss -1.5206600014680351, View Loss -1.9523477149165533, Reg 0.13318227513942843
09-Aug-26 00:08:30 - Epoch 282, Model Loss -1.5323733971788993, View Loss -2.0106102126875736, Reg 0.13503924070620069
09-Aug-26 00:09:26 - Epoch 283, Model Loss -1.5259863535563152, View Loss -1.9826223787918589, Reg 0.1346666678981064
09-Aug-26 00:10:23 - Epoch 284, Model Loss -1.5283550623974769, View Loss -1.9919363096648572, Reg 0.132794200010549
09-Aug-26 00:11:19 - Epoch 285, Model Loss -1.5323277610579347, View Loss -2.0177123780344046, Reg 0.13303175101093218
09-Aug-26 00:11:28 - Epoch 285: Train_acc 0.7630718954248366 Val_acc 0.6078431372549019 Test_acc 0.6335078534031413 Test_auc 0.6324175824175824
09-Aug-26 00:12:24 - Epoch 286, Model Loss -1.5296962276782864, View Loss -1.9881868113100138, Reg 0.13465824353149514
09-Aug-26 00:13:20 - Epoch 287, Model Loss -1.5374468853271086, View Loss -2.0420017491758258, Reg 0.1323941981578185
09-Aug-26 00:14:16 - Epoch 288, Model Loss -1.5294789582296135, View Loss -2.0240384238997318, Reg 0.1337871786231309
09-Aug-26 00:15:12 - Epoch 289, Model Loss -1.5338058845669615, View Loss -2.0275268617019155, Reg 0.13241482852331174
09-Aug-26 00:16:09 - Epoch 290, Model Loss -1.5366453656963273, View Loss -2.0350175745346966, Reg 0.13443311152894513
09-Aug-26 00:16:21 - Epoch 290: Train_acc 0.8186274509803921 Val_acc 0.5686274509803921 Test_acc 0.5916230366492147 Test_auc 0.6092307692307692
09-Aug-26 00:17:17 - Epoch 291, Model Loss -1.5368243884416968, View Loss -2.0898008533552583, Reg 0.13373553694463244
09-Aug-26 00:18:13 - Epoch 292, Model Loss -1.5410599521562165, View Loss -2.0549328498591004, Reg 0.13195743767264623
09-Aug-26 00:19:10 - Epoch 293, Model Loss -1.538809209088095, View Loss -1.993318392560373, Reg 0.13360624453600714
09-Aug-26 00:20:06 - Epoch 294, Model Loss -1.531286747627009, View Loss -2.0253054113949047, Reg 0.1332543952013153
09-Aug-26 00:21:02 - Epoch 295, Model Loss -1.5348460378210529, View Loss -2.00956949844859, Reg 0.13358910683712927
09-Aug-26 00:21:11 - Epoch 295: Train_acc 0.7009803921568627 Val_acc 0.6143790849673203 Test_acc 0.6073298429319371 Test_auc 0.6323076923076923
09-Aug-26 00:22:07 - Epoch 296, Model Loss -1.5339661766501034, View Loss -2.029978440477957, Reg 0.13319360559769705
09-Aug-26 00:23:03 - Epoch 297, Model Loss -1.5413921611760957, View Loss -2.018977174571916, Reg 0.13300570183330113
09-Aug-26 00:24:00 - Epoch 298, Model Loss -1.5385799937778049, View Loss -2.018577815660464, Reg 0.1346115888723361
09-Aug-26 00:24:56 - Epoch 299, Model Loss -1.5425025902542413, View Loss -2.030435530967962, Reg 0.13386139010681825
09-Aug-26 00:25:52 - Epoch 300, Model Loss -1.534281571706136, View Loss -1.9888406734840542, Reg 0.13333492974440256
09-Aug-26 00:26:01 - Epoch 300: Train_acc 0.7026143790849673 Val_acc 0.6143790849673203 Test_acc 0.5916230366492147 Test_auc 0.6295604395604395
09-Aug-26 00:26:01 - FinishedTraining! BestEpoch (eval-interval index): 29
09-Aug-26 00:26:01 - Wrote /users/3171356m/muhammad/GraSTIACL/nested_cv/results/nocombat__emb256_bs32__fold1.json
09-Aug-26 00:26:01 - {
  "emb_dim": 256,
  "batch_size": 32,
  "fold": 1,
  "combat": false,
  "n_train": 612,
  "n_val": 153,
  "n_test": 191,
  "best_val_epoch_idx": 29,
  "train_accuracy": 0.7173202614379085,
  "val_accuracy": 0.6470588235294118,
  "test_accuracy": 0.6020942408376964,
  "train_f1": 0.7032590051457976,
  "val_f1": 0.625,
  "test_f1": 0.5824175824175825,
  "train_sensitivity": 0.70446735153104,
  "val_sensitivity": 0.6164383477200227,
  "test_sensitivity": 0.5824175760173893,
  "train_specificity": 0.7289719603458817,
  "val_specificity": 0.6749999915625001,
  "test_specificity": 0.6199999938,
  "train_precision": 0.702054794520548,
  "val_precision": 0.6338028169014085,
  "test_precision": 0.5824175824175825,
  "test_auc": 0.6117582417582418,
  "fin_reg": 0.13619055496711358
}
