08-Aug-26 23:07:10 - Using Device: cuda
08-Aug-26 23:07:10 - Seed: 123, Fold: 1, ComBat: False
08-Aug-26 23:07:10 - Namespace(fold=1, combat=False, num_dyn_windows=3, model_lr=0.0005, view_lr=0.0005, num_gc_layers=2, pooling_type='standard', emb_dim=512, vib_hidden_dim=400, batch_size=128, drop_ratio=0.3, epochs=300, kld_lambda=0.003, reg_lambda=0.2, gamma_mode='paper_literal', node_feature_mode='alff_pcc', mij_source='alff_pcc', template=90, eval_interval=5, downstream_classifier='linear', ce_lambda=2.0, seed=123)
08-Aug-26 23:07:10 - Loading raw subject data...
08-Aug-26 23:10:04 - Loaded 956 subjects (455 ASD, 501 NC)
08-Aug-26 23:10:04 - alff_pcc scale stats (train_val_idx only): alff=[-3.5994,5.6307] pcc=[-0.7600,1.0000]
08-Aug-26 23:10:04 - Train/Val/Test sizes: 612/153/191
08-Aug-26 23:11:09 - Epoch 1, Model Loss 1.1748480995496113, View Loss -8.327909918392406, Reg 0.38640723684254813
08-Aug-26 23:12:09 - Epoch 2, Model Loss 0.512481805156259, View Loss -5.39954117232678, Reg 0.12357738058941037
08-Aug-26 23:13:09 - Epoch 3, Model Loss 0.2923894487321377, View Loss -1.843249829766018, Reg 0.1756586122746561
08-Aug-26 23:14:10 - Epoch 4, Model Loss 0.1965675929110814, View Loss -1.2531323027766608, Reg 0.2641330214302524
08-Aug-26 23:15:10 - Epoch 5, Model Loss 0.16520078996427698, View Loss -2.154562945459403, Reg 0.13749391775505215
08-Aug-26 23:15:28 - Epoch 5: Train_acc 0.8006535947712419 Val_acc 0.6143790849673203 Test_acc 0.5863874345549738 Test_auc 0.6049450549450549
08-Aug-26 23:16:30 - Epoch 6, Model Loss 0.10812367718009387, View Loss -2.748820261238447, Reg 0.1808743807030659
08-Aug-26 23:17:31 - Epoch 7, Model Loss 0.08274265052446353, View Loss -2.691301006117677, Reg 0.14951687788262086
08-Aug-26 23:18:31 - Epoch 8, Model Loss 0.08391791416539086, View Loss -2.573347250620524, Reg 0.14406162354291654
08-Aug-26 23:19:31 - Epoch 9, Model Loss 0.05576303494132422, View Loss -2.4670830536511987, Reg 0.15461267745183185
08-Aug-26 23:20:32 - Epoch 10, Model Loss 0.05990179973879671, View Loss -2.366625153161342, Reg 0.13785522270436382
08-Aug-26 23:20:51 - Epoch 10: Train_acc 0.7875816993464052 Val_acc 0.6078431372549019 Test_acc 0.5863874345549738 Test_auc 0.6093406593406594
08-Aug-26 23:21:54 - Epoch 11, Model Loss 0.035732986101138044, View Loss -2.244140543968849, Reg 0.15087703990390877
08-Aug-26 23:22:56 - Epoch 12, Model Loss 0.04161686192150989, View Loss -2.126638107050478, Reg 0.13629381056704554
08-Aug-26 23:23:57 - Epoch 13, Model Loss 0.02360118516519958, View Loss -1.975752924002853, Reg 0.15381251129449583
08-Aug-26 23:24:59 - Epoch 14, Model Loss 0.023058265447616577, View Loss -1.8076409810508778, Reg 0.13697388553931042
08-Aug-26 23:26:01 - Epoch 15, Model Loss 0.010314569364186206, View Loss -1.662285022486269, Reg 0.14677723355932173
08-Aug-26 23:26:19 - Epoch 15: Train_acc 0.8627450980392157 Val_acc 0.5359477124183006 Test_acc 0.5706806282722513 Test_auc 0.5824175824175826
08-Aug-26 23:27:23 - Epoch 16, Model Loss 0.00437908799819697, View Loss -1.5646006827260934, Reg 0.1358910281868542
08-Aug-26 23:28:24 - Epoch 17, Model Loss -0.0007621320634106406, View Loss -1.524505728210499, Reg 0.1361775645633149
08-Aug-26 23:29:25 - Epoch 18, Model Loss 0.003314456324172176, View Loss -1.4924327057171491, Reg 0.13465794706656262
08-Aug-26 23:30:24 - Epoch 19, Model Loss 0.007841722443212872, View Loss -1.5067038426991382, Reg 0.1391068931693345
08-Aug-26 23:31:24 - Epoch 20, Model Loss -0.004744365616561541, View Loss -1.4741428825590346, Reg 0.14640717334996642
08-Aug-26 23:31:40 - Epoch 20: Train_acc 0.7924836601307189 Val_acc 0.6274509803921569 Test_acc 0.5968586387434555 Test_auc 0.6059340659340658
08-Aug-26 23:32:40 - Epoch 21, Model Loss -0.010621279283286699, View Loss -1.4262272064981898, Reg 0.13826766376401864
08-Aug-26 23:33:38 - Epoch 22, Model Loss -0.01652415311024859, View Loss -1.403086444131689, Reg 0.13916537272774315
08-Aug-26 23:34:37 - Epoch 23, Model Loss -0.02217739888655594, View Loss -1.395381256645801, Reg 0.13629334911801458
08-Aug-26 23:35:36 - Epoch 24, Model Loss -0.02591883649233899, View Loss -1.3851649511873332, Reg 0.13533852712001676
08-Aug-26 23:36:34 - Epoch 25, Model Loss -0.02897865106077755, View Loss -1.3718359330121208, Reg 0.13831425657848906
08-Aug-26 23:36:40 - Epoch 25: Train_acc 0.7875816993464052 Val_acc 0.6274509803921569 Test_acc 0.6020942408376964 Test_auc 0.616043956043956
08-Aug-26 23:37:39 - Epoch 26, Model Loss -0.02867880794737074, View Loss -1.3629066772710263, Reg 0.13686129002789266
08-Aug-26 23:38:37 - Epoch 27, Model Loss -0.030182596028240676, View Loss -1.3402776102614558, Reg 0.13483481498715144
08-Aug-26 23:39:35 - Epoch 28, Model Loss -0.03722978063731217, View Loss -1.329678385086309, Reg 0.13782771701127097
08-Aug-26 23:40:33 - Epoch 29, Model Loss -0.037063981095949806, View Loss -1.3204803832995347, Reg 0.1350096432017345
08-Aug-26 23:41:31 - Epoch 30, Model Loss -0.03992555855341207, View Loss -1.3191642839145037, Reg 0.1368373133777793
08-Aug-26 23:41:38 - Epoch 30: Train_acc 0.7826797385620915 Val_acc 0.6078431372549019 Test_acc 0.581151832460733 Test_auc 0.6070329670329672
08-Aug-26 23:42:36 - Epoch 31, Model Loss -0.039650652630656376, View Loss -1.306458024417653, Reg 0.1385005411564135
08-Aug-26 23:43:34 - Epoch 32, Model Loss -0.042836218390589445, View Loss -1.3090002918555066, Reg 0.13700196633931078
08-Aug-26 23:44:31 - Epoch 33, Model Loss -0.042346497547197964, View Loss -1.291658752883961, Reg 0.13521106395066954
08-Aug-26 23:45:29 - Epoch 34, Model Loss -0.0520778244324759, View Loss -1.3034633733088674, Reg 0.1426374874765577
08-Aug-26 23:46:27 - Epoch 35, Model Loss -0.049951965123220206, View Loss -1.2946010921515672, Reg 0.14235126894283917
08-Aug-26 23:46:33 - Epoch 35: Train_acc 0.7908496732026143 Val_acc 0.6339869281045751 Test_acc 0.6020942408376964 Test_auc 0.6204395604395604
08-Aug-26 23:47:31 - Epoch 36, Model Loss -0.053734111240486694, View Loss -1.3030768773135017, Reg 0.1322792812305338
08-Aug-26 23:48:29 - Epoch 37, Model Loss -0.0552324522164912, View Loss -1.279861242163415, Reg 0.1321909772414787
08-Aug-26 23:49:27 - Epoch 38, Model Loss -0.05559824231792899, View Loss -1.253972309866762, Reg 0.14207631495653414
08-Aug-26 23:50:24 - Epoch 39, Model Loss -0.054018866782094915, View Loss -1.2527542301252776, Reg 0.1429613150802313
08-Aug-26 23:51:22 - Epoch 40, Model Loss -0.05489333275876014, View Loss -1.23651403539321, Reg 0.13863482087655785
08-Aug-26 23:51:28 - Epoch 40: Train_acc 0.7908496732026143 Val_acc 0.6339869281045751 Test_acc 0.5916230366492147 Test_auc 0.6132967032967033
08-Aug-26 23:52:26 - Epoch 41, Model Loss -0.05792854991711043, View Loss -1.2200614128237457, Reg 0.13865363977703393
08-Aug-26 23:53:24 - Epoch 42, Model Loss -0.05975453195229075, View Loss -1.2184398610607472, Reg 0.14047461913691628
08-Aug-26 23:54:22 - Epoch 43, Model Loss -0.06430314062467588, View Loss -1.2128508270176408, Reg 0.1405236313935199
08-Aug-26 23:55:20 - Epoch 44, Model Loss -0.06214850517659405, View Loss -1.2139015415914698, Reg 0.13970269769235374
08-Aug-26 23:56:18 - Epoch 45, Model Loss -0.06309051587690714, View Loss -1.2050567670585284, Reg 0.1392894909272786
08-Aug-26 23:56:26 - Epoch 45: Train_acc 0.7892156862745098 Val_acc 0.6274509803921569 Test_acc 0.5759162303664922 Test_auc 0.6162637362637363
08-Aug-26 23:57:24 - Epoch 46, Model Loss -0.06338560269549003, View Loss -1.1980850688772264, Reg 0.14079165809294758
08-Aug-26 23:58:22 - Epoch 47, Model Loss -0.06989140331355576, View Loss -1.1988964104184918, Reg 0.14135168395400827
08-Aug-26 23:59:20 - Epoch 48, Model Loss -0.0684550488306806, View Loss -1.1970747553445156, Reg 0.1403841304233651
09-Aug-26 00:00:18 - Epoch 49, Model Loss -0.06738799226050284, View Loss -1.1872290240393744, Reg 0.14024304535264284
09-Aug-26 00:01:16 - Epoch 50, Model Loss -0.0769850942823622, View Loss -1.1852839709886538, Reg 0.14086359164683648
09-Aug-26 00:01:22 - Epoch 50: Train_acc 0.7859477124183006 Val_acc 0.6274509803921569 Test_acc 0.5916230366492147 Test_auc 0.6043956043956044
09-Aug-26 00:02:20 - Epoch 51, Model Loss -0.07288618609796163, View Loss -1.1823466735727646, Reg 0.1381454155141232
09-Aug-26 00:03:17 - Epoch 52, Model Loss -0.06769370097740024, View Loss -1.172813265152227, Reg 0.13970044187081407
09-Aug-26 00:04:16 - Epoch 53, Model Loss -0.07206790119993921, View Loss -1.1623675519344854, Reg 0.1417480014702853
09-Aug-26 00:05:13 - Epoch 54, Model Loss -0.07749227254219304, View Loss -1.146805226413253, Reg 0.1408257033505471
09-Aug-26 00:06:11 - Epoch 55, Model Loss -0.07097404377133239, View Loss -1.1471846352994832, Reg 0.14153726106765224
09-Aug-26 00:06:18 - Epoch 55: Train_acc 0.7973856209150327 Val_acc 0.6274509803921569 Test_acc 0.5968586387434555 Test_auc 0.6156043956043956
09-Aug-26 00:07:15 - Epoch 56, Model Loss -0.0731780606936785, View Loss -1.1360442724103241, Reg 0.14222379369673385
09-Aug-26 00:08:13 - Epoch 57, Model Loss -0.0758279908716289, View Loss -1.1292901467653662, Reg 0.14257378808034013
09-Aug-26 00:09:11 - Epoch 58, Model Loss -0.07171240000942954, View Loss -1.145274141255547, Reg 0.13990916779228285
09-Aug-26 00:10:09 - Epoch 59, Model Loss -0.07717425916709152, View Loss -1.1347769272872825, Reg 0.14079568014035818
09-Aug-26 00:11:07 - Epoch 60, Model Loss -0.07832355709636912, View Loss -1.1504449298958372, Reg 0.13886785390330295
09-Aug-26 00:11:12 - Epoch 60: Train_acc 0.7908496732026143 Val_acc 0.6143790849673203 Test_acc 0.5916230366492147 Test_auc 0.6084615384615385
09-Aug-26 00:12:10 - Epoch 61, Model Loss -0.07776982527153165, View Loss -1.1495725321613885, Reg 0.1405568303041209
09-Aug-26 00:13:08 - Epoch 62, Model Loss -0.07686533842211456, View Loss -1.1287854707318974, Reg 0.1424064470662011
09-Aug-26 00:14:06 - Epoch 63, Model Loss -0.08076313274358612, View Loss -1.1064400517083461, Reg 0.14380017692357108
09-Aug-26 00:15:04 - Epoch 64, Model Loss -0.0805220331241882, View Loss -1.1023135535857256, Reg 0.1414842108885447
09-Aug-26 00:16:02 - Epoch 65, Model Loss -0.08445233924716126, View Loss -1.0947094384361715, Reg 0.14213216743048498
09-Aug-26 00:16:09 - Epoch 65: Train_acc 0.8611111111111112 Val_acc 0.5032679738562091 Test_acc 0.5392670157068062 Test_auc 0.5815384615384616
09-Aug-26 00:17:07 - Epoch 66, Model Loss -0.08863323498395534, View Loss -1.1045287021624497, Reg 0.14227030499308718
09-Aug-26 00:18:05 - Epoch 67, Model Loss -0.08260776618726892, View Loss -1.093532711072685, Reg 0.14104806276318294
09-Aug-26 00:19:03 - Epoch 68, Model Loss -0.08694509859957726, View Loss -1.0913505039963067, Reg 0.14218458065799638
09-Aug-26 00:20:01 - Epoch 69, Model Loss -0.08443737361166212, View Loss -1.0926192445692673, Reg 0.13891037499982548
09-Aug-26 00:21:00 - Epoch 70, Model Loss -0.08672237026146035, View Loss -1.0917886916328878, Reg 0.14105048639322418
09-Aug-26 00:21:10 - Epoch 70: Train_acc 0.7908496732026143 Val_acc 0.6078431372549019 Test_acc 0.5968586387434555 Test_auc 0.6158241758241758
09-Aug-26 00:22:08 - Epoch 71, Model Loss -0.08449062958262325, View Loss -1.0828857655618704, Reg 0.14312899288009195
09-Aug-26 00:23:06 - Epoch 72, Model Loss -0.08720182827095581, View Loss -1.0799570597854316, Reg 0.14107866380728928
09-Aug-26 00:24:03 - Epoch 73, Model Loss -0.08799348606003655, View Loss -1.076801971672407, Reg 0.14161905811892617
09-Aug-26 00:25:01 - Epoch 74, Model Loss -0.08649669246735915, View Loss -1.0674711177551668, Reg 0.14138807249225044
09-Aug-26 00:26:00 - Epoch 75, Model Loss -0.08850650693856034, View Loss -1.0614614120495864, Reg 0.14182199420882205
09-Aug-26 00:26:08 - Epoch 75: Train_acc 0.7859477124183006 Val_acc 0.6209150326797386 Test_acc 0.5968586387434555 Test_auc 0.6114285714285714
09-Aug-26 00:27:06 - Epoch 76, Model Loss -0.09240851449031456, View Loss -1.0638065003102122, Reg 0.13954086699127372
09-Aug-26 00:28:03 - Epoch 77, Model Loss -0.09027409592485117, View Loss -1.0605751712337819, Reg 0.1411036076693753
09-Aug-26 00:29:00 - Epoch 78, Model Loss -0.09243436186921362, View Loss -1.0487612057355493, Reg 0.14151148069528194
09-Aug-26 00:29:58 - Epoch 79, Model Loss -0.09198751363878936, View Loss -1.0536342913808385, Reg 0.14341746806319244
09-Aug-26 00:30:55 - Epoch 80, Model Loss -0.08858274225316017, View Loss -1.0484624867345773, Reg 0.1402602318455191
09-Aug-26 00:31:03 - Epoch 80: Train_acc 0.7875816993464052 Val_acc 0.6013071895424836 Test_acc 0.5916230366492147 Test_auc 0.6108791208791209
09-Aug-26 00:32:01 - Epoch 81, Model Loss -0.09025282797470592, View Loss -1.0547934560214771, Reg 0.14045431284733068
09-Aug-26 00:32:58 - Epoch 82, Model Loss -0.09492814423991185, View Loss -1.0360055834639306, Reg 0.1415711534179114
09-Aug-26 00:33:56 - Epoch 83, Model Loss -0.09853808007209129, View Loss -1.0401308591069738, Reg 0.13844501845587312
09-Aug-26 00:34:54 - Epoch 84, Model Loss -0.09813172443240296, View Loss -1.056773715549045, Reg 0.14473200360544367
09-Aug-26 00:35:52 - Epoch 85, Model Loss -0.09380648884118772, View Loss -1.0381265831928628, Reg 0.1405400449738783
09-Aug-26 00:35:59 - Epoch 85: Train_acc 0.7875816993464052 Val_acc 0.6013071895424836 Test_acc 0.5759162303664922 Test_auc 0.6110989010989011
09-Aug-26 00:36:57 - Epoch 86, Model Loss -0.09519201692412882, View Loss -1.0225164165683822, Reg 0.13898178827918434
09-Aug-26 00:37:55 - Epoch 87, Model Loss -0.09739548084782619, View Loss -1.0219668921302347, Reg 0.14081589838648154
09-Aug-26 00:38:52 - Epoch 88, Model Loss -0.09765165070303125, View Loss -1.0303758102304794, Reg 0.14242923542175417
09-Aug-26 00:39:50 - Epoch 89, Model Loss -0.09743836677931493, View Loss -1.0360843340555828, Reg 0.13887960833856483
09-Aug-26 00:40:48 - Epoch 90, Model Loss -0.09661238119493123, View Loss -1.0393257460563012, Reg 0.1387247987627204
09-Aug-26 00:40:54 - Epoch 90: Train_acc 0.7990196078431373 Val_acc 0.5947712418300654 Test_acc 0.5916230366492147 Test_auc 0.6148351648351649
09-Aug-26 00:41:52 - Epoch 91, Model Loss -0.09702087305729686, View Loss -1.0201557929219762, Reg 0.14288717751799065
09-Aug-26 00:42:50 - Epoch 92, Model Loss -0.09563441584312837, View Loss -1.0087169416589674, Reg 0.1394253812389436
09-Aug-26 00:43:47 - Epoch 93, Model Loss -0.09705288776385239, View Loss -1.027441574857126, Reg 0.13695735654799768
09-Aug-26 00:44:45 - Epoch 94, Model Loss -0.09806278718063255, View Loss -1.0253734588623047, Reg 0.14242910588878432
09-Aug-26 00:45:43 - Epoch 95, Model Loss -0.09977852635913426, View Loss -1.0132889389212614, Reg 0.1422418537093144
09-Aug-26 00:45:49 - Epoch 95: Train_acc 0.7859477124183006 Val_acc 0.6143790849673203 Test_acc 0.5916230366492147 Test_auc 0.6138461538461538
09-Aug-26 00:46:47 - Epoch 96, Model Loss -0.09912726672646267, View Loss -1.0175831723057367, Reg 0.13706257004363864
09-Aug-26 00:47:45 - Epoch 97, Model Loss -0.10558705119525685, View Loss -1.0199832604601493, Reg 0.13928367246210185
09-Aug-26 00:48:43 - Epoch 98, Model Loss -0.10241664838946722, View Loss -0.9983161851471546, Reg 0.13957657251093122
09-Aug-26 00:49:41 - Epoch 99, Model Loss -0.10311579197839973, View Loss -1.0075129496505837, Reg 0.14174734357914892
09-Aug-26 00:50:38 - Epoch 100, Model Loss -0.10297713034293231, View Loss -0.9978457151674757, Reg 0.1390494957468868
09-Aug-26 00:50:45 - Epoch 100: Train_acc 0.7859477124183006 Val_acc 0.6078431372549019 Test_acc 0.6020942408376964 Test_auc 0.6193406593406594
09-Aug-26 00:51:42 - Epoch 101, Model Loss -0.10005185728758768, View Loss -0.9962078395232655, Reg 0.1391545833618033
09-Aug-26 00:52:40 - Epoch 102, Model Loss -0.10426736384435417, View Loss -0.9796541142307855, Reg 0.14050844876594792
09-Aug-26 00:53:38 - Epoch 103, Model Loss -0.10587142261804319, View Loss -1.001324137831046, Reg 0.1413988572320128
09-Aug-26 00:54:35 - Epoch 104, Model Loss -0.10133916275953156, View Loss -0.9988822033202726, Reg 0.13901030014153398
09-Aug-26 00:55:33 - Epoch 105, Model Loss -0.10403945808317147, View Loss -0.9698705034318313, Reg 0.13919388351876752
09-Aug-26 00:55:39 - Epoch 105: Train_acc 0.8660130718954249 Val_acc 0.5359477124183006 Test_acc 0.5759162303664922 Test_auc 0.5836263736263737
09-Aug-26 00:56:37 - Epoch 106, Model Loss -0.10392989227974336, View Loss -0.9652117981630213, Reg 0.14022007302131528
09-Aug-26 00:57:35 - Epoch 107, Model Loss -0.1046480439067666, View Loss -0.9689191883685542, Reg 0.1409806979247947
09-Aug-26 00:58:32 - Epoch 108, Model Loss -0.10412335084154715, View Loss -0.9642546784644034, Reg 0.14051809342078914
09-Aug-26 00:59:30 - Epoch 109, Model Loss -0.10359700559790617, View Loss -0.963126978063895, Reg 0.1379431011824826
09-Aug-26 01:00:28 - Epoch 110, Model Loss -0.10523814118765538, View Loss -0.9585483752044976, Reg 0.13879441499125725
09-Aug-26 01:00:35 - Epoch 110: Train_acc 0.7875816993464052 Val_acc 0.6209150326797386 Test_acc 0.5968586387434555 Test_auc 0.6137362637362638
09-Aug-26 01:01:33 - Epoch 111, Model Loss -0.10528857587209714, View Loss -0.9636298830992256, Reg 0.1396809949789172
09-Aug-26 01:02:31 - Epoch 112, Model Loss -0.1050771019038032, View Loss -0.9540765028373868, Reg 0.1432077629503861
09-Aug-26 01:03:29 - Epoch 113, Model Loss -0.1106568477512185, View Loss -0.9569904773063909, Reg 0.13788245452774894
09-Aug-26 01:04:27 - Epoch 114, Model Loss -0.10410332562876683, View Loss -0.9508207514395122, Reg 0.13743587890092065
09-Aug-26 01:05:24 - Epoch 115, Model Loss -0.10461260855587479, View Loss -0.9506791300243802, Reg 0.140463962177046
09-Aug-26 01:05:31 - Epoch 115: Train_acc 0.7859477124183006 Val_acc 0.6078431372549019 Test_acc 0.5968586387434555 Test_auc 0.6102197802197802
09-Aug-26 01:06:29 - Epoch 116, Model Loss -0.10551438222523608, View Loss -0.9449457569059982, Reg 0.1388415407900717
09-Aug-26 01:07:27 - Epoch 117, Model Loss -0.10814378035613914, View Loss -0.9472259984296911, Reg 0.1387735854566487
09-Aug-26 01:08:25 - Epoch 118, Model Loss -0.10791218748279646, View Loss -0.9539561193752912, Reg 0.14193806948225482
09-Aug-26 01:09:23 - Epoch 119, Model Loss -0.11074605681537802, View Loss -0.9463125654295379, Reg 0.13753303193968106
09-Aug-26 01:10:21 - Epoch 120, Model Loss -0.10926071958604201, View Loss -0.9877969992706199, Reg 0.13798245164304
09-Aug-26 01:10:29 - Epoch 120: Train_acc 0.7794117647058824 Val_acc 0.6078431372549019 Test_acc 0.5863874345549738 Test_auc 0.6132967032967034
09-Aug-26 01:11:27 - Epoch 121, Model Loss -0.10812045390309852, View Loss -0.959343701406242, Reg 0.13969472318498138
09-Aug-26 01:12:25 - Epoch 122, Model Loss -0.11114237939610201, View Loss -0.961698941155976, Reg 0.13764250317430185
09-Aug-26 01:13:23 - Epoch 123, Model Loss -0.11003015594544753, View Loss -0.9269065334905986, Reg 0.1401833758439893
09-Aug-26 01:14:21 - Epoch 124, Model Loss -0.1110917189541985, View Loss -0.9292845149445378, Reg 0.14064504342531067
09-Aug-26 01:15:19 - Epoch 125, Model Loss -0.11191271683749031, View Loss -0.9247462975433449, Reg 0.14032916062408024
09-Aug-26 01:15:27 - Epoch 125: Train_acc 0.7810457516339869 Val_acc 0.6209150326797386 Test_acc 0.5916230366492147 Test_auc 0.6205494505494505
09-Aug-26 01:16:25 - Epoch 126, Model Loss -0.11399219530859804, View Loss -0.922668988408606, Reg 0.1377926065641291
09-Aug-26 01:17:23 - Epoch 127, Model Loss -0.11101271903592777, View Loss -0.9232036732380686, Reg 0.13898725125914305
09-Aug-26 01:18:21 - Epoch 128, Model Loss -0.10889401428060594, View Loss -0.9059943529515485, Reg 0.14008310933907828
09-Aug-26 01:19:20 - Epoch 129, Model Loss -0.11164535260667988, View Loss -0.9295036527845595, Reg 0.13910267701725554
09-Aug-26 01:20:18 - Epoch 130, Model Loss -0.11576671615924711, View Loss -0.9414137929093604, Reg 0.13672011701110143
09-Aug-26 01:20:25 - Epoch 130: Train_acc 0.7843137254901961 Val_acc 0.6078431372549019 Test_acc 0.612565445026178 Test_auc 0.6175824175824176
09-Aug-26 01:21:23 - Epoch 131, Model Loss -0.11478474463512695, View Loss -0.9291067871392942, Reg 0.13934681423349318
09-Aug-26 01:22:20 - Epoch 132, Model Loss -0.10927250435928894, View Loss -0.927784271489561, Reg 0.14176119289367028
09-Aug-26 01:23:18 - Epoch 133, Model Loss -0.11251555821474861, View Loss -0.9160677124472225, Reg 0.1360060987519283
09-Aug-26 01:24:16 - Epoch 134, Model Loss -0.11087115255056643, View Loss -0.9076360051148857, Reg 0.13899099076885024
09-Aug-26 01:25:14 - Epoch 135, Model Loss -0.11091762664271336, View Loss -0.9056999753503239, Reg 0.13969603813941184
09-Aug-26 01:25:19 - Epoch 135: Train_acc 0.7843137254901961 Val_acc 0.6143790849673203 Test_acc 0.6073298429319371 Test_auc 0.6171428571428571
09-Aug-26 01:26:17 - Epoch 136, Model Loss -0.11579264028399598, View Loss -0.9110176337310691, Reg 0.1383309992505055
09-Aug-26 01:27:15 - Epoch 137, Model Loss -0.1126217927808076, View Loss -0.9067402135312946, Reg 0.13802255641401204
09-Aug-26 01:28:13 - Epoch 138, Model Loss -0.11720340275296978, View Loss -0.9186441945094689, Reg 0.13762875777833602
09-Aug-26 01:29:11 - Epoch 139, Model Loss -0.1144293745358785, View Loss -0.9146278504452674, Reg 0.13903517680230484
09-Aug-26 01:30:09 - Epoch 140, Model Loss -0.11644313148423738, View Loss -0.9288578461977391, Reg 0.13841409221583723
/users/3171356m/miniconda3/envs/grastiacl/lib/python3.12/site-packages/sklearn/svm/_base.py:1298: ConvergenceWarning: Liblinear failed to converge, increase the number of iterations.
  warnings.warn(
09-Aug-26 01:30:24 - Epoch 140: Train_acc 0.8513071895424836 Val_acc 0.49673202614379086 Test_acc 0.5602094240837696 Test_auc 0.5941758241758243
09-Aug-26 01:31:22 - Epoch 141, Model Loss -0.11226234365912045, View Loss -0.896637275328044, Reg 0.13862989102703294
09-Aug-26 01:32:20 - Epoch 142, Model Loss -0.11478470626220204, View Loss -0.901581309979258, Reg 0.13674938688480776
09-Aug-26 01:33:18 - Epoch 143, Model Loss -0.11396073632770115, View Loss -0.9160211849835963, Reg 0.14002810155644135
09-Aug-26 01:34:16 - Epoch 144, Model Loss -0.11465169732866723, View Loss -0.8958912160661485, Reg 0.13938520702661253
09-Aug-26 01:35:14 - Epoch 145, Model Loss -0.1178384766080021, View Loss -0.8966504499024036, Reg 0.1349829792781593
/users/3171356m/miniconda3/envs/grastiacl/lib/python3.12/site-packages/joblib/externals/loky/process_executor.py:782: UserWarning: A worker stopped while some jobs were given to the executor. This can be caused by a too short worker timeout or by a memory leak.
  warnings.warn(
09-Aug-26 01:35:30 - Epoch 145: Train_acc 0.7843137254901961 Val_acc 0.6209150326797386 Test_acc 0.5968586387434555 Test_auc 0.6140659340659341
09-Aug-26 01:36:27 - Epoch 146, Model Loss -0.11606407633014754, View Loss -0.8953016240612354, Reg 0.13927466612236172
09-Aug-26 01:37:25 - Epoch 147, Model Loss -0.11524472945655873, View Loss -0.8935255053775762, Reg 0.14253024484207427
09-Aug-26 01:38:23 - Epoch 148, Model Loss -0.11771474067681754, View Loss -0.898083286347732, Reg 0.1339495503434948
09-Aug-26 01:39:21 - Epoch 149, Model Loss -0.1157461685292861, View Loss -0.9009860200819626, Reg 0.1381027207168099
09-Aug-26 01:40:19 - Epoch 150, Model Loss -0.11618698773041271, View Loss -0.8984703963098962, Reg 0.1402865597625184
09-Aug-26 01:40:26 - Epoch 150: Train_acc 0.7859477124183006 Val_acc 0.6339869281045751 Test_acc 0.5968586387434555 Test_auc 0.6151648351648352
09-Aug-26 01:41:23 - Epoch 151, Model Loss -0.11518106838456946, View Loss -0.892668154504564, Reg 0.13806656684750826
09-Aug-26 01:42:21 - Epoch 152, Model Loss -0.11888890718322953, View Loss -0.8943057979633605, Reg 0.13708490425465153
09-Aug-26 01:43:18 - Epoch 153, Model Loss -0.11794041262732612, View Loss -0.9150000771665885, Reg 0.13949117833882377
09-Aug-26 01:44:16 - Epoch 154, Model Loss -0.1211936169979619, View Loss -0.9272817030451657, Reg 0.13760660218647103
09-Aug-26 01:45:14 - Epoch 155, Model Loss -0.11721822288301256, View Loss -0.9832100755248974, Reg 0.138833395114132
09-Aug-26 01:45:20 - Epoch 155: Train_acc 0.7761437908496732 Val_acc 0.6339869281045751 Test_acc 0.612565445026178 Test_auc 0.619010989010989
09-Aug-26 01:46:18 - Epoch 156, Model Loss -0.11657663887622309, View Loss -0.9007406733394449, Reg 0.13704649587861853
09-Aug-26 01:47:16 - Epoch 157, Model Loss -0.11541237745409698, View Loss -0.8973552946950875, Reg 0.13666443254043853
09-Aug-26 01:48:14 - Epoch 158, Model Loss -0.11729411907445371, View Loss -0.8855620988833359, Reg 0.14070219765691197
09-Aug-26 01:49:12 - Epoch 159, Model Loss -0.11839585950951172, View Loss -0.8806543186599133, Reg 0.13662407308622124
09-Aug-26 01:50:10 - Epoch 160, Model Loss -0.11729045338880002, View Loss -0.8774600722431357, Reg 0.13762076276969287
09-Aug-26 01:50:17 - Epoch 160: Train_acc 0.7859477124183006 Val_acc 0.6143790849673203 Test_acc 0.5863874345549738 Test_auc 0.6204395604395605
09-Aug-26 01:51:15 - Epoch 161, Model Loss -0.1212988858129464, View Loss -0.8811779185837391, Reg 0.1404982242319319
09-Aug-26 01:52:13 - Epoch 162, Model Loss -0.1188836956725401, View Loss -0.8755719373428744, Reg 0.1375012731824825
09-Aug-26 01:53:11 - Epoch 163, Model Loss -0.12162903555078444, View Loss -0.8912780799117743, Reg 0.1383236068136552
09-Aug-26 01:54:09 - Epoch 164, Model Loss -0.12002272582521625, View Loss -0.8857491966945673, Reg 0.1362593943387075
09-Aug-26 01:55:07 - Epoch 165, Model Loss -0.12112680837219837, View Loss -0.8740554993448694, Reg 0.13801895861142602
09-Aug-26 01:55:13 - Epoch 165: Train_acc 0.7859477124183006 Val_acc 0.6209150326797386 Test_acc 0.6178010471204188 Test_auc 0.6204395604395605
09-Aug-26 01:56:11 - Epoch 166, Model Loss -0.11691472440763237, View Loss -0.8736283709021175, Reg 0.1384385401516958
09-Aug-26 01:57:09 - Epoch 167, Model Loss -0.1202925069659364, View Loss -0.885566330423542, Reg 0.13947835467220132
09-Aug-26 01:58:07 - Epoch 168, Model Loss -0.12060230230194291, View Loss -0.8896976093840755, Reg 0.13526609725032757
09-Aug-26 01:59:05 - Epoch 169, Model Loss -0.12194442320493312, View Loss -0.880352165184769, Reg 0.13774524473286923
09-Aug-26 02:00:03 - Epoch 170, Model Loss -0.1205531619732676, View Loss -0.8790261519500633, Reg 0.1400674767548742
09-Aug-26 02:00:10 - Epoch 170: Train_acc 0.7810457516339869 Val_acc 0.6274509803921569 Test_acc 0.6230366492146597 Test_auc 0.6178021978021978
09-Aug-26 02:01:08 - Epoch 171, Model Loss -0.1196680727347829, View Loss -0.8709553581437254, Reg 0.1375365101434047
09-Aug-26 02:02:06 - Epoch 172, Model Loss -0.11788714633268468, View Loss -0.8729446760190078, Reg 0.13715375916046255
09-Aug-26 02:03:04 - Epoch 173, Model Loss -0.12210669353896496, View Loss -0.8797050550872204, Reg 0.1385908363496556
09-Aug-26 02:04:03 - Epoch 174, Model Loss -0.12091302209430271, View Loss -0.865625714944079, Reg 0.13798911363081215
09-Aug-26 02:05:01 - Epoch 175, Model Loss -0.12208830725912954, View Loss -0.8694177702361462, Reg 0.13617454975648643
09-Aug-26 02:05:15 - Epoch 175: Train_acc 0.7875816993464052 Val_acc 0.6209150326797386 Test_acc 0.6020942408376964 Test_auc 0.621978021978022
09-Aug-26 02:06:14 - Epoch 176, Model Loss -0.12408448629129946, View Loss -0.8734097332736246, Reg 0.13977420943624833
09-Aug-26 02:07:12 - Epoch 177, Model Loss -0.12054379060377482, View Loss -0.8787534112244649, Reg 0.13619214578781252
09-Aug-26 02:08:10 - Epoch 178, Model Loss -0.12286301668173348, View Loss -0.8850055021398208, Reg 0.13839984660834267
09-Aug-26 02:09:08 - Epoch 179, Model Loss -0.12102386180092306, View Loss -0.8691188696942298, Reg 0.13738193874265633
09-Aug-26 02:10:07 - Epoch 180, Model Loss -0.11836158041081397, View Loss -0.8830107349196291, Reg 0.13626408021824032
/users/3171356m/miniconda3/envs/grastiacl/lib/python3.12/site-packages/joblib/externals/loky/process_executor.py:782: UserWarning: A worker stopped while some jobs were given to the executor. This can be caused by a too short worker timeout or by a memory leak.
  warnings.warn(
09-Aug-26 02:10:24 - Epoch 180: Train_acc 0.7892156862745098 Val_acc 0.6078431372549019 Test_acc 0.5863874345549738 Test_auc 0.6124175824175825
09-Aug-26 02:11:23 - Epoch 181, Model Loss -0.12451850510890188, View Loss -0.8713571503271464, Reg 0.1388969162320779
09-Aug-26 02:12:21 - Epoch 182, Model Loss -0.12026214404822955, View Loss -0.8710759106804343, Reg 0.1374348016346202
09-Aug-26 02:13:19 - Epoch 183, Model Loss -0.12247988250520495, View Loss -0.8617120615017959, Reg 0.13770787247450522
09-Aug-26 02:14:17 - Epoch 184, Model Loss -0.12201090926438375, View Loss -0.8677878403196148, Reg 0.13886298278188394
09-Aug-26 02:15:15 - Epoch 185, Model Loss -0.12166030403056176, View Loss -0.8629220225452597, Reg 0.13650711942342372
09-Aug-26 02:15:21 - Epoch 185: Train_acc 0.8578431372549019 Val_acc 0.5098039215686274 Test_acc 0.5759162303664922 Test_auc 0.5908791208791209
09-Aug-26 02:16:19 - Epoch 186, Model Loss -0.12254407320147247, View Loss -0.8665346982432347, Reg 0.1372907464605531
09-Aug-26 02:17:17 - Epoch 187, Model Loss -0.12480517462188122, View Loss -0.8793594478781707, Reg 0.13685521454203362
09-Aug-26 02:18:15 - Epoch 188, Model Loss -0.12545949298571918, View Loss -0.8717592868929595, Reg 0.1379915129125508
09-Aug-26 02:19:14 - Epoch 189, Model Loss -0.12616419402602452, View Loss -0.8689530145109089, Reg 0.13864432986265693
09-Aug-26 02:20:12 - Epoch 190, Model Loss -0.12643859160491844, View Loss -0.8731880600935493, Reg 0.1342009152072707
09-Aug-26 02:20:18 - Epoch 190: Train_acc 0.7826797385620915 Val_acc 0.6274509803921569 Test_acc 0.6020942408376964 Test_auc 0.6220879120879121
09-Aug-26 02:21:16 - Epoch 191, Model Loss -0.12767666500378277, View Loss -0.8657218303555757, Reg 0.14151042358937607
09-Aug-26 02:22:14 - Epoch 192, Model Loss -0.12466036650090435, View Loss -0.8716742283378551, Reg 0.13441507620554344
09-Aug-26 02:23:12 - Epoch 193, Model Loss -0.12515449621318991, View Loss -0.863358175053316, Reg 0.1384246913241405
09-Aug-26 02:24:10 - Epoch 194, Model Loss -0.12543932207269606, View Loss -0.8685719405903536, Reg 0.13772916014677558
09-Aug-26 02:25:08 - Epoch 195, Model Loss -0.12564371029535928, View Loss -0.8774544990140628, Reg 0.13896914030991347
09-Aug-26 02:25:18 - Epoch 195: Train_acc 0.7973856209150327 Val_acc 0.6143790849673203 Test_acc 0.5968586387434555 Test_auc 0.6180219780219781
09-Aug-26 02:26:16 - Epoch 196, Model Loss -0.12547109329622555, View Loss -0.8850952628391241, Reg 0.1348877785836949
09-Aug-26 02:27:14 - Epoch 197, Model Loss -0.12821557085498486, View Loss -0.8854427680470585, Reg 0.1396317034959793
09-Aug-26 02:28:12 - Epoch 198, Model Loss -0.12710907724168566, View Loss -0.8793036439060385, Reg 0.13702929760116378
09-Aug-26 02:29:10 - Epoch 199, Model Loss -0.12662983310768028, View Loss -0.8699236477122587, Reg 0.1369368280558025
09-Aug-26 02:30:08 - Epoch 200, Model Loss -0.1248363361639135, View Loss -0.8725074615353853, Reg 0.13998641365883396
09-Aug-26 02:30:19 - Epoch 200: Train_acc 0.7843137254901961 Val_acc 0.6143790849673203 Test_acc 0.5863874345549738 Test_auc 0.6130769230769231
09-Aug-26 02:31:17 - Epoch 201, Model Loss -0.12434894917837155, View Loss -0.8623576631733015, Reg 0.1341140277050679
09-Aug-26 02:32:15 - Epoch 202, Model Loss -0.12900183481328628, View Loss -0.8721588312410841, Reg 0.13842743362476623
09-Aug-26 02:33:12 - Epoch 203, Model Loss -0.12774507652700337, View Loss -0.8653310786664875, Reg 0.138453278081869
09-Aug-26 02:34:10 - Epoch 204, Model Loss -0.12635890331143648, View Loss -0.8632756401510799, Reg 0.13772146637533225
09-Aug-26 02:35:07 - Epoch 205, Model Loss -0.12663986558228538, View Loss -0.8661022575852139, Reg 0.13480191361280827
09-Aug-26 02:35:14 - Epoch 205: Train_acc 0.7875816993464052 Val_acc 0.6209150326797386 Test_acc 0.6020942408376964 Test_auc 0.6210989010989012
09-Aug-26 02:36:12 - Epoch 206, Model Loss -0.12682114979800055, View Loss -0.8600708830590341, Reg 0.14076585512535245
09-Aug-26 02:37:10 - Epoch 207, Model Loss -0.12708900839674706, View Loss -0.8637010131786073, Reg 0.1348441124351975
09-Aug-26 02:38:07 - Epoch 208, Model Loss -0.1245410742323383, View Loss -0.8665242760010015, Reg 0.13971750964136684
09-Aug-26 02:39:05 - Epoch 209, Model Loss -0.12501471182879278, View Loss -0.8573784980119443, Reg 0.13917350058072533
09-Aug-26 02:40:02 - Epoch 210, Model Loss -0.12669808841219135, View Loss -0.8684038095224916, Reg 0.13247844820318658
09-Aug-26 02:40:09 - Epoch 210: Train_acc 0.7875816993464052 Val_acc 0.5882352941176471 Test_acc 0.6178010471204188 Test_auc 0.6190109890109889
09-Aug-26 02:41:07 - Epoch 211, Model Loss -0.1275652537938037, View Loss -0.863550972315221, Reg 0.1409386434391433
09-Aug-26 02:42:04 - Epoch 212, Model Loss -0.1275392474691852, View Loss -0.8655511039534426, Reg 0.13746850971692529
09-Aug-26 02:43:02 - Epoch 213, Model Loss -0.12703578261768117, View Loss -0.8582498513016046, Reg 0.13529195144675135
09-Aug-26 02:43:59 - Epoch 214, Model Loss -0.12818787183636934, View Loss -0.8536090570337632, Reg 0.13822456609969044
09-Aug-26 02:44:57 - Epoch 215, Model Loss -0.12830106923782747, View Loss -0.8550999600902881, Reg 0.1363558206293318
09-Aug-26 02:45:04 - Epoch 215: Train_acc 0.7875816993464052 Val_acc 0.6274509803921569 Test_acc 0.5863874345549738 Test_auc 0.6172527472527474
09-Aug-26 02:46:02 - Epoch 216, Model Loss -0.127472164973714, View Loss -0.8602210555980409, Reg 0.13938353916788412
09-Aug-26 02:47:00 - Epoch 217, Model Loss -0.13016705049408805, View Loss -0.8641330650429321, Reg 0.1373352504828397
09-Aug-26 02:47:57 - Epoch 218, Model Loss -0.13136405512398364, View Loss -0.8596819814513711, Reg 0.13815296933152318
09-Aug-26 02:48:55 - Epoch 219, Model Loss -0.1278469453450122, View Loss -0.8525208725648767, Reg 0.13674267152555628
09-Aug-26 02:49:52 - Epoch 220, Model Loss -0.12970675011865454, View Loss -0.8624393394569946, Reg 0.1351852123838624
09-Aug-26 02:49:59 - Epoch 220: Train_acc 0.7810457516339869 Val_acc 0.6078431372549019 Test_acc 0.6073298429319371 Test_auc 0.6193406593406594
09-Aug-26 02:50:57 - Epoch 221, Model Loss -0.13007538926367665, View Loss -0.8624525311725592, Reg 0.13944195040495566
09-Aug-26 02:51:55 - Epoch 222, Model Loss -0.12837034327531952, View Loss -0.8615271156909419, Reg 0.13805732715363597
09-Aug-26 02:52:52 - Epoch 223, Model Loss -0.12817865765951816, View Loss -0.8578502851374009, Reg 0.13614471509955287
09-Aug-26 02:53:49 - Epoch 224, Model Loss -0.12693141839083502, View Loss -0.8642903075498694, Reg 0.1376386331576927
09-Aug-26 02:54:47 - Epoch 225, Model Loss -0.12915617539212595, View Loss -0.8620434399523766, Reg 0.13634862940685422
09-Aug-26 02:54:53 - Epoch 225: Train_acc 0.7908496732026143 Val_acc 0.6209150326797386 Test_acc 0.612565445026178 Test_auc 0.6150549450549451
09-Aug-26 02:55:51 - Epoch 226, Model Loss -0.12956165196069705, View Loss -0.8638469043120839, Reg 0.13731547712890152
09-Aug-26 02:56:49 - Epoch 227, Model Loss -0.131694613718519, View Loss -0.869570257616978, Reg 0.13890798302257762
09-Aug-26 02:57:46 - Epoch 228, Model Loss -0.1321365030762417, View Loss -0.8674930832744424, Reg 0.13580476887085857
09-Aug-26 02:58:44 - Epoch 229, Model Loss -0.12979566174394944, View Loss -0.8556401776332482, Reg 0.13749700882076438
09-Aug-26 02:59:41 - Epoch 230, Model Loss -0.13029849412394504, View Loss -0.8509028931848364, Reg 0.13754141447590848
/users/3171356m/miniconda3/envs/grastiacl/lib/python3.12/site-packages/sklearn/svm/_base.py:1298: ConvergenceWarning: Liblinear failed to converge, increase the number of iterations.
  warnings.warn(
09-Aug-26 02:59:56 - Epoch 230: Train_acc 0.7843137254901961 Val_acc 0.6209150326797386 Test_acc 0.6073298429319371 Test_auc 0.6218681318681318
09-Aug-26 03:00:53 - Epoch 231, Model Loss -0.12929900292477575, View Loss -0.8554385269389433, Reg 0.13609467456543367
09-Aug-26 03:01:51 - Epoch 232, Model Loss -0.13044063250223795, View Loss -0.851777198267918, Reg 0.13882633770992553
09-Aug-26 03:02:49 - Epoch 233, Model Loss -0.12984531416612513, View Loss -0.8553000544410905, Reg 0.13756309683416404
09-Aug-26 03:03:47 - Epoch 234, Model Loss -0.13356659303303636, View Loss -0.8659530605366027, Reg 0.13675940007555717
09-Aug-26 03:04:45 - Epoch 235, Model Loss -0.1312193697184519, View Loss -0.8567835224999322, Reg 0.1363078610959396
/users/3171356m/miniconda3/envs/grastiacl/lib/python3.12/site-packages/joblib/externals/loky/process_executor.py:782: UserWarning: A worker stopped while some jobs were given to the executor. This can be caused by a too short worker timeout or by a memory leak.
  warnings.warn(
09-Aug-26 03:05:00 - Epoch 235: Train_acc 0.8578431372549019 Val_acc 0.5359477124183006 Test_acc 0.5759162303664922 Test_auc 0.5920879120879121
09-Aug-26 03:05:58 - Epoch 236, Model Loss -0.1321412011299258, View Loss -0.8695648152843799, Reg 0.13691761505370045
09-Aug-26 03:06:56 - Epoch 237, Model Loss -0.13112090907844842, View Loss -0.8726101521573035, Reg 0.1387189696816837
09-Aug-26 03:07:53 - Epoch 238, Model Loss -0.12924115875967188, View Loss -0.8704255780363395, Reg 0.1362060055234074
09-Aug-26 03:08:51 - Epoch 239, Model Loss -0.13168366633209527, View Loss -0.8632389010946735, Reg 0.13744454631228853
09-Aug-26 03:09:49 - Epoch 240, Model Loss -0.12957906411364187, View Loss -0.8829941173004948, Reg 0.13661928620992922
09-Aug-26 03:09:59 - Epoch 240: Train_acc 0.7859477124183006 Val_acc 0.6209150326797386 Test_acc 0.6020942408376964 Test_auc 0.618021978021978
09-Aug-26 03:10:57 - Epoch 241, Model Loss -0.12968081917638094, View Loss -0.863339684367959, Reg 0.13791060924919601
09-Aug-26 03:11:55 - Epoch 242, Model Loss -0.13350030604530783, View Loss -0.8681050429936328, Reg 0.13683303820541481
09-Aug-26 03:12:53 - Epoch 243, Model Loss -0.1327026556519901, View Loss -0.8725986589793286, Reg 0.1363695115337964
09-Aug-26 03:13:51 - Epoch 244, Model Loss -0.13309965297287585, View Loss -0.8785537091735142, Reg 0.13608592164282704
09-Aug-26 03:14:49 - Epoch 245, Model Loss -0.13346035184423907, View Loss -0.8781114972494786, Reg 0.13825294628641963
09-Aug-26 03:14:56 - Epoch 245: Train_acc 0.7973856209150327 Val_acc 0.6274509803921569 Test_acc 0.6073298429319371 Test_auc 0.6178021978021978
09-Aug-26 03:15:54 - Epoch 246, Model Loss -0.13057460017453612, View Loss -0.8707907495934979, Reg 0.13839071521572038
09-Aug-26 03:16:52 - Epoch 247, Model Loss -0.13229381940723245, View Loss -0.863726908085393, Reg 0.13400649031003317
09-Aug-26 03:17:50 - Epoch 248, Model Loss -0.13180320208368737, View Loss -0.854430716801313, Reg 0.13938754748285206
09-Aug-26 03:18:48 - Epoch 249, Model Loss -0.13387073625146953, View Loss -0.860072005418391, Reg 0.13673961225872724
09-Aug-26 03:19:46 - Epoch 250, Model Loss -0.13228586257672778, View Loss -0.8536443422043246, Reg 0.1349744265472967
09-Aug-26 03:19:53 - Epoch 250: Train_acc 0.7826797385620915 Val_acc 0.6209150326797386 Test_acc 0.5916230366492147 Test_auc 0.6120879120879121
09-Aug-26 03:20:51 - Epoch 251, Model Loss -0.13250445423562543, View Loss -0.8452788793962766, Reg 0.13878199623690712
09-Aug-26 03:21:49 - Epoch 252, Model Loss -0.1327425541441425, View Loss -0.8518465998905157, Reg 0.13762299882041085
09-Aug-26 03:22:47 - Epoch 253, Model Loss -0.1341516823550455, View Loss -0.8489645065045824, Reg 0.13749521698047912
09-Aug-26 03:23:45 - Epoch 254, Model Loss -0.13215889026916106, View Loss -0.8554794764986225, Reg 0.13400488760736254
09-Aug-26 03:24:43 - Epoch 255, Model Loss -0.1312753460765664, View Loss -0.8573170884761935, Reg 0.14062758160182853
09-Aug-26 03:24:50 - Epoch 255: Train_acc 0.7892156862745098 Val_acc 0.6013071895424836 Test_acc 0.612565445026178 Test_auc 0.6178021978021979
09-Aug-26 03:25:48 - Epoch 256, Model Loss -0.13379335890408434, View Loss -0.8522543299431894, Reg 0.13650502352153554
09-Aug-26 03:26:46 - Epoch 257, Model Loss -0.13281524337195103, View Loss -0.8485017905827441, Reg 0.13600388656254686
09-Aug-26 03:27:44 - Epoch 258, Model Loss -0.13075945891586005, View Loss -0.8360354775696798, Reg 0.13698349581434835
09-Aug-26 03:28:42 - Epoch 259, Model Loss -0.13250236963134965, View Loss -0.8449113337822209, Reg 0.1378047756022877
09-Aug-26 03:29:40 - Epoch 260, Model Loss -0.13416687452715206, View Loss -0.8369487812316495, Reg 0.1366519688391218
09-Aug-26 03:29:48 - Epoch 260: Train_acc 0.7826797385620915 Val_acc 0.6143790849673203 Test_acc 0.6020942408376964 Test_auc 0.6171428571428571
09-Aug-26 03:30:46 - Epoch 261, Model Loss -0.1330685029232424, View Loss -0.8492221232333215, Reg 0.13813291217376983
09-Aug-26 03:31:44 - Epoch 262, Model Loss -0.1343375795027789, View Loss -0.8416632826811348, Reg 0.1362411108087091
09-Aug-26 03:32:42 - Epoch 263, Model Loss -0.13487212876089258, View Loss -0.8444540804507685, Reg 0.13830027490659477
09-Aug-26 03:33:40 - Epoch 264, Model Loss -0.13547424397437402, View Loss -0.8509241747700311, Reg 0.13676093859610214
09-Aug-26 03:34:38 - Epoch 265, Model Loss -0.13516653012606053, View Loss -0.8417743904138703, Reg 0.1368221771093755
09-Aug-26 03:34:49 - Epoch 265: Train_acc 0.7826797385620915 Val_acc 0.6274509803921569 Test_acc 0.6073298429319371 Test_auc 0.6173626373626373
09-Aug-26 03:35:47 - Epoch 266, Model Loss -0.1330034382203046, View Loss -0.8449848033244314, Reg 0.13584018912580278
09-Aug-26 03:36:45 - Epoch 267, Model Loss -0.13364633450321123, View Loss -0.8477498550041049, Reg 0.13729999988686806
09-Aug-26 03:37:43 - Epoch 268, Model Loss -0.13700029078651876, View Loss -0.8465809907788545, Reg 0.13817945823949926
09-Aug-26 03:38:41 - Epoch 269, Model Loss -0.13137437821992862, View Loss -0.842234044293173, Reg 0.13682528882244832
09-Aug-26 03:39:38 - Epoch 270, Model Loss -0.1327982379330529, View Loss -0.847747258890688, Reg 0.13654161152107264
09-Aug-26 03:39:49 - Epoch 270: Train_acc 0.9738562091503268 Val_acc 0.5228758169934641 Test_acc 0.5130890052356021 Test_auc 0.5679120879120878
09-Aug-26 03:40:47 - Epoch 271, Model Loss -0.13348615617533915, View Loss -0.8475994253470227, Reg 0.1372070302760679
09-Aug-26 03:41:45 - Epoch 272, Model Loss -0.13266084085102953, View Loss -0.8474855500888201, Reg 0.13771557092082268
09-Aug-26 03:42:43 - Epoch 273, Model Loss -0.13591461769895616, View Loss -0.8481315682136935, Reg 0.1355301128103842
09-Aug-26 03:43:41 - Epoch 274, Model Loss -0.1358777058669944, View Loss -0.8522652971978281, Reg 0.1365758954894309
09-Aug-26 03:44:39 - Epoch 275, Model Loss -0.13699475573558434, View Loss -0.8518115578134076, Reg 0.13667947394785537
09-Aug-26 03:44:44 - Epoch 275: Train_acc 0.7794117647058824 Val_acc 0.6143790849673203 Test_acc 0.612565445026178 Test_auc 0.6138461538461538
09-Aug-26 03:45:42 - Epoch 276, Model Loss -0.13461707659017028, View Loss -0.8514684532202926, Reg 0.13776937779647852
09-Aug-26 03:46:40 - Epoch 277, Model Loss -0.13730226720080657, View Loss -0.854093992632199, Reg 0.13769204067248925
09-Aug-26 03:47:38 - Epoch 278, Model Loss -0.13543886063145658, View Loss -0.8492515905230653, Reg 0.13633373657277986
09-Aug-26 03:48:36 - Epoch 279, Model Loss -0.13504980962260876, View Loss -0.8516881325665642, Reg 0.13432680148314807
09-Aug-26 03:49:34 - Epoch 280, Model Loss -0.13593383318458507, View Loss -0.8566621354981965, Reg 0.14135113212407804
09-Aug-26 03:49:43 - Epoch 280: Train_acc 1.0 Val_acc 0.5294117647058824 Test_acc 0.5235602094240838 Test_auc 0.5494505494505495
09-Aug-26 03:50:41 - Epoch 281, Model Loss -0.13446139198502685, View Loss -0.8554728109073015, Reg 0.1336361211694144
09-Aug-26 03:51:39 - Epoch 282, Model Loss -0.13869451619441214, View Loss -0.856243340018528, Reg 0.1375032606857275
09-Aug-26 03:52:37 - Epoch 283, Model Loss -0.1394378221502491, View Loss -0.855066819907793, Reg 0.13732785960428076
09-Aug-26 03:53:35 - Epoch 284, Model Loss -0.13583740066079533, View Loss -0.8489541976280461, Reg 0.1377304262098144
09-Aug-26 03:54:34 - Epoch 285, Model Loss -0.13649106532140495, View Loss -0.8559920117745992, Reg 0.13536971797740538
09-Aug-26 03:54:40 - Epoch 285: Train_acc 0.7859477124183006 Val_acc 0.6209150326797386 Test_acc 0.612565445026178 Test_auc 0.6161538461538462
09-Aug-26 03:55:38 - Epoch 286, Model Loss -0.1381258259411731, View Loss -0.8541943793203316, Reg 0.13949420191104117
09-Aug-26 03:56:36 - Epoch 287, Model Loss -0.13973115764412225, View Loss -0.8526631141799728, Reg 0.13485103475502114
09-Aug-26 03:57:34 - Epoch 288, Model Loss -0.13689666051490634, View Loss -0.8555254149281122, Reg 0.1361133310140348
09-Aug-26 03:58:32 - Epoch 289, Model Loss -0.1348431359708699, View Loss -0.8508334977954042, Reg 0.13844731654606612
09-Aug-26 03:59:30 - Epoch 290, Model Loss -0.1349517652411866, View Loss -0.8492453370998109, Reg 0.13683868876469682
09-Aug-26 03:59:38 - Epoch 290: Train_acc 0.8006535947712419 Val_acc 0.6143790849673203 Test_acc 0.612565445026178 Test_auc 0.6148351648351649
09-Aug-26 04:00:36 - Epoch 291, Model Loss -0.13938997345033036, View Loss -0.8549949141109691, Reg 0.13609370092550913
09-Aug-26 04:01:34 - Epoch 292, Model Loss -0.13730657529207616, View Loss -0.8496437150668474, Reg 0.13747982632100972
09-Aug-26 04:02:32 - Epoch 293, Model Loss -0.13652502633387747, View Loss -0.8494630942936816, Reg 0.13708184893224754
09-Aug-26 04:03:30 - Epoch 294, Model Loss -0.1374201568123562, View Loss -0.8531681252460853, Reg 0.13716164338432885
09-Aug-26 04:04:27 - Epoch 295, Model Loss -0.1381018829891105, View Loss -0.856202276703579, Reg 0.1365539109200434
09-Aug-26 04:04:35 - Epoch 295: Train_acc 0.7826797385620915 Val_acc 0.6013071895424836 Test_acc 0.5968586387434555 Test_auc 0.6106593406593406
09-Aug-26 04:05:33 - Epoch 296, Model Loss -0.13725346404742572, View Loss -0.8563802982467452, Reg 0.1381257175425299
09-Aug-26 04:06:31 - Epoch 297, Model Loss -0.1409857771755044, View Loss -0.8589760719561109, Reg 0.13694202807409311
09-Aug-26 04:07:29 - Epoch 298, Model Loss -0.13852890897420497, View Loss -0.8518557182324478, Reg 0.1340273824197794
09-Aug-26 04:08:27 - Epoch 299, Model Loss -0.13740014426069322, View Loss -0.8546658653059817, Reg 0.14005344667855432
09-Aug-26 04:09:25 - Epoch 300, Model Loss -0.13837297952253055, View Loss -0.8499658224629421, Reg 0.1367210646470388
09-Aug-26 04:09:35 - Epoch 300: Train_acc 0.7810457516339869 Val_acc 0.6209150326797386 Test_acc 0.5968586387434555 Test_auc 0.6132967032967033
09-Aug-26 04:09:35 - FinishedTraining! BestEpoch (eval-interval index): 6
09-Aug-26 04:09:35 - Wrote /users/3171356m/muhammad/GraSTIACL/nested_cv/results/nocombat__emb512_bs128__fold1.json
09-Aug-26 04:09:35 - {
  "emb_dim": 512,
  "batch_size": 128,
  "fold": 1,
  "combat": false,
  "n_train": 612,
  "n_val": 153,
  "n_test": 191,
  "best_val_epoch_idx": 6,
  "train_accuracy": 0.7908496732026143,
  "val_accuracy": 0.6339869281045751,
  "test_accuracy": 0.6020942408376964,
  "train_f1": 0.7815699658703071,
  "val_f1": 0.6164383561643836,
  "test_f1": 0.5777777777777777,
  "train_sensitivity": 0.7869415780517471,
  "val_sensitivity": 0.6164383477200227,
  "test_sensitivity": 0.5714285651491366,
  "train_specificity": 0.7943925208897429,
  "val_specificity": 0.6499999918750001,
  "test_specificity": 0.6299999937,
  "train_precision": 0.7762711864406779,
  "val_precision": 0.6164383561643836,
  "test_precision": 0.5842696629213483,
  "test_auc": 0.6204395604395604,
  "fin_reg": 0.14235126894283917
}
