08-Aug-26 20:39:57 - Using Device: cuda
08-Aug-26 20:39:57 - Seed: 123, Fold: 3, ComBat: False
08-Aug-26 20:39:57 - Namespace(fold=3, combat=False, num_dyn_windows=3, model_lr=0.0005, view_lr=0.0005, num_gc_layers=2, pooling_type='standard', emb_dim=256, vib_hidden_dim=400, batch_size=32, drop_ratio=0.3, epochs=300, kld_lambda=0.003, reg_lambda=0.2, gamma_mode='paper_literal', node_feature_mode='alff_pcc', mij_source='alff_pcc', template=90, eval_interval=5, downstream_classifier='linear', ce_lambda=2.0, seed=123)
08-Aug-26 20:39:57 - Loading raw subject data...
08-Aug-26 20:44:18 - Loaded 956 subjects (455 ASD, 501 NC)
08-Aug-26 20:44:18 - alff_pcc scale stats (train_val_idx only): alff=[-3.5994,5.6307] pcc=[-0.7600,1.0000]
08-Aug-26 20:44:18 - Train/Val/Test sizes: 612/153/191
08-Aug-26 20:45:19 - Epoch 1, Model Loss -0.6015387360566582, View Loss -6.118194533329384, Reg 0.22738486216738332
08-Aug-26 20:46:18 - Epoch 2, Model Loss -1.1369404823951472, View Loss -3.8498739167755724, Reg 0.14192631275825252
08-Aug-26 20:47:17 - Epoch 3, Model Loss -1.1805432014216006, View Loss -3.5109287679584975, Reg 0.1486846604962754
08-Aug-26 20:48:17 - Epoch 4, Model Loss -1.1769568437065174, View Loss -3.0182550343033534, Reg 0.15968535319457647
08-Aug-26 20:49:16 - Epoch 5, Model Loss -1.2523745555503696, View Loss -2.792941959854824, Reg 0.1391565392122549
08-Aug-26 20:49:35 - Epoch 5: Train_acc 0.7777777777777778 Val_acc 0.5947712418300654 Test_acc 0.5392670157068062 Test_auc 0.5943956043956045
08-Aug-26 20:50:34 - Epoch 6, Model Loss -1.290711864147311, View Loss -2.6861350925919276, Reg 0.1329969309903438
08-Aug-26 20:51:33 - Epoch 7, Model Loss -1.2789885171877793, View Loss -2.5997051756366405, Reg 0.13528796222085268
08-Aug-26 20:52:32 - Epoch 8, Model Loss -1.2941059255911633, View Loss -2.548485198052101, Reg 0.1389503955256705
08-Aug-26 20:53:32 - Epoch 9, Model Loss -1.3121884414573122, View Loss -2.4297651745914632, Reg 0.13216872454858294
08-Aug-26 20:54:31 - Epoch 10, Model Loss -1.330271502725439, View Loss -2.429675096000721, Reg 0.13052193849694496
08-Aug-26 20:54:40 - Epoch 10: Train_acc 0.7826797385620915 Val_acc 0.5424836601307189 Test_acc 0.5654450261780105 Test_auc 0.5947252747252749
08-Aug-26 20:55:39 - Epoch 11, Model Loss -1.3454893336576574, View Loss -2.432887510536543, Reg 0.13021464046894335
08-Aug-26 20:56:39 - Epoch 12, Model Loss -1.3369309138628394, View Loss -2.363461326150333, Reg 0.13414906598384085
08-Aug-26 20:57:38 - Epoch 13, Model Loss -1.3537391992955425, View Loss -2.3898792485006495, Reg 0.13487370302474577
08-Aug-26 20:58:37 - Epoch 14, Model Loss -1.3489406467263216, View Loss -2.3614038361443415, Reg 0.13165580028412388
08-Aug-26 20:59:37 - Epoch 15, Model Loss -1.3520886664297067, View Loss -2.366890386818281, Reg 0.13446569773885939
08-Aug-26 20:59:48 - Epoch 15: Train_acc 0.7173202614379085 Val_acc 0.6013071895424836 Test_acc 0.5759162303664922 Test_auc 0.6115384615384616
08-Aug-26 21:00:47 - Epoch 16, Model Loss -1.3690160364886514, View Loss -2.3240902657602347, Reg 0.13440800166013195
08-Aug-26 21:01:46 - Epoch 17, Model Loss -1.367317364885916, View Loss -2.3049277074975905, Reg 0.13489172778098413
08-Aug-26 21:02:45 - Epoch 18, Model Loss -1.3933911043054916, View Loss -2.341540941225937, Reg 0.13359571696301692
08-Aug-26 21:03:45 - Epoch 19, Model Loss -1.3883665683222752, View Loss -2.3114352631413078, Reg 0.1363221196567311
08-Aug-26 21:04:45 - Epoch 20, Model Loss -1.3888986157435996, View Loss -2.303573555416531, Reg 0.13560069600741068
/users/3171356m/miniconda3/envs/grastiacl/lib/python3.12/site-packages/joblib/externals/loky/process_executor.py:782: UserWarning: A worker stopped while some jobs were given to the executor. This can be caused by a too short worker timeout or by a memory leak.
  warnings.warn(
08-Aug-26 21:04:54 - Epoch 20: Train_acc 0.7843137254901961 Val_acc 0.6143790849673203 Test_acc 0.6073298429319371 Test_auc 0.6174725274725273
08-Aug-26 21:05:53 - Epoch 21, Model Loss -1.389236001407399, View Loss -2.3206328971713197, Reg 0.13431235989616588
08-Aug-26 21:06:52 - Epoch 22, Model Loss -1.4018904243419372, View Loss -2.2323316218806246, Reg 0.13502580268320694
08-Aug-26 21:07:51 - Epoch 23, Model Loss -1.394492937848459, View Loss -2.2982843218286053, Reg 0.1369550476471583
08-Aug-26 21:08:51 - Epoch 24, Model Loss -1.4011013367596794, View Loss -2.270428567150839, Reg 0.13404985751007117
08-Aug-26 21:09:51 - Epoch 25, Model Loss -1.4036791309032566, View Loss -2.24325534720826, Reg 0.13580250691354664
/users/3171356m/miniconda3/envs/grastiacl/lib/python3.12/site-packages/joblib/externals/loky/process_executor.py:782: UserWarning: A worker stopped while some jobs were given to the executor. This can be caused by a too short worker timeout or by a memory leak.
  warnings.warn(
08-Aug-26 21:10:02 - Epoch 25: Train_acc 0.7581699346405228 Val_acc 0.6078431372549019 Test_acc 0.5968586387434555 Test_auc 0.5975824175824176
08-Aug-26 21:11:01 - Epoch 26, Model Loss -1.4107824306862027, View Loss -2.312893677381129, Reg 0.136405827368007
08-Aug-26 21:12:00 - Epoch 27, Model Loss -1.4037218904183582, View Loss -2.239345340167775, Reg 0.13394710243819585
08-Aug-26 21:12:59 - Epoch 28, Model Loss -1.3880467446021785, View Loss -2.1332301937676723, Reg 0.1336970171507667
08-Aug-26 21:13:59 - Epoch 29, Model Loss -1.4099820579578675, View Loss -2.2104564024732003, Reg 0.1327261698791404
08-Aug-26 21:14:59 - Epoch 30, Model Loss -1.4133088666629168, View Loss -2.224125862121582, Reg 0.1338636866387199
/users/3171356m/miniconda3/envs/grastiacl/lib/python3.12/site-packages/joblib/externals/loky/process_executor.py:782: UserWarning: A worker stopped while some jobs were given to the executor. This can be caused by a too short worker timeout or by a memory leak.
  warnings.warn(
08-Aug-26 21:15:13 - Epoch 30: Train_acc 0.7630718954248366 Val_acc 0.5816993464052288 Test_acc 0.5759162303664922 Test_auc 0.5987912087912088
08-Aug-26 21:16:12 - Epoch 31, Model Loss -1.4041492736417485, View Loss -2.1873942636976054, Reg 0.13808534844638476
08-Aug-26 21:17:11 - Epoch 32, Model Loss -1.422395830840067, View Loss -2.1959188716863496, Reg 0.13447746089081358
08-Aug-26 21:18:10 - Epoch 33, Model Loss -1.4274980351815816, View Loss -2.238444886176415, Reg 0.13428210647277583
08-Aug-26 21:19:09 - Epoch 34, Model Loss -1.4311134145150777, View Loss -2.1986153826994053, Reg 0.13477366266686933
08-Aug-26 21:20:10 - Epoch 35, Model Loss -1.4314591775532641, View Loss -2.265560296625873, Reg 0.1337914988885518
/users/3171356m/miniconda3/envs/grastiacl/lib/python3.12/site-packages/joblib/externals/loky/process_executor.py:782: UserWarning: A worker stopped while some jobs were given to the executor. This can be caused by a too short worker timeout or by a memory leak.
  warnings.warn(
08-Aug-26 21:20:27 - Epoch 35: Train_acc 0.7369281045751634 Val_acc 0.5882352941176471 Test_acc 0.5916230366492147 Test_auc 0.6307692307692307
08-Aug-26 21:21:26 - Epoch 36, Model Loss -1.4377561083026962, View Loss -2.1982020770802215, Reg 0.13386103788427278
08-Aug-26 21:22:25 - Epoch 37, Model Loss -1.4425036143633276, View Loss -2.2236585211909676, Reg 0.13432311858324444
08-Aug-26 21:23:24 - Epoch 38, Model Loss -1.4481434790916692, View Loss -2.181956789851968, Reg 0.1338594301658518
08-Aug-26 21:24:23 - Epoch 39, Model Loss -1.4417304743349162, View Loss -2.2072904998180913, Reg 0.1347187725352306
08-Aug-26 21:25:22 - Epoch 40, Model Loss -1.4406446631437813, View Loss -2.1820552333507663, Reg 0.1344758593568615
/users/3171356m/miniconda3/envs/grastiacl/lib/python3.12/site-packages/joblib/externals/loky/process_executor.py:782: UserWarning: A worker stopped while some jobs were given to the executor. This can be caused by a too short worker timeout or by a memory leak.
  warnings.warn(
08-Aug-26 21:25:37 - Epoch 40: Train_acc 0.7598039215686274 Val_acc 0.5686274509803921 Test_acc 0.5602094240837696 Test_auc 0.5950549450549449
08-Aug-26 21:26:36 - Epoch 41, Model Loss -1.4380699793497722, View Loss -2.11081283232745, Reg 0.13462147730238297
08-Aug-26 21:27:37 - Epoch 42, Model Loss -1.4487350002612942, View Loss -2.208206837473352, Reg 0.13181352693271015
08-Aug-26 21:28:37 - Epoch 43, Model Loss -1.4340114375345068, View Loss -2.103063221850426, Reg 0.13616079890650082
08-Aug-26 21:29:36 - Epoch 44, Model Loss -1.4427665479822096, View Loss -2.1327514367945053, Reg 0.13408213454523896
08-Aug-26 21:30:35 - Epoch 45, Model Loss -1.4491917822096083, View Loss -2.154259859346876, Reg 0.13153606896696526
08-Aug-26 21:30:51 - Epoch 45: Train_acc 0.7254901960784313 Val_acc 0.5555555555555556 Test_acc 0.5706806282722513 Test_auc 0.5958241758241758
08-Aug-26 21:31:50 - Epoch 46, Model Loss -1.4463277829238792, View Loss -2.150411945542479, Reg 0.13530178670010534
08-Aug-26 21:32:48 - Epoch 47, Model Loss -1.4431778091231202, View Loss -2.155949860616447, Reg 0.13372954414560903
08-Aug-26 21:33:47 - Epoch 48, Model Loss -1.4611762146544611, View Loss -2.17024100683873, Reg 0.13463895091044356
08-Aug-26 21:34:46 - Epoch 49, Model Loss -1.4589318512311948, View Loss -2.129896612728343, Reg 0.1325964610171474
08-Aug-26 21:35:44 - Epoch 50, Model Loss -1.4503062503789765, View Loss -2.096291336358762, Reg 0.13278738170667412
08-Aug-26 21:35:51 - Epoch 50: Train_acc 0.8284313725490197 Val_acc 0.6143790849673203 Test_acc 0.5759162303664922 Test_auc 0.5706593406593407
08-Aug-26 21:36:50 - Epoch 51, Model Loss -1.457945561876484, View Loss -2.19286047866921, Reg 0.13304281371091706
08-Aug-26 21:37:49 - Epoch 52, Model Loss -1.4580567085665035, View Loss -2.1523128179163713, Reg 0.13348451626846214
08-Aug-26 21:38:48 - Epoch 53, Model Loss -1.4570747948939504, View Loss -2.123759169983708, Reg 0.13376877374119228
08-Aug-26 21:39:47 - Epoch 54, Model Loss -1.4525752597384982, View Loss -2.0690355643727423, Reg 0.1322033817277235
08-Aug-26 21:40:45 - Epoch 55, Model Loss -1.4652110455082912, View Loss -2.112251450033749, Reg 0.13322797057285807
/users/3171356m/miniconda3/envs/grastiacl/lib/python3.12/site-packages/joblib/externals/loky/process_executor.py:782: UserWarning: A worker stopped while some jobs were given to the executor. This can be caused by a too short worker timeout or by a memory leak.
  warnings.warn(
08-Aug-26 21:40:55 - Epoch 55: Train_acc 0.8578431372549019 Val_acc 0.5882352941176471 Test_acc 0.5759162303664922 Test_auc 0.5764835164835166
08-Aug-26 21:41:53 - Epoch 56, Model Loss -1.4642740573758393, View Loss -2.1102588379305174, Reg 0.13193054253758948
08-Aug-26 21:42:52 - Epoch 57, Model Loss -1.4628953061072656, View Loss -2.274598629646052, Reg 0.13189172364917456
08-Aug-26 21:43:51 - Epoch 58, Model Loss -1.4633781863193887, View Loss -2.1588197938757006, Reg 0.13274741114354602
08-Aug-26 21:44:50 - Epoch 59, Model Loss -1.4730152803308822, View Loss -2.1495113746792662, Reg 0.1321691169458277
08-Aug-26 21:45:49 - Epoch 60, Model Loss -1.4708640279333576, View Loss -2.1167892256593395, Reg 0.1338641269534242
08-Aug-26 21:45:58 - Epoch 60: Train_acc 0.7745098039215687 Val_acc 0.5816993464052288 Test_acc 0.5497382198952879 Test_auc 0.5947252747252747
08-Aug-26 21:46:57 - Epoch 61, Model Loss -1.4589951085109336, View Loss -2.1020372989130953, Reg 0.13463698015883077
08-Aug-26 21:47:56 - Epoch 62, Model Loss -1.4645644387388541, View Loss -2.101558850481619, Reg 0.13153418611272488
08-Aug-26 21:48:54 - Epoch 63, Model Loss -1.4629256927889156, View Loss -2.09874646803912, Reg 0.13126498587380828
08-Aug-26 21:49:53 - Epoch 64, Model Loss -1.4625681085524216, View Loss -2.0831694291308036, Reg 0.13338326487471075
08-Aug-26 21:50:52 - Epoch 65, Model Loss -1.469481733110216, View Loss -2.0878230543697582, Reg 0.13129079098405402
08-Aug-26 21:51:02 - Epoch 65: Train_acc 0.7630718954248366 Val_acc 0.5882352941176471 Test_acc 0.5445026178010471 Test_auc 0.6003296703296704
08-Aug-26 21:52:01 - Epoch 66, Model Loss -1.4727454746470732, View Loss -2.080864382725136, Reg 0.13100530499336765
08-Aug-26 21:52:59 - Epoch 67, Model Loss -1.47604216781317, View Loss -2.1165011412177988, Reg 0.13216330773300594
08-Aug-26 21:53:58 - Epoch 68, Model Loss -1.4791870304182464, View Loss -2.0733287957758684, Reg 0.1329969460375948
08-Aug-26 21:54:57 - Epoch 69, Model Loss -1.4818493338192211, View Loss -2.076664962020575, Reg 0.13179877965278874
08-Aug-26 21:55:56 - Epoch 70, Model Loss -1.473544183120229, View Loss -2.083114630256603, Reg 0.12980500467462477
08-Aug-26 21:56:05 - Epoch 70: Train_acc 0.8464052287581699 Val_acc 0.6143790849673203 Test_acc 0.5602094240837696 Test_auc 0.569120879120879
08-Aug-26 21:57:04 - Epoch 71, Model Loss -1.4757780748255112, View Loss -2.0357398051841584, Reg 0.13386558692634495
08-Aug-26 21:58:02 - Epoch 72, Model Loss -1.4758856686112147, View Loss -2.0657416013331193, Reg 0.13083705325531803
08-Aug-26 21:59:01 - Epoch 73, Model Loss -1.4818870787527048, View Loss -2.105091054455128, Reg 0.13016222875102673
08-Aug-26 22:00:00 - Epoch 74, Model Loss -1.480510967229706, View Loss -2.0347675466849133, Reg 0.1307749437058673
08-Aug-26 22:00:59 - Epoch 75, Model Loss -1.4722212124494165, View Loss -2.0550073611190895, Reg 0.12961670288852617
08-Aug-26 22:01:08 - Epoch 75: Train_acc 0.7679738562091504 Val_acc 0.5947712418300654 Test_acc 0.5497382198952879 Test_auc 0.5872527472527472
08-Aug-26 22:02:06 - Epoch 76, Model Loss -1.4742881550508387, View Loss -2.0484801897036484, Reg 0.13405034374567418
08-Aug-26 22:03:05 - Epoch 77, Model Loss -1.4731356739218717, View Loss -2.0598344584695654, Reg 0.13032210878784362
08-Aug-26 22:04:04 - Epoch 78, Model Loss -1.4751370747884114, View Loss -2.0548229124031816, Reg 0.1309703468692069
08-Aug-26 22:05:02 - Epoch 79, Model Loss -1.4796368717368131, View Loss -2.0425084431966147, Reg 0.13359906996776855
08-Aug-26 22:06:01 - Epoch 80, Model Loss -1.4888931162217085, View Loss -2.0852598956986967, Reg 0.13408194569980397
08-Aug-26 22:06:10 - Epoch 80: Train_acc 0.7581699346405228 Val_acc 0.5947712418300654 Test_acc 0.5445026178010471 Test_auc 0.5785714285714286
08-Aug-26 22:07:08 - Epoch 81, Model Loss -1.4834120756660412, View Loss -2.0564806788575414, Reg 0.13071676070978439
08-Aug-26 22:08:07 - Epoch 82, Model Loss -1.486662743138332, View Loss -2.041046398137909, Reg 0.13264862730417376
08-Aug-26 22:09:06 - Epoch 83, Model Loss -1.4740955253052557, View Loss -2.0188470136106402, Reg 0.1312845867443708
08-Aug-26 22:10:04 - Epoch 84, Model Loss -1.4840766433017705, View Loss -2.053229363136042, Reg 0.13045273614085579
08-Aug-26 22:11:03 - Epoch 85, Model Loss -1.4881886999591503, View Loss -2.119763726502462, Reg 0.13082511255554125
08-Aug-26 22:11:11 - Epoch 85: Train_acc 0.6944444444444444 Val_acc 0.5947712418300654 Test_acc 0.5602094240837696 Test_auc 0.6015384615384616
08-Aug-26 22:12:10 - Epoch 86, Model Loss -1.4863925260656021, View Loss -2.0714011690975016, Reg 0.13040055636486975
08-Aug-26 22:13:08 - Epoch 87, Model Loss -1.4865423962960835, View Loss -2.071877816144158, Reg 0.13109407530111425
08-Aug-26 22:14:07 - Epoch 88, Model Loss -1.4763377195869396, View Loss -2.065899244320938, Reg 0.1325500473087909
08-Aug-26 22:15:06 - Epoch 89, Model Loss -1.4829633345011792, View Loss -2.042835855795667, Reg 0.1292305384196487
08-Aug-26 22:16:05 - Epoch 90, Model Loss -1.4765675675635244, View Loss -2.020710496341481, Reg 0.13031615735658633
/users/3171356m/miniconda3/envs/grastiacl/lib/python3.12/site-packages/joblib/externals/loky/process_executor.py:782: UserWarning: A worker stopped while some jobs were given to the executor. This can be caused by a too short worker timeout or by a memory leak.
  warnings.warn(
08-Aug-26 22:16:13 - Epoch 90: Train_acc 0.7728758169934641 Val_acc 0.5947712418300654 Test_acc 0.5026178010471204 Test_auc 0.5661538461538462
08-Aug-26 22:17:12 - Epoch 91, Model Loss -1.4774672720167372, View Loss -2.0097589118807924, Reg 0.13327214394519532
08-Aug-26 22:18:10 - Epoch 92, Model Loss -1.482247302734774, View Loss -2.0322862980412504, Reg 0.13221545931365755
08-Aug-26 22:19:09 - Epoch 93, Model Loss -1.49389371373295, View Loss -2.071088971655353, Reg 0.13128099312969282
08-Aug-26 22:20:08 - Epoch 94, Model Loss -1.4917082942389195, View Loss -2.0586599649167527, Reg 0.13053146525730494
08-Aug-26 22:21:07 - Epoch 95, Model Loss -1.490869808820338, View Loss -2.040736355812721, Reg 0.13154549161398332
08-Aug-26 22:21:18 - Epoch 95: Train_acc 0.8545751633986928 Val_acc 0.6143790849673203 Test_acc 0.5549738219895288 Test_auc 0.5643956043956044
08-Aug-26 22:22:16 - Epoch 96, Model Loss -1.489671442243788, View Loss -2.0479052394044164, Reg 0.13234536671171002
08-Aug-26 22:23:15 - Epoch 97, Model Loss -1.4736378644806107, View Loss -1.9817776150173612, Reg 0.1297150125690535
08-Aug-26 22:24:14 - Epoch 98, Model Loss -1.4692142523971259, View Loss -1.9912644305260352, Reg 0.1333608339035433
08-Aug-26 22:25:12 - Epoch 99, Model Loss -1.492454245199565, View Loss -2.0798453287361496, Reg 0.13114660822488125
08-Aug-26 22:26:11 - Epoch 100, Model Loss -1.4910828085506664, View Loss -2.028728379143609, Reg 0.13058163839228012
08-Aug-26 22:26:20 - Epoch 100: Train_acc 0.7173202614379085 Val_acc 0.5751633986928104 Test_acc 0.5392670157068062 Test_auc 0.5983516483516484
08-Aug-26 22:27:19 - Epoch 101, Model Loss -1.4965402939740349, View Loss -2.0662563361373603, Reg 0.1318503745825462
08-Aug-26 22:28:17 - Epoch 102, Model Loss -1.4843869427450342, View Loss -1.9894648470909766, Reg 0.13068400352608925
08-Aug-26 22:29:16 - Epoch 103, Model Loss -1.4839444129295598, View Loss -2.0471941006729026, Reg 0.13272288290698545
08-Aug-26 22:30:15 - Epoch 104, Model Loss -1.4920531378851996, View Loss -2.0205623059490927, Reg 0.13008415640569201
08-Aug-26 22:31:14 - Epoch 105, Model Loss -1.49819218255336, View Loss -2.0716371255762436, Reg 0.13210179739528233
/users/3171356m/miniconda3/envs/grastiacl/lib/python3.12/site-packages/joblib/externals/loky/process_executor.py:782: UserWarning: A worker stopped while some jobs were given to the executor. This can be caused by a too short worker timeout or by a memory leak.
  warnings.warn(
08-Aug-26 22:31:21 - Epoch 105: Train_acc 0.8758169934640523 Val_acc 0.5947712418300654 Test_acc 0.5287958115183246 Test_auc 0.534945054945055
08-Aug-26 22:32:20 - Epoch 106, Model Loss -1.4850218155804802, View Loss -2.030816698385999, Reg 0.13136808447588502
08-Aug-26 22:33:19 - Epoch 107, Model Loss -1.48375993928099, View Loss -2.0473635305766185, Reg 0.13056127230326334
08-Aug-26 22:34:18 - Epoch 108, Model Loss -1.4912884843115712, View Loss -2.0350715506310557, Reg 0.13206039963204877
08-Aug-26 22:35:17 - Epoch 109, Model Loss -1.4935256733613855, View Loss -2.035466836168875, Reg 0.1318687270669376
08-Aug-26 22:36:15 - Epoch 110, Model Loss -1.500610572839874, View Loss -2.0477819286919887, Reg 0.12966076552478317
/users/3171356m/miniconda3/envs/grastiacl/lib/python3.12/site-packages/joblib/externals/loky/process_executor.py:782: UserWarning: A worker stopped while some jobs were given to the executor. This can be caused by a too short worker timeout or by a memory leak.
  warnings.warn(
08-Aug-26 22:36:24 - Epoch 110: Train_acc 0.8316993464052288 Val_acc 0.5751633986928104 Test_acc 0.5759162303664922 Test_auc 0.5706593406593408
08-Aug-26 22:37:23 - Epoch 111, Model Loss -1.5094221152511298, View Loss -2.078427031149272, Reg 0.1319187216314615
08-Aug-26 22:38:22 - Epoch 112, Model Loss -1.5046663190804275, View Loss -2.0681012596180235, Reg 0.1306419234260235
08-Aug-26 22:39:21 - Epoch 113, Model Loss -1.5036749122968687, View Loss -2.0596584463431165, Reg 0.12942537285533606
08-Aug-26 22:40:19 - Epoch 114, Model Loss -1.5010146751902462, View Loss -2.0383781015483384, Reg 0.1303849016724069
08-Aug-26 22:41:18 - Epoch 115, Model Loss -1.505592022066802, View Loss -2.0468070429134992, Reg 0.13113964061721478
08-Aug-26 22:41:28 - Epoch 115: Train_acc 0.7009803921568627 Val_acc 0.5620915032679739 Test_acc 0.5497382198952879 Test_auc 0.6178021978021978
08-Aug-26 22:42:27 - Epoch 116, Model Loss -1.50389229394252, View Loss -2.0576709267360713, Reg 0.13118979003694323
08-Aug-26 22:43:26 - Epoch 117, Model Loss -1.5006068516400903, View Loss -2.0586679527182983, Reg 0.13256735023525026
08-Aug-26 22:44:24 - Epoch 118, Model Loss -1.49330386305167, View Loss -2.011054852429558, Reg 0.13108924708140443
08-Aug-26 22:45:23 - Epoch 119, Model Loss -1.4964397717145532, View Loss -2.0529588499879527, Reg 0.13048043311421387
08-Aug-26 22:46:22 - Epoch 120, Model Loss -1.492688135383955, View Loss -2.01883081049701, Reg 0.1305888202650095
08-Aug-26 22:46:34 - Epoch 120: Train_acc 0.7794117647058824 Val_acc 0.5816993464052288 Test_acc 0.6020942408376964 Test_auc 0.6275824175824175
08-Aug-26 22:47:32 - Epoch 121, Model Loss -1.4973184174182368, View Loss -2.02624191334045, Reg 0.13045580558527528
08-Aug-26 22:48:31 - Epoch 122, Model Loss -1.5013701900158054, View Loss -2.0585424526065004, Reg 0.13116003027538847
08-Aug-26 22:49:30 - Epoch 123, Model Loss -1.4929005211474848, View Loss -1.9628057074702643, Reg 0.13061738803106196
08-Aug-26 22:50:28 - Epoch 124, Model Loss -1.4970407735288533, View Loss -2.011069347655851, Reg 0.13146486099249396
08-Aug-26 22:51:27 - Epoch 125, Model Loss -1.489965653886982, View Loss -1.9777128556195427, Reg 0.13148373657581852
/users/3171356m/miniconda3/envs/grastiacl/lib/python3.12/site-packages/joblib/externals/loky/process_executor.py:782: UserWarning: A worker stopped while some jobs were given to the executor. This can be caused by a too short worker timeout or by a memory leak.
  warnings.warn(
08-Aug-26 22:51:41 - Epoch 125: Train_acc 0.7663398692810458 Val_acc 0.6013071895424836 Test_acc 0.5392670157068062 Test_auc 0.5917582417582418
08-Aug-26 22:52:40 - Epoch 126, Model Loss -1.4928740146113377, View Loss -1.9709657656601052, Reg 0.13239297197729932
08-Aug-26 22:53:39 - Epoch 127, Model Loss -1.499040126800537, View Loss -2.0538263165093715, Reg 0.13037795490688747
08-Aug-26 22:54:37 - Epoch 128, Model Loss -1.487134229123982, View Loss -1.980770173415639, Reg 0.13103205929784215
08-Aug-26 22:55:36 - Epoch 129, Model Loss -1.4945975097955442, View Loss -2.0323386909135808, Reg 0.13067174030869616
08-Aug-26 22:56:35 - Epoch 130, Model Loss -1.5070522408080256, View Loss -2.059938044329874, Reg 0.12957613287018796
08-Aug-26 22:56:42 - Epoch 130: Train_acc 0.8611111111111112 Val_acc 0.5686274509803921 Test_acc 0.5340314136125655 Test_auc 0.5686813186813187
08-Aug-26 22:57:41 - Epoch 131, Model Loss -1.501887028513391, View Loss -2.03505949257246, Reg 0.1307775631936547
08-Aug-26 22:58:40 - Epoch 132, Model Loss -1.505438885657616, View Loss -2.0424949374853396, Reg 0.13050582683553882
08-Aug-26 22:59:38 - Epoch 133, Model Loss -1.5071477142034793, View Loss -2.0537545073266124, Reg 0.1297698110536812
08-Aug-26 23:00:37 - Epoch 134, Model Loss -1.506006973241669, View Loss -2.0576872638627592, Reg 0.13008293324436238
08-Aug-26 23:01:36 - Epoch 135, Model Loss -1.4960623722450406, View Loss -1.9979494256910935, Reg 0.13011345053030773
/users/3171356m/miniconda3/envs/grastiacl/lib/python3.12/site-packages/joblib/externals/loky/process_executor.py:782: UserWarning: A worker stopped while some jobs were given to the executor. This can be caused by a too short worker timeout or by a memory leak.
  warnings.warn(
08-Aug-26 23:01:48 - Epoch 135: Train_acc 0.7794117647058824 Val_acc 0.5751633986928104 Test_acc 0.5549738219895288 Test_auc 0.5934065934065934
08-Aug-26 23:02:47 - Epoch 136, Model Loss -1.4901629803227443, View Loss -1.9799472615609761, Reg 0.13114463873938018
08-Aug-26 23:03:46 - Epoch 137, Model Loss -1.4993019104003906, View Loss -2.018236581016989, Reg 0.12914511132863613
08-Aug-26 23:04:44 - Epoch 138, Model Loss -1.5115020914015427, View Loss -2.056255035151064, Reg 0.13020143662792405
08-Aug-26 23:05:43 - Epoch 139, Model Loss -1.5014344508351842, View Loss -2.0355086264267466, Reg 0.13149529598117654
08-Aug-26 23:06:42 - Epoch 140, Model Loss -1.5042400110780803, View Loss -2.0307038469252245, Reg 0.1307341435960695
08-Aug-26 23:06:54 - Epoch 140: Train_acc 0.7091503267973857 Val_acc 0.5816993464052288 Test_acc 0.5549738219895288 Test_auc 0.6089010989010989
08-Aug-26 23:07:52 - Epoch 141, Model Loss -1.5076535293479372, View Loss -2.0534264308954375, Reg 0.12989823890277763
08-Aug-26 23:08:51 - Epoch 142, Model Loss -1.5036679342681287, View Loss -2.06712655148475, Reg 0.1306444250680263
08-Aug-26 23:09:50 - Epoch 143, Model Loss -1.5107593629874436, View Loss -2.049981432023391, Reg 0.13166522273635553
08-Aug-26 23:10:49 - Epoch 144, Model Loss -1.5136662028194252, View Loss -2.022596458983577, Reg 0.1300409586211435
08-Aug-26 23:11:47 - Epoch 145, Model Loss -1.5112987219118605, View Loss -2.039190357806636, Reg 0.1294471950215452
08-Aug-26 23:11:56 - Epoch 145: Train_acc 0.7254901960784313 Val_acc 0.5882352941176471 Test_acc 0.581151832460733 Test_auc 0.613956043956044
08-Aug-26 23:12:54 - Epoch 146, Model Loss -1.512919653474895, View Loss -2.0595363292818756, Reg 0.1299205924950394
08-Aug-26 23:13:53 - Epoch 147, Model Loss -1.5110008171181273, View Loss -2.0250044772827547, Reg 0.13123222084995967
08-Aug-26 23:14:50 - Epoch 148, Model Loss -1.5143420618343977, View Loss -2.0533155272988712, Reg 0.13049347455205482
08-Aug-26 23:15:48 - Epoch 149, Model Loss -1.5054599724563897, View Loss -2.0194534476286448, Reg 0.13082898422783495
08-Aug-26 23:16:44 - Epoch 150, Model Loss -1.5082591530544307, View Loss -2.0310597482070425, Reg 0.1295840249342077
08-Aug-26 23:16:53 - Epoch 150: Train_acc 0.761437908496732 Val_acc 0.5947712418300654 Test_acc 0.5654450261780105 Test_auc 0.6032967032967033
08-Aug-26 23:17:49 - Epoch 151, Model Loss -1.5149480221318263, View Loss -2.0184420791326785, Reg 0.13061410052324432
08-Aug-26 23:18:46 - Epoch 152, Model Loss -1.5145428975423176, View Loss -2.0538118929644815, Reg 0.1305682676679948
08-Aug-26 23:19:42 - Epoch 153, Model Loss -1.5237484102934793, View Loss -2.0592923039704365, Reg 0.13057121478654202
08-Aug-26 23:20:39 - Epoch 154, Model Loss -1.5249515764074388, View Loss -2.0576768264271856, Reg 0.13114238622920965
08-Aug-26 23:21:36 - Epoch 155, Model Loss -1.5147433000452377, View Loss -2.0445739303539003, Reg 0.1322658565504099
08-Aug-26 23:21:49 - Epoch 155: Train_acc 0.7728758169934641 Val_acc 0.6078431372549019 Test_acc 0.5549738219895288 Test_auc 0.5956043956043956
08-Aug-26 23:22:46 - Epoch 156, Model Loss -1.5105902759078282, View Loss -2.03179561078938, Reg 0.13044599974467083
08-Aug-26 23:23:43 - Epoch 157, Model Loss -1.515420003654131, View Loss -2.0361052587920545, Reg 0.1293887244720085
08-Aug-26 23:24:39 - Epoch 158, Model Loss -1.5107753292407864, View Loss -1.9931121402316623, Reg 0.12951751131247852
08-Aug-26 23:25:36 - Epoch 159, Model Loss -1.5091822069454817, View Loss -2.022843956168181, Reg 0.1299928839689766
08-Aug-26 23:26:33 - Epoch 160, Model Loss -1.5162754713320266, View Loss -2.0387116662817064, Reg 0.12931710949131087
08-Aug-26 23:26:41 - Epoch 160: Train_acc 0.8055555555555556 Val_acc 0.5947712418300654 Test_acc 0.5549738219895288 Test_auc 0.5957142857142858
08-Aug-26 23:27:37 - Epoch 161, Model Loss -1.5114082947275997, View Loss -2.0451111450693964, Reg 0.12988066673278809
08-Aug-26 23:28:34 - Epoch 162, Model Loss -1.4987729639788858, View Loss -1.9424633761636572, Reg 0.13212733428462659
08-Aug-26 23:29:31 - Epoch 163, Model Loss -1.5081736059749828, View Loss -2.0278476048139185, Reg 0.13240765687686945
08-Aug-26 23:30:27 - Epoch 164, Model Loss -1.5063272924984203, View Loss -2.044395814534106, Reg 0.13094962407755695
08-Aug-26 23:31:24 - Epoch 165, Model Loss -1.5153639799629162, View Loss -2.0165196400062713, Reg 0.13140029601411882
08-Aug-26 23:31:31 - Epoch 165: Train_acc 0.7630718954248366 Val_acc 0.5816993464052288 Test_acc 0.6073298429319371 Test_auc 0.6293406593406594
08-Aug-26 23:32:28 - Epoch 166, Model Loss -1.5058268067104366, View Loss -2.023085768705879, Reg 0.13044281157792784
08-Aug-26 23:33:25 - Epoch 167, Model Loss -1.4968827877169342, View Loss -1.9470693737852807, Reg 0.13074734792405485
08-Aug-26 23:34:22 - Epoch 168, Model Loss -1.5035189335642298, View Loss -2.005224629944446, Reg 0.12976470833120782
08-Aug-26 23:35:18 - Epoch 169, Model Loss -1.5114308026881, View Loss -2.0615993481056365, Reg 0.13030135767911774
08-Aug-26 23:36:15 - Epoch 170, Model Loss -1.5079001694722893, View Loss -1.993918668210896, Reg 0.13059438716352376
08-Aug-26 23:36:23 - Epoch 170: Train_acc 0.7843137254901961 Val_acc 0.5882352941176471 Test_acc 0.6020942408376964 Test_auc 0.6295604395604395
08-Aug-26 23:37:20 - Epoch 171, Model Loss -1.4955420868069518, View Loss -1.9873464590583751, Reg 0.12986028321038665
08-Aug-26 23:38:16 - Epoch 172, Model Loss -1.5038293794868818, View Loss -2.0062515408385035, Reg 0.13137563147576026
08-Aug-26 23:39:13 - Epoch 173, Model Loss -1.5041299770080965, View Loss -2.009752114613851, Reg 0.13039054697245553
08-Aug-26 23:40:10 - Epoch 174, Model Loss -1.4960046624825671, View Loss -1.9414659574920057, Reg 0.13030002748264985
08-Aug-26 23:41:06 - Epoch 175, Model Loss -1.514209024267259, View Loss -2.0148395432366266, Reg 0.13012102041758744
08-Aug-26 23:41:15 - Epoch 175: Train_acc 0.7810457516339869 Val_acc 0.5751633986928104 Test_acc 0.5602094240837696 Test_auc 0.5927472527472528
08-Aug-26 23:42:12 - Epoch 176, Model Loss -1.5075292275622, View Loss -2.0204698525223077, Reg 0.13035586271800248
08-Aug-26 23:43:09 - Epoch 177, Model Loss -1.51122672885072, View Loss -2.0126029930862726, Reg 0.13036830362930796
08-Aug-26 23:44:06 - Epoch 178, Model Loss -1.5094040640039381, View Loss -1.9996553246491875, Reg 0.13058442072151533
08-Aug-26 23:45:02 - Epoch 179, Model Loss -1.5142186358084087, View Loss -2.0099003112394045, Reg 0.13141706313183105
08-Aug-26 23:45:59 - Epoch 180, Model Loss -1.5126793836456498, View Loss -2.001380876777998, Reg 0.1302977057259067
08-Aug-26 23:46:04 - Epoch 180: Train_acc 0.8186274509803921 Val_acc 0.5882352941176471 Test_acc 0.5497382198952879 Test_auc 0.5808791208791207
08-Aug-26 23:47:01 - Epoch 181, Model Loss -1.51129617878035, View Loss -1.9858866953382306, Reg 0.1307802979463066
08-Aug-26 23:47:57 - Epoch 182, Model Loss -1.5029027539920183, View Loss -1.98809620601679, Reg 0.13141618072499636
08-Aug-26 23:48:54 - Epoch 183, Model Loss -1.5087225857902975, View Loss -1.9995184817345313, Reg 0.1290701129078086
08-Aug-26 23:49:51 - Epoch 184, Model Loss -1.509752591451009, View Loss -2.0155742090511946, Reg 0.12887873953463985
08-Aug-26 23:50:48 - Epoch 185, Model Loss -1.518741987889109, View Loss -2.0118323993059546, Reg 0.13171897336743235
08-Aug-26 23:50:55 - Epoch 185: Train_acc 0.8218954248366013 Val_acc 0.6209150326797386 Test_acc 0.581151832460733 Test_auc 0.596923076923077
08-Aug-26 23:51:51 - Epoch 186, Model Loss -1.5158339855717677, View Loss -2.0051874459958543, Reg 0.12938236912675932
08-Aug-26 23:52:49 - Epoch 187, Model Loss -1.5135812260746178, View Loss -2.0328984883875627, Reg 0.12779875484362146
08-Aug-26 23:53:45 - Epoch 188, Model Loss -1.5191420636145898, View Loss -2.0184124809464596, Reg 0.12980177160961176
08-Aug-26 23:54:42 - Epoch 189, Model Loss -1.5186289618997013, View Loss -2.0227310673084133, Reg 0.13166157862329794
08-Aug-26 23:55:40 - Epoch 190, Model Loss -1.5166480369817197, View Loss -2.002296369839338, Reg 0.12867532743542803
08-Aug-26 23:55:48 - Epoch 190: Train_acc 0.7124183006535948 Val_acc 0.6143790849673203 Test_acc 0.5916230366492147 Test_auc 0.6137362637362638
08-Aug-26 23:56:45 - Epoch 191, Model Loss -1.5201125487782596, View Loss -2.0310306424408955, Reg 0.12810840282370062
08-Aug-26 23:57:42 - Epoch 192, Model Loss -1.5112217921836704, View Loss -1.9925628923902325, Reg 0.13009737461220985
08-Aug-26 23:58:39 - Epoch 193, Model Loss -1.5192781990649653, View Loss -2.0107235378689237, Reg 0.12970949699676115
08-Aug-26 23:59:36 - Epoch 194, Model Loss -1.5204809787226659, View Loss -2.036987610112608, Reg 0.1285984115857704
09-Aug-26 00:00:34 - Epoch 195, Model Loss -1.5144308376935571, View Loss -1.991275993047976, Reg 0.1300923236055312
09-Aug-26 00:00:40 - Epoch 195: Train_acc 0.7598039215686274 Val_acc 0.6013071895424836 Test_acc 0.5706806282722513 Test_auc 0.6026373626373627
09-Aug-26 00:01:37 - Epoch 196, Model Loss -1.5164760140811695, View Loss -1.9793614936030768, Reg 0.12984246541472041
09-Aug-26 00:02:34 - Epoch 197, Model Loss -1.5217550626767227, View Loss -2.0317116656334573, Reg 0.12925358827597175
09-Aug-26 00:03:31 - Epoch 198, Model Loss -1.5211793893302967, View Loss -2.0117524496090957, Reg 0.12978984761277054
09-Aug-26 00:04:28 - Epoch 199, Model Loss -1.5240702036938636, View Loss -2.044566665599549, Reg 0.12756925548603332
09-Aug-26 00:05:26 - Epoch 200, Model Loss -1.5243486423118442, View Loss -2.009535630544027, Reg 0.13101308447083618
09-Aug-26 00:05:35 - Epoch 200: Train_acc 0.7663398692810458 Val_acc 0.5751633986928104 Test_acc 0.5549738219895288 Test_auc 0.6036263736263736
09-Aug-26 00:06:32 - Epoch 201, Model Loss -1.5147452510260289, View Loss -1.9937628390742284, Reg 0.13010307036194146
09-Aug-26 00:07:30 - Epoch 202, Model Loss -1.5131211935305129, View Loss -1.9541980051526837, Reg 0.13008478167010287
09-Aug-26 00:08:27 - Epoch 203, Model Loss -1.516802725449107, View Loss -2.0051819982092365, Reg 0.12887314760607052
09-Aug-26 00:09:24 - Epoch 204, Model Loss -1.519336575776144, View Loss -2.004240447399663, Reg 0.1297586900151633
09-Aug-26 00:10:21 - Epoch 205, Model Loss -1.5179944568210177, View Loss -1.9829933347265705, Reg 0.12895343282253913
09-Aug-26 00:10:28 - Epoch 205: Train_acc 0.8202614379084967 Val_acc 0.5882352941176471 Test_acc 0.5602094240837696 Test_auc 0.605054945054945
09-Aug-26 00:11:26 - Epoch 206, Model Loss -1.51873692655875, View Loss -2.015827780455546, Reg 0.12862311274397606
09-Aug-26 00:12:23 - Epoch 207, Model Loss -1.521503273957695, View Loss -2.017056181539897, Reg 0.12898467315567863
09-Aug-26 00:13:20 - Epoch 208, Model Loss -1.517801883173924, View Loss -2.02116574493109, Reg 0.12985009295878067
09-Aug-26 00:14:17 - Epoch 209, Model Loss -1.5265421742707297, View Loss -2.020262297462015, Reg 0.1278564216069926
09-Aug-26 00:15:14 - Epoch 210, Model Loss -1.5212164610819099, View Loss -2.0206369387558083, Reg 0.13092401282849656
09-Aug-26 00:15:25 - Epoch 210: Train_acc 0.7075163398692811 Val_acc 0.6013071895424836 Test_acc 0.5445026178010471 Test_auc 0.6154945054945056
09-Aug-26 00:16:23 - Epoch 211, Model Loss -1.526981197930629, View Loss -2.012639326207778, Reg 0.12957435271708795
09-Aug-26 00:17:20 - Epoch 212, Model Loss -1.5208564053953084, View Loss -1.979278202929528, Reg 0.1301856210905742
09-Aug-26 00:18:17 - Epoch 213, Model Loss -1.5308085734548131, View Loss -2.0085484591964025, Reg 0.12847632968347836
09-Aug-26 00:19:14 - Epoch 214, Model Loss -1.517741558598537, View Loss -1.9582731490041696, Reg 0.130059738369549
09-Aug-26 00:20:11 - Epoch 215, Model Loss -1.523879624659719, View Loss -1.997447895847894, Reg 0.12818174283294118
09-Aug-26 00:20:19 - Epoch 215: Train_acc 0.8055555555555556 Val_acc 0.6078431372549019 Test_acc 0.5863874345549738 Test_auc 0.5935164835164835
09-Aug-26 00:21:16 - Epoch 216, Model Loss -1.528500893536736, View Loss -2.024023856992036, Reg 0.1289254699657166
09-Aug-26 00:22:13 - Epoch 217, Model Loss -1.5301406087439045, View Loss -2.0435658498527176, Reg 0.12893198751935772
09-Aug-26 00:23:11 - Epoch 218, Model Loss -1.5302096472846136, View Loss -2.007741822136773, Reg 0.12851202760646546
09-Aug-26 00:24:08 - Epoch 219, Model Loss -1.5307369481504354, View Loss -2.014580626892888, Reg 0.12869335472388985
09-Aug-26 00:25:05 - Epoch 220, Model Loss -1.5230851952546562, View Loss -2.011900836346196, Reg 0.12996026912545847
09-Aug-26 00:25:12 - Epoch 220: Train_acc 0.7696078431372549 Val_acc 0.5882352941176471 Test_acc 0.5497382198952879 Test_auc 0.5952747252747252
09-Aug-26 00:26:10 - Epoch 221, Model Loss -1.526002123464946, View Loss -1.9925209868187999, Reg 0.12797161216050193
09-Aug-26 00:27:08 - Epoch 222, Model Loss -1.522510659460928, View Loss -1.9944525450662849, Reg 0.12970082632272073
09-Aug-26 00:28:05 - Epoch 223, Model Loss -1.5261658687217563, View Loss -1.9757197323967428, Reg 0.12820058856524674
09-Aug-26 00:29:02 - Epoch 224, Model Loss -1.4909701129190283, View Loss -1.8274280541862538, Reg 0.1303668351588296
09-Aug-26 00:30:00 - Epoch 225, Model Loss -1.5128431631848702, View Loss -2.0261475432152842, Reg 0.1279749523580464
09-Aug-26 00:30:11 - Epoch 225: Train_acc 0.7026143790849673 Val_acc 0.6209150326797386 Test_acc 0.5759162303664922 Test_auc 0.6301098901098902
09-Aug-26 00:31:08 - Epoch 226, Model Loss -1.5123020994896983, View Loss -1.9984608756171331, Reg 0.12955308359822418
09-Aug-26 00:32:06 - Epoch 227, Model Loss -1.5150267064960954, View Loss -2.0008049509883707, Reg 0.12967121391709335
09-Aug-26 00:33:04 - Epoch 228, Model Loss -1.5269280913608525, View Loss -2.0316639943839676, Reg 0.1282994016712787
09-Aug-26 00:34:01 - Epoch 229, Model Loss -1.5279060126909243, View Loss -2.032239770577624, Reg 0.13110066327004652
09-Aug-26 00:34:58 - Epoch 230, Model Loss -1.5270032384037193, View Loss -2.0222042713289947, Reg 0.12726462247714498
09-Aug-26 00:35:08 - Epoch 230: Train_acc 0.7679738562091504 Val_acc 0.5947712418300654 Test_acc 0.5392670157068062 Test_auc 0.5956043956043955
09-Aug-26 00:36:05 - Epoch 231, Model Loss -1.5270321758743983, View Loss -2.002210380205142, Reg 0.1295323518950955
09-Aug-26 00:37:01 - Epoch 232, Model Loss -1.5223093905480078, View Loss -2.011139829174366, Reg 0.1270747942472595
09-Aug-26 00:37:59 - Epoch 233, Model Loss -1.5281518549700968, View Loss -2.014616486293818, Reg 0.13030572216105618
09-Aug-26 00:38:57 - Epoch 234, Model Loss -1.5324345040165521, View Loss -2.0148723234538157, Reg 0.12791606267682867
09-Aug-26 00:39:54 - Epoch 235, Model Loss -1.535633171305937, View Loss -2.0284107713138355, Reg 0.12932329016183716
09-Aug-26 00:40:04 - Epoch 235: Train_acc 0.7091503267973857 Val_acc 0.6339869281045751 Test_acc 0.5759162303664922 Test_auc 0.6157142857142857
09-Aug-26 00:41:01 - Epoch 236, Model Loss -1.5321879854389266, View Loss -2.016358587476942, Reg 0.12779611826332565
09-Aug-26 00:41:58 - Epoch 237, Model Loss -1.5331993103027344, View Loss -2.0270176183164508, Reg 0.13011638790953392
09-Aug-26 00:42:56 - Epoch 238, Model Loss -1.5196887184591854, View Loss -1.976942959953757, Reg 0.12975124021371207
09-Aug-26 00:43:53 - Epoch 239, Model Loss -1.5254780326793396, View Loss -2.0132036801257165, Reg 0.1271575280264312
09-Aug-26 00:44:50 - Epoch 240, Model Loss -1.5286246094049192, View Loss -2.0127494475420784, Reg 0.12898232198618595
09-Aug-26 00:45:01 - Epoch 240: Train_acc 0.6977124183006536 Val_acc 0.6078431372549019 Test_acc 0.5497382198952879 Test_auc 0.6043956043956045
09-Aug-26 00:45:58 - Epoch 241, Model Loss -1.532497586767658, View Loss -2.021144882526273, Reg 0.12767848956818675
09-Aug-26 00:46:56 - Epoch 242, Model Loss -1.5298435111450994, View Loss -2.0165105894500135, Reg 0.12972371640548208
09-Aug-26 00:47:53 - Epoch 243, Model Loss -1.5354115355248545, View Loss -2.0225377955467874, Reg 0.12805705614923651
09-Aug-26 00:48:51 - Epoch 244, Model Loss -1.5310584174262152, View Loss -2.0168295903922684, Reg 0.12857121258389717
09-Aug-26 00:49:48 - Epoch 245, Model Loss -1.5355989512275248, View Loss -2.0179004201702044, Reg 0.13003169360503652
09-Aug-26 00:50:00 - Epoch 245: Train_acc 0.7924836601307189 Val_acc 0.6470588235294118 Test_acc 0.5392670157068062 Test_auc 0.5617582417582417
09-Aug-26 00:50:56 - Epoch 246, Model Loss -1.5291702264274647, View Loss -2.001463952407338, Reg 0.1282373604431651
09-Aug-26 00:51:53 - Epoch 247, Model Loss -1.528874422210494, View Loss -1.985222373912537, Reg 0.12987451912725673
09-Aug-26 00:52:50 - Epoch 248, Model Loss -1.5268857120688444, View Loss -1.9902739867665409, Reg 0.12930750798166188
09-Aug-26 00:53:48 - Epoch 249, Model Loss -1.5280643226274477, View Loss -2.017932602003509, Reg 0.12681903987149007
09-Aug-26 00:54:45 - Epoch 250, Model Loss -1.5239952498791265, View Loss -1.9455495846816917, Reg 0.12960829619878259
09-Aug-26 00:54:54 - Epoch 250: Train_acc 0.7745098039215687 Val_acc 0.6143790849673203 Test_acc 0.5863874345549738 Test_auc 0.6279120879120879
09-Aug-26 00:55:51 - Epoch 251, Model Loss -1.5278561162013633, View Loss -1.995813260670581, Reg 0.12785803219851324
09-Aug-26 00:56:49 - Epoch 252, Model Loss -1.531420679653392, View Loss -2.0176222059461804, Reg 0.12851291563775805
09-Aug-26 00:57:46 - Epoch 253, Model Loss -1.5287130642560571, View Loss -1.9983314408196344, Reg 0.128484084228285
09-Aug-26 00:58:43 - Epoch 254, Model Loss -1.5338427537406971, View Loss -2.0165437000249726, Reg 0.12878165233368968
09-Aug-26 00:59:41 - Epoch 255, Model Loss -1.5299298030878203, View Loss -2.0064380215663538, Reg 0.12827544761639015
09-Aug-26 00:59:52 - Epoch 255: Train_acc 0.7630718954248366 Val_acc 0.6143790849673203 Test_acc 0.581151832460733 Test_auc 0.6056043956043956
09-Aug-26 01:00:49 - Epoch 256, Model Loss -1.526534454495299, View Loss -1.9859715972850525, Reg 0.1299730010963733
09-Aug-26 01:01:46 - Epoch 257, Model Loss -1.5208132750068615, View Loss -1.9278313474717483, Reg 0.12793305457807055
09-Aug-26 01:02:43 - Epoch 258, Model Loss -1.5296852635402305, View Loss -2.0107508889989916, Reg 0.12856016731729694
09-Aug-26 01:03:40 - Epoch 259, Model Loss -1.5330711003222497, View Loss -2.015531123853197, Reg 0.12779890797009655
09-Aug-26 01:04:39 - Epoch 260, Model Loss -1.526281793133106, View Loss -1.9916237538156947, Reg 0.1274882925102134
09-Aug-26 01:04:47 - Epoch 260: Train_acc 0.7598039215686274 Val_acc 0.6013071895424836 Test_acc 0.5706806282722513 Test_auc 0.6117582417582417
09-Aug-26 01:05:44 - Epoch 261, Model Loss -1.5327391032299964, View Loss -2.0179306073905594, Reg 0.1285888454055085
09-Aug-26 01:06:41 - Epoch 262, Model Loss -1.5324616182863322, View Loss -2.017112741283342, Reg 0.1274432105566162
09-Aug-26 01:07:38 - Epoch 263, Model Loss -1.527953004525378, View Loss -1.9959231763104208, Reg 0.12865330103565664
09-Aug-26 01:08:35 - Epoch 264, Model Loss -1.535725238276463, View Loss -2.0117023817074844, Reg 0.1307404778556886
09-Aug-26 01:09:33 - Epoch 265, Model Loss -1.53532389410181, View Loss -2.030023350435145, Reg 0.1297647518659729
09-Aug-26 01:09:41 - Epoch 265: Train_acc 0.7581699346405228 Val_acc 0.6078431372549019 Test_acc 0.5863874345549738 Test_auc 0.602967032967033
09-Aug-26 01:10:38 - Epoch 266, Model Loss -1.53998690960454, View Loss -2.022530063305026, Reg 0.12838511178696077
09-Aug-26 01:11:36 - Epoch 267, Model Loss -1.5337535571428687, View Loss -1.9972279773038977, Reg 0.1270652629581152
09-Aug-26 01:12:33 - Epoch 268, Model Loss -1.5365513570947584, View Loss -2.002344859191795, Reg 0.1291830985764273
09-Aug-26 01:13:30 - Epoch 269, Model Loss -1.5296405125287622, View Loss -1.95576203103159, Reg 0.12854557128903132
09-Aug-26 01:14:27 - Epoch 270, Model Loss -1.525038650612426, View Loss -1.9998100879145604, Reg 0.1279978495018155
09-Aug-26 01:14:36 - Epoch 270: Train_acc 0.7140522875816994 Val_acc 0.6405228758169934 Test_acc 0.5863874345549738 Test_auc 0.6112087912087912
09-Aug-26 01:15:35 - Epoch 271, Model Loss -1.53329494576049, View Loss -1.9925761939653384, Reg 0.12991233101857255
09-Aug-26 01:16:32 - Epoch 272, Model Loss -1.5304482310426002, View Loss -1.985317760043674, Reg 0.1289854358419094
09-Aug-26 01:17:29 - Epoch 273, Model Loss -1.5327457664838804, View Loss -2.000413969451306, Reg 0.12748371639282874
09-Aug-26 01:18:26 - Epoch 274, Model Loss -1.5342700434666054, View Loss -1.9830894906536427, Reg 0.128245886001322
09-Aug-26 01:19:24 - Epoch 275, Model Loss -1.5322468265209324, View Loss -2.0060978901931663, Reg 0.12778995595141954
09-Aug-26 01:19:38 - Epoch 275: Train_acc 0.7156862745098039 Val_acc 0.6274509803921569 Test_acc 0.581151832460733 Test_auc 0.6232967032967033
09-Aug-26 01:20:36 - Epoch 276, Model Loss -1.5384527437048021, View Loss -1.9984943383659413, Reg 0.12846537947265152
09-Aug-26 01:21:34 - Epoch 277, Model Loss -1.5375502654929567, View Loss -1.9980018185634238, Reg 0.12894037950272655
09-Aug-26 01:22:31 - Epoch 278, Model Loss -1.5369135227078705, View Loss -1.9974432926551968, Reg 0.12750064961466134
09-Aug-26 01:23:28 - Epoch 279, Model Loss -1.5370951135174122, View Loss -2.023451446707732, Reg 0.12761226666519065
09-Aug-26 01:24:25 - Epoch 280, Model Loss -1.5402591399897159, View Loss -2.0025060784582998, Reg 0.1284088506028543
/users/3171356m/miniconda3/envs/grastiacl/lib/python3.12/site-packages/joblib/externals/loky/process_executor.py:782: UserWarning: A worker stopped while some jobs were given to the executor. This can be caused by a too short worker timeout or by a memory leak.
  warnings.warn(
09-Aug-26 01:24:40 - Epoch 280: Train_acc 0.7532679738562091 Val_acc 0.6078431372549019 Test_acc 0.612565445026178 Test_auc 0.6205494505494505
09-Aug-26 01:25:37 - Epoch 281, Model Loss -1.5384756038391512, View Loss -2.0198739619036905, Reg 0.12798738333524443
09-Aug-26 01:26:35 - Epoch 282, Model Loss -1.543223736332912, View Loss -2.029591409209507, Reg 0.12796691176938077
09-Aug-26 01:27:33 - Epoch 283, Model Loss -1.540643162197537, View Loss -1.9992503901712255, Reg 0.12700551387920878
09-Aug-26 01:28:30 - Epoch 284, Model Loss -1.5382373036901935, View Loss -1.9940447526819565, Reg 0.12866456865095624
09-Aug-26 01:29:27 - Epoch 285, Model Loss -1.539644272498835, View Loss -1.9951537855310377, Reg 0.1292151731798072
09-Aug-26 01:29:41 - Epoch 285: Train_acc 0.75 Val_acc 0.5947712418300654 Test_acc 0.5916230366492147 Test_auc 0.6154945054945056
09-Aug-26 01:30:38 - Epoch 286, Model Loss -1.5401073530608533, View Loss -1.98249262454463, Reg 0.12823871372182385
09-Aug-26 01:31:36 - Epoch 287, Model Loss -1.5378330205780228, View Loss -2.003486611484702, Reg 0.12847445184498832
09-Aug-26 01:32:33 - Epoch 288, Model Loss -1.5384270256640864, View Loss -1.9789274034936444, Reg 0.12742570928888383
09-Aug-26 01:33:30 - Epoch 289, Model Loss -1.5394539053923164, View Loss -2.0025181801490533, Reg 0.12810253911937763
09-Aug-26 01:34:27 - Epoch 290, Model Loss -1.5401240953432969, View Loss -1.9793278797000062, Reg 0.1282996511926838
09-Aug-26 01:34:41 - Epoch 290: Train_acc 0.7549019607843137 Val_acc 0.5686274509803921 Test_acc 0.6073298429319371 Test_auc 0.6346153846153846
09-Aug-26 01:35:39 - Epoch 291, Model Loss -1.537718417597752, View Loss -1.9847953428629956, Reg 0.12811841095000312
09-Aug-26 01:36:36 - Epoch 292, Model Loss -1.5395329263475206, View Loss -2.023506856432148, Reg 0.1269265237002591
09-Aug-26 01:37:34 - Epoch 293, Model Loss -1.528435919019911, View Loss -1.9653590208564709, Reg 0.12988209958169974
09-Aug-26 01:38:31 - Epoch 294, Model Loss -1.5390110421024896, View Loss -2.0498760572445938, Reg 0.1282336599881353
09-Aug-26 01:39:28 - Epoch 295, Model Loss -1.5430953019584706, View Loss -2.076318114411597, Reg 0.12880987941829208
/users/3171356m/miniconda3/envs/grastiacl/lib/python3.12/site-packages/joblib/externals/loky/process_executor.py:782: UserWarning: A worker stopped while some jobs were given to the executor. This can be caused by a too short worker timeout or by a memory leak.
  warnings.warn(
09-Aug-26 01:39:44 - Epoch 295: Train_acc 0.7091503267973857 Val_acc 0.5816993464052288 Test_acc 0.581151832460733 Test_auc 0.6216483516483517
09-Aug-26 01:40:41 - Epoch 296, Model Loss -1.5430754430932936, View Loss -2.134695358525694, Reg 0.1284313868073856
09-Aug-26 01:41:39 - Epoch 297, Model Loss -1.5427055452384202, View Loss -2.044887681412541, Reg 0.128935767349854
09-Aug-26 01:42:38 - Epoch 298, Model Loss -1.5372710227966309, View Loss -1.9876760937809166, Reg 0.1281807381732791
09-Aug-26 01:43:35 - Epoch 299, Model Loss -1.53755475025551, View Loss -2.0009004275004068, Reg 0.1277757662963244
09-Aug-26 01:44:33 - Epoch 300, Model Loss -1.5395380967582752, View Loss -2.0054883115431843, Reg 0.12747331173007004
09-Aug-26 01:44:52 - Epoch 300: Train_acc 0.7549019607843137 Val_acc 0.6143790849673203 Test_acc 0.6020942408376964 Test_auc 0.6072527472527471
09-Aug-26 01:44:52 - FinishedTraining! BestEpoch (eval-interval index): 48
09-Aug-26 01:44:52 - Wrote /users/3171356m/muhammad/GraSTIACL/nested_cv/results/nocombat__emb256_bs32__fold3.json
09-Aug-26 01:44:52 - {
  "emb_dim": 256,
  "batch_size": 32,
  "fold": 3,
  "combat": false,
  "n_train": 612,
  "n_val": 153,
  "n_test": 191,
  "best_val_epoch_idx": 48,
  "train_accuracy": 0.7924836601307189,
  "val_accuracy": 0.6470588235294118,
  "test_accuracy": 0.5392670157068062,
  "train_f1": 0.7775831873905429,
  "val_f1": 0.64,
  "test_f1": 0.5368421052631579,
  "train_sensitivity": 0.7628865953165409,
  "val_sensitivity": 0.6575342375680242,
  "test_sensitivity": 0.560439554280884,
  "train_specificity": 0.8193146391921663,
  "val_specificity": 0.6374999920312501,
  "test_specificity": 0.5199999948,
  "train_precision": 0.7928571428571428,
  "val_precision": 0.6233766233766234,
  "test_precision": 0.5151515151515151,
  "test_auc": 0.5617582417582417,
  "fin_reg": 0.13003169360503652
}
