09-Aug-26 02:08:59 - Using Device: cuda
09-Aug-26 02:08:59 - Seed: 123, Fold: 0, ComBat: False
09-Aug-26 02:08:59 - Namespace(fold=0, combat=False, num_dyn_windows=3, model_lr=0.0005, view_lr=0.0005, num_gc_layers=2, pooling_type='standard', emb_dim=256, vib_hidden_dim=400, batch_size=128, drop_ratio=0.3, epochs=300, kld_lambda=0.003, reg_lambda=0.2, gamma_mode='paper_literal', node_feature_mode='alff_pcc', mij_source='alff_pcc', template=90, eval_interval=5, downstream_classifier='linear', ce_lambda=2.0, seed=123)
09-Aug-26 02:08:59 - Loading raw subject data...
09-Aug-26 02:11:44 - Loaded 956 subjects (455 ASD, 501 NC)
09-Aug-26 02:11:44 - alff_pcc scale stats (train_val_idx only): alff=[-3.5994,5.6307] pcc=[-0.7600,1.0000]
09-Aug-26 02:11:44 - Train/Val/Test sizes: 611/153/192
09-Aug-26 02:12:47 - Epoch 1, Model Loss 1.5444275842165596, View Loss -8.40968562655285, Reg 0.3770279181227942
09-Aug-26 02:13:47 - Epoch 2, Model Loss 0.8054786770316466, View Loss -5.837620695366992, Reg 0.11877889201996174
09-Aug-26 02:14:48 - Epoch 3, Model Loss 0.451080666675115, View Loss -2.523361238442154, Reg 0.19016271063817114
09-Aug-26 02:15:49 - Epoch 4, Model Loss 0.3317825772697426, View Loss -1.5489768211267974, Reg 0.2460569197193105
09-Aug-26 02:16:49 - Epoch 5, Model Loss 0.2666437840500752, View Loss -2.2548178104644125, Reg 0.13423125523884832
09-Aug-26 02:17:08 - Epoch 5: Train_acc 0.7086743044189853 Val_acc 0.5947712418300654 Test_acc 0.640625 Test_auc 0.6782722228266783
09-Aug-26 02:18:10 - Epoch 6, Model Loss 0.2320216568232607, View Loss -2.671622830404978, Reg 0.17758992785030028
09-Aug-26 02:19:11 - Epoch 7, Model Loss 0.21392382627410994, View Loss -2.694563646753564, Reg 0.14291344661076605
09-Aug-26 02:20:11 - Epoch 8, Model Loss 0.20034754885369743, View Loss -2.5856140178861478, Reg 0.14203851498090303
09-Aug-26 02:21:11 - Epoch 9, Model Loss 0.17656522334451175, View Loss -2.48493194502036, Reg 0.15467655227051624
09-Aug-26 02:22:12 - Epoch 10, Model Loss 0.16041281975427743, View Loss -2.3926889314979265, Reg 0.12808203797196016
09-Aug-26 02:22:32 - Epoch 10: Train_acc 0.7201309328968903 Val_acc 0.6078431372549019 Test_acc 0.625 Test_auc 0.6727233162876728
09-Aug-26 02:23:33 - Epoch 11, Model Loss 0.1518667824505394, View Loss -2.28099527218533, Reg 0.1638422961515998
09-Aug-26 02:24:34 - Epoch 12, Model Loss 0.16511269352122923, View Loss -2.1630091729608965, Reg 0.12983259039210024
09-Aug-26 02:25:34 - Epoch 13, Model Loss 0.15203562458144856, View Loss -1.997347327574185, Reg 0.16828123010609622
09-Aug-26 02:26:35 - Epoch 14, Model Loss 0.13984866357376455, View Loss -1.8381274727869736, Reg 0.14648539827810372
09-Aug-26 02:27:36 - Epoch 15, Model Loss 0.12307205167027425, View Loss -1.6823215394870739, Reg 0.15537125477033825
09-Aug-26 02:27:57 - Epoch 15: Train_acc 0.7201309328968903 Val_acc 0.6209150326797386 Test_acc 0.6041666666666666 Test_auc 0.673049722554673
09-Aug-26 02:28:59 - Epoch 16, Model Loss 0.09804289547784434, View Loss -1.604882285364716, Reg 0.1428948109161639
09-Aug-26 02:30:00 - Epoch 17, Model Loss 0.09735980934772866, View Loss -1.518257092141871, Reg 0.13367519648395076
09-Aug-26 02:31:01 - Epoch 18, Model Loss 0.11087526206640487, View Loss -1.4779572412737458, Reg 0.14312437315716875
09-Aug-26 02:32:02 - Epoch 19, Model Loss 0.08840863394464096, View Loss -1.4621767900189089, Reg 0.12391128573938595
09-Aug-26 02:33:02 - Epoch 20, Model Loss 0.09059242321309403, View Loss -1.4625943565524737, Reg 0.14889435321336486
09-Aug-26 02:33:22 - Epoch 20: Train_acc 0.8101472995090017 Val_acc 0.5686274509803921 Test_acc 0.59375 Test_auc 0.6450875856816451
09-Aug-26 02:34:24 - Epoch 21, Model Loss 0.09415417748660386, View Loss -1.4221397925125596, Reg 0.1414477755170797
09-Aug-26 02:35:25 - Epoch 22, Model Loss 0.09113743094004897, View Loss -1.3958948267267106, Reg 0.14797404488935798
09-Aug-26 02:36:26 - Epoch 23, Model Loss 0.07737101704711415, View Loss -1.371792363066915, Reg 0.14714312216849257
09-Aug-26 02:37:27 - Epoch 24, Model Loss 0.0678232885811801, View Loss -1.3640112935423656, Reg 0.13083629863742136
09-Aug-26 02:38:28 - Epoch 25, Model Loss 0.055134048121455455, View Loss -1.331159369645064, Reg 0.13976270570107255
09-Aug-26 02:38:47 - Epoch 25: Train_acc 0.7086743044189853 Val_acc 0.6274509803921569 Test_acc 0.640625 Test_auc 0.6733761288216733
09-Aug-26 02:39:50 - Epoch 26, Model Loss 0.05508134778704854, View Loss -1.3278002524336894, Reg 0.1374468884862191
09-Aug-26 02:40:51 - Epoch 27, Model Loss 0.05346568682384959, View Loss -1.3258839874923132, Reg 0.13404221269385905
09-Aug-26 02:41:51 - Epoch 28, Model Loss 0.045064097803860365, View Loss -1.309589752784142, Reg 0.14044753421835734
09-Aug-26 02:42:52 - Epoch 29, Model Loss 0.043000222691342405, View Loss -1.3095462646109772, Reg 0.1372763005781876
09-Aug-26 02:43:53 - Epoch 30, Model Loss 0.025833841480326927, View Loss -1.2896987459273268, Reg 0.13619706754110839
09-Aug-26 02:44:11 - Epoch 30: Train_acc 0.7675941080196399 Val_acc 0.5555555555555556 Test_acc 0.6458333333333334 Test_auc 0.6726145141986726
09-Aug-26 02:45:13 - Epoch 31, Model Loss 0.039434656476428194, View Loss -1.2947184711743494, Reg 0.13949111462517377
09-Aug-26 02:46:15 - Epoch 32, Model Loss 0.04174110542147522, View Loss -1.2781988665242048, Reg 0.13871372228948653
09-Aug-26 02:47:15 - Epoch 33, Model Loss 0.03878048250113298, View Loss -1.275315657770185, Reg 0.1330706513259688
09-Aug-26 02:48:16 - Epoch 34, Model Loss 0.032242973531716776, View Loss -1.2577355700116697, Reg 0.13964593008087425
09-Aug-26 02:49:17 - Epoch 35, Model Loss 0.02604472881058039, View Loss -1.2670426001915565, Reg 0.1393214351270476
09-Aug-26 02:49:38 - Epoch 35: Train_acc 0.7561374795417348 Val_acc 0.5751633986928104 Test_acc 0.6458333333333334 Test_auc 0.6861059732346861
09-Aug-26 02:50:41 - Epoch 36, Model Loss 0.0218215195276148, View Loss -1.2342602943242473, Reg 0.13991055031552446
09-Aug-26 02:51:42 - Epoch 37, Model Loss 0.020865017234206005, View Loss -1.245735135289144, Reg 0.13849556172928132
09-Aug-26 02:52:42 - Epoch 38, Model Loss 0.017895628114378784, View Loss -1.2493960752034539, Reg 0.140874664492771
09-Aug-26 02:53:43 - Epoch 39, Model Loss 0.018868895921301334, View Loss -1.2584809554579215, Reg 0.13693699674793625
09-Aug-26 02:54:44 - Epoch 40, Model Loss 0.010539098769280017, View Loss -1.2418297976011536, Reg 0.1380816792944254
09-Aug-26 02:55:02 - Epoch 40: Train_acc 0.7168576104746317 Val_acc 0.6339869281045751 Test_acc 0.6302083333333334 Test_auc 0.6722881079316723
09-Aug-26 02:56:02 - Epoch 41, Model Loss 0.01969672790720888, View Loss -1.2432384967023533, Reg 0.14487549843062356
09-Aug-26 02:57:03 - Epoch 42, Model Loss 0.015311275073822508, View Loss -1.221909777232356, Reg 0.14498385565078004
09-Aug-26 02:58:04 - Epoch 43, Model Loss 0.013451382298321263, View Loss -1.2224433574270694, Reg 0.13826452361483815
09-Aug-26 02:59:04 - Epoch 44, Model Loss 0.0056161652220056415, View Loss -1.2241230672393024, Reg 0.1391489519669069
09-Aug-26 03:00:05 - Epoch 45, Model Loss 0.006273557628625349, View Loss -1.2082508948742856, Reg 0.14491907608392002
09-Aug-26 03:00:24 - Epoch 45: Train_acc 0.7184942716857611 Val_acc 0.6209150326797386 Test_acc 0.6302083333333334 Test_auc 0.6731585246436732
09-Aug-26 03:01:27 - Epoch 46, Model Loss 0.005635757541890621, View Loss -1.1889383433883591, Reg 0.14282155302757132
09-Aug-26 03:02:28 - Epoch 47, Model Loss -0.0006148696628608017, View Loss -1.1912724722036558, Reg 0.14197390861870224
09-Aug-26 03:03:28 - Epoch 48, Model Loss -0.0022427159713645224, View Loss -1.1846471937120253, Reg 0.14376604359493317
09-Aug-26 03:04:29 - Epoch 49, Model Loss 0.00031873803287012876, View Loss -1.1759524199069034, Reg 0.14315954857976854
09-Aug-26 03:05:30 - Epoch 50, Model Loss 0.006371614732055539, View Loss -1.1613432684038352, Reg 0.1432344865194124
09-Aug-26 03:05:53 - Epoch 50: Train_acc 0.7201309328968903 Val_acc 0.6143790849673203 Test_acc 0.6197916666666666 Test_auc 0.6665215972146666
09-Aug-26 03:06:56 - Epoch 51, Model Loss 0.0031691243332458595, View Loss -1.1556344098623372, Reg 0.1427005611347879
09-Aug-26 03:07:58 - Epoch 52, Model Loss -0.00022023411409749532, View Loss -1.146795811122451, Reg 0.14188147556957365
09-Aug-26 03:08:59 - Epoch 53, Model Loss -0.007302527366215196, View Loss -1.1494918649988752, Reg 0.14248236504104445
09-Aug-26 03:10:00 - Epoch 54, Model Loss -0.006050629208989307, View Loss -1.1402191729475355, Reg 0.14296605709921903
09-Aug-26 03:11:00 - Epoch 55, Model Loss -0.011583064318483669, View Loss -1.1324074984377224, Reg 0.14547746461464028
09-Aug-26 03:11:23 - Epoch 55: Train_acc 0.7184942716857611 Val_acc 0.6209150326797386 Test_acc 0.6197916666666666 Test_auc 0.6705472745076706
09-Aug-26 03:12:24 - Epoch 56, Model Loss -0.009964936737538165, View Loss -1.1384163097937252, Reg 0.1435845245511169
09-Aug-26 03:13:25 - Epoch 57, Model Loss -0.013859131381086359, View Loss -1.1478764048965004, Reg 0.13983913721995345
09-Aug-26 03:14:26 - Epoch 58, Model Loss -0.010036101708045373, View Loss -1.1584852668540568, Reg 0.14240455576226285
09-Aug-26 03:15:26 - Epoch 59, Model Loss -0.01505525666250925, View Loss -1.1901584276396007, Reg 0.14476467653157862
09-Aug-26 03:16:29 - Epoch 60, Model Loss -0.013868933247856539, View Loss -1.1366626508107163, Reg 0.14444732996475093
09-Aug-26 03:16:50 - Epoch 60: Train_acc 0.7201309328968903 Val_acc 0.6209150326797386 Test_acc 0.6145833333333334 Test_auc 0.6660863888586661
09-Aug-26 03:17:52 - Epoch 61, Model Loss -0.01886704866507635, View Loss -1.138660956131456, Reg 0.14530538010324082
09-Aug-26 03:18:54 - Epoch 62, Model Loss -0.020863270018182684, View Loss -1.1119456745793894, Reg 0.14277897716641622
09-Aug-26 03:19:55 - Epoch 63, Model Loss -0.025100465394471163, View Loss -1.111550118841243, Reg 0.14138528507099213
09-Aug-26 03:20:55 - Epoch 64, Model Loss -0.020521939337351122, View Loss -1.1048127381579185, Reg 0.14436731822849685
09-Aug-26 03:21:56 - Epoch 65, Model Loss -0.019539994908627824, View Loss -1.095076902993572, Reg 0.14382861691196305
09-Aug-26 03:22:21 - Epoch 65: Train_acc 0.7577741407528642 Val_acc 0.5751633986928104 Test_acc 0.6197916666666666 Test_auc 0.6767489935806767
09-Aug-26 03:23:23 - Epoch 66, Model Loss -0.02003826803349434, View Loss -1.0978900244895449, Reg 0.14316200624706313
09-Aug-26 03:24:24 - Epoch 67, Model Loss -0.023128714820952346, View Loss -1.0895147319706293, Reg 0.1414216170529492
09-Aug-26 03:25:25 - Epoch 68, Model Loss -0.024288701201421736, View Loss -1.0953296237608414, Reg 0.14177799178516026
09-Aug-26 03:26:26 - Epoch 69, Model Loss -0.022003164097252143, View Loss -1.0838899212461057, Reg 0.14310664927461925
09-Aug-26 03:27:28 - Epoch 70, Model Loss -0.028933959462833874, View Loss -1.08195494942111, Reg 0.1447030375612543
09-Aug-26 03:27:49 - Epoch 70: Train_acc 0.7119476268412439 Val_acc 0.6078431372549019 Test_acc 0.6145833333333334 Test_auc 0.6643455554346643
09-Aug-26 03:28:51 - Epoch 71, Model Loss -0.026066469921808198, View Loss -1.0745390446798697, Reg 0.14357833113100643
09-Aug-26 03:29:52 - Epoch 72, Model Loss -0.03401252598106959, View Loss -1.087763924645519, Reg 0.1426821197162088
09-Aug-26 03:30:53 - Epoch 73, Model Loss -0.03306911824767991, View Loss -1.069271541071016, Reg 0.14282984677976554
09-Aug-26 03:31:54 - Epoch 74, Model Loss -0.03084399375558485, View Loss -1.0598459436928582, Reg 0.14435158089510547
09-Aug-26 03:32:56 - Epoch 75, Model Loss -0.03491643576009379, View Loss -1.0657145577054563, Reg 0.14353451420554553
09-Aug-26 03:33:14 - Epoch 75: Train_acc 0.7152209492635024 Val_acc 0.6143790849673203 Test_acc 0.5885416666666666 Test_auc 0.6575998259166576
09-Aug-26 03:34:17 - Epoch 76, Model Loss -0.030182679575515847, View Loss -1.05785498447387, Reg 0.14126655910584812
09-Aug-26 03:35:19 - Epoch 77, Model Loss -0.03212456280783233, View Loss -1.0502274403205285, Reg 0.14322270387128214
09-Aug-26 03:36:20 - Epoch 78, Model Loss -0.03262196234907534, View Loss -1.0606307622453781, Reg 0.14178816644922995
09-Aug-26 03:37:21 - Epoch 79, Model Loss -0.03234044878260399, View Loss -1.0551778060519754, Reg 0.1400890249618727
09-Aug-26 03:38:22 - Epoch 80, Model Loss -0.03686936930699942, View Loss -1.0572143818469757, Reg 0.14289200149854545
09-Aug-26 03:38:39 - Epoch 80: Train_acc 0.7037643207855974 Val_acc 0.5816993464052288 Test_acc 0.59375 Test_auc 0.6608638885866609
09-Aug-26 03:39:41 - Epoch 81, Model Loss -0.039558942013598504, View Loss -1.0433405341181154, Reg 0.14483643370739957
09-Aug-26 03:40:42 - Epoch 82, Model Loss -0.031007274668267432, View Loss -1.0423930188833008, Reg 0.14225708292080805
09-Aug-26 03:41:43 - Epoch 83, Model Loss -0.033690269566987036, View Loss -1.0343592395173742, Reg 0.14307453101668538
09-Aug-26 03:42:44 - Epoch 84, Model Loss -0.03742400426326133, View Loss -1.021580639330338, Reg 0.14329977009183256
09-Aug-26 03:43:45 - Epoch 85, Model Loss -0.03397442524835053, View Loss -1.0242665155429496, Reg 0.1440259344790454
09-Aug-26 03:44:03 - Epoch 85: Train_acc 0.7135842880523732 Val_acc 0.6078431372549019 Test_acc 0.6041666666666666 Test_auc 0.6642367533456642
09-Aug-26 03:45:04 - Epoch 86, Model Loss -0.03955384654811478, View Loss -1.0413736403476197, Reg 0.1449229480201796
09-Aug-26 03:46:06 - Epoch 87, Model Loss -0.038980462108228094, View Loss -1.0275449023114094, Reg 0.14238672758377904
09-Aug-26 03:47:07 - Epoch 88, Model Loss -0.04041167403496619, View Loss -1.0273655996385065, Reg 0.1410681706793765
09-Aug-26 03:48:08 - Epoch 89, Model Loss -0.037713522186012004, View Loss -1.017188136979523, Reg 0.14105801091646797
09-Aug-26 03:49:08 - Epoch 90, Model Loss -0.04394179889886547, View Loss -1.0186351176759811, Reg 0.14179205923736
09-Aug-26 03:49:26 - Epoch 90: Train_acc 0.7152209492635024 Val_acc 0.6078431372549019 Test_acc 0.625 Test_auc 0.673920139266674
09-Aug-26 03:50:27 - Epoch 91, Model Loss -0.03948699523208574, View Loss -1.013873998935406, Reg 0.14469458848091662
09-Aug-26 03:51:27 - Epoch 92, Model Loss -0.04137311800216887, View Loss -1.0093733429323437, Reg 0.1437865298869372
09-Aug-26 03:52:28 - Epoch 93, Model Loss -0.042210509070788195, View Loss -0.994771845797275, Reg 0.14274646378382919
09-Aug-26 03:53:29 - Epoch 94, Model Loss -0.04193073374550003, View Loss -1.004403480531346, Reg 0.14015815108282867
09-Aug-26 03:54:30 - Epoch 95, Model Loss -0.04751376439428564, View Loss -1.0076380852981792, Reg 0.14086015948053274
09-Aug-26 03:54:46 - Epoch 95: Train_acc 0.7168576104746317 Val_acc 0.5947712418300654 Test_acc 0.625 Test_auc 0.6678272222826679
09-Aug-26 03:55:48 - Epoch 96, Model Loss -0.04375904291234118, View Loss -0.9863653383941775, Reg 0.14206228539372037
09-Aug-26 03:56:49 - Epoch 97, Model Loss -0.04807540239635154, View Loss -0.9821181470945892, Reg 0.1437326677009439
09-Aug-26 03:57:50 - Epoch 98, Model Loss -0.04392664049143877, View Loss -0.9861317055510226, Reg 0.14341276454847496
09-Aug-26 03:58:51 - Epoch 99, Model Loss -0.04477899003341038, View Loss -0.9938239192806563, Reg 0.13977509446795755
09-Aug-26 03:59:52 - Epoch 100, Model Loss -0.050484338583220434, View Loss -0.9804148395010766, Reg 0.14401241132163378
09-Aug-26 04:00:13 - Epoch 100: Train_acc 0.7201309328968903 Val_acc 0.6013071895424836 Test_acc 0.625 Test_auc 0.6611902948536612
09-Aug-26 04:01:15 - Epoch 101, Model Loss -0.04526254607885832, View Loss -0.968108675483791, Reg 0.14301374518051865
09-Aug-26 04:02:16 - Epoch 102, Model Loss -0.0467627693559066, View Loss -0.9885481707203018, Reg 0.14045267911862624
09-Aug-26 04:03:18 - Epoch 103, Model Loss -0.04667600986902921, View Loss -0.9937403116210588, Reg 0.1421059490518367
09-Aug-26 04:04:19 - Epoch 104, Model Loss -0.044037273638377214, View Loss -0.9692891668375893, Reg 0.14048325798417854
09-Aug-26 04:05:20 - Epoch 105, Model Loss -0.05192546601942245, View Loss -0.9796321413520901, Reg 0.1402502243091549
09-Aug-26 04:05:39 - Epoch 105: Train_acc 0.7135842880523732 Val_acc 0.6013071895424836 Test_acc 0.6145833333333334 Test_auc 0.6664127951256665
09-Aug-26 04:06:41 - Epoch 106, Model Loss -0.05363038762696636, View Loss -0.9684212703361449, Reg 0.14163461722640866
09-Aug-26 04:07:42 - Epoch 107, Model Loss -0.050739269795082205, View Loss -0.9820285118543185, Reg 0.13994969749509215
09-Aug-26 04:08:44 - Epoch 108, Model Loss -0.052291994009002335, View Loss -0.9706506674496514, Reg 0.14440254954874224
09-Aug-26 04:09:45 - Epoch 109, Model Loss -0.04934505476889165, View Loss -0.9573676576395862, Reg 0.14120064992853937
09-Aug-26 04:10:47 - Epoch 110, Model Loss -0.05380270826445859, View Loss -0.94836960467106, Reg 0.14100144608418796
09-Aug-26 04:11:07 - Epoch 110: Train_acc 0.7135842880523732 Val_acc 0.6078431372549019 Test_acc 0.6041666666666666 Test_auc 0.6620607115656622
09-Aug-26 04:12:11 - Epoch 111, Model Loss -0.05302002128524593, View Loss -0.9392945120650695, Reg 0.14168437700810096
09-Aug-26 04:13:13 - Epoch 112, Model Loss -0.05512513144706938, View Loss -0.9352547185900949, Reg 0.14134054812686533
09-Aug-26 04:14:14 - Epoch 113, Model Loss -0.0554705763604559, View Loss -0.9599134863496022, Reg 0.14192533778383376
09-Aug-26 04:15:15 - Epoch 114, Model Loss -0.052891680729954996, View Loss -0.9618741945041962, Reg 0.1402499063120341
09-Aug-26 04:16:16 - Epoch 115, Model Loss -0.0576281762649892, View Loss -0.9675928445962759, Reg 0.14337045449379424
09-Aug-26 04:16:33 - Epoch 115: Train_acc 0.7184942716857611 Val_acc 0.5947712418300654 Test_acc 0.6145833333333334 Test_auc 0.6653247742356654
09-Aug-26 04:17:35 - Epoch 116, Model Loss -0.05591442171368388, View Loss -0.9398107306266572, Reg 0.14056317556996978
09-Aug-26 04:18:36 - Epoch 117, Model Loss -0.05259613319621734, View Loss -0.9282316654286487, Reg 0.13914982745280632
09-Aug-26 04:19:37 - Epoch 118, Model Loss -0.05689842557555915, View Loss -0.9338102873335493, Reg 0.142693013343015
09-Aug-26 04:20:38 - Epoch 119, Model Loss -0.055490403830907545, View Loss -0.9413683623221815, Reg 0.140272302367098
09-Aug-26 04:21:39 - Epoch 120, Model Loss -0.05606171303411943, View Loss -0.9187152588621099, Reg 0.14052726781992592
09-Aug-26 04:21:59 - Epoch 120: Train_acc 0.7135842880523732 Val_acc 0.6078431372549019 Test_acc 0.6197916666666666 Test_auc 0.662931128277663
09-Aug-26 04:23:00 - Epoch 121, Model Loss -0.057955198904496366, View Loss -0.9267983522430769, Reg 0.14201009990540736
09-Aug-26 04:24:01 - Epoch 122, Model Loss -0.05670882920001415, View Loss -0.9113857843676878, Reg 0.141408633605353
09-Aug-26 04:25:02 - Epoch 123, Model Loss -0.06101719115642791, View Loss -0.9362969698960574, Reg 0.13960525204477842
09-Aug-26 04:26:04 - Epoch 124, Model Loss -0.060643506518362394, View Loss -0.9337370501017219, Reg 0.14125507601739537
09-Aug-26 04:27:05 - Epoch 125, Model Loss -0.06260746034584733, View Loss -0.9303769833132405, Reg 0.13961396321239722
09-Aug-26 04:27:23 - Epoch 125: Train_acc 0.723404255319149 Val_acc 0.6209150326797386 Test_acc 0.609375 Test_auc 0.6593406593406593
09-Aug-26 04:28:25 - Epoch 126, Model Loss -0.057213067764541325, View Loss -0.943908579806064, Reg 0.13987050976134752
09-Aug-26 04:29:27 - Epoch 127, Model Loss -0.05921701079694807, View Loss -1.0407250869878966, Reg 0.1380262233426645
09-Aug-26 04:30:28 - Epoch 128, Model Loss -0.05904268223408201, View Loss -1.01411259252389, Reg 0.14631133759470502
09-Aug-26 04:31:29 - Epoch 129, Model Loss -0.05997323448451178, View Loss -0.9171856103279001, Reg 0.1411178007404855
09-Aug-26 04:32:30 - Epoch 130, Model Loss -0.06523986797285938, View Loss -0.9008360909947397, Reg 0.1411839055351657
09-Aug-26 04:32:50 - Epoch 130: Train_acc 0.8690671031096563 Val_acc 0.5751633986928104 Test_acc 0.5364583333333334 Test_auc 0.5869872701555869
09-Aug-26 04:33:53 - Epoch 131, Model Loss -0.06519584282135223, View Loss -0.898883453562685, Reg 0.13940250276055938
09-Aug-26 04:34:54 - Epoch 132, Model Loss -0.060778059565299074, View Loss -0.9002369324236181, Reg 0.14146235041356905
09-Aug-26 04:35:55 - Epoch 133, Model Loss -0.066452463597986, View Loss -0.8992843846447535, Reg 0.13937460961591594
09-Aug-26 04:36:57 - Epoch 134, Model Loss -0.06087024502590323, View Loss -0.9057184734828343, Reg 0.14150012346707078
09-Aug-26 04:37:58 - Epoch 135, Model Loss -0.06206138697856772, View Loss -0.889593859351013, Reg 0.1432376233723667
09-Aug-26 04:38:16 - Epoch 135: Train_acc 0.7168576104746317 Val_acc 0.6078431372549019 Test_acc 0.6197916666666666 Test_auc 0.6645631596126645
09-Aug-26 04:39:18 - Epoch 136, Model Loss -0.06342556999475008, View Loss -0.8877550277694353, Reg 0.13725311051804187
09-Aug-26 04:40:19 - Epoch 137, Model Loss -0.06325873132618282, View Loss -0.9006885473544781, Reg 0.1393288683432799
09-Aug-26 04:41:21 - Epoch 138, Model Loss -0.06196819248254092, View Loss -0.8840898265620105, Reg 0.139673934557434
09-Aug-26 04:42:22 - Epoch 139, Model Loss -0.06345997982446573, View Loss -0.8829953924138495, Reg 0.1408043774225903
09-Aug-26 04:43:22 - Epoch 140, Model Loss -0.06671032504637386, View Loss -0.8805459804113485, Reg 0.13982230227336945
09-Aug-26 04:43:39 - Epoch 140: Train_acc 0.7184942716857611 Val_acc 0.6209150326797386 Test_acc 0.625 Test_auc 0.6602110760526602
09-Aug-26 04:44:40 - Epoch 141, Model Loss -0.06765924264873499, View Loss -0.8830385881242893, Reg 0.13834804937901943
09-Aug-26 04:45:41 - Epoch 142, Model Loss -0.06498887003346082, View Loss -0.8830182505512394, Reg 0.1427621928252487
09-Aug-26 04:46:41 - Epoch 143, Model Loss -0.06349706464430314, View Loss -0.8900869290684327, Reg 0.13926460756120043
09-Aug-26 04:47:41 - Epoch 144, Model Loss -0.06858540430006536, View Loss -0.9043868774282952, Reg 0.14005148298611617
09-Aug-26 04:48:42 - Epoch 145, Model Loss -0.06806781083199084, View Loss -0.8861101452145366, Reg 0.13841686210002135
09-Aug-26 04:48:59 - Epoch 145: Train_acc 0.8183306055646481 Val_acc 0.5686274509803921 Test_acc 0.578125 Test_auc 0.6388858666086389
09-Aug-26 04:50:00 - Epoch 146, Model Loss -0.06468899643167536, View Loss -0.8797370435368215, Reg 0.13872104822223588
09-Aug-26 04:51:01 - Epoch 147, Model Loss -0.06533431728810998, View Loss -0.8807427857784514, Reg 0.14151079686885965
09-Aug-26 04:52:02 - Epoch 148, Model Loss -0.07262665228445675, View Loss -0.8736479668687487, Reg 0.13975957362819616
09-Aug-26 04:53:03 - Epoch 149, Model Loss -0.06920537664730303, View Loss -0.8734896264958109, Reg 0.1395956811703949
09-Aug-26 04:54:04 - Epoch 150, Model Loss -0.06677536224967719, View Loss -0.8745946681245844, Reg 0.14182973188483775
09-Aug-26 04:54:21 - Epoch 150: Train_acc 0.8576104746317512 Val_acc 0.5555555555555556 Test_acc 0.5520833333333334 Test_auc 0.633119355891633
09-Aug-26 04:55:24 - Epoch 151, Model Loss -0.0696541377253306, View Loss -0.8743177980135779, Reg 0.13819204765919188
09-Aug-26 04:56:25 - Epoch 152, Model Loss -0.07204885168668682, View Loss -0.876876320269221, Reg 0.13817230762026705
09-Aug-26 04:57:27 - Epoch 153, Model Loss -0.07018766602205567, View Loss -0.8795424526139679, Reg 0.14343782986244477
09-Aug-26 04:58:28 - Epoch 154, Model Loss -0.06691398899605934, View Loss -0.8841903201882071, Reg 0.13827267523287948
09-Aug-26 04:59:29 - Epoch 155, Model Loss -0.0697568876458463, View Loss -0.8832739468682222, Reg 0.13721564014590118
09-Aug-26 04:59:50 - Epoch 155: Train_acc 0.8494271685761048 Val_acc 0.5555555555555556 Test_acc 0.546875 Test_auc 0.613970188227614
09-Aug-26 05:00:52 - Epoch 156, Model Loss -0.07060113310228588, View Loss -0.8866654285237364, Reg 0.14277332757771893
09-Aug-26 05:01:53 - Epoch 157, Model Loss -0.06971589272229059, View Loss -0.8730752760766961, Reg 0.1402478158083758
09-Aug-26 05:02:54 - Epoch 158, Model Loss -0.0664215822461779, View Loss -0.8725087541214963, Reg 0.13658120957509587
09-Aug-26 05:03:56 - Epoch 159, Model Loss -0.07056623150986267, View Loss -0.8964841194121616, Reg 0.13946812949867374
09-Aug-26 05:04:57 - Epoch 160, Model Loss -0.07088105524425226, View Loss -0.8812479192418474, Reg 0.1434031011088585
09-Aug-26 05:05:14 - Epoch 160: Train_acc 0.7168576104746317 Val_acc 0.6143790849673203 Test_acc 0.6197916666666666 Test_auc 0.6630399303666631
09-Aug-26 05:06:16 - Epoch 161, Model Loss -0.06942778181912661, View Loss -0.8807016375021927, Reg 0.13702850686401472
09-Aug-26 05:07:18 - Epoch 162, Model Loss -0.07242300072395275, View Loss -0.874359398348632, Reg 0.14167771982288205
09-Aug-26 05:08:19 - Epoch 163, Model Loss -0.06569783821238628, View Loss -0.884401862047698, Reg 0.13822603381792184
09-Aug-26 05:09:20 - Epoch 164, Model Loss -0.06795349087925863, View Loss -0.8704205554362795, Reg 0.14000324890285779
09-Aug-26 05:10:21 - Epoch 165, Model Loss -0.07380292619503852, View Loss -0.8717438702497466, Reg 0.14021448454470564
09-Aug-26 05:10:39 - Epoch 165: Train_acc 0.7217675941080196 Val_acc 0.6013071895424836 Test_acc 0.6145833333333334 Test_auc 0.6622783157436624
09-Aug-26 05:11:41 - Epoch 166, Model Loss -0.07343714209898404, View Loss -0.8707962040034917, Reg 0.1387145043443736
09-Aug-26 05:12:42 - Epoch 167, Model Loss -0.07655718576303286, View Loss -0.8727751437653887, Reg 0.13790995021596086
09-Aug-26 05:13:43 - Epoch 168, Model Loss -0.07214849304450514, View Loss -0.869384988825372, Reg 0.14241881717343963
09-Aug-26 05:14:44 - Epoch 169, Model Loss -0.07288404713871045, View Loss -0.8603750469251468, Reg 0.1380033650345576
09-Aug-26 05:15:45 - Epoch 170, Model Loss -0.07402752503240558, View Loss -0.8632806580507618, Reg 0.13843067458628047
09-Aug-26 05:16:04 - Epoch 170: Train_acc 0.7152209492635024 Val_acc 0.6143790849673203 Test_acc 0.625 Test_auc 0.6632575345446633
09-Aug-26 05:17:05 - Epoch 171, Model Loss -0.07164408249472635, View Loss -0.8587903151145349, Reg 0.1407176482989628
09-Aug-26 05:18:06 - Epoch 172, Model Loss -0.06941070757599002, View Loss -0.8596378410701471, Reg 0.139183705157422
09-Aug-26 05:19:07 - Epoch 173, Model Loss -0.07141141044722836, View Loss -0.8560427368760304, Reg 0.13850107808550133
09-Aug-26 05:20:09 - Epoch 174, Model Loss -0.0732610696368834, View Loss -0.8500481641038935, Reg 0.1387446691478723
09-Aug-26 05:21:10 - Epoch 175, Model Loss -0.07599271485146056, View Loss -0.8629340739179945, Reg 0.14252644938259781
09-Aug-26 05:21:27 - Epoch 175: Train_acc 0.7217675941080196 Val_acc 0.6078431372549019 Test_acc 0.6145833333333334 Test_auc 0.6578174300946579
09-Aug-26 05:22:30 - Epoch 176, Model Loss -0.07696213323238829, View Loss -0.8541930718819951, Reg 0.13654892305110364
09-Aug-26 05:23:32 - Epoch 177, Model Loss -0.07940925323631487, View Loss -0.8616631721708856, Reg 0.13928198570510564
09-Aug-26 05:24:33 - Epoch 178, Model Loss -0.08132809161554577, View Loss -0.8614017740989472, Reg 0.13956075699454243
09-Aug-26 05:25:35 - Epoch 179, Model Loss -0.0746321725474637, View Loss -0.8580973530752178, Reg 0.14053818959066014
09-Aug-26 05:26:36 - Epoch 180, Model Loss -0.07908963025494214, View Loss -0.8570000514656354, Reg 0.139700324306609
09-Aug-26 05:26:51 - Epoch 180: Train_acc 0.7184942716857611 Val_acc 0.6274509803921569 Test_acc 0.6354166666666666 Test_auc 0.6602110760526602
09-Aug-26 05:27:53 - Epoch 181, Model Loss -0.07693999761840521, View Loss -0.8606255663202164, Reg 0.1376316204252493
09-Aug-26 05:28:55 - Epoch 182, Model Loss -0.07900223760284886, View Loss -0.8531658397758846, Reg 0.14029564626770988
09-Aug-26 05:29:56 - Epoch 183, Model Loss -0.07656386933623281, View Loss -0.8531397975213009, Reg 0.13762209763210845
09-Aug-26 05:30:58 - Epoch 184, Model Loss -0.07795062607517024, View Loss -0.8518905975229416, Reg 0.1417968700931037
09-Aug-26 05:31:58 - Epoch 185, Model Loss -0.08034578907119076, View Loss -0.8519766223411123, Reg 0.1392428484271279
09-Aug-26 05:32:14 - Epoch 185: Train_acc 0.7086743044189853 Val_acc 0.6339869281045751 Test_acc 0.6145833333333334 Test_auc 0.6586878468066587
09-Aug-26 05:33:16 - Epoch 186, Model Loss -0.07898953015597479, View Loss -0.8537711381131811, Reg 0.13626483186420948
09-Aug-26 05:34:17 - Epoch 187, Model Loss -0.08204100872412837, View Loss -0.8556335362592032, Reg 0.14057038353722537
09-Aug-26 05:35:18 - Epoch 188, Model Loss -0.0774499184761422, View Loss -0.8556895101909356, Reg 0.1393962788796464
09-Aug-26 05:36:19 - Epoch 189, Model Loss -0.07645741144100696, View Loss -0.8509400345494821, Reg 0.1379728843313192
09-Aug-26 05:37:21 - Epoch 190, Model Loss -0.0738867128148992, View Loss -0.854163637723158, Reg 0.14198409713524257
09-Aug-26 05:37:40 - Epoch 190: Train_acc 0.7217675941080196 Val_acc 0.6013071895424836 Test_acc 0.609375 Test_auc 0.6608638885866609
09-Aug-26 05:38:40 - Epoch 191, Model Loss -0.08019061525597705, View Loss -0.8537888316202866, Reg 0.1373068106081794
09-Aug-26 05:39:41 - Epoch 192, Model Loss -0.08100611654319076, View Loss -0.8581600550153642, Reg 0.13779908733262564
09-Aug-26 05:40:41 - Epoch 193, Model Loss -0.07908168498505937, View Loss -0.8567152713987909, Reg 0.14327960396749492
09-Aug-26 05:41:42 - Epoch 194, Model Loss -0.07969195674952431, View Loss -0.8561655409792637, Reg 0.13600810496487126
09-Aug-26 05:42:42 - Epoch 195, Model Loss -0.08207443858909919, View Loss -0.8474180583282696, Reg 0.13837923626560236
09-Aug-26 05:43:00 - Epoch 195: Train_acc 0.7184942716857611 Val_acc 0.6078431372549019 Test_acc 0.6197916666666666 Test_auc 0.6573822217386573
09-Aug-26 05:44:01 - Epoch 196, Model Loss -0.07856778495635612, View Loss -0.8441437086770265, Reg 0.14071237587304436
09-Aug-26 05:45:03 - Epoch 197, Model Loss -0.081524882788744, View Loss -0.847454887950479, Reg 0.13946885960679592
09-Aug-26 05:46:03 - Epoch 198, Model Loss -0.08201999140449125, View Loss -0.8575766545075637, Reg 0.13711251970837823
09-Aug-26 05:47:03 - Epoch 199, Model Loss -0.08036145758121571, View Loss -0.8533052268473099, Reg 0.14174754303040168
09-Aug-26 05:48:03 - Epoch 200, Model Loss -0.0787759680794811, View Loss -0.847234300232558, Reg 0.13923141291996072
09-Aug-26 05:48:19 - Epoch 200: Train_acc 0.8117839607201309 Val_acc 0.5686274509803921 Test_acc 0.6041666666666666 Test_auc 0.65009248177565
09-Aug-26 05:49:20 - Epoch 201, Model Loss -0.07862322786045543, View Loss -0.8556056904519639, Reg 0.13628543793862463
09-Aug-26 05:50:21 - Epoch 202, Model Loss -0.08214212146796493, View Loss -0.8539044014170595, Reg 0.1416396337230545
09-Aug-26 05:51:22 - Epoch 203, Model Loss -0.079534914314064, View Loss -0.8477128111984453, Reg 0.13926071787036579
09-Aug-26 05:52:22 - Epoch 204, Model Loss -0.08311572192928796, View Loss -0.8475127286489583, Reg 0.13726897552341175
09-Aug-26 05:53:23 - Epoch 205, Model Loss -0.0842188790855158, View Loss -0.8523153394411902, Reg 0.14194287115832982
09-Aug-26 05:53:39 - Epoch 205: Train_acc 0.7152209492635024 Val_acc 0.6274509803921569 Test_acc 0.5989583333333334 Test_auc 0.6597758676966597
09-Aug-26 05:54:41 - Epoch 206, Model Loss -0.08224383274584082, View Loss -0.8556634328174123, Reg 0.13578010995532408
09-Aug-26 05:55:41 - Epoch 207, Model Loss -0.08593152968270884, View Loss -0.854547993641243, Reg 0.13873387787814226
09-Aug-26 05:56:41 - Epoch 208, Model Loss -0.08322639907245355, View Loss -0.8504559238686694, Reg 0.14342447227620064
09-Aug-26 05:57:41 - Epoch 209, Model Loss -0.08332638069377593, View Loss -0.8484301171014039, Reg 0.1359577156517978
09-Aug-26 05:58:40 - Epoch 210, Model Loss -0.07826483444769528, View Loss -0.8422413330811721, Reg 0.13855419540854017
09-Aug-26 05:58:59 - Epoch 210: Train_acc 0.7201309328968903 Val_acc 0.6143790849673203 Test_acc 0.609375 Test_auc 0.6598846697856598
09-Aug-26 05:59:59 - Epoch 211, Model Loss -0.08712325568285004, View Loss -0.8546578443186958, Reg 0.14048474319827928
09-Aug-26 06:00:58 - Epoch 212, Model Loss -0.08366641597349789, View Loss -0.8482521387051833, Reg 0.1390870693711329
09-Aug-26 06:01:57 - Epoch 213, Model Loss -0.08022423178786732, View Loss -0.8487692751392796, Reg 0.13751811869503433
09-Aug-26 06:02:56 - Epoch 214, Model Loss -0.08445565785401776, View Loss -0.8463323471393991, Reg 0.13958940534271702
09-Aug-26 06:03:55 - Epoch 215, Model Loss -0.08328093073762186, View Loss -0.8474074844057549, Reg 0.14031350302910844
09-Aug-26 06:04:06 - Epoch 215: Train_acc 0.7201309328968903 Val_acc 0.6143790849673203 Test_acc 0.609375 Test_auc 0.6635839408116637
09-Aug-26 06:05:04 - Epoch 216, Model Loss -0.08136080451760862, View Loss -0.8389075750610052, Reg 0.13694694726049608
09-Aug-26 06:06:02 - Epoch 217, Model Loss -0.08703126035228298, View Loss -0.8458117366617518, Reg 0.14080311275055288
09-Aug-26 06:07:00 - Epoch 218, Model Loss -0.08293466072425905, View Loss -0.8462013874428557, Reg 0.13848387095132164
09-Aug-26 06:07:58 - Epoch 219, Model Loss -0.08621273181247242, View Loss -0.8453171401484313, Reg 0.1379421450404996
09-Aug-26 06:08:56 - Epoch 220, Model Loss -0.08475099106467102, View Loss -0.8387059638621179, Reg 0.14065771273134578
/users/3171356m/miniconda3/envs/grastiacl/lib/python3.12/site-packages/joblib/externals/loky/process_executor.py:782: UserWarning: A worker stopped while some jobs were given to the executor. This can be caused by a too short worker timeout or by a memory leak.
  warnings.warn(
09-Aug-26 06:09:06 - Epoch 220: Train_acc 0.7168576104746317 Val_acc 0.6143790849673203 Test_acc 0.59375 Test_auc 0.6621695136546623
09-Aug-26 06:10:03 - Epoch 221, Model Loss -0.08533881777827361, View Loss -0.8467904506845677, Reg 0.13762851247225572
09-Aug-26 06:11:02 - Epoch 222, Model Loss -0.08479094358981143, View Loss -0.8432881182422419, Reg 0.141121464158041
09-Aug-26 06:12:00 - Epoch 223, Model Loss -0.08545330322900888, View Loss -0.8450507276772282, Reg 0.13776777952958247
09-Aug-26 06:12:58 - Epoch 224, Model Loss -0.08760911333580454, View Loss -0.8478838486289042, Reg 0.1379703966300148
09-Aug-26 06:13:56 - Epoch 225, Model Loss -0.08233002437897478, View Loss -0.8464487299396246, Reg 0.13993492181094305
09-Aug-26 06:14:02 - Epoch 225: Train_acc 0.8527004909983633 Val_acc 0.5490196078431373 Test_acc 0.5677083333333334 Test_auc 0.6269176368186269
09-Aug-26 06:15:00 - Epoch 226, Model Loss -0.08329601402953876, View Loss -0.8376209158358909, Reg 0.13811235046913503
09-Aug-26 06:15:59 - Epoch 227, Model Loss -0.08359166687131904, View Loss -0.837783459555693, Reg 0.1391310282844178
09-Aug-26 06:16:57 - Epoch 228, Model Loss -0.08842713943089674, View Loss -0.8515624106418092, Reg 0.13922322615859162
09-Aug-26 06:17:55 - Epoch 229, Model Loss -0.0854392917963955, View Loss -0.8502211527816598, Reg 0.13824326665721431
09-Aug-26 06:18:53 - Epoch 230, Model Loss -0.08516944947297367, View Loss -0.839334558738234, Reg 0.13933632792310513
09-Aug-26 06:19:01 - Epoch 230: Train_acc 0.7168576104746317 Val_acc 0.6274509803921569 Test_acc 0.6041666666666666 Test_auc 0.6624959199216625
09-Aug-26 06:19:59 - Epoch 231, Model Loss -0.08617969464553359, View Loss -0.8408560407532413, Reg 0.13939049630235337
09-Aug-26 06:20:57 - Epoch 232, Model Loss -0.08495230594750512, View Loss -0.8390495784934335, Reg 0.13722700431772222
09-Aug-26 06:21:55 - Epoch 233, Model Loss -0.08642834342052816, View Loss -0.841329127208691, Reg 0.13902544758226204
09-Aug-26 06:22:53 - Epoch 234, Model Loss -0.08594530386737442, View Loss -0.8462996646737506, Reg 0.1401723437194153
09-Aug-26 06:23:51 - Epoch 235, Model Loss -0.08636010268706151, View Loss -0.8461389776727767, Reg 0.13688972265552576
09-Aug-26 06:23:59 - Epoch 235: Train_acc 0.8101472995090017 Val_acc 0.5686274509803921 Test_acc 0.6041666666666666 Test_auc 0.6465020128386465
09-Aug-26 06:24:57 - Epoch 236, Model Loss -0.08556564583911053, View Loss -0.8398366963609736, Reg 0.1397190090823681
09-Aug-26 06:25:55 - Epoch 237, Model Loss -0.08524557728619116, View Loss -0.8449048894516965, Reg 0.13988465143888945
09-Aug-26 06:26:53 - Epoch 238, Model Loss -0.08870327521463073, View Loss -0.8397580134497922, Reg 0.137931574337221
09-Aug-26 06:27:51 - Epoch 239, Model Loss -0.08989714532358947, View Loss -0.8445655981569555, Reg 0.1382875356170823
09-Aug-26 06:28:49 - Epoch 240, Model Loss -0.09275722918260702, View Loss -0.85064670243552, Reg 0.14037157434195816
09-Aug-26 06:28:57 - Epoch 240: Train_acc 0.7577741407528642 Val_acc 0.6013071895424836 Test_acc 0.578125 Test_auc 0.6606462844086607
09-Aug-26 06:29:55 - Epoch 241, Model Loss -0.08910283485332995, View Loss -0.8475943362849434, Reg 0.13619661655539186
09-Aug-26 06:30:53 - Epoch 242, Model Loss -0.08726131369751526, View Loss -0.845612921613328, Reg 0.14338450380120848
09-Aug-26 06:31:52 - Epoch 243, Model Loss -0.08953918626382582, View Loss -0.8539831626629868, Reg 0.1358079689931362
09-Aug-26 06:32:50 - Epoch 244, Model Loss -0.0858654761763134, View Loss -0.8458548483793943, Reg 0.13822873522041276
09-Aug-26 06:33:48 - Epoch 245, Model Loss -0.08823209298613029, View Loss -0.8480460994957707, Reg 0.1419304588812658
09-Aug-26 06:33:56 - Epoch 245: Train_acc 0.7119476268412439 Val_acc 0.6209150326797386 Test_acc 0.59375 Test_auc 0.6564030029376564
09-Aug-26 06:34:54 - Epoch 246, Model Loss -0.08846845837544692, View Loss -0.8439597843516673, Reg 0.1379724942672077
09-Aug-26 06:35:53 - Epoch 247, Model Loss -0.08881305082535003, View Loss -0.8452326828055998, Reg 0.13750810459036678
09-Aug-26 06:36:51 - Epoch 248, Model Loss -0.08837244299936997, View Loss -0.839102222954583, Reg 0.13944463631818024
09-Aug-26 06:37:49 - Epoch 249, Model Loss -0.09035099479453654, View Loss -0.8371334946097017, Reg 0.14091061201989163
09-Aug-26 06:38:47 - Epoch 250, Model Loss -0.0893761538054471, View Loss -0.8420843363978859, Reg 0.13730087408067357
09-Aug-26 06:38:54 - Epoch 250: Train_acc 0.8772504091653028 Val_acc 0.5359477124183006 Test_acc 0.5572916666666666 Test_auc 0.6226743553476227
09-Aug-26 06:39:52 - Epoch 251, Model Loss -0.0903127398311409, View Loss -0.852604710919182, Reg 0.13737200644422085
09-Aug-26 06:40:50 - Epoch 252, Model Loss -0.08906512618455091, View Loss -0.8449948907093604, Reg 0.1409328242370618
09-Aug-26 06:41:49 - Epoch 253, Model Loss -0.08796522806592151, View Loss -0.8440323551040625, Reg 0.13784750583909341
09-Aug-26 06:42:47 - Epoch 254, Model Loss -0.08899954829590606, View Loss -0.8486921947248244, Reg 0.13922524918023185
09-Aug-26 06:43:45 - Epoch 255, Model Loss -0.09203343720170754, View Loss -0.8547144507815522, Reg 0.1362403016385002
09-Aug-26 06:43:51 - Epoch 255: Train_acc 0.723404255319149 Val_acc 0.6339869281045751 Test_acc 0.5989583333333334 Test_auc 0.6519421172886519
09-Aug-26 06:44:49 - Epoch 256, Model Loss -0.0885239231801072, View Loss -0.8354087878756359, Reg 0.1429452824660877
09-Aug-26 06:45:47 - Epoch 257, Model Loss -0.09006549400900858, View Loss -0.8433135096258111, Reg 0.13823015712286954
09-Aug-26 06:46:45 - Epoch 258, Model Loss -0.09199810862150988, View Loss -0.84521460006358, Reg 0.13733763197732635
09-Aug-26 06:47:43 - Epoch 259, Model Loss -0.08865673101084907, View Loss -0.8398734615984603, Reg 0.14039145005217551
09-Aug-26 06:48:41 - Epoch 260, Model Loss -0.09333338353130509, View Loss -0.8450163977431002, Reg 0.1394031116595635
09-Aug-26 06:48:49 - Epoch 260: Train_acc 0.7217675941080196 Val_acc 0.6274509803921569 Test_acc 0.5989583333333334 Test_auc 0.657926232183658
09-Aug-26 06:49:47 - Epoch 261, Model Loss -0.09013043673260902, View Loss -0.8569271453273667, Reg 0.13549908955387904
09-Aug-26 06:50:46 - Epoch 262, Model Loss -0.09051732609197863, View Loss -0.8465460903710897, Reg 0.13720365327138168
09-Aug-26 06:51:44 - Epoch 263, Model Loss -0.09141003217322541, View Loss -0.8489870209545629, Reg 0.14121180543532738
09-Aug-26 06:52:42 - Epoch 264, Model Loss -0.08949291550001029, View Loss -0.8443750336205316, Reg 0.1390934485558012
09-Aug-26 06:53:40 - Epoch 265, Model Loss -0.09321484745231666, View Loss -0.8497175932320753, Reg 0.13594270269531275
/users/3171356m/miniconda3/envs/grastiacl/lib/python3.12/site-packages/sklearn/svm/_base.py:1298: ConvergenceWarning: Liblinear failed to converge, increase the number of iterations.
  warnings.warn(
09-Aug-26 06:53:53 - Epoch 265: Train_acc 0.7168576104746317 Val_acc 0.6405228758169934 Test_acc 0.6145833333333334 Test_auc 0.6550973778696552
09-Aug-26 06:54:51 - Epoch 266, Model Loss -0.0907655124676013, View Loss -0.8435078465216679, Reg 0.14260397495400107
09-Aug-26 06:55:49 - Epoch 267, Model Loss -0.08980086675057045, View Loss -0.8446451058754554, Reg 0.1397262375356718
09-Aug-26 06:56:48 - Epoch 268, Model Loss -0.09113703855906298, View Loss -0.848064596446173, Reg 0.1353272109394573
09-Aug-26 06:57:46 - Epoch 269, Model Loss -0.08942663479358592, View Loss -0.8385652974857636, Reg 0.13879367618923688
09-Aug-26 06:58:44 - Epoch 270, Model Loss -0.08929562666217161, View Loss -0.8380565727205792, Reg 0.14150421784766956
09-Aug-26 06:58:56 - Epoch 270: Train_acc 0.7168576104746317 Val_acc 0.6274509803921569 Test_acc 0.609375 Test_auc 0.6621695136546621
09-Aug-26 06:59:54 - Epoch 271, Model Loss -0.09062340206873593, View Loss -0.8398355811395348, Reg 0.13750378104649277
09-Aug-26 07:00:52 - Epoch 272, Model Loss -0.09038680860141686, View Loss -0.8399769828674641, Reg 0.13646689798749995
09-Aug-26 07:01:50 - Epoch 273, Model Loss -0.09222783370220915, View Loss -0.8425997361028643, Reg 0.1404500170786135
09-Aug-26 07:02:48 - Epoch 274, Model Loss -0.09425840859717512, View Loss -0.8346624485599624, Reg 0.13949147030199022
09-Aug-26 07:03:47 - Epoch 275, Model Loss -0.09081344879590549, View Loss -0.8314689300259279, Reg 0.13806145199240719
09-Aug-26 07:04:00 - Epoch 275: Train_acc 0.8085106382978723 Val_acc 0.5555555555555556 Test_acc 0.59375 Test_auc 0.6401914916766401
09-Aug-26 07:04:58 - Epoch 276, Model Loss -0.09130194807598907, View Loss -0.8347295189059892, Reg 0.14057573307848212
09-Aug-26 07:05:56 - Epoch 277, Model Loss -0.09208097146692916, View Loss -0.8412412795224479, Reg 0.13759745198946732
09-Aug-26 07:06:54 - Epoch 278, Model Loss -0.09291963988942523, View Loss -0.8380060545161195, Reg 0.13705621686582675
09-Aug-26 07:07:52 - Epoch 279, Model Loss -0.09192012911342365, View Loss -0.83871972053609, Reg 0.1415660523500068
09-Aug-26 07:08:50 - Epoch 280, Model Loss -0.09592840626665106, View Loss -0.8488256125520373, Reg 0.139114143000687
09-Aug-26 07:08:57 - Epoch 280: Train_acc 0.8821603927986906 Val_acc 0.5620915032679739 Test_acc 0.5625 Test_auc 0.6073332607986074
09-Aug-26 07:09:55 - Epoch 281, Model Loss -0.09250443929931342, View Loss -0.8322670151481066, Reg 0.1376964609868788
09-Aug-26 07:10:53 - Epoch 282, Model Loss -0.09355093297318429, View Loss -0.83775589840697, Reg 0.13959088182585913
09-Aug-26 07:11:51 - Epoch 283, Model Loss -0.09598672697274853, View Loss -0.8310683606689379, Reg 0.13804214936719197
09-Aug-26 07:12:50 - Epoch 284, Model Loss -0.09411443957720568, View Loss -0.835683404521349, Reg 0.1387691562187457
09-Aug-26 07:13:48 - Epoch 285, Model Loss -0.09192561410647952, View Loss -0.8321981707103123, Reg 0.13937891188112686
09-Aug-26 07:13:54 - Epoch 285: Train_acc 0.7283142389525368 Val_acc 0.6274509803921569 Test_acc 0.5989583333333334 Test_auc 0.6565118050266565
09-Aug-26 07:14:52 - Epoch 286, Model Loss -0.0928813667812441, View Loss -0.8399134747525479, Reg 0.13780832719880898
09-Aug-26 07:15:50 - Epoch 287, Model Loss -0.0966016503870975, View Loss -0.8359543395315566, Reg 0.14005079199659062
09-Aug-26 07:16:48 - Epoch 288, Model Loss -0.09346646207054, View Loss -0.8361124959202718, Reg 0.138110394319809
09-Aug-26 07:17:47 - Epoch 289, Model Loss -0.09176324617648085, View Loss -0.8352704110590409, Reg 0.13890483782744056
09-Aug-26 07:18:45 - Epoch 290, Model Loss -0.09376469937361984, View Loss -0.8353600414216811, Reg 0.13840202170190952
09-Aug-26 07:18:54 - Epoch 290: Train_acc 0.7217675941080196 Val_acc 0.6143790849673203 Test_acc 0.609375 Test_auc 0.6592318572516592
09-Aug-26 07:19:52 - Epoch 291, Model Loss -0.09418242847860933, View Loss -0.8331538046635505, Reg 0.13893442048573845
09-Aug-26 07:20:50 - Epoch 292, Model Loss -0.09243161569055286, View Loss -0.8320153897015435, Reg 0.1395109746294209
09-Aug-26 07:21:48 - Epoch 293, Model Loss -0.09294642364139838, View Loss -0.8416215807638465, Reg 0.13667878701234215
09-Aug-26 07:22:46 - Epoch 294, Model Loss -0.09197426115432465, View Loss -0.8258556966500664, Reg 0.13877799904580593
09-Aug-26 07:23:44 - Epoch 295, Model Loss -0.0943466699064851, View Loss -0.8339196264060936, Reg 0.1392663631667482
09-Aug-26 07:23:52 - Epoch 295: Train_acc 0.7283142389525368 Val_acc 0.6078431372549019 Test_acc 0.6197916666666666 Test_auc 0.6618431073876618
09-Aug-26 07:24:50 - Epoch 296, Model Loss -0.09122495023981834, View Loss -0.8299784134530787, Reg 0.1409164349351889
09-Aug-26 07:25:48 - Epoch 297, Model Loss -0.09334007734752911, View Loss -0.8388506308710126, Reg 0.1364768691324368
09-Aug-26 07:26:46 - Epoch 298, Model Loss -0.09417339374117688, View Loss -0.8396619743684309, Reg 0.13695775537024543
09-Aug-26 07:27:44 - Epoch 299, Model Loss -0.09397559816630499, View Loss -0.8297864633769333, Reg 0.14018638768582414
09-Aug-26 07:28:42 - Epoch 300, Model Loss -0.0989429407346073, View Loss -0.8460473265078181, Reg 0.14037880425855104
09-Aug-26 07:28:48 - Epoch 300: Train_acc 0.7184942716857611 Val_acc 0.6405228758169934 Test_acc 0.609375 Test_auc 0.6556413883146556
09-Aug-26 07:28:48 - FinishedTraining! BestEpoch (eval-interval index): 52
09-Aug-26 07:28:48 - Wrote /users/3171356m/muhammad/GraSTIACL/nested_cv/results/nocombat__emb256_bs128__fold0.json
09-Aug-26 07:28:48 - {
  "emb_dim": 256,
  "batch_size": 128,
  "fold": 0,
  "combat": false,
  "n_train": 611,
  "n_val": 153,
  "n_test": 192,
  "best_val_epoch_idx": 52,
  "train_accuracy": 0.7168576104746317,
  "val_accuracy": 0.6405228758169934,
  "test_accuracy": 0.6145833333333334,
  "train_f1": 0.6938053097345133,
  "val_f1": 0.6206896551724138,
  "test_f1": 0.5934065934065934,
  "train_sensitivity": 0.6735395165857748,
  "val_sensitivity": 0.6164383477200227,
  "test_sensitivity": 0.593406586885642,
  "train_specificity": 0.7562499976367187,
  "val_specificity": 0.6624999917187501,
  "test_specificity": 0.633663360062739,
  "train_precision": 0.7153284671532847,
  "val_precision": 0.625,
  "test_precision": 0.5934065934065934,
  "test_auc": 0.6550973778696552,
  "fin_reg": 0.13594270269531275
}
