Task 29: config=5 fold=4 batch_size=128 emb_dim=512 mij_source=alff_pcc combat=yes
The Zen of Python, by Tim Peters

Beautiful is better than ugly.
Explicit is better than implicit.
Simple is better than complex.
Complex is better than complicated.
Flat is better than nested.
Sparse is better than dense.
Readability counts.
Special cases aren't special enough to break the rules.
Although practicality beats purity.
Errors should never pass silently.
Unless explicitly silenced.
In the face of ambiguity, refuse the temptation to guess.
There should be one-- and preferably only one --obvious way to do it.
Although that way may not be obvious at first unless you're Dutch.
Now is better than never.
Although never is often better than *right* now.
If the implementation is hard to explain, it's a bad idea.
If the implementation is easy to explain, it may be a good idea.
Namespaces are one honking great idea -- let's do more of those!
validation time cost : 0.29370 sec
validation time cost : 0.31609 sec
validation time cost : 0.29167 sec
validation time cost : 0.28778 sec
validation time cost : 0.29136 sec
validation time cost : 0.28470 sec
validation time cost : 0.29112 sec
validation time cost : 0.28929 sec
validation time cost : 0.28967 sec
validation time cost : 0.28323 sec
validation time cost : 0.29055 sec
validation time cost : 0.28739 sec
validation time cost : 0.28965 sec
validation time cost : 0.28971 sec
validation time cost : 0.29013 sec
validation time cost : 0.28918 sec
validation time cost : 0.29700 sec
validation time cost : 0.29496 sec
validation time cost : 0.30439 sec
validation time cost : 0.28569 sec
validation time cost : 0.28915 sec
validation time cost : 0.31201 sec
validation time cost : 0.29537 sec
validation time cost : 0.29578 sec
validation time cost : 0.29051 sec
validation time cost : 0.28992 sec
validation time cost : 0.28681 sec
validation time cost : 0.29089 sec
validation time cost : 0.28961 sec
validation time cost : 0.29142 sec
validation time cost : 0.28649 sec
validation time cost : 0.28675 sec
validation time cost : 0.30096 sec
validation time cost : 0.29452 sec
validation time cost : 0.28754 sec
validation time cost : 0.28072 sec
validation time cost : 0.28803 sec
validation time cost : 0.29157 sec
validation time cost : 0.28458 sec
validation time cost : 0.29720 sec
validation time cost : 0.29784 sec
validation time cost : 0.29629 sec
validation time cost : 0.30068 sec
validation time cost : 0.29266 sec
validation time cost : 0.29383 sec
validation time cost : 0.28272 sec
validation time cost : 0.28243 sec
validation time cost : 0.28173 sec
validation time cost : 0.27912 sec
validation time cost : 0.28561 sec
validation time cost : 0.28144 sec
validation time cost : 0.28331 sec
validation time cost : 0.27856 sec
validation time cost : 0.28273 sec
validation time cost : 0.28192 sec
validation time cost : 0.27894 sec
validation time cost : 0.28021 sec
validation time cost : 0.27896 sec
validation time cost : 0.27861 sec
validation time cost : 0.27912 sec
