Task 5: config=1 fold=0 batch_size=32 emb_dim=512 mij_source=alff_pcc combat=yes
The Zen of Python, by Tim Peters

Beautiful is better than ugly.
Explicit is better than implicit.
Simple is better than complex.
Complex is better than complicated.
Flat is better than nested.
Sparse is better than dense.
Readability counts.
Special cases aren't special enough to break the rules.
Although practicality beats purity.
Errors should never pass silently.
Unless explicitly silenced.
In the face of ambiguity, refuse the temptation to guess.
There should be one-- and preferably only one --obvious way to do it.
Although that way may not be obvious at first unless you're Dutch.
Now is better than never.
Although never is often better than *right* now.
If the implementation is hard to explain, it's a bad idea.
If the implementation is easy to explain, it may be a good idea.
Namespaces are one honking great idea -- let's do more of those!
validation time cost : 0.31281 sec
validation time cost : 0.31043 sec
validation time cost : 0.29947 sec
validation time cost : 0.30965 sec
validation time cost : 0.30049 sec
validation time cost : 0.31316 sec
validation time cost : 0.30029 sec
validation time cost : 0.29746 sec
validation time cost : 0.31596 sec
validation time cost : 0.31610 sec
validation time cost : 0.30038 sec
validation time cost : 0.29753 sec
validation time cost : 0.31695 sec
validation time cost : 0.29900 sec
validation time cost : 0.29770 sec
validation time cost : 0.29939 sec
validation time cost : 0.30285 sec
validation time cost : 0.30276 sec
validation time cost : 0.30305 sec
validation time cost : 0.29429 sec
validation time cost : 0.29549 sec
validation time cost : 0.29605 sec
validation time cost : 0.29583 sec
validation time cost : 0.29409 sec
validation time cost : 0.29265 sec
validation time cost : 0.29221 sec
validation time cost : 0.29271 sec
validation time cost : 0.29698 sec
validation time cost : 0.29386 sec
validation time cost : 0.29393 sec
validation time cost : 0.29400 sec
validation time cost : 0.29710 sec
validation time cost : 0.29582 sec
validation time cost : 0.29426 sec
validation time cost : 0.29373 sec
validation time cost : 0.29554 sec
validation time cost : 0.29222 sec
validation time cost : 0.29275 sec
validation time cost : 0.29433 sec
validation time cost : 0.29179 sec
validation time cost : 0.29220 sec
validation time cost : 0.29330 sec
validation time cost : 0.29472 sec
validation time cost : 0.29251 sec
validation time cost : 0.29190 sec
validation time cost : 0.29140 sec
validation time cost : 0.29120 sec
validation time cost : 0.29341 sec
validation time cost : 0.29774 sec
validation time cost : 0.29433 sec
validation time cost : 0.29486 sec
validation time cost : 0.29315 sec
validation time cost : 0.29277 sec
validation time cost : 0.29465 sec
validation time cost : 0.29675 sec
validation time cost : 0.29456 sec
validation time cost : 0.29475 sec
validation time cost : 0.30753 sec
validation time cost : 0.29354 sec
validation time cost : 0.29464 sec
