09-Aug-26 05:19:31 - Using Device: cuda
09-Aug-26 05:19:31 - Seed: 123, Fold: 1, ComBat: False
09-Aug-26 05:19:31 - Namespace(fold=1, combat=False, num_dyn_windows=3, model_lr=0.0005, view_lr=0.0005, num_gc_layers=2, pooling_type='standard', emb_dim=512, vib_hidden_dim=400, batch_size=256, drop_ratio=0.3, epochs=300, kld_lambda=0.003, reg_lambda=0.2, gamma_mode='paper_literal', node_feature_mode='alff_pcc', mij_source='alff_pcc', template=90, eval_interval=5, downstream_classifier='linear', ce_lambda=2.0, seed=123)
09-Aug-26 05:19:31 - Loading raw subject data...
09-Aug-26 05:23:28 - Loaded 956 subjects (455 ASD, 501 NC)
09-Aug-26 05:23:28 - alff_pcc scale stats (train_val_idx only): alff=[-3.5994,5.6307] pcc=[-0.7600,1.0000]
09-Aug-26 05:23:28 - Train/Val/Test sizes: 612/153/191
09-Aug-26 05:24:33 - Epoch 1, Model Loss 2.058697408320857, View Loss -8.341349913403878, Reg 0.46064620430952585
09-Aug-26 05:25:34 - Epoch 2, Model Loss 1.2581717804366468, View Loss -6.711558946597031, Reg 0.2682773788380467
09-Aug-26 05:26:34 - Epoch 3, Model Loss 1.0284357780919355, View Loss -5.049206353480519, Reg 0.11666272673147177
09-Aug-26 05:27:34 - Epoch 4, Model Loss 0.9333420467435145, View Loss -2.54340100132562, Reg 0.09640235147055458
09-Aug-26 05:28:34 - Epoch 5, Model Loss 0.8538433627462855, View Loss -0.8810639350242864, Reg 0.21018329126382965
09-Aug-26 05:28:53 - Epoch 5: Train_acc 0.7875816993464052 Val_acc 0.6078431372549019 Test_acc 0.5863874345549738 Test_auc 0.6053846153846154
09-Aug-26 05:29:55 - Epoch 6, Model Loss 0.8076544791167858, View Loss -0.661428188186845, Reg 0.30010859210506763
09-Aug-26 05:30:56 - Epoch 7, Model Loss 0.7761074374216834, View Loss -0.8006111858716978, Reg 0.19465474248711578
09-Aug-26 05:31:57 - Epoch 8, Model Loss 0.7589054246938306, View Loss -1.5461337457295337, Reg 0.13524710265249987
09-Aug-26 05:32:59 - Epoch 9, Model Loss 0.714038191570176, View Loss -1.9686325266470317, Reg 0.1503730346174801
09-Aug-26 05:34:01 - Epoch 10, Model Loss 0.7032911035360074, View Loss -2.127932381785773, Reg 0.19460866907063654
09-Aug-26 05:34:20 - Epoch 10: Train_acc 0.7892156862745098 Val_acc 0.5882352941176471 Test_acc 0.6073298429319371 Test_auc 0.6102197802197803
09-Aug-26 05:35:22 - Epoch 11, Model Loss 0.6769877814389522, View Loss -2.0907537719003515, Reg 0.16178226558601155
09-Aug-26 05:36:24 - Epoch 12, Model Loss 0.6804333621380376, View Loss -2.0490538185718012, Reg 0.12755701432820238
09-Aug-26 05:37:25 - Epoch 13, Model Loss 0.6476196948609321, View Loss -1.9731605177611307, Reg 0.15351353692852593
09-Aug-26 05:38:24 - Epoch 14, Model Loss 0.6413262470874911, View Loss -1.9077094754362418, Reg 0.1611796247413735
09-Aug-26 05:39:23 - Epoch 15, Model Loss 0.6482044472024332, View Loss -1.8576148662691803, Reg 0.13484660696749592
09-Aug-26 05:39:43 - Epoch 15: Train_acc 0.8022875816993464 Val_acc 0.5947712418300654 Test_acc 0.6282722513089005 Test_auc 0.6246153846153847
09-Aug-26 05:40:43 - Epoch 16, Model Loss 0.6386577308762307, View Loss -1.784318612291922, Reg 0.1427125988248127
09-Aug-26 05:41:43 - Epoch 17, Model Loss 0.6265474018318201, View Loss -1.70569904645284, Reg 0.14898009286596883
09-Aug-26 05:42:42 - Epoch 18, Model Loss 0.6260993739748313, View Loss -1.6075123088811738, Reg 0.1425562029570536
09-Aug-26 05:43:42 - Epoch 19, Model Loss 0.6234380967087216, View Loss -1.5132776304008135, Reg 0.14361784105596978
09-Aug-26 05:44:41 - Epoch 20, Model Loss 0.6159458045476403, View Loss -1.4122478681452133, Reg 0.14643249509770886
/users/3171356m/miniconda3/envs/grastiacl/lib/python3.12/site-packages/joblib/externals/loky/process_executor.py:782: UserWarning: A worker stopped while some jobs were given to the executor. This can be caused by a too short worker timeout or by a memory leak.
  warnings.warn(
09-Aug-26 05:44:58 - Epoch 20: Train_acc 0.7973856209150327 Val_acc 0.6013071895424836 Test_acc 0.6178010471204188 Test_auc 0.6182417582417582
09-Aug-26 05:46:01 - Epoch 21, Model Loss 0.601743186610976, View Loss -1.2932345882739895, Reg 0.14573920211371252
09-Aug-26 05:47:02 - Epoch 22, Model Loss 0.602858704873939, View Loss -1.1891398164961073, Reg 0.14453073089418847
09-Aug-26 05:48:02 - Epoch 23, Model Loss 0.6021275046993705, View Loss -1.0978318445043627, Reg 0.14739575008161707
09-Aug-26 05:49:02 - Epoch 24, Model Loss 0.5919658919565038, View Loss -1.0157716305427302, Reg 0.1436991417914434
09-Aug-26 05:50:02 - Epoch 25, Model Loss 0.595282728765525, View Loss -0.9736066955366945, Reg 0.13759515643898956
09-Aug-26 05:50:19 - Epoch 25: Train_acc 0.7990196078431373 Val_acc 0.6078431372549019 Test_acc 0.612565445026178 Test_auc 0.6195604395604396
09-Aug-26 05:51:21 - Epoch 26, Model Loss 0.5895776831441455, View Loss -0.9550595119887707, Reg 0.1414488185854519
09-Aug-26 05:52:22 - Epoch 27, Model Loss 0.5863322330261368, View Loss -0.9406929405686123, Reg 0.1318020381374297
09-Aug-26 05:53:22 - Epoch 28, Model Loss 0.5740001990514643, View Loss -0.9316131445317487, Reg 0.13588360175977346
09-Aug-26 05:54:22 - Epoch 29, Model Loss 0.5786347437917797, View Loss -0.9040179953855627, Reg 0.13940658678416334
09-Aug-26 05:55:22 - Epoch 30, Model Loss 0.5827580824786541, View Loss -0.8987113977569381, Reg 0.13904763680267956
09-Aug-26 05:55:42 - Epoch 30: Train_acc 0.7990196078431373 Val_acc 0.5947712418300654 Test_acc 0.6020942408376964 Test_auc 0.6203296703296703
09-Aug-26 05:56:44 - Epoch 31, Model Loss 0.5767467803035686, View Loss -0.885612981771332, Reg 0.14313586893814062
09-Aug-26 05:57:44 - Epoch 32, Model Loss 0.5708809716054817, View Loss -0.8664010521633173, Reg 0.1445266276208404
09-Aug-26 05:58:45 - Epoch 33, Model Loss 0.577743269941386, View Loss -0.8563798689374736, Reg 0.13961413522171817
09-Aug-26 05:59:45 - Epoch 34, Model Loss 0.5729823887737748, View Loss -0.8505425250608157, Reg 0.14434176897690967
09-Aug-26 06:00:45 - Epoch 35, Model Loss 0.5701226845286251, View Loss -0.8395108506570454, Reg 0.13780930297437058
09-Aug-26 06:01:03 - Epoch 35: Train_acc 0.7990196078431373 Val_acc 0.6078431372549019 Test_acc 0.6282722513089005 Test_auc 0.6214285714285714
09-Aug-26 06:02:06 - Epoch 36, Model Loss 0.5588739084846833, View Loss -0.8262062960979986, Reg 0.13001007786373686
09-Aug-26 06:03:07 - Epoch 37, Model Loss 0.5600188469964694, View Loss -0.81673124257256, Reg 0.14457823297167136
09-Aug-26 06:04:08 - Epoch 38, Model Loss 0.5609787644124499, View Loss -0.8084776806675531, Reg 0.1297249019730325
09-Aug-26 06:05:08 - Epoch 39, Model Loss 0.5543593707817053, View Loss -0.7930077524746165, Reg 0.14191168001274657
09-Aug-26 06:06:07 - Epoch 40, Model Loss 0.5608548393436507, View Loss -0.7876434209300023, Reg 0.13719407084331015
09-Aug-26 06:06:25 - Epoch 40: Train_acc 0.795751633986928 Val_acc 0.6013071895424836 Test_acc 0.6230366492146597 Test_auc 0.6215384615384617
09-Aug-26 06:07:28 - Epoch 41, Model Loss 0.5590284347923753, View Loss -0.7856844172758215, Reg 0.13654035115553662
09-Aug-26 06:08:28 - Epoch 42, Model Loss 0.5559806333842621, View Loss -0.7701351627025729, Reg 0.143235317729657
09-Aug-26 06:09:28 - Epoch 43, Model Loss 0.5564934531458063, View Loss -0.7812367584191117, Reg 0.13185611620447993
09-Aug-26 06:10:28 - Epoch 44, Model Loss 0.5409458914613412, View Loss -0.7572309682571811, Reg 0.14260997063194225
09-Aug-26 06:11:27 - Epoch 45, Model Loss 0.5501575458283517, View Loss -0.7599207762799232, Reg 0.13449192095815746
09-Aug-26 06:11:45 - Epoch 45: Train_acc 0.7973856209150327 Val_acc 0.6078431372549019 Test_acc 0.6387434554973822 Test_auc 0.6246153846153846
09-Aug-26 06:12:46 - Epoch 46, Model Loss 0.544051978907554, View Loss -0.7501740073846057, Reg 0.14059210885194393
09-Aug-26 06:13:46 - Epoch 47, Model Loss 0.5520489250912386, View Loss -0.7445113277123645, Reg 0.13737771450694092
09-Aug-26 06:14:45 - Epoch 48, Model Loss 0.5427251762034846, View Loss -0.7476737218744615, Reg 0.13471043713731704
09-Aug-26 06:15:44 - Epoch 49, Model Loss 0.5472390449125003, View Loss -0.7402301286560258, Reg 0.14090938184385984
09-Aug-26 06:16:43 - Epoch 50, Model Loss 0.5444393866981556, View Loss -0.7321431714724871, Reg 0.13478974043543823
/users/3171356m/miniconda3/envs/grastiacl/lib/python3.12/site-packages/joblib/externals/loky/process_executor.py:782: UserWarning: A worker stopped while some jobs were given to the executor. This can be caused by a too short worker timeout or by a memory leak.
  warnings.warn(
09-Aug-26 06:17:07 - Epoch 50: Train_acc 0.7941176470588235 Val_acc 0.5947712418300654 Test_acc 0.6073298429319371 Test_auc 0.6235164835164836
09-Aug-26 06:18:11 - Epoch 51, Model Loss 0.5400360666848476, View Loss -0.7259820084166683, Reg 0.14118552431951162
09-Aug-26 06:19:12 - Epoch 52, Model Loss 0.5405166865953432, View Loss -0.7182995875676473, Reg 0.13573593933597888
09-Aug-26 06:20:11 - Epoch 53, Model Loss 0.5398575647983676, View Loss -0.7108190784267351, Reg 0.1346997833914227
09-Aug-26 06:21:10 - Epoch 54, Model Loss 0.5415549991177577, View Loss -0.7068063020706177, Reg 0.14119861201912748
09-Aug-26 06:22:08 - Epoch 55, Model Loss 0.5374322488806607, View Loss -0.7033243522145389, Reg 0.13599559138802922
09-Aug-26 06:22:26 - Epoch 55: Train_acc 0.7826797385620915 Val_acc 0.6013071895424836 Test_acc 0.612565445026178 Test_auc 0.6238461538461539
09-Aug-26 06:23:25 - Epoch 56, Model Loss 0.5370176255313399, View Loss -0.6869755040586384, Reg 0.1393075021458607
09-Aug-26 06:24:24 - Epoch 57, Model Loss 0.5308308371531418, View Loss -0.6917821371477414, Reg 0.13897460533512962
09-Aug-26 06:25:22 - Epoch 58, Model Loss 0.5246396403686673, View Loss -0.6826866732703315, Reg 0.13686413429920968
09-Aug-26 06:26:20 - Epoch 59, Model Loss 0.5268444650703006, View Loss -0.6830800678215775, Reg 0.14227715202795913
09-Aug-26 06:27:18 - Epoch 60, Model Loss 0.5279776426701764, View Loss -0.6786429204192816, Reg 0.13802567338631824
09-Aug-26 06:27:26 - Epoch 60: Train_acc 0.7908496732026143 Val_acc 0.5947712418300654 Test_acc 0.6178010471204188 Test_auc 0.6254945054945055
09-Aug-26 06:28:25 - Epoch 61, Model Loss 0.5318161981557709, View Loss -0.691822298211989, Reg 0.13804170051041773
09-Aug-26 06:29:23 - Epoch 62, Model Loss 0.5299950078421948, View Loss -0.6690509553049125, Reg 0.14164871980551802
09-Aug-26 06:30:21 - Epoch 63, Model Loss 0.5221961713304707, View Loss -0.6800678555482353, Reg 0.1325587157427875
09-Aug-26 06:31:19 - Epoch 64, Model Loss 0.5278866801386565, View Loss -0.6641487942801582, Reg 0.150136667626356
09-Aug-26 06:32:16 - Epoch 65, Model Loss 0.5199092394775815, View Loss -0.6668726517484079, Reg 0.13593001761078055
09-Aug-26 06:32:23 - Epoch 65: Train_acc 0.7941176470588235 Val_acc 0.6013071895424836 Test_acc 0.6073298429319371 Test_auc 0.6215384615384615
09-Aug-26 06:33:20 - Epoch 66, Model Loss 0.5296897572629592, View Loss -0.6545636638317233, Reg 0.14219913334628337
09-Aug-26 06:34:17 - Epoch 67, Model Loss 0.5255229085489036, View Loss -0.6452526009939854, Reg 0.14042373410626954
09-Aug-26 06:35:15 - Epoch 68, Model Loss 0.5249276858529234, View Loss -0.6433440407896354, Reg 0.14327229530203575
09-Aug-26 06:36:12 - Epoch 69, Model Loss 0.5236161448597129, View Loss -0.6356295129052953, Reg 0.1347590817345513
09-Aug-26 06:37:09 - Epoch 70, Model Loss 0.5204534908525305, View Loss -0.6385829729192397, Reg 0.14457854579866322
09-Aug-26 06:37:19 - Epoch 70: Train_acc 0.7990196078431373 Val_acc 0.5882352941176471 Test_acc 0.6178010471204188 Test_auc 0.6286813186813186
09-Aug-26 06:38:16 - Epoch 71, Model Loss 0.5238156832900702, View Loss -0.6415569455015893, Reg 0.1465962594435885
09-Aug-26 06:39:13 - Epoch 72, Model Loss 0.5193831897249409, View Loss -0.6322298377167945, Reg 0.13799095631035324
09-Aug-26 06:40:10 - Epoch 73, Model Loss 0.5194330772543265, View Loss -0.6219159941268123, Reg 0.14091850028318517
09-Aug-26 06:41:08 - Epoch 74, Model Loss 0.516710488624822, View Loss -0.6201616112702812, Reg 0.1452914566970339
09-Aug-26 06:42:05 - Epoch 75, Model Loss 0.5185646068036945, View Loss -0.6257145132114684, Reg 0.13710025303504048
09-Aug-26 06:42:14 - Epoch 75: Train_acc 0.7843137254901961 Val_acc 0.5947712418300654 Test_acc 0.6282722513089005 Test_auc 0.6203296703296703
09-Aug-26 06:43:12 - Epoch 76, Model Loss 0.5198695098652559, View Loss -0.6246200979145524, Reg 0.1437999407450358
09-Aug-26 06:44:09 - Epoch 77, Model Loss 0.5134387746745465, View Loss -0.6191386927187054, Reg 0.14121952224401088
09-Aug-26 06:45:06 - Epoch 78, Model Loss 0.5193108398150774, View Loss -0.6120365819120719, Reg 0.14111969167110966
09-Aug-26 06:46:03 - Epoch 79, Model Loss 0.5187229693325517, View Loss -0.6001451085595524, Reg 0.14817986554569668
09-Aug-26 06:47:01 - Epoch 80, Model Loss 0.5134719734877543, View Loss -0.6123947099922529, Reg 0.13596061641484306
09-Aug-26 06:47:08 - Epoch 80: Train_acc 0.7875816993464052 Val_acc 0.5751633986928104 Test_acc 0.6178010471204188 Test_auc 0.6261538461538462
09-Aug-26 06:48:05 - Epoch 81, Model Loss 0.5108256766609117, View Loss -0.6031400588602801, Reg 0.1352093451552921
09-Aug-26 06:49:03 - Epoch 82, Model Loss 0.511815692669426, View Loss -0.589633866852405, Reg 0.14863018418838775
09-Aug-26 06:50:00 - Epoch 83, Model Loss 0.5133686272147434, View Loss -0.5907091081531999, Reg 0.14378819005941254
09-Aug-26 06:50:57 - Epoch 84, Model Loss 0.5180674810814702, View Loss -0.5938490979811725, Reg 0.13467303872887604
09-Aug-26 06:51:55 - Epoch 85, Model Loss 0.5117929842736986, View Loss -0.5906331430073657, Reg 0.14685687451970345
09-Aug-26 06:52:02 - Epoch 85: Train_acc 0.8006535947712419 Val_acc 0.5947712418300654 Test_acc 0.6230366492146597 Test_auc 0.6303296703296704
09-Aug-26 06:52:59 - Epoch 86, Model Loss 0.507729568902184, View Loss -0.5779110388038984, Reg 0.14659186613325978
09-Aug-26 06:53:56 - Epoch 87, Model Loss 0.5107345154472426, View Loss -0.5829133948469474, Reg 0.1400291629476485
09-Aug-26 06:54:53 - Epoch 88, Model Loss 0.5133232069171332, View Loss -0.6015952412599053, Reg 0.1384342872823765
09-Aug-26 06:55:50 - Epoch 89, Model Loss 0.5096055783477484, View Loss -0.5922528840357961, Reg 0.15034403763954934
09-Aug-26 06:56:48 - Epoch 90, Model Loss 0.5104738744645337, View Loss -0.5974280943278394, Reg 0.14197159115395513
09-Aug-26 06:56:56 - Epoch 90: Train_acc 0.7875816993464052 Val_acc 0.5947712418300654 Test_acc 0.6282722513089005 Test_auc 0.6237362637362638
09-Aug-26 06:57:54 - Epoch 91, Model Loss 0.5133689610786687, View Loss -0.5877836638805913, Reg 0.12523005483976377
09-Aug-26 06:58:51 - Epoch 92, Model Loss 0.5088720309968088, View Loss -0.5658078022252501, Reg 0.1556709100023594
09-Aug-26 06:59:48 - Epoch 93, Model Loss 0.5103583090445575, View Loss -0.579830276420693, Reg 0.13835714864575005
09-Aug-26 07:00:45 - Epoch 94, Model Loss 0.5088296692355786, View Loss -0.5667800093008801, Reg 0.1432616440883649
09-Aug-26 07:01:42 - Epoch 95, Model Loss 0.5096831424953112, View Loss -0.5602269437577989, Reg 0.145066540907411
09-Aug-26 07:01:50 - Epoch 95: Train_acc 0.7875816993464052 Val_acc 0.5947712418300654 Test_acc 0.6073298429319371 Test_auc 0.6258241758241759
09-Aug-26 07:02:48 - Epoch 96, Model Loss 0.504339038351782, View Loss -0.5649014368555905, Reg 0.13254093071993658
09-Aug-26 07:03:45 - Epoch 97, Model Loss 0.5060688931178423, View Loss -0.5520114033829933, Reg 0.15239562459436118
09-Aug-26 07:04:42 - Epoch 98, Model Loss 0.5055281177065731, View Loss -0.5462281820820827, Reg 0.1362717164302963
09-Aug-26 07:05:40 - Epoch 99, Model Loss 0.5053323892986074, View Loss -0.5471758374980852, Reg 0.1374462187484978
09-Aug-26 07:06:37 - Epoch 100, Model Loss 0.5020277278096068, View Loss -0.5443901158625783, Reg 0.1480143600040012
09-Aug-26 07:06:43 - Epoch 100: Train_acc 0.7859477124183006 Val_acc 0.5947712418300654 Test_acc 0.612565445026178 Test_auc 0.6270329670329671
09-Aug-26 07:07:41 - Epoch 101, Model Loss 0.5072633978588129, View Loss -0.5470055349512037, Reg 0.14401126696782954
09-Aug-26 07:08:38 - Epoch 102, Model Loss 0.5016037249097637, View Loss -0.5412943565767575, Reg 0.13458226562715045
09-Aug-26 07:09:35 - Epoch 103, Model Loss 0.49650395189235413, View Loss -0.5474464285607431, Reg 0.14667688792242722
09-Aug-26 07:10:32 - Epoch 104, Model Loss 0.5005356155189813, View Loss -0.5354580544178782, Reg 0.14699042836825052
09-Aug-26 07:11:30 - Epoch 105, Model Loss 0.4940563284493739, View Loss -0.5474042534049041, Reg 0.1293051645062328
09-Aug-26 07:11:38 - Epoch 105: Train_acc 0.7941176470588235 Val_acc 0.6078431372549019 Test_acc 0.612565445026178 Test_auc 0.6278021978021978
09-Aug-26 07:12:35 - Epoch 106, Model Loss 0.5036918316401687, View Loss -0.5304671307794409, Reg 0.1499598700236651
09-Aug-26 07:13:33 - Epoch 107, Model Loss 0.49503303898705375, View Loss -0.5270602531682432, Reg 0.14854747485491185
09-Aug-26 07:14:30 - Epoch 108, Model Loss 0.49662840015747967, View Loss -0.520515572791006, Reg 0.13216795825880337
09-Aug-26 07:15:27 - Epoch 109, Model Loss 0.5030084891256943, View Loss -0.5284782461091584, Reg 0.14908147345181383
09-Aug-26 07:16:25 - Epoch 110, Model Loss 0.49881358882960153, View Loss -0.5347461529027403, Reg 0.14057151661589254
09-Aug-26 07:16:32 - Epoch 110: Train_acc 0.7892156862745098 Val_acc 0.5947712418300654 Test_acc 0.6020942408376964 Test_auc 0.62
09-Aug-26 07:17:29 - Epoch 111, Model Loss 0.49757053298887866, View Loss -0.5188418486539055, Reg 0.13974422196936764
09-Aug-26 07:18:27 - Epoch 112, Model Loss 0.5011345642844057, View Loss -0.5094177333358066, Reg 0.14676092185226142
09-Aug-26 07:19:24 - Epoch 113, Model Loss 0.49848796573339726, View Loss -0.5175384586932612, Reg 0.13263983547297958
09-Aug-26 07:20:21 - Epoch 114, Model Loss 0.4972107542885674, View Loss -0.5084250947229223, Reg 0.139174168795542
09-Aug-26 07:21:19 - Epoch 115, Model Loss 0.4973110745545306, View Loss -0.5029242552962958, Reg 0.14986262251349056
09-Aug-26 07:21:24 - Epoch 115: Train_acc 0.7924836601307189 Val_acc 0.6013071895424836 Test_acc 0.6282722513089005 Test_auc 0.6276923076923078
09-Aug-26 07:22:21 - Epoch 116, Model Loss 0.4978749187164057, View Loss -0.5044283227982864, Reg 0.13918939807446173
09-Aug-26 07:23:18 - Epoch 117, Model Loss 0.49307043567981595, View Loss -0.5093141692915774, Reg 0.1311319754793753
09-Aug-26 07:24:16 - Epoch 118, Model Loss 0.4957032807512221, View Loss -0.49280202077105156, Reg 0.14988874619692757
09-Aug-26 07:25:13 - Epoch 119, Model Loss 0.49566904158374064, View Loss -0.4989428738363428, Reg 0.1394108029362423
09-Aug-26 07:26:10 - Epoch 120, Model Loss 0.4934350922216777, View Loss -0.4958276491539151, Reg 0.13391442889092015
09-Aug-26 07:26:18 - Epoch 120: Train_acc 0.7843137254901961 Val_acc 0.5882352941176471 Test_acc 0.6230366492146597 Test_auc 0.6309890109890111
09-Aug-26 07:27:15 - Epoch 121, Model Loss 0.49227356326346305, View Loss -0.4889887571334839, Reg 0.1550299279343069
09-Aug-26 07:28:12 - Epoch 122, Model Loss 0.49377745370459714, View Loss -0.5121850351882137, Reg 0.13602361696607926
09-Aug-26 07:29:10 - Epoch 123, Model Loss 0.49439292951347, View Loss -0.49982332170399185, Reg 0.12883280534175487
09-Aug-26 07:30:07 - Epoch 124, Model Loss 0.49434130137262783, View Loss -0.5087182638691921, Reg 0.15269281091838102
09-Aug-26 07:31:05 - Epoch 125, Model Loss 0.49115200642666784, View Loss -0.49095722740771724, Reg 0.1394375864586799
09-Aug-26 07:31:14 - Epoch 125: Train_acc 0.7843137254901961 Val_acc 0.5947712418300654 Test_acc 0.612565445026178 Test_auc 0.6271428571428572
09-Aug-26 07:32:11 - Epoch 126, Model Loss 0.49351027510524575, View Loss -0.4822142786449856, Reg 0.1329445076339385
09-Aug-26 07:33:09 - Epoch 127, Model Loss 0.49331219153466566, View Loss -0.48532820293326784, Reg 0.14499600251126132
09-Aug-26 07:34:06 - Epoch 128, Model Loss 0.49039941558650896, View Loss -0.4769863599266102, Reg 0.14107161166231616
09-Aug-26 07:35:04 - Epoch 129, Model Loss 0.491762961632286, View Loss -0.4818009971793181, Reg 0.14533102093568814
09-Aug-26 07:36:01 - Epoch 130, Model Loss 0.49069321915215136, View Loss -0.4794735573475657, Reg 0.13541113083658654
09-Aug-26 07:36:07 - Epoch 130: Train_acc 0.7875816993464052 Val_acc 0.6013071895424836 Test_acc 0.612565445026178 Test_auc 0.6332967032967033
09-Aug-26 07:37:04 - Epoch 131, Model Loss 0.4899080524257585, View Loss -0.48880091679641624, Reg 0.13689396700827905
09-Aug-26 07:38:02 - Epoch 132, Model Loss 0.4899950537806243, View Loss -0.4740837570888544, Reg 0.15239253834961286
09-Aug-26 07:38:59 - Epoch 133, Model Loss 0.49563193009569756, View Loss -0.4723431331659454, Reg 0.1394940498802397
09-Aug-26 07:39:57 - Epoch 134, Model Loss 0.4938189714562659, View Loss -0.4657946825027466, Reg 0.13605623969844743
09-Aug-26 07:40:54 - Epoch 135, Model Loss 0.490707630035924, View Loss -0.4587652137856078, Reg 0.14458449438116908
09-Aug-26 07:41:00 - Epoch 135: Train_acc 0.795751633986928 Val_acc 0.5882352941176471 Test_acc 0.6387434554973822 Test_auc 0.6294505494505495
09-Aug-26 07:41:58 - Epoch 136, Model Loss 0.492610434106752, View Loss -0.45790263951993454, Reg 0.138529458856271
09-Aug-26 07:42:55 - Epoch 137, Model Loss 0.4902243984290977, View Loss -0.45900308306700266, Reg 0.14133744759886874
09-Aug-26 07:43:52 - Epoch 138, Model Loss 0.4874192351609274, View Loss -0.4522660994062237, Reg 0.13965000679679945
09-Aug-26 07:44:50 - Epoch 139, Model Loss 0.4893649230205935, View Loss -0.4490547515208425, Reg 0.13960499603763904
09-Aug-26 07:45:47 - Epoch 140, Model Loss 0.48962461792565637, View Loss -0.44880351911183275, Reg 0.14775809285297892
09-Aug-26 07:45:58 - Epoch 140: Train_acc 0.7924836601307189 Val_acc 0.5947712418300654 Test_acc 0.6282722513089005 Test_auc 0.6272527472527473
09-Aug-26 07:46:55 - Epoch 141, Model Loss 0.4885643629077213, View Loss -0.46248411275202933, Reg 0.13923861514898686
09-Aug-26 07:47:52 - Epoch 142, Model Loss 0.48784635269563964, View Loss -0.45940447554868813, Reg 0.12991863830027237
09-Aug-26 07:48:49 - Epoch 143, Model Loss 0.4905933823460847, View Loss -0.451907195296942, Reg 0.14603404525448294
09-Aug-26 07:49:47 - Epoch 144, Model Loss 0.485317627199335, View Loss -0.45052676730685765, Reg 0.14136973734385047
09-Aug-26 07:50:44 - Epoch 145, Model Loss 0.4884596490392498, View Loss -0.44877876175774467, Reg 0.13212915992035584
09-Aug-26 07:50:51 - Epoch 145: Train_acc 0.7941176470588235 Val_acc 0.5947712418300654 Test_acc 0.6178010471204188 Test_auc 0.6291208791208791
09-Aug-26 07:51:48 - Epoch 146, Model Loss 0.48275261533026603, View Loss -0.4473222416210798, Reg 0.1500692891529183
09-Aug-26 07:52:46 - Epoch 147, Model Loss 0.4870729580813763, View Loss -0.43498773512497446, Reg 0.14339151501266006
09-Aug-26 07:53:43 - Epoch 148, Model Loss 0.4869125349069732, View Loss -0.4425931896259582, Reg 0.12755423638166166
09-Aug-26 07:54:40 - Epoch 149, Model Loss 0.48794562715330936, View Loss -0.43430887250339284, Reg 0.14656617692093443
09-Aug-26 07:55:38 - Epoch 150, Model Loss 0.48527321706410326, View Loss -0.43371868912690603, Reg 0.14461914552193061
09-Aug-26 07:55:44 - Epoch 150: Train_acc 0.7908496732026143 Val_acc 0.5882352941176471 Test_acc 0.5968586387434555 Test_auc 0.6241758241758243
09-Aug-26 07:56:41 - Epoch 151, Model Loss 0.4799275908594817, View Loss -0.44265563659418644, Reg 0.1324404561831281
09-Aug-26 07:57:38 - Epoch 152, Model Loss 0.4853501109515919, View Loss -0.4402081234003204, Reg 0.14207074021786645
09-Aug-26 07:58:36 - Epoch 153, Model Loss 0.48492752901868885, View Loss -0.4340088702494802, Reg 0.14676056198434892
09-Aug-26 07:59:33 - Epoch 154, Model Loss 0.4825431459090289, View Loss -0.4360635140362908, Reg 0.14026130628741645
09-Aug-26 08:00:30 - Epoch 155, Model Loss 0.4854402900521272, View Loss -0.4319005222881542, Reg 0.13954396346230913
09-Aug-26 08:00:42 - Epoch 155: Train_acc 0.7941176470588235 Val_acc 0.6013071895424836 Test_acc 0.6178010471204188 Test_auc 0.6298901098901099
09-Aug-26 08:01:40 - Epoch 156, Model Loss 0.4838516377156077, View Loss -0.4493232700559828, Reg 0.14044476685181162
09-Aug-26 08:02:37 - Epoch 157, Model Loss 0.48354681138119665, View Loss -0.459188278983621, Reg 0.13346744090123894
09-Aug-26 08:03:35 - Epoch 158, Model Loss 0.4801844599979376, View Loss -0.4371904843772938, Reg 0.1368644382634194
09-Aug-26 08:04:32 - Epoch 159, Model Loss 0.48259103999418373, View Loss -0.4612456684798197, Reg 0.1360276123277502
09-Aug-26 08:05:29 - Epoch 160, Model Loss 0.48447857806885164, View Loss -0.45025351078681697, Reg 0.14163821546080846
09-Aug-26 08:05:35 - Epoch 160: Train_acc 0.8660130718954249 Val_acc 0.477124183006536 Test_acc 0.5759162303664922 Test_auc 0.6068131868131869
09-Aug-26 08:06:33 - Epoch 161, Model Loss 0.4829310260567011, View Loss -0.4180380316341625, Reg 0.145253866229182
09-Aug-26 08:07:30 - Epoch 162, Model Loss 0.4853096674470341, View Loss -0.41596416398590685, Reg 0.13710065254198958
09-Aug-26 08:08:27 - Epoch 163, Model Loss 0.48533231565375734, View Loss -0.45093608447928835, Reg 0.1374005462998658
09-Aug-26 08:09:25 - Epoch 164, Model Loss 0.48438788823832096, View Loss -0.4237765860713385, Reg 0.13966227386122435
09-Aug-26 08:10:22 - Epoch 165, Model Loss 0.4832039903971105, View Loss -0.42658847141889183, Reg 0.138998069599563
09-Aug-26 08:10:33 - Epoch 165: Train_acc 0.7777777777777778 Val_acc 0.5816993464052288 Test_acc 0.6178010471204188 Test_auc 0.6292307692307693
09-Aug-26 08:11:31 - Epoch 166, Model Loss 0.48349734498005287, View Loss -0.41630780229381487, Reg 0.14658807403121898
09-Aug-26 08:12:28 - Epoch 167, Model Loss 0.4796133497182061, View Loss -0.4087599944445043, Reg 0.14076878062260698
09-Aug-26 08:13:25 - Epoch 168, Model Loss 0.4792664660737405, View Loss -0.41010692228678786, Reg 0.13259321587537629
09-Aug-26 08:14:22 - Epoch 169, Model Loss 0.4829268402913037, View Loss -0.39788199406044156, Reg 0.1455868879467054
09-Aug-26 08:15:19 - Epoch 170, Model Loss 0.48247355787582646, View Loss -0.4137713285832623, Reg 0.13869497355292826
09-Aug-26 08:15:26 - Epoch 170: Train_acc 0.7826797385620915 Val_acc 0.6209150326797386 Test_acc 0.6178010471204188 Test_auc 0.6330769230769231
09-Aug-26 08:16:23 - Epoch 171, Model Loss 0.4797540437551885, View Loss -0.40048500447491414, Reg 0.1365214403645665
09-Aug-26 08:17:21 - Epoch 172, Model Loss 0.48158492216097765, View Loss -0.39910173727795967, Reg 0.15085565147836225
09-Aug-26 08:18:18 - Epoch 173, Model Loss 0.4820563130908542, View Loss -0.39989156193203396, Reg 0.1358817547949311
09-Aug-26 08:19:15 - Epoch 174, Model Loss 0.4799831562182483, View Loss -0.3983469336640601, Reg 0.12838043223798665
09-Aug-26 08:20:12 - Epoch 175, Model Loss 0.48112346105326237, View Loss -0.39248128576216357, Reg 0.1471483720089096
09-Aug-26 08:20:21 - Epoch 175: Train_acc 0.7875816993464052 Val_acc 0.5751633986928104 Test_acc 0.6178010471204188 Test_auc 0.6296703296703297
09-Aug-26 08:21:18 - Epoch 176, Model Loss 0.47778687679689696, View Loss -0.38714365476097157, Reg 0.1421164477767508
09-Aug-26 08:22:16 - Epoch 177, Model Loss 0.47972725029864344, View Loss -0.38804271330241286, Reg 0.1308327279254502
09-Aug-26 08:23:13 - Epoch 178, Model Loss 0.48078326345269196, View Loss -0.38919420257892484, Reg 0.14234385673516717
09-Aug-26 08:24:10 - Epoch 179, Model Loss 0.47849704666075366, View Loss -0.39061732307758207, Reg 0.14660823910064946
09-Aug-26 08:25:08 - Epoch 180, Model Loss 0.48029955832007665, View Loss -0.38934967876259796, Reg 0.1358432184442196
09-Aug-26 08:25:13 - Epoch 180: Train_acc 0.7745098039215687 Val_acc 0.6013071895424836 Test_acc 0.6335078534031413 Test_auc 0.6283516483516484
09-Aug-26 08:26:10 - Epoch 181, Model Loss 0.4750284163001316, View Loss -0.38505993559469587, Reg 0.1346793788320878
09-Aug-26 08:27:08 - Epoch 182, Model Loss 0.4792434191392138, View Loss -0.39550478006500045, Reg 0.142918092849987
09-Aug-26 08:28:06 - Epoch 183, Model Loss 0.47645719417559557, View Loss -0.37906049045861934, Reg 0.1407355531757953
09-Aug-26 08:29:03 - Epoch 184, Model Loss 0.47209229110892303, View Loss -0.3778443305320989, Reg 0.1353860175103144
09-Aug-26 08:30:00 - Epoch 185, Model Loss 0.47839249115364224, View Loss -0.3693949848997827, Reg 0.1406762215241887
09-Aug-26 08:30:06 - Epoch 185: Train_acc 0.8643790849673203 Val_acc 0.5098039215686274 Test_acc 0.5654450261780105 Test_auc 0.6056043956043956
09-Aug-26 08:31:04 - Epoch 186, Model Loss 0.4739382091690512, View Loss -0.3751915662117254, Reg 0.14301457747914434
09-Aug-26 08:32:01 - Epoch 187, Model Loss 0.4759644772492203, View Loss -0.3733173515282425, Reg 0.13729680051990584
09-Aug-26 08:32:58 - Epoch 188, Model Loss 0.4766860053040623, View Loss -0.36866742801042945, Reg 0.13655444073910808
09-Aug-26 08:33:56 - Epoch 189, Model Loss 0.4758273737103331, View Loss -0.3771394522361506, Reg 0.14131138595490675
09-Aug-26 08:34:53 - Epoch 190, Model Loss 0.4755674717473049, View Loss -0.3783845854740517, Reg 0.13825082029002944
09-Aug-26 08:35:00 - Epoch 190: Train_acc 0.7843137254901961 Val_acc 0.6078431372549019 Test_acc 0.612565445026178 Test_auc 0.6217582417582418
09-Aug-26 08:35:57 - Epoch 191, Model Loss 0.4755039041727976, View Loss -0.36525371807073453, Reg 0.13873139393875022
09-Aug-26 08:36:54 - Epoch 192, Model Loss 0.47297454308840187, View Loss -0.3608019001343671, Reg 0.13769548722341948
09-Aug-26 08:37:52 - Epoch 193, Model Loss 0.4713265443939009, View Loss -0.3591240698995154, Reg 0.13716374055232877
09-Aug-26 08:38:49 - Epoch 194, Model Loss 0.4752398070946238, View Loss -0.3591189197465485, Reg 0.14243043131298488
09-Aug-26 08:39:46 - Epoch 195, Model Loss 0.47538433589187323, View Loss -0.35971176078896117, Reg 0.1421425190626406
09-Aug-26 08:39:55 - Epoch 195: Train_acc 0.7973856209150327 Val_acc 0.6078431372549019 Test_acc 0.6073298429319371 Test_auc 0.6280219780219779
09-Aug-26 08:40:52 - Epoch 196, Model Loss 0.4748014291517096, View Loss -0.36206115616692436, Reg 0.13407993063428045
09-Aug-26 08:41:49 - Epoch 197, Model Loss 0.4738176075461643, View Loss -0.36909541740916135, Reg 0.1383962248957235
09-Aug-26 08:42:46 - Epoch 198, Model Loss 0.47519008143275393, View Loss -0.37286563948089, Reg 0.14138823241190193
09-Aug-26 08:43:44 - Epoch 199, Model Loss 0.47230424561531714, View Loss -0.3873993173923368, Reg 0.13748657742356943
09-Aug-26 08:44:41 - Epoch 200, Model Loss 0.4732331444624982, View Loss -0.3828713052413043, Reg 0.13783637818947336
09-Aug-26 08:44:53 - Epoch 200: Train_acc 0.7843137254901961 Val_acc 0.6078431372549019 Test_acc 0.6178010471204188 Test_auc 0.6282417582417583
09-Aug-26 08:45:50 - Epoch 201, Model Loss 0.4723422932468988, View Loss -0.47947418689727783, Reg 0.13552257886119917
09-Aug-26 08:46:47 - Epoch 202, Model Loss 0.472985915109223, View Loss -0.5150423377167945, Reg 0.14028587148470037
09-Aug-26 08:47:44 - Epoch 203, Model Loss 0.47004732937594645, View Loss -0.4533449154274136, Reg 0.14188340501068464
09-Aug-26 08:48:42 - Epoch 204, Model Loss 0.47096575669992985, View Loss -0.5438956061219857, Reg 0.1469666915976144
09-Aug-26 08:49:39 - Epoch 205, Model Loss 0.47267268451989863, View Loss -0.5352704337998933, Reg 0.10870721342127307
09-Aug-26 08:49:47 - Epoch 205: Train_acc 0.869281045751634 Val_acc 0.5098039215686274 Test_acc 0.5863874345549738 Test_auc 0.6162637362637362
09-Aug-26 08:50:44 - Epoch 206, Model Loss 0.47218121520054884, View Loss -0.5358293188942803, Reg 0.174889935192719
09-Aug-26 08:51:42 - Epoch 207, Model Loss 0.4735502546129663, View Loss -0.6064695844463274, Reg 0.08509612258742838
09-Aug-26 08:52:39 - Epoch 208, Model Loss 0.4696699310751522, View Loss -0.5305557515886095, Reg 0.19191357196351283
09-Aug-26 08:53:36 - Epoch 209, Model Loss 0.475803963693918, View Loss -0.44640451708650275, Reg 0.13711007056283017
09-Aug-26 08:54:33 - Epoch 210, Model Loss 0.4729672237938526, View Loss -0.4454001476562101, Reg 0.10638810742914287
09-Aug-26 08:54:39 - Epoch 210: Train_acc 0.7777777777777778 Val_acc 0.6013071895424836 Test_acc 0.5916230366492147 Test_auc 0.6262637362637363
09-Aug-26 08:55:36 - Epoch 211, Model Loss 0.47294557308839036, View Loss -0.43280622538398295, Reg 0.1759040587478214
09-Aug-26 08:56:34 - Epoch 212, Model Loss 0.47158121010836435, View Loss -0.4282573391409481, Reg 0.11509083912653081
09-Aug-26 08:57:31 - Epoch 213, Model Loss 0.4734029543945213, View Loss -0.42841179152719333, Reg 0.16147294840197157
09-Aug-26 08:58:29 - Epoch 214, Model Loss 0.4696888167873707, View Loss -0.4262321540732789, Reg 0.1330858145663941
09-Aug-26 08:59:26 - Epoch 215, Model Loss 0.4703827858750337, View Loss -0.42105521563611, Reg 0.13226385434079013
09-Aug-26 08:59:37 - Epoch 215: Train_acc 0.7875816993464052 Val_acc 0.6078431372549019 Test_acc 0.6178010471204188 Test_auc 0.6267032967032966
09-Aug-26 09:00:34 - Epoch 216, Model Loss 0.47252507225360746, View Loss -0.4075063404694102, Reg 0.159581395438294
09-Aug-26 09:01:31 - Epoch 217, Model Loss 0.4730865974831425, View Loss -0.39873070031209706, Reg 0.12121089280041214
09-Aug-26 09:02:28 - Epoch 218, Model Loss 0.4699537159960254, View Loss -0.4070432879566367, Reg 0.15215608088019628
09-Aug-26 09:03:26 - Epoch 219, Model Loss 0.4716943751752766, View Loss -0.3881992452284869, Reg 0.12602298643464357
09-Aug-26 09:04:23 - Epoch 220, Model Loss 0.4708845802381927, View Loss -0.40745507891661203, Reg 0.14959506675893186
09-Aug-26 09:04:30 - Epoch 220: Train_acc 0.8709150326797386 Val_acc 0.5163398692810458 Test_acc 0.5706806282722513 Test_auc 0.6118681318681318
09-Aug-26 09:05:27 - Epoch 221, Model Loss 0.4715408166639166, View Loss -0.3961940559686399, Reg 0.1365016930633121
09-Aug-26 09:06:24 - Epoch 222, Model Loss 0.46966509569704146, View Loss -0.39491654689015904, Reg 0.13355820835415833
09-Aug-26 09:07:22 - Epoch 223, Model Loss 0.47258952863855297, View Loss -0.38939375581305014, Reg 0.14428846732853284
09-Aug-26 09:08:19 - Epoch 224, Model Loss 0.4728001270418853, View Loss -0.38115328667210596, Reg 0.1324022965493545
09-Aug-26 09:09:17 - Epoch 225, Model Loss 0.4700232081943088, View Loss -0.3824046000935673, Reg 0.15151391650726592
09-Aug-26 09:09:25 - Epoch 225: Train_acc 0.8741830065359477 Val_acc 0.49019607843137253 Test_acc 0.5863874345549738 Test_auc 0.6184615384615385
09-Aug-26 09:10:22 - Epoch 226, Model Loss 0.4681648939263587, View Loss -0.3700330795026293, Reg 0.12773808573975282
09-Aug-26 09:11:19 - Epoch 227, Model Loss 0.4712685089485318, View Loss -0.35888294456830994, Reg 0.14001319153246536
09-Aug-26 09:12:16 - Epoch 228, Model Loss 0.46868700762979343, View Loss -0.3467303156073577, Reg 0.1528407980024425
09-Aug-26 09:13:14 - Epoch 229, Model Loss 0.471166776675804, View Loss -0.3487444781010447, Reg 0.12348860677550821
09-Aug-26 09:14:11 - Epoch 230, Model Loss 0.46963859851064244, View Loss -0.35039428090737534, Reg 0.15119270707657134
09-Aug-26 09:14:17 - Epoch 230: Train_acc 0.7875816993464052 Val_acc 0.6078431372549019 Test_acc 0.6230366492146597 Test_auc 0.6307692307692307
09-Aug-26 09:15:14 - Epoch 231, Model Loss 0.4687124595922582, View Loss -0.34738646691141567, Reg 0.13446584012773302
09-Aug-26 09:16:12 - Epoch 232, Model Loss 0.46881301009577087, View Loss -0.3417911981445512, Reg 0.13941881391737196
09-Aug-26 09:17:09 - Epoch 233, Model Loss 0.47002652657577415, View Loss -0.33692241727916244, Reg 0.1467861447458953
09-Aug-26 09:18:07 - Epoch 234, Model Loss 0.46672561706281174, View Loss -0.34075280420141285, Reg 0.12975584311422958
09-Aug-26 09:19:04 - Epoch 235, Model Loss 0.4684785701870139, View Loss -0.33198826453265023, Reg 0.14662838897673913
09-Aug-26 09:19:11 - Epoch 235: Train_acc 0.8660130718954249 Val_acc 0.5163398692810458 Test_acc 0.5706806282722513 Test_auc 0.6038461538461539
09-Aug-26 09:20:08 - Epoch 236, Model Loss 0.46864940333210564, View Loss -0.33243800066654977, Reg 0.13554915727353564
09-Aug-26 09:21:06 - Epoch 237, Model Loss 0.46911375643381104, View Loss -0.33284511675242506, Reg 0.13991504868650748
09-Aug-26 09:22:03 - Epoch 238, Model Loss 0.46931591610503354, View Loss -0.33078015863505844, Reg 0.14380987076198354
09-Aug-26 09:23:00 - Epoch 239, Model Loss 0.4706534470608032, View Loss -0.32556528359456777, Reg 0.13374988121144912
09-Aug-26 09:23:58 - Epoch 240, Model Loss 0.46872828053493126, View Loss -0.33488114908629774, Reg 0.14104191773857166
09-Aug-26 09:24:04 - Epoch 240: Train_acc 0.7924836601307189 Val_acc 0.6078431372549019 Test_acc 0.6020942408376964 Test_auc 0.6252747252747253
09-Aug-26 09:25:02 - Epoch 241, Model Loss 0.46379291154200736, View Loss -0.3368632053238115, Reg 0.13977504984226102
09-Aug-26 09:25:59 - Epoch 242, Model Loss 0.4675672932777529, View Loss -0.3322899489620932, Reg 0.13724530609994154
09-Aug-26 09:26:56 - Epoch 243, Model Loss 0.4655364373930139, View Loss -0.3352690459856021, Reg 0.14283885061740875
09-Aug-26 09:27:53 - Epoch 244, Model Loss 0.46889950987560297, View Loss -0.3325958446739546, Reg 0.13827499338224822
09-Aug-26 09:28:51 - Epoch 245, Model Loss 0.46444862886191973, View Loss -0.33322402464798073, Reg 0.13710279275778853
09-Aug-26 09:28:58 - Epoch 245: Train_acc 0.7826797385620915 Val_acc 0.5947712418300654 Test_acc 0.612565445026178 Test_auc 0.627032967032967
09-Aug-26 09:29:55 - Epoch 246, Model Loss 0.46578001138431574, View Loss -0.329434716623593, Reg 0.14018062292750366
09-Aug-26 09:30:53 - Epoch 247, Model Loss 0.46199583617690343, View Loss -0.32997669815238007, Reg 0.13740464782013612
09-Aug-26 09:31:50 - Epoch 248, Model Loss 0.46709177346011393, View Loss -0.3236896906023711, Reg 0.1383521865590725
09-Aug-26 09:32:47 - Epoch 249, Model Loss 0.4669994725510965, View Loss -0.3262425754584518, Reg 0.13802960592936847
09-Aug-26 09:33:45 - Epoch 250, Model Loss 0.46817386423061097, View Loss -0.32196849467707617, Reg 0.1378857934591817
09-Aug-26 09:33:51 - Epoch 250: Train_acc 0.7761437908496732 Val_acc 0.5882352941176471 Test_acc 0.612565445026178 Test_auc 0.6251648351648351
09-Aug-26 09:34:48 - Epoch 251, Model Loss 0.46477919505312554, View Loss -0.32369014328601314, Reg 0.1358446589871949
09-Aug-26 09:35:45 - Epoch 252, Model Loss 0.4629923561040093, View Loss -0.3176293591268701, Reg 0.14002013430486318
09-Aug-26 09:36:43 - Epoch 253, Model Loss 0.46351749893107447, View Loss -0.32025886049457625, Reg 0.1393762240612429
09-Aug-26 09:37:40 - Epoch 254, Model Loss 0.4668219149891847, View Loss -0.32150817306992274, Reg 0.13495684517364875
09-Aug-26 09:38:37 - Epoch 255, Model Loss 0.46596262073205186, View Loss -0.3228727641448476, Reg 0.14148898841508853
09-Aug-26 09:38:44 - Epoch 255: Train_acc 0.7794117647058824 Val_acc 0.6013071895424836 Test_acc 0.6073298429319371 Test_auc 0.6221978021978022
09-Aug-26 09:39:41 - Epoch 256, Model Loss 0.46415937881843716, View Loss -0.3251801433126911, Reg 0.1386069373952018
09-Aug-26 09:40:38 - Epoch 257, Model Loss 0.46620457741170146, View Loss -0.32171079380060336, Reg 0.13627398564340243
09-Aug-26 09:41:36 - Epoch 258, Model Loss 0.46495049841263714, View Loss -0.32075758385502434, Reg 0.1376905434466655
09-Aug-26 09:42:33 - Epoch 259, Model Loss 0.466895516401802, View Loss -0.3145011133617825, Reg 0.13825920828027663
09-Aug-26 09:43:30 - Epoch 260, Model Loss 0.4650686453370487, View Loss -0.3165057679406958, Reg 0.1406469154202081
09-Aug-26 09:43:40 - Epoch 260: Train_acc 0.7810457516339869 Val_acc 0.6013071895424836 Test_acc 0.612565445026178 Test_auc 0.6216483516483516
09-Aug-26 09:44:37 - Epoch 261, Model Loss 0.4660312365862279, View Loss -0.32457953574610693, Reg 0.1374957691999822
09-Aug-26 09:45:34 - Epoch 262, Model Loss 0.464295159367954, View Loss -0.3204384769489563, Reg 0.13695521798788332
09-Aug-26 09:46:31 - Epoch 263, Model Loss 0.4602673764711891, View Loss -0.32241571417041853, Reg 0.14009061260940203
09-Aug-26 09:47:29 - Epoch 264, Model Loss 0.46457889111213435, View Loss -0.31723538021636166, Reg 0.13969971005823098
09-Aug-26 09:48:26 - Epoch 265, Model Loss 0.46584758552071315, View Loss -0.31737978318158316, Reg 0.13627417930980135
09-Aug-26 09:48:33 - Epoch 265: Train_acc 0.7777777777777778 Val_acc 0.6013071895424836 Test_acc 0.6073298429319371 Test_auc 0.6274725274725275
09-Aug-26 09:49:30 - Epoch 266, Model Loss 0.4660799840306924, View Loss -0.31336164240743597, Reg 0.13885770640731637
09-Aug-26 09:50:27 - Epoch 267, Model Loss 0.4639398282259897, View Loss -0.3160923586951362, Reg 0.14001203927339292
09-Aug-26 09:51:24 - Epoch 268, Model Loss 0.46532682071324266, View Loss -0.31017830948424496, Reg 0.13745287839883294
09-Aug-26 09:52:22 - Epoch 269, Model Loss 0.46317314049776864, View Loss -0.31367823189380123, Reg 0.13579311966896057
09-Aug-26 09:53:19 - Epoch 270, Model Loss 0.46506695264305165, View Loss -0.3181351641424341, Reg 0.1396567647168839
09-Aug-26 09:53:27 - Epoch 270: Train_acc 0.7745098039215687 Val_acc 0.5882352941176471 Test_acc 0.5916230366492147 Test_auc 0.6223076923076923
09-Aug-26 09:54:24 - Epoch 271, Model Loss 0.4635129294364281, View Loss -0.3138398882610346, Reg 0.13892327395139956
09-Aug-26 09:55:22 - Epoch 272, Model Loss 0.4659297252013013, View Loss -0.3123878014633079, Reg 0.13482800126075745
09-Aug-26 09:56:19 - Epoch 273, Model Loss 0.4619023686920116, View Loss -0.31647900818220154, Reg 0.13903948206917133
09-Aug-26 09:57:16 - Epoch 274, Model Loss 0.4638442473084319, View Loss -0.3256290021285512, Reg 0.138553209456743
09-Aug-26 09:58:13 - Epoch 275, Model Loss 0.4637018007780212, View Loss -0.3204807019701191, Reg 0.13476133648476568
09-Aug-26 09:58:20 - Epoch 275: Train_acc 0.7810457516339869 Val_acc 0.6013071895424836 Test_acc 0.6282722513089005 Test_auc 0.6306593406593406
09-Aug-26 09:59:17 - Epoch 276, Model Loss 0.4636789996639576, View Loss -0.3276697194654178, Reg 0.13539516896593803
09-Aug-26 10:00:14 - Epoch 277, Model Loss 0.46194442911864886, View Loss -0.34050575736301397, Reg 0.14120420988868265
09-Aug-26 10:01:11 - Epoch 278, Model Loss 0.4621690722072826, View Loss -0.3279651380052753, Reg 0.13583788431547825
09-Aug-26 10:02:08 - Epoch 279, Model Loss 0.46311099233191, View Loss -0.32246002184799294, Reg 0.12964027204544715
09-Aug-26 10:03:06 - Epoch 280, Model Loss 0.46439381596309687, View Loss -0.3233925680709041, Reg 0.14162083515544344
09-Aug-26 10:03:15 - Epoch 280: Train_acc 0.7843137254901961 Val_acc 0.5882352941176471 Test_acc 0.6230366492146597 Test_auc 0.6293406593406593
09-Aug-26 10:04:12 - Epoch 281, Model Loss 0.46290549324228875, View Loss -0.31460310509002287, Reg 0.13836683819886125
09-Aug-26 10:05:09 - Epoch 282, Model Loss 0.4624257755824943, View Loss -0.32025793798608715, Reg 0.13449196673296634
09-Aug-26 10:06:07 - Epoch 283, Model Loss 0.4621389625119228, View Loss -0.3267266952913571, Reg 0.13911933836594126
09-Aug-26 10:07:04 - Epoch 284, Model Loss 0.46228086422471437, View Loss -0.31825292655845094, Reg 0.14113082912038355
09-Aug-26 10:08:01 - Epoch 285, Model Loss 0.46061380976944966, View Loss -0.31320397370780995, Reg 0.13577627502625284
09-Aug-26 10:08:08 - Epoch 285: Train_acc 0.7843137254901961 Val_acc 0.5947712418300654 Test_acc 0.612565445026178 Test_auc 0.6238461538461537
09-Aug-26 10:09:05 - Epoch 286, Model Loss 0.46034948128500797, View Loss -0.3105972350812426, Reg 0.13882685593919816
09-Aug-26 10:10:02 - Epoch 287, Model Loss 0.4593335779663784, View Loss -0.3164042686325273, Reg 0.13810197570744684
09-Aug-26 10:10:59 - Epoch 288, Model Loss 0.4589499632517497, View Loss -0.3174297895306855, Reg 0.13518462821938634
09-Aug-26 10:11:56 - Epoch 289, Model Loss 0.4588878193711923, View Loss -0.3122412831175561, Reg 0.14084096525619233
09-Aug-26 10:12:53 - Epoch 290, Model Loss 0.4618820976587682, View Loss -0.313516489041397, Reg 0.13900228857604507
09-Aug-26 10:13:05 - Epoch 290: Train_acc 0.7745098039215687 Val_acc 0.5947712418300654 Test_acc 0.612565445026178 Test_auc 0.6262637362637362
09-Aug-26 10:14:03 - Epoch 291, Model Loss 0.4599001405675427, View Loss -0.3188362191705143, Reg 0.1330910559767991
09-Aug-26 10:15:00 - Epoch 292, Model Loss 0.4617185243983674, View Loss -0.3223238178327972, Reg 0.13694271455013673
09-Aug-26 10:15:57 - Epoch 293, Model Loss 0.46347976958050446, View Loss -0.30835217120600683, Reg 0.14285602610485226
09-Aug-26 10:16:54 - Epoch 294, Model Loss 0.46165070405193404, View Loss -0.3102036550933239, Reg 0.1345976464499056
09-Aug-26 10:17:51 - Epoch 295, Model Loss 0.4592370398683486, View Loss -0.3118045820909388, Reg 0.1302302605381199
09-Aug-26 10:17:58 - Epoch 295: Train_acc 0.7826797385620915 Val_acc 0.5947712418300654 Test_acc 0.5968586387434555 Test_auc 0.6252747252747253
09-Aug-26 10:18:56 - Epoch 296, Model Loss 0.46126943281273436, View Loss -0.3077334508397221, Reg 0.14052439607631148
09-Aug-26 10:19:53 - Epoch 297, Model Loss 0.4614243538551081, View Loss -0.3059355791877298, Reg 0.1401881552210041
09-Aug-26 10:20:50 - Epoch 298, Model Loss 0.4611500628243864, View Loss -0.3054180238761154, Reg 0.13258538877262788
09-Aug-26 10:21:47 - Epoch 299, Model Loss 0.4610218012255002, View Loss -0.3032546245973874, Reg 0.1362916179536994
09-Aug-26 10:22:45 - Epoch 300, Model Loss 0.4595374844822229, View Loss -0.3032083495769625, Reg 0.14154075397775065
09-Aug-26 10:22:54 - Epoch 300: Train_acc 0.7728758169934641 Val_acc 0.6078431372549019 Test_acc 0.6073298429319371 Test_auc 0.6295604395604395
09-Aug-26 10:22:54 - FinishedTraining! BestEpoch (eval-interval index): 33
09-Aug-26 10:22:54 - Wrote /users/3171356m/muhammad/GraSTIACL/nested_cv/results/nocombat__emb512_bs256__fold1.json
09-Aug-26 10:22:54 - {
  "emb_dim": 512,
  "batch_size": 256,
  "fold": 1,
  "combat": false,
  "n_train": 612,
  "n_val": 153,
  "n_test": 191,
  "best_val_epoch_idx": 33,
  "train_accuracy": 0.7826797385620915,
  "val_accuracy": 0.6209150326797386,
  "test_accuracy": 0.6178010471204188,
  "train_f1": 0.7741935483870968,
  "val_f1": 0.6133333333333333,
  "test_f1": 0.5921787709497207,
  "train_sensitivity": 0.7835051519467177,
  "val_sensitivity": 0.6301369776693565,
  "test_sensitivity": 0.5824175760173893,
  "train_specificity": 0.7819314617385312,
  "val_specificity": 0.6124999923437501,
  "test_specificity": 0.6499999935,
  "train_precision": 0.7651006711409396,
  "val_precision": 0.5974025974025974,
  "test_precision": 0.6022727272727273,
  "test_auc": 0.6330769230769231,
  "fin_reg": 0.13869497355292826
}
