09-Aug-26 07:16:31 - Using Device: cuda
09-Aug-26 07:16:31 - Seed: 123, Fold: 3, ComBat: False
09-Aug-26 07:16:31 - Namespace(fold=3, combat=False, num_dyn_windows=3, model_lr=0.0005, view_lr=0.0005, num_gc_layers=2, pooling_type='standard', emb_dim=256, vib_hidden_dim=400, batch_size=256, drop_ratio=0.3, epochs=300, kld_lambda=0.003, reg_lambda=0.2, gamma_mode='paper_literal', node_feature_mode='alff_pcc', mij_source='alff', template=90, eval_interval=5, downstream_classifier='linear', ce_lambda=2.0, seed=123)
09-Aug-26 07:16:31 - Loading raw subject data...
09-Aug-26 07:18:10 - Loaded 956 subjects (455 ASD, 501 NC)
09-Aug-26 07:18:10 - alff_pcc scale stats (train_val_idx only): alff=[-3.5994,5.6307] pcc=[-0.7600,1.0000]
09-Aug-26 07:18:10 - Train/Val/Test sizes: 612/153/191
09-Aug-26 07:19:12 - Epoch 1, Model Loss 2.6241442074183543, View Loss -8.33656059838588, Reg 0.47339543369081283
09-Aug-26 07:20:12 - Epoch 2, Model Loss 1.5868437344731847, View Loss -7.7064464668822446, Reg 0.38583524690734017
09-Aug-26 07:21:11 - Epoch 3, Model Loss 1.2827147541482464, View Loss -5.805201524223378, Reg 0.38609880540106034
09-Aug-26 07:22:10 - Epoch 4, Model Loss 1.1470917872354096, View Loss -2.9747438835941886, Reg 0.4434609165768218
09-Aug-26 07:23:08 - Epoch 5, Model Loss 0.9624787849538466, View Loss -2.732661131939857, Reg 0.42193595451467175
09-Aug-26 07:23:22 - Epoch 5: Train_acc 0.7941176470588235 Val_acc 0.6274509803921569 Test_acc 0.5706806282722513 Test_auc 0.6146153846153847
09-Aug-26 07:24:20 - Epoch 6, Model Loss 1.007372095304377, View Loss -2.6383125672932546, Reg 0.41793317674032227
09-Aug-26 07:25:19 - Epoch 7, Model Loss 0.9507945126373004, View Loss -2.028782657548493, Reg 0.4233713640886195
09-Aug-26 07:26:17 - Epoch 8, Model Loss 0.8840271845654725, View Loss -2.993407137253705, Reg 0.42097730593743665
09-Aug-26 07:27:16 - Epoch 9, Model Loss 0.8691017452895252, View Loss -3.2580594829484526, Reg 0.41280071057525336
09-Aug-26 07:28:14 - Epoch 10, Model Loss 0.8264526760120408, View Loss -3.3357048283994586, Reg 0.41036080943992714
09-Aug-26 07:28:20 - Epoch 10: Train_acc 0.803921568627451 Val_acc 0.5620915032679739 Test_acc 0.6020942408376964 Test_auc 0.6197802197802198
09-Aug-26 07:29:18 - Epoch 11, Model Loss 0.8443913310279254, View Loss -3.242563362994225, Reg 0.4116235217627357
09-Aug-26 07:30:17 - Epoch 12, Model Loss 0.8573984060606925, View Loss -3.191130176868314, Reg 0.421335829434052
09-Aug-26 07:31:16 - Epoch 13, Model Loss 0.996728750615338, View Loss -3.1485310691634036, Reg 0.44997384598831724
09-Aug-26 07:32:15 - Epoch 14, Model Loss 1.4521490187426798, View Loss -3.0024779606488794, Reg 0.4954937591272242
09-Aug-26 07:33:14 - Epoch 15, Model Loss 3.156260998420466, View Loss -2.627258765152077, Reg 0.5950605896563311
09-Aug-26 07:33:22 - Epoch 15: Train_acc 0.8562091503267973 Val_acc 0.5751633986928104 Test_acc 0.5706806282722513 Test_auc 0.5936263736263736
09-Aug-26 07:34:20 - Epoch 16, Model Loss 4.310101812961054, View Loss -1.976652692346012, Reg 0.4598134732713886
09-Aug-26 07:35:19 - Epoch 17, Model Loss 3.1535512715383294, View Loss -1.069849899391723, Reg 0.46633371009546165
09-Aug-26 07:36:18 - Epoch 18, Model Loss 3.8953125149595973, View Loss -1.2531475755903456, Reg 0.4862794930638831
09-Aug-26 07:37:17 - Epoch 19, Model Loss 5.290503607855903, View Loss 0.6662871416877297, Reg 0.4164598506260542
09-Aug-26 07:38:16 - Epoch 20, Model Loss 5.2582832816379526, View Loss 1.017009232558456, Reg 0.41076259013094935
/users/3171356m/miniconda3/envs/grastiacl/lib/python3.12/site-packages/joblib/externals/loky/process_executor.py:782: UserWarning: A worker stopped while some jobs were given to the executor. This can be caused by a too short worker timeout or by a memory leak.
  warnings.warn(
09-Aug-26 07:38:27 - Epoch 20: Train_acc 0.7418300653594772 Val_acc 0.6339869281045751 Test_acc 0.6230366492146597 Test_auc 0.690989010989011
09-Aug-26 07:39:26 - Epoch 21, Model Loss 5.184685333102357, View Loss 1.1309389382405999, Reg 0.42403937847006556
09-Aug-26 07:40:25 - Epoch 22, Model Loss 5.02507312313404, View Loss 1.1901239094391367, Reg 0.42334500130485087
09-Aug-26 07:41:24 - Epoch 23, Model Loss 4.289091777178197, View Loss 1.2229646397571938, Reg 0.42611494134454164
09-Aug-26 07:42:22 - Epoch 24, Model Loss 4.149073451173072, View Loss 1.1456912140441096, Reg 0.42091432603356105
09-Aug-26 07:43:21 - Epoch 25, Model Loss 4.883574869118485, View Loss 0.9844782336864596, Reg 0.40662509573051353
09-Aug-26 07:43:28 - Epoch 25: Train_acc 0.7320261437908496 Val_acc 0.6339869281045751 Test_acc 0.6282722513089005 Test_auc 0.6847252747252748
09-Aug-26 07:44:27 - Epoch 26, Model Loss 4.970681751475615, View Loss 1.051313775816774, Reg 0.40846334388053496
09-Aug-26 07:45:25 - Epoch 27, Model Loss 5.001800144419951, View Loss 0.9798309647179897, Reg 0.41356490640079274
09-Aug-26 07:46:24 - Epoch 28, Model Loss 3.9963006599276674, View Loss 0.9554197289585288, Reg 0.4270646657819062
09-Aug-26 07:47:23 - Epoch 29, Model Loss 1.568347800790874, View Loss 1.2310974481059056, Reg 0.4346156153413985
09-Aug-26 07:48:22 - Epoch 30, Model Loss 1.2328486344198775, View Loss 1.3872414083262674, Reg 0.4282146458532296
09-Aug-26 07:48:26 - Epoch 30: Train_acc 0.8022875816993464 Val_acc 0.6078431372549019 Test_acc 0.5968586387434555 Test_auc 0.6204395604395606
09-Aug-26 07:49:25 - Epoch 31, Model Loss 1.2222355569110197, View Loss 1.5144098334842258, Reg 0.40548799591126783
09-Aug-26 07:50:24 - Epoch 32, Model Loss 1.1202737336454829, View Loss 1.8528181478088976, Reg 0.4147704440394258
09-Aug-26 07:51:23 - Epoch 33, Model Loss 1.0840474678799996, View Loss 2.0574507557488735, Reg 0.44607465465863544
09-Aug-26 07:52:22 - Epoch 34, Model Loss 0.9479903717056598, View Loss 2.1874319291582296, Reg 0.4514320019413443
09-Aug-26 07:53:21 - Epoch 35, Model Loss 0.9327489132779876, View Loss 2.27685204830045, Reg 0.43406159834924085
09-Aug-26 07:53:26 - Epoch 35: Train_acc 0.7320261437908496 Val_acc 0.6339869281045751 Test_acc 0.6073298429319371 Test_auc 0.6632967032967033
09-Aug-26 07:54:25 - Epoch 36, Model Loss 0.8781063075548683, View Loss 2.328210628110599, Reg 0.421617594809314
09-Aug-26 07:55:23 - Epoch 37, Model Loss 0.8360512517149152, View Loss 2.3766637019861756, Reg 0.426103140014449
09-Aug-26 07:56:22 - Epoch 38, Model Loss 0.8112374784826648, View Loss 2.426172290752137, Reg 0.434102797819898
09-Aug-26 07:57:21 - Epoch 39, Model Loss 0.8199045897211904, View Loss 2.458215392492955, Reg 0.43279191481521706
09-Aug-26 07:58:21 - Epoch 40, Model Loss 0.818587531667873, View Loss 2.465549394196155, Reg 0.4220851443561853
09-Aug-26 07:58:25 - Epoch 40: Train_acc 0.7254901960784313 Val_acc 0.6078431372549019 Test_acc 0.6178010471204188 Test_auc 0.6412087912087913
09-Aug-26 07:59:23 - Epoch 41, Model Loss 0.8074522514407542, View Loss 2.446963182461807, Reg 0.4149750905488831
09-Aug-26 08:00:22 - Epoch 42, Model Loss 0.7810203057099012, View Loss 2.394360857851365, Reg 0.420213462675319
09-Aug-26 08:01:21 - Epoch 43, Model Loss 0.7911374667062868, View Loss 2.2851788654826044, Reg 0.42694948253288767
09-Aug-26 08:02:20 - Epoch 44, Model Loss 0.7926744139856763, View Loss 2.078908108418284, Reg 0.4257257851510266
09-Aug-26 08:03:19 - Epoch 45, Model Loss 0.7460843582753263, View Loss 1.7311848853927811, Reg 0.4244917210410623
09-Aug-26 08:03:23 - Epoch 45: Train_acc 0.696078431372549 Val_acc 0.6078431372549019 Test_acc 0.581151832460733 Test_auc 0.6253846153846154
09-Aug-26 08:04:22 - Epoch 46, Model Loss 0.7521009378963046, View Loss 1.2249537782341826, Reg 0.4245264175670599
09-Aug-26 08:05:21 - Epoch 47, Model Loss 0.7445468140972985, View Loss 0.602069776432187, Reg 0.42384854855101095
09-Aug-26 08:06:20 - Epoch 48, Model Loss 0.7330329376790259, View Loss -0.05260114576302323, Reg 0.4208374259129069
09-Aug-26 08:07:18 - Epoch 49, Model Loss 0.729086883609591, View Loss -0.6228546356064042, Reg 0.41819627261629294
09-Aug-26 08:08:17 - Epoch 50, Model Loss 0.7523739840470108, View Loss -1.064832369486491, Reg 0.41204968542834514
09-Aug-26 08:08:22 - Epoch 50: Train_acc 0.8480392156862745 Val_acc 0.5816993464052288 Test_acc 0.5706806282722513 Test_auc 0.6114285714285714
09-Aug-26 08:09:22 - Epoch 51, Model Loss 0.7305487365601888, View Loss -1.3595054134044773, Reg 0.40999779416844734
09-Aug-26 08:10:20 - Epoch 52, Model Loss 0.7336911592218611, View Loss -1.5568696314992467, Reg 0.4063621638647092
09-Aug-26 08:11:19 - Epoch 53, Model Loss 0.74322517425601, View Loss -1.6705304766012952, Reg 0.41038430224057115
09-Aug-26 08:12:18 - Epoch 54, Model Loss 0.7469483124567013, View Loss -1.7380352721494787, Reg 0.40408514761457254
09-Aug-26 08:13:17 - Epoch 55, Model Loss 0.7553826440977894, View Loss -1.752020343456393, Reg 0.4123396273531945
/users/3171356m/miniconda3/envs/grastiacl/lib/python3.12/site-packages/joblib/externals/loky/process_executor.py:782: UserWarning: A worker stopped while some jobs were given to the executor. This can be caused by a too short worker timeout or by a memory leak.
  warnings.warn(
09-Aug-26 08:13:25 - Epoch 55: Train_acc 0.8741830065359477 Val_acc 0.5882352941176471 Test_acc 0.5759162303664922 Test_auc 0.607912087912088
09-Aug-26 08:14:24 - Epoch 56, Model Loss 0.7704164379952001, View Loss -1.7673062701630438, Reg 0.4088294938498852
09-Aug-26 08:15:22 - Epoch 57, Model Loss 0.789297773128412, View Loss -1.7558480275222679, Reg 0.4203953963089613
09-Aug-26 08:16:21 - Epoch 58, Model Loss 0.810051961269327, View Loss -1.7521730980841943, Reg 0.4235922865618288
09-Aug-26 08:17:19 - Epoch 59, Model Loss 0.8640025965138978, View Loss -1.7260648705600914, Reg 0.44250864180084926
09-Aug-26 08:18:18 - Epoch 60, Model Loss 0.9604218058726367, View Loss -1.7115299327700746, Reg 0.4559440024537978
09-Aug-26 08:18:23 - Epoch 60: Train_acc 0.7941176470588235 Val_acc 0.5228758169934641 Test_acc 0.5759162303664922 Test_auc 0.6148351648351648
09-Aug-26 08:19:22 - Epoch 61, Model Loss 1.1603230787258523, View Loss -1.6829402072756898, Reg 0.5034477344525405
09-Aug-26 08:20:20 - Epoch 62, Model Loss 1.4067242768854877, View Loss -1.6779877936917973, Reg 0.5416835414038764
09-Aug-26 08:21:19 - Epoch 63, Model Loss 1.5942997013042175, View Loss -1.6986376226337907, Reg 0.5698724443616431
09-Aug-26 08:22:18 - Epoch 64, Model Loss 1.8486093913807589, View Loss -1.664334318996255, Reg 0.5731909547755921
09-Aug-26 08:23:16 - Epoch 65, Model Loss 3.05791049377591, View Loss -1.3765430279027402, Reg 0.5565167587566999
09-Aug-26 08:23:20 - Epoch 65: Train_acc 0.8643790849673203 Val_acc 0.5686274509803921 Test_acc 0.5968586387434555 Test_auc 0.6164835164835165
09-Aug-26 08:24:19 - Epoch 66, Model Loss 2.1196926388086057, View Loss -1.1584946641735, Reg 0.45589567808543935
09-Aug-26 08:25:17 - Epoch 67, Model Loss 1.656376502093147, View Loss -1.2873498146830042, Reg 0.49507354793984903
09-Aug-26 08:26:16 - Epoch 68, Model Loss 2.8613770241830863, View Loss -1.227510548105427, Reg 0.523440441469741
09-Aug-26 08:27:14 - Epoch 69, Model Loss 3.1989600611668005, View Loss -0.6577058266970067, Reg 0.4389944364821989
09-Aug-26 08:28:13 - Epoch 70, Model Loss 2.96254711525113, View Loss -0.3737463732950049, Reg 0.43732110698238696
09-Aug-26 08:28:18 - Epoch 70: Train_acc 0.7745098039215687 Val_acc 0.6274509803921569 Test_acc 0.5759162303664922 Test_auc 0.594945054945055
09-Aug-26 08:29:17 - Epoch 71, Model Loss 4.765476638195562, View Loss 0.700178386728748, Reg 0.49604374520918904
09-Aug-26 08:30:16 - Epoch 72, Model Loss 4.900358793782253, View Loss 2.2267765765096628, Reg 0.44179967201613135
09-Aug-26 08:31:14 - Epoch 73, Model Loss 5.0487599700104955, View Loss 2.3666781498715768, Reg 0.411163466623406
09-Aug-26 08:32:13 - Epoch 74, Model Loss 5.118152715022267, View Loss 1.9711579622006883, Reg 0.4385092470770568
09-Aug-26 08:33:11 - Epoch 75, Model Loss 4.395945862227795, View Loss 1.6977508882291956, Reg 0.4483058140947928
09-Aug-26 08:33:15 - Epoch 75: Train_acc 0.8022875816993464 Val_acc 0.5947712418300654 Test_acc 0.6073298429319371 Test_auc 0.6535164835164835
09-Aug-26 08:34:13 - Epoch 76, Model Loss 1.200343697678809, View Loss 1.7496326250188492, Reg 0.43901734472879395
09-Aug-26 08:35:12 - Epoch 77, Model Loss 1.1255695962048824, View Loss 1.8756774204229218, Reg 0.4501390464944777
09-Aug-26 08:36:10 - Epoch 78, Model Loss 1.0434902684361327, View Loss 2.0332407818900213, Reg 0.43996333218867484
09-Aug-26 08:37:09 - Epoch 79, Model Loss 0.9092210028685775, View Loss 2.412786038872463, Reg 0.4323480955136368
09-Aug-26 08:38:08 - Epoch 80, Model Loss 0.8610695701798582, View Loss 2.5339662943011017, Reg 0.450619628226835
09-Aug-26 08:38:13 - Epoch 80: Train_acc 0.75 Val_acc 0.5947712418300654 Test_acc 0.6230366492146597 Test_auc 0.6734065934065934
09-Aug-26 08:39:12 - Epoch 81, Model Loss 0.8841781655168222, View Loss 2.6701457399168826, Reg 0.45513372288809884
09-Aug-26 08:40:10 - Epoch 82, Model Loss 0.8176149682087057, View Loss 2.7445485171149757, Reg 0.4316956833297131
09-Aug-26 08:41:09 - Epoch 83, Model Loss 0.8511189960332868, View Loss 2.796356952268314, Reg 0.41664451964540417
09-Aug-26 08:42:07 - Epoch 84, Model Loss 0.7985035704107943, View Loss 2.8232098155551486, Reg 0.43028783155422584
09-Aug-26 08:43:06 - Epoch 85, Model Loss 0.8092536500904685, View Loss 2.8386239210764566, Reg 0.4455944249053407
09-Aug-26 08:43:12 - Epoch 85: Train_acc 0.7483660130718954 Val_acc 0.6143790849673203 Test_acc 0.6073298429319371 Test_auc 0.6741758241758241
09-Aug-26 08:44:11 - Epoch 86, Model Loss 0.7827162522627832, View Loss 2.848363781287, Reg 0.4421749177321889
09-Aug-26 08:45:09 - Epoch 87, Model Loss 0.7716543982718506, View Loss 2.8702615803363276, Reg 0.429268752437791
09-Aug-26 08:46:08 - Epoch 88, Model Loss 0.7696406457548827, View Loss 2.8820610841115317, Reg 0.4270694832396663
09-Aug-26 08:47:06 - Epoch 89, Model Loss 0.7559799658122406, View Loss 2.884545117421867, Reg 0.4327517642694361
09-Aug-26 08:48:05 - Epoch 90, Model Loss 0.7505548413282905, View Loss 2.8785704350938985, Reg 0.43390867464682636
09-Aug-26 08:48:09 - Epoch 90: Train_acc 0.8137254901960784 Val_acc 0.6274509803921569 Test_acc 0.6282722513089005 Test_auc 0.6428571428571428
09-Aug-26 08:49:07 - Epoch 91, Model Loss 0.7491026143817341, View Loss 2.854060874265783, Reg 0.42846909048510534
09-Aug-26 08:50:05 - Epoch 92, Model Loss 0.7199286970924708, View Loss 2.8502913581000433, Reg 0.4285925174850264
09-Aug-26 08:51:04 - Epoch 93, Model Loss 0.730711863516203, View Loss 2.80113699389439, Reg 0.43208130083832086
09-Aug-26 08:52:02 - Epoch 94, Model Loss 0.7228020614658306, View Loss 2.728074750869103, Reg 0.4323182569609748
09-Aug-26 08:53:00 - Epoch 95, Model Loss 0.7198095876309607, View Loss 2.6014310807184455, Reg 0.43048594414798264
09-Aug-26 08:53:07 - Epoch 95: Train_acc 0.7549019607843137 Val_acc 0.5816993464052288 Test_acc 0.612565445026178 Test_auc 0.6182417582417583
09-Aug-26 08:54:05 - Epoch 96, Model Loss 0.7232904564224037, View Loss 2.3876964975805843, Reg 0.43070361816805175
09-Aug-26 08:55:03 - Epoch 97, Model Loss 0.7419456553225424, View Loss 2.017584049623776, Reg 0.4365284994147182
09-Aug-26 08:56:02 - Epoch 98, Model Loss 0.7138040115435919, View Loss 1.4956743101668513, Reg 0.43932774721407425
09-Aug-26 08:57:00 - Epoch 99, Model Loss 0.6969496014655805, View Loss 0.8083517964369331, Reg 0.4376553000967487
09-Aug-26 08:57:58 - Epoch 100, Model Loss 0.7107215708279921, View Loss 0.04299046868592306, Reg 0.43396437323950476
09-Aug-26 08:58:06 - Epoch 100: Train_acc 0.7434640522875817 Val_acc 0.5816993464052288 Test_acc 0.5706806282722513 Test_auc 0.5997802197802197
09-Aug-26 08:59:04 - Epoch 101, Model Loss 0.7060507467759201, View Loss -0.5768279616349663, Reg 0.42731004213196
09-Aug-26 09:00:02 - Epoch 102, Model Loss 0.6879038993829216, View Loss -1.0105242588940788, Reg 0.4202064061476514
09-Aug-26 09:01:00 - Epoch 103, Model Loss 0.7135037145291279, View Loss -1.2684975262560876, Reg 0.4127542869327894
09-Aug-26 09:01:58 - Epoch 104, Model Loss 0.6949036525550232, View Loss -1.4188134062523936, Reg 0.4095589740603578
09-Aug-26 09:02:56 - Epoch 105, Model Loss 0.6987363072781781, View Loss -1.4948543380288517, Reg 0.40878119889427633
09-Aug-26 09:03:06 - Epoch 105: Train_acc 0.7598039215686274 Val_acc 0.5620915032679739 Test_acc 0.5706806282722513 Test_auc 0.5993406593406594
09-Aug-26 09:04:04 - Epoch 106, Model Loss 0.687988842234892, View Loss -1.5328060895009759, Reg 0.4069607655207316
09-Aug-26 09:05:02 - Epoch 107, Model Loss 0.7044761716540343, View Loss -1.5477575694813448, Reg 0.40527930719400546
09-Aug-26 09:05:59 - Epoch 108, Model Loss 0.6966807339705673, View Loss -1.5557329623527776, Reg 0.4064495960871379
09-Aug-26 09:06:57 - Epoch 109, Model Loss 0.7027390416151558, View Loss -1.5695546109691945, Reg 0.4039050116648082
09-Aug-26 09:07:54 - Epoch 110, Model Loss 0.7079795957877745, View Loss -1.564706342672211, Reg 0.4049403591483247
09-Aug-26 09:08:02 - Epoch 110: Train_acc 0.7647058823529411 Val_acc 0.5620915032679739 Test_acc 0.5759162303664922 Test_auc 0.6036263736263736
09-Aug-26 09:08:59 - Epoch 111, Model Loss 0.7016720226874539, View Loss -1.5559885455112832, Reg 0.40463299143548104
09-Aug-26 09:09:57 - Epoch 112, Model Loss 0.6842004483431773, View Loss -1.5532570570902107, Reg 0.40178998194488824
09-Aug-26 09:10:54 - Epoch 113, Model Loss 0.7041807245779661, View Loss -1.5520729426465003, Reg 0.4064068726075241
09-Aug-26 09:11:52 - Epoch 114, Model Loss 0.6845844900296405, View Loss -1.5524900567297841, Reg 0.4031774210774042
09-Aug-26 09:12:49 - Epoch 115, Model Loss 0.7027815960201562, View Loss -1.551587885501338, Reg 0.4022384200220794
09-Aug-26 09:13:01 - Epoch 115: Train_acc 0.7598039215686274 Val_acc 0.5620915032679739 Test_acc 0.581151832460733 Test_auc 0.6078021978021979
09-Aug-26 09:13:58 - Epoch 116, Model Loss 0.6922451810899124, View Loss -1.5488881114261601, Reg 0.4064512297608494
09-Aug-26 09:14:54 - Epoch 117, Model Loss 0.6828661319477106, View Loss -1.5577102330775043, Reg 0.40225961551167605
09-Aug-26 09:15:51 - Epoch 118, Model Loss 0.7014898108501061, View Loss -1.5502445588704028, Reg 0.4026367576683269
09-Aug-26 09:16:48 - Epoch 119, Model Loss 0.6890761503596711, View Loss -1.545858506283729, Reg 0.4049915905092277
09-Aug-26 09:17:45 - Epoch 120, Model Loss 0.6896354737235051, View Loss -1.5430875276428422, Reg 0.40443624702154424
09-Aug-26 09:17:54 - Epoch 120: Train_acc 0.696078431372549 Val_acc 0.5686274509803921 Test_acc 0.612565445026178 Test_auc 0.6539560439560439
09-Aug-26 09:18:50 - Epoch 121, Model Loss 0.6833006902263056, View Loss -1.5489352123410094, Reg 0.4030996545467501
09-Aug-26 09:19:47 - Epoch 122, Model Loss 0.6929961453660641, View Loss -1.5505964724846135, Reg 0.4022348172524396
09-Aug-26 09:20:44 - Epoch 123, Model Loss 0.6900455972143248, View Loss -1.5392695735482609, Reg 0.4067099546295366
09-Aug-26 09:21:41 - Epoch 124, Model Loss 0.6894647825777142, View Loss -1.5423579153671763, Reg 0.40821438190204645
09-Aug-26 09:22:37 - Epoch 125, Model Loss 0.6905143283843215, View Loss -1.5462762281006457, Reg 0.40385009260738597
09-Aug-26 09:22:45 - Epoch 125: Train_acc 0.7026143790849673 Val_acc 0.5686274509803921 Test_acc 0.612565445026178 Test_auc 0.6551648351648351
09-Aug-26 09:23:41 - Epoch 126, Model Loss 0.6870468334824431, View Loss -1.5434371739431145, Reg 0.40308166329377615
09-Aug-26 09:24:38 - Epoch 127, Model Loss 0.6961021011366564, View Loss -1.5368812878926594, Reg 0.4075975595346463
09-Aug-26 09:25:34 - Epoch 128, Model Loss 0.6946841356606265, View Loss -1.5351725995930192, Reg 0.4080750083222109
09-Aug-26 09:26:31 - Epoch 129, Model Loss 0.7216521402200063, View Loss -1.531073375465044, Reg 0.4083747739106222
09-Aug-26 09:27:28 - Epoch 130, Model Loss 0.7177600330776639, View Loss -1.5327974409838907, Reg 0.4098247046174567
09-Aug-26 09:27:35 - Epoch 130: Train_acc 0.6993464052287581 Val_acc 0.5751633986928104 Test_acc 0.612565445026178 Test_auc 0.6563736263736264
09-Aug-26 09:28:31 - Epoch 131, Model Loss 0.7267988236511455, View Loss -1.5309381126578336, Reg 0.414885966411603
09-Aug-26 09:29:28 - Epoch 132, Model Loss 0.7271852659828523, View Loss -1.5317236426609013, Reg 0.4168957360819274
09-Aug-26 09:30:24 - Epoch 133, Model Loss 0.7322818510526535, View Loss -1.5274346763012456, Reg 0.41614438856349273
09-Aug-26 09:31:21 - Epoch 134, Model Loss 0.7661293856677861, View Loss -1.5258355062771467, Reg 0.4263865369207719
09-Aug-26 09:32:17 - Epoch 135, Model Loss 0.7806699848703407, View Loss -1.5276384010813595, Reg 0.42982567603292027
09-Aug-26 09:32:24 - Epoch 135: Train_acc 0.8464052287581699 Val_acc 0.5359477124183006 Test_acc 0.5392670157068062 Test_auc 0.5520879120879121
09-Aug-26 09:33:20 - Epoch 136, Model Loss 0.8013677458991023, View Loss -1.5313589417077358, Reg 0.43223737209450963
09-Aug-26 09:34:17 - Epoch 137, Model Loss 0.8648268669308011, View Loss -1.5338214316399268, Reg 0.4534354860486548
09-Aug-26 09:35:13 - Epoch 138, Model Loss 0.9090814874842276, View Loss -1.5546639682420718, Reg 0.4630213208447874
09-Aug-26 09:36:10 - Epoch 139, Model Loss 0.9319125965140225, View Loss -1.5417139841840157, Reg 0.46154093060618134
09-Aug-26 09:37:06 - Epoch 140, Model Loss 1.0186662584348443, View Loss -1.5514274890126745, Reg 0.48964693557982353
09-Aug-26 09:37:13 - Epoch 140: Train_acc 0.869281045751634 Val_acc 0.5816993464052288 Test_acc 0.518324607329843 Test_auc 0.5452747252747252
09-Aug-26 09:38:09 - Epoch 141, Model Loss 1.0041535705133202, View Loss -1.556318909514184, Reg 0.48431802847806144
09-Aug-26 09:39:06 - Epoch 142, Model Loss 1.0461922747149965, View Loss -1.5569615831562118, Reg 0.4867232040642134
09-Aug-26 09:40:02 - Epoch 143, Model Loss 0.948877857231042, View Loss -1.5606606536441379, Reg 0.4804634884292004
09-Aug-26 09:40:59 - Epoch 144, Model Loss 0.8839575522427076, View Loss -1.5689650298723208, Reg 0.45563369638779583
09-Aug-26 09:41:55 - Epoch 145, Model Loss 0.8412808557710568, View Loss -1.5575801500307969, Reg 0.45548878795181225
09-Aug-26 09:42:01 - Epoch 145: Train_acc 0.7728758169934641 Val_acc 0.5882352941176471 Test_acc 0.581151832460733 Test_auc 0.6187912087912087
09-Aug-26 09:42:58 - Epoch 146, Model Loss 0.7725509705107196, View Loss -1.5545039613262501, Reg 0.43721302759413627
09-Aug-26 09:43:54 - Epoch 147, Model Loss 0.7481477970099137, View Loss -1.543631016039381, Reg 0.4235653834405288
09-Aug-26 09:44:51 - Epoch 148, Model Loss 0.7151725377911836, View Loss -1.551016581603904, Reg 0.42405958386028514
09-Aug-26 09:45:47 - Epoch 149, Model Loss 0.6990213162369199, View Loss -1.531177014307259, Reg 0.41570299844336667
09-Aug-26 09:46:44 - Epoch 150, Model Loss 0.6893944364357618, View Loss -1.5341703315186346, Reg 0.41543017824490863
09-Aug-26 09:46:52 - Epoch 150: Train_acc 0.8562091503267973 Val_acc 0.5555555555555556 Test_acc 0.5392670157068062 Test_auc 0.5532967032967033
09-Aug-26 09:47:48 - Epoch 151, Model Loss 0.6850675397059497, View Loss -1.5294951675764097, Reg 0.417363160770703
09-Aug-26 09:48:45 - Epoch 152, Model Loss 0.6828866483144511, View Loss -1.534062024035485, Reg 0.41582945554085027
09-Aug-26 09:49:41 - Epoch 153, Model Loss 0.6592740384387035, View Loss -1.5375627676645915, Reg 0.4152500286600948
09-Aug-26 09:50:38 - Epoch 154, Model Loss 0.6566388628451653, View Loss -1.538711197236005, Reg 0.4151070649717368
09-Aug-26 09:51:35 - Epoch 155, Model Loss 0.6713231905223498, View Loss -1.5342743318844465, Reg 0.4147152499435774
09-Aug-26 09:51:42 - Epoch 155: Train_acc 0.8839869281045751 Val_acc 0.5816993464052288 Test_acc 0.5130890052356021 Test_auc 0.5345054945054944
09-Aug-26 09:52:39 - Epoch 156, Model Loss 0.6563185763125327, View Loss -1.5394660849976385, Reg 0.414535588883107
09-Aug-26 09:53:36 - Epoch 157, Model Loss 0.6464491946245331, View Loss -1.5362527417201621, Reg 0.4132913709465974
09-Aug-26 09:54:32 - Epoch 158, Model Loss 0.6465365308172563, View Loss -1.533612827849544, Reg 0.41116518756143405
09-Aug-26 09:55:29 - Epoch 159, Model Loss 0.6550581237069921, View Loss -1.537727248434927, Reg 0.41098735807767883
09-Aug-26 09:56:26 - Epoch 160, Model Loss 0.6605097201524996, View Loss -1.5405908924302245, Reg 0.41059082610155245
09-Aug-26 09:56:36 - Epoch 160: Train_acc 0.8071895424836601 Val_acc 0.5620915032679739 Test_acc 0.5287958115183246 Test_auc 0.570879120879121
09-Aug-26 09:57:33 - Epoch 161, Model Loss 0.6463030278682709, View Loss -1.5418980744929096, Reg 0.41101059181238314
09-Aug-26 09:58:30 - Epoch 162, Model Loss 0.6505512877617007, View Loss -1.537984640769709, Reg 0.40848563582289454
09-Aug-26 09:59:26 - Epoch 163, Model Loss 0.6393581904422224, View Loss -1.5351545639287412, Reg 0.40681340413935047
09-Aug-26 10:00:23 - Epoch 164, Model Loss 0.6366057795247221, View Loss -1.5408319632212322, Reg 0.4082290534100501
09-Aug-26 10:01:19 - Epoch 165, Model Loss 0.6344976067737816, View Loss -1.5419866727068534, Reg 0.40885108397677056
09-Aug-26 10:01:25 - Epoch 165: Train_acc 0.7058823529411765 Val_acc 0.5686274509803921 Test_acc 0.6230366492146597 Test_auc 0.6574725274725276
09-Aug-26 10:02:21 - Epoch 166, Model Loss 0.6428008552859811, View Loss -1.5361100723540861, Reg 0.40591934927148754
09-Aug-26 10:03:18 - Epoch 167, Model Loss 0.6554079550543642, View Loss -1.539694678549673, Reg 0.4039854621575549
09-Aug-26 10:04:15 - Epoch 168, Model Loss 0.6455515402010064, View Loss -1.5389495441337038, Reg 0.4069400842672859
09-Aug-26 10:05:11 - Epoch 169, Model Loss 0.6320278251093198, View Loss -1.537112893621906, Reg 0.4051525263614904
09-Aug-26 10:06:08 - Epoch 170, Model Loss 0.634244764162824, View Loss -1.5386409899767708, Reg 0.40224075999135284
09-Aug-26 10:06:16 - Epoch 170: Train_acc 0.704248366013072 Val_acc 0.5751633986928104 Test_acc 0.6230366492146597 Test_auc 0.655934065934066
09-Aug-26 10:07:12 - Epoch 171, Model Loss 0.6397790294262319, View Loss -1.5328752729627821, Reg 0.40193091517959545
09-Aug-26 10:08:09 - Epoch 172, Model Loss 0.6362855664265701, View Loss -1.532542724235385, Reg 0.40387485015626046
09-Aug-26 10:09:06 - Epoch 173, Model Loss 0.6317662295757556, View Loss -1.5264160617504245, Reg 0.4042215970606586
09-Aug-26 10:10:02 - Epoch 174, Model Loss 0.6293509892778459, View Loss -1.53099071745779, Reg 0.4015299631100075
09-Aug-26 10:10:59 - Epoch 175, Model Loss 0.6379830476894878, View Loss -1.5280072050156936, Reg 0.40053244217548495
09-Aug-26 10:11:07 - Epoch 175: Train_acc 0.7712418300653595 Val_acc 0.5947712418300654 Test_acc 0.5968586387434555 Test_auc 0.6241758241758243
09-Aug-26 10:12:03 - Epoch 176, Model Loss 0.6282860993170271, View Loss -1.5403588425879384, Reg 0.4019104626054078
09-Aug-26 10:13:00 - Epoch 177, Model Loss 0.6206455939735462, View Loss -1.5294274270924089, Reg 0.40231422758569907
09-Aug-26 10:13:57 - Epoch 178, Model Loss 0.6278113200773601, View Loss -1.5301220837761373, Reg 0.4012449292186039
09-Aug-26 10:14:53 - Epoch 179, Model Loss 0.6330684752635707, View Loss -1.5320560480254928, Reg 0.40080148682874794
09-Aug-26 10:15:50 - Epoch 180, Model Loss 0.6183572349205516, View Loss -1.533468989764943, Reg 0.4007078792924195
09-Aug-26 10:15:58 - Epoch 180: Train_acc 0.761437908496732 Val_acc 0.6013071895424836 Test_acc 0.5916230366492147 Test_auc 0.6235164835164835
09-Aug-26 10:16:55 - Epoch 181, Model Loss 0.6287733922207278, View Loss -1.5285492629007575, Reg 0.4011358614840539
09-Aug-26 10:17:51 - Epoch 182, Model Loss 0.6348786190444348, View Loss -1.5270055509081073, Reg 0.40016112861290476
09-Aug-26 10:18:48 - Epoch 183, Model Loss 0.6330015887232388, View Loss -1.5236824088626437, Reg 0.39902261678689444
09-Aug-26 10:19:45 - Epoch 184, Model Loss 0.620239125455127, View Loss -1.525330401713552, Reg 0.4007175668002733
09-Aug-26 10:20:41 - Epoch 185, Model Loss 0.6247740826186012, View Loss -1.528559017804713, Reg 0.4019089839816873
09-Aug-26 10:20:52 - Epoch 185: Train_acc 0.7663398692810458 Val_acc 0.6078431372549019 Test_acc 0.5916230366492147 Test_auc 0.6235164835164835
09-Aug-26 10:21:49 - Epoch 186, Model Loss 0.6284924572199778, View Loss -1.533356834860409, Reg 0.3999548121994617
09-Aug-26 10:22:46 - Epoch 187, Model Loss 0.6225648090925092, View Loss -1.5245201727923225, Reg 0.397532391587114
09-Aug-26 10:23:42 - Epoch 188, Model Loss 0.6277138325903151, View Loss -1.520913384319131, Reg 0.3998382206446205
09-Aug-26 10:24:39 - Epoch 189, Model Loss 0.6242221218892952, View Loss -1.5391297792297562, Reg 0.40115609297565386
09-Aug-26 10:25:36 - Epoch 190, Model Loss 0.6147484118058011, View Loss -1.53433873450834, Reg 0.3986198557358162
09-Aug-26 10:25:47 - Epoch 190: Train_acc 0.8496732026143791 Val_acc 0.6013071895424836 Test_acc 0.5497382198952879 Test_auc 0.5640659340659341
09-Aug-26 10:26:44 - Epoch 191, Model Loss 0.6246574400297178, View Loss -1.5284918149312336, Reg 0.39839352793942867
09-Aug-26 10:27:40 - Epoch 192, Model Loss 0.6230925089783139, View Loss -1.536285048216776, Reg 0.3996434957762949
09-Aug-26 10:28:37 - Epoch 193, Model Loss 0.6174876803860945, View Loss -1.5550862963682686, Reg 0.39900411207691516
09-Aug-26 10:29:34 - Epoch 194, Model Loss 0.6181980702612135, View Loss -1.5495305201586556, Reg 0.3993396737606697
09-Aug-26 10:30:31 - Epoch 195, Model Loss 0.6235912566870646, View Loss -1.537749619265787, Reg 0.40413735505023035
09-Aug-26 10:30:38 - Epoch 195: Train_acc 0.7026143790849673 Val_acc 0.5751633986928104 Test_acc 0.6230366492146597 Test_auc 0.6598901098901099
09-Aug-26 10:31:35 - Epoch 196, Model Loss 0.6170302040241902, View Loss -1.5464276955797782, Reg 0.4009050491198995
09-Aug-26 10:32:31 - Epoch 197, Model Loss 0.6253425708783218, View Loss -1.550929413901435, Reg 0.39631203167578755
09-Aug-26 10:33:28 - Epoch 198, Model Loss 0.622596508732029, View Loss -1.5519898078020882, Reg 0.3987352082542345
09-Aug-26 10:34:25 - Epoch 199, Model Loss 0.6191767294422473, View Loss -1.5374804618311864, Reg 0.3986811178182465
09-Aug-26 10:35:21 - Epoch 200, Model Loss 0.6263852357085234, View Loss -1.5289015458300224, Reg 0.39755969538408165
09-Aug-26 10:35:30 - Epoch 200: Train_acc 0.7647058823529411 Val_acc 0.6013071895424836 Test_acc 0.5968586387434555 Test_auc 0.6259340659340659
09-Aug-26 10:36:26 - Epoch 201, Model Loss 0.6255743227947771, View Loss -1.5280306588590535, Reg 0.4012341711645812
09-Aug-26 10:37:23 - Epoch 202, Model Loss 0.6230653884753682, View Loss -1.5320384704988765, Reg 0.4008921836715898
09-Aug-26 10:38:19 - Epoch 203, Model Loss 0.6170523234831742, View Loss -1.5366413702372632, Reg 0.39960045245737813
09-Aug-26 10:39:16 - Epoch 204, Model Loss 0.6170608640885821, View Loss -1.5263120271022024, Reg 0.3987693412631166
09-Aug-26 10:40:12 - Epoch 205, Model Loss 0.6210842070236705, View Loss -1.532178986306284, Reg 0.3976302479996401
09-Aug-26 10:40:21 - Epoch 205: Train_acc 0.7009803921568627 Val_acc 0.5751633986928104 Test_acc 0.6282722513089005 Test_auc 0.6613186813186813
09-Aug-26 10:41:17 - Epoch 206, Model Loss 0.6172962833463757, View Loss -1.529224769741881, Reg 0.39939358109742207
09-Aug-26 10:42:14 - Epoch 207, Model Loss 0.6211989557041842, View Loss -1.5271874923332065, Reg 0.401594632396511
09-Aug-26 10:43:11 - Epoch 208, Model Loss 0.6241470633768568, View Loss -1.5301242139604356, Reg 0.4009776653028002
09-Aug-26 10:44:07 - Epoch 209, Model Loss 0.616128145284902, View Loss -1.5354942901461732, Reg 0.398598313331604
09-Aug-26 10:45:04 - Epoch 210, Model Loss 0.6174584640786539, View Loss -1.5374545599120895, Reg 0.40086506901223673
09-Aug-26 10:45:12 - Epoch 210: Train_acc 0.7009803921568627 Val_acc 0.5751633986928104 Test_acc 0.6335078534031413 Test_auc 0.6591208791208791
09-Aug-26 10:46:08 - Epoch 211, Model Loss 0.6090029508265016, View Loss -1.530544084661147, Reg 0.3990929428658454
09-Aug-26 10:47:05 - Epoch 212, Model Loss 0.6158933043479919, View Loss -1.5297880983041003, Reg 0.3979585585640926
09-Aug-26 10:48:02 - Epoch 213, Model Loss 0.6136820555901995, View Loss -1.5374978134055544, Reg 0.40172779501653183
09-Aug-26 10:48:59 - Epoch 214, Model Loss 0.6151704088924757, View Loss -1.5262441058564031, Reg 0.4021068969193627
09-Aug-26 10:49:55 - Epoch 215, Model Loss 0.6225707221264932, View Loss -1.5433584521798527, Reg 0.39904288645663294
09-Aug-26 10:50:04 - Epoch 215: Train_acc 0.7009803921568627 Val_acc 0.5816993464052288 Test_acc 0.6387434554973822 Test_auc 0.6581318681318682
09-Aug-26 10:51:01 - Epoch 216, Model Loss 0.6128455349822449, View Loss -1.5322429697497997, Reg 0.4003974497318268
09-Aug-26 10:51:57 - Epoch 217, Model Loss 0.6061516242479187, View Loss -1.5265759393280627, Reg 0.39907150662023255
09-Aug-26 10:52:54 - Epoch 218, Model Loss 0.6096384860331716, View Loss -1.5309289062724394, Reg 0.39802830865959715
09-Aug-26 10:53:51 - Epoch 219, Model Loss 0.6104647513308556, View Loss -1.5232259557138081, Reg 0.40037573864257414
09-Aug-26 10:54:47 - Epoch 220, Model Loss 0.6177142778642817, View Loss -1.5335027298896142, Reg 0.39934418735161326
09-Aug-26 10:54:57 - Epoch 220: Train_acc 0.704248366013072 Val_acc 0.5816993464052288 Test_acc 0.6335078534031413 Test_auc 0.6597802197802197
09-Aug-26 10:55:53 - Epoch 221, Model Loss 0.6006591477814842, View Loss -1.5263905883614535, Reg 0.3983733079402275
09-Aug-26 10:56:50 - Epoch 222, Model Loss 0.6060077902538324, View Loss -1.5288741152270946, Reg 0.39996756759344365
09-Aug-26 10:57:46 - Epoch 223, Model Loss 0.612057022214715, View Loss -1.5298850442848952, Reg 0.3996409249851127
09-Aug-26 10:58:43 - Epoch 224, Model Loss 0.6065241620431538, View Loss -1.528668763590794, Reg 0.39758677225486905
09-Aug-26 10:59:39 - Epoch 225, Model Loss 0.6041563782427046, View Loss -1.5319028477263605, Reg 0.3998659288181978
09-Aug-26 10:59:50 - Epoch 225: Train_acc 0.6977124183006536 Val_acc 0.5751633986928104 Test_acc 0.6230366492146597 Test_auc 0.6583516483516483
09-Aug-26 11:00:46 - Epoch 226, Model Loss 0.6080380149331748, View Loss -1.5429773019030204, Reg 0.39930717306199415
09-Aug-26 11:01:43 - Epoch 227, Model Loss 0.6028928059378481, View Loss -1.5485274589139653, Reg 0.39827367098502864
09-Aug-26 11:02:39 - Epoch 228, Model Loss 0.6005241391705531, View Loss -1.5590433934155632, Reg 0.4013575112897586
09-Aug-26 11:03:36 - Epoch 229, Model Loss 0.6013481211818121, View Loss -1.542359847648471, Reg 0.40261905586797425
09-Aug-26 11:04:33 - Epoch 230, Model Loss 0.6021258700517268, View Loss -1.547397942324869, Reg 0.398348651290719
09-Aug-26 11:04:43 - Epoch 230: Train_acc 0.6993464052287581 Val_acc 0.5751633986928104 Test_acc 0.6335078534031413 Test_auc 0.6585714285714286
09-Aug-26 11:05:40 - Epoch 231, Model Loss 0.6045030190858965, View Loss -1.550818490047081, Reg 0.3989148336687898
09-Aug-26 11:06:36 - Epoch 232, Model Loss 0.6015964203021106, View Loss -1.5620305179770475, Reg 0.39744102604248943
09-Aug-26 11:07:33 - Epoch 233, Model Loss 0.588888434510605, View Loss -1.5588595976237378, Reg 0.39472384254137677
09-Aug-26 11:08:30 - Epoch 234, Model Loss 0.5966205160602246, View Loss -1.550880703271604, Reg 0.397668524894839
09-Aug-26 11:09:26 - Epoch 235, Model Loss 0.6009532189836689, View Loss -1.5495411071902008, Reg 0.39783914104785795
09-Aug-26 11:09:35 - Epoch 235: Train_acc 0.8447712418300654 Val_acc 0.5751633986928104 Test_acc 0.5602094240837696 Test_auc 0.5687912087912088
09-Aug-26 11:10:31 - Epoch 236, Model Loss 0.5882572810244716, View Loss -1.5462960682663263, Reg 0.3985108861736223
09-Aug-26 11:11:28 - Epoch 237, Model Loss 0.5944578337903116, View Loss -1.5327980907913905, Reg 0.4012679796592862
09-Aug-26 11:12:24 - Epoch 238, Model Loss 0.5913989183559917, View Loss -1.5309208608141132, Reg 0.3967714481104433
09-Aug-26 11:13:21 - Epoch 239, Model Loss 0.5883243999450035, View Loss -1.5288093401715646, Reg 0.3950841925502603
09-Aug-26 11:14:17 - Epoch 240, Model Loss 0.5922147016120113, View Loss -1.5256043555689793, Reg 0.39947060315437566
09-Aug-26 11:14:28 - Epoch 240: Train_acc 0.8676470588235294 Val_acc 0.5424836601307189 Test_acc 0.5549738219895288 Test_auc 0.567032967032967
09-Aug-26 11:15:25 - Epoch 241, Model Loss 0.600324376735812, View Loss -1.5249363487842036, Reg 0.3967304034949907
09-Aug-26 11:16:21 - Epoch 242, Model Loss 0.5903363938814674, View Loss -1.529960990731233, Reg 0.39567624295459075
09-Aug-26 11:17:18 - Epoch 243, Model Loss 0.5933002295836903, View Loss -1.5417656134935767, Reg 0.40041002027349537
09-Aug-26 11:18:15 - Epoch 244, Model Loss 0.5884540317689672, View Loss -1.5477982969845043, Reg 0.397131837076611
09-Aug-26 11:19:11 - Epoch 245, Model Loss 0.5965190705131082, View Loss -1.54180116902769, Reg 0.39271822571754456
09-Aug-26 11:19:19 - Epoch 245: Train_acc 0.7679738562091504 Val_acc 0.5947712418300654 Test_acc 0.5916230366492147 Test_auc 0.6269230769230769
09-Aug-26 11:20:15 - Epoch 246, Model Loss 0.5892433220264959, View Loss -1.5411410939459707, Reg 0.39775226864160274
09-Aug-26 11:21:12 - Epoch 247, Model Loss 0.5864509225281236, View Loss -1.5325812576643003, Reg 0.39820824261584314
09-Aug-26 11:22:09 - Epoch 248, Model Loss 0.5878395241459989, View Loss -1.536372406030792, Reg 0.39743930023480084
09-Aug-26 11:23:05 - Epoch 249, Model Loss 0.5884594767311819, View Loss -1.5317600646050147, Reg 0.39809008673125623
09-Aug-26 11:24:02 - Epoch 250, Model Loss 0.5957160976782344, View Loss -1.5338611306707843, Reg 0.3955529501625136
09-Aug-26 11:24:15 - Epoch 250: Train_acc 0.7663398692810458 Val_acc 0.5686274509803921 Test_acc 0.5968586387434555 Test_auc 0.6252747252747253
09-Aug-26 11:25:11 - Epoch 251, Model Loss 0.5897399884423399, View Loss -1.5405675928577098, Reg 0.39779731475449853
09-Aug-26 11:26:08 - Epoch 252, Model Loss 0.5931494664522557, View Loss -1.5327971184175777, Reg 0.3979285906732472
09-Aug-26 11:27:05 - Epoch 253, Model Loss 0.5876279342797847, View Loss -1.5273816211550844, Reg 0.39595410714741625
09-Aug-26 11:28:02 - Epoch 254, Model Loss 0.5863831906147252, View Loss -1.5345092069089803, Reg 0.39543549258724536
09-Aug-26 11:28:58 - Epoch 255, Model Loss 0.5807530088167564, View Loss -1.531560219970404, Reg 0.3945808761260089
09-Aug-26 11:29:06 - Epoch 255: Train_acc 0.6977124183006536 Val_acc 0.5751633986928104 Test_acc 0.6178010471204188 Test_auc 0.6582417582417582
09-Aug-26 11:30:03 - Epoch 256, Model Loss 0.5876378204697877, View Loss -1.526407042359994, Reg 0.39654122594914404
09-Aug-26 11:31:00 - Epoch 257, Model Loss 0.5836580966422761, View Loss -1.530946175257365, Reg 0.39489952840057074
09-Aug-26 11:31:56 - Epoch 258, Model Loss 0.5898385510530347, View Loss -1.531147419237623, Reg 0.3948211767315085
09-Aug-26 11:32:53 - Epoch 259, Model Loss 0.589010250237253, View Loss -1.5314111834258035, Reg 0.39622554650493697
09-Aug-26 11:33:50 - Epoch 260, Model Loss 0.5850611543343738, View Loss -1.527083906472898, Reg 0.3960992999715743
09-Aug-26 11:34:00 - Epoch 260: Train_acc 0.8545751633986928 Val_acc 0.5359477124183006 Test_acc 0.5654450261780105 Test_auc 0.5848351648351648
09-Aug-26 11:34:56 - Epoch 261, Model Loss 0.5885584400175443, View Loss -1.5269400574802574, Reg 0.3956407534530739
09-Aug-26 11:35:53 - Epoch 262, Model Loss 0.5824631388280906, View Loss -1.5256084585501477, Reg 0.3960048819289488
09-Aug-26 11:36:50 - Epoch 263, Model Loss 0.5830120826079175, View Loss -1.5235027051439471, Reg 0.3948866130869373
09-Aug-26 11:37:47 - Epoch 264, Model Loss 0.5849888844817293, View Loss -1.5244325578602311, Reg 0.3940797099490571
09-Aug-26 11:38:44 - Epoch 265, Model Loss 0.5848418116764306, View Loss -1.536690364476123, Reg 0.39716093894702936
09-Aug-26 11:38:53 - Epoch 265: Train_acc 0.7663398692810458 Val_acc 0.5620915032679739 Test_acc 0.6020942408376964 Test_auc 0.6298901098901099
09-Aug-26 11:39:49 - Epoch 266, Model Loss 0.5838074693882388, View Loss -1.524486925087723, Reg 0.39539086507036797
09-Aug-26 11:40:46 - Epoch 267, Model Loss 0.5858069601791357, View Loss -1.529846531113768, Reg 0.3948895039122089
09-Aug-26 11:41:43 - Epoch 268, Model Loss 0.585227442917481, View Loss -1.5325140953063965, Reg 0.3961615449462841
09-Aug-26 11:42:40 - Epoch 269, Model Loss 0.5751093768216426, View Loss -1.5325694239996617, Reg 0.39363424392307506
09-Aug-26 11:43:36 - Epoch 270, Model Loss 0.5808115712567872, View Loss -1.5227088460735245, Reg 0.3946675225800159
09-Aug-26 11:43:46 - Epoch 270: Train_acc 0.7663398692810458 Val_acc 0.5555555555555556 Test_acc 0.5916230366492147 Test_auc 0.6264835164835165
09-Aug-26 11:44:43 - Epoch 271, Model Loss 0.5727388885091332, View Loss -1.5265514133802427, Reg 0.3950992035709955
09-Aug-26 11:45:40 - Epoch 272, Model Loss 0.5786790323802848, View Loss -1.523742072722491, Reg 0.39479856183326323
09-Aug-26 11:46:36 - Epoch 273, Model Loss 0.5768886614663928, View Loss -1.5280362188426497, Reg 0.3944469865630655
09-Aug-26 11:47:33 - Epoch 274, Model Loss 0.579523107584785, View Loss -1.528626376507329, Reg 0.39365702361063243
09-Aug-26 11:48:30 - Epoch 275, Model Loss 0.5783887768492979, View Loss -1.5320716808044832, Reg 0.3940807269289603
09-Aug-26 11:48:40 - Epoch 275: Train_acc 0.8594771241830066 Val_acc 0.5490196078431373 Test_acc 0.5602094240837696 Test_auc 0.5720879120879121
09-Aug-26 11:49:36 - Epoch 276, Model Loss 0.5708420984690485, View Loss -1.5291589116738513, Reg 0.39442216804604124
09-Aug-26 11:50:33 - Epoch 277, Model Loss 0.5826051971491646, View Loss -1.5262400371576446, Reg 0.39334164257922205
09-Aug-26 11:51:29 - Epoch 278, Model Loss 0.5734443763891856, View Loss -1.5261294389861861, Reg 0.3962808742242701
09-Aug-26 11:52:26 - Epoch 279, Model Loss 0.5703998917068531, View Loss -1.5326227783377653, Reg 0.3921739655772066
09-Aug-26 11:53:23 - Epoch 280, Model Loss 0.5701393325344409, View Loss -1.5329192900190167, Reg 0.39469793399954156
09-Aug-26 11:53:34 - Epoch 280: Train_acc 0.6911764705882353 Val_acc 0.5620915032679739 Test_acc 0.6335078534031413 Test_auc 0.6578021978021977
09-Aug-26 11:54:31 - Epoch 281, Model Loss 0.583665758760926, View Loss -1.5261856465557821, Reg 0.3942693855637818
09-Aug-26 11:55:27 - Epoch 282, Model Loss 0.5778632811666314, View Loss -1.5250084415759915, Reg 0.39361996004004884
09-Aug-26 11:56:24 - Epoch 283, Model Loss 0.5771311367648879, View Loss -1.5308415126177222, Reg 0.39559409100245807
09-Aug-26 11:57:20 - Epoch 284, Model Loss 0.5692157453181697, View Loss -1.536558663922977, Reg 0.39364265441115387
09-Aug-26 11:58:17 - Epoch 285, Model Loss 0.5795019573830311, View Loss -1.5345045616424162, Reg 0.3937438009611142
09-Aug-26 11:58:26 - Epoch 285: Train_acc 0.761437908496732 Val_acc 0.5555555555555556 Test_acc 0.5968586387434555 Test_auc 0.6257142857142857
09-Aug-26 11:59:23 - Epoch 286, Model Loss 0.5729830222192154, View Loss -1.5359495652267356, Reg 0.3948712888496374
09-Aug-26 12:00:19 - Epoch 287, Model Loss 0.5747084015724706, View Loss -1.5325206183140574, Reg 0.39181457274879505
09-Aug-26 12:01:16 - Epoch 288, Model Loss 0.5691805232584087, View Loss -1.537773813297546, Reg 0.39464592407731447
09-Aug-26 12:02:12 - Epoch 289, Model Loss 0.5776104240440855, View Loss -1.5468502480999318, Reg 0.3945649780479132
09-Aug-26 12:03:09 - Epoch 290, Model Loss 0.5704787394969292, View Loss -1.52663531802059, Reg 0.39303923042771083
09-Aug-26 12:03:18 - Epoch 290: Train_acc 0.7598039215686274 Val_acc 0.5620915032679739 Test_acc 0.5916230366492147 Test_auc 0.630989010989011
09-Aug-26 12:04:14 - Epoch 291, Model Loss 0.5759530162889194, View Loss -1.5272201276292987, Reg 0.3931545149656682
09-Aug-26 12:05:11 - Epoch 292, Model Loss 0.5775473476235383, View Loss -1.525650379704494, Reg 0.39374155624240054
09-Aug-26 12:06:08 - Epoch 293, Model Loss 0.5722571305589739, View Loss -1.5310911758273256, Reg 0.39454472435066124
09-Aug-26 12:07:04 - Epoch 294, Model Loss 0.5777982397406709, View Loss -1.5365087004268871, Reg 0.39360736846144684
09-Aug-26 12:08:01 - Epoch 295, Model Loss 0.5724621254439447, View Loss -1.5570349615383772, Reg 0.3933446272915485
09-Aug-26 12:08:12 - Epoch 295: Train_acc 0.761437908496732 Val_acc 0.5751633986928104 Test_acc 0.6020942408376964 Test_auc 0.6261538461538462
09-Aug-26 12:09:08 - Epoch 296, Model Loss 0.5721823022840848, View Loss -1.5454421713461284, Reg 0.39438118011343715
09-Aug-26 12:10:05 - Epoch 297, Model Loss 0.5713950810479183, View Loss -1.5504323688207888, Reg 0.3923587243930966
09-Aug-26 12:11:02 - Epoch 298, Model Loss 0.5770665036112654, View Loss -1.5409077242308973, Reg 0.3942306709834953
09-Aug-26 12:11:58 - Epoch 299, Model Loss 0.5646337586290696, View Loss -1.5248838031993193, Reg 0.3938761795657912
09-Aug-26 12:12:55 - Epoch 300, Model Loss 0.5776604367237465, View Loss -1.522889721627329, Reg 0.3923644756569582
09-Aug-26 12:13:01 - Epoch 300: Train_acc 0.6928104575163399 Val_acc 0.5686274509803921 Test_acc 0.6282722513089005 Test_auc 0.6594505494505495
09-Aug-26 12:13:01 - FinishedTraining! BestEpoch (eval-interval index): 3
09-Aug-26 12:13:01 - Wrote /users/3171356m/muhammad/GraSTIACL/nested_cv/results/nocombat__emb256_bs256__fold3.json
09-Aug-26 12:13:01 - {
  "emb_dim": 256,
  "batch_size": 256,
  "fold": 3,
  "combat": false,
  "n_train": 612,
  "n_val": 153,
  "n_test": 191,
  "best_val_epoch_idx": 3,
  "train_accuracy": 0.7418300653594772,
  "val_accuracy": 0.6339869281045751,
  "test_accuracy": 0.6230366492146597,
  "train_f1": 0.7247386759581882,
  "val_f1": 0.6056338028169014,
  "test_f1": 0.5764705882352941,
  "train_sensitivity": 0.7147766298461284,
  "val_sensitivity": 0.589041087821355,
  "test_sensitivity": 0.5384615325443788,
  "train_specificity": 0.7663551377995167,
  "val_specificity": 0.6749999915625001,
  "test_specificity": 0.699999993,
  "train_precision": 0.734982332155477,
  "val_precision": 0.6231884057971014,
  "test_precision": 0.620253164556962,
  "test_auc": 0.690989010989011,
  "fin_reg": 0.41076259013094935
}
