08-Aug-26 23:20:58 - Using Device: cuda
08-Aug-26 23:20:58 - Seed: 123, Fold: 3, ComBat: False
08-Aug-26 23:20:58 - Namespace(fold=3, combat=False, num_dyn_windows=3, model_lr=0.0005, view_lr=0.0005, num_gc_layers=2, pooling_type='standard', emb_dim=512, vib_hidden_dim=400, batch_size=128, drop_ratio=0.3, epochs=300, kld_lambda=0.003, reg_lambda=0.2, gamma_mode='paper_literal', node_feature_mode='alff_pcc', mij_source='alff_pcc', template=90, eval_interval=5, downstream_classifier='linear', ce_lambda=2.0, seed=123)
08-Aug-26 23:20:58 - Loading raw subject data...
08-Aug-26 23:21:00 - Loaded 956 subjects (455 ASD, 501 NC)
08-Aug-26 23:21:00 - alff_pcc scale stats (train_val_idx only): alff=[-3.5994,5.6307] pcc=[-0.7600,1.0000]
08-Aug-26 23:21:00 - Train/Val/Test sizes: 612/153/191
08-Aug-26 23:22:02 - Epoch 1, Model Loss 1.1836952234015745, View Loss -8.337372109780905, Reg 0.3905837711165933
08-Aug-26 23:23:02 - Epoch 2, Model Loss 0.5076284909170438, View Loss -5.462059663012137, Reg 0.12322828806693258
08-Aug-26 23:24:02 - Epoch 3, Model Loss 0.29413948650624044, View Loss -1.8806173341726167, Reg 0.16508972761677762
08-Aug-26 23:25:03 - Epoch 4, Model Loss 0.19603688552293902, View Loss -1.247395979033576, Reg 0.25679484662277247
08-Aug-26 23:26:03 - Epoch 5, Model Loss 0.16929630455530548, View Loss -2.1056000547471387, Reg 0.13835816669697856
08-Aug-26 23:26:23 - Epoch 5: Train_acc 0.7745098039215687 Val_acc 0.6143790849673203 Test_acc 0.5759162303664922 Test_auc 0.5964835164835165
08-Aug-26 23:27:25 - Epoch 6, Model Loss 0.10733409449945089, View Loss -2.640919386171827, Reg 0.17323427233431074
08-Aug-26 23:28:25 - Epoch 7, Model Loss 0.0799406219541637, View Loss -2.635920334485621, Reg 0.14346340050299963
08-Aug-26 23:29:25 - Epoch 8, Model Loss 0.0835563809750906, View Loss -2.53488933962155, Reg 0.14400639983953215
08-Aug-26 23:30:25 - Epoch 9, Model Loss 0.05089526638096454, View Loss -2.4224189403010348, Reg 0.14433610156860227
08-Aug-26 23:31:26 - Epoch 10, Model Loss 0.06142267526364794, View Loss -2.286238766963186, Reg 0.1409760772987129
08-Aug-26 23:31:50 - Epoch 10: Train_acc 0.7892156862745098 Val_acc 0.6470588235294118 Test_acc 0.581151832460733 Test_auc 0.614065934065934
08-Aug-26 23:32:50 - Epoch 11, Model Loss 0.03372383624120476, View Loss -2.1296185060264237, Reg 0.13997828629281786
08-Aug-26 23:33:51 - Epoch 12, Model Loss 0.038687085014542724, View Loss -1.9318253464168973, Reg 0.13861502103166642
08-Aug-26 23:34:50 - Epoch 13, Model Loss 0.02233000596364339, View Loss -1.743686891848745, Reg 0.1485195923474879
08-Aug-26 23:35:51 - Epoch 14, Model Loss 0.020179227091907677, View Loss -1.5719864461936204, Reg 0.13412243303130655
08-Aug-26 23:36:51 - Epoch 15, Model Loss 0.008751471253002392, View Loss -1.4877317995806925, Reg 0.13722551765005572
/users/3171356m/miniconda3/envs/grastiacl/lib/python3.12/site-packages/sklearn/svm/_base.py:1298: ConvergenceWarning: Liblinear failed to converge, increase the number of iterations.
  warnings.warn(
08-Aug-26 23:37:19 - Epoch 15: Train_acc 0.7875816993464052 Val_acc 0.6143790849673203 Test_acc 0.5863874345549738 Test_auc 0.6261538461538462
08-Aug-26 23:38:19 - Epoch 16, Model Loss 0.001179598710116218, View Loss -1.471021631963892, Reg 0.1310395353954602
08-Aug-26 23:39:19 - Epoch 17, Model Loss -0.0032987707580616273, View Loss -1.4607240919973337, Reg 0.1319629414603601
08-Aug-26 23:40:20 - Epoch 18, Model Loss -0.0007984897280051038, View Loss -1.4675870876686246, Reg 0.13666441929496193
08-Aug-26 23:41:20 - Epoch 19, Model Loss -4.824664857652452e-05, View Loss -1.433487033532336, Reg 0.13389434456046112
08-Aug-26 23:42:21 - Epoch 20, Model Loss -0.012686250840916354, View Loss -1.3951242679084828, Reg 0.1369118067174176
08-Aug-26 23:42:43 - Epoch 20: Train_acc 0.7761437908496732 Val_acc 0.6209150326797386 Test_acc 0.581151832460733 Test_auc 0.6227472527472527
08-Aug-26 23:43:44 - Epoch 21, Model Loss -0.015495961203294642, View Loss -1.3722024104174446, Reg 0.13148412400600956
08-Aug-26 23:44:44 - Epoch 22, Model Loss -0.021332878108118094, View Loss -1.359894615372801, Reg 0.13220268799588572
08-Aug-26 23:45:45 - Epoch 23, Model Loss -0.019078402153027602, View Loss -1.357722604196835, Reg 0.13294928408915702
08-Aug-26 23:46:45 - Epoch 24, Model Loss -0.025900110504985634, View Loss -1.339550424245448, Reg 0.1302104140418807
08-Aug-26 23:47:46 - Epoch 25, Model Loss -0.03046668540028965, View Loss -1.323096820731568, Reg 0.13422036438790802
08-Aug-26 23:48:05 - Epoch 25: Train_acc 0.7908496732026143 Val_acc 0.6339869281045751 Test_acc 0.6020942408376964 Test_auc 0.6257142857142858
08-Aug-26 23:49:06 - Epoch 26, Model Loss -0.029614481831492942, View Loss -1.3362811032463522, Reg 0.13036868375500824
08-Aug-26 23:50:06 - Epoch 27, Model Loss -0.03368701819890465, View Loss -1.3317554277532242, Reg 0.1299372126463971
08-Aug-26 23:51:07 - Epoch 28, Model Loss -0.03876498054250393, View Loss -1.3143602913501216, Reg 0.1338255297806528
08-Aug-26 23:52:07 - Epoch 29, Model Loss -0.03811773380228117, View Loss -1.3170922379088557, Reg 0.13218949111848097
08-Aug-26 23:53:07 - Epoch 30, Model Loss -0.04358277976318123, View Loss -1.278838907191956, Reg 0.1339412689014198
08-Aug-26 23:53:27 - Epoch 30: Train_acc 0.7647058823529411 Val_acc 0.6339869281045751 Test_acc 0.6073298429319371 Test_auc 0.6276923076923078
08-Aug-26 23:54:28 - Epoch 31, Model Loss -0.04139390704678554, View Loss -1.2654460263408087, Reg 0.13199169816924075
08-Aug-26 23:55:28 - Epoch 32, Model Loss -0.044534144448299035, View Loss -1.2674785158992592, Reg 0.13345534115834953
08-Aug-26 23:56:28 - Epoch 33, Model Loss -0.04437785733223351, View Loss -1.2589097646326801, Reg 0.13127209830517864
08-Aug-26 23:57:28 - Epoch 34, Model Loss -0.050373954832359076, View Loss -1.2440828381021038, Reg 0.13255893473142114
08-Aug-26 23:58:28 - Epoch 35, Model Loss -0.049406102280211604, View Loss -1.2320562951705034, Reg 0.13510611789678437
08-Aug-26 23:58:47 - Epoch 35: Train_acc 0.8594771241830066 Val_acc 0.6143790849673203 Test_acc 0.5602094240837696 Test_auc 0.597142857142857
08-Aug-26 23:59:48 - Epoch 36, Model Loss -0.053139651328130484, View Loss -1.232518676059698, Reg 0.13296252138474407
09-Aug-26 00:00:48 - Epoch 37, Model Loss -0.05596871781193353, View Loss -1.220028404316871, Reg 0.1334513142412784
09-Aug-26 00:01:49 - Epoch 38, Model Loss -0.05619868168643877, View Loss -1.2178697056240506, Reg 0.1339306117467631
09-Aug-26 00:02:50 - Epoch 39, Model Loss -0.05039272530406129, View Loss -1.2088058789571126, Reg 0.13331731793537638
09-Aug-26 00:03:50 - Epoch 40, Model Loss -0.0509531795004614, View Loss -1.208597247117485, Reg 0.13463991111010506
09-Aug-26 00:04:09 - Epoch 40: Train_acc 0.7696078431372549 Val_acc 0.6209150326797386 Test_acc 0.6020942408376964 Test_auc 0.6251648351648352
09-Aug-26 00:05:09 - Epoch 41, Model Loss -0.05614530066259546, View Loss -1.1939753106996125, Reg 0.13373855048534916
09-Aug-26 00:06:09 - Epoch 42, Model Loss -0.05903582226217183, View Loss -1.1810431573905198, Reg 0.1345983065810858
09-Aug-26 00:07:10 - Epoch 43, Model Loss -0.062323290148591684, View Loss -1.1772995649599562, Reg 0.13607235038592144
09-Aug-26 00:08:10 - Epoch 44, Model Loss -0.06284815423628863, View Loss -1.1663454062019298, Reg 0.13552946495074852
09-Aug-26 00:09:11 - Epoch 45, Model Loss -0.06186724936260896, View Loss -1.1774041746176926, Reg 0.13615478750537424
09-Aug-26 00:09:30 - Epoch 45: Train_acc 0.8660130718954249 Val_acc 0.6209150326797386 Test_acc 0.5968586387434555 Test_auc 0.6106593406593408
09-Aug-26 00:10:31 - Epoch 46, Model Loss -0.06463297266586154, View Loss -1.1716812412723216, Reg 0.13435475976248973
09-Aug-26 00:11:31 - Epoch 47, Model Loss -0.06956253565993964, View Loss -1.1659164958530002, Reg 0.1381328856828166
09-Aug-26 00:12:32 - Epoch 48, Model Loss -0.06498235308266932, View Loss -1.1519344749014362, Reg 0.13536476368218467
09-Aug-26 00:13:32 - Epoch 49, Model Loss -0.0656483749938167, View Loss -1.1417679739933388, Reg 0.13492515259513668
09-Aug-26 00:14:32 - Epoch 50, Model Loss -0.07689011096954346, View Loss -1.1424735207962835, Reg 0.1370388480767705
09-Aug-26 00:14:51 - Epoch 50: Train_acc 0.7745098039215687 Val_acc 0.6209150326797386 Test_acc 0.6020942408376964 Test_auc 0.6230769230769231
09-Aug-26 00:15:52 - Epoch 51, Model Loss -0.07172621114581239, View Loss -1.1483365944008421, Reg 0.13624073389698477
09-Aug-26 00:16:53 - Epoch 52, Model Loss -0.06820618424540252, View Loss -1.1284015350092471, Reg 0.13673063791265674
09-Aug-26 00:17:54 - Epoch 53, Model Loss -0.07001139603409112, View Loss -1.126704004075792, Reg 0.13604609142331517
09-Aug-26 00:18:54 - Epoch 54, Model Loss -0.07821079484777513, View Loss -1.1290092592925027, Reg 0.13729098716787264
09-Aug-26 00:19:54 - Epoch 55, Model Loss -0.07257509095216888, View Loss -1.1295576812395083, Reg 0.13549248815751544
09-Aug-26 00:20:12 - Epoch 55: Train_acc 0.7777777777777778 Val_acc 0.6143790849673203 Test_acc 0.6073298429319371 Test_auc 0.6276923076923078
09-Aug-26 00:21:14 - Epoch 56, Model Loss -0.07538050023558872, View Loss -1.1190696089875465, Reg 0.13552275543508965
09-Aug-26 00:22:14 - Epoch 57, Model Loss -0.0754700455011106, View Loss -1.1039315937391294, Reg 0.1368978222211202
09-Aug-26 00:23:14 - Epoch 58, Model Loss -0.07571946503290164, View Loss -1.1027934784982718, Reg 0.13535475185494017
09-Aug-26 00:24:14 - Epoch 59, Model Loss -0.07607000150711708, View Loss -1.1182594548643026, Reg 0.13763918187104018
09-Aug-26 00:25:14 - Epoch 60, Model Loss -0.07743791992368262, View Loss -1.1232700573852639, Reg 0.1387601059441473
09-Aug-26 00:25:34 - Epoch 60: Train_acc 0.7630718954248366 Val_acc 0.6143790849673203 Test_acc 0.5759162303664922 Test_auc 0.6232967032967033
09-Aug-26 00:26:38 - Epoch 61, Model Loss -0.07730632747700011, View Loss -1.1016323395024716, Reg 0.1340694872577206
09-Aug-26 00:27:40 - Epoch 62, Model Loss -0.08019886920654695, View Loss -1.0920743599436642, Reg 0.1353941357213687
09-Aug-26 00:28:40 - Epoch 63, Model Loss -0.08374319882953868, View Loss -1.092340809847015, Reg 0.13527373511806812
09-Aug-26 00:29:40 - Epoch 64, Model Loss -0.08345255820579778, View Loss -1.0873685677846272, Reg 0.13564799292609583
09-Aug-26 00:30:40 - Epoch 65, Model Loss -0.08478955349891014, View Loss -1.0795622697842666, Reg 0.1358407570256127
09-Aug-26 00:30:57 - Epoch 65: Train_acc 0.7777777777777778 Val_acc 0.6209150326797386 Test_acc 0.6020942408376964 Test_auc 0.6314285714285715
09-Aug-26 00:32:02 - Epoch 66, Model Loss -0.0881529329648984, View Loss -1.0847127749249825, Reg 0.1364019513130188
09-Aug-26 00:33:05 - Epoch 67, Model Loss -0.08333347825443044, View Loss -1.0829876630134831, Reg 0.13849714495777304
09-Aug-26 00:34:04 - Epoch 68, Model Loss -0.08342460421175739, View Loss -1.0828005020914515, Reg 0.13494940189754262
09-Aug-26 00:35:03 - Epoch 69, Model Loss -0.08439367873216766, View Loss -1.0822369818593942, Reg 0.13701717911008138
09-Aug-26 00:36:02 - Epoch 70, Model Loss -0.08510393527598163, View Loss -1.0701489292718227, Reg 0.1351635717099009
09-Aug-26 00:36:20 - Epoch 70: Train_acc 0.7728758169934641 Val_acc 0.6274509803921569 Test_acc 0.6073298429319371 Test_auc 0.6230769230769231
09-Aug-26 00:37:18 - Epoch 71, Model Loss -0.08668871058358087, View Loss -1.0700088412153954, Reg 0.13970478439058354
09-Aug-26 00:38:16 - Epoch 72, Model Loss -0.08783021783517077, View Loss -1.0583400188707839, Reg 0.13686380881110047
09-Aug-26 00:39:14 - Epoch 73, Model Loss -0.08658767876282238, View Loss -1.0511799949446534, Reg 0.13647331209743724
09-Aug-26 00:40:12 - Epoch 74, Model Loss -0.08675339214162889, View Loss -1.0459516095180137, Reg 0.13649729498071608
09-Aug-26 00:41:10 - Epoch 75, Model Loss -0.09073449466742721, View Loss -1.0481426552230237, Reg 0.13573451257414287
09-Aug-26 00:41:21 - Epoch 75: Train_acc 0.7712418300653595 Val_acc 0.6013071895424836 Test_acc 0.6073298429319371 Test_auc 0.6223076923076923
09-Aug-26 00:42:19 - Epoch 76, Model Loss -0.08961466383310704, View Loss -1.051666040825688, Reg 0.13449763876745124
09-Aug-26 00:43:18 - Epoch 77, Model Loss -0.09134203779931162, View Loss -1.0547589009104212, Reg 0.1367149690981784
09-Aug-26 00:44:16 - Epoch 78, Model Loss -0.09374470278328541, View Loss -1.0437466202218548, Reg 0.1363786148284775
09-Aug-26 00:45:14 - Epoch 79, Model Loss -0.09147376854435291, View Loss -1.0454670027190565, Reg 0.13798078427127763
09-Aug-26 00:46:12 - Epoch 80, Model Loss -0.09284661135642357, View Loss -1.0360586393892375, Reg 0.1343593296467089
09-Aug-26 00:46:19 - Epoch 80: Train_acc 0.7712418300653595 Val_acc 0.6013071895424836 Test_acc 0.6073298429319371 Test_auc 0.6256043956043956
09-Aug-26 00:47:17 - Epoch 81, Model Loss -0.09212348410506653, View Loss -1.0373482299006842, Reg 0.13449329069626878
09-Aug-26 00:48:16 - Epoch 82, Model Loss -0.09564913721645579, View Loss -1.0333794191771863, Reg 0.1344589844248653
09-Aug-26 00:49:14 - Epoch 83, Model Loss -0.09899678923725302, View Loss -1.0228269069023381, Reg 0.1361992341630599
09-Aug-26 00:50:12 - Epoch 84, Model Loss -0.09822378906549192, View Loss -1.0179698630875231, Reg 0.1352216730904735
09-Aug-26 00:51:10 - Epoch 85, Model Loss -0.09362352322908787, View Loss -1.0093781488393647, Reg 0.13537912937550764
09-Aug-26 00:51:18 - Epoch 85: Train_acc 0.8611111111111112 Val_acc 0.6013071895424836 Test_acc 0.5759162303664922 Test_auc 0.590989010989011
09-Aug-26 00:52:16 - Epoch 86, Model Loss -0.09559540771970562, View Loss -1.0177417339063157, Reg 0.13518300301888408
09-Aug-26 00:53:14 - Epoch 87, Model Loss -0.10030344732446608, View Loss -1.021179538926268, Reg 0.1349266712474667
09-Aug-26 00:54:12 - Epoch 88, Model Loss -0.09800304034176995, View Loss -1.0275466566771463, Reg 0.13350548565972084
09-Aug-26 00:55:10 - Epoch 89, Model Loss -0.0991155918127571, View Loss -1.0076342205596125, Reg 0.13687159354780234
09-Aug-26 00:56:08 - Epoch 90, Model Loss -0.09657747916925967, View Loss -0.9997062558442159, Reg 0.13405499631672904
09-Aug-26 00:56:16 - Epoch 90: Train_acc 0.7679738562091504 Val_acc 0.6209150326797386 Test_acc 0.6020942408376964 Test_auc 0.624065934065934
09-Aug-26 00:57:14 - Epoch 91, Model Loss -0.09923803592039869, View Loss -0.9976398399452758, Reg 0.13675397361805236
09-Aug-26 00:58:12 - Epoch 92, Model Loss -0.09932486021440792, View Loss -0.9961742848352669, Reg 0.13481016593431336
09-Aug-26 00:59:10 - Epoch 93, Model Loss -0.09638205949777091, View Loss -1.0003846174751232, Reg 0.13649519859186185
09-Aug-26 01:00:09 - Epoch 94, Model Loss -0.09935516002131443, View Loss -0.9993653242884118, Reg 0.13233634878217784
09-Aug-26 01:01:07 - Epoch 95, Model Loss -0.10068388818915373, View Loss -1.0014550280726813, Reg 0.13448075920927757
09-Aug-26 01:01:16 - Epoch 95: Train_acc 0.7728758169934641 Val_acc 0.6274509803921569 Test_acc 0.612565445026178 Test_auc 0.6225274725274725
09-Aug-26 01:02:14 - Epoch 96, Model Loss -0.09824476873173434, View Loss -0.9811307643753251, Reg 0.13749993918767942
09-Aug-26 01:03:12 - Epoch 97, Model Loss -0.10264151489812565, View Loss -0.9790047492856294, Reg 0.13524273339829412
09-Aug-26 01:04:10 - Epoch 98, Model Loss -0.10399114540199829, View Loss -0.9786140614864873, Reg 0.13387520801202923
09-Aug-26 01:05:08 - Epoch 99, Model Loss -0.09741004152235642, View Loss -0.9897670371859681, Reg 0.1333904073031899
09-Aug-26 01:06:06 - Epoch 100, Model Loss -0.10034086034188863, View Loss -0.9897851741391849, Reg 0.13385536292799158
09-Aug-26 01:06:14 - Epoch 100: Train_acc 0.7777777777777778 Val_acc 0.6143790849673203 Test_acc 0.6073298429319371 Test_auc 0.6287912087912088
09-Aug-26 01:07:12 - Epoch 101, Model Loss -0.09984952113986795, View Loss -0.9807264968460682, Reg 0.1367285377254673
09-Aug-26 01:08:10 - Epoch 102, Model Loss -0.10193177668097751, View Loss -0.985413069818534, Reg 0.1333791253710884
09-Aug-26 01:09:08 - Epoch 103, Model Loss -0.10413772724812327, View Loss -0.9819668445711821, Reg 0.1322419732029921
09-Aug-26 01:10:06 - Epoch 104, Model Loss -0.10112345725103142, View Loss -0.9704638626061234, Reg 0.13659066419585858
09-Aug-26 01:11:04 - Epoch 105, Model Loss -0.10288223254135231, View Loss -0.961936418527092, Reg 0.1337155378332325
09-Aug-26 01:11:13 - Epoch 105: Train_acc 0.7810457516339869 Val_acc 0.6274509803921569 Test_acc 0.6178010471204188 Test_auc 0.6279120879120879
09-Aug-26 01:12:11 - Epoch 106, Model Loss -0.10261925801732182, View Loss -0.9618228019452563, Reg 0.13429631935615166
09-Aug-26 01:13:09 - Epoch 107, Model Loss -0.10452592879338982, View Loss -0.9698376453000735, Reg 0.1366275871306463
09-Aug-26 01:14:07 - Epoch 108, Model Loss -0.10485562974331426, View Loss -0.9674008640588498, Reg 0.13167936720100104
09-Aug-26 01:15:05 - Epoch 109, Model Loss -0.10370926685582578, View Loss -0.9499118990368314, Reg 0.13409415671443628
09-Aug-26 01:16:03 - Epoch 110, Model Loss -0.10821823902379453, View Loss -0.9505780117184508, Reg 0.13339277327645058
09-Aug-26 01:16:09 - Epoch 110: Train_acc 0.7712418300653595 Val_acc 0.6143790849673203 Test_acc 0.6020942408376964 Test_auc 0.6367032967032966
09-Aug-26 01:17:07 - Epoch 111, Model Loss -0.10383271742490383, View Loss -0.9457592636931176, Reg 0.13443273661378163
09-Aug-26 01:18:05 - Epoch 112, Model Loss -0.1060754216574376, View Loss -0.9484648712320265, Reg 0.1354827692890479
09-Aug-26 01:19:03 - Epoch 113, Model Loss -0.11079477523666581, View Loss -0.9632796017952214, Reg 0.13570905501156852
09-Aug-26 01:20:01 - Epoch 114, Model Loss -0.10401736910826241, View Loss -0.9573767216377009, Reg 0.13239502546444437
09-Aug-26 01:20:59 - Epoch 115, Model Loss -0.10364919433406755, View Loss -0.9430421684302536, Reg 0.1375170265342675
09-Aug-26 01:21:08 - Epoch 115: Train_acc 0.7679738562091504 Val_acc 0.6143790849673203 Test_acc 0.612565445026178 Test_auc 0.6330769230769231
09-Aug-26 01:22:06 - Epoch 116, Model Loss -0.10674448535333272, View Loss -0.9347173778060215, Reg 0.13406325194960325
09-Aug-26 01:23:04 - Epoch 117, Model Loss -0.10985054027021321, View Loss -0.9337812880285425, Reg 0.1307911101509543
09-Aug-26 01:24:01 - Epoch 118, Model Loss -0.10799863019020729, View Loss -0.9314078536688113, Reg 0.1335693773101358
09-Aug-26 01:24:59 - Epoch 119, Model Loss -0.1083359439778172, View Loss -0.928357809197669, Reg 0.13497909533432106
09-Aug-26 01:25:57 - Epoch 120, Model Loss -0.10831297028298471, View Loss -0.9470613929960463, Reg 0.13313167693178637
09-Aug-26 01:26:08 - Epoch 120: Train_acc 0.7679738562091504 Val_acc 0.6339869281045751 Test_acc 0.6020942408376964 Test_auc 0.6296703296703297
09-Aug-26 01:27:06 - Epoch 121, Model Loss -0.1088369989317227, View Loss -0.9566388060064877, Reg 0.13475105682619257
09-Aug-26 01:28:03 - Epoch 122, Model Loss -0.10896602214551439, View Loss -0.9497548271627987, Reg 0.13250819807933048
09-Aug-26 01:29:01 - Epoch 123, Model Loss -0.10528989048565135, View Loss -0.930128222197489, Reg 0.1325975354590447
09-Aug-26 01:29:59 - Epoch 124, Model Loss -0.10927279790242513, View Loss -0.9415149634180505, Reg 0.13479734148854525
09-Aug-26 01:30:57 - Epoch 125, Model Loss -0.11188968801810072, View Loss -0.9290784488316455, Reg 0.1349357753212935
09-Aug-26 01:31:08 - Epoch 125: Train_acc 0.7761437908496732 Val_acc 0.6143790849673203 Test_acc 0.6178010471204188 Test_auc 0.6348351648351649
09-Aug-26 01:32:06 - Epoch 126, Model Loss -0.11272152849272185, View Loss -0.9193918260873533, Reg 0.13282966818295272
09-Aug-26 01:33:04 - Epoch 127, Model Loss -0.11177747097669863, View Loss -0.9314422887914321, Reg 0.13434550633617476
09-Aug-26 01:34:02 - Epoch 128, Model Loss -0.11075579730513828, View Loss -0.9163802114187503, Reg 0.13194280560889277
09-Aug-26 01:35:00 - Epoch 129, Model Loss -0.1106064845533932, View Loss -0.9065646229226605, Reg 0.13547668942049437
09-Aug-26 01:35:58 - Epoch 130, Model Loss -0.11325313355408463, View Loss -0.908191563257205, Reg 0.13320248715238633
09-Aug-26 01:36:10 - Epoch 130: Train_acc 0.7712418300653595 Val_acc 0.6078431372549019 Test_acc 0.6178010471204188 Test_auc 0.6353846153846154
09-Aug-26 01:37:08 - Epoch 131, Model Loss -0.11657871218288646, View Loss -0.9091227763618519, Reg 0.13415501972818686
09-Aug-26 01:38:06 - Epoch 132, Model Loss -0.11120027401088889, View Loss -0.9310053563585469, Reg 0.1324192996508156
09-Aug-26 01:39:04 - Epoch 133, Model Loss -0.11336822661699034, View Loss -0.9115329926310022, Reg 0.13579395101740468
09-Aug-26 01:40:02 - Epoch 134, Model Loss -0.11378871693330653, View Loss -0.9105305204204485, Reg 0.13260801516327203
09-Aug-26 01:41:00 - Epoch 135, Model Loss -0.11355208766226675, View Loss -0.919735408296772, Reg 0.13330763821897942
/users/3171356m/miniconda3/envs/grastiacl/lib/python3.12/site-packages/joblib/externals/loky/process_executor.py:782: UserWarning: A worker stopped while some jobs were given to the executor. This can be caused by a too short worker timeout or by a memory leak.
  warnings.warn(
09-Aug-26 01:41:12 - Epoch 135: Train_acc 0.7696078431372549 Val_acc 0.6078431372549019 Test_acc 0.6230366492146597 Test_auc 0.6273626373626374
09-Aug-26 01:42:10 - Epoch 136, Model Loss -0.11527583236787833, View Loss -0.9317903666714438, Reg 0.13237493012855256
09-Aug-26 01:43:08 - Epoch 137, Model Loss -0.11295009828081318, View Loss -0.9234149245654836, Reg 0.13443507137251834
09-Aug-26 01:44:06 - Epoch 138, Model Loss -0.11467054895326204, View Loss -0.9060342498854095, Reg 0.1328313986168188
09-Aug-26 01:45:03 - Epoch 139, Model Loss -0.11755985605950449, View Loss -0.9063018692864312, Reg 0.13369103905811808
09-Aug-26 01:46:01 - Epoch 140, Model Loss -0.11505545549143374, View Loss -0.9009573179132798, Reg 0.12911650996192608
09-Aug-26 01:46:11 - Epoch 140: Train_acc 0.7826797385620915 Val_acc 0.6274509803921569 Test_acc 0.5968586387434555 Test_auc 0.6413186813186813
09-Aug-26 01:47:09 - Epoch 141, Model Loss -0.11143490574718301, View Loss -0.8938614363763847, Reg 0.13685872186632717
09-Aug-26 01:48:07 - Epoch 142, Model Loss -0.11484821871215221, View Loss -0.8919510872535457, Reg 0.13412686656503117
09-Aug-26 01:49:05 - Epoch 143, Model Loss -0.11427239576975505, View Loss -0.8925868950638116, Reg 0.13084614164883795
09-Aug-26 01:50:03 - Epoch 144, Model Loss -0.11436639930687699, View Loss -0.8911222157135509, Reg 0.13289117842328316
09-Aug-26 01:51:01 - Epoch 145, Model Loss -0.11405407135782678, View Loss -0.8973426826639113, Reg 0.13421498219561734
09-Aug-26 01:51:08 - Epoch 145: Train_acc 0.8758169934640523 Val_acc 0.6078431372549019 Test_acc 0.5759162303664922 Test_auc 0.6052747252747253
09-Aug-26 01:52:06 - Epoch 146, Model Loss -0.11272591157676348, View Loss -0.8803778169981016, Reg 0.1306841388052585
09-Aug-26 01:53:05 - Epoch 147, Model Loss -0.11283702047821743, View Loss -0.9000382174074261, Reg 0.13324934438942304
09-Aug-26 01:54:03 - Epoch 148, Model Loss -0.11577949122665754, View Loss -0.8893817951476651, Reg 0.1336245103404413
09-Aug-26 01:55:00 - Epoch 149, Model Loss -0.11548171908247705, View Loss -0.8900677394243627, Reg 0.13077936272800358
09-Aug-26 01:55:58 - Epoch 150, Model Loss -0.11761636691155776, View Loss -0.890583309472776, Reg 0.13569047686710856
09-Aug-26 01:56:10 - Epoch 150: Train_acc 0.7777777777777778 Val_acc 0.6078431372549019 Test_acc 0.6178010471204188 Test_auc 0.6392307692307693
09-Aug-26 01:57:07 - Epoch 151, Model Loss -0.11553003624373791, View Loss -0.8919104859719869, Reg 0.13105474159218908
09-Aug-26 01:58:05 - Epoch 152, Model Loss -0.11991268396377563, View Loss -0.888487600812725, Reg 0.13336882949654572
09-Aug-26 01:59:03 - Epoch 153, Model Loss -0.11934052514874079, View Loss -0.8986690480724658, Reg 0.13229328841944926
09-Aug-26 02:00:01 - Epoch 154, Model Loss -0.12279882579067954, View Loss -0.9140313123565873, Reg 0.13425685854908687
09-Aug-26 02:00:59 - Epoch 155, Model Loss -0.12047500411669414, View Loss -0.8865894024668176, Reg 0.13139270937520695
09-Aug-26 02:01:06 - Epoch 155: Train_acc 0.7843137254901961 Val_acc 0.6078431372549019 Test_acc 0.6020942408376964 Test_auc 0.6353846153846154
09-Aug-26 02:02:04 - Epoch 156, Model Loss -0.12046738582498887, View Loss -0.888416600383185, Reg 0.13405365414089626
09-Aug-26 02:03:01 - Epoch 157, Model Loss -0.11785945432638031, View Loss -0.8662494576834385, Reg 0.1319730140609679
09-Aug-26 02:03:59 - Epoch 158, Model Loss -0.11812044436635535, View Loss -0.8739271047068577, Reg 0.13431898470407996
09-Aug-26 02:04:57 - Epoch 159, Model Loss -0.12008041221331926, View Loss -0.8743061279159745, Reg 0.13094468492698047
09-Aug-26 02:05:55 - Epoch 160, Model Loss -0.11721533458996443, View Loss -0.8684084594639299, Reg 0.13238434133186838
09-Aug-26 02:06:03 - Epoch 160: Train_acc 0.7794117647058824 Val_acc 0.6339869281045751 Test_acc 0.6230366492146597 Test_auc 0.6335164835164835
09-Aug-26 02:07:01 - Epoch 161, Model Loss -0.12154682087742426, View Loss -0.8747770996654735, Reg 0.13309907017190473
09-Aug-26 02:07:59 - Epoch 162, Model Loss -0.11810711026191711, View Loss -0.8617463431327171, Reg 0.13297639933286928
09-Aug-26 02:08:56 - Epoch 163, Model Loss -0.12124799571785272, View Loss -0.873087596269994, Reg 0.12912911488339793
09-Aug-26 02:09:54 - Epoch 164, Model Loss -0.11914235509298986, View Loss -0.8694232873667299, Reg 0.1338414712474237
09-Aug-26 02:10:52 - Epoch 165, Model Loss -0.12028117604505002, View Loss -0.8707109939039143, Reg 0.133477265538733
09-Aug-26 02:11:01 - Epoch 165: Train_acc 0.7745098039215687 Val_acc 0.6274509803921569 Test_acc 0.6073298429319371 Test_auc 0.6392307692307693
09-Aug-26 02:11:58 - Epoch 166, Model Loss -0.11939550614824482, View Loss -0.8796667694266326, Reg 0.1325266546283672
09-Aug-26 02:12:56 - Epoch 167, Model Loss -0.12297363472140692, View Loss -0.8760795328352187, Reg 0.13183983376407934
09-Aug-26 02:13:54 - Epoch 168, Model Loss -0.12012366259020138, View Loss -0.883512470457289, Reg 0.1324359049010121
09-Aug-26 02:14:51 - Epoch 169, Model Loss -0.12312125828531054, View Loss -0.8938215947618672, Reg 0.13542304017574958
09-Aug-26 02:15:49 - Epoch 170, Model Loss -0.12160710922253677, View Loss -0.8834035404367384, Reg 0.1310560806027425
09-Aug-26 02:15:56 - Epoch 170: Train_acc 0.7712418300653595 Val_acc 0.6209150326797386 Test_acc 0.612565445026178 Test_auc 0.6317582417582418
09-Aug-26 02:16:54 - Epoch 171, Model Loss -0.12334972814796796, View Loss -0.8677462432898727, Reg 0.13157135043658463
09-Aug-26 02:17:51 - Epoch 172, Model Loss -0.12069602826841516, View Loss -0.8615032520169527, Reg 0.1329843697010302
09-Aug-26 02:18:49 - Epoch 173, Model Loss -0.12170417207518434, View Loss -0.8658574032627679, Reg 0.13080944890290305
09-Aug-26 02:19:47 - Epoch 174, Model Loss -0.12177608488431943, View Loss -0.8653052795946209, Reg 0.13493557644435783
09-Aug-26 02:20:45 - Epoch 175, Model Loss -0.12195665968788995, View Loss -0.8615338389390435, Reg 0.13051146103276146
09-Aug-26 02:20:56 - Epoch 175: Train_acc 0.7810457516339869 Val_acc 0.5947712418300654 Test_acc 0.6073298429319371 Test_auc 0.6372527472527473
09-Aug-26 02:21:54 - Epoch 176, Model Loss -0.12479980474983166, View Loss -0.8771068605722165, Reg 0.13154731398704006
09-Aug-26 02:22:51 - Epoch 177, Model Loss -0.11947736747903762, View Loss -0.8725167131112292, Reg 0.13306618671791226
09-Aug-26 02:23:50 - Epoch 178, Model Loss -0.12087325118725596, View Loss -0.8732869079689575, Reg 0.13396070352177214
09-Aug-26 02:24:48 - Epoch 179, Model Loss -0.12091159119325526, View Loss -0.8800498402975743, Reg 0.12651596184259925
09-Aug-26 02:25:46 - Epoch 180, Model Loss -0.11791288034588683, View Loss -0.9324387358684166, Reg 0.13431475413780586
09-Aug-26 02:25:54 - Epoch 180: Train_acc 0.7761437908496732 Val_acc 0.6013071895424836 Test_acc 0.6073298429319371 Test_auc 0.6338461538461538
09-Aug-26 02:26:52 - Epoch 181, Model Loss -0.12359085036259071, View Loss -0.9471413925582287, Reg 0.14016341861166987
09-Aug-26 02:27:50 - Epoch 182, Model Loss -0.12171356155981425, View Loss -0.9546570029913211, Reg 0.12969029173741933
09-Aug-26 02:28:47 - Epoch 183, Model Loss -0.12359268096537372, View Loss -0.9542625176361184, Reg 0.128687189295401
09-Aug-26 02:29:45 - Epoch 184, Model Loss -0.11893296826119516, View Loss -0.914322673105726, Reg 0.1316986477452945
09-Aug-26 02:30:43 - Epoch 185, Model Loss -0.1196836961640252, View Loss -0.9083379242155287, Reg 0.13820040946692422
09-Aug-26 02:30:52 - Epoch 185: Train_acc 0.7777777777777778 Val_acc 0.5947712418300654 Test_acc 0.6020942408376964 Test_auc 0.6263736263736265
09-Aug-26 02:31:50 - Epoch 186, Model Loss -0.12130992299591015, View Loss -0.9361427087409824, Reg 0.13504141851577883
09-Aug-26 02:32:49 - Epoch 187, Model Loss -0.12496855173235626, View Loss -0.8852684412127226, Reg 0.1305728416427288
09-Aug-26 02:33:47 - Epoch 188, Model Loss -0.12446023630940058, View Loss -0.8791839141471713, Reg 0.1291958081956003
09-Aug-26 02:34:45 - Epoch 189, Model Loss -0.12559751182599785, View Loss -0.8712907678940717, Reg 0.13248677230348774
09-Aug-26 02:35:43 - Epoch 190, Model Loss -0.12255846090566098, View Loss -0.8604176706737943, Reg 0.1320876002896066
09-Aug-26 02:35:51 - Epoch 190: Train_acc 0.7794117647058824 Val_acc 0.6078431372549019 Test_acc 0.6020942408376964 Test_auc 0.6412087912087913
09-Aug-26 02:36:49 - Epoch 191, Model Loss -0.12580992700227725, View Loss -0.8590334131826762, Reg 0.13206262389818826
09-Aug-26 02:37:48 - Epoch 192, Model Loss -0.123788043954014, View Loss -0.8528375306160622, Reg 0.13211037734754724
09-Aug-26 02:38:46 - Epoch 193, Model Loss -0.12538741168633005, View Loss -0.8587060457740734, Reg 0.1329084074769924
09-Aug-26 02:39:44 - Epoch 194, Model Loss -0.12709146114735823, View Loss -0.8458292484283447, Reg 0.13192867180880377
09-Aug-26 02:40:42 - Epoch 195, Model Loss -0.12551514580358866, View Loss -0.854423866552465, Reg 0.13067588960033616
09-Aug-26 02:40:54 - Epoch 195: Train_acc 0.7696078431372549 Val_acc 0.5947712418300654 Test_acc 0.5968586387434555 Test_auc 0.637032967032967
09-Aug-26 02:41:52 - Epoch 196, Model Loss -0.12640740279278723, View Loss -0.8505382857291527, Reg 0.1331773695408129
09-Aug-26 02:42:50 - Epoch 197, Model Loss -0.12714582525826748, View Loss -0.8478969647214304, Reg 0.13245128100019654
09-Aug-26 02:43:48 - Epoch 198, Model Loss -0.12578414779862548, View Loss -0.846695156658397, Reg 0.1329825398773929
09-Aug-26 02:44:46 - Epoch 199, Model Loss -0.12567568935599982, View Loss -0.8553421435013316, Reg 0.13045022836308073
09-Aug-26 02:45:45 - Epoch 200, Model Loss -0.12511565813831255, View Loss -0.8465738678290173, Reg 0.1323439109753939
/users/3171356m/miniconda3/envs/grastiacl/lib/python3.12/site-packages/joblib/externals/loky/process_executor.py:782: UserWarning: A worker stopped while some jobs were given to the executor. This can be caused by a too short worker timeout or by a memory leak.
  warnings.warn(
09-Aug-26 02:45:57 - Epoch 200: Train_acc 0.7712418300653595 Val_acc 0.6013071895424836 Test_acc 0.6020942408376964 Test_auc 0.6327472527472527
09-Aug-26 02:46:55 - Epoch 201, Model Loss -0.12785880121530271, View Loss -0.847355156162985, Reg 0.13224191710450292
09-Aug-26 02:47:53 - Epoch 202, Model Loss -0.12776299161848678, View Loss -0.8466953794940625, Reg 0.13127428419839324
09-Aug-26 02:48:52 - Epoch 203, Model Loss -0.1307228871809891, View Loss -0.8459059740203658, Reg 0.1326967227497911
09-Aug-26 02:49:50 - Epoch 204, Model Loss -0.12875756874583125, View Loss -0.8511443745856192, Reg 0.1320031893993515
09-Aug-26 02:50:49 - Epoch 205, Model Loss -0.12915585029358959, View Loss -0.8475136445238699, Reg 0.13028783472924452
09-Aug-26 02:50:57 - Epoch 205: Train_acc 0.7810457516339869 Val_acc 0.5882352941176471 Test_acc 0.5968586387434555 Test_auc 0.6331868131868132
09-Aug-26 02:51:55 - Epoch 206, Model Loss -0.12888635373583027, View Loss -0.8469747717863594, Reg 0.13309191284226438
09-Aug-26 02:52:54 - Epoch 207, Model Loss -0.1278571116378884, View Loss -0.8519423584532894, Reg 0.13377167450057137
09-Aug-26 02:53:52 - Epoch 208, Model Loss -0.12763801781959783, View Loss -0.8493499272789051, Reg 0.12913215209066478
09-Aug-26 02:54:50 - Epoch 209, Model Loss -0.12758410054873798, View Loss -0.8420017513574338, Reg 0.1320639162086973
09-Aug-26 02:55:48 - Epoch 210, Model Loss -0.1282466048119115, View Loss -0.8478488026101605, Reg 0.13371449212233225
09-Aug-26 02:55:58 - Epoch 210: Train_acc 0.7843137254901961 Val_acc 0.6013071895424836 Test_acc 0.6073298429319371 Test_auc 0.6437362637362637
09-Aug-26 02:56:56 - Epoch 211, Model Loss -0.12610362674675735, View Loss -0.8399874026479285, Reg 0.13100032936903386
09-Aug-26 02:57:54 - Epoch 212, Model Loss -0.1268267016005672, View Loss -0.8414112454146342, Reg 0.13221620929007435
09-Aug-26 02:58:52 - Epoch 213, Model Loss -0.1294327966528001, View Loss -0.8507896560469485, Reg 0.1314594162250656
09-Aug-26 02:59:51 - Epoch 214, Model Loss -0.12749067981258716, View Loss -0.8543939037260666, Reg 0.1313132373433487
09-Aug-26 03:00:49 - Epoch 215, Model Loss -0.1269308001387353, View Loss -0.8501005258435518, Reg 0.13251805100955216
09-Aug-26 03:00:58 - Epoch 215: Train_acc 0.8545751633986928 Val_acc 0.5882352941176471 Test_acc 0.5497382198952879 Test_auc 0.6145054945054944
09-Aug-26 03:01:56 - Epoch 216, Model Loss -0.12740358145408381, View Loss -0.8493896995494569, Reg 0.1312073270479838
09-Aug-26 03:02:54 - Epoch 217, Model Loss -0.12735861734627119, View Loss -0.8407912659489252, Reg 0.13314208242238737
09-Aug-26 03:03:52 - Epoch 218, Model Loss -0.12904789128334693, View Loss -0.8382202830969119, Reg 0.12875495198505377
09-Aug-26 03:04:50 - Epoch 219, Model Loss -0.12510758618903317, View Loss -0.855227987750683, Reg 0.13489874184521194
09-Aug-26 03:05:48 - Epoch 220, Model Loss -0.12962268224728654, View Loss -0.8362963160658194, Reg 0.13138802719661613
09-Aug-26 03:05:55 - Epoch 220: Train_acc 0.7663398692810458 Val_acc 0.5882352941176471 Test_acc 0.5968586387434555 Test_auc 0.6445054945054945
09-Aug-26 03:06:53 - Epoch 221, Model Loss -0.12923286553301844, View Loss -0.8426530080683091, Reg 0.13066414295653112
09-Aug-26 03:07:51 - Epoch 222, Model Loss -0.12905171026591383, View Loss -0.8427791618833355, Reg 0.13181638552082908
09-Aug-26 03:08:49 - Epoch 223, Model Loss -0.12793548726568035, View Loss -0.8415251635258494, Reg 0.13316015694655625
09-Aug-26 03:09:47 - Epoch 224, Model Loss -0.12727925941055895, View Loss -0.8439126310784832, Reg 0.13147982429055607
09-Aug-26 03:10:45 - Epoch 225, Model Loss -0.13073955369151496, View Loss -0.8461985050463209, Reg 0.13037676096352097
09-Aug-26 03:10:52 - Epoch 225: Train_acc 0.7663398692810458 Val_acc 0.6209150326797386 Test_acc 0.6073298429319371 Test_auc 0.644065934065934
09-Aug-26 03:11:50 - Epoch 226, Model Loss -0.1303722016951617, View Loss -0.8402918748606264, Reg 0.13338146636299059
09-Aug-26 03:12:48 - Epoch 227, Model Loss -0.13173179260266374, View Loss -0.8448241777669371, Reg 0.13113254980713712
09-Aug-26 03:13:45 - Epoch 228, Model Loss -0.13260046212501775, View Loss -0.8398831354247199, Reg 0.1306316975285025
09-Aug-26 03:14:43 - Epoch 229, Model Loss -0.1299978533601449, View Loss -0.8393693359848721, Reg 0.1331588440860798
09-Aug-26 03:15:41 - Epoch 230, Model Loss -0.12924869426714827, View Loss -0.8369576447929432, Reg 0.13025957979018393
09-Aug-26 03:15:48 - Epoch 230: Train_acc 0.7696078431372549 Val_acc 0.5882352941176471 Test_acc 0.6178010471204188 Test_auc 0.6347252747252747
09-Aug-26 03:16:46 - Epoch 231, Model Loss -0.12761723177105772, View Loss -0.8353391683179568, Reg 0.1337459590894724
09-Aug-26 03:17:43 - Epoch 232, Model Loss -0.1296747580073238, View Loss -0.8368336492114596, Reg 0.13328035915988723
09-Aug-26 03:18:41 - Epoch 233, Model Loss -0.12777731231614656, View Loss -0.8417365660075269, Reg 0.12877876881290884
09-Aug-26 03:19:39 - Epoch 234, Model Loss -0.13045931213042317, View Loss -0.8366221851772733, Reg 0.1333405265426324
09-Aug-26 03:20:37 - Epoch 235, Model Loss -0.1310429471770143, View Loss -0.827022550931943, Reg 0.13312882253157546
09-Aug-26 03:20:45 - Epoch 235: Train_acc 0.7712418300653595 Val_acc 0.6078431372549019 Test_acc 0.6073298429319371 Test_auc 0.6392307692307693
09-Aug-26 03:21:44 - Epoch 236, Model Loss -0.13184533010121263, View Loss -0.8357399351456586, Reg 0.12899817906174005
09-Aug-26 03:22:41 - Epoch 237, Model Loss -0.1306411277234944, View Loss -0.8278844808441361, Reg 0.13305171885911157
09-Aug-26 03:23:39 - Epoch 238, Model Loss -0.1322657267252604, View Loss -0.8384304973814223, Reg 0.13281827152164932
09-Aug-26 03:24:37 - Epoch 239, Model Loss -0.1301027329918606, View Loss -0.8350792982999016, Reg 0.1294467456005757
09-Aug-26 03:25:35 - Epoch 240, Model Loss -0.12929965896544113, View Loss -0.8414474593268501, Reg 0.13175025407005758
09-Aug-26 03:25:41 - Epoch 240: Train_acc 0.7712418300653595 Val_acc 0.5751633986928104 Test_acc 0.5968586387434555 Test_auc 0.6381318681318682
09-Aug-26 03:26:39 - Epoch 241, Model Loss -0.12964282433191934, View Loss -0.8366611518111884, Reg 0.1325430495092292
09-Aug-26 03:27:38 - Epoch 242, Model Loss -0.13119354571392333, View Loss -0.8348685269262276, Reg 0.13251500864044513
09-Aug-26 03:28:36 - Epoch 243, Model Loss -0.13208834505548664, View Loss -0.8368711514410629, Reg 0.129800186437719
09-Aug-26 03:29:34 - Epoch 244, Model Loss -0.13128783500272465, View Loss -0.8409400547251982, Reg 0.13111312950358672
09-Aug-26 03:30:32 - Epoch 245, Model Loss -0.13207630705989265, View Loss -0.8348374787498923, Reg 0.13393369005396474
09-Aug-26 03:30:42 - Epoch 245: Train_acc 0.7745098039215687 Val_acc 0.6143790849673203 Test_acc 0.6178010471204188 Test_auc 0.6496703296703297
09-Aug-26 03:31:39 - Epoch 246, Model Loss -0.12902876325682097, View Loss -0.8355254737380283, Reg 0.12782948522591123
09-Aug-26 03:32:37 - Epoch 247, Model Loss -0.13173306709021523, View Loss -0.841931513711518, Reg 0.13196846852505129
09-Aug-26 03:33:35 - Epoch 248, Model Loss -0.13042138448727678, View Loss -0.8390519689111149, Reg 0.1355503348548428
09-Aug-26 03:34:33 - Epoch 249, Model Loss -0.1338211237605101, View Loss -0.8441906886942246, Reg 0.12992267495666454
09-Aug-26 03:35:31 - Epoch 250, Model Loss -0.13237384916131012, View Loss -0.8404401174557754, Reg 0.130288983774341
09-Aug-26 03:35:39 - Epoch 250: Train_acc 1.0 Val_acc 0.5490196078431373 Test_acc 0.5759162303664922 Test_auc 0.6186813186813186
09-Aug-26 03:36:37 - Epoch 251, Model Loss -0.13387681845746008, View Loss -0.8359942225848928, Reg 0.13017379205211316
09-Aug-26 03:37:35 - Epoch 252, Model Loss -0.13136246040755628, View Loss -0.8326378990622127, Reg 0.1340130903557235
09-Aug-26 03:38:33 - Epoch 253, Model Loss -0.13343676944184146, View Loss -0.8389143487986397, Reg 0.13373391281545552
09-Aug-26 03:39:30 - Epoch 254, Model Loss -0.13381497883329205, View Loss -0.839269166678385, Reg 0.1297930351464577
09-Aug-26 03:40:29 - Epoch 255, Model Loss -0.13159039363362432, View Loss -0.8363413152351878, Reg 0.12988979690799526
09-Aug-26 03:40:35 - Epoch 255: Train_acc 0.7728758169934641 Val_acc 0.6209150326797386 Test_acc 0.6282722513089005 Test_auc 0.6475824175824175
09-Aug-26 03:41:33 - Epoch 256, Model Loss -0.13447587474498873, View Loss -0.8588395835527407, Reg 0.13304461071304247
09-Aug-26 03:42:31 - Epoch 257, Model Loss -0.13286862809673633, View Loss -0.8425321501064924, Reg 0.1330250159782522
09-Aug-26 03:43:29 - Epoch 258, Model Loss -0.13229727297047383, View Loss -0.8520822945763084, Reg 0.129620536431378
09-Aug-26 03:44:27 - Epoch 259, Model Loss -0.13274412529141294, View Loss -0.8547726951393426, Reg 0.13246127052439582
09-Aug-26 03:45:25 - Epoch 260, Model Loss -0.13436883025699192, View Loss -0.8443643127391541, Reg 0.1319986927548265
09-Aug-26 03:45:33 - Epoch 260: Train_acc 0.7777777777777778 Val_acc 0.6078431372549019 Test_acc 0.612565445026178 Test_auc 0.643846153846154
09-Aug-26 03:46:31 - Epoch 261, Model Loss -0.13389201335657655, View Loss -0.8342990411652459, Reg 0.12941527639339173
09-Aug-26 03:47:29 - Epoch 262, Model Loss -0.13332858175234077, View Loss -0.8357044263602862, Reg 0.13184796293186984
09-Aug-26 03:48:27 - Epoch 263, Model Loss -0.13283434257008672, View Loss -0.8262729457780427, Reg 0.13388029997255288
09-Aug-26 03:49:25 - Epoch 264, Model Loss -0.1344283591298496, View Loss -0.8331154682277854, Reg 0.13074688170275656
09-Aug-26 03:50:23 - Epoch 265, Model Loss -0.13384845249013963, View Loss -0.8253236440272113, Reg 0.13026661343044704
09-Aug-26 03:50:30 - Epoch 265: Train_acc 0.7810457516339869 Val_acc 0.6078431372549019 Test_acc 0.612565445026178 Test_auc 0.6253846153846154
09-Aug-26 03:51:27 - Epoch 266, Model Loss -0.1310550738004298, View Loss -0.8257622555190441, Reg 0.13225910622699588
09-Aug-26 03:52:25 - Epoch 267, Model Loss -0.13326972800921771, View Loss -0.8216175370746188, Reg 0.13205459869764988
09-Aug-26 03:53:23 - Epoch 268, Model Loss -0.13355584510790755, View Loss -0.8315074381485484, Reg 0.1308678799107963
09-Aug-26 03:54:20 - Epoch 269, Model Loss -0.1322752459376466, View Loss -0.8269233898399702, Reg 0.1303153454867843
09-Aug-26 03:55:18 - Epoch 270, Model Loss -0.13411600566377826, View Loss -0.836638501267028, Reg 0.13358365233037986
09-Aug-26 03:55:25 - Epoch 270: Train_acc 0.7810457516339869 Val_acc 0.6078431372549019 Test_acc 0.612565445026178 Test_auc 0.6386813186813186
09-Aug-26 03:56:23 - Epoch 271, Model Loss -0.13583263852237876, View Loss -0.8473079695421106, Reg 0.13085957485086777
09-Aug-26 03:57:20 - Epoch 272, Model Loss -0.13615867105963964, View Loss -0.8488730324639214, Reg 0.13211683617308248
09-Aug-26 03:58:18 - Epoch 273, Model Loss -0.13522484957003125, View Loss -0.8497221602333916, Reg 0.12998278740963903
09-Aug-26 03:59:16 - Epoch 274, Model Loss -0.13602102504057043, View Loss -0.882894565077389, Reg 0.1305676470297614
09-Aug-26 04:00:14 - Epoch 275, Model Loss -0.13770850577385596, View Loss -0.9229439200918659, Reg 0.13289202248154122
09-Aug-26 04:00:22 - Epoch 275: Train_acc 1.0 Val_acc 0.6209150326797386 Test_acc 0.5916230366492147 Test_auc 0.6323076923076922
09-Aug-26 04:01:20 - Epoch 276, Model Loss -0.13446442675746345, View Loss -0.9185286997969634, Reg 0.13120092441833098
09-Aug-26 04:02:18 - Epoch 277, Model Loss -0.13664883238817352, View Loss -0.8555851754020242, Reg 0.1324099142567005
09-Aug-26 04:03:16 - Epoch 278, Model Loss -0.1351885180068172, View Loss -0.8463807495590908, Reg 0.13127621024652245
09-Aug-26 04:04:14 - Epoch 279, Model Loss -0.1351114706276289, View Loss -0.8411904230616452, Reg 0.1301224665606723
09-Aug-26 04:05:12 - Epoch 280, Model Loss -0.134915292263031, View Loss -0.8385036131914925, Reg 0.13144194573358772
09-Aug-26 04:05:22 - Epoch 280: Train_acc 0.7843137254901961 Val_acc 0.6339869281045751 Test_acc 0.612565445026178 Test_auc 0.6397802197802198
09-Aug-26 04:06:20 - Epoch 281, Model Loss -0.13605017346494339, View Loss -0.8469753475750194, Reg 0.13379270442171035
09-Aug-26 04:07:18 - Epoch 282, Model Loss -0.13567287314171886, View Loss -0.8307226522296083, Reg 0.12925137891099345
09-Aug-26 04:08:15 - Epoch 283, Model Loss -0.13873079984016667, View Loss -0.8420561170266345, Reg 0.13110419401740717
09-Aug-26 04:09:13 - Epoch 284, Model Loss -0.13654595535565045, View Loss -0.8403290814044428, Reg 0.1348251913692437
09-Aug-26 04:10:12 - Epoch 285, Model Loss -0.13673976589651668, View Loss -0.8354026616788378, Reg 0.12998438874880472
09-Aug-26 04:10:19 - Epoch 285: Train_acc 0.7794117647058824 Val_acc 0.6209150326797386 Test_acc 0.5863874345549738 Test_auc 0.6458241758241758
09-Aug-26 04:11:20 - Epoch 286, Model Loss -0.1366125236149707, View Loss -0.8325779371791415, Reg 0.13024079113029965
09-Aug-26 04:12:22 - Epoch 287, Model Loss -0.13709968211604098, View Loss -0.8263791628133238, Reg 0.13243985078693216
09-Aug-26 04:13:24 - Epoch 288, Model Loss -0.13715030087365043, View Loss -0.825009239654915, Reg 0.13144036669746723
09-Aug-26 04:14:25 - Epoch 289, Model Loss -0.13489666055230534, View Loss -0.8231360577290354, Reg 0.13122187092218524
09-Aug-26 04:15:27 - Epoch 290, Model Loss -0.132518930372849, View Loss -0.8217606489954431, Reg 0.13046159590381423
09-Aug-26 04:15:45 - Epoch 290: Train_acc 0.7745098039215687 Val_acc 0.6209150326797386 Test_acc 0.612565445026178 Test_auc 0.6403296703296704
09-Aug-26 04:16:47 - Epoch 291, Model Loss -0.1367115004389894, View Loss -0.8283651007546319, Reg 0.13327581002042185
09-Aug-26 04:17:48 - Epoch 292, Model Loss -0.1392511499473472, View Loss -0.8293164423088623, Reg 0.1315449593113918
09-Aug-26 04:18:50 - Epoch 293, Model Loss -0.13587861026034637, View Loss -0.8288400243310368, Reg 0.12925145760470746
09-Aug-26 04:19:51 - Epoch 294, Model Loss -0.1358958804139904, View Loss -0.8257336787928163, Reg 0.13212028584059546
09-Aug-26 04:20:53 - Epoch 295, Model Loss -0.1381704170329898, View Loss -0.8287600929441016, Reg 0.1310195964730643
09-Aug-26 04:21:12 - Epoch 295: Train_acc 0.7745098039215687 Val_acc 0.6013071895424836 Test_acc 0.6073298429319371 Test_auc 0.64
09-Aug-26 04:22:13 - Epoch 296, Model Loss -0.13582360647083108, View Loss -0.8319053384992812, Reg 0.13108443483418108
09-Aug-26 04:23:15 - Epoch 297, Model Loss -0.13779057396782768, View Loss -0.8222230259889092, Reg 0.13123159996824327
09-Aug-26 04:24:17 - Epoch 298, Model Loss -0.13735835556111303, View Loss -0.8306008811090507, Reg 0.13034811654901193
09-Aug-26 04:25:21 - Epoch 299, Model Loss -0.13856820070665646, View Loss -0.8299758800494126, Reg 0.1329521337171006
09-Aug-26 04:26:23 - Epoch 300, Model Loss -0.13824262455397962, View Loss -0.8347771222295325, Reg 0.13121505008608686
09-Aug-26 04:26:42 - Epoch 300: Train_acc 0.7810457516339869 Val_acc 0.6143790849673203 Test_acc 0.5968586387434555 Test_auc 0.6438461538461538
09-Aug-26 04:26:42 - FinishedTraining! BestEpoch (eval-interval index): 1
09-Aug-26 04:26:42 - Wrote /users/3171356m/muhammad/GraSTIACL/nested_cv/results/nocombat__emb512_bs128__fold3.json
09-Aug-26 04:26:42 - {
  "emb_dim": 512,
  "batch_size": 128,
  "fold": 3,
  "combat": false,
  "n_train": 612,
  "n_val": 153,
  "n_test": 191,
  "best_val_epoch_idx": 1,
  "train_accuracy": 0.7892156862745098,
  "val_accuracy": 0.6470588235294118,
  "test_accuracy": 0.581151832460733,
  "train_f1": 0.7809847198641766,
  "val_f1": 0.6142857142857143,
  "test_f1": 0.5789473684210527,
  "train_sensitivity": 0.7903780041567766,
  "val_sensitivity": 0.589041087821355,
  "test_sensitivity": 0.6043955977538945,
  "train_specificity": 0.7881619913141371,
  "val_specificity": 0.6999999912500001,
  "test_specificity": 0.5599999944,
  "train_precision": 0.7718120805369127,
  "val_precision": 0.6417910447761194,
  "test_precision": 0.5555555555555556,
  "test_auc": 0.614065934065934,
  "fin_reg": 0.1409760772987129
}
