08-Aug-26 23:00:29 - Using Device: cuda
08-Aug-26 23:00:29 - Seed: 123, Fold: 0, ComBat: False
08-Aug-26 23:00:29 - Namespace(fold=0, combat=False, num_dyn_windows=3, model_lr=0.0005, view_lr=0.0005, num_gc_layers=2, pooling_type='standard', emb_dim=512, vib_hidden_dim=400, batch_size=128, drop_ratio=0.3, epochs=300, kld_lambda=0.003, reg_lambda=0.2, gamma_mode='paper_literal', node_feature_mode='alff_pcc', mij_source='alff_pcc', template=90, eval_interval=5, downstream_classifier='linear', ce_lambda=2.0, seed=123)
08-Aug-26 23:00:29 - Loading raw subject data...
08-Aug-26 23:03:44 - Loaded 956 subjects (455 ASD, 501 NC)
08-Aug-26 23:03:44 - alff_pcc scale stats (train_val_idx only): alff=[-3.5994,5.6307] pcc=[-0.7600,1.0000]
08-Aug-26 23:03:44 - Train/Val/Test sizes: 611/153/192
08-Aug-26 23:04:45 - Epoch 1, Model Loss 1.2016775595868667, View Loss -8.338632335444323, Reg 0.3882462000885884
08-Aug-26 23:05:46 - Epoch 2, Model Loss 0.4530922199329651, View Loss -5.446330453682258, Reg 0.12563405282271084
08-Aug-26 23:06:46 - Epoch 3, Model Loss 0.31226906178552666, View Loss -2.0139217101610623, Reg 0.17865450253463222
08-Aug-26 23:07:46 - Epoch 4, Model Loss 0.17808553588663498, View Loss -1.2313364391045953, Reg 0.2610819203910188
08-Aug-26 23:08:47 - Epoch 5, Model Loss 0.15263979219863535, View Loss -2.133137995599725, Reg 0.13960810488550246
08-Aug-26 23:09:10 - Epoch 5: Train_acc 0.7692307692307693 Val_acc 0.6274509803921569 Test_acc 0.59375 Test_auc 0.6478076379066479
08-Aug-26 23:10:10 - Epoch 6, Model Loss 0.10374639350341697, View Loss -2.6834457509841543, Reg 0.1803718157076016
08-Aug-26 23:11:10 - Epoch 7, Model Loss 0.10012617892602461, View Loss -2.6849522243349915, Reg 0.15259985042867022
08-Aug-26 23:12:10 - Epoch 8, Model Loss 0.06936176489495997, View Loss -2.5640023581915323, Reg 0.1470351764252455
08-Aug-26 23:13:10 - Epoch 9, Model Loss 0.057571335285658144, View Loss -2.493357051608996, Reg 0.15140037525158662
08-Aug-26 23:14:11 - Epoch 10, Model Loss 0.04524489939700562, View Loss -2.384932194520916, Reg 0.14457692674158443
08-Aug-26 23:14:28 - Epoch 10: Train_acc 0.7774140752864157 Val_acc 0.6078431372549019 Test_acc 0.6041666666666666 Test_auc 0.6418235230116419
08-Aug-26 23:15:28 - Epoch 11, Model Loss 0.034319427931367275, View Loss -2.257896388220904, Reg 0.14482808332591518
08-Aug-26 23:16:28 - Epoch 12, Model Loss 0.03596947767730625, View Loss -2.069737165922424, Reg 0.1439223978942818
08-Aug-26 23:17:28 - Epoch 13, Model Loss 0.017839912721451294, View Loss -1.8793000757401586, Reg 0.15088290715081018
08-Aug-26 23:18:28 - Epoch 14, Model Loss 0.02526669996850034, View Loss -1.7017746970618415, Reg 0.14412940436221183
08-Aug-26 23:19:28 - Epoch 15, Model Loss 0.01564079532841809, View Loss -1.566539916976579, Reg 0.14359884015276858
/users/3171356m/miniconda3/envs/grastiacl/lib/python3.12/site-packages/joblib/externals/loky/process_executor.py:782: UserWarning: A worker stopped while some jobs were given to the executor. This can be caused by a too short worker timeout or by a memory leak.
  warnings.warn(
08-Aug-26 23:19:45 - Epoch 15: Train_acc 0.7757774140752864 Val_acc 0.6274509803921569 Test_acc 0.6145833333333334 Test_auc 0.6484604504406485
08-Aug-26 23:20:44 - Epoch 16, Model Loss 0.002427712399908837, View Loss -1.5133557274766913, Reg 0.14054031455477795
08-Aug-26 23:21:43 - Epoch 17, Model Loss 0.0031615193268671364, View Loss -1.504069577652577, Reg 0.13762321782873033
08-Aug-26 23:22:42 - Epoch 18, Model Loss -0.005240089228032264, View Loss -1.4991956256610477, Reg 0.1356045347432653
08-Aug-26 23:23:41 - Epoch 19, Model Loss -0.00366388436912905, View Loss -1.4898443415200067, Reg 0.14609987653316336
08-Aug-26 23:24:40 - Epoch 20, Model Loss -0.007907815436099438, View Loss -1.462042042354515, Reg 0.14034556764530082
/users/3171356m/miniconda3/envs/grastiacl/lib/python3.12/site-packages/joblib/externals/loky/process_executor.py:782: UserWarning: A worker stopped while some jobs were given to the executor. This can be caused by a too short worker timeout or by a memory leak.
  warnings.warn(
08-Aug-26 23:24:49 - Epoch 20: Train_acc 0.7708674304418985 Val_acc 0.6078431372549019 Test_acc 0.6041666666666666 Test_auc 0.6454139919486456
08-Aug-26 23:25:47 - Epoch 21, Model Loss -0.009016744633938404, View Loss -1.4272148082377283, Reg 0.13828229123753924
08-Aug-26 23:26:46 - Epoch 22, Model Loss -0.0179573477485176, View Loss -1.4089110436103933, Reg 0.14012392067675114
08-Aug-26 23:27:44 - Epoch 23, Model Loss -0.027235048931281033, View Loss -1.387549238197152, Reg 0.13990869793778746
08-Aug-26 23:28:43 - Epoch 24, Model Loss -0.029252464698594056, View Loss -1.3915350667388466, Reg 0.13584417276657546
08-Aug-26 23:29:42 - Epoch 25, Model Loss -0.029240353066480297, View Loss -1.3888317592405452, Reg 0.1382414201326339
08-Aug-26 23:29:52 - Epoch 25: Train_acc 0.779050736497545 Val_acc 0.6013071895424836 Test_acc 0.6145833333333334 Test_auc 0.6473724295506473
08-Aug-26 23:30:50 - Epoch 26, Model Loss -0.039432362941400116, View Loss -1.3794795140111895, Reg 0.14039754440761043
08-Aug-26 23:31:49 - Epoch 27, Model Loss -0.033671919286933936, View Loss -1.365815616083223, Reg 0.13732180060321883
08-Aug-26 23:32:47 - Epoch 28, Model Loss -0.033446522371663595, View Loss -1.346048256769508, Reg 0.13918483818221208
08-Aug-26 23:33:46 - Epoch 29, Model Loss -0.036329515607579445, View Loss -1.386356301861777, Reg 0.13618726638159462
08-Aug-26 23:34:44 - Epoch 30, Model Loss -0.038039408807083355, View Loss -1.359273112347005, Reg 0.13616466092985313
08-Aug-26 23:34:52 - Epoch 30: Train_acc 0.7741407528641571 Val_acc 0.5882352941176471 Test_acc 0.6041666666666666 Test_auc 0.6449787835926449
08-Aug-26 23:35:50 - Epoch 31, Model Loss -0.04012249100422898, View Loss -1.3258454785994733, Reg 0.1426195844934732
08-Aug-26 23:36:48 - Epoch 32, Model Loss -0.04701786748028426, View Loss -1.3212505264875347, Reg 0.14264012175671598
08-Aug-26 23:37:46 - Epoch 33, Model Loss -0.04938702243829905, View Loss -1.3188332338770166, Reg 0.1390569775369866
08-Aug-26 23:38:44 - Epoch 34, Model Loss -0.050179632469011796, View Loss -1.3211135961810423, Reg 0.13613476678607117
08-Aug-26 23:39:43 - Epoch 35, Model Loss -0.05257025773220874, View Loss -1.3077769254116303, Reg 0.13693969405321754
08-Aug-26 23:39:52 - Epoch 35: Train_acc 0.7823240589198036 Val_acc 0.5816993464052288 Test_acc 0.625 Test_auc 0.6458492003046459
08-Aug-26 23:40:50 - Epoch 36, Model Loss -0.05378151230160421, View Loss -1.2947398605596414, Reg 0.1410661771186245
08-Aug-26 23:41:48 - Epoch 37, Model Loss -0.05656296185502834, View Loss -1.2863343058553343, Reg 0.14125632747105413
08-Aug-26 23:42:46 - Epoch 38, Model Loss -0.057173270835814034, View Loss -1.2882632863892276, Reg 0.14011981932114073
08-Aug-26 23:43:45 - Epoch 39, Model Loss -0.0581824427101694, View Loss -1.2732101622267753, Reg 0.14159330842732992
08-Aug-26 23:44:43 - Epoch 40, Model Loss -0.059774874226356293, View Loss -1.2557422010481065, Reg 0.1424382815286883
08-Aug-26 23:44:49 - Epoch 40: Train_acc 0.9476268412438625 Val_acc 0.49019607843137253 Test_acc 0.578125 Test_auc 0.6073332607986073
08-Aug-26 23:45:48 - Epoch 41, Model Loss -0.06148190847590395, View Loss -1.251486323469009, Reg 0.14236222822127678
08-Aug-26 23:46:46 - Epoch 42, Model Loss -0.06295150937893582, View Loss -1.2396892221391493, Reg 0.14038001349631776
08-Aug-26 23:47:44 - Epoch 43, Model Loss -0.06367330626262971, View Loss -1.2525308120465317, Reg 0.14192313346066765
08-Aug-26 23:48:42 - Epoch 44, Model Loss -0.06620771707372462, View Loss -1.2353113437050103, Reg 0.14219445824232899
08-Aug-26 23:49:41 - Epoch 45, Model Loss -0.06710618153921712, View Loss -1.228561646419344, Reg 0.14260339434525385
08-Aug-26 23:49:48 - Epoch 45: Train_acc 0.7757774140752864 Val_acc 0.5882352941176471 Test_acc 0.6302083333333334 Test_auc 0.6516157110216517
08-Aug-26 23:50:47 - Epoch 46, Model Loss -0.07091410840981915, View Loss -1.2344128404623553, Reg 0.14292021435967445
08-Aug-26 23:51:45 - Epoch 47, Model Loss -0.06362198588305722, View Loss -1.2129638292590452, Reg 0.1450398339967681
08-Aug-26 23:52:43 - Epoch 48, Model Loss -0.06625750490179233, View Loss -1.2081935846668999, Reg 0.14264850852532396
08-Aug-26 23:53:42 - Epoch 49, Model Loss -0.069037451535317, View Loss -1.196890930887525, Reg 0.1412447592923372
08-Aug-26 23:54:40 - Epoch 50, Model Loss -0.07239190002510083, View Loss -1.199930587884057, Reg 0.14370488023016534
08-Aug-26 23:54:46 - Epoch 50: Train_acc 0.7708674304418985 Val_acc 0.6013071895424836 Test_acc 0.6041666666666666 Test_auc 0.6465020128386466
08-Aug-26 23:55:44 - Epoch 51, Model Loss -0.0766304725515862, View Loss -1.197730533034829, Reg 0.14234434302329238
08-Aug-26 23:56:42 - Epoch 52, Model Loss -0.07729132890506189, View Loss -1.2005206137749256, Reg 0.14277591377057733
08-Aug-26 23:57:41 - Epoch 53, Model Loss -0.07587094246463183, View Loss -1.1926044809057357, Reg 0.1426174333730618
08-Aug-26 23:58:39 - Epoch 54, Model Loss -0.07612778570765169, View Loss -1.179606730536041, Reg 0.14512240889127048
08-Aug-26 23:59:37 - Epoch 55, Model Loss -0.07441522329801818, View Loss -1.172205911720638, Reg 0.14363242400453446
08-Aug-26 23:59:43 - Epoch 55: Train_acc 0.7692307692307693 Val_acc 0.5816993464052288 Test_acc 0.6354166666666666 Test_auc 0.6530301381786531
09-Aug-26 00:00:42 - Epoch 56, Model Loss -0.07527415003206843, View Loss -1.1729345945991978, Reg 0.14287036954868834
09-Aug-26 00:01:40 - Epoch 57, Model Loss -0.07765305695869333, View Loss -1.166270532896788, Reg 0.14495130988072646
09-Aug-26 00:02:38 - Epoch 58, Model Loss -0.08127224962371851, View Loss -1.1919309558337723, Reg 0.14469883433633077
09-Aug-26 00:03:36 - Epoch 59, Model Loss -0.08125834076767467, View Loss -1.1808955366989984, Reg 0.14305407306371462
09-Aug-26 00:04:35 - Epoch 60, Model Loss -0.078112687982631, View Loss -1.160301044022393, Reg 0.14082991633009403
09-Aug-26 00:04:42 - Epoch 60: Train_acc 0.7774140752864157 Val_acc 0.5751633986928104 Test_acc 0.6197916666666666 Test_auc 0.651942117288652
09-Aug-26 00:05:40 - Epoch 61, Model Loss -0.07911959734368831, View Loss -1.1619594555634718, Reg 0.14133538637438303
09-Aug-26 00:06:39 - Epoch 62, Model Loss -0.08124931993148916, View Loss -1.1775047950775845, Reg 0.14331910948218768
09-Aug-26 00:07:37 - Epoch 63, Model Loss -0.08488130140226523, View Loss -1.1715124154832282, Reg 0.1445115569570451
09-Aug-26 00:08:35 - Epoch 64, Model Loss -0.08631975307402166, View Loss -1.152876658837651, Reg 0.1443116531727162
09-Aug-26 00:09:34 - Epoch 65, Model Loss -0.0829650996749803, View Loss -1.1536107006712943, Reg 0.14543740085513618
09-Aug-26 00:09:42 - Epoch 65: Train_acc 0.7806873977086743 Val_acc 0.5882352941176471 Test_acc 0.5989583333333334 Test_auc 0.6537917528016539
09-Aug-26 00:10:40 - Epoch 66, Model Loss -0.08497920793324172, View Loss -1.1418786372763825, Reg 0.14328138703410248
09-Aug-26 00:11:38 - Epoch 67, Model Loss -0.0869400803176549, View Loss -1.1343480292006523, Reg 0.14321495226771858
09-Aug-26 00:12:36 - Epoch 68, Model Loss -0.08473774395675784, View Loss -1.1240340765876582, Reg 0.14232702065509198
09-Aug-26 00:13:34 - Epoch 69, Model Loss -0.08735825436009909, View Loss -1.1234339672687987, Reg 0.14362035747830879
09-Aug-26 00:14:33 - Epoch 70, Model Loss -0.09126423511489519, View Loss -1.1194368091620712, Reg 0.1442228335454304
09-Aug-26 00:14:39 - Epoch 70: Train_acc 0.7708674304418985 Val_acc 0.5751633986928104 Test_acc 0.609375 Test_auc 0.6536829507126538
09-Aug-26 00:15:37 - Epoch 71, Model Loss -0.08925497268498822, View Loss -1.1070476961604117, Reg 0.14175377320345803
09-Aug-26 00:16:35 - Epoch 72, Model Loss -0.0895605314090092, View Loss -1.1115441503774515, Reg 0.1437376930017128
09-Aug-26 00:17:33 - Epoch 73, Model Loss -0.08866493274654383, View Loss -1.113958041913771, Reg 0.14225121525325088
09-Aug-26 00:18:32 - Epoch 74, Model Loss -0.09275537729263306, View Loss -1.104819623616245, Reg 0.14265871184547288
09-Aug-26 00:19:30 - Epoch 75, Model Loss -0.09009734210718283, View Loss -1.1026224481298568, Reg 0.14215335252339634
09-Aug-26 00:19:38 - Epoch 75: Train_acc 0.7774140752864157 Val_acc 0.5882352941176471 Test_acc 0.5989583333333334 Test_auc 0.6510717005766511
09-Aug-26 00:20:36 - Epoch 76, Model Loss -0.091609516822765, View Loss -1.0990237220024321, Reg 0.1437203513180956
09-Aug-26 00:21:35 - Epoch 77, Model Loss -0.0943448166507746, View Loss -1.089899530387354, Reg 0.14328969488264887
09-Aug-26 00:22:33 - Epoch 78, Model Loss -0.09377520164374244, View Loss -1.089476212737213, Reg 0.14226180836924165
09-Aug-26 00:23:31 - Epoch 79, Model Loss -0.09324017025640086, View Loss -1.0864144120786077, Reg 0.1419393373150287
09-Aug-26 00:24:30 - Epoch 80, Model Loss -0.09570321055363906, View Loss -1.089176795876748, Reg 0.14416652271575897
09-Aug-26 00:24:39 - Epoch 80: Train_acc 0.7757774140752864 Val_acc 0.5947712418300654 Test_acc 0.625 Test_auc 0.6583614405396583
09-Aug-26 00:25:37 - Epoch 81, Model Loss -0.09472616029058853, View Loss -1.0983006688850017, Reg 0.14496856101113334
09-Aug-26 00:26:35 - Epoch 82, Model Loss -0.0933468606682729, View Loss -1.0771069669099174, Reg 0.1419106700172596
09-Aug-26 00:27:33 - Epoch 83, Model Loss -0.09504698536399929, View Loss -1.0623004731101802, Reg 0.1422713305770668
09-Aug-26 00:28:31 - Epoch 84, Model Loss -0.09426641898342514, View Loss -1.0601187072291898, Reg 0.14212967231016113
09-Aug-26 00:29:30 - Epoch 85, Model Loss -0.0969703582812058, View Loss -1.060523836000071, Reg 0.14328736617990484
09-Aug-26 00:29:35 - Epoch 85: Train_acc 0.7675941080196399 Val_acc 0.5816993464052288 Test_acc 0.6197916666666666 Test_auc 0.6612990969426613
09-Aug-26 00:30:34 - Epoch 86, Model Loss -0.0957022178095023, View Loss -1.0508359992562653, Reg 0.14264681208543417
09-Aug-26 00:31:32 - Epoch 87, Model Loss -0.09315160848505173, View Loss -1.0464561151404623, Reg 0.14313591350900365
09-Aug-26 00:32:30 - Epoch 88, Model Loss -0.09758444293821307, View Loss -1.0573812258809365, Reg 0.1449671975914663
09-Aug-26 00:33:29 - Epoch 89, Model Loss -0.09499829271030895, View Loss -1.0471459324738397, Reg 0.1413856146524854
09-Aug-26 00:34:28 - Epoch 90, Model Loss -0.09733548165343202, View Loss -1.0440280339916872, Reg 0.14181076214571045
09-Aug-26 00:34:34 - Epoch 90: Train_acc 0.7774140752864157 Val_acc 0.5751633986928104 Test_acc 0.6197916666666666 Test_auc 0.6626047220106626
09-Aug-26 00:35:32 - Epoch 91, Model Loss -0.10047907437123176, View Loss -1.03720580946209, Reg 0.14155150991414847
09-Aug-26 00:36:30 - Epoch 92, Model Loss -0.1058361655171296, View Loss -1.039273306507916, Reg 0.14284853351877091
09-Aug-26 00:37:29 - Epoch 93, Model Loss -0.09937404883863883, View Loss -1.0405390297722699, Reg 0.14209134632846532
09-Aug-26 00:38:27 - Epoch 94, Model Loss -0.10211751025944411, View Loss -1.0435412049098414, Reg 0.14315872111414146
09-Aug-26 00:39:26 - Epoch 95, Model Loss -0.10329351429073003, View Loss -1.0176610796424255, Reg 0.14115762471567395
09-Aug-26 00:39:32 - Epoch 95: Train_acc 0.779050736497545 Val_acc 0.5816993464052288 Test_acc 0.6197916666666666 Test_auc 0.6605374823196606
09-Aug-26 00:40:30 - Epoch 96, Model Loss -0.0999766428224779, View Loss -1.0274577493948553, Reg 0.14041896622914535
09-Aug-26 00:41:28 - Epoch 97, Model Loss -0.10379331323597123, View Loss -1.0233249088746241, Reg 0.14265495202155043
09-Aug-26 00:42:26 - Epoch 98, Model Loss -0.10003578253151352, View Loss -1.014740513896786, Reg 0.14328431341730047
09-Aug-26 00:43:25 - Epoch 99, Model Loss -0.10263662662131501, View Loss -1.0227774914274825, Reg 0.14161709033916117
09-Aug-26 00:44:23 - Epoch 100, Model Loss -0.10427666246988575, View Loss -1.0085032918839525, Reg 0.14191890111629
09-Aug-26 00:44:31 - Epoch 100: Train_acc 0.7725040916530278 Val_acc 0.5816993464052288 Test_acc 0.6041666666666666 Test_auc 0.6605374823196607
09-Aug-26 00:45:29 - Epoch 101, Model Loss -0.10442608911940392, View Loss -1.0195465917087811, Reg 0.14351152010420534
09-Aug-26 00:46:28 - Epoch 102, Model Loss -0.10516255952527598, View Loss -1.0562998011537543, Reg 0.14070902463603527
09-Aug-26 00:47:26 - Epoch 103, Model Loss -0.10703299410409506, View Loss -1.0516920397987928, Reg 0.1436267152745673
09-Aug-26 00:48:24 - Epoch 104, Model Loss -0.10626512536635765, View Loss -1.0074673278437114, Reg 0.14048837420398005
09-Aug-26 00:49:23 - Epoch 105, Model Loss -0.10259447126068577, View Loss -0.9937756469323865, Reg 0.14041796327856676
09-Aug-26 00:49:29 - Epoch 105: Train_acc 0.7741407528641571 Val_acc 0.5620915032679739 Test_acc 0.640625 Test_auc 0.6626047220106626
09-Aug-26 00:50:27 - Epoch 106, Model Loss -0.10769986969749588, View Loss -0.9981795524029021, Reg 0.14208787435790715
09-Aug-26 00:51:25 - Epoch 107, Model Loss -0.10930887210973936, View Loss -0.9949410568477675, Reg 0.14270951626929052
09-Aug-26 00:52:23 - Epoch 108, Model Loss -0.11034652751713454, View Loss -0.9948046096218003, Reg 0.140882800709694
09-Aug-26 00:53:21 - Epoch 109, Model Loss -0.10712155060760323, View Loss -0.9911276704941171, Reg 0.14101913078717046
09-Aug-26 00:54:20 - Epoch 110, Model Loss -0.10996687334219875, View Loss -0.9835989297704494, Reg 0.14187826145495214
09-Aug-26 00:54:25 - Epoch 110: Train_acc 0.7741407528641571 Val_acc 0.5751633986928104 Test_acc 0.6145833333333334 Test_auc 0.6616255032096616
09-Aug-26 00:55:23 - Epoch 111, Model Loss -0.10871754081861867, View Loss -1.005200308590591, Reg 0.14236926554462914
09-Aug-26 00:56:21 - Epoch 112, Model Loss -0.10693944076079198, View Loss -0.9913733485482523, Reg 0.1399805039264957
09-Aug-26 00:57:20 - Epoch 113, Model Loss -0.10787250606401072, View Loss -0.9952572677802728, Reg 0.14063326938842985
09-Aug-26 00:58:18 - Epoch 114, Model Loss -0.10836886320683843, View Loss -0.9877801733594479, Reg 0.14202882742140374
09-Aug-26 00:59:17 - Epoch 115, Model Loss -0.10866921110941423, View Loss -0.9944799457556293, Reg 0.1434501131993464
09-Aug-26 00:59:22 - Epoch 115: Train_acc 0.7692307692307693 Val_acc 0.5882352941176471 Test_acc 0.6145833333333334 Test_auc 0.6622783157436622
09-Aug-26 01:00:20 - Epoch 116, Model Loss -0.11052600334592029, View Loss -0.9905797399202463, Reg 0.13930006332561348
09-Aug-26 01:01:18 - Epoch 117, Model Loss -0.11114388040942177, View Loss -0.9875648839188871, Reg 0.14127456056603432
09-Aug-26 01:02:17 - Epoch 118, Model Loss -0.10978393654191163, View Loss -0.9618126403680605, Reg 0.14237245390536157
09-Aug-26 01:03:15 - Epoch 119, Model Loss -0.1098260730261108, View Loss -0.9644953457306332, Reg 0.1393264071397032
09-Aug-26 01:04:14 - Epoch 120, Model Loss -0.1116365486978509, View Loss -0.9549489245672272, Reg 0.14072853343869193
09-Aug-26 01:04:21 - Epoch 120: Train_acc 0.7774140752864157 Val_acc 0.5882352941176471 Test_acc 0.625 Test_auc 0.6631487324556631
09-Aug-26 01:05:19 - Epoch 121, Model Loss -0.11011869256703241, View Loss -0.9598584266809317, Reg 0.1413677191627006
09-Aug-26 01:06:18 - Epoch 122, Model Loss -0.10927561574208561, View Loss -0.9664227660080805, Reg 0.14133527345723684
09-Aug-26 01:07:16 - Epoch 123, Model Loss -0.10873855184611245, View Loss -0.9379735882660761, Reg 0.1419799884631864
09-Aug-26 01:08:15 - Epoch 124, Model Loss -0.10951484898303418, View Loss -0.9401030165864286, Reg 0.138690467344661
09-Aug-26 01:09:13 - Epoch 125, Model Loss -0.11367855251518287, View Loss -0.9357652223246773, Reg 0.14096914300064017
09-Aug-26 01:09:20 - Epoch 125: Train_acc 0.7774140752864157 Val_acc 0.5751633986928104 Test_acc 0.6458333333333334 Test_auc 0.666956805570667
09-Aug-26 01:10:19 - Epoch 126, Model Loss -0.11607749474809524, View Loss -0.9554553308970799, Reg 0.14116312875587694
09-Aug-26 01:11:17 - Epoch 127, Model Loss -0.11594476695926997, View Loss -0.9472189638306389, Reg 0.13987998930209983
09-Aug-26 01:12:15 - Epoch 128, Model Loss -0.11350094472132806, View Loss -0.9370306115688942, Reg 0.1434165760996689
09-Aug-26 01:13:13 - Epoch 129, Model Loss -0.11411185828441489, View Loss -0.9698491687665399, Reg 0.13880635797977448
09-Aug-26 01:14:12 - Epoch 130, Model Loss -0.11432476373428994, View Loss -1.026636218868574, Reg 0.1428717733307478
09-Aug-26 01:14:18 - Epoch 130: Train_acc 0.7806873977086743 Val_acc 0.5816993464052288 Test_acc 0.6197916666666666 Test_auc 0.6615167011206615
09-Aug-26 01:15:16 - Epoch 131, Model Loss -0.11576522294120976, View Loss -1.070201520248638, Reg 0.14198635374660773
09-Aug-26 01:16:15 - Epoch 132, Model Loss -0.11465071022217871, View Loss -1.0353234770255082, Reg 0.14129478567311884
09-Aug-26 01:17:13 - Epoch 133, Model Loss -0.1123463666087867, View Loss -0.9756713596381454, Reg 0.1343000288290595
09-Aug-26 01:18:11 - Epoch 134, Model Loss -0.11457219539414451, View Loss -0.9707334029889145, Reg 0.14041884926356582
09-Aug-26 01:19:10 - Epoch 135, Model Loss -0.11550779662623928, View Loss -0.9375538441631486, Reg 0.14418995199929283
09-Aug-26 01:19:21 - Epoch 135: Train_acc 0.7774140752864157 Val_acc 0.5686274509803921 Test_acc 0.6145833333333334 Test_auc 0.6557501904036558
09-Aug-26 01:20:19 - Epoch 136, Model Loss -0.11685191238765436, View Loss -0.9347635497828357, Reg 0.14358686196043136
09-Aug-26 01:21:17 - Epoch 137, Model Loss -0.11845924869886983, View Loss -0.935751745431591, Reg 0.14136463047634756
09-Aug-26 01:22:15 - Epoch 138, Model Loss -0.11861522932294542, View Loss -0.9302887360515064, Reg 0.14057433114992227
09-Aug-26 01:23:14 - Epoch 139, Model Loss -0.11586741329995388, View Loss -0.929444400456455, Reg 0.13859178542895714
09-Aug-26 01:24:13 - Epoch 140, Model Loss -0.11686992211154557, View Loss -0.9249633755504402, Reg 0.14002580777322798
/users/3171356m/miniconda3/envs/grastiacl/lib/python3.12/site-packages/joblib/externals/loky/process_executor.py:782: UserWarning: A worker stopped while some jobs were given to the executor. This can be caused by a too short worker timeout or by a memory leak.
  warnings.warn(
09-Aug-26 01:24:24 - Epoch 140: Train_acc 0.7725040916530278 Val_acc 0.5816993464052288 Test_acc 0.6354166666666666 Test_auc 0.6602110760526603
09-Aug-26 01:25:22 - Epoch 141, Model Loss -0.11638724852700866, View Loss -0.9149243542878795, Reg 0.14037300480465648
09-Aug-26 01:26:21 - Epoch 142, Model Loss -0.11543910563870069, View Loss -0.9157328935379677, Reg 0.13924151415130315
09-Aug-26 01:27:19 - Epoch 143, Model Loss -0.11674019957720355, View Loss -0.9141111853860209, Reg 0.14130361185526497
09-Aug-26 01:28:18 - Epoch 144, Model Loss -0.1163284819567067, View Loss -0.9177532047764955, Reg 0.14087347179017168
09-Aug-26 01:29:16 - Epoch 145, Model Loss -0.11889915380462297, View Loss -0.9234507905285799, Reg 0.1398228937104564
09-Aug-26 01:29:23 - Epoch 145: Train_acc 0.7757774140752864 Val_acc 0.5947712418300654 Test_acc 0.6197916666666666 Test_auc 0.6635839408116636
09-Aug-26 01:30:22 - Epoch 146, Model Loss -0.11427629784164178, View Loss -0.911661282693891, Reg 0.14066296345180848
09-Aug-26 01:31:20 - Epoch 147, Model Loss -0.12005501483153985, View Loss -0.9085758723525876, Reg 0.13894456920081386
09-Aug-26 01:32:18 - Epoch 148, Model Loss -0.11955136177777854, View Loss -0.9096037129918799, Reg 0.13963240660641665
09-Aug-26 01:33:17 - Epoch 149, Model Loss -0.11959303430176406, View Loss -0.9160649795969262, Reg 0.14112106916752268
09-Aug-26 01:34:15 - Epoch 150, Model Loss -0.11867383419979613, View Loss -0.9283379008063708, Reg 0.13750621286234566
09-Aug-26 01:34:24 - Epoch 150: Train_acc 0.7741407528641571 Val_acc 0.5686274509803921 Test_acc 0.6197916666666666 Test_auc 0.6591230551626592
09-Aug-26 01:35:22 - Epoch 151, Model Loss -0.1178795129499732, View Loss -0.924016374417881, Reg 0.1425631389436472
09-Aug-26 01:36:20 - Epoch 152, Model Loss -0.12006020458162124, View Loss -0.9103241394077307, Reg 0.14000510684109357
09-Aug-26 01:37:20 - Epoch 153, Model Loss -0.118327547504937, View Loss -0.9121772612760578, Reg 0.13936303948614678
09-Aug-26 01:38:19 - Epoch 154, Model Loss -0.12158041333996138, View Loss -0.9238500202931281, Reg 0.13856957477262874
09-Aug-26 01:39:19 - Epoch 155, Model Loss -0.11832631765918139, View Loss -0.9254496319984649, Reg 0.13994129409376416
/users/3171356m/miniconda3/envs/grastiacl/lib/python3.12/site-packages/joblib/externals/loky/process_executor.py:782: UserWarning: A worker stopped while some jobs were given to the executor. This can be caused by a too short worker timeout or by a memory leak.
  warnings.warn(
09-Aug-26 01:39:31 - Epoch 155: Train_acc 0.779050736497545 Val_acc 0.5947712418300654 Test_acc 0.6302083333333334 Test_auc 0.6593406593406594
09-Aug-26 01:40:29 - Epoch 156, Model Loss -0.11690925429963832, View Loss -0.9054840373914878, Reg 0.1397934094827421
09-Aug-26 01:41:28 - Epoch 157, Model Loss -0.11767820416417722, View Loss -0.9041301298843858, Reg 0.1413773692132213
09-Aug-26 01:42:26 - Epoch 158, Model Loss -0.11918029037903256, View Loss -0.9784988469265877, Reg 0.13847595483747518
09-Aug-26 01:43:24 - Epoch 159, Model Loss -0.11861240405302781, View Loss -1.1661404062995349, Reg 0.1534819616623674
09-Aug-26 01:44:23 - Epoch 160, Model Loss -0.11850139171909388, View Loss -1.4458868671361047, Reg 0.11227664017345629
09-Aug-26 01:44:30 - Epoch 160: Train_acc 0.8527004909983633 Val_acc 0.48366013071895425 Test_acc 0.5989583333333334 Test_auc 0.6383418561636384
09-Aug-26 01:45:28 - Epoch 161, Model Loss -0.11966754381473248, View Loss -1.7112206718145142, Reg 0.18314908494877152
09-Aug-26 01:46:27 - Epoch 162, Model Loss -0.11541823269692654, View Loss -1.656555663934511, Reg 0.22482412029210166
09-Aug-26 01:47:27 - Epoch 163, Model Loss -0.11717020099564972, View Loss -1.1603721321702198, Reg 0.11767874192294045
09-Aug-26 01:48:27 - Epoch 164, Model Loss -0.12294397143412339, View Loss -1.077559610240393, Reg 0.12747759386628818
09-Aug-26 01:49:27 - Epoch 165, Model Loss -0.12146774119714278, View Loss -1.0066134473110766, Reg 0.15271166220624396
/users/3171356m/miniconda3/envs/grastiacl/lib/python3.12/site-packages/joblib/externals/loky/process_executor.py:782: UserWarning: A worker stopped while some jobs were given to the executor. This can be caused by a too short worker timeout or by a memory leak.
  warnings.warn(
09-Aug-26 01:49:38 - Epoch 165: Train_acc 0.855973813420622 Val_acc 0.49019607843137253 Test_acc 0.5989583333333334 Test_auc 0.6272440430856272
09-Aug-26 01:50:38 - Epoch 166, Model Loss -0.12160084466106957, View Loss -0.944040913238463, Reg 0.15057665492528394
09-Aug-26 01:51:38 - Epoch 167, Model Loss -0.12118926917472565, View Loss -0.9345510292755601, Reg 0.1501298718117848
09-Aug-26 01:52:37 - Epoch 168, Model Loss -0.12235691509348282, View Loss -0.9378952226935354, Reg 0.1446729611160322
09-Aug-26 01:53:37 - Epoch 169, Model Loss -0.12388555371429644, View Loss -0.9232455324229164, Reg 0.13851757874367865
09-Aug-26 01:54:37 - Epoch 170, Model Loss -0.12129283663489034, View Loss -0.902997525155837, Reg 0.1361339519047308
/users/3171356m/miniconda3/envs/grastiacl/lib/python3.12/site-packages/joblib/externals/loky/process_executor.py:782: UserWarning: A worker stopped while some jobs were given to the executor. This can be caused by a too short worker timeout or by a memory leak.
  warnings.warn(
09-Aug-26 01:54:55 - Epoch 170: Train_acc 0.7643207855973814 Val_acc 0.6078431372549019 Test_acc 0.625 Test_auc 0.6622783157436622
09-Aug-26 01:55:55 - Epoch 171, Model Loss -0.12223557598657186, View Loss -0.904123151165764, Reg 0.13734651402053583
09-Aug-26 01:56:55 - Epoch 172, Model Loss -0.12342354933290747, View Loss -0.8942640485232863, Reg 0.14034691589553697
09-Aug-26 01:57:55 - Epoch 173, Model Loss -0.12316382448333765, View Loss -0.891811523812102, Reg 0.14043262049726496
09-Aug-26 01:58:53 - Epoch 174, Model Loss -0.12220460595944119, View Loss -0.8844667101452667, Reg 0.14204378943103815
09-Aug-26 01:59:52 - Epoch 175, Model Loss -0.12383539879575689, View Loss -0.8809756011307337, Reg 0.1430299424134963
/users/3171356m/miniconda3/envs/grastiacl/lib/python3.12/site-packages/joblib/externals/loky/process_executor.py:782: UserWarning: A worker stopped while some jobs were given to the executor. This can be caused by a too short worker timeout or by a memory leak.
  warnings.warn(
09-Aug-26 02:00:07 - Epoch 175: Train_acc 0.779050736497545 Val_acc 0.5882352941176471 Test_acc 0.625 Test_auc 0.6641279512566642
09-Aug-26 02:01:05 - Epoch 176, Model Loss -0.12347817479491038, View Loss -0.8943906642021017, Reg 0.14124992080093796
09-Aug-26 02:02:03 - Epoch 177, Model Loss -0.12305208762616845, View Loss -0.8897305574822933, Reg 0.1399255873675042
09-Aug-26 02:03:01 - Epoch 178, Model Loss -0.12304864640907062, View Loss -0.8843816858266652, Reg 0.13740491515876033
09-Aug-26 02:04:00 - Epoch 179, Model Loss -0.12551418576029827, View Loss -0.8890136172065173, Reg 0.14053062855612042
09-Aug-26 02:04:58 - Epoch 180, Model Loss -0.12398009692393426, View Loss -0.8841005222301827, Reg 0.14139342722643025
09-Aug-26 02:05:05 - Epoch 180: Train_acc 0.7708674304418985 Val_acc 0.5947712418300654 Test_acc 0.6145833333333334 Test_auc 0.6569470133826569
09-Aug-26 02:06:03 - Epoch 181, Model Loss -0.1244118605327294, View Loss -0.8891685268492628, Reg 0.1408680025274742
09-Aug-26 02:07:02 - Epoch 182, Model Loss -0.12572572996105189, View Loss -0.8816595609176373, Reg 0.14003405717556683
09-Aug-26 02:08:00 - Epoch 183, Model Loss -0.12339111113899469, View Loss -0.8857631708713288, Reg 0.1395262995347649
09-Aug-26 02:08:58 - Epoch 184, Model Loss -0.1262997324942762, View Loss -0.884263878563227, Reg 0.13983982260020392
09-Aug-26 02:09:56 - Epoch 185, Model Loss -0.12751969221961088, View Loss -0.8822409519392223, Reg 0.13890625716914132
09-Aug-26 02:10:03 - Epoch 185: Train_acc 0.779050736497545 Val_acc 0.5882352941176471 Test_acc 0.6302083333333334 Test_auc 0.6627135240996628
09-Aug-26 02:11:01 - Epoch 186, Model Loss -0.1268541390493927, View Loss -0.8846743840437669, Reg 0.13781369403126587
09-Aug-26 02:12:00 - Epoch 187, Model Loss -0.1271605207760088, View Loss -0.8851270451288177, Reg 0.13968986028930364
09-Aug-26 02:12:58 - Epoch 188, Model Loss -0.12711726897281828, View Loss -0.8826809167471728, Reg 0.14022561593161081
09-Aug-26 02:13:56 - Epoch 189, Model Loss -0.12561148507505313, View Loss -0.8842541537386306, Reg 0.13873665637158333
09-Aug-26 02:14:55 - Epoch 190, Model Loss -0.12455776104560265, View Loss -0.8769852227353035, Reg 0.13905808453961793
09-Aug-26 02:15:03 - Epoch 190: Train_acc 0.7823240589198036 Val_acc 0.5947712418300654 Test_acc 0.609375 Test_auc 0.6675008160156675
09-Aug-26 02:16:01 - Epoch 191, Model Loss -0.12883697740379996, View Loss -0.8783191754657976, Reg 0.14141896335368462
09-Aug-26 02:16:59 - Epoch 192, Model Loss -0.12928375704198733, View Loss -0.8835156192170813, Reg 0.13865641803281006
09-Aug-26 02:17:58 - Epoch 193, Model Loss -0.12873175823161723, View Loss -0.8845480719486742, Reg 0.1390218601094135
09-Aug-26 02:18:56 - Epoch 194, Model Loss -0.1269815462700864, View Loss -0.8835569799629249, Reg 0.13996214765915113
09-Aug-26 02:19:54 - Epoch 195, Model Loss -0.12604226301227575, View Loss -0.8778062323306469, Reg 0.13976824210435396
09-Aug-26 02:20:00 - Epoch 195: Train_acc 0.7823240589198036 Val_acc 0.5947712418300654 Test_acc 0.6197916666666666 Test_auc 0.6655423784136656
09-Aug-26 02:20:58 - Epoch 196, Model Loss -0.12498408224305622, View Loss -0.8878790469879799, Reg 0.13940821492925604
09-Aug-26 02:21:56 - Epoch 197, Model Loss -0.1266330561544228, View Loss -0.8741086301944064, Reg 0.13851606526370916
09-Aug-26 02:22:55 - Epoch 198, Model Loss -0.12996145834118958, View Loss -0.877030810435743, Reg 0.1391106050357881
09-Aug-26 02:23:53 - Epoch 199, Model Loss -0.1245510679122469, View Loss -0.8695475719564285, Reg 0.13885759031811634
09-Aug-26 02:24:51 - Epoch 200, Model Loss -0.1273430662927768, View Loss -0.8707966543063399, Reg 0.13850344849198618
09-Aug-26 02:24:58 - Epoch 200: Train_acc 0.7725040916530278 Val_acc 0.5882352941176471 Test_acc 0.6041666666666666 Test_auc 0.6633663366336633
09-Aug-26 02:25:56 - Epoch 201, Model Loss -0.12547372191315198, View Loss -0.8712044907474674, Reg 0.13887968954497584
09-Aug-26 02:26:55 - Epoch 202, Model Loss -0.12794866070224495, View Loss -0.8726808170249927, Reg 0.13985096896143476
09-Aug-26 02:27:53 - Epoch 203, Model Loss -0.12492579816796386, View Loss -0.8687440188153481, Reg 0.13916295754636368
09-Aug-26 02:28:51 - Epoch 204, Model Loss -0.12491340908403287, View Loss -0.8668280919913184, Reg 0.13933794322361143
09-Aug-26 02:29:50 - Epoch 205, Model Loss -0.12780151093064665, View Loss -0.8686621934419373, Reg 0.13837114815431023
09-Aug-26 02:29:56 - Epoch 205: Train_acc 0.7741407528641571 Val_acc 0.6143790849673203 Test_acc 0.6354166666666666 Test_auc 0.6618431073876619
09-Aug-26 02:30:54 - Epoch 206, Model Loss -0.12770919723713653, View Loss -0.8666913244025797, Reg 0.1395713414283509
09-Aug-26 02:31:52 - Epoch 207, Model Loss -0.128676439414438, View Loss -0.8694365928879346, Reg 0.13925224465795116
09-Aug-26 02:32:50 - Epoch 208, Model Loss -0.12915180923505618, View Loss -0.8760968319913174, Reg 0.13955419302084246
09-Aug-26 02:33:49 - Epoch 209, Model Loss -0.1299611372955497, View Loss -0.8695424863437584, Reg 0.13857515356251923
09-Aug-26 02:34:47 - Epoch 210, Model Loss -0.12721539519227273, View Loss -0.8697140168051087, Reg 0.1400906924042491
09-Aug-26 02:34:54 - Epoch 210: Train_acc 0.7823240589198036 Val_acc 0.5947712418300654 Test_acc 0.640625 Test_auc 0.6617343052986617
09-Aug-26 02:35:52 - Epoch 211, Model Loss -0.12886687552285078, View Loss -0.8663344529568662, Reg 0.13836569508534602
09-Aug-26 02:36:51 - Epoch 212, Model Loss -0.12794908993372942, View Loss -0.8636894122668453, Reg 0.13819508864231858
09-Aug-26 02:37:49 - Epoch 213, Model Loss -0.13035187417863825, View Loss -0.8690650059236442, Reg 0.13972308356223442
09-Aug-26 02:38:47 - Epoch 214, Model Loss -0.13231890310827527, View Loss -0.8696128787463698, Reg 0.13866004423404482
09-Aug-26 02:39:46 - Epoch 215, Model Loss -0.13091373424092995, View Loss -0.8681303809005187, Reg 0.13938971380847956
09-Aug-26 02:39:52 - Epoch 215: Train_acc 0.7741407528641571 Val_acc 0.5816993464052288 Test_acc 0.6354166666666666 Test_auc 0.6677184201936677
09-Aug-26 02:40:50 - Epoch 216, Model Loss -0.12856554560692532, View Loss -0.8688173615990996, Reg 0.1403331479054621
09-Aug-26 02:41:48 - Epoch 217, Model Loss -0.13230310621901542, View Loss -0.8721009200216315, Reg 0.1390261653255909
09-Aug-26 02:42:47 - Epoch 218, Model Loss -0.1296214297438214, View Loss -0.8767585551485102, Reg 0.1388155260472368
09-Aug-26 02:43:45 - Epoch 219, Model Loss -0.12988480023198354, View Loss -0.8749283160008308, Reg 0.13840664908558178
09-Aug-26 02:44:44 - Epoch 220, Model Loss -0.12929800245453604, View Loss -0.8812087409429972, Reg 0.13865897778891112
09-Aug-26 02:44:52 - Epoch 220: Train_acc 0.7741407528641571 Val_acc 0.5947712418300654 Test_acc 0.6354166666666666 Test_auc 0.6567294092046568
09-Aug-26 02:45:50 - Epoch 221, Model Loss -0.13065435833704647, View Loss -0.8745326248596615, Reg 0.1381188029158135
09-Aug-26 02:46:49 - Epoch 222, Model Loss -0.1299388576939141, View Loss -0.8727404002081938, Reg 0.14009959178743503
09-Aug-26 02:47:47 - Epoch 223, Model Loss -0.13069950451437268, View Loss -0.8800744592850805, Reg 0.13895402419489067
09-Aug-26 02:48:45 - Epoch 224, Model Loss -0.13110593205192866, View Loss -0.8706224347097393, Reg 0.13878679897410584
09-Aug-26 02:49:44 - Epoch 225, Model Loss -0.12834037403818432, View Loss -0.8623615167730179, Reg 0.13934223180706878
09-Aug-26 02:49:50 - Epoch 225: Train_acc 0.7872340425531915 Val_acc 0.5947712418300654 Test_acc 0.640625 Test_auc 0.6585790447176586
09-Aug-26 02:50:48 - Epoch 226, Model Loss -0.12876796717534478, View Loss -0.8616007907886162, Reg 0.13743287176137664
09-Aug-26 02:51:47 - Epoch 227, Model Loss -0.12990242272078895, View Loss -0.8659399759554824, Reg 0.13936808727279232
09-Aug-26 02:52:45 - Epoch 228, Model Loss -0.13055842802684553, View Loss -0.8637588096328336, Reg 0.1392801620566123
09-Aug-26 02:53:44 - Epoch 229, Model Loss -0.12991074151961582, View Loss -0.8666285994400175, Reg 0.13921651951419936
09-Aug-26 02:54:42 - Epoch 230, Model Loss -0.12925161433493057, View Loss -0.8627002364094636, Reg 0.13871920623385184
09-Aug-26 02:54:47 - Epoch 230: Train_acc 0.7757774140752864 Val_acc 0.6013071895424836 Test_acc 0.609375 Test_auc 0.6528125340006528
09-Aug-26 02:55:46 - Epoch 231, Model Loss -0.13214100543683951, View Loss -0.8645172515204222, Reg 0.1392886723634069
09-Aug-26 02:56:44 - Epoch 232, Model Loss -0.13293652536435915, View Loss -0.8672879772373581, Reg 0.13887640414378452
09-Aug-26 02:57:43 - Epoch 233, Model Loss -0.13104313914397345, View Loss -0.8602590393122597, Reg 0.13838338121503543
09-Aug-26 02:58:41 - Epoch 234, Model Loss -0.13187946371868278, View Loss -0.865710589187235, Reg 0.1393314290017426
09-Aug-26 02:59:39 - Epoch 235, Model Loss -0.1329182787339543, View Loss -0.8767000725538563, Reg 0.13837855012931918
09-Aug-26 02:59:45 - Epoch 235: Train_acc 0.7643207855973814 Val_acc 0.5947712418300654 Test_acc 0.6354166666666666 Test_auc 0.6593406593406593
09-Aug-26 03:00:44 - Epoch 236, Model Loss -0.13200210456762299, View Loss -0.8727815504355049, Reg 0.1393459061261285
09-Aug-26 03:01:42 - Epoch 237, Model Loss -0.13193036111013784, View Loss -0.8709614951950049, Reg 0.14011117333085954
09-Aug-26 03:02:40 - Epoch 238, Model Loss -0.1337808881765887, View Loss -0.8657512218003968, Reg 0.1389810731314403
09-Aug-26 03:03:39 - Epoch 239, Model Loss -0.13110565778276534, View Loss -0.8573487284921, Reg 0.13847064528059452
09-Aug-26 03:04:37 - Epoch 240, Model Loss -0.13350627762791373, View Loss -0.8578994170733638, Reg 0.13835249321745577
09-Aug-26 03:04:44 - Epoch 240: Train_acc 0.7774140752864157 Val_acc 0.5947712418300654 Test_acc 0.6197916666666666 Test_auc 0.6727233162876727
09-Aug-26 03:05:42 - Epoch 241, Model Loss -0.13124829735576424, View Loss -0.8647612782039736, Reg 0.1394615808651217
09-Aug-26 03:06:41 - Epoch 242, Model Loss -0.1331960554013666, View Loss -0.8727509561810283, Reg 0.13957584004257784
09-Aug-26 03:07:39 - Epoch 243, Model Loss -0.1357282529876197, View Loss -0.8739504482469075, Reg 0.13900482793584001
09-Aug-26 03:08:37 - Epoch 244, Model Loss -0.13333205876295773, View Loss -0.8708826951231387, Reg 0.13835425967573145
09-Aug-26 03:09:36 - Epoch 245, Model Loss -0.13569333822559412, View Loss -0.8800690767222653, Reg 0.1387302430556956
09-Aug-26 03:09:45 - Epoch 245: Train_acc 0.7757774140752864 Val_acc 0.5947712418300654 Test_acc 0.625 Test_auc 0.655967794581656
09-Aug-26 03:10:43 - Epoch 246, Model Loss -0.13282480504235739, View Loss -0.8719743273652322, Reg 0.13763764712794907
09-Aug-26 03:11:42 - Epoch 247, Model Loss -0.13444030479986813, View Loss -0.8695478529079456, Reg 0.1383686528560963
09-Aug-26 03:12:40 - Epoch 248, Model Loss -0.1346330068603085, View Loss -0.8711110819771325, Reg 0.13900978670572883
09-Aug-26 03:13:39 - Epoch 249, Model Loss -0.13620012520573144, View Loss -0.87275603886712, Reg 0.14041055975491012
09-Aug-26 03:14:37 - Epoch 250, Model Loss -0.1338163371367072, View Loss -0.8686082351422348, Reg 0.13906504621092114
09-Aug-26 03:14:43 - Epoch 250: Train_acc 0.7741407528641571 Val_acc 0.6013071895424836 Test_acc 0.6354166666666666 Test_auc 0.6569470133826569
09-Aug-26 03:15:41 - Epoch 251, Model Loss -0.1307795292617061, View Loss -0.8643069103384564, Reg 0.13848192075270482
09-Aug-26 03:16:39 - Epoch 252, Model Loss -0.13422396988798477, View Loss -0.8664718066416863, Reg 0.13921463652933092
09-Aug-26 03:17:38 - Epoch 253, Model Loss -0.1346633246019117, View Loss -0.8677007291594035, Reg 0.13925652347395345
09-Aug-26 03:18:36 - Epoch 254, Model Loss -0.1346429698108261, View Loss -0.8664030525376091, Reg 0.13761171831485683
09-Aug-26 03:19:34 - Epoch 255, Model Loss -0.13453018455575608, View Loss -0.8677054885561455, Reg 0.13696991694929556
09-Aug-26 03:19:44 - Epoch 255: Train_acc 0.7692307692307693 Val_acc 0.6078431372549019 Test_acc 0.6354166666666666 Test_auc 0.6661951909476662
09-Aug-26 03:20:42 - Epoch 256, Model Loss -0.13631302810924922, View Loss -0.8666490078362623, Reg 0.1403460888932848
09-Aug-26 03:21:40 - Epoch 257, Model Loss -0.1362775888068391, View Loss -0.8754648651116803, Reg 0.13877426095172737
09-Aug-26 03:22:39 - Epoch 258, Model Loss -0.13400859411336397, View Loss -0.8586405611272334, Reg 0.13832991522677401
09-Aug-26 03:23:37 - Epoch 259, Model Loss -0.1336665711504348, View Loss -0.8734041998702453, Reg 0.13960016271291506
09-Aug-26 03:24:36 - Epoch 260, Model Loss -0.1341203758447338, View Loss -0.8701002970459808, Reg 0.13948465174036603
09-Aug-26 03:24:49 - Epoch 260: Train_acc 0.7643207855973814 Val_acc 0.5816993464052288 Test_acc 0.6197916666666666 Test_auc 0.6596670656076598
09-Aug-26 03:25:48 - Epoch 261, Model Loss -0.1340785045085289, View Loss -0.8695777127863733, Reg 0.13786977366125136
09-Aug-26 03:26:46 - Epoch 262, Model Loss -0.13347466897262097, View Loss -0.8659117920308964, Reg 0.13679594751416954
09-Aug-26 03:27:44 - Epoch 263, Model Loss -0.13445952305426964, View Loss -0.8727524389807019, Reg 0.13866125552041636
09-Aug-26 03:28:43 - Epoch 264, Model Loss -0.13398847232668762, View Loss -0.8601773384159793, Reg 0.13930332250954086
09-Aug-26 03:29:41 - Epoch 265, Model Loss -0.1351647278486024, View Loss -0.8638583971903875, Reg 0.13956320251653706
09-Aug-26 03:29:56 - Epoch 265: Train_acc 0.7692307692307693 Val_acc 0.5882352941176471 Test_acc 0.640625 Test_auc 0.6705472745076706
09-Aug-26 03:30:54 - Epoch 266, Model Loss -0.13532784293404188, View Loss -0.8617997097305697, Reg 0.13830932777271332
09-Aug-26 03:31:53 - Epoch 267, Model Loss -0.13540270612399824, View Loss -0.8627275423605586, Reg 0.13877777611370368
09-Aug-26 03:32:51 - Epoch 268, Model Loss -0.13433711496585715, View Loss -0.8640321857995565, Reg 0.13810466395755056
09-Aug-26 03:33:49 - Epoch 269, Model Loss -0.13619274954553906, View Loss -0.8702335937128519, Reg 0.1390395223021312
09-Aug-26 03:34:48 - Epoch 270, Model Loss -0.13329956613468852, View Loss -0.859651338839492, Reg 0.1390752711877495
09-Aug-26 03:34:57 - Epoch 270: Train_acc 0.7708674304418985 Val_acc 0.5947712418300654 Test_acc 0.6354166666666666 Test_auc 0.665977586769666
09-Aug-26 03:35:55 - Epoch 271, Model Loss -0.13690177664624104, View Loss -0.856818769060063, Reg 0.13896123689344783
09-Aug-26 03:36:54 - Epoch 272, Model Loss -0.13878588415011642, View Loss -0.8609060031497537, Reg 0.13910826221230377
09-Aug-26 03:37:52 - Epoch 273, Model Loss -0.13518031509730313, View Loss -0.8679777167237527, Reg 0.13822802939069642
09-Aug-26 03:38:51 - Epoch 274, Model Loss -0.13541001208285067, View Loss -0.8637464807388631, Reg 0.13715747801157144
09-Aug-26 03:39:49 - Epoch 275, Model Loss -0.1368167705212014, View Loss -0.863436184811319, Reg 0.1387869694960683
09-Aug-26 03:39:56 - Epoch 275: Train_acc 0.7741407528641571 Val_acc 0.6078431372549019 Test_acc 0.6302083333333334 Test_auc 0.6617343052986617
09-Aug-26 03:40:54 - Epoch 276, Model Loss -0.13629014168160247, View Loss -0.8623425599596114, Reg 0.14062086501312723
09-Aug-26 03:41:53 - Epoch 277, Model Loss -0.13736303933513536, View Loss -0.8565768293194997, Reg 0.13900098450933074
09-Aug-26 03:42:51 - Epoch 278, Model Loss -0.13824482069468147, View Loss -0.8634790726457212, Reg 0.13792246337461783
09-Aug-26 03:43:49 - Epoch 279, Model Loss -0.14155068559459305, View Loss -0.8699750117896622, Reg 0.13740166143777913
09-Aug-26 03:44:48 - Epoch 280, Model Loss -0.136955549400879, View Loss -0.8618660921355902, Reg 0.1377300541305308
09-Aug-26 03:44:53 - Epoch 280: Train_acc 0.779050736497545 Val_acc 0.5882352941176471 Test_acc 0.625 Test_auc 0.6642367533456642
09-Aug-26 03:45:52 - Epoch 281, Model Loss -0.13897546164923136, View Loss -0.8611189206961524, Reg 0.13985024585271233
09-Aug-26 03:46:50 - Epoch 282, Model Loss -0.13738184625895636, View Loss -0.8618984881867754, Reg 0.14044058944804383
09-Aug-26 03:47:49 - Epoch 283, Model Loss -0.13772753139564525, View Loss -0.8688900402446815, Reg 0.13913358901604497
09-Aug-26 03:48:47 - Epoch 284, Model Loss -0.13902156393968923, View Loss -0.8677515905539455, Reg 0.13873279187371024
09-Aug-26 03:49:45 - Epoch 285, Model Loss -0.13888508247275594, View Loss -0.8625389985289004, Reg 0.13788412169914588
09-Aug-26 03:49:50 - Epoch 285: Train_acc 0.7610474631751227 Val_acc 0.5816993464052288 Test_acc 0.6354166666666666 Test_auc 0.6667392013926667
09-Aug-26 03:50:49 - Epoch 286, Model Loss -0.1377347889196268, View Loss -0.8600842154747921, Reg 0.13821306567389133
09-Aug-26 03:51:47 - Epoch 287, Model Loss -0.13683390651514019, View Loss -0.8609547991604345, Reg 0.13759067110753878
09-Aug-26 03:52:45 - Epoch 288, Model Loss -0.13933521996933582, View Loss -0.8532368848054577, Reg 0.1394776720462181
09-Aug-26 03:53:44 - Epoch 289, Model Loss -0.1400653260917008, View Loss -0.8667211509180147, Reg 0.13728028218796912
09-Aug-26 03:54:42 - Epoch 290, Model Loss -0.14111618895187317, View Loss -0.8645851046285926, Reg 0.139079239359659
09-Aug-26 03:54:53 - Epoch 290: Train_acc 0.7774140752864157 Val_acc 0.5947712418300654 Test_acc 0.609375 Test_auc 0.661951909476662
09-Aug-26 03:55:51 - Epoch 291, Model Loss -0.1405509955168941, View Loss -0.8699758983477828, Reg 0.1389158740029983
09-Aug-26 03:56:49 - Epoch 292, Model Loss -0.1383697253007155, View Loss -0.858540485806629, Reg 0.13801129306201654
09-Aug-26 03:57:48 - Epoch 293, Model Loss -0.1378167882293414, View Loss -0.8544003510826348, Reg 0.13765149289184234
09-Aug-26 03:58:46 - Epoch 294, Model Loss -0.1362291877866767, View Loss -0.8602533178516769, Reg 0.1394314812511547
09-Aug-26 03:59:45 - Epoch 295, Model Loss -0.13853654753166797, View Loss -0.859955158249251, Reg 0.1365571128122155
/users/3171356m/miniconda3/envs/grastiacl/lib/python3.12/site-packages/joblib/externals/loky/process_executor.py:782: UserWarning: A worker stopped while some jobs were given to the executor. This can be caused by a too short worker timeout or by a memory leak.
  warnings.warn(
09-Aug-26 03:59:54 - Epoch 295: Train_acc 0.7725040916530278 Val_acc 0.5947712418300654 Test_acc 0.6302083333333334 Test_auc 0.6696768577956698
09-Aug-26 04:00:52 - Epoch 296, Model Loss -0.14024511950300875, View Loss -0.860785579330207, Reg 0.13903410974188835
09-Aug-26 04:01:50 - Epoch 297, Model Loss -0.1396979355480394, View Loss -0.8625006580118657, Reg 0.13820809847789584
09-Aug-26 04:02:48 - Epoch 298, Model Loss -0.13896072788831645, View Loss -0.860127453913275, Reg 0.13899858739781887
09-Aug-26 04:03:45 - Epoch 299, Model Loss -0.1387746771111621, View Loss -0.8593568331676302, Reg 0.13849085830334945
09-Aug-26 04:04:43 - Epoch 300, Model Loss -0.13945028717506147, View Loss -0.8643687936170987, Reg 0.13768929747922526
09-Aug-26 04:04:53 - Epoch 300: Train_acc 0.7774140752864157 Val_acc 0.5882352941176471 Test_acc 0.6302083333333334 Test_auc 0.6660863888586662
09-Aug-26 04:04:53 - FinishedTraining! BestEpoch (eval-interval index): 0
09-Aug-26 04:04:53 - Wrote /users/3171356m/muhammad/GraSTIACL/nested_cv/results/nocombat__emb512_bs128__fold0.json
09-Aug-26 04:04:53 - {
  "emb_dim": 512,
  "batch_size": 128,
  "fold": 0,
  "combat": false,
  "n_train": 611,
  "n_val": 153,
  "n_test": 192,
  "best_val_epoch_idx": 0,
  "train_accuracy": 0.7692307692307693,
  "val_accuracy": 0.6274509803921569,
  "test_accuracy": 0.59375,
  "train_f1": 0.7547826086956522,
  "val_f1": 0.6068965517241379,
  "test_f1": 0.5666666666666667,
  "train_sensitivity": 0.7457044647913936,
  "val_sensitivity": 0.6027397177706888,
  "test_sensitivity": 0.560439554280884,
  "train_specificity": 0.7906249975292969,
  "val_specificity": 0.6499999918750001,
  "test_specificity": 0.6237623700617587,
  "train_precision": 0.7640845070422535,
  "val_precision": 0.6111111111111112,
  "test_precision": 0.5730337078651685,
  "test_auc": 0.6478076379066479,
  "fin_reg": 0.13960810488550246
}
