09-Aug-26 08:19:01 - Using Device: cuda
09-Aug-26 08:19:01 - Seed: 123, Fold: 0, ComBat: False
09-Aug-26 08:19:01 - Namespace(fold=0, combat=False, num_dyn_windows=3, model_lr=0.0005, view_lr=0.0005, num_gc_layers=2, pooling_type='standard', emb_dim=256, vib_hidden_dim=400, batch_size=256, drop_ratio=0.3, epochs=300, kld_lambda=0.003, reg_lambda=0.2, gamma_mode='paper_literal', node_feature_mode='alff_pcc', mij_source='alff_pcc', template=90, eval_interval=5, downstream_classifier='linear', ce_lambda=2.0, seed=123)
09-Aug-26 08:19:01 - Loading raw subject data...
09-Aug-26 08:21:08 - Loaded 956 subjects (455 ASD, 501 NC)
09-Aug-26 08:21:08 - alff_pcc scale stats (train_val_idx only): alff=[-3.5994,5.6307] pcc=[-0.7600,1.0000]
09-Aug-26 08:21:08 - Train/Val/Test sizes: 611/153/192
09-Aug-26 08:22:10 - Epoch 1, Model Loss 2.6508533148835802, View Loss -8.187080005577075, Reg 0.4541155847609531
09-Aug-26 08:23:09 - Epoch 2, Model Loss 1.7000264244461996, View Loss -7.1083948288338465, Reg 0.2532623008795924
09-Aug-26 08:24:08 - Epoch 3, Model Loss 1.3557192220820538, View Loss -5.381464617146993, Reg 0.11385811348300909
09-Aug-26 08:25:07 - Epoch 4, Model Loss 1.142022433286798, View Loss -2.8672386347369554, Reg 0.10646397597270785
09-Aug-26 08:26:06 - Epoch 5, Model Loss 0.9676803392640112, View Loss -1.4495381150034954, Reg 0.2284868611739232
09-Aug-26 08:26:21 - Epoch 5: Train_acc 0.7119476268412439 Val_acc 0.5947712418300654 Test_acc 0.625 Test_auc 0.6981830051136982
09-Aug-26 08:27:20 - Epoch 6, Model Loss 0.9696816343283692, View Loss -1.0429482194678874, Reg 0.27842577533421464
09-Aug-26 08:28:19 - Epoch 7, Model Loss 0.9504195843044357, View Loss -1.0895870570855524, Reg 0.17537904731965884
09-Aug-26 08:29:18 - Epoch 8, Model Loss 0.9373950906792952, View Loss -1.7521457359950787, Reg 0.12619960069071057
09-Aug-26 08:30:16 - Epoch 9, Model Loss 0.839118886059958, View Loss -2.061876033605023, Reg 0.1448407596047303
09-Aug-26 08:31:15 - Epoch 10, Model Loss 0.8213442950318957, View Loss -2.129137456319531, Reg 0.18982960664211435
09-Aug-26 08:31:22 - Epoch 10: Train_acc 0.707037643207856 Val_acc 0.5620915032679739 Test_acc 0.6302083333333334 Test_auc 0.6728321183766728
09-Aug-26 08:32:21 - Epoch 11, Model Loss 0.8118846325932373, View Loss -2.102393932701523, Reg 0.1574265836157307
09-Aug-26 08:33:19 - Epoch 12, Model Loss 0.808079388583271, View Loss -2.039672118747293, Reg 0.1208380274657532
09-Aug-26 08:34:18 - Epoch 13, Model Loss 0.7748619997828174, View Loss -1.9954754030255757, Reg 0.1509787880993904
09-Aug-26 08:35:17 - Epoch 14, Model Loss 0.7591957577645974, View Loss -1.9286347535940318, Reg 0.17006960335612883
09-Aug-26 08:36:17 - Epoch 15, Model Loss 0.7679870007666355, View Loss -1.8835764040533338, Reg 0.12539377536642962
/users/3171356m/miniconda3/envs/grastiacl/lib/python3.12/site-packages/joblib/externals/loky/process_executor.py:782: UserWarning: A worker stopped while some jobs were given to the executor. This can be caused by a too short worker timeout or by a memory leak.
  warnings.warn(
09-Aug-26 08:36:27 - Epoch 15: Train_acc 0.7152209492635024 Val_acc 0.5947712418300654 Test_acc 0.609375 Test_auc 0.6722881079316723
09-Aug-26 08:37:26 - Epoch 16, Model Loss 0.7474627986842989, View Loss -1.816416932401017, Reg 0.1339462059999644
09-Aug-26 08:38:25 - Epoch 17, Model Loss 0.7626543149791061, View Loss -1.7599213166244683, Reg 0.16483814126633584
09-Aug-26 08:39:23 - Epoch 18, Model Loss 0.7364201541813228, View Loss -1.6759371566304209, Reg 0.13849658649506233
09-Aug-26 08:40:22 - Epoch 19, Model Loss 0.755259239073666, View Loss -1.6016893788757574, Reg 0.13788688185269626
09-Aug-26 08:41:21 - Epoch 20, Model Loss 0.7395149365116258, View Loss -1.535777308546775, Reg 0.15315972610015527
09-Aug-26 08:41:30 - Epoch 20: Train_acc 0.7168576104746317 Val_acc 0.5816993464052288 Test_acc 0.625 Test_auc 0.6731585246436731
09-Aug-26 08:42:28 - Epoch 21, Model Loss 0.7435594845910705, View Loss -1.4548823833465576, Reg 0.15236991178091927
09-Aug-26 08:43:27 - Epoch 22, Model Loss 0.7412886931492342, View Loss -1.3392169982828992, Reg 0.15557996275089375
09-Aug-26 08:44:26 - Epoch 23, Model Loss 0.7299742108476143, View Loss -1.2300009034854495, Reg 0.1533466974325149
09-Aug-26 08:45:25 - Epoch 24, Model Loss 0.7241818300782171, View Loss -1.135851448374372, Reg 0.14943987889590318
09-Aug-26 08:46:24 - Epoch 25, Model Loss 0.6863657482907347, View Loss -1.0276177776230533, Reg 0.14731145648928984
09-Aug-26 08:46:35 - Epoch 25: Train_acc 0.7054009819967266 Val_acc 0.5882352941176471 Test_acc 0.640625 Test_auc 0.6655423784136656
09-Aug-26 08:47:34 - Epoch 26, Model Loss 0.6732866772116693, View Loss -0.97194955255318, Reg 0.14469377174607664
09-Aug-26 08:48:33 - Epoch 27, Model Loss 0.68243740335619, View Loss -0.9224246554991228, Reg 0.13546141779656887
09-Aug-26 08:49:31 - Epoch 28, Model Loss 0.6792623863575307, View Loss -0.912768692900038, Reg 0.1361511207251229
09-Aug-26 08:50:29 - Epoch 29, Model Loss 0.6719639962218983, View Loss -0.8965454999046513, Reg 0.1350273055111328
09-Aug-26 08:51:28 - Epoch 30, Model Loss 0.6693405474363879, View Loss -0.8914893816809022, Reg 0.13527454730921992
09-Aug-26 08:51:37 - Epoch 30: Train_acc 0.7757774140752864 Val_acc 0.5620915032679739 Test_acc 0.640625 Test_auc 0.6691328473506691
09-Aug-26 08:52:35 - Epoch 31, Model Loss 0.6853176964090225, View Loss -0.8687590975222923, Reg 0.13562456287943594
09-Aug-26 08:53:33 - Epoch 32, Model Loss 0.6856691070547276, View Loss -0.8535359992528313, Reg 0.14553326048847112
09-Aug-26 08:54:32 - Epoch 33, Model Loss 0.7033991293704256, View Loss -0.8411437692501736, Reg 0.14373792205524133
09-Aug-26 08:55:30 - Epoch 34, Model Loss 0.6976227537407227, View Loss -0.8155204449854974, Reg 0.15326032859506467
09-Aug-26 08:56:28 - Epoch 35, Model Loss 0.6979540338687928, View Loss -0.8175436172469743, Reg 0.15371953238734637
09-Aug-26 08:56:36 - Epoch 35: Train_acc 0.7725040916530278 Val_acc 0.5555555555555556 Test_acc 0.6197916666666666 Test_auc 0.6631487324556632
09-Aug-26 08:57:34 - Epoch 36, Model Loss 0.6831477806337921, View Loss -0.7993121193981014, Reg 0.1423184249531813
09-Aug-26 08:58:33 - Epoch 37, Model Loss 0.677065837597886, View Loss -0.78088763419618, Reg 0.1471541743670665
09-Aug-26 08:59:31 - Epoch 38, Model Loss 0.6598098669719384, View Loss -0.7666137688678922, Reg 0.1425576868502091
09-Aug-26 09:00:30 - Epoch 39, Model Loss 0.6514402571364433, View Loss -0.7600856244856714, Reg 0.1331269185496235
09-Aug-26 09:01:28 - Epoch 40, Model Loss 0.6470261750020294, View Loss -0.7584498609536603, Reg 0.13654650774603
09-Aug-26 09:01:34 - Epoch 40: Train_acc 0.7103109656301145 Val_acc 0.6209150326797386 Test_acc 0.609375 Test_auc 0.655967794581656
09-Aug-26 09:02:33 - Epoch 41, Model Loss 0.6464304616720509, View Loss -0.7632113090318471, Reg 0.13597091232501154
09-Aug-26 09:03:31 - Epoch 42, Model Loss 0.6409211461653296, View Loss -0.7530692171933413, Reg 0.14217387981188473
09-Aug-26 09:04:29 - Epoch 43, Model Loss 0.6332704628743049, View Loss -0.7463395814068384, Reg 0.13416460141807843
09-Aug-26 09:05:28 - Epoch 44, Model Loss 0.6438276133150984, View Loss -0.739416557911375, Reg 0.14448455685777087
09-Aug-26 09:06:26 - Epoch 45, Model Loss 0.6342494965038596, View Loss -0.736781539386306, Reg 0.1366246158040682
09-Aug-26 09:06:32 - Epoch 45: Train_acc 0.7774140752864157 Val_acc 0.5686274509803921 Test_acc 0.625 Test_auc 0.662931128277663
09-Aug-26 09:07:30 - Epoch 46, Model Loss 0.6323770423421298, View Loss -0.7324146377669614, Reg 0.1431130508110293
09-Aug-26 09:08:29 - Epoch 47, Model Loss 0.6348286323773685, View Loss -0.7438561013014149, Reg 0.13162534826613487
09-Aug-26 09:09:27 - Epoch 48, Model Loss 0.614072776465096, View Loss -0.7557441478079938, Reg 0.14329537800505587
09-Aug-26 09:10:26 - Epoch 49, Model Loss 0.6296149054740338, View Loss -0.7373256796510637, Reg 0.1317087143854697
09-Aug-26 09:11:24 - Epoch 50, Model Loss 0.6184067848076017, View Loss -0.727577587586573, Reg 0.1522351492885287
09-Aug-26 09:11:33 - Epoch 50: Train_acc 0.7152209492635024 Val_acc 0.6274509803921569 Test_acc 0.609375 Test_auc 0.6592318572516592
09-Aug-26 09:12:31 - Epoch 51, Model Loss 0.6253281657853805, View Loss -0.7265235197329483, Reg 0.1259045834285733
09-Aug-26 09:13:30 - Epoch 52, Model Loss 0.6209902046842778, View Loss -0.7016937324926623, Reg 0.15163319339631232
09-Aug-26 09:14:28 - Epoch 53, Model Loss 0.6224331220462552, View Loss -0.7144165714126562, Reg 0.1289398322421478
09-Aug-26 09:15:27 - Epoch 54, Model Loss 0.6164741079809233, View Loss -0.6900688850743095, Reg 0.14861609312399318
09-Aug-26 09:16:25 - Epoch 55, Model Loss 0.6093063203773404, View Loss -0.698702196247644, Reg 0.13126699792285207
/users/3171356m/miniconda3/envs/grastiacl/lib/python3.12/site-packages/joblib/externals/loky/process_executor.py:782: UserWarning: A worker stopped while some jobs were given to the executor. This can be caused by a too short worker timeout or by a memory leak.
  warnings.warn(
09-Aug-26 09:16:35 - Epoch 55: Train_acc 0.7135842880523732 Val_acc 0.6339869281045751 Test_acc 0.609375 Test_auc 0.6592318572516593
09-Aug-26 09:17:33 - Epoch 56, Model Loss 0.6204561615048766, View Loss -0.6719038271864971, Reg 0.1476587248560645
09-Aug-26 09:18:32 - Epoch 57, Model Loss 0.609805558785284, View Loss -0.6838901643862311, Reg 0.13069099626837696
09-Aug-26 09:19:31 - Epoch 58, Model Loss 0.6093867576258858, View Loss -0.6643304003436125, Reg 0.1490317032643504
09-Aug-26 09:20:29 - Epoch 59, Model Loss 0.6108441974498247, View Loss -0.6776870998345108, Reg 0.12942590941286322
09-Aug-26 09:21:28 - Epoch 60, Model Loss 0.6105820288829835, View Loss -0.669367132912681, Reg 0.1498504496879156
/users/3171356m/miniconda3/envs/grastiacl/lib/python3.12/site-packages/joblib/externals/loky/process_executor.py:782: UserWarning: A worker stopped while some jobs were given to the executor. This can be caused by a too short worker timeout or by a memory leak.
  warnings.warn(
09-Aug-26 09:21:40 - Epoch 60: Train_acc 0.7708674304418985 Val_acc 0.5555555555555556 Test_acc 0.609375 Test_auc 0.6569470133826569
09-Aug-26 09:22:38 - Epoch 61, Model Loss 0.6021224076687411, View Loss -0.6646656373518773, Reg 0.13813893494551388
09-Aug-26 09:23:37 - Epoch 62, Model Loss 0.5988990046730214, View Loss -0.6664754880040445, Reg 0.13783883804580388
09-Aug-26 09:24:35 - Epoch 63, Model Loss 0.6011561998173766, View Loss -0.6529533664060302, Reg 0.14787136303617598
09-Aug-26 09:25:34 - Epoch 64, Model Loss 0.6006430788925938, View Loss -0.6546541179260529, Reg 0.13432423024150236
09-Aug-26 09:26:32 - Epoch 65, Model Loss 0.6023488777602753, View Loss -0.6528690148102281, Reg 0.1464458478892103
09-Aug-26 09:26:42 - Epoch 65: Train_acc 0.7119476268412439 Val_acc 0.6209150326797386 Test_acc 0.6041666666666666 Test_auc 0.6591230551626591
09-Aug-26 09:27:40 - Epoch 66, Model Loss 0.5996524256497086, View Loss -0.6487094501426685, Reg 0.13869872201484082
09-Aug-26 09:28:38 - Epoch 67, Model Loss 0.5948752734060179, View Loss -0.6486791942006437, Reg 0.13718942780834173
09-Aug-26 09:29:37 - Epoch 68, Model Loss 0.5955698460389276, View Loss -0.6282725053215963, Reg 0.15064127365227806
09-Aug-26 09:30:36 - Epoch 69, Model Loss 0.5920254984678497, View Loss -0.6339928580969328, Reg 0.1364543847190963
09-Aug-26 09:31:34 - Epoch 70, Model Loss 0.5959552408923103, View Loss -0.6226070994441131, Reg 0.14760272941398153
/users/3171356m/miniconda3/envs/grastiacl/lib/python3.12/site-packages/joblib/externals/loky/process_executor.py:782: UserWarning: A worker stopped while some jobs were given to the executor. This can be caused by a too short worker timeout or by a memory leak.
  warnings.warn(
09-Aug-26 09:31:45 - Epoch 70: Train_acc 0.7184942716857611 Val_acc 0.5947712418300654 Test_acc 0.609375 Test_auc 0.6507452943096508
09-Aug-26 09:32:43 - Epoch 71, Model Loss 0.5984253675818638, View Loss -0.6335204849461682, Reg 0.137640882094441
09-Aug-26 09:33:41 - Epoch 72, Model Loss 0.5913398387779386, View Loss -0.6208240800520403, Reg 0.14401236939839956
09-Aug-26 09:34:40 - Epoch 73, Model Loss 0.5896511762456301, View Loss -0.628566178089273, Reg 0.1414078741582833
09-Aug-26 09:35:38 - Epoch 74, Model Loss 0.5909573088739976, View Loss -0.6144707641898123, Reg 0.15104847670869626
09-Aug-26 09:36:36 - Epoch 75, Model Loss 0.5935067143992394, View Loss -0.628832242297658, Reg 0.1325723301564418
09-Aug-26 09:36:47 - Epoch 75: Train_acc 0.7152209492635024 Val_acc 0.5947712418300654 Test_acc 0.5989583333333334 Test_auc 0.6595582635186595
09-Aug-26 09:37:45 - Epoch 76, Model Loss 0.590237522086223, View Loss -0.6156898641352178, Reg 0.15295108686980172
09-Aug-26 09:38:44 - Epoch 77, Model Loss 0.5882948182657386, View Loss -0.6192613922047342, Reg 0.13703690835087273
09-Aug-26 09:39:43 - Epoch 78, Model Loss 0.586842771881731, View Loss -0.6091708079492597, Reg 0.14508415295234875
09-Aug-26 09:40:42 - Epoch 79, Model Loss 0.5847061029627748, View Loss -0.6062667500563027, Reg 0.14400358027405122
09-Aug-26 09:41:41 - Epoch 80, Model Loss 0.5833408588668524, View Loss -0.5931152669185508, Reg 0.1478336968271705
09-Aug-26 09:41:50 - Epoch 80: Train_acc 0.7184942716857611 Val_acc 0.5947712418300654 Test_acc 0.6041666666666666 Test_auc 0.6461756065716463
09-Aug-26 09:42:49 - Epoch 81, Model Loss 0.5796555841125169, View Loss -0.5841577934945664, Reg 0.14121677235085914
09-Aug-26 09:43:47 - Epoch 82, Model Loss 0.5862442023088811, View Loss -0.5775220550218698, Reg 0.14556963017451197
09-Aug-26 09:44:46 - Epoch 83, Model Loss 0.5907986049956464, View Loss -0.5857663950631349, Reg 0.14185960139658566
09-Aug-26 09:45:45 - Epoch 84, Model Loss 0.578903163781728, View Loss -0.573469110869737, Reg 0.1425668218961129
09-Aug-26 09:46:44 - Epoch 85, Model Loss 0.582895716551673, View Loss -0.5718843447206063, Reg 0.14503871621457332
09-Aug-26 09:46:52 - Epoch 85: Train_acc 0.7659574468085106 Val_acc 0.5490196078431373 Test_acc 0.59375 Test_auc 0.6592318572516592
09-Aug-26 09:47:51 - Epoch 86, Model Loss 0.5811789782074587, View Loss -0.5778426269462573, Reg 0.138774518002855
09-Aug-26 09:48:50 - Epoch 87, Model Loss 0.5793653715359208, View Loss -0.5703338962139748, Reg 0.14606897215893927
09-Aug-26 09:49:49 - Epoch 88, Model Loss 0.5775383586481628, View Loss -0.5728210649786917, Reg 0.1432745282320266
09-Aug-26 09:50:48 - Epoch 89, Model Loss 0.5754966034436577, View Loss -0.5579836107119795, Reg 0.14168943650105972
09-Aug-26 09:51:47 - Epoch 90, Model Loss 0.5803676507086684, View Loss -0.5535655802088362, Reg 0.14769738302878585
/users/3171356m/miniconda3/envs/grastiacl/lib/python3.12/site-packages/joblib/externals/loky/process_executor.py:782: UserWarning: A worker stopped while some jobs were given to the executor. This can be caused by a too short worker timeout or by a memory leak.
  warnings.warn(
09-Aug-26 09:52:00 - Epoch 90: Train_acc 0.7184942716857611 Val_acc 0.6078431372549019 Test_acc 0.6041666666666666 Test_auc 0.6533565444456533
09-Aug-26 09:52:59 - Epoch 91, Model Loss 0.5844214750292258, View Loss -0.5544265005280266, Reg 0.14109906417648452
09-Aug-26 09:53:57 - Epoch 92, Model Loss 0.5727580492849631, View Loss -0.571251365830192, Reg 0.13552244302684077
09-Aug-26 09:54:57 - Epoch 93, Model Loss 0.5807337867257638, View Loss -0.5530135633512332, Reg 0.1560829118406324
09-Aug-26 09:55:55 - Epoch 94, Model Loss 0.570504499584095, View Loss -0.5609730374793569, Reg 0.14093761260692889
09-Aug-26 09:56:54 - Epoch 95, Model Loss 0.5718523045413427, View Loss -0.5551807638471138, Reg 0.1361818407005257
09-Aug-26 09:57:01 - Epoch 95: Train_acc 0.7152209492635024 Val_acc 0.5947712418300654 Test_acc 0.609375 Test_auc 0.6483516483516483
09-Aug-26 09:57:59 - Epoch 96, Model Loss 0.5756471756290882, View Loss -0.5383333016534484, Reg 0.14576007779413278
09-Aug-26 09:58:58 - Epoch 97, Model Loss 0.5670584443157901, View Loss -0.5334976166242859, Reg 0.1491346026110766
09-Aug-26 09:59:58 - Epoch 98, Model Loss 0.5711357718891481, View Loss -0.5434816900134672, Reg 0.13383157914672078
09-Aug-26 10:00:56 - Epoch 99, Model Loss 0.5746618294676861, View Loss -0.5424992255805557, Reg 0.14723439041506833
09-Aug-26 10:01:55 - Epoch 100, Model Loss 0.5724179424747898, View Loss -0.5292459562445233, Reg 0.15060102995698463
/users/3171356m/miniconda3/envs/grastiacl/lib/python3.12/site-packages/joblib/externals/loky/process_executor.py:782: UserWarning: A worker stopped while some jobs were given to the executor. This can be caused by a too short worker timeout or by a memory leak.
  warnings.warn(
09-Aug-26 10:02:04 - Epoch 100: Train_acc 0.7086743044189853 Val_acc 0.5751633986928104 Test_acc 0.6145833333333334 Test_auc 0.6534653465346535
09-Aug-26 10:03:03 - Epoch 101, Model Loss 0.5692061962843331, View Loss -0.5428312991527801, Reg 0.1365866456211296
09-Aug-26 10:04:02 - Epoch 102, Model Loss 0.5640634318078989, View Loss -0.5262900023140415, Reg 0.14210286621864027
09-Aug-26 10:05:00 - Epoch 103, Model Loss 0.5777858720571046, View Loss -0.5249076826092459, Reg 0.1436664741821648
09-Aug-26 10:05:59 - Epoch 104, Model Loss 0.5652061576197464, View Loss -0.5226160547346999, Reg 0.1463076076462694
09-Aug-26 10:06:57 - Epoch 105, Model Loss 0.5705911414225245, View Loss -0.5276108207562161, Reg 0.13377785304661857
/users/3171356m/miniconda3/envs/grastiacl/lib/python3.12/site-packages/joblib/externals/loky/process_executor.py:782: UserWarning: A worker stopped while some jobs were given to the executor. This can be caused by a too short worker timeout or by a memory leak.
  warnings.warn(
09-Aug-26 10:07:10 - Epoch 105: Train_acc 0.7184942716857611 Val_acc 0.5816993464052288 Test_acc 0.5989583333333334 Test_auc 0.6428027418126429
09-Aug-26 10:08:08 - Epoch 106, Model Loss 0.5648798258234358, View Loss -0.5235642222062655, Reg 0.14449684490158593
09-Aug-26 10:09:07 - Epoch 107, Model Loss 0.5644917541264317, View Loss -0.52779539595259, Reg 0.15710578546684034
09-Aug-26 10:10:05 - Epoch 108, Model Loss 0.559695416649898, View Loss -0.5243702730843751, Reg 0.12994935330607107
09-Aug-26 10:11:04 - Epoch 109, Model Loss 0.5683443568732266, View Loss -0.5175608176061253, Reg 0.14444609310740145
09-Aug-26 10:12:03 - Epoch 110, Model Loss 0.5578419201795481, View Loss -0.5236476443207986, Reg 0.14711398954477325
/users/3171356m/miniconda3/envs/grastiacl/lib/python3.12/site-packages/joblib/externals/loky/process_executor.py:782: UserWarning: A worker stopped while some jobs were given to the executor. This can be caused by a too short worker timeout or by a memory leak.
  warnings.warn(
09-Aug-26 10:12:14 - Epoch 110: Train_acc 0.867430441898527 Val_acc 0.5424836601307189 Test_acc 0.5833333333333334 Test_auc 0.6015667500816015
09-Aug-26 10:13:14 - Epoch 111, Model Loss 0.5689182548300529, View Loss -0.5107287525545361, Reg 0.1395037461029527
09-Aug-26 10:14:12 - Epoch 112, Model Loss 0.5604632493907223, View Loss -0.4928801028506065, Reg 0.14599404729134519
09-Aug-26 10:15:11 - Epoch 113, Model Loss 0.5583821007838616, View Loss -0.5103385157749032, Reg 0.1401489034612128
09-Aug-26 10:16:10 - Epoch 114, Model Loss 0.5623909608139344, View Loss -0.49728364640093864, Reg 0.14992011615277898
09-Aug-26 10:17:09 - Epoch 115, Model Loss 0.5583322685205799, View Loss -0.5002896044336247, Reg 0.14304739273413894
09-Aug-26 10:17:15 - Epoch 115: Train_acc 0.7299509001636661 Val_acc 0.5816993464052288 Test_acc 0.5989583333333334 Test_auc 0.652050919377652
09-Aug-26 10:18:14 - Epoch 116, Model Loss 0.5556934249576687, View Loss -0.5039534871199712, Reg 0.1324620342976528
09-Aug-26 10:19:13 - Epoch 117, Model Loss 0.5638758131408067, View Loss -0.5000587879343236, Reg 0.15538381994892456
09-Aug-26 10:20:11 - Epoch 118, Model Loss 0.5585604643665633, View Loss -0.49927989063013206, Reg 0.14633366726521774
09-Aug-26 10:21:10 - Epoch 119, Model Loss 0.5620405039888747, View Loss -0.4912030322266874, Reg 0.13345288827942162
09-Aug-26 10:22:09 - Epoch 120, Model Loss 0.5610354602727095, View Loss -0.4874329947410746, Reg 0.1499688158058691
09-Aug-26 10:22:18 - Epoch 120: Train_acc 0.7184942716857611 Val_acc 0.6013071895424836 Test_acc 0.5885416666666666 Test_auc 0.6487868567076488
09-Aug-26 10:23:17 - Epoch 121, Model Loss 0.5505906276636545, View Loss -0.48428468228166893, Reg 0.14079439510787958
09-Aug-26 10:24:16 - Epoch 122, Model Loss 0.5532341879928171, View Loss -0.47431420967738874, Reg 0.14212150813222127
09-Aug-26 10:25:14 - Epoch 123, Model Loss 0.554645291424422, View Loss -0.47009767506594746, Reg 0.14666064798149073
09-Aug-26 10:26:13 - Epoch 124, Model Loss 0.5592788576884667, View Loss -0.46804377431760247, Reg 0.1377356977441307
09-Aug-26 10:27:11 - Epoch 125, Model Loss 0.5513639134002786, View Loss -0.471170202995088, Reg 0.14720143372903283
/users/3171356m/miniconda3/envs/grastiacl/lib/python3.12/site-packages/joblib/externals/loky/process_executor.py:782: UserWarning: A worker stopped while some jobs were given to the executor. This can be caused by a too short worker timeout or by a memory leak.
  warnings.warn(
09-Aug-26 10:27:23 - Epoch 125: Train_acc 0.7217675941080196 Val_acc 0.5882352941176471 Test_acc 0.609375 Test_auc 0.6434555543466435
09-Aug-26 10:28:22 - Epoch 126, Model Loss 0.5518188255118075, View Loss -0.4593715006317913, Reg 0.1490206483343034
09-Aug-26 10:29:21 - Epoch 127, Model Loss 0.5492589318615715, View Loss -0.46380604776735196, Reg 0.1340497758745562
09-Aug-26 10:30:20 - Epoch 128, Model Loss 0.5561206126174053, View Loss -0.4659140619240494, Reg 0.13894666304564907
09-Aug-26 10:31:18 - Epoch 129, Model Loss 0.5476508055693194, View Loss -0.45543546157655856, Reg 0.14823582873309302
09-Aug-26 10:32:17 - Epoch 130, Model Loss 0.5496836335881448, View Loss -0.46889513896842244, Reg 0.1374769209108259
09-Aug-26 10:32:27 - Epoch 130: Train_acc 0.8723404255319149 Val_acc 0.5359477124183006 Test_acc 0.5625 Test_auc 0.5974322706995975
09-Aug-26 10:33:25 - Epoch 131, Model Loss 0.5544121901454395, View Loss -0.455496695545028, Reg 0.1462075597135603
09-Aug-26 10:34:24 - Epoch 132, Model Loss 0.5506451857655802, View Loss -0.4468464336301613, Reg 0.14556963068666318
09-Aug-26 10:35:22 - Epoch 133, Model Loss 0.5499728719068236, View Loss -0.454782579807525, Reg 0.13431091221284164
09-Aug-26 10:36:21 - Epoch 134, Model Loss 0.5501498469744494, View Loss -0.4469237565604052, Reg 0.14900387406544288
09-Aug-26 10:37:19 - Epoch 135, Model Loss 0.5466622406839349, View Loss -0.4428513779772869, Reg 0.14489850136047494
09-Aug-26 10:37:28 - Epoch 135: Train_acc 0.723404255319149 Val_acc 0.6013071895424836 Test_acc 0.5989583333333334 Test_auc 0.6475900337286477
09-Aug-26 10:38:26 - Epoch 136, Model Loss 0.5544658954912238, View Loss -0.44371795849402096, Reg 0.13333773120335393
09-Aug-26 10:39:25 - Epoch 137, Model Loss 0.5455136417171959, View Loss -0.44500190829294206, Reg 0.15269579512788115
09-Aug-26 10:40:24 - Epoch 138, Model Loss 0.5443040276900446, View Loss -0.4426525692697828, Reg 0.14594397295126157
09-Aug-26 10:41:23 - Epoch 139, Model Loss 0.5467886116520277, View Loss -0.44164976706871617, Reg 0.13557836737745912
09-Aug-26 10:42:22 - Epoch 140, Model Loss 0.5469999858673583, View Loss -0.44196127440457256, Reg 0.15080921486044477
09-Aug-26 10:42:34 - Epoch 140: Train_acc 0.7168576104746317 Val_acc 0.5947712418300654 Test_acc 0.609375 Test_auc 0.6493308671526494
09-Aug-26 10:43:32 - Epoch 141, Model Loss 0.5494118370908372, View Loss -0.43742584421279584, Reg 0.13798119052147123
09-Aug-26 10:44:31 - Epoch 142, Model Loss 0.5470508547734512, View Loss -0.4369628924980101, Reg 0.1329619931072338
09-Aug-26 10:45:30 - Epoch 143, Model Loss 0.5461770422915195, View Loss -0.42772578900457403, Reg 0.1543147242864298
09-Aug-26 10:46:29 - Epoch 144, Model Loss 0.5428818826687122, View Loss -0.4381955821073192, Reg 0.13979738480038026
09-Aug-26 10:47:28 - Epoch 145, Model Loss 0.5463887702813905, View Loss -0.4396662374565137, Reg 0.13517221786484196
09-Aug-26 10:47:36 - Epoch 145: Train_acc 0.851063829787234 Val_acc 0.5163398692810458 Test_acc 0.5833333333333334 Test_auc 0.6226743553476227
09-Aug-26 10:48:35 - Epoch 146, Model Loss 0.5431523713269523, View Loss -0.4252957860693799, Reg 0.15448574280387642
09-Aug-26 10:49:34 - Epoch 147, Model Loss 0.5480016415325982, View Loss -0.43129460940384434, Reg 0.13921102661938206
09-Aug-26 10:50:32 - Epoch 148, Model Loss 0.5468079353120245, View Loss -0.41626942099213793, Reg 0.1407356945075302
09-Aug-26 10:51:31 - Epoch 149, Model Loss 0.5431139494998171, View Loss -0.41307093507919684, Reg 0.1520928791716524
09-Aug-26 10:52:31 - Epoch 150, Model Loss 0.5452750719315487, View Loss -0.4197621378687907, Reg 0.14001617569677569
09-Aug-26 10:52:42 - Epoch 150: Train_acc 0.7545008183306056 Val_acc 0.5816993464052288 Test_acc 0.609375 Test_auc 0.6618431073876618
09-Aug-26 10:53:41 - Epoch 151, Model Loss 0.5375151772741015, View Loss -0.4233561961038218, Reg 0.1331739078128006
09-Aug-26 10:54:39 - Epoch 152, Model Loss 0.5452119741229106, View Loss -0.4107760005613786, Reg 0.147120681239228
09-Aug-26 10:55:39 - Epoch 153, Model Loss 0.5412959707153995, View Loss -0.40687817852157615, Reg 0.1398673125111335
09-Aug-26 10:56:38 - Epoch 154, Model Loss 0.540612126723444, View Loss -0.4104475136084174, Reg 0.1354544844642989
09-Aug-26 10:57:37 - Epoch 155, Model Loss 0.5455956185410339, View Loss -0.39090990512929064, Reg 0.15169115866947486
09-Aug-26 10:57:43 - Epoch 155: Train_acc 0.8330605564648118 Val_acc 0.5490196078431373 Test_acc 0.5885416666666666 Test_auc 0.6511805026656513
09-Aug-26 10:58:42 - Epoch 156, Model Loss 0.5414162006491335, View Loss -0.4009195421799505, Reg 0.1416057774556249
09-Aug-26 10:59:40 - Epoch 157, Model Loss 0.5395255159044031, View Loss -0.41768899837999607, Reg 0.1359698824377185
09-Aug-26 11:00:38 - Epoch 158, Model Loss 0.5402449462593285, View Loss -0.416335398163616, Reg 0.14832426319828595
09-Aug-26 11:01:37 - Epoch 159, Model Loss 0.5458109167125533, View Loss -0.4423706463237831, Reg 0.1516514223453066
09-Aug-26 11:02:35 - Epoch 160, Model Loss 0.5396427246338021, View Loss -0.4154578570258208, Reg 0.13432870546749104
09-Aug-26 11:02:42 - Epoch 160: Train_acc 0.7168576104746317 Val_acc 0.5816993464052288 Test_acc 0.6041666666666666 Test_auc 0.6555325862256556
09-Aug-26 11:03:40 - Epoch 161, Model Loss 0.5393137600632619, View Loss -0.397777546837365, Reg 0.13548994722811172
09-Aug-26 11:04:39 - Epoch 162, Model Loss 0.5349870834334978, View Loss -0.3947960606573451, Reg 0.1410851247376974
09-Aug-26 11:05:38 - Epoch 163, Model Loss 0.53543910135419, View Loss -0.3787750074008873, Reg 0.14155718540306372
09-Aug-26 11:06:37 - Epoch 164, Model Loss 0.5356946536835204, View Loss -0.3796006333808462, Reg 0.14344506024241252
09-Aug-26 11:07:36 - Epoch 165, Model Loss 0.5347654477078864, View Loss -0.37832562193737873, Reg 0.14023282375253748
09-Aug-26 11:07:42 - Epoch 165: Train_acc 0.7217675941080196 Val_acc 0.5947712418300654 Test_acc 0.6145833333333334 Test_auc 0.6492220650636492
09-Aug-26 11:08:40 - Epoch 166, Model Loss 0.5355576254342075, View Loss -0.3783185807850864, Reg 0.13812050547712953
09-Aug-26 11:09:39 - Epoch 167, Model Loss 0.5387624947997435, View Loss -0.37192004616639035, Reg 0.14362873800354972
09-Aug-26 11:10:38 - Epoch 168, Model Loss 0.533837365245663, View Loss -0.37149941960255173, Reg 0.14656408645712607
09-Aug-26 11:11:37 - Epoch 169, Model Loss 0.5360333291286338, View Loss -0.3700468333380117, Reg 0.1373423220873269
09-Aug-26 11:12:36 - Epoch 170, Model Loss 0.5392929497014871, View Loss -0.3631993657048127, Reg 0.13753114509016715
09-Aug-26 11:12:43 - Epoch 170: Train_acc 0.7250409165302782 Val_acc 0.5816993464052288 Test_acc 0.6041666666666666 Test_auc 0.6499836796866499
09-Aug-26 11:13:42 - Epoch 171, Model Loss 0.5393421926006748, View Loss -0.36780391211595553, Reg 0.14504266531494753
09-Aug-26 11:14:41 - Epoch 172, Model Loss 0.5400148874023737, View Loss -0.3857602764853869, Reg 0.14058315236907934
09-Aug-26 11:15:39 - Epoch 173, Model Loss 0.5363827393605158, View Loss -0.3990242590490613, Reg 0.14642940834774323
09-Aug-26 11:16:38 - Epoch 174, Model Loss 0.5373306414402058, View Loss -0.37034815091353196, Reg 0.14703914549951663
09-Aug-26 11:17:36 - Epoch 175, Model Loss 0.5353539029041796, View Loss -0.3873103933131441, Reg 0.1392801170116946
09-Aug-26 11:17:43 - Epoch 175: Train_acc 0.7201309328968903 Val_acc 0.5816993464052288 Test_acc 0.609375 Test_auc 0.6557501904036558
09-Aug-26 11:18:41 - Epoch 176, Model Loss 0.5343195794061826, View Loss -0.38487271493858677, Reg 0.1366118679948017
09-Aug-26 11:19:40 - Epoch 177, Model Loss 0.5311786574349661, View Loss -0.3799204484920845, Reg 0.1504770894999785
09-Aug-26 11:20:38 - Epoch 178, Model Loss 0.5293171214589121, View Loss -0.3914890057131429, Reg 0.14676895096239598
09-Aug-26 11:21:37 - Epoch 179, Model Loss 0.5347189803755615, View Loss -0.4050390328205939, Reg 0.12836860486118767
09-Aug-26 11:22:36 - Epoch 180, Model Loss 0.532672369928875, View Loss -0.37817237303026763, Reg 0.14589562423149224
09-Aug-26 11:22:42 - Epoch 180: Train_acc 0.7201309328968903 Val_acc 0.5947712418300654 Test_acc 0.6145833333333334 Test_auc 0.6493308671526493
09-Aug-26 11:23:41 - Epoch 181, Model Loss 0.5347854224827793, View Loss -0.36673145266874724, Reg 0.14025137296675075
09-Aug-26 11:24:39 - Epoch 182, Model Loss 0.5331465933599956, View Loss -0.36587234038963257, Reg 0.13254093753140414
09-Aug-26 11:25:38 - Epoch 183, Model Loss 0.5351884719197761, View Loss -0.3706697885026323, Reg 0.13837865302293467
09-Aug-26 11:26:36 - Epoch 184, Model Loss 0.5302542129534551, View Loss -0.3641915793504731, Reg 0.1430728763537009
09-Aug-26 11:27:34 - Epoch 185, Model Loss 0.5336087295837371, View Loss -0.3519961666163368, Reg 0.13622325458815368
09-Aug-26 11:27:42 - Epoch 185: Train_acc 0.7250409165302782 Val_acc 0.5882352941176471 Test_acc 0.6041666666666666 Test_auc 0.6497660755086498
09-Aug-26 11:28:40 - Epoch 186, Model Loss 0.5291581564078355, View Loss -0.35250351198761437, Reg 0.13698688322608094
09-Aug-26 11:29:39 - Epoch 187, Model Loss 0.5308937065535013, View Loss -0.3396579977338326, Reg 0.14335700620801087
09-Aug-26 11:30:37 - Epoch 188, Model Loss 0.5221393785383034, View Loss -0.34583530254332795, Reg 0.13961704163133806
09-Aug-26 11:31:36 - Epoch 189, Model Loss 0.531516643670889, View Loss -0.3396145760915478, Reg 0.13964481295715964
09-Aug-26 11:32:34 - Epoch 190, Model Loss 0.5312770906524845, View Loss -0.34273383289624354, Reg 0.14800357264992453
09-Aug-26 11:32:40 - Epoch 190: Train_acc 0.7741407528641571 Val_acc 0.5882352941176471 Test_acc 0.6458333333333334 Test_auc 0.6757697747796758
09-Aug-26 11:33:39 - Epoch 191, Model Loss 0.5273077382100975, View Loss -0.3321222837544892, Reg 0.1434258015524541
09-Aug-26 11:34:37 - Epoch 192, Model Loss 0.5254992589525233, View Loss -0.33894950083156655, Reg 0.13458799593967619
09-Aug-26 11:35:36 - Epoch 193, Model Loss 0.520668750064853, View Loss -0.34382805164824143, Reg 0.14107926799603257
09-Aug-26 11:36:34 - Epoch 194, Model Loss 0.5299811953413506, View Loss -0.34194449707256014, Reg 0.14589269110497008
09-Aug-26 11:37:32 - Epoch 195, Model Loss 0.5247712708924289, View Loss -0.34691122881519426, Reg 0.13749467468105633
09-Aug-26 11:37:39 - Epoch 195: Train_acc 0.7217675941080196 Val_acc 0.5882352941176471 Test_acc 0.6145833333333334 Test_auc 0.6459580023936459
09-Aug-26 11:38:38 - Epoch 196, Model Loss 0.5320497174700036, View Loss -0.3492054683682181, Reg 0.13424508961347434
09-Aug-26 11:39:36 - Epoch 197, Model Loss 0.5248075829980416, View Loss -0.3737600444771849, Reg 0.1434175522842501
09-Aug-26 11:40:35 - Epoch 198, Model Loss 0.5325580183690972, View Loss -0.3833190011509897, Reg 0.14673466215888725
09-Aug-26 11:41:34 - Epoch 199, Model Loss 0.5242063278262237, View Loss -0.4192099235647049, Reg 0.14143442473513015
09-Aug-26 11:42:33 - Epoch 200, Model Loss 0.5249846630322758, View Loss -0.4605785580976895, Reg 0.134648529480405
09-Aug-26 11:42:41 - Epoch 200: Train_acc 0.8314238952536824 Val_acc 0.5555555555555556 Test_acc 0.6197916666666666 Test_auc 0.6592318572516592
09-Aug-26 11:43:39 - Epoch 201, Model Loss 0.5260134576385423, View Loss -0.3781797082061268, Reg 0.14688965036806614
09-Aug-26 11:44:38 - Epoch 202, Model Loss 0.5291040438286801, View Loss -0.34904490145450723, Reg 0.14097540356133456
09-Aug-26 11:45:36 - Epoch 203, Model Loss 0.5279162106654453, View Loss -0.3500531431891134, Reg 0.135847566609687
09-Aug-26 11:46:36 - Epoch 204, Model Loss 0.524087399975953, View Loss -0.3411387858726389, Reg 0.1432701812145558
09-Aug-26 11:47:35 - Epoch 205, Model Loss 0.5258423392881934, View Loss -0.34575215650268154, Reg 0.1478318985423558
/users/3171356m/miniconda3/envs/grastiacl/lib/python3.12/site-packages/joblib/externals/loky/process_executor.py:782: UserWarning: A worker stopped while some jobs were given to the executor. This can be caused by a too short worker timeout or by a memory leak.
  warnings.warn(
09-Aug-26 11:47:44 - Epoch 205: Train_acc 0.8641571194762684 Val_acc 0.5424836601307189 Test_acc 0.5520833333333334 Test_auc 0.6220215428136221
09-Aug-26 11:48:43 - Epoch 206, Model Loss 0.5245981716875554, View Loss -0.32739153138549354, Reg 0.1397446533710789
09-Aug-26 11:49:41 - Epoch 207, Model Loss 0.5311741063130467, View Loss -0.3303310828201119, Reg 0.13680740186118456
09-Aug-26 11:50:40 - Epoch 208, Model Loss 0.5252329253526054, View Loss -0.32714538117672537, Reg 0.1399759526826356
09-Aug-26 11:51:39 - Epoch 209, Model Loss 0.5240612368536854, View Loss -0.342590762628471, Reg 0.13722004047587344
09-Aug-26 11:52:38 - Epoch 210, Model Loss 0.5193642187625804, View Loss -0.3409367485639507, Reg 0.1401869673312393
09-Aug-26 11:52:49 - Epoch 210: Train_acc 0.7168576104746317 Val_acc 0.5947712418300654 Test_acc 0.5989583333333334 Test_auc 0.6509628984876509
09-Aug-26 11:53:48 - Epoch 211, Model Loss 0.5225042914407734, View Loss -0.3356477656262986, Reg 0.14568830882664008
09-Aug-26 11:54:47 - Epoch 212, Model Loss 0.5237910677290197, View Loss -0.32810232331046496, Reg 0.14295674781215953
09-Aug-26 11:55:46 - Epoch 213, Model Loss 0.5267742156689764, View Loss -0.32537282410698126, Reg 0.1343061442070819
09-Aug-26 11:56:45 - Epoch 214, Model Loss 0.525946243304863, View Loss -0.3241656595283171, Reg 0.1400647817481364
09-Aug-26 11:57:43 - Epoch 215, Model Loss 0.5240371957933454, View Loss -0.322329737160678, Reg 0.1523073152463682
/users/3171356m/miniconda3/envs/grastiacl/lib/python3.12/site-packages/joblib/externals/loky/process_executor.py:782: UserWarning: A worker stopped while some jobs were given to the executor. This can be caused by a too short worker timeout or by a memory leak.
  warnings.warn(
09-Aug-26 11:57:56 - Epoch 215: Train_acc 0.7201309328968903 Val_acc 0.5751633986928104 Test_acc 0.5989583333333334 Test_auc 0.651942117288652
09-Aug-26 11:58:55 - Epoch 216, Model Loss 0.5215026381655723, View Loss -0.3236251281248177, Reg 0.14253197178707966
09-Aug-26 11:59:54 - Epoch 217, Model Loss 0.5257641299461577, View Loss -0.3123374947159263, Reg 0.13158223110993444
09-Aug-26 12:00:52 - Epoch 218, Model Loss 0.5247174607263649, View Loss -0.3150551941507967, Reg 0.13549867113854022
09-Aug-26 12:01:51 - Epoch 219, Model Loss 0.5200899241403745, View Loss -0.31537716966213847, Reg 0.1451918791778349
09-Aug-26 12:02:49 - Epoch 220, Model Loss 0.5241280220534329, View Loss -0.31060149977913465, Reg 0.14138800771556392
09-Aug-26 12:02:59 - Epoch 220: Train_acc 0.7266775777414075 Val_acc 0.5816993464052288 Test_acc 0.6041666666666666 Test_auc 0.6502012838646501
09-Aug-26 12:03:58 - Epoch 221, Model Loss 0.5210529995042642, View Loss -0.3162866842532119, Reg 0.13346510303683834
09-Aug-26 12:04:56 - Epoch 222, Model Loss 0.5247394447923682, View Loss -0.31341101963274215, Reg 0.13833360898319125
09-Aug-26 12:05:55 - Epoch 223, Model Loss 0.5196696724712165, View Loss -0.3208730283228348, Reg 0.144710304547839
09-Aug-26 12:06:53 - Epoch 224, Model Loss 0.5213592650457217, View Loss -0.31645927355059233, Reg 0.1424664927923933
09-Aug-26 12:07:52 - Epoch 225, Model Loss 0.521527599537236, View Loss -0.31592856706066724, Reg 0.13648153692727782
09-Aug-26 12:08:01 - Epoch 225: Train_acc 0.8887070376432079 Val_acc 0.5228758169934641 Test_acc 0.59375 Test_auc 0.6182134696986182
09-Aug-26 12:08:59 - Epoch 226, Model Loss 0.52395195305445, View Loss -0.3010680837443925, Reg 0.13671240152001576
09-Aug-26 12:09:58 - Epoch 227, Model Loss 0.522584145471039, View Loss -0.30031563490385316, Reg 0.1437033759689175
09-Aug-26 12:10:56 - Epoch 228, Model Loss 0.5202577058012474, View Loss -0.30495559427820135, Reg 0.14115182548127275
09-Aug-26 12:11:55 - Epoch 229, Model Loss 0.5201698221668675, View Loss -0.3124211966113451, Reg 0.1341496974766352
09-Aug-26 12:12:53 - Epoch 230, Model Loss 0.5203868398006927, View Loss -0.3114473833390031, Reg 0.14081696339207664
09-Aug-26 12:13:01 - Epoch 230: Train_acc 0.7054009819967266 Val_acc 0.5816993464052288 Test_acc 0.6145833333333334 Test_auc 0.6483516483516484
09-Aug-26 12:13:59 - Epoch 231, Model Loss 0.5219231327895056, View Loss -0.3186433658662287, Reg 0.14762977733842284
09-Aug-26 12:14:58 - Epoch 232, Model Loss 0.520212888327441, View Loss -0.3198992472428542, Reg 0.13745369192718873
09-Aug-26 12:15:57 - Epoch 233, Model Loss 0.5224163138144535, View Loss -0.3140142192231848, Reg 0.128997870850485
09-Aug-26 12:16:55 - Epoch 234, Model Loss 0.521371045303813, View Loss -0.31924126795973207, Reg 0.13851203401184317
09-Aug-26 12:17:54 - Epoch 235, Model Loss 0.5186769583806664, View Loss -0.31860310492851146, Reg 0.1445125177283139
/users/3171356m/miniconda3/envs/grastiacl/lib/python3.12/site-packages/joblib/externals/loky/process_executor.py:782: UserWarning: A worker stopped while some jobs were given to the executor. This can be caused by a too short worker timeout or by a memory leak.
  warnings.warn(
09-Aug-26 12:18:03 - Epoch 235: Train_acc 0.8330605564648118 Val_acc 0.5490196078431373 Test_acc 0.609375 Test_auc 0.6555325862256556
09-Aug-26 12:19:01 - Epoch 236, Model Loss 0.5172998652520625, View Loss -0.31221834629920425, Reg 0.14063762067382737
09-Aug-26 12:20:00 - Epoch 237, Model Loss 0.5163117445237118, View Loss -0.31558289894690883, Reg 0.1333820503052635
09-Aug-26 12:20:59 - Epoch 238, Model Loss 0.5236041563427389, View Loss -0.30894004323088403, Reg 0.13431304210336625
09-Aug-26 12:21:57 - Epoch 239, Model Loss 0.5213788184908915, View Loss -0.3438103817488675, Reg 0.14231963999532835
09-Aug-26 12:22:56 - Epoch 240, Model Loss 0.514276810783021, View Loss -0.32923198136487297, Reg 0.13769717370624823
09-Aug-26 12:23:05 - Epoch 240: Train_acc 0.7168576104746317 Val_acc 0.5816993464052288 Test_acc 0.6145833333333334 Test_auc 0.6513981068436515
09-Aug-26 12:24:04 - Epoch 241, Model Loss 0.5162801472332981, View Loss -0.32260304972309917, Reg 0.1286701529047493
09-Aug-26 12:25:02 - Epoch 242, Model Loss 0.517165684465886, View Loss -0.328018706285817, Reg 0.14160058502284673
09-Aug-26 12:26:01 - Epoch 243, Model Loss 0.5133375372316951, View Loss -0.3120783897156411, Reg 0.15083911550366938
09-Aug-26 12:26:59 - Epoch 244, Model Loss 0.5172724740399862, View Loss -0.3044916744513129, Reg 0.1434260403856318
09-Aug-26 12:27:58 - Epoch 245, Model Loss 0.5188095115990958, View Loss -0.3037075050138608, Reg 0.1313183553236401
09-Aug-26 12:28:09 - Epoch 245: Train_acc 0.723404255319149 Val_acc 0.5816993464052288 Test_acc 0.6197916666666666 Test_auc 0.6465020128386466
09-Aug-26 12:29:08 - Epoch 246, Model Loss 0.5159807112525215, View Loss -0.318279363910032, Reg 0.13682385745005599
09-Aug-26 12:30:07 - Epoch 247, Model Loss 0.5150980691862965, View Loss -0.30251008438010457, Reg 0.14733752448556856
09-Aug-26 12:31:05 - Epoch 248, Model Loss 0.5209064165621069, View Loss -0.30203355978046426, Reg 0.14211812510525537
09-Aug-26 12:32:04 - Epoch 249, Model Loss 0.519293937179734, View Loss -0.2980972830870733, Reg 0.13591780012348476
09-Aug-26 12:33:02 - Epoch 250, Model Loss 0.5184073837416067, View Loss -0.2983804904107376, Reg 0.13866168999535364
/users/3171356m/miniconda3/envs/grastiacl/lib/python3.12/site-packages/joblib/externals/loky/process_executor.py:782: UserWarning: A worker stopped while some jobs were given to the executor. This can be caused by a too short worker timeout or by a memory leak.
  warnings.warn(
09-Aug-26 12:33:18 - Epoch 250: Train_acc 0.7266775777414075 Val_acc 0.5816993464052288 Test_acc 0.609375 Test_auc 0.6478076379066479
09-Aug-26 12:34:17 - Epoch 251, Model Loss 0.5156529548710574, View Loss -0.30188364951388147, Reg 0.14458563870181818
09-Aug-26 12:35:15 - Epoch 252, Model Loss 0.5186784438142604, View Loss -0.3059120968398798, Reg 0.1413952070981898
09-Aug-26 12:36:14 - Epoch 253, Model Loss 0.5214328077147713, View Loss -0.3003771507993658, Reg 0.13121909566479698
09-Aug-26 12:37:13 - Epoch 254, Model Loss 0.5150370159340373, View Loss -0.30556826720261143, Reg 0.13374753598788366
09-Aug-26 12:38:11 - Epoch 255, Model Loss 0.5162300676253736, View Loss -0.32820113708071547, Reg 0.14086075497824704
09-Aug-26 12:38:20 - Epoch 255: Train_acc 0.8248772504091653 Val_acc 0.5686274509803921 Test_acc 0.625 Test_auc 0.6595582635186595
09-Aug-26 12:39:18 - Epoch 256, Model Loss 0.5153367953487777, View Loss -0.3175882729297769, Reg 0.14586353106896732
09-Aug-26 12:40:17 - Epoch 257, Model Loss 0.5154918922925347, View Loss -0.2971214292092331, Reg 0.13936938681988786
09-Aug-26 12:41:16 - Epoch 258, Model Loss 0.5138946640901206, View Loss -0.29787834225231613, Reg 0.13458226152898442
09-Aug-26 12:42:14 - Epoch 259, Model Loss 0.5156233610673739, View Loss -0.2971471130555273, Reg 0.1415046743816908
09-Aug-26 12:43:12 - Epoch 260, Model Loss 0.5146211461330201, View Loss -0.28873093448176906, Reg 0.14491276528363142
09-Aug-26 12:43:22 - Epoch 260: Train_acc 0.7217675941080196 Val_acc 0.5816993464052288 Test_acc 0.6041666666666666 Test_auc 0.6532477423566533
09-Aug-26 12:44:20 - Epoch 261, Model Loss 0.5162555875832827, View Loss -0.2927372754107911, Reg 0.13672941884120435
09-Aug-26 12:45:19 - Epoch 262, Model Loss 0.5138839909566014, View Loss -0.28686692476662795, Reg 0.1352161067353528
09-Aug-26 12:46:17 - Epoch 263, Model Loss 0.5132554429057382, View Loss -0.2857526351504162, Reg 0.14227160399264477
09-Aug-26 12:47:16 - Epoch 264, Model Loss 0.5129008752624649, View Loss -0.2807769073011832, Reg 0.14619739103678206
09-Aug-26 12:48:14 - Epoch 265, Model Loss 0.5126055403934173, View Loss -0.28542933526483966, Reg 0.14004308921810843
/users/3171356m/miniconda3/envs/grastiacl/lib/python3.12/site-packages/joblib/externals/loky/process_executor.py:782: UserWarning: A worker stopped while some jobs were given to the executor. This can be caused by a too short worker timeout or by a memory leak.
  warnings.warn(
09-Aug-26 12:48:24 - Epoch 265: Train_acc 0.7184942716857611 Val_acc 0.5751633986928104 Test_acc 0.6041666666666666 Test_auc 0.6492220650636492
09-Aug-26 12:49:23 - Epoch 266, Model Loss 0.5144863522774654, View Loss -0.2859888080684331, Reg 0.13525828667923978
09-Aug-26 12:50:22 - Epoch 267, Model Loss 0.5142465964471845, View Loss -0.2872372567165893, Reg 0.1377802687024914
09-Aug-26 12:51:21 - Epoch 268, Model Loss 0.5166568346870316, View Loss -0.28338294450663115, Reg 0.14297446696340746
09-Aug-26 12:52:20 - Epoch 269, Model Loss 0.5133398524477907, View Loss -0.2836407567397272, Reg 0.13978646090787678
09-Aug-26 12:53:18 - Epoch 270, Model Loss 0.5143659274823927, View Loss -0.2867723939461716, Reg 0.13427466061423532
09-Aug-26 12:53:30 - Epoch 270: Train_acc 0.7201309328968903 Val_acc 0.5947712418300654 Test_acc 0.6041666666666666 Test_auc 0.651942117288652
09-Aug-26 12:54:28 - Epoch 271, Model Loss 0.5141181488766803, View Loss -0.28446159756905515, Reg 0.13532372462866543
09-Aug-26 12:55:27 - Epoch 272, Model Loss 0.5137227024462336, View Loss -0.2887421520564053, Reg 0.14140409301911555
09-Aug-26 12:56:26 - Epoch 273, Model Loss 0.5107821546092556, View Loss -0.28728764049355215, Reg 0.14444712586030242
09-Aug-26 12:57:25 - Epoch 274, Model Loss 0.5113908135364177, View Loss -0.28148143986047974, Reg 0.14142841586016985
09-Aug-26 12:58:25 - Epoch 275, Model Loss 0.5148529341587653, View Loss -0.2821163420981549, Reg 0.13652907802118217
/users/3171356m/miniconda3/envs/grastiacl/lib/python3.12/site-packages/joblib/externals/loky/process_executor.py:782: UserWarning: A worker stopped while some jobs were given to the executor. This can be caused by a too short worker timeout or by a memory leak.
  warnings.warn(
09-Aug-26 12:58:42 - Epoch 275: Train_acc 0.8314238952536824 Val_acc 0.5620915032679739 Test_acc 0.6197916666666666 Test_auc 0.6561853987596562
09-Aug-26 12:59:42 - Epoch 276, Model Loss 0.5130531022084325, View Loss -0.2900807096603069, Reg 0.13631227595423714
09-Aug-26 13:00:40 - Epoch 277, Model Loss 0.5114663054041698, View Loss -0.2918194319729719, Reg 0.1383951331218994
09-Aug-26 13:01:39 - Epoch 278, Model Loss 0.5127863376698596, View Loss -0.28384300417673763, Reg 0.14056186814550098
09-Aug-26 13:02:37 - Epoch 279, Model Loss 0.5081458997024062, View Loss -0.28668297312653784, Reg 0.1440875234902393
09-Aug-26 13:03:36 - Epoch 280, Model Loss 0.5115731425351675, View Loss -0.28180359545393974, Reg 0.13986951410282653
/users/3171356m/miniconda3/envs/grastiacl/lib/python3.12/site-packages/joblib/externals/loky/process_executor.py:782: UserWarning: A worker stopped while some jobs were given to the executor. This can be caused by a too short worker timeout or by a memory leak.
  warnings.warn(
09-Aug-26 13:03:51 - Epoch 280: Train_acc 0.8281505728314239 Val_acc 0.5751633986928104 Test_acc 0.609375 Test_auc 0.6480252420846481
09-Aug-26 13:04:49 - Epoch 281, Model Loss 0.5110640900419894, View Loss -0.2795013612694124, Reg 0.13721223392580223
09-Aug-26 13:05:47 - Epoch 282, Model Loss 0.5121693776984456, View Loss -0.28002367023555425, Reg 0.13660981995091695
09-Aug-26 13:06:46 - Epoch 283, Model Loss 0.511841845395327, View Loss -0.2831043420563743, Reg 0.13585544844598504
09-Aug-26 13:07:44 - Epoch 284, Model Loss 0.5137880763035945, View Loss -0.28286950931611504, Reg 0.1399090164714476
09-Aug-26 13:08:43 - Epoch 285, Model Loss 0.51158519735508, View Loss -0.2855087009467392, Reg 0.1407370583417958
09-Aug-26 13:08:53 - Epoch 285: Train_acc 0.7823240589198036 Val_acc 0.5947712418300654 Test_acc 0.6302083333333334 Test_auc 0.6635839408116636
09-Aug-26 13:09:52 - Epoch 286, Model Loss 0.5115859337797337, View Loss -0.2812649105262444, Reg 0.14127969634513418
09-Aug-26 13:10:50 - Epoch 287, Model Loss 0.5111947115724098, View Loss -0.2825219740453992, Reg 0.14274167420674852
09-Aug-26 13:11:48 - Epoch 288, Model Loss 0.5063141966802593, View Loss -0.27993828282613803, Reg 0.14247823415138133
09-Aug-26 13:12:47 - Epoch 289, Model Loss 0.5114807561649628, View Loss -0.29319733039837226, Reg 0.1403681169067389
09-Aug-26 13:13:45 - Epoch 290, Model Loss 0.512820498350209, View Loss -0.3010317974902214, Reg 0.13417885485432932
/users/3171356m/miniconda3/envs/grastiacl/lib/python3.12/site-packages/joblib/externals/loky/process_executor.py:782: UserWarning: A worker stopped while some jobs were given to the executor. This can be caused by a too short worker timeout or by a memory leak.
  warnings.warn(
09-Aug-26 13:13:57 - Epoch 290: Train_acc 0.7201309328968903 Val_acc 0.5882352941176471 Test_acc 0.6041666666666666 Test_auc 0.6486780546186487
09-Aug-26 13:14:55 - Epoch 291, Model Loss 0.5114081168330827, View Loss -0.30489759378854653, Reg 0.1338462207448073
09-Aug-26 13:15:54 - Epoch 292, Model Loss 0.512348990003333, View Loss -0.30991249837578805, Reg 0.13899926104736796
09-Aug-26 13:16:53 - Epoch 293, Model Loss 0.5073027651263142, View Loss -0.3136633406294153, Reg 0.14150771959616198
09-Aug-26 13:17:51 - Epoch 294, Model Loss 0.5125948044847934, View Loss -0.3132449757252895, Reg 0.13624055390954992
09-Aug-26 13:18:49 - Epoch 295, Model Loss 0.5119998552600218, View Loss -0.3034881257776738, Reg 0.13728627728362325
09-Aug-26 13:18:57 - Epoch 295: Train_acc 0.723404255319149 Val_acc 0.5947712418300654 Test_acc 0.6041666666666666 Test_auc 0.6481340441736481
09-Aug-26 13:19:56 - Epoch 296, Model Loss 0.512682366488218, View Loss -0.28275451644547833, Reg 0.14303530121005695
09-Aug-26 13:20:54 - Epoch 297, Model Loss 0.5101464620978859, View Loss -0.2815057848947528, Reg 0.14151567369455598
09-Aug-26 13:21:53 - Epoch 298, Model Loss 0.5104068197224613, View Loss -0.27515662399329455, Reg 0.13979342004281214
09-Aug-26 13:22:51 - Epoch 299, Model Loss 0.5106933581263265, View Loss -0.2812349384623151, Reg 0.1394585021779112
09-Aug-26 13:23:49 - Epoch 300, Model Loss 0.5086788455124963, View Loss -0.2851536402725744, Reg 0.13730197710803604
09-Aug-26 13:23:56 - Epoch 300: Train_acc 0.7708674304418985 Val_acc 0.6274509803921569 Test_acc 0.625 Test_auc 0.6633663366336634
09-Aug-26 13:23:56 - FinishedTraining! BestEpoch (eval-interval index): 10
09-Aug-26 13:23:56 - Wrote /users/3171356m/muhammad/GraSTIACL/nested_cv/results/nocombat__emb256_bs256__fold0.json
09-Aug-26 13:23:56 - {
  "emb_dim": 256,
  "batch_size": 256,
  "fold": 0,
  "combat": false,
  "n_train": 611,
  "n_val": 153,
  "n_test": 192,
  "best_val_epoch_idx": 10,
  "train_accuracy": 0.7135842880523732,
  "val_accuracy": 0.6339869281045751,
  "test_accuracy": 0.609375,
  "train_f1": 0.697754749568221,
  "val_f1": 0.631578947368421,
  "test_f1": 0.585635359116022,
  "train_sensitivity": 0.6941580732159517,
  "val_sensitivity": 0.6575342375680242,
  "test_sensitivity": 0.5824175760173893,
  "train_specificity": 0.7312499977148438,
  "val_specificity": 0.6124999923437501,
  "test_specificity": 0.633663360062739,
  "train_precision": 0.7013888888888888,
  "val_precision": 0.6075949367088608,
  "test_precision": 0.5888888888888889,
  "test_auc": 0.6592318572516593,
  "fin_reg": 0.13126699792285207
}
