08-Aug-26 14:24:15 - Using Device: cuda
08-Aug-26 14:24:15 - Seed: 123, Fold: 1, ComBat: False
08-Aug-26 14:24:15 - Namespace(fold=1, combat=False, num_dyn_windows=3, model_lr=0.0005, view_lr=0.0005, num_gc_layers=2, pooling_type='standard', emb_dim=512, vib_hidden_dim=400, batch_size=32, drop_ratio=0.3, epochs=300, kld_lambda=0.003, reg_lambda=0.2, gamma_mode='paper_literal', node_feature_mode='alff_pcc', mij_source='alff_pcc', template=90, eval_interval=5, downstream_classifier='linear', ce_lambda=2.0, seed=123)
08-Aug-26 14:24:15 - Loading raw subject data...
08-Aug-26 14:26:15 - Loaded 956 subjects (455 ASD, 501 NC)
08-Aug-26 14:26:15 - alff_pcc scale stats (train_val_idx only): alff=[-3.5994,5.6307] pcc=[-0.7600,1.0000]
08-Aug-26 14:26:15 - Train/Val/Test sizes: 612/153/191
08-Aug-26 14:27:15 - Epoch 1, Model Loss -0.8423250531838611, View Loss -5.648245085298625, Reg 0.23559455456686954
08-Aug-26 14:28:14 - Epoch 2, Model Loss -1.261344005858976, View Loss -3.9314046124227686, Reg 0.15328391451461643
08-Aug-26 14:29:14 - Epoch 3, Model Loss -1.3161991437276204, View Loss -3.6132400674757617, Reg 0.14075918057385614
08-Aug-26 14:30:13 - Epoch 4, Model Loss -1.3264505286621893, View Loss -3.3116983557059094, Reg 0.14111356115808674
08-Aug-26 14:31:13 - Epoch 5, Model Loss -1.334722955242481, View Loss -2.854050122055353, Reg 0.14453685965413363
08-Aug-26 14:31:29 - Epoch 5: Train_acc 0.7761437908496732 Val_acc 0.5686274509803921 Test_acc 0.5759162303664922 Test_auc 0.5931868131868131
08-Aug-26 14:32:28 - Epoch 6, Model Loss -1.3768304843528598, View Loss -2.7944465151020124, Reg 0.13781172826009638
08-Aug-26 14:33:28 - Epoch 7, Model Loss -1.3683174482358047, View Loss -2.699086974648868, Reg 0.14557679684138766
08-Aug-26 14:34:27 - Epoch 8, Model Loss -1.399462170071072, View Loss -2.585123997108609, Reg 0.13541445472076827
08-Aug-26 14:35:27 - Epoch 9, Model Loss -1.4128794109120089, View Loss -2.551490811740651, Reg 0.13675589567305996
08-Aug-26 14:36:26 - Epoch 10, Model Loss -1.427274273891075, View Loss -2.5508162367577647, Reg 0.1334309012087342
/users/3171356m/miniconda3/envs/grastiacl/lib/python3.12/site-packages/joblib/externals/loky/process_executor.py:782: UserWarning: A worker stopped while some jobs were given to the executor. This can be caused by a too short worker timeout or by a memory leak.
  warnings.warn(
08-Aug-26 14:36:44 - Epoch 10: Train_acc 0.7777777777777778 Val_acc 0.5947712418300654 Test_acc 0.5654450261780105 Test_auc 0.5906593406593407
08-Aug-26 14:37:43 - Epoch 11, Model Loss -1.4056476331224628, View Loss -2.3857139325609396, Reg 0.14154547146138022
08-Aug-26 14:38:43 - Epoch 12, Model Loss -1.4160170929104674, View Loss -2.3680935093000826, Reg 0.13825850656219557
08-Aug-26 14:39:42 - Epoch 13, Model Loss -1.429416628444896, View Loss -2.4542652454251557, Reg 0.13895882851158092
08-Aug-26 14:40:41 - Epoch 14, Model Loss -1.4175218881345262, View Loss -2.382341260224386, Reg 0.14337527488960938
08-Aug-26 14:41:41 - Epoch 15, Model Loss -1.4427396643395518, View Loss -2.443375596813127, Reg 0.1428193253239775
08-Aug-26 14:41:57 - Epoch 15: Train_acc 0.7761437908496732 Val_acc 0.5947712418300654 Test_acc 0.5968586387434555 Test_auc 0.6271428571428572
08-Aug-26 14:42:56 - Epoch 16, Model Loss -1.4471787409065595, View Loss -2.463292181102279, Reg 0.14211471836551343
08-Aug-26 14:43:56 - Epoch 17, Model Loss -1.4594412410960478, View Loss -2.4682601199430576, Reg 0.1405096209906285
08-Aug-26 14:44:55 - Epoch 18, Model Loss -1.4476579155018128, View Loss -2.3134065718432657, Reg 0.14170810619210886
08-Aug-26 14:45:55 - Epoch 19, Model Loss -1.4491610371209438, View Loss -2.377716447792801, Reg 0.14101739179075154
08-Aug-26 14:46:54 - Epoch 20, Model Loss -1.4558899511698804, View Loss -2.335001811482548, Reg 0.14087429438151566
08-Aug-26 14:47:06 - Epoch 20: Train_acc 0.7679738562091504 Val_acc 0.5620915032679739 Test_acc 0.5706806282722513 Test_auc 0.6158241758241758
08-Aug-26 14:48:06 - Epoch 21, Model Loss -1.4725047342138353, View Loss -2.3760214163586983, Reg 0.14132720884544397
08-Aug-26 14:49:05 - Epoch 22, Model Loss -1.4675420904471204, View Loss -2.3340701558231527, Reg 0.14196522645895776
08-Aug-26 14:50:04 - Epoch 23, Model Loss -1.4708010043973236, View Loss -2.3447249169443167, Reg 0.14011459335003024
08-Aug-26 14:51:04 - Epoch 24, Model Loss -1.4750321020487867, View Loss -2.3585852205363755, Reg 0.14061865069312987
08-Aug-26 14:52:03 - Epoch 25, Model Loss -1.4504291777517282, View Loss -2.2186372607362035, Reg 0.1426852879181407
/users/3171356m/miniconda3/envs/grastiacl/lib/python3.12/site-packages/joblib/externals/loky/process_executor.py:782: UserWarning: A worker stopped while some jobs were given to the executor. This can be caused by a too short worker timeout or by a memory leak.
  warnings.warn(
08-Aug-26 14:52:13 - Epoch 25: Train_acc 0.7745098039215687 Val_acc 0.5686274509803921 Test_acc 0.5706806282722513 Test_auc 0.6101098901098901
08-Aug-26 14:53:12 - Epoch 26, Model Loss -1.4611674913393906, View Loss -2.241849313374438, Reg 0.13933553395707624
08-Aug-26 14:54:12 - Epoch 27, Model Loss -1.4687019952761582, View Loss -2.2569561098136153, Reg 0.1406627584711399
08-Aug-26 14:55:11 - Epoch 28, Model Loss -1.4738424650204727, View Loss -2.3204672601487903, Reg 0.13948132506772584
08-Aug-26 14:56:10 - Epoch 29, Model Loss -1.4750216272142198, View Loss -2.315425155988706, Reg 0.14028693531073777
08-Aug-26 14:57:10 - Epoch 30, Model Loss -1.4910927224003412, View Loss -2.3031687502767526, Reg 0.1398160559873955
08-Aug-26 14:57:23 - Epoch 30: Train_acc 0.7696078431372549 Val_acc 0.5947712418300654 Test_acc 0.5654450261780105 Test_auc 0.5989010989010988
08-Aug-26 14:58:23 - Epoch 31, Model Loss -1.4734389143052444, View Loss -2.200210110034818, Reg 0.14012523920707454
08-Aug-26 14:59:22 - Epoch 32, Model Loss -1.449259203243879, View Loss -2.0492281228109124, Reg 0.14349838604334914
08-Aug-26 15:00:21 - Epoch 33, Model Loss -1.4699693318285973, View Loss -2.3031923505995007, Reg 0.13846178820320204
08-Aug-26 15:01:21 - Epoch 34, Model Loss -1.4704497779896057, View Loss -2.234024870629404, Reg 0.1423883031006732
08-Aug-26 15:02:20 - Epoch 35, Model Loss -1.4649852054571015, View Loss -2.2127950581070643, Reg 0.137701086651266
/users/3171356m/miniconda3/envs/grastiacl/lib/python3.12/site-packages/joblib/externals/loky/process_executor.py:782: UserWarning: A worker stopped while some jobs were given to the executor. This can be caused by a too short worker timeout or by a memory leak.
  warnings.warn(
08-Aug-26 15:02:34 - Epoch 35: Train_acc 0.7712418300653595 Val_acc 0.5816993464052288 Test_acc 0.5863874345549738 Test_auc 0.6254945054945055
08-Aug-26 15:03:33 - Epoch 36, Model Loss -1.4741708344104243, View Loss -2.246949155346241, Reg 0.14012716798221364
08-Aug-26 15:04:33 - Epoch 37, Model Loss -1.4774647538178887, View Loss -2.1648031652363295, Reg 0.1404714332102171
08-Aug-26 15:05:32 - Epoch 38, Model Loss -1.4845949434766583, View Loss -2.2153601085438446, Reg 0.13999523037399342
08-Aug-26 15:06:32 - Epoch 39, Model Loss -1.483508060181063, View Loss -2.242409865061442, Reg 0.1396421342114218
08-Aug-26 15:07:32 - Epoch 40, Model Loss -1.4999430226344688, View Loss -2.2532460268806007, Reg 0.1406808453155499
/users/3171356m/miniconda3/envs/grastiacl/lib/python3.12/site-packages/joblib/externals/loky/process_executor.py:782: UserWarning: A worker stopped while some jobs were given to the executor. This can be caused by a too short worker timeout or by a memory leak.
  warnings.warn(
08-Aug-26 15:07:45 - Epoch 40: Train_acc 0.7777777777777778 Val_acc 0.6143790849673203 Test_acc 0.5863874345549738 Test_auc 0.616043956043956
08-Aug-26 15:08:44 - Epoch 41, Model Loss -1.5014757206237395, View Loss -2.219030760472117, Reg 0.13982772827148438
08-Aug-26 15:09:44 - Epoch 42, Model Loss -1.4952102985257416, View Loss -2.238964841256734, Reg 0.14015259588855544
08-Aug-26 15:10:43 - Epoch 43, Model Loss -1.5004554324679904, View Loss -2.2278064154331982, Reg 0.1381969089601554
08-Aug-26 15:11:43 - Epoch 44, Model Loss -1.5091020671370763, View Loss -2.2569747189291163, Reg 0.1400384983790466
08-Aug-26 15:12:42 - Epoch 45, Model Loss -1.5037262081320768, View Loss -2.1341889730465957, Reg 0.14069358059783388
/users/3171356m/miniconda3/envs/grastiacl/lib/python3.12/site-packages/joblib/externals/loky/process_executor.py:782: UserWarning: A worker stopped while some jobs were given to the executor. This can be caused by a too short worker timeout or by a memory leak.
  warnings.warn(
08-Aug-26 15:12:51 - Epoch 45: Train_acc 0.7647058823529411 Val_acc 0.6405228758169934 Test_acc 0.5916230366492147 Test_auc 0.6226373626373626
08-Aug-26 15:13:50 - Epoch 46, Model Loss -1.505756658666274, View Loss -2.2394827082266215, Reg 0.13980494303251403
08-Aug-26 15:14:50 - Epoch 47, Model Loss -1.5066941454519633, View Loss -2.2076259376176823, Reg 0.13886523689904245
08-Aug-26 15:15:49 - Epoch 48, Model Loss -1.511524237838446, View Loss -2.2253456396215103, Reg 0.13833487890904245
08-Aug-26 15:16:49 - Epoch 49, Model Loss -1.5128837816076341, View Loss -2.143170980067035, Reg 0.13930327372223722
08-Aug-26 15:17:49 - Epoch 50, Model Loss -1.5161292880189186, View Loss -2.2092661701775844, Reg 0.13956438024449191
/users/3171356m/miniconda3/envs/grastiacl/lib/python3.12/site-packages/joblib/externals/loky/process_executor.py:782: UserWarning: A worker stopped while some jobs were given to the executor. This can be caused by a too short worker timeout or by a memory leak.
  warnings.warn(
08-Aug-26 15:18:00 - Epoch 50: Train_acc 0.7794117647058824 Val_acc 0.6405228758169934 Test_acc 0.5759162303664922 Test_auc 0.6154945054945056
08-Aug-26 15:18:59 - Epoch 51, Model Loss -1.5036459343106139, View Loss -2.1499715942183353, Reg 0.1372625064226537
08-Aug-26 15:19:59 - Epoch 52, Model Loss -1.5057027043859943, View Loss -2.146618048350016, Reg 0.1398367586673475
08-Aug-26 15:20:58 - Epoch 53, Model Loss -1.51128643010956, View Loss -2.138624945497201, Reg 0.1386908695978277
08-Aug-26 15:21:58 - Epoch 54, Model Loss -1.5117526833528008, View Loss -2.1231061399372573, Reg 0.13834441789225035
08-Aug-26 15:22:57 - Epoch 55, Model Loss -1.506424436382219, View Loss -2.108223572275997, Reg 0.13987584821149415
/users/3171356m/miniconda3/envs/grastiacl/lib/python3.12/site-packages/joblib/externals/loky/process_executor.py:782: UserWarning: A worker stopped while some jobs were given to the executor. This can be caused by a too short worker timeout or by a memory leak.
  warnings.warn(
08-Aug-26 15:23:10 - Epoch 55: Train_acc 0.7712418300653595 Val_acc 0.5947712418300654 Test_acc 0.5916230366492147 Test_auc 0.6164835164835165
08-Aug-26 15:24:09 - Epoch 56, Model Loss -1.507533668692595, View Loss -2.130877376381868, Reg 0.1383900580063365
08-Aug-26 15:25:08 - Epoch 57, Model Loss -1.5154370388953515, View Loss -2.241381015652925, Reg 0.13617597656701905
08-Aug-26 15:26:07 - Epoch 58, Model Loss -1.5030555506936865, View Loss -2.15836339215048, Reg 0.13957972561611848
08-Aug-26 15:27:06 - Epoch 59, Model Loss -1.5218092662836211, View Loss -2.1437195079778535, Reg 0.13836482887953713
08-Aug-26 15:28:04 - Epoch 60, Model Loss -1.52747333439347, View Loss -2.15460348752589, Reg 0.13709651157746908
08-Aug-26 15:28:14 - Epoch 60: Train_acc 0.7696078431372549 Val_acc 0.5751633986928104 Test_acc 0.5602094240837696 Test_auc 0.615054945054945
08-Aug-26 15:29:11 - Epoch 61, Model Loss -1.5126900205425187, View Loss -2.1196412666171205, Reg 0.13914016746228036
08-Aug-26 15:30:09 - Epoch 62, Model Loss -1.5015121036105685, View Loss -2.06395379546421, Reg 0.13739852422203114
08-Aug-26 15:31:07 - Epoch 63, Model Loss -1.525019620758256, View Loss -2.1467398864771026, Reg 0.13869787428795902
08-Aug-26 15:32:04 - Epoch 64, Model Loss -1.519179076151131, View Loss -2.145535381790859, Reg 0.13687431632108937
08-Aug-26 15:33:02 - Epoch 65, Model Loss -1.518647991753871, View Loss -2.110813757952522, Reg 0.13561314354145448
08-Aug-26 15:33:08 - Epoch 65: Train_acc 0.7516339869281046 Val_acc 0.6143790849673203 Test_acc 0.5549738219895288 Test_auc 0.6232967032967032
08-Aug-26 15:34:05 - Epoch 66, Model Loss -1.520364004022935, View Loss -2.1074778176600635, Reg 0.13828475067233728
08-Aug-26 15:35:03 - Epoch 67, Model Loss -1.5268232245850408, View Loss -2.1050598107132257, Reg 0.13694903410338108
08-Aug-26 15:36:00 - Epoch 68, Model Loss -1.5125632753559188, View Loss -2.018847100874957, Reg 0.13915082442215065
08-Aug-26 15:36:58 - Epoch 69, Model Loss -1.5176844067043729, View Loss -2.0896383952471167, Reg 0.1402684861148884
08-Aug-26 15:37:55 - Epoch 70, Model Loss -1.522872638079076, View Loss -2.1345537893133226, Reg 0.13615787082832623
08-Aug-26 15:38:01 - Epoch 70: Train_acc 0.7516339869281046 Val_acc 0.5947712418300654 Test_acc 0.5654450261780105 Test_auc 0.6007692307692307
08-Aug-26 15:38:58 - Epoch 71, Model Loss -1.5246364680770177, View Loss -2.149159415874606, Reg 0.13692159678032195
08-Aug-26 15:39:56 - Epoch 72, Model Loss -1.522840905033685, View Loss -2.101781078413421, Reg 0.1371204549191045
08-Aug-26 15:40:54 - Epoch 73, Model Loss -1.514654689364963, View Loss -2.018670795789731, Reg 0.13771294174241086
08-Aug-26 15:41:51 - Epoch 74, Model Loss -1.51853134741191, View Loss -2.084848522360808, Reg 0.13794066781312034
08-Aug-26 15:42:49 - Epoch 75, Model Loss -1.518274126489178, View Loss -2.1187610470391567, Reg 0.13749842598936915
08-Aug-26 15:42:55 - Epoch 75: Train_acc 0.8382352941176471 Val_acc 0.5163398692810458 Test_acc 0.5654450261780105 Test_auc 0.5827472527472527
08-Aug-26 15:43:53 - Epoch 76, Model Loss -1.5056594181684106, View Loss -2.0319794237224107, Reg 0.13894075418219848
08-Aug-26 15:44:51 - Epoch 77, Model Loss -1.5199983945859024, View Loss -2.074051531311733, Reg 0.13590302564252435
08-Aug-26 15:45:49 - Epoch 78, Model Loss -1.5296312656277924, View Loss -2.0783806813308616, Reg 0.13720086007531174
08-Aug-26 15:46:46 - Epoch 79, Model Loss -1.5206863895740383, View Loss -2.049468560935625, Reg 0.1374382018263823
08-Aug-26 15:47:44 - Epoch 80, Model Loss -1.5154781185723598, View Loss -2.0017034882813496, Reg 0.13840151125309513
08-Aug-26 15:47:49 - Epoch 80: Train_acc 0.7598039215686274 Val_acc 0.6209150326797386 Test_acc 0.6230366492146597 Test_auc 0.6495604395604395
08-Aug-26 15:48:46 - Epoch 81, Model Loss -1.511960646685432, View Loss -1.996497444078034, Reg 0.13683897646424037
08-Aug-26 15:49:44 - Epoch 82, Model Loss -1.5277227576262031, View Loss -2.0675845551334953, Reg 0.137217986622667
08-Aug-26 15:50:42 - Epoch 83, Model Loss -1.5275388543122734, View Loss -2.08861570420608, Reg 0.13613827964838812
08-Aug-26 15:51:40 - Epoch 84, Model Loss -1.5270750787523057, View Loss -2.0950450585558524, Reg 0.13760032636277816
08-Aug-26 15:52:37 - Epoch 85, Model Loss -1.5245015200446634, View Loss -2.064405519198748, Reg 0.13625775365268483
08-Aug-26 15:52:42 - Epoch 85: Train_acc 0.761437908496732 Val_acc 0.6274509803921569 Test_acc 0.5759162303664922 Test_auc 0.6252747252747253
08-Aug-26 15:53:40 - Epoch 86, Model Loss -1.5071223826190225, View Loss -1.948678549598245, Reg 0.13636628489673527
08-Aug-26 15:54:37 - Epoch 87, Model Loss -1.5245474865233977, View Loss -2.087697172476575, Reg 0.13863675715097415
08-Aug-26 15:55:35 - Epoch 88, Model Loss -1.5210314357981962, View Loss -2.0772470305947697, Reg 0.13592544597348358
08-Aug-26 15:56:33 - Epoch 89, Model Loss -1.5295164912354713, View Loss -2.1062337495143115, Reg 0.13774139541231728
08-Aug-26 15:57:31 - Epoch 90, Model Loss -1.527848443174674, View Loss -2.064085056579191, Reg 0.13463464476703818
08-Aug-26 15:57:35 - Epoch 90: Train_acc 0.7516339869281046 Val_acc 0.6143790849673203 Test_acc 0.5706806282722513 Test_auc 0.6145054945054945
08-Aug-26 15:58:33 - Epoch 91, Model Loss -1.5118270574831496, View Loss -1.971038946139267, Reg 0.14079334275200475
08-Aug-26 15:59:30 - Epoch 92, Model Loss -1.525687012017942, View Loss -2.0670057371550916, Reg 0.1353764663042586
08-Aug-26 16:00:28 - Epoch 93, Model Loss -1.528961474599402, View Loss -2.082467178893245, Reg 0.13694856437592726
08-Aug-26 16:01:26 - Epoch 94, Model Loss -1.535676030551686, View Loss -2.0897431311264536, Reg 0.13570892888736102
08-Aug-26 16:02:24 - Epoch 95, Model Loss -1.5294863227146123, View Loss -2.0437366978015774, Reg 0.13965565584648668
08-Aug-26 16:02:30 - Epoch 95: Train_acc 0.7598039215686274 Val_acc 0.6013071895424836 Test_acc 0.581151832460733 Test_auc 0.6274725274725275
08-Aug-26 16:03:28 - Epoch 96, Model Loss -1.534923073513056, View Loss -2.08215569203196, Reg 0.1361361186878354
08-Aug-26 16:04:26 - Epoch 97, Model Loss -1.5309484456878861, View Loss -2.0759825612984453, Reg 0.1390514113739425
08-Aug-26 16:05:23 - Epoch 98, Model Loss -1.5312390794941024, View Loss -2.0021217819911983, Reg 0.13806892629542383
08-Aug-26 16:06:21 - Epoch 99, Model Loss -1.5304376876432133, View Loss -2.0713750303181167, Reg 0.13707861167932647
08-Aug-26 16:07:18 - Epoch 100, Model Loss -1.5320086105197084, View Loss -2.073531032387727, Reg 0.13702689549502203
08-Aug-26 16:07:24 - Epoch 100: Train_acc 0.7794117647058824 Val_acc 0.6274509803921569 Test_acc 0.5863874345549738 Test_auc 0.6200000000000001
08-Aug-26 16:08:22 - Epoch 101, Model Loss -1.5338696997150096, View Loss -2.09336123591155, Reg 0.13741963838829713
08-Aug-26 16:09:19 - Epoch 102, Model Loss -1.5449096922780954, View Loss -2.106555810940811, Reg 0.1349435452542274
08-Aug-26 16:10:17 - Epoch 103, Model Loss -1.5451051768134623, View Loss -2.1098661048739564, Reg 0.13768460849920908
08-Aug-26 16:11:15 - Epoch 104, Model Loss -1.5453390732310177, View Loss -2.1034480948853336, Reg 0.13514324954522203
08-Aug-26 16:12:12 - Epoch 105, Model Loss -1.545823296690299, View Loss -2.10742494171741, Reg 0.13752727843577567
08-Aug-26 16:12:18 - Epoch 105: Train_acc 0.7630718954248366 Val_acc 0.6013071895424836 Test_acc 0.5602094240837696 Test_auc 0.6132967032967033
08-Aug-26 16:13:15 - Epoch 106, Model Loss -1.5400472404130923, View Loss -2.0568235465903686, Reg 0.13686137690263636
08-Aug-26 16:14:13 - Epoch 107, Model Loss -1.53168843150918, View Loss -2.0110046224656446, Reg 0.13560543574538886
08-Aug-26 16:15:11 - Epoch 108, Model Loss -1.5468051386814492, View Loss -2.121575791851368, Reg 0.13755258915373703
08-Aug-26 16:16:08 - Epoch 109, Model Loss -1.5458583520128837, View Loss -2.1464252253763036, Reg 0.135256192993884
08-Aug-26 16:17:06 - Epoch 110, Model Loss -1.5433416210748012, View Loss -2.0625955107944463, Reg 0.13674975863469194
08-Aug-26 16:17:11 - Epoch 110: Train_acc 0.7598039215686274 Val_acc 0.5947712418300654 Test_acc 0.5863874345549738 Test_auc 0.6207692307692309
08-Aug-26 16:18:09 - Epoch 111, Model Loss -1.5459056555056105, View Loss -2.075219740275464, Reg 0.13597840382382761
08-Aug-26 16:19:06 - Epoch 112, Model Loss -1.5469771117166755, View Loss -2.080498277751449, Reg 0.13789025061075982
08-Aug-26 16:20:04 - Epoch 113, Model Loss -1.5436680270176308, View Loss -2.072098146077075, Reg 0.13738433792700175
08-Aug-26 16:21:02 - Epoch 114, Model Loss -1.5359141468222623, View Loss -1.9959359792322895, Reg 0.1362334923222174
08-Aug-26 16:22:00 - Epoch 115, Model Loss -1.5355760412278519, View Loss -2.005466130823871, Reg 0.13754436393189273
08-Aug-26 16:22:04 - Epoch 115: Train_acc 0.761437908496732 Val_acc 0.6209150326797386 Test_acc 0.581151832460733 Test_auc 0.6172527472527471
08-Aug-26 16:23:02 - Epoch 116, Model Loss -1.5391755197562424, View Loss -1.9922794204911376, Reg 0.1374454408689262
08-Aug-26 16:24:00 - Epoch 117, Model Loss -1.5428083955852034, View Loss -2.0918575984979766, Reg 0.13726682464281717
08-Aug-26 16:24:58 - Epoch 118, Model Loss -1.5479673186158822, View Loss -2.0748886781580307, Reg 0.13619882287153232
08-Aug-26 16:25:56 - Epoch 119, Model Loss -1.543385418411953, View Loss -2.0921590156804504, Reg 0.13771131790541355
08-Aug-26 16:26:53 - Epoch 120, Model Loss -1.5445691245833253, View Loss -2.0978293481215933, Reg 0.13590415162977829
08-Aug-26 16:26:58 - Epoch 120: Train_acc 0.7565359477124183 Val_acc 0.5947712418300654 Test_acc 0.5916230366492147 Test_auc 0.637032967032967
08-Aug-26 16:27:56 - Epoch 121, Model Loss -1.5309102581996543, View Loss -1.8946189194722893, Reg 0.1369952273135092
08-Aug-26 16:28:54 - Epoch 122, Model Loss -1.5418419713288352, View Loss -2.077249879151388, Reg 0.1376012953278286
08-Aug-26 16:29:51 - Epoch 123, Model Loss -1.5475173401676752, View Loss -2.0872352450501683, Reg 0.13621113444465438
08-Aug-26 16:30:49 - Epoch 124, Model Loss -1.5415111678877687, View Loss -2.06107839260226, Reg 0.13591316829319872
08-Aug-26 16:31:47 - Epoch 125, Model Loss -1.5292497522690718, View Loss -1.9309851079205282, Reg 0.1376825256480111
08-Aug-26 16:31:52 - Epoch 125: Train_acc 0.7467320261437909 Val_acc 0.6274509803921569 Test_acc 0.6020942408376964 Test_auc 0.6356043956043956
08-Aug-26 16:32:50 - Epoch 126, Model Loss -1.5420896368089065, View Loss -2.0489383709976097, Reg 0.1370713738055011
08-Aug-26 16:33:48 - Epoch 127, Model Loss -1.5274837531295478, View Loss -1.9381342370525685, Reg 0.13742800982169856
08-Aug-26 16:34:46 - Epoch 128, Model Loss -1.5337393455256045, View Loss -2.0657961103651257, Reg 0.1366908970027188
08-Aug-26 16:35:43 - Epoch 129, Model Loss -1.5333199158213497, View Loss -1.9754188637328303, Reg 0.13612935979381885
08-Aug-26 16:36:41 - Epoch 130, Model Loss -1.5401497510523579, View Loss -2.062449966380799, Reg 0.13667392983935236
08-Aug-26 16:36:46 - Epoch 130: Train_acc 0.7516339869281046 Val_acc 0.6013071895424836 Test_acc 0.612565445026178 Test_auc 0.637032967032967
08-Aug-26 16:37:44 - Epoch 131, Model Loss -1.5429061191533906, View Loss -2.0517289841097166, Reg 0.13680767384814282
08-Aug-26 16:38:42 - Epoch 132, Model Loss -1.5446405971751493, View Loss -2.0852753414827236, Reg 0.1368048466206376
08-Aug-26 16:39:39 - Epoch 133, Model Loss -1.5574616575552747, View Loss -2.099344964120902, Reg 0.13541127108280954
08-Aug-26 16:40:37 - Epoch 134, Model Loss -1.5487490604126375, View Loss -2.064585113837049, Reg 0.13585005768763472
08-Aug-26 16:41:35 - Epoch 135, Model Loss -1.5457191217958537, View Loss -2.0390173189001146, Reg 0.13666578542952443
08-Aug-26 16:41:40 - Epoch 135: Train_acc 0.8496732026143791 Val_acc 0.5490196078431373 Test_acc 0.6020942408376964 Test_auc 0.6251648351648351
08-Aug-26 16:42:38 - Epoch 136, Model Loss -1.5582214928919973, View Loss -2.0948404954149833, Reg 0.13657723474346734
08-Aug-26 16:43:35 - Epoch 137, Model Loss -1.543768377865062, View Loss -2.0626072665445165, Reg 0.13777789444315666
08-Aug-26 16:44:33 - Epoch 138, Model Loss -1.5490257911432803, View Loss -2.1059496605318357, Reg 0.13808436214534286
08-Aug-26 16:45:31 - Epoch 139, Model Loss -1.5437237982656442, View Loss -2.0625978388817483, Reg 0.13785896727851793
08-Aug-26 16:46:29 - Epoch 140, Model Loss -1.5513757693222145, View Loss -2.086059464348687, Reg 0.136099694162802
08-Aug-26 16:46:35 - Epoch 140: Train_acc 0.7581699346405228 Val_acc 0.6274509803921569 Test_acc 0.6020942408376964 Test_auc 0.6359340659340659
08-Aug-26 16:47:33 - Epoch 141, Model Loss -1.5531208437252668, View Loss -2.0476736056259255, Reg 0.13709527989423353
08-Aug-26 16:48:30 - Epoch 142, Model Loss -1.5511669458127488, View Loss -2.084042954289056, Reg 0.13518307177849065
08-Aug-26 16:49:28 - Epoch 143, Model Loss -1.5570901982924517, View Loss -2.0938670806635438, Reg 0.13503979847711675
08-Aug-26 16:50:26 - Epoch 144, Model Loss -1.556726240644268, View Loss -2.081412373025433, Reg 0.13622674832936205
08-Aug-26 16:51:24 - Epoch 145, Model Loss -1.5548221613067428, View Loss -2.0650062249376884, Reg 0.1351164641723134
08-Aug-26 16:51:29 - Epoch 145: Train_acc 0.8366013071895425 Val_acc 0.5424836601307189 Test_acc 0.5968586387434555 Test_auc 0.6325274725274725
08-Aug-26 16:52:27 - Epoch 146, Model Loss -1.5507966209860409, View Loss -2.0763876173231335, Reg 0.13493208538473042
08-Aug-26 16:53:25 - Epoch 147, Model Loss -1.5596907559563131, View Loss -2.093134820850846, Reg 0.1360357401807324
08-Aug-26 16:54:22 - Epoch 148, Model Loss -1.5585640676660475, View Loss -2.0950988320743336, Reg 0.13578400697583468
08-Aug-26 16:55:20 - Epoch 149, Model Loss -1.5552779989304886, View Loss -2.0668828035491744, Reg 0.13536179805892745
08-Aug-26 16:56:18 - Epoch 150, Model Loss -1.5523441819583668, View Loss -2.0761185814352596, Reg 0.13508295428519154
08-Aug-26 16:56:24 - Epoch 150: Train_acc 0.7647058823529411 Val_acc 0.6535947712418301 Test_acc 0.5863874345549738 Test_auc 0.6287912087912088
08-Aug-26 16:57:22 - Epoch 151, Model Loss -1.5515418831819023, View Loss -2.035801279778574, Reg 0.13651949400995292
08-Aug-26 16:58:19 - Epoch 152, Model Loss -1.5533649594176049, View Loss -2.06525823493409, Reg 0.13577348928825528
08-Aug-26 16:59:17 - Epoch 153, Model Loss -1.5536195561776753, View Loss -2.055273694929734, Reg 0.13757126335225073
08-Aug-26 17:00:15 - Epoch 154, Model Loss -1.5527604233984853, View Loss -2.0813861236073614, Reg 0.13627980094329983
08-Aug-26 17:01:12 - Epoch 155, Model Loss -1.5556904287899243, View Loss -2.085836700364655, Reg 0.13524487264016094
08-Aug-26 17:01:18 - Epoch 155: Train_acc 0.7565359477124183 Val_acc 0.6078431372549019 Test_acc 0.5968586387434555 Test_auc 0.6309890109890111
08-Aug-26 17:02:16 - Epoch 156, Model Loss -1.5468732983458275, View Loss -2.00663930917877, Reg 0.13640596274456945
08-Aug-26 17:03:13 - Epoch 157, Model Loss -1.5538607952641506, View Loss -2.0611801303290074, Reg 0.13641037791967392
08-Aug-26 17:04:11 - Epoch 158, Model Loss -1.5530532169965356, View Loss -2.089835431840685, Reg 0.1351672152142509
08-Aug-26 17:05:09 - Epoch 159, Model Loss -1.5533986870759453, View Loss -2.027448183570812, Reg 0.1351413281232703
08-Aug-26 17:06:07 - Epoch 160, Model Loss -1.5524769764320523, View Loss -2.0415230124604467, Reg 0.13538709022348222
08-Aug-26 17:06:11 - Epoch 160: Train_acc 0.7516339869281046 Val_acc 0.5947712418300654 Test_acc 0.6282722513089005 Test_auc 0.6314285714285715
08-Aug-26 17:07:09 - Epoch 161, Model Loss -1.555515248791065, View Loss -2.1494874206243777, Reg 0.13680541271867316
08-Aug-26 17:08:07 - Epoch 162, Model Loss -1.5577857322942197, View Loss -2.1127034293280706, Reg 0.13536405368568072
08-Aug-26 17:09:05 - Epoch 163, Model Loss -1.5504078709222133, View Loss -2.0716735989439723, Reg 0.13687811100405026
08-Aug-26 17:10:03 - Epoch 164, Model Loss -1.5586709228216433, View Loss -2.0834289376252615, Reg 0.13525861784134036
08-Aug-26 17:11:00 - Epoch 165, Model Loss -1.558931653016533, View Loss -2.063217219184427, Reg 0.13498337888250164
08-Aug-26 17:11:05 - Epoch 165: Train_acc 0.761437908496732 Val_acc 0.6013071895424836 Test_acc 0.6178010471204188 Test_auc 0.6303296703296702
08-Aug-26 17:12:03 - Epoch 166, Model Loss -1.5569639081269309, View Loss -2.055652923833311, Reg 0.13508838794979394
08-Aug-26 17:13:01 - Epoch 167, Model Loss -1.5623227381238751, View Loss -2.071386077045615, Reg 0.1362423785761291
08-Aug-26 17:13:58 - Epoch 168, Model Loss -1.5595653758329504, View Loss -2.061527236614352, Reg 0.13478461472816716
08-Aug-26 17:14:56 - Epoch 169, Model Loss -1.5569634905048446, View Loss -2.0440586532642637, Reg 0.13605746821640363
08-Aug-26 17:15:54 - Epoch 170, Model Loss -1.5562122943354588, View Loss -2.0774356150159647, Reg 0.13893008095766204
08-Aug-26 17:16:00 - Epoch 170: Train_acc 0.7532679738562091 Val_acc 0.6013071895424836 Test_acc 0.6073298429319371 Test_auc 0.62010989010989
08-Aug-26 17:16:57 - Epoch 171, Model Loss -1.5523441726086187, View Loss -2.036238181045632, Reg 0.13579227892207166
08-Aug-26 17:17:55 - Epoch 172, Model Loss -1.5559003181706845, View Loss -2.0475673956029556, Reg 0.13540177514740065
08-Aug-26 17:18:53 - Epoch 173, Model Loss -1.5408805834701638, View Loss -1.9074355511883505, Reg 0.13660255649120978
08-Aug-26 17:19:51 - Epoch 174, Model Loss -1.5472698460996541, View Loss -1.972456664041756, Reg 0.13622984119684867
08-Aug-26 17:20:48 - Epoch 175, Model Loss -1.543803221260021, View Loss -2.002354344511344, Reg 0.13578513936669218
08-Aug-26 17:20:52 - Epoch 175: Train_acc 0.7418300653594772 Val_acc 0.6078431372549019 Test_acc 0.5916230366492147 Test_auc 0.6405494505494504
08-Aug-26 17:21:50 - Epoch 176, Model Loss -1.5535447052101683, View Loss -2.0235767208672817, Reg 0.13751792381791508
08-Aug-26 17:22:48 - Epoch 177, Model Loss -1.5540512184691584, View Loss -2.0495037689707636, Reg 0.13702814621863021
08-Aug-26 17:23:45 - Epoch 178, Model Loss -1.5521522472107332, View Loss -2.0293512531355318, Reg 0.13504592830838721
08-Aug-26 17:24:43 - Epoch 179, Model Loss -1.5604432174582887, View Loss -2.052122094272788, Reg 0.1358084039750442
08-Aug-26 17:25:41 - Epoch 180, Model Loss -1.5594488468045502, View Loss -2.073413465537277, Reg 0.13628126203624252
08-Aug-26 17:25:45 - Epoch 180: Train_acc 0.7483660130718954 Val_acc 0.6339869281045751 Test_acc 0.6230366492146597 Test_auc 0.6292307692307693
08-Aug-26 17:26:43 - Epoch 181, Model Loss -1.566682157952801, View Loss -2.0747807914135503, Reg 0.13548978836902606
08-Aug-26 17:27:41 - Epoch 182, Model Loss -1.5435544618594101, View Loss -1.8720374263189976, Reg 0.13580746403317046
08-Aug-26 17:28:38 - Epoch 183, Model Loss -1.5356654746859681, View Loss -1.9158090329637714, Reg 0.13610648709574555
08-Aug-26 17:29:36 - Epoch 184, Model Loss -1.5382736555111953, View Loss -1.8756113083533992, Reg 0.1356045247292986
08-Aug-26 17:30:34 - Epoch 185, Model Loss -1.5372558014065612, View Loss -1.9021453982085184, Reg 0.13807798795450746
08-Aug-26 17:30:38 - Epoch 185: Train_acc 0.7549019607843137 Val_acc 0.5816993464052288 Test_acc 0.5759162303664922 Test_auc 0.6297802197802198
08-Aug-26 17:31:36 - Epoch 186, Model Loss -1.5474809571808459, View Loss -2.0226102467455895, Reg 0.1353850778606203
08-Aug-26 17:32:33 - Epoch 187, Model Loss -1.5478544422224456, View Loss -2.036787790410659, Reg 0.1362281603361267
08-Aug-26 17:33:31 - Epoch 188, Model Loss -1.5542683944203495, View Loss -2.0039088959787406, Reg 0.13550864111364277
08-Aug-26 17:34:28 - Epoch 189, Model Loss -1.5550750564126408, View Loss -2.052169793571522, Reg 0.13411923697571349
08-Aug-26 17:35:26 - Epoch 190, Model Loss -1.5541819030163335, View Loss -2.0473655906378054, Reg 0.13543024532545625
08-Aug-26 17:35:29 - Epoch 190: Train_acc 0.738562091503268 Val_acc 0.5947712418300654 Test_acc 0.6178010471204188 Test_auc 0.6248351648351648
08-Aug-26 17:36:27 - Epoch 191, Model Loss -1.5573776438345317, View Loss -1.9965183127160167, Reg 0.1345236460173052
08-Aug-26 17:37:24 - Epoch 192, Model Loss -1.5576187520245321, View Loss -2.048878348730748, Reg 0.13634142425714754
08-Aug-26 17:38:22 - Epoch 193, Model Loss -1.554718263788161, View Loss -2.0127071368148903, Reg 0.135672552912843
08-Aug-26 17:39:20 - Epoch 194, Model Loss -1.562327565710529, View Loss -2.0500899078020085, Reg 0.13466023697572596
08-Aug-26 17:40:18 - Epoch 195, Model Loss -1.5529847737231286, View Loss -1.9715725830177855, Reg 0.13501377686176425
08-Aug-26 17:40:22 - Epoch 195: Train_acc 0.8300653594771242 Val_acc 0.5816993464052288 Test_acc 0.6020942408376964 Test_auc 0.6065934065934067
08-Aug-26 17:41:19 - Epoch 196, Model Loss -1.5467370631648045, View Loss -1.9256855335110932, Reg 0.13583987834406833
08-Aug-26 17:42:17 - Epoch 197, Model Loss -1.5594564325669233, View Loss -2.023159123713674, Reg 0.1354674021500388
08-Aug-26 17:43:15 - Epoch 198, Model Loss -1.5549620958714703, View Loss -2.054296954784518, Reg 0.13387182018920488
08-Aug-26 17:44:12 - Epoch 199, Model Loss -1.5581829906289095, View Loss -2.0386642443588356, Reg 0.13725896286808587
08-Aug-26 17:45:10 - Epoch 200, Model Loss -1.5584671855751986, View Loss -2.069518033195944, Reg 0.13547664637269538
08-Aug-26 17:45:18 - Epoch 200: Train_acc 0.7434640522875817 Val_acc 0.6209150326797386 Test_acc 0.612565445026178 Test_auc 0.6112087912087911
08-Aug-26 17:46:16 - Epoch 201, Model Loss -1.5631260279736487, View Loss -2.103432904661091, Reg 0.1342354322375815
08-Aug-26 17:47:13 - Epoch 202, Model Loss -1.5664606032028696, View Loss -2.0547768493103824, Reg 0.13397663734317605
08-Aug-26 17:48:11 - Epoch 203, Model Loss -1.5598064622068717, View Loss -2.05015056896833, Reg 0.13543707755656023
08-Aug-26 17:49:09 - Epoch 204, Model Loss -1.5533792022006963, View Loss -1.979870799320196, Reg 0.13505229188336265
08-Aug-26 17:50:06 - Epoch 205, Model Loss -1.5595645468219432, View Loss -2.0245516175538105, Reg 0.13463707297456032
08-Aug-26 17:50:11 - Epoch 205: Train_acc 0.7434640522875817 Val_acc 0.6143790849673203 Test_acc 0.5916230366492147 Test_auc 0.5954945054945054
08-Aug-26 17:51:08 - Epoch 206, Model Loss -1.5618422701467876, View Loss -2.0635165638393826, Reg 0.13373176388296426
08-Aug-26 17:52:06 - Epoch 207, Model Loss -1.5490364467396456, View Loss -1.908245669470893, Reg 0.13516402283525156
08-Aug-26 17:53:04 - Epoch 208, Model Loss -1.5532763923694886, View Loss -2.0382828400805106, Reg 0.1361332485099244
08-Aug-26 17:54:01 - Epoch 209, Model Loss -1.5521270683388304, View Loss -1.9184341492995718, Reg 0.13551206662763957
08-Aug-26 17:54:59 - Epoch 210, Model Loss -1.5549282186171587, View Loss -2.0056258899713653, Reg 0.13293873591750277
08-Aug-26 17:55:04 - Epoch 210: Train_acc 0.7401960784313726 Val_acc 0.6078431372549019 Test_acc 0.5916230366492147 Test_auc 0.6202197802197802
08-Aug-26 17:56:01 - Epoch 211, Model Loss -1.558154791788338, View Loss -2.002873716790692, Reg 0.13568729902404586
08-Aug-26 17:56:59 - Epoch 212, Model Loss -1.5299585005816292, View Loss -1.8623406684476567, Reg 0.13354524872661416
08-Aug-26 17:57:57 - Epoch 213, Model Loss -1.547449189853045, View Loss -1.9733353222117704, Reg 0.13565831850556767
08-Aug-26 17:58:55 - Epoch 214, Model Loss -1.5574562721003116, View Loss -2.0486731186411737, Reg 0.13619489062066173
08-Aug-26 17:59:53 - Epoch 215, Model Loss -1.551393776937248, View Loss -2.0315592055227243, Reg 0.13306658466657004
08-Aug-26 17:59:59 - Epoch 215: Train_acc 0.7418300653594772 Val_acc 0.5947712418300654 Test_acc 0.5759162303664922 Test_auc 0.5987912087912088
08-Aug-26 18:00:56 - Epoch 216, Model Loss -1.5581040351219426, View Loss -2.0382369468414705, Reg 0.13459280298815834
08-Aug-26 18:01:54 - Epoch 217, Model Loss -1.5554203145644243, View Loss -1.98971811307022, Reg 0.13525779808268829
08-Aug-26 18:02:51 - Epoch 218, Model Loss -1.5638698222590428, View Loss -2.0442622253318237, Reg 0.13480566890021556
08-Aug-26 18:03:49 - Epoch 219, Model Loss -1.56184774598265, View Loss -2.050678031896454, Reg 0.13495316273636287
08-Aug-26 18:04:46 - Epoch 220, Model Loss -1.566176651350034, View Loss -2.0487762463638206, Reg 0.1356253247050678
08-Aug-26 18:04:52 - Epoch 220: Train_acc 0.7254901960784313 Val_acc 0.5882352941176471 Test_acc 0.5654450261780105 Test_auc 0.6046153846153846
08-Aug-26 18:05:49 - Epoch 221, Model Loss -1.556920413098304, View Loss -2.002424997441909, Reg 0.13442536526256138
08-Aug-26 18:06:47 - Epoch 222, Model Loss -1.5602774588890325, View Loss -2.025607690312504, Reg 0.13499304067854787
08-Aug-26 18:07:45 - Epoch 223, Model Loss -1.5549891072940203, View Loss -1.96992419436087, Reg 0.13493318500277263
08-Aug-26 18:08:42 - Epoch 224, Model Loss -1.5605356490689946, View Loss -1.9902469800188651, Reg 0.1342944087935429
08-Aug-26 18:09:40 - Epoch 225, Model Loss -1.5655700459199793, View Loss -2.0491473908517874, Reg 0.13394254640816083
08-Aug-26 18:09:44 - Epoch 225: Train_acc 0.7516339869281046 Val_acc 0.6601307189542484 Test_acc 0.5602094240837696 Test_auc 0.6059340659340658
08-Aug-26 18:10:42 - Epoch 226, Model Loss -1.5630141520032697, View Loss -2.043486648135715, Reg 0.13452905299616794
08-Aug-26 18:11:40 - Epoch 227, Model Loss -1.5575746087466968, View Loss -1.9972319540634653, Reg 0.13526140007318235
08-Aug-26 18:12:37 - Epoch 228, Model Loss -1.5663239940319187, View Loss -2.050604209401249, Reg 0.13585389030525108
08-Aug-26 18:13:35 - Epoch 229, Model Loss -1.563805524040671, View Loss -2.0547972598107034, Reg 0.13338360429004906
08-Aug-26 18:14:33 - Epoch 230, Model Loss -1.5604532248054455, View Loss -1.9652683625813403, Reg 0.13454815881704194
08-Aug-26 18:14:39 - Epoch 230: Train_acc 0.7532679738562091 Val_acc 0.6143790849673203 Test_acc 0.5968586387434555 Test_auc 0.6249450549450549
08-Aug-26 18:15:37 - Epoch 231, Model Loss -1.568459286409266, View Loss -2.026134107627121, Reg 0.13453646471687392
08-Aug-26 18:16:34 - Epoch 232, Model Loss -1.5641933297799304, View Loss -2.0169209218492696, Reg 0.132568600520589
08-Aug-26 18:17:32 - Epoch 233, Model Loss -1.568718012641458, View Loss -2.0416946161806195, Reg 0.13415486784347522
08-Aug-26 18:18:30 - Epoch 234, Model Loss -1.5714047594008103, View Loss -2.046115096098457, Reg 0.13463620033139498
08-Aug-26 18:19:27 - Epoch 235, Model Loss -1.5706044926362879, View Loss -2.0664523411420435, Reg 0.1353016514209361
08-Aug-26 18:19:32 - Epoch 235: Train_acc 0.7369281045751634 Val_acc 0.6535947712418301 Test_acc 0.5968586387434555 Test_auc 0.6243956043956045
08-Aug-26 18:20:30 - Epoch 236, Model Loss -1.5692329282074973, View Loss -2.0545473877900564, Reg 0.1337563469519023
08-Aug-26 18:21:28 - Epoch 237, Model Loss -1.5674118091857512, View Loss -2.039757812724394, Reg 0.13494770550260357
08-Aug-26 18:22:25 - Epoch 238, Model Loss -1.57049286910911, View Loss -2.0461328699697856, Reg 0.13234554654827305
08-Aug-26 18:23:23 - Epoch 239, Model Loss -1.5721851454840765, View Loss -2.0533537303700165, Reg 0.1355824485129001
08-Aug-26 18:24:21 - Epoch 240, Model Loss -1.5717098946664847, View Loss -2.057054912342745, Reg 0.13412760655864392
08-Aug-26 18:24:25 - Epoch 240: Train_acc 0.7369281045751634 Val_acc 0.6209150326797386 Test_acc 0.5916230366492147 Test_auc 0.6254945054945055
08-Aug-26 18:25:22 - Epoch 241, Model Loss -1.5676353429657182, View Loss -2.0221305018156963, Reg 0.13442472548656215
08-Aug-26 18:26:20 - Epoch 242, Model Loss -1.5638676313013813, View Loss -2.0266701255748476, Reg 0.13293619619475472
08-Aug-26 18:27:18 - Epoch 243, Model Loss -1.54776341307397, View Loss -1.8684845749848809, Reg 0.1348275454605327
08-Aug-26 18:28:16 - Epoch 244, Model Loss -1.5676902883193071, View Loss -2.0515604424320792, Reg 0.13381465256603714
08-Aug-26 18:29:13 - Epoch 245, Model Loss -1.547070646597669, View Loss -1.8592456477919435, Reg 0.13412676746743957
08-Aug-26 18:29:18 - Epoch 245: Train_acc 0.8235294117647058 Val_acc 0.5686274509803921 Test_acc 0.6178010471204188 Test_auc 0.6073626373626373
08-Aug-26 18:30:15 - Epoch 246, Model Loss -1.5596657734291226, View Loss -2.022701958425684, Reg 0.1366173732611868
08-Aug-26 18:31:13 - Epoch 247, Model Loss -1.559722445369546, View Loss -2.0084066126081677, Reg 0.13361196044613333
08-Aug-26 18:32:11 - Epoch 248, Model Loss -1.5637853909162134, View Loss -2.0246007613886414, Reg 0.13436944607426138
08-Aug-26 18:33:08 - Epoch 249, Model Loss -1.5676980361439823, View Loss -2.0261608790728003, Reg 0.1343832614959455
08-Aug-26 18:34:06 - Epoch 250, Model Loss -1.5626124805874295, View Loss -2.035320116803537, Reg 0.13529539483240227
08-Aug-26 18:34:12 - Epoch 250: Train_acc 0.7303921568627451 Val_acc 0.6405228758169934 Test_acc 0.6282722513089005 Test_auc 0.6276923076923077
08-Aug-26 18:35:09 - Epoch 251, Model Loss -1.5635080680348514, View Loss -2.038834194731868, Reg 0.13580899164567586
08-Aug-26 18:36:07 - Epoch 252, Model Loss -1.5688557313158622, View Loss -2.0422761487025842, Reg 0.1334425082393721
08-Aug-26 18:37:05 - Epoch 253, Model Loss -1.5706572781980428, View Loss -2.0505102163825937, Reg 0.1358231260301241
08-Aug-26 18:38:03 - Epoch 254, Model Loss -1.5679302683063583, View Loss -2.040867618485993, Reg 0.13333934272815978
08-Aug-26 18:39:00 - Epoch 255, Model Loss -1.5691626586166083, View Loss -2.0306454764472113, Reg 0.13471762709368287
08-Aug-26 18:39:05 - Epoch 255: Train_acc 0.7352941176470589 Val_acc 0.6339869281045751 Test_acc 0.6178010471204188 Test_auc 0.6279120879120879
08-Aug-26 18:40:03 - Epoch 256, Model Loss -1.5714637220295427, View Loss -2.0474575765771803, Reg 0.13448300256448634
08-Aug-26 18:41:00 - Epoch 257, Model Loss -1.572042346779817, View Loss -2.0411581058128205, Reg 0.1338905177864374
08-Aug-26 18:41:58 - Epoch 258, Model Loss -1.5671799852957133, View Loss -1.9990562738156785, Reg 0.1352058264359929
08-Aug-26 18:42:56 - Epoch 259, Model Loss -1.5721106373406704, View Loss -2.0447150616863974, Reg 0.1326346124698913
08-Aug-26 18:43:54 - Epoch 260, Model Loss -1.5699169121536554, View Loss -2.056969985463261, Reg 0.13594482576145844
08-Aug-26 18:43:59 - Epoch 260: Train_acc 0.7401960784313726 Val_acc 0.6274509803921569 Test_acc 0.6073298429319371 Test_auc 0.6334065934065933
08-Aug-26 18:44:57 - Epoch 261, Model Loss -1.567348006504034, View Loss -2.012064506805021, Reg 0.1343155388349022
08-Aug-26 18:45:54 - Epoch 262, Model Loss -1.5668991032768698, View Loss -2.046727746140723, Reg 0.13487540326671663
08-Aug-26 18:46:52 - Epoch 263, Model Loss -1.570933357562894, View Loss -2.0107346921185263, Reg 0.13283115411116406
08-Aug-26 18:47:50 - Epoch 264, Model Loss -1.5618695932276108, View Loss -2.0121994641871233, Reg 0.13552704414511038
08-Aug-26 18:48:48 - Epoch 265, Model Loss -1.5705634628246032, View Loss -2.03536543191648, Reg 0.1326608694846334
08-Aug-26 18:48:56 - Epoch 265: Train_acc 0.7336601307189542 Val_acc 0.6078431372549019 Test_acc 0.6020942408376964 Test_auc 0.6291208791208792
08-Aug-26 18:49:54 - Epoch 266, Model Loss -1.5749909706365048, View Loss -2.0403616132299884, Reg 0.13365256878869985
08-Aug-26 18:50:51 - Epoch 267, Model Loss -1.566579581865298, View Loss -2.0025947140712366, Reg 0.13361479975039664
08-Aug-26 18:51:49 - Epoch 268, Model Loss -1.5670170970991546, View Loss -2.043857487198574, Reg 0.13506935936173584
08-Aug-26 18:52:47 - Epoch 269, Model Loss -1.5726983687456917, View Loss -2.0484467612372503, Reg 0.13407339379678365
08-Aug-26 18:53:45 - Epoch 270, Model Loss -1.5740377700406742, View Loss -1.996693757624408, Reg 0.13422008233717064
08-Aug-26 18:53:49 - Epoch 270: Train_acc 0.7418300653594772 Val_acc 0.6209150326797386 Test_acc 0.5916230366492147 Test_auc 0.6173626373626373
08-Aug-26 18:54:47 - Epoch 271, Model Loss -1.57045366873149, View Loss -2.0370089337716695, Reg 0.13322906220465705
08-Aug-26 18:55:45 - Epoch 272, Model Loss -1.5749986093807844, View Loss -2.0401004311306026, Reg 0.1346401993453113
08-Aug-26 18:56:43 - Epoch 273, Model Loss -1.5766603868771223, View Loss -2.0466333900401796, Reg 0.13285366791525696
08-Aug-26 18:57:40 - Epoch 274, Model Loss -1.5737255102668712, View Loss -2.050035258523779, Reg 0.1344338256159639
08-Aug-26 18:58:38 - Epoch 275, Model Loss -1.5718293158836614, View Loss -2.0168774735693837, Reg 0.13416750281075246
08-Aug-26 18:58:44 - Epoch 275: Train_acc 0.7450980392156863 Val_acc 0.5882352941176471 Test_acc 0.5916230366492147 Test_auc 0.6312087912087913
08-Aug-26 18:59:41 - Epoch 276, Model Loss -1.572040467480429, View Loss -1.9761102339800667, Reg 0.13315587334967907
08-Aug-26 19:00:39 - Epoch 277, Model Loss -1.571920429179871, View Loss -2.0279159608230093, Reg 0.13361310208934585
08-Aug-26 19:01:37 - Epoch 278, Model Loss -1.571635252510021, View Loss -2.0352336690316792, Reg 0.13284428563772463
08-Aug-26 19:02:35 - Epoch 279, Model Loss -1.5735367263843811, View Loss -2.021721095041512, Reg 0.1337496940216987
08-Aug-26 19:03:33 - Epoch 280, Model Loss -1.5647873971976487, View Loss -1.9608917579152225, Reg 0.13415319029412237
08-Aug-26 19:03:40 - Epoch 280: Train_acc 0.7418300653594772 Val_acc 0.6143790849673203 Test_acc 0.5863874345549738 Test_auc 0.6225274725274724
08-Aug-26 19:04:37 - Epoch 281, Model Loss -1.5740589534535128, View Loss -2.029702222425174, Reg 0.1356394773020464
08-Aug-26 19:05:35 - Epoch 282, Model Loss -1.5700401948168388, View Loss -2.007152588538874, Reg 0.13351134946143706
08-Aug-26 19:06:33 - Epoch 283, Model Loss -1.5709500468634312, View Loss -1.9901195538589378, Reg 0.13363800485149707
08-Aug-26 19:07:31 - Epoch 284, Model Loss -1.5738172905117858, View Loss -2.024970098258623, Reg 0.13341469030364667
08-Aug-26 19:08:28 - Epoch 285, Model Loss -1.5763528082105849, View Loss -2.0239826027863943, Reg 0.13391577155371898
08-Aug-26 19:08:34 - Epoch 285: Train_acc 0.7352941176470589 Val_acc 0.6013071895424836 Test_acc 0.612565445026178 Test_auc 0.6330769230769231
08-Aug-26 19:09:32 - Epoch 286, Model Loss -1.5758286987254821, View Loss -2.0455140194861716, Reg 0.13454041498548844
08-Aug-26 19:10:29 - Epoch 287, Model Loss -1.5761580685384913, View Loss -2.072856585184733, Reg 0.13396858925523322
08-Aug-26 19:11:27 - Epoch 288, Model Loss -1.5717681186651093, View Loss -2.0615246249180212, Reg 0.13337339334238588
08-Aug-26 19:12:24 - Epoch 289, Model Loss -1.575662519417557, View Loss -2.0595482626771617, Reg 0.13418194125680363
08-Aug-26 19:13:22 - Epoch 290, Model Loss -1.5800424681769476, View Loss -2.053055666630564, Reg 0.13567681659280864
08-Aug-26 19:13:28 - Epoch 290: Train_acc 0.7418300653594772 Val_acc 0.6013071895424836 Test_acc 0.6230366492146597 Test_auc 0.6373626373626373
08-Aug-26 19:14:25 - Epoch 291, Model Loss -1.573486995073705, View Loss -2.0040051469615863, Reg 0.13313859116797352
08-Aug-26 19:15:23 - Epoch 292, Model Loss -1.575673564586764, View Loss -2.0362838981977474, Reg 0.1335846792443905
08-Aug-26 19:16:20 - Epoch 293, Model Loss -1.576649753096836, View Loss -2.0461141486573062, Reg 0.13361267579926384
08-Aug-26 19:17:18 - Epoch 294, Model Loss -1.5623197711371128, View Loss -1.9127823714337318, Reg 0.13292045521190743
08-Aug-26 19:18:15 - Epoch 295, Model Loss -1.5682973487704408, View Loss -1.9871926775165634, Reg 0.1340292568495071
08-Aug-26 19:18:20 - Epoch 295: Train_acc 0.8235294117647058 Val_acc 0.6013071895424836 Test_acc 0.5968586387434555 Test_auc 0.6314285714285716
08-Aug-26 19:19:17 - Epoch 296, Model Loss -1.5699375875635084, View Loss -1.9796535236383574, Reg 0.13372316927302116
08-Aug-26 19:20:15 - Epoch 297, Model Loss -1.5668246262992909, View Loss -2.006450067158618, Reg 0.13371894713125976
08-Aug-26 19:21:12 - Epoch 298, Model Loss -1.5704473171358795, View Loss -2.0265327310250476, Reg 0.13327223520263348
08-Aug-26 19:22:10 - Epoch 299, Model Loss -1.5715186455670525, View Loss -2.0167942452274894, Reg 0.13413851469560387
08-Aug-26 19:23:08 - Epoch 300, Model Loss -1.5732261495652542, View Loss -2.0210199917063996, Reg 0.13239005558631
08-Aug-26 19:23:12 - Epoch 300: Train_acc 0.7287581699346405 Val_acc 0.6209150326797386 Test_acc 0.5968586387434555 Test_auc 0.6165934065934066
08-Aug-26 19:23:12 - FinishedTraining! BestEpoch (eval-interval index): 44
08-Aug-26 19:23:12 - Wrote /users/3171356m/muhammad/GraSTIACL/nested_cv/results/nocombat__emb512_bs32__fold1.json
08-Aug-26 19:23:12 - {
  "emb_dim": 512,
  "batch_size": 32,
  "fold": 1,
  "combat": false,
  "n_train": 612,
  "n_val": 153,
  "n_test": 191,
  "best_val_epoch_idx": 44,
  "train_accuracy": 0.7516339869281046,
  "val_accuracy": 0.6601307189542484,
  "test_accuracy": 0.5602094240837696,
  "train_f1": 0.7423728813559322,
  "val_f1": 0.6388888888888888,
  "test_f1": 0.5333333333333333,
  "train_sensitivity": 0.7525773170014525,
  "val_sensitivity": 0.6301369776693565,
  "test_sensitivity": 0.5274725216761261,
  "train_specificity": 0.7507788138605022,
  "val_specificity": 0.6874999914062502,
  "test_specificity": 0.5899999941,
  "train_precision": 0.7324414715719063,
  "val_precision": 0.647887323943662,
  "test_precision": 0.5393258426966292,
  "test_auc": 0.6059340659340658,
  "fin_reg": 0.13394254640816083
}
