Task 45: config=9 fold=0 batch_size=256 emb_dim=512 mij_source=alff_pcc combat=yes
The Zen of Python, by Tim Peters

Beautiful is better than ugly.
Explicit is better than implicit.
Simple is better than complex.
Complex is better than complicated.
Flat is better than nested.
Sparse is better than dense.
Readability counts.
Special cases aren't special enough to break the rules.
Although practicality beats purity.
Errors should never pass silently.
Unless explicitly silenced.
In the face of ambiguity, refuse the temptation to guess.
There should be one-- and preferably only one --obvious way to do it.
Although that way may not be obvious at first unless you're Dutch.
Now is better than never.
Although never is often better than *right* now.
If the implementation is hard to explain, it's a bad idea.
If the implementation is easy to explain, it may be a good idea.
Namespaces are one honking great idea -- let's do more of those!
validation time cost : 0.30149 sec
validation time cost : 0.31324 sec
validation time cost : 0.31238 sec
validation time cost : 0.28608 sec
validation time cost : 0.28146 sec
validation time cost : 0.28487 sec
validation time cost : 0.28238 sec
validation time cost : 0.28504 sec
validation time cost : 0.29051 sec
validation time cost : 0.28879 sec
validation time cost : 0.28927 sec
validation time cost : 0.28459 sec
validation time cost : 0.28468 sec
validation time cost : 0.28301 sec
validation time cost : 0.28760 sec
validation time cost : 0.28529 sec
validation time cost : 0.27709 sec
validation time cost : 0.28025 sec
validation time cost : 0.28173 sec
validation time cost : 0.28107 sec
validation time cost : 0.27640 sec
validation time cost : 0.28165 sec
validation time cost : 0.27698 sec
validation time cost : 0.28394 sec
validation time cost : 0.28215 sec
validation time cost : 0.27817 sec
validation time cost : 0.28098 sec
validation time cost : 0.27699 sec
validation time cost : 0.28601 sec
validation time cost : 0.27652 sec
validation time cost : 0.28188 sec
validation time cost : 0.27614 sec
validation time cost : 0.28136 sec
validation time cost : 0.28060 sec
validation time cost : 0.28662 sec
validation time cost : 0.28176 sec
validation time cost : 0.28700 sec
validation time cost : 0.28192 sec
validation time cost : 0.28430 sec
validation time cost : 0.28374 sec
validation time cost : 0.28174 sec
validation time cost : 0.28250 sec
validation time cost : 0.28289 sec
validation time cost : 0.28243 sec
validation time cost : 0.27611 sec
validation time cost : 0.27927 sec
validation time cost : 0.28108 sec
validation time cost : 0.27697 sec
validation time cost : 0.27616 sec
validation time cost : 0.28152 sec
validation time cost : 0.27716 sec
validation time cost : 0.28070 sec
validation time cost : 0.28121 sec
validation time cost : 0.27733 sec
validation time cost : 0.27617 sec
validation time cost : 0.28561 sec
validation time cost : 0.28504 sec
validation time cost : 0.28148 sec
validation time cost : 0.27644 sec
validation time cost : 0.28175 sec
