Task 8: config=1 fold=3 batch_size=32 emb_dim=512 mij_source=alff_pcc combat=no
The Zen of Python, by Tim Peters

Beautiful is better than ugly.
Explicit is better than implicit.
Simple is better than complex.
Complex is better than complicated.
Flat is better than nested.
Sparse is better than dense.
Readability counts.
Special cases aren't special enough to break the rules.
Although practicality beats purity.
Errors should never pass silently.
Unless explicitly silenced.
In the face of ambiguity, refuse the temptation to guess.
There should be one-- and preferably only one --obvious way to do it.
Although that way may not be obvious at first unless you're Dutch.
Now is better than never.
Although never is often better than *right* now.
If the implementation is hard to explain, it's a bad idea.
If the implementation is easy to explain, it may be a good idea.
Namespaces are one honking great idea -- let's do more of those!
validation time cost : 0.24859 sec
validation time cost : 0.25541 sec
validation time cost : 0.24407 sec
validation time cost : 0.25638 sec
validation time cost : 0.25668 sec
validation time cost : 0.24689 sec
validation time cost : 0.24389 sec
validation time cost : 0.24794 sec
validation time cost : 0.24419 sec
validation time cost : 0.24365 sec
validation time cost : 0.24358 sec
validation time cost : 0.24371 sec
validation time cost : 0.24568 sec
validation time cost : 0.24884 sec
validation time cost : 0.25040 sec
validation time cost : 0.24368 sec
validation time cost : 0.24581 sec
validation time cost : 0.24760 sec
validation time cost : 0.26253 sec
validation time cost : 0.24443 sec
validation time cost : 0.24554 sec
validation time cost : 0.24420 sec
validation time cost : 0.24249 sec
validation time cost : 0.24290 sec
validation time cost : 0.24671 sec
validation time cost : 0.24311 sec
validation time cost : 0.24920 sec
validation time cost : 0.24393 sec
validation time cost : 0.25392 sec
validation time cost : 0.25802 sec
validation time cost : 0.25022 sec
validation time cost : 0.24348 sec
validation time cost : 0.25294 sec
validation time cost : 0.24647 sec
validation time cost : 0.24819 sec
validation time cost : 0.25696 sec
validation time cost : 0.24309 sec
validation time cost : 0.24396 sec
validation time cost : 0.24515 sec
validation time cost : 0.24288 sec
validation time cost : 0.24621 sec
validation time cost : 0.24347 sec
validation time cost : 0.24178 sec
validation time cost : 0.24367 sec
validation time cost : 0.24659 sec
validation time cost : 0.24542 sec
validation time cost : 0.24522 sec
validation time cost : 0.24355 sec
validation time cost : 0.24391 sec
validation time cost : 0.24444 sec
validation time cost : 0.25101 sec
validation time cost : 0.24615 sec
validation time cost : 0.25137 sec
validation time cost : 0.24416 sec
validation time cost : 0.24911 sec
validation time cost : 0.24392 sec
validation time cost : 0.24320 sec
validation time cost : 0.26074 sec
validation time cost : 0.24879 sec
validation time cost : 0.25094 sec
