08-Aug-26 18:12:04 - Using Device: cuda
08-Aug-26 18:12:04 - Seed: 123, Fold: 2, ComBat: False
08-Aug-26 18:12:04 - Namespace(fold=2, combat=False, num_dyn_windows=3, model_lr=0.0005, view_lr=0.0005, num_gc_layers=2, pooling_type='standard', emb_dim=256, vib_hidden_dim=400, batch_size=32, drop_ratio=0.3, epochs=300, kld_lambda=0.003, reg_lambda=0.2, gamma_mode='paper_literal', node_feature_mode='alff_pcc', mij_source='alff', template=90, eval_interval=5, downstream_classifier='linear', ce_lambda=2.0, seed=123)
08-Aug-26 18:12:04 - Loading raw subject data...
08-Aug-26 18:15:44 - Loaded 956 subjects (455 ASD, 501 NC)
08-Aug-26 18:15:44 - alff_pcc scale stats (train_val_idx only): alff=[-3.3140,5.6307] pcc=[-0.7600,1.0000]
08-Aug-26 18:15:44 - Train/Val/Test sizes: 612/153/191
08-Aug-26 18:16:42 - Epoch 1, Model Loss -0.5958554020114973, View Loss -6.8095689661362595, Reg 0.42297781331866396
08-Aug-26 18:17:40 - Epoch 2, Model Loss -1.0186678132200553, View Loss -5.0416021627538345, Reg 0.43583109098322254
08-Aug-26 18:18:38 - Epoch 3, Model Loss 1.357721517288607, View Loss -2.473491188747431, Reg 0.4713458796731787
08-Aug-26 18:19:35 - Epoch 4, Model Loss -1.168871817245982, View Loss -2.275136034473095, Reg 0.4289022908101674
08-Aug-26 18:20:33 - Epoch 5, Model Loss -1.2287454885594986, View Loss -4.323066898420746, Reg 0.4203065579233606
08-Aug-26 18:20:50 - Epoch 5: Train_acc 0.7336601307189542 Val_acc 0.6209150326797386 Test_acc 0.5445026178010471 Test_auc 0.5952747252747252
08-Aug-26 18:21:49 - Epoch 6, Model Loss -0.8232595418013778, View Loss -4.092774104448705, Reg 0.47493239321739844
08-Aug-26 18:22:47 - Epoch 7, Model Loss 0.8310619758235084, View Loss -2.9075075084087896, Reg 0.4935988852011612
08-Aug-26 18:23:45 - Epoch 8, Model Loss -1.0443851012809604, View Loss -0.7649352644004074, Reg 0.4300718138030931
08-Aug-26 18:24:42 - Epoch 9, Model Loss -1.2499760677611906, View Loss -3.2635322115779704, Reg 0.4312759538491567
08-Aug-26 18:25:40 - Epoch 10, Model Loss -1.2086194044624279, View Loss -3.7135479559306224, Reg 0.4258534308352502
08-Aug-26 18:25:48 - Epoch 10: Train_acc 0.8104575163398693 Val_acc 0.5490196078431373 Test_acc 0.5497382198952879 Test_auc 0.5632967032967034
08-Aug-26 18:26:45 - Epoch 11, Model Loss -0.38004106945461696, View Loss -3.566446746876037, Reg 0.5338511229340547
08-Aug-26 18:27:43 - Epoch 12, Model Loss 0.5729487630374291, View Loss -2.454358702391581, Reg 0.4844213015113781
08-Aug-26 18:28:40 - Epoch 13, Model Loss -1.175000078537885, View Loss -1.1580550779704175, Reg 0.4447370939005434
08-Aug-26 18:29:38 - Epoch 14, Model Loss -1.2688067816441355, View Loss -3.348418943243089, Reg 0.42122592918233936
08-Aug-26 18:30:35 - Epoch 15, Model Loss -1.2854401831533395, View Loss -3.5615655923980514, Reg 0.4199347055815404
08-Aug-26 18:30:44 - Epoch 15: Train_acc 0.7777777777777778 Val_acc 0.5816993464052288 Test_acc 0.5549738219895288 Test_auc 0.5852747252747252
08-Aug-26 18:31:42 - Epoch 16, Model Loss -1.3031277126736112, View Loss -3.5763262112935386, Reg 0.41778014765845406
08-Aug-26 18:32:39 - Epoch 17, Model Loss -1.3072450332392276, View Loss -3.5367267022725026, Reg 0.4213787223778519
08-Aug-26 18:33:36 - Epoch 18, Model Loss -1.2975954479641385, View Loss -3.475575780556872, Reg 0.42438475368848816
08-Aug-26 18:34:34 - Epoch 19, Model Loss -1.2823231360491585, View Loss -3.5274774887982536, Reg 0.41998115201401554
08-Aug-26 18:35:31 - Epoch 20, Model Loss -1.2825497521294489, View Loss -3.484556129555297, Reg 0.42455364948783825
08-Aug-26 18:35:40 - Epoch 20: Train_acc 0.7859477124183006 Val_acc 0.5816993464052288 Test_acc 0.5602094240837696 Test_auc 0.5880219780219781
08-Aug-26 18:36:38 - Epoch 21, Model Loss -1.2749388887991313, View Loss -3.474258603613361, Reg 0.42938170285006755
08-Aug-26 18:37:35 - Epoch 22, Model Loss -1.1485862981260213, View Loss -3.470595468882642, Reg 0.4600229746375988
08-Aug-26 18:38:33 - Epoch 23, Model Loss -1.0917823267918008, View Loss -3.4721606821795694, Reg 0.47011972954070647
08-Aug-26 18:39:30 - Epoch 24, Model Loss -1.1914686190536599, View Loss -3.444023341135262, Reg 0.44953715606452593
08-Aug-26 18:40:27 - Epoch 25, Model Loss -1.2773699261783775, View Loss -3.4192672679626863, Reg 0.4324553891334658
08-Aug-26 18:40:33 - Epoch 25: Train_acc 0.7303921568627451 Val_acc 0.6209150326797386 Test_acc 0.5759162303664922 Test_auc 0.6017582417582418
08-Aug-26 18:41:31 - Epoch 26, Model Loss -1.2982610752379973, View Loss -3.4155097350575567, Reg 0.4277672837762272
08-Aug-26 18:42:29 - Epoch 27, Model Loss -1.298931202857323, View Loss -3.4024217861150605, Reg 0.42915256837614224
08-Aug-26 18:43:26 - Epoch 28, Model Loss -1.320822064393486, View Loss -3.4398833567800087, Reg 0.43141377303335404
08-Aug-26 18:44:23 - Epoch 29, Model Loss -1.3179989484400532, View Loss -3.445457745221705, Reg 0.43030522968254836
08-Aug-26 18:45:21 - Epoch 30, Model Loss -1.3201897939046223, View Loss -3.412228556240306, Reg 0.42737170956493203
08-Aug-26 18:45:28 - Epoch 30: Train_acc 0.7826797385620915 Val_acc 0.6013071895424836 Test_acc 0.5968586387434555 Test_auc 0.6096703296703296
08-Aug-26 18:46:25 - Epoch 31, Model Loss -1.3070121372447294, View Loss -3.472979635974161, Reg 0.43349389741623323
08-Aug-26 18:47:23 - Epoch 32, Model Loss -1.173524457644793, View Loss -3.4343601052278006, Reg 0.45857448593463773
08-Aug-26 18:48:20 - Epoch 33, Model Loss -0.18545533103101394, View Loss -3.3036539165023107, Reg 0.5577716169014476
08-Aug-26 18:49:17 - Epoch 34, Model Loss 2.23817957226747, View Loss -1.1019052555358488, Reg 0.453146084071764
08-Aug-26 18:50:15 - Epoch 35, Model Loss -0.09539418282851674, View Loss -0.8715507485508139, Reg 0.44607148704185984
08-Aug-26 18:50:25 - Epoch 35: Train_acc 0.9133986928104575 Val_acc 0.5228758169934641 Test_acc 0.5392670157068062 Test_auc 0.5737362637362637
08-Aug-26 18:51:22 - Epoch 36, Model Loss -1.254920130461649, View Loss 1.0348983808280596, Reg 0.4341510055111904
08-Aug-26 18:52:19 - Epoch 37, Model Loss -1.2918693629744786, View Loss 1.1770090106265996, Reg 0.4232878172709272
08-Aug-26 18:53:17 - Epoch 38, Model Loss -1.318794415667166, View Loss 1.1898705250297497, Reg 0.41962093893998587
08-Aug-26 18:54:14 - Epoch 39, Model Loss -1.347627028920292, View Loss 1.191252296266992, Reg 0.4187767963393841
08-Aug-26 18:55:12 - Epoch 40, Model Loss -1.358985997492971, View Loss 1.1527365804497713, Reg 0.4169963528128231
08-Aug-26 18:55:17 - Epoch 40: Train_acc 0.7189542483660131 Val_acc 0.6209150326797386 Test_acc 0.5968586387434555 Test_auc 0.6329670329670329
08-Aug-26 18:56:15 - Epoch 41, Model Loss -1.3707015997444103, View Loss 0.6586005539675943, Reg 0.4175711071569156
08-Aug-26 18:57:12 - Epoch 42, Model Loss -1.3786662076812943, View Loss -1.8294751410390817, Reg 0.41548769614275766
08-Aug-26 18:58:10 - Epoch 43, Model Loss -1.3838776794134402, View Loss -3.322742945228527, Reg 0.40569736326442046
08-Aug-26 18:59:07 - Epoch 44, Model Loss -1.3988576434017006, View Loss -3.4142531164331373, Reg 0.4050954691335267
08-Aug-26 19:00:05 - Epoch 45, Model Loss -1.3911461331485924, View Loss -3.4008850739672294, Reg 0.405157394074147
08-Aug-26 19:00:13 - Epoch 45: Train_acc 0.7679738562091504 Val_acc 0.5816993464052288 Test_acc 0.5759162303664922 Test_auc 0.6087912087912088
08-Aug-26 19:01:11 - Epoch 46, Model Loss -1.377413307140076, View Loss -3.347025597017575, Reg 0.4031677090264613
08-Aug-26 19:02:08 - Epoch 47, Model Loss -1.3906643624399222, View Loss -3.3915312056447946, Reg 0.405903113823311
08-Aug-26 19:03:06 - Epoch 48, Model Loss -1.3820040771384645, View Loss -3.3500161981270984, Reg 0.40886198052393846
08-Aug-26 19:04:03 - Epoch 49, Model Loss -1.3767998452280081, View Loss -3.3895542169708053, Reg 0.411080685511134
08-Aug-26 19:05:00 - Epoch 50, Model Loss -1.3836306403664982, View Loss -3.4109905280318915, Reg 0.4112294419528612
08-Aug-26 19:05:07 - Epoch 50: Train_acc 0.7124183006535948 Val_acc 0.6535947712418301 Test_acc 0.6020942408376964 Test_auc 0.6104395604395605
08-Aug-26 19:06:04 - Epoch 51, Model Loss -1.3843706573536194, View Loss -3.3812402369929293, Reg 0.41018347451889436
08-Aug-26 19:07:02 - Epoch 52, Model Loss -1.3954196506076388, View Loss -3.3769299407410465, Reg 0.4105666377185996
08-Aug-26 19:08:00 - Epoch 53, Model Loss -1.4006847150964674, View Loss -3.3947137757843615, Reg 0.4078960313516505
08-Aug-26 19:08:57 - Epoch 54, Model Loss -1.411485852758869, View Loss -3.408492287779166, Reg 0.40756149716626583
08-Aug-26 19:09:54 - Epoch 55, Model Loss -1.3992860021154865, View Loss -3.378351127400118, Reg 0.4045094863262052
08-Aug-26 19:10:02 - Epoch 55: Train_acc 0.7859477124183006 Val_acc 0.5751633986928104 Test_acc 0.581151832460733 Test_auc 0.6152747252747253
08-Aug-26 19:10:59 - Epoch 56, Model Loss -1.416194161558463, View Loss -3.3826711380403807, Reg 0.4054400913076463
08-Aug-26 19:11:56 - Epoch 57, Model Loss -1.4138613183513966, View Loss -3.3738236240312163, Reg 0.4040704837032393
08-Aug-26 19:12:54 - Epoch 58, Model Loss -1.4150625054353203, View Loss -3.394479474211051, Reg 0.405116029424605
08-Aug-26 19:13:51 - Epoch 59, Model Loss -1.4205904069289663, View Loss -3.3456807853349675, Reg 0.4029908579548979
08-Aug-26 19:14:49 - Epoch 60, Model Loss -1.4297055294311125, View Loss -3.377598871592603, Reg 0.4035228155796824
08-Aug-26 19:14:58 - Epoch 60: Train_acc 0.7352941176470589 Val_acc 0.5947712418300654 Test_acc 0.5916230366492147 Test_auc 0.620989010989011
08-Aug-26 19:15:55 - Epoch 61, Model Loss -1.4241636625302383, View Loss -3.3602194256252713, Reg 0.4040301412928338
08-Aug-26 19:16:52 - Epoch 62, Model Loss -1.4301139949973112, View Loss -3.361223177193037, Reg 0.4023025392317304
08-Aug-26 19:17:50 - Epoch 63, Model Loss -1.4254246630699805, View Loss -3.3393086514441794, Reg 0.4023762608275694
08-Aug-26 19:18:47 - Epoch 64, Model Loss -1.4313200719995436, View Loss -3.3690431881574243, Reg 0.40218832407122346
08-Aug-26 19:19:44 - Epoch 65, Model Loss -1.431911717832478, View Loss -3.3605223543503704, Reg 0.40160273453768564
08-Aug-26 19:19:52 - Epoch 65: Train_acc 0.7287581699346405 Val_acc 0.6078431372549019 Test_acc 0.5968586387434555 Test_auc 0.6074725274725273
08-Aug-26 19:20:49 - Epoch 66, Model Loss -1.435878710029951, View Loss -3.361094855015574, Reg 0.4005365021088544
08-Aug-26 19:21:46 - Epoch 67, Model Loss -1.4267687548219767, View Loss -3.342664154526455, Reg 0.40066137578752303
08-Aug-26 19:22:44 - Epoch 68, Model Loss -1.4349056038202024, View Loss -3.356169494928098, Reg 0.4007606870598263
08-Aug-26 19:23:41 - Epoch 69, Model Loss -1.437291229472441, View Loss -3.3659264807607614, Reg 0.4001200606230817
08-Aug-26 19:24:39 - Epoch 70, Model Loss -1.4334212845447016, View Loss -3.346700409658594, Reg 0.3994872264223161
08-Aug-26 19:24:49 - Epoch 70: Train_acc 0.815359477124183 Val_acc 0.5424836601307189 Test_acc 0.5916230366492147 Test_auc 0.5874725274725275
08-Aug-26 19:25:46 - Epoch 71, Model Loss -1.438927161148171, View Loss -3.353814312055999, Reg 0.4003248432882471
08-Aug-26 19:26:44 - Epoch 72, Model Loss -1.4459647820665946, View Loss -3.3522008634081075, Reg 0.4001207003016877
08-Aug-26 19:27:41 - Epoch 73, Model Loss -1.4481052604376101, View Loss -3.334549607794269, Reg 0.40037555846513484
08-Aug-26 19:28:38 - Epoch 74, Model Loss -1.4359184464598014, View Loss -3.3414306360132553, Reg 0.39988148251390143
08-Aug-26 19:29:36 - Epoch 75, Model Loss -1.440981447307113, View Loss -3.3771044569077833, Reg 0.40041079357558607
08-Aug-26 19:29:46 - Epoch 75: Train_acc 0.7205882352941176 Val_acc 0.5882352941176471 Test_acc 0.5916230366492147 Test_auc 0.6093406593406594
08-Aug-26 19:30:44 - Epoch 76, Model Loss -1.4413730895597172, View Loss -3.312214053534215, Reg 0.39937638457304514
08-Aug-26 19:31:41 - Epoch 77, Model Loss -1.4315407416399788, View Loss -3.3149859764996696, Reg 0.39836905594744715
08-Aug-26 19:32:38 - Epoch 78, Model Loss -1.4340344628477408, View Loss -3.305660191704245, Reg 0.3981427823016846
08-Aug-26 19:33:36 - Epoch 79, Model Loss -1.4388986849317364, View Loss -3.340885530110278, Reg 0.3982575566940058
08-Aug-26 19:34:33 - Epoch 80, Model Loss -1.4550033955792196, View Loss -3.361392554114847, Reg 0.3997773715094024
08-Aug-26 19:34:42 - Epoch 80: Train_acc 0.7124183006535948 Val_acc 0.6209150326797386 Test_acc 0.5759162303664922 Test_auc 0.6031868131868132
08-Aug-26 19:35:39 - Epoch 81, Model Loss -1.4355568355984158, View Loss -3.310432194105161, Reg 0.3986286532645132
08-Aug-26 19:36:37 - Epoch 82, Model Loss -1.448690691804574, View Loss -3.332673733530481, Reg 0.39881089505027323
08-Aug-26 19:37:34 - Epoch 83, Model Loss -1.4412442001641965, View Loss -3.335248897278231, Reg 0.39972931964724673
08-Aug-26 19:38:31 - Epoch 84, Model Loss -1.434068742141225, View Loss -3.2727363374498157, Reg 0.398899837646609
08-Aug-26 19:39:29 - Epoch 85, Model Loss -1.44248484941869, View Loss -3.3241526971455495, Reg 0.4005564862216999
08-Aug-26 19:39:39 - Epoch 85: Train_acc 0.7173202614379085 Val_acc 0.5882352941176471 Test_acc 0.5759162303664922 Test_auc 0.594835164835165
08-Aug-26 19:40:36 - Epoch 86, Model Loss -1.445793394948922, View Loss -3.336981340171465, Reg 0.40010229532235586
08-Aug-26 19:41:34 - Epoch 87, Model Loss -1.4471270523819268, View Loss -3.350922067180958, Reg 0.3996594183974796
08-Aug-26 19:42:31 - Epoch 88, Model Loss -1.4368383837681191, View Loss -3.3332744735518314, Reg 0.3994334593317867
08-Aug-26 19:43:29 - Epoch 89, Model Loss -1.4409755818984087, View Loss -3.3381473722021564, Reg 0.39976619972902183
08-Aug-26 19:44:26 - Epoch 90, Model Loss -1.4509655198240592, View Loss -3.3448724715538276, Reg 0.39936908592585646
08-Aug-26 19:44:39 - Epoch 90: Train_acc 0.7630718954248366 Val_acc 0.5555555555555556 Test_acc 0.5445026178010471 Test_auc 0.5543956043956045
08-Aug-26 19:45:36 - Epoch 91, Model Loss -1.4472512700199303, View Loss -3.347878696092593, Reg 0.3986971125104069
08-Aug-26 19:46:33 - Epoch 92, Model Loss -1.4543560377133438, View Loss -3.3385294029136108, Reg 0.39935045090376164
08-Aug-26 19:47:31 - Epoch 93, Model Loss -1.4502516353831572, View Loss -3.3186555345074025, Reg 0.3988499847892063
08-Aug-26 19:48:28 - Epoch 94, Model Loss -1.4414734809227239, View Loss -3.314820878645953, Reg 0.3990713424152798
08-Aug-26 19:49:26 - Epoch 95, Model Loss -1.4541783862643771, View Loss -3.3410866431940613, Reg 0.3987499740388658
08-Aug-26 19:49:35 - Epoch 95: Train_acc 0.7745098039215687 Val_acc 0.5816993464052288 Test_acc 0.5654450261780105 Test_auc 0.5616483516483517
08-Aug-26 19:50:33 - Epoch 96, Model Loss -1.451815910588682, View Loss -3.345103803023793, Reg 0.39885297437119327
08-Aug-26 19:51:30 - Epoch 97, Model Loss -1.4624018357470145, View Loss -3.3429687942554747, Reg 0.3983721355207605
08-Aug-26 19:52:28 - Epoch 98, Model Loss -1.4537851607877446, View Loss -3.3389661795173593, Reg 0.3985129131211175
08-Aug-26 19:53:25 - Epoch 99, Model Loss -1.4678773474849127, View Loss -3.37086043015025, Reg 0.398231404863931
08-Aug-26 19:54:22 - Epoch 100, Model Loss -1.4623262617323134, View Loss -3.34325377146403, Reg 0.39822229918311625
08-Aug-26 19:54:36 - Epoch 100: Train_acc 0.6911764705882353 Val_acc 0.6013071895424836 Test_acc 0.581151832460733 Test_auc 0.6002197802197803
08-Aug-26 19:55:34 - Epoch 101, Model Loss -1.4581707349789688, View Loss -3.334206001431334, Reg 0.3978216322808484
08-Aug-26 19:56:31 - Epoch 102, Model Loss -1.4567142405541114, View Loss -3.311348257501141, Reg 0.39846274607321797
08-Aug-26 19:57:29 - Epoch 103, Model Loss -1.4561149653266459, View Loss -3.314448902030396, Reg 0.3981390455189873
08-Aug-26 19:58:26 - Epoch 104, Model Loss -1.4629140274197447, View Loss -3.323452232709897, Reg 0.3978021740913391
08-Aug-26 19:59:23 - Epoch 105, Model Loss -1.4540306415433197, View Loss -3.302996657253091, Reg 0.39791054234785195
/users/3171356m/miniconda3/envs/grastiacl/lib/python3.12/site-packages/joblib/externals/loky/process_executor.py:782: UserWarning: A worker stopped while some jobs were given to the executor. This can be caused by a too short worker timeout or by a memory leak.
  warnings.warn(
08-Aug-26 19:59:36 - Epoch 105: Train_acc 0.8398692810457516 Val_acc 0.5228758169934641 Test_acc 0.6020942408376964 Test_auc 0.5887912087912088
08-Aug-26 20:00:34 - Epoch 106, Model Loss -1.460818035150665, View Loss -3.3231922723109424, Reg 0.3974161888259688
08-Aug-26 20:01:31 - Epoch 107, Model Loss -1.4672758750666202, View Loss -3.345467442780538, Reg 0.3976595674464905
08-Aug-26 20:02:29 - Epoch 108, Model Loss -1.4508532044155147, View Loss -3.2815001213472654, Reg 0.39748305627723146
08-Aug-26 20:03:26 - Epoch 109, Model Loss -1.4589476554222356, View Loss -3.320132162056717, Reg 0.39952344734684314
08-Aug-26 20:04:24 - Epoch 110, Model Loss -1.4659531038571028, View Loss -3.399865328096876, Reg 0.3984607101655474
08-Aug-26 20:04:40 - Epoch 110: Train_acc 0.7156862745098039 Val_acc 0.5882352941176471 Test_acc 0.6178010471204188 Test_auc 0.609010989010989
08-Aug-26 20:05:37 - Epoch 111, Model Loss -1.4571997386957305, View Loss -3.322644109040304, Reg 0.39937133804645414
08-Aug-26 20:06:35 - Epoch 112, Model Loss -1.4626304963055778, View Loss -3.3582955185883963, Reg 0.3988448568418914
08-Aug-26 20:07:32 - Epoch 113, Model Loss -1.46946659586788, View Loss -3.337340242722455, Reg 0.39870688182855746
08-Aug-26 20:08:29 - Epoch 114, Model Loss -1.4665733474531983, View Loss -3.345174028982524, Reg 0.3983943772082235
08-Aug-26 20:09:27 - Epoch 115, Model Loss -1.4761690999947341, View Loss -3.372400159150167, Reg 0.39753730410064747
08-Aug-26 20:09:43 - Epoch 115: Train_acc 0.7287581699346405 Val_acc 0.6013071895424836 Test_acc 0.5916230366492147 Test_auc 0.5986813186813187
08-Aug-26 20:10:41 - Epoch 116, Model Loss -1.475314118503745, View Loss -3.3623567437813953, Reg 0.39786708393907233
08-Aug-26 20:11:38 - Epoch 117, Model Loss -1.4784457948472765, View Loss -3.3336534250795453, Reg 0.3977568531348035
08-Aug-26 20:12:36 - Epoch 118, Model Loss -1.476405994564879, View Loss -3.3651165401234344, Reg 0.3971906031658447
08-Aug-26 20:13:33 - Epoch 119, Model Loss -1.4724877176721112, View Loss -3.3285751966089983, Reg 0.39734453780978335
08-Aug-26 20:14:31 - Epoch 120, Model Loss -1.4669521930170994, View Loss -3.3025364096647776, Reg 0.39757149281844595
08-Aug-26 20:14:40 - Epoch 120: Train_acc 0.7712418300653595 Val_acc 0.5686274509803921 Test_acc 0.5497382198952879 Test_auc 0.5585714285714285
08-Aug-26 20:15:38 - Epoch 121, Model Loss -1.462988361034518, View Loss -3.3256926224901786, Reg 0.39772774775822956
08-Aug-26 20:16:35 - Epoch 122, Model Loss -1.4703403921688305, View Loss -3.3239808768228767, Reg 0.3969843009718103
08-Aug-26 20:17:33 - Epoch 123, Model Loss -1.476861785439884, View Loss -3.348840380026624, Reg 0.39825599528605643
08-Aug-26 20:18:30 - Epoch 124, Model Loss -1.4602818551406362, View Loss -3.271291355681575, Reg 0.3977953351401036
08-Aug-26 20:19:28 - Epoch 125, Model Loss -1.4624441495907852, View Loss -3.3242052801294264, Reg 0.39714083367703007
08-Aug-26 20:19:37 - Epoch 125: Train_acc 0.7303921568627451 Val_acc 0.5816993464052288 Test_acc 0.6073298429319371 Test_auc 0.6061538461538462
08-Aug-26 20:20:34 - Epoch 126, Model Loss -1.470916832194609, View Loss -3.3397483950346905, Reg 0.3968278305982453
08-Aug-26 20:21:31 - Epoch 127, Model Loss -1.4794816970825195, View Loss -3.3453343054827522, Reg 0.39716775530304005
08-Aug-26 20:22:29 - Epoch 128, Model Loss -1.4793353610568576, View Loss -3.3576200522628485, Reg 0.39707574696322673
08-Aug-26 20:23:26 - Epoch 129, Model Loss -1.4786194446040135, View Loss -3.3630131896025217, Reg 0.39660435057933036
08-Aug-26 20:24:24 - Epoch 130, Model Loss -1.478682309194328, View Loss -3.3355310726789087, Reg 0.3963530227249744
08-Aug-26 20:24:35 - Epoch 130: Train_acc 0.7205882352941176 Val_acc 0.5555555555555556 Test_acc 0.5759162303664922 Test_auc 0.5906593406593407
08-Aug-26 20:25:32 - Epoch 131, Model Loss -1.4929529140198152, View Loss -3.378423005147697, Reg 0.39706062413508597
08-Aug-26 20:26:30 - Epoch 132, Model Loss -1.4766141885246327, View Loss -3.302604955785415, Reg 0.3969663346514982
08-Aug-26 20:27:28 - Epoch 133, Model Loss -1.4879359731487198, View Loss -3.356721267201542, Reg 0.39721228094661937
08-Aug-26 20:28:25 - Epoch 134, Model Loss -1.4796875723047194, View Loss -3.3383443371143215, Reg 0.39670238970151916
08-Aug-26 20:29:23 - Epoch 135, Model Loss -1.4743125017951517, View Loss -3.3165043070425395, Reg 0.39661701325497595
08-Aug-26 20:29:33 - Epoch 135: Train_acc 0.7189542483660131 Val_acc 0.5751633986928104 Test_acc 0.581151832460733 Test_auc 0.5952747252747254
08-Aug-26 20:30:31 - Epoch 136, Model Loss -1.4637193866804534, View Loss -3.304078522850485, Reg 0.39672823006810704
08-Aug-26 20:31:28 - Epoch 137, Model Loss -1.4741179584677702, View Loss -3.330275744394539, Reg 0.3961845412363414
08-Aug-26 20:32:25 - Epoch 138, Model Loss -1.4727303218218237, View Loss -3.3227845952401753, Reg 0.39570699719821706
08-Aug-26 20:33:23 - Epoch 139, Model Loss -1.472148521273744, View Loss -3.314990414513482, Reg 0.39618392395817376
08-Aug-26 20:34:20 - Epoch 140, Model Loss -1.4818489348966313, View Loss -3.3472296428057104, Reg 0.3965126992830264
08-Aug-26 20:34:31 - Epoch 140: Train_acc 0.7091503267973857 Val_acc 0.5620915032679739 Test_acc 0.6020942408376964 Test_auc 0.5989010989010989
08-Aug-26 20:35:29 - Epoch 141, Model Loss -1.48772722443724, View Loss -3.351481007594688, Reg 0.39665066903712703
08-Aug-26 20:36:26 - Epoch 142, Model Loss -1.4891249837439045, View Loss -3.347183015611437, Reg 0.3967597924805934
08-Aug-26 20:37:23 - Epoch 143, Model Loss -1.4893059418871513, View Loss -3.35348828321968, Reg 0.39590906570939455
08-Aug-26 20:38:21 - Epoch 144, Model Loss -1.4904664108176637, View Loss -3.369768052319296, Reg 0.39622291318731373
08-Aug-26 20:39:18 - Epoch 145, Model Loss -1.4860447621813007, View Loss -3.3356885255551805, Reg 0.39554301741855596
08-Aug-26 20:39:28 - Epoch 145: Train_acc 0.7140522875816994 Val_acc 0.5751633986928104 Test_acc 0.5706806282722513 Test_auc 0.5916483516483516
08-Aug-26 20:40:25 - Epoch 146, Model Loss -1.4768505657420439, View Loss -3.28930857913946, Reg 0.3959609815497804
08-Aug-26 20:41:22 - Epoch 147, Model Loss -1.4910889170528236, View Loss -3.360290863934685, Reg 0.39561014257225335
08-Aug-26 20:42:20 - Epoch 148, Model Loss -1.4936341304405063, View Loss -3.3452657375460357, Reg 0.3952273192748525
08-Aug-26 20:43:18 - Epoch 149, Model Loss -1.4839266421748143, View Loss -3.3457749653485864, Reg 0.3954654211312338
08-Aug-26 20:44:15 - Epoch 150, Model Loss -1.4833250045776367, View Loss -3.331474675072564, Reg 0.39561477907342846
08-Aug-26 20:44:25 - Epoch 150: Train_acc 0.7091503267973857 Val_acc 0.5882352941176471 Test_acc 0.5706806282722513 Test_auc 0.5879120879120879
08-Aug-26 20:45:23 - Epoch 151, Model Loss -1.4784739905712652, View Loss -3.329935307596244, Reg 0.39522306591856715
08-Aug-26 20:46:20 - Epoch 152, Model Loss -1.4864468668021409, View Loss -3.348921189900317, Reg 0.39482467431648105
08-Aug-26 20:47:17 - Epoch 153, Model Loss -1.4938277325599023, View Loss -3.3538241885066813, Reg 0.3950413874551362
08-Aug-26 20:48:15 - Epoch 154, Model Loss -1.485726736729441, View Loss -3.3277981733185014, Reg 0.3948947900260975
08-Aug-26 20:49:12 - Epoch 155, Model Loss -1.490132652856166, View Loss -3.343848518296784, Reg 0.39485207375358133
08-Aug-26 20:49:21 - Epoch 155: Train_acc 0.7140522875816994 Val_acc 0.6274509803921569 Test_acc 0.6073298429319371 Test_auc 0.6003296703296703
08-Aug-26 20:50:18 - Epoch 156, Model Loss -1.4947866084528905, View Loss -3.3517758955363353, Reg 0.3946189116808324
08-Aug-26 20:51:15 - Epoch 157, Model Loss -1.48750041512882, View Loss -3.315912122040792, Reg 0.3943157268115898
08-Aug-26 20:52:13 - Epoch 158, Model Loss -1.4926897622401418, View Loss -3.345174867343279, Reg 0.3941204707606945
08-Aug-26 20:53:10 - Epoch 159, Model Loss -1.499133072647394, View Loss -3.3501701136819677, Reg 0.39418696207937853
08-Aug-26 20:54:07 - Epoch 160, Model Loss -1.4916211171867022, View Loss -3.3452631009170433, Reg 0.39330681301409903
08-Aug-26 20:54:18 - Epoch 160: Train_acc 0.7173202614379085 Val_acc 0.6143790849673203 Test_acc 0.581151832460733 Test_auc 0.597032967032967
08-Aug-26 20:55:16 - Epoch 161, Model Loss -1.4987673541299658, View Loss -3.3653781055624967, Reg 0.39404324865808676
08-Aug-26 20:56:13 - Epoch 162, Model Loss -1.491113587921741, View Loss -3.3655122214672613, Reg 0.39360341118052117
08-Aug-26 20:57:11 - Epoch 163, Model Loss -1.4855189572751912, View Loss -3.32382585799772, Reg 0.39346130065668644
08-Aug-26 20:58:08 - Epoch 164, Model Loss -1.487814884559781, View Loss -3.3246759807362274, Reg 0.39343131932557796
08-Aug-26 20:59:06 - Epoch 165, Model Loss -1.5000383495505338, View Loss -3.359769867915733, Reg 0.3933315292682523
08-Aug-26 20:59:22 - Epoch 165: Train_acc 0.6944444444444444 Val_acc 0.6209150326797386 Test_acc 0.5916230366492147 Test_auc 0.6034065934065934
08-Aug-26 21:00:19 - Epoch 166, Model Loss -1.495122049369064, View Loss -3.3398605265648538, Reg 0.39363814257328805
08-Aug-26 21:01:17 - Epoch 167, Model Loss -1.4955956733304692, View Loss -3.3474136115678776, Reg 0.3928186314947465
08-Aug-26 21:02:14 - Epoch 168, Model Loss -1.498716179841484, View Loss -3.360279974594615, Reg 0.3934415941144906
08-Aug-26 21:03:12 - Epoch 169, Model Loss -1.4994332743626015, View Loss -3.3581752590104643, Reg 0.3931971476748099
08-Aug-26 21:04:09 - Epoch 170, Model Loss -1.4939473127227982, View Loss -3.3077980895447574, Reg 0.39335539800668856
/users/3171356m/miniconda3/envs/grastiacl/lib/python3.12/site-packages/joblib/externals/loky/process_executor.py:782: UserWarning: A worker stopped while some jobs were given to the executor. This can be caused by a too short worker timeout or by a memory leak.
  warnings.warn(
08-Aug-26 21:04:23 - Epoch 170: Train_acc 0.7107843137254902 Val_acc 0.6013071895424836 Test_acc 0.5916230366492147 Test_auc 0.6067032967032967
08-Aug-26 21:05:21 - Epoch 171, Model Loss -1.476959708469366, View Loss -3.2848942482393553, Reg 0.39219091452804267
08-Aug-26 21:06:18 - Epoch 172, Model Loss -1.4921067493413789, View Loss -3.307541286244112, Reg 0.39248528161080054
08-Aug-26 21:07:16 - Epoch 173, Model Loss -1.493274701187034, View Loss -3.3178735994825175, Reg 0.3918331047288733
08-Aug-26 21:08:13 - Epoch 174, Model Loss -1.4929614783891665, View Loss -3.331096025853375, Reg 0.3919144958452462
08-Aug-26 21:09:11 - Epoch 175, Model Loss -1.4897326550452539, View Loss -3.3381446358425166, Reg 0.39172623321121813
08-Aug-26 21:09:23 - Epoch 175: Train_acc 0.7026143790849673 Val_acc 0.6078431372549019 Test_acc 0.5759162303664922 Test_auc 0.5931868131868132
08-Aug-26 21:10:20 - Epoch 176, Model Loss -1.4981641052595152, View Loss -3.3263971571828805, Reg 0.3919578019310446
08-Aug-26 21:11:18 - Epoch 177, Model Loss -1.5032668020211013, View Loss -3.3648316096636206, Reg 0.3918120033211178
08-Aug-26 21:12:15 - Epoch 178, Model Loss -1.4913223896151275, View Loss -3.3063910428215477, Reg 0.39195794139812196
08-Aug-26 21:13:13 - Epoch 179, Model Loss -1.4926904541215087, View Loss -3.332888759039586, Reg 0.39215220579134874
08-Aug-26 21:14:10 - Epoch 180, Model Loss -1.5055257946837182, View Loss -3.368272482180128, Reg 0.3920736371302137
08-Aug-26 21:14:21 - Epoch 180: Train_acc 0.7091503267973857 Val_acc 0.5947712418300654 Test_acc 0.5863874345549738 Test_auc 0.5932967032967034
08-Aug-26 21:15:18 - Epoch 181, Model Loss -1.503800111658433, View Loss -3.337084533342349, Reg 0.3919105387591069
08-Aug-26 21:16:15 - Epoch 182, Model Loss -1.5034376188041338, View Loss -3.3604778495489382, Reg 0.3917093904189814
08-Aug-26 21:17:13 - Epoch 183, Model Loss -1.496745664309832, View Loss -3.33302968156104, Reg 0.3913298438187518
08-Aug-26 21:18:10 - Epoch 184, Model Loss -1.4985680673636643, View Loss -3.338467641593584, Reg 0.39138764181947394
08-Aug-26 21:19:08 - Epoch 185, Model Loss -1.4979623158772786, View Loss -3.3476866803138083, Reg 0.3917698692652135
08-Aug-26 21:19:16 - Epoch 185: Train_acc 0.7532679738562091 Val_acc 0.6274509803921569 Test_acc 0.581151832460733 Test_auc 0.5826373626373627
08-Aug-26 21:20:14 - Epoch 186, Model Loss -1.5069558604869968, View Loss -3.3558086351631515, Reg 0.39141279478478275
08-Aug-26 21:21:11 - Epoch 187, Model Loss -1.5025035696091995, View Loss -3.3599104912452447, Reg 0.3909721160246656
08-Aug-26 21:22:09 - Epoch 188, Model Loss -1.4910658356411006, View Loss -3.3161450616674486, Reg 0.3906833845026353
08-Aug-26 21:23:06 - Epoch 189, Model Loss -1.498126494339089, View Loss -3.343496204201692, Reg 0.3907148514697754
08-Aug-26 21:24:03 - Epoch 190, Model Loss -1.5082657259274153, View Loss -3.36869841930913, Reg 0.390603693287357
08-Aug-26 21:24:13 - Epoch 190: Train_acc 0.7091503267973857 Val_acc 0.6405228758169934 Test_acc 0.5602094240837696 Test_auc 0.5904395604395605
08-Aug-26 21:25:11 - Epoch 191, Model Loss -1.5038797341141046, View Loss -3.3569625405704273, Reg 0.3904085149562437
08-Aug-26 21:26:08 - Epoch 192, Model Loss -1.5113197526121451, View Loss -3.361269869835548, Reg 0.39030511920748195
08-Aug-26 21:27:06 - Epoch 193, Model Loss -1.4982055464601205, View Loss -3.328605963513742, Reg 0.39053405246703454
08-Aug-26 21:28:03 - Epoch 194, Model Loss -1.495347023010254, View Loss -3.3279401461283364, Reg 0.3899274519066405
08-Aug-26 21:29:01 - Epoch 195, Model Loss -1.5058163007100422, View Loss -3.368097576440549, Reg 0.3899761611729666
08-Aug-26 21:29:12 - Epoch 195: Train_acc 0.7107843137254902 Val_acc 0.6013071895424836 Test_acc 0.5654450261780105 Test_auc 0.5818681318681319
08-Aug-26 21:30:11 - Epoch 196, Model Loss -1.5053847256828756, View Loss -3.358257156571532, Reg 0.3901313607599221
08-Aug-26 21:31:09 - Epoch 197, Model Loss -1.5018377678067076, View Loss -3.3459317793253978, Reg 0.3899659368337369
08-Aug-26 21:32:07 - Epoch 198, Model Loss -1.5089173067628947, View Loss -3.370267282124438, Reg 0.38997579750671885
08-Aug-26 21:33:05 - Epoch 199, Model Loss -1.5025552924162422, View Loss -3.369348382638171, Reg 0.3893257593796923
08-Aug-26 21:34:03 - Epoch 200, Model Loss -1.508240880529865, View Loss -3.452902413661184, Reg 0.38978268254816145
08-Aug-26 21:34:19 - Epoch 200: Train_acc 0.7107843137254902 Val_acc 0.6143790849673203 Test_acc 0.5759162303664922 Test_auc 0.5795604395604396
08-Aug-26 21:35:17 - Epoch 201, Model Loss -1.48393045687208, View Loss -3.2914925556556853, Reg 0.38932054923250786
08-Aug-26 21:36:16 - Epoch 202, Model Loss -1.4908641366397632, View Loss -3.3105066025179197, Reg 0.38941631597631116
08-Aug-26 21:37:14 - Epoch 203, Model Loss -1.4978654026206022, View Loss -3.3657312486685957, Reg 0.3895443783086889
08-Aug-26 21:38:12 - Epoch 204, Model Loss -1.5009485444212272, View Loss -3.3481840090034836, Reg 0.38927924165538713
08-Aug-26 21:39:10 - Epoch 205, Model Loss -1.504980361539554, View Loss -3.343056722404131, Reg 0.38884490221933604
08-Aug-26 21:39:21 - Epoch 205: Train_acc 0.7124183006535948 Val_acc 0.6339869281045751 Test_acc 0.5706806282722513 Test_auc 0.5835164835164834
08-Aug-26 21:40:20 - Epoch 206, Model Loss -1.5063516704085607, View Loss -3.3606227114309672, Reg 0.3889557384198008
08-Aug-26 21:41:18 - Epoch 207, Model Loss -1.5032381668589474, View Loss -3.3666039105334313, Reg 0.388461187384487
08-Aug-26 21:42:15 - Epoch 208, Model Loss -1.5052723510592592, View Loss -3.3661761720196095, Reg 0.388647389372969
08-Aug-26 21:43:14 - Epoch 209, Model Loss -1.5094411201726377, View Loss -3.3673225602293324, Reg 0.38837896180308723
08-Aug-26 21:44:12 - Epoch 210, Model Loss -1.510071349299811, View Loss -3.371295286939035, Reg 0.38861258376657576
/users/3171356m/miniconda3/envs/grastiacl/lib/python3.12/site-packages/joblib/externals/loky/process_executor.py:782: UserWarning: A worker stopped while some jobs were given to the executor. This can be caused by a too short worker timeout or by a memory leak.
  warnings.warn(
08-Aug-26 21:44:27 - Epoch 210: Train_acc 0.7156862745098039 Val_acc 0.6339869281045751 Test_acc 0.5759162303664922 Test_auc 0.588021978021978
08-Aug-26 21:45:25 - Epoch 211, Model Loss -1.5047310785530439, View Loss -3.3638340632120767, Reg 0.3882151277236689
08-Aug-26 21:46:23 - Epoch 212, Model Loss -1.5092319320229923, View Loss -3.3510610636542824, Reg 0.38842680368548127
08-Aug-26 21:47:21 - Epoch 213, Model Loss -1.4963251344518724, View Loss -3.287422778559666, Reg 0.3881881840867934
08-Aug-26 21:48:20 - Epoch 214, Model Loss -1.5042693942200904, View Loss -3.3257998983844432, Reg 0.388019648252749
08-Aug-26 21:49:18 - Epoch 215, Model Loss -1.507351990618737, View Loss -3.350757785871917, Reg 0.3878546092245314
/users/3171356m/miniconda3/envs/grastiacl/lib/python3.12/site-packages/joblib/externals/loky/process_executor.py:782: UserWarning: A worker stopped while some jobs were given to the executor. This can be caused by a too short worker timeout or by a memory leak.
  warnings.warn(
08-Aug-26 21:49:39 - Epoch 215: Train_acc 0.7712418300653595 Val_acc 0.5947712418300654 Test_acc 0.5287958115183246 Test_auc 0.5515384615384615
08-Aug-26 21:50:37 - Epoch 216, Model Loss -1.5160860049179177, View Loss -3.3584347924375844, Reg 0.3879845095615761
08-Aug-26 21:51:35 - Epoch 217, Model Loss -1.5134679632249222, View Loss -3.321820452322368, Reg 0.38762042900316074
08-Aug-26 21:52:33 - Epoch 218, Model Loss -1.5046253329009012, View Loss -3.332299428827622, Reg 0.38745052830066556
08-Aug-26 21:53:31 - Epoch 219, Model Loss -1.5121941846959732, View Loss -3.3495695824716605, Reg 0.3873300754946042
08-Aug-26 21:54:30 - Epoch 220, Model Loss -1.5138560930887859, View Loss -3.3314024856667115, Reg 0.38717616344589034
/users/3171356m/miniconda3/envs/grastiacl/lib/python3.12/site-packages/joblib/externals/loky/process_executor.py:782: UserWarning: A worker stopped while some jobs were given to the executor. This can be caused by a too short worker timeout or by a memory leak.
  warnings.warn(
08-Aug-26 21:54:52 - Epoch 220: Train_acc 0.7663398692810458 Val_acc 0.5882352941176471 Test_acc 0.5235602094240838 Test_auc 0.5487912087912087
08-Aug-26 21:55:50 - Epoch 221, Model Loss -1.5177523918401181, View Loss -3.3793258043675642, Reg 0.38739798855937385
08-Aug-26 21:56:48 - Epoch 222, Model Loss -1.512937196719101, View Loss -3.358614937152738, Reg 0.387074858144997
08-Aug-26 21:57:47 - Epoch 223, Model Loss -1.5134260763529859, View Loss -3.365199777815077, Reg 0.38655658601935394
08-Aug-26 21:58:45 - Epoch 224, Model Loss -1.5156104206259733, View Loss -3.371835805232229, Reg 0.38709935799143674
08-Aug-26 21:59:44 - Epoch 225, Model Loss -1.5095375597087386, View Loss -3.332349612042795, Reg 0.3871491346873489
08-Aug-26 22:00:05 - Epoch 225: Train_acc 0.7124183006535948 Val_acc 0.5882352941176471 Test_acc 0.5654450261780105 Test_auc 0.5794505494505494
08-Aug-26 22:01:03 - Epoch 226, Model Loss -1.5114959891325508, View Loss -3.3210346215690665, Reg 0.38715868798735875
08-Aug-26 22:02:01 - Epoch 227, Model Loss -1.5127737132552403, View Loss -3.359658213222728, Reg 0.3866330233274722
08-Aug-26 22:03:00 - Epoch 228, Model Loss -1.5115118400723326, View Loss -3.350013221790588, Reg 0.3868063481804592
08-Aug-26 22:03:59 - Epoch 229, Model Loss -1.5170488108217326, View Loss -3.3639899951959746, Reg 0.3861948524425232
08-Aug-26 22:04:57 - Epoch 230, Model Loss -1.5152728074516346, View Loss -3.3456835310443553, Reg 0.38649143035115757
08-Aug-26 22:05:08 - Epoch 230: Train_acc 0.7598039215686274 Val_acc 0.5686274509803921 Test_acc 0.5602094240837696 Test_auc 0.5692307692307693
08-Aug-26 22:06:07 - Epoch 231, Model Loss -1.5117652307148852, View Loss -3.365845418443867, Reg 0.38628248139923693
08-Aug-26 22:07:05 - Epoch 232, Model Loss -1.512527179094701, View Loss -3.3611610294167513, Reg 0.3864179222412359
08-Aug-26 22:08:04 - Epoch 233, Model Loss -1.5103629741793365, View Loss -3.32994566711725, Reg 0.38581559860628417
08-Aug-26 22:09:02 - Epoch 234, Model Loss -1.5110688178367864, View Loss -3.3597826427883573, Reg 0.3863232659748177
08-Aug-26 22:10:01 - Epoch 235, Model Loss -1.5136799562990275, View Loss -3.3606687714071835, Reg 0.38589273578201244
08-Aug-26 22:10:11 - Epoch 235: Train_acc 0.8611111111111112 Val_acc 0.5294117647058824 Test_acc 0.5602094240837696 Test_auc 0.5608791208791208
08-Aug-26 22:11:10 - Epoch 236, Model Loss -1.5131483514324513, View Loss -3.3479539054671146, Reg 0.3858944649010702
08-Aug-26 22:12:08 - Epoch 237, Model Loss -1.515210880952723, View Loss -3.3666269015642554, Reg 0.386067947920631
08-Aug-26 22:13:06 - Epoch 238, Model Loss -1.5175212473651163, View Loss -3.364133953269011, Reg 0.38558413351283355
08-Aug-26 22:14:04 - Epoch 239, Model Loss -1.51935328689276, View Loss -3.3523522420646317, Reg 0.38576773958268507
08-Aug-26 22:15:02 - Epoch 240, Model Loss -1.5109074037838606, View Loss -3.3019831632477006, Reg 0.38561707929848066
/users/3171356m/miniconda3/envs/grastiacl/lib/python3.12/site-packages/joblib/externals/loky/process_executor.py:782: UserWarning: A worker stopped while some jobs were given to the executor. This can be caused by a too short worker timeout or by a memory leak.
  warnings.warn(
08-Aug-26 22:15:12 - Epoch 240: Train_acc 0.7565359477124183 Val_acc 0.5686274509803921 Test_acc 0.581151832460733 Test_auc 0.5695604395604397
08-Aug-26 22:16:10 - Epoch 241, Model Loss -1.5040478425867416, View Loss -3.317416306414635, Reg 0.3853939514534146
08-Aug-26 22:17:08 - Epoch 242, Model Loss -1.5092366037805096, View Loss -3.3240486001656726, Reg 0.38533104868496165
08-Aug-26 22:18:06 - Epoch 243, Model Loss -1.5141666761410781, View Loss -3.3750889441546272, Reg 0.38507558707318273
08-Aug-26 22:19:05 - Epoch 244, Model Loss -1.521185862472634, View Loss -3.3955234483955734, Reg 0.38539645679635937
08-Aug-26 22:20:03 - Epoch 245, Model Loss -1.520907813427495, View Loss -3.4467246142867345, Reg 0.3850930050697202
08-Aug-26 22:20:11 - Epoch 245: Train_acc 0.7075163398692811 Val_acc 0.6274509803921569 Test_acc 0.5968586387434555 Test_auc 0.5879120879120879
08-Aug-26 22:21:09 - Epoch 246, Model Loss -1.5112850463468266, View Loss -3.4339986190297247, Reg 0.38501957954924093
08-Aug-26 22:22:07 - Epoch 247, Model Loss -1.5180996508380167, View Loss -3.3825791863834156, Reg 0.38528724589379004
08-Aug-26 22:23:06 - Epoch 248, Model Loss -1.517050397162344, View Loss -3.3533581066754907, Reg 0.3851658481788012
08-Aug-26 22:24:04 - Epoch 249, Model Loss -1.5124567443249273, View Loss -3.35159318275701, Reg 0.3853445019986894
08-Aug-26 22:25:03 - Epoch 250, Model Loss -1.5174666417190452, View Loss -3.362463598936991, Reg 0.3850831681606816
08-Aug-26 22:25:11 - Epoch 250: Train_acc 0.826797385620915 Val_acc 0.5882352941176471 Test_acc 0.5602094240837696 Test_auc 0.5605494505494506
08-Aug-26 22:26:10 - Epoch 251, Model Loss -1.5147172703462488, View Loss -3.348506837109335, Reg 0.38466370456358967
08-Aug-26 22:27:08 - Epoch 252, Model Loss -1.5233079187231127, View Loss -3.3584280263364703, Reg 0.38558700778125937
08-Aug-26 22:28:07 - Epoch 253, Model Loss -1.5249737508935866, View Loss -3.3843515714009604, Reg 0.3842214645903095
08-Aug-26 22:29:06 - Epoch 254, Model Loss -1.5189617693034652, View Loss -3.350975712919547, Reg 0.3851863584097694
08-Aug-26 22:30:04 - Epoch 255, Model Loss -1.5130641476001614, View Loss -3.351527846716588, Reg 0.3844338059425354
/users/3171356m/miniconda3/envs/grastiacl/lib/python3.12/site-packages/joblib/externals/loky/process_executor.py:782: UserWarning: A worker stopped while some jobs were given to the executor. This can be caused by a too short worker timeout or by a memory leak.
  warnings.warn(
08-Aug-26 22:30:13 - Epoch 255: Train_acc 0.7107843137254902 Val_acc 0.6339869281045751 Test_acc 0.5706806282722513 Test_auc 0.5973626373626374
08-Aug-26 22:31:12 - Epoch 256, Model Loss -1.516316407646229, View Loss -3.3285252845365236, Reg 0.38484616528928667
08-Aug-26 22:32:10 - Epoch 257, Model Loss -1.519253624810113, View Loss -3.3663764779084646, Reg 0.3848736819878123
08-Aug-26 22:33:09 - Epoch 258, Model Loss -1.523664739396837, View Loss -3.357453234055463, Reg 0.3845723119436526
08-Aug-26 22:34:08 - Epoch 259, Model Loss -1.5160885792152554, View Loss -3.3462003913580203, Reg 0.3843306197839625
08-Aug-26 22:35:06 - Epoch 260, Model Loss -1.514304469613468, View Loss -3.3337113218369825, Reg 0.3844008827521131
08-Aug-26 22:35:19 - Epoch 260: Train_acc 0.7581699346405228 Val_acc 0.5882352941176471 Test_acc 0.5497382198952879 Test_auc 0.5710989010989012
08-Aug-26 22:36:17 - Epoch 261, Model Loss -1.5153799057006836, View Loss -3.3269573068307117, Reg 0.38470422422963807
08-Aug-26 22:37:16 - Epoch 262, Model Loss -1.516091599183924, View Loss -3.3596887744330113, Reg 0.384508638210546
08-Aug-26 22:38:14 - Epoch 263, Model Loss -1.520268895267661, View Loss -3.3601799073562124, Reg 0.38475675286810385
08-Aug-26 22:39:13 - Epoch 264, Model Loss -1.521683178695978, View Loss -3.3484282680586275, Reg 0.3837176052963032
08-Aug-26 22:40:12 - Epoch 265, Model Loss -1.517312186995363, View Loss -3.360655787723516, Reg 0.3843727592938866
08-Aug-26 22:40:23 - Epoch 265: Train_acc 0.7761437908496732 Val_acc 0.6209150326797386 Test_acc 0.5340314136125655 Test_auc 0.564945054945055
08-Aug-26 22:41:22 - Epoch 266, Model Loss -1.522978333865895, View Loss -3.3511745664808483, Reg 0.384380089301689
08-Aug-26 22:42:20 - Epoch 267, Model Loss -1.5235802831213459, View Loss -3.350386223761864, Reg 0.38394101012765974
08-Aug-26 22:43:18 - Epoch 268, Model Loss -1.520147516836528, View Loss -3.3439970826791003, Reg 0.38426603912528046
08-Aug-26 22:44:17 - Epoch 269, Model Loss -1.513979400684631, View Loss -3.328529778648825, Reg 0.3842936160128101
08-Aug-26 22:45:16 - Epoch 270, Model Loss -1.5179342569089402, View Loss -3.303298055736068, Reg 0.38441813615412496
08-Aug-26 22:45:26 - Epoch 270: Train_acc 0.7777777777777778 Val_acc 0.5947712418300654 Test_acc 0.5340314136125655 Test_auc 0.5605494505494504
08-Aug-26 22:46:24 - Epoch 271, Model Loss -1.5120455735649159, View Loss -3.3086711222829384, Reg 0.3842368589507209
08-Aug-26 22:47:23 - Epoch 272, Model Loss -1.5216191796695484, View Loss -3.364298032000174, Reg 0.3840533039149116
08-Aug-26 22:48:21 - Epoch 273, Model Loss -1.5109884723339206, View Loss -3.348719758925095, Reg 0.3840455835551218
08-Aug-26 22:49:20 - Epoch 274, Model Loss -1.5140532387627497, View Loss -3.347816327038933, Reg 0.3843439836907231
08-Aug-26 22:50:19 - Epoch 275, Model Loss -1.51941702412624, View Loss -3.3373634737301496, Reg 0.383797796138751
/users/3171356m/miniconda3/envs/grastiacl/lib/python3.12/site-packages/joblib/externals/loky/process_executor.py:782: UserWarning: A worker stopped while some jobs were given to the executor. This can be caused by a too short worker timeout or by a memory leak.
  warnings.warn(
08-Aug-26 22:50:31 - Epoch 275: Train_acc 0.7156862745098039 Val_acc 0.6013071895424836 Test_acc 0.5916230366492147 Test_auc 0.5891208791208791
08-Aug-26 22:51:29 - Epoch 276, Model Loss -1.524563356162676, View Loss -3.362226508022134, Reg 0.3843741845461278
08-Aug-26 22:52:28 - Epoch 277, Model Loss -1.5187568602219126, View Loss -3.3540272151722625, Reg 0.38401390758215215
08-Aug-26 22:53:26 - Epoch 278, Model Loss -1.5221714505962296, View Loss -3.3388757892683443, Reg 0.3843413104418836
08-Aug-26 22:54:24 - Epoch 279, Model Loss -1.524201935412837, View Loss -3.3645384389590594, Reg 0.3842288582932715
08-Aug-26 22:55:23 - Epoch 280, Model Loss -1.5295473298216178, View Loss -3.359828599917343, Reg 0.3841024516454709
08-Aug-26 22:55:33 - Epoch 280: Train_acc 0.7565359477124183 Val_acc 0.6078431372549019 Test_acc 0.5497382198952879 Test_auc 0.5647252747252747
08-Aug-26 22:56:31 - Epoch 281, Model Loss -1.531189712823606, View Loss -3.3638752083373227, Reg 0.3839794845362894
08-Aug-26 22:57:29 - Epoch 282, Model Loss -1.517739526586595, View Loss -3.3326281192255953, Reg 0.3835853092810687
08-Aug-26 22:58:27 - Epoch 283, Model Loss -1.523637061025582, View Loss -3.3666982900083453, Reg 0.384165491933137
08-Aug-26 22:59:26 - Epoch 284, Model Loss -1.522248589135463, View Loss -3.342715905382742, Reg 0.383653885009242
08-Aug-26 23:00:24 - Epoch 285, Model Loss -1.5170920128915824, View Loss -3.332401375365413, Reg 0.3838222453407213
/users/3171356m/miniconda3/envs/grastiacl/lib/python3.12/site-packages/joblib/externals/loky/process_executor.py:782: UserWarning: A worker stopped while some jobs were given to the executor. This can be caused by a too short worker timeout or by a memory leak.
  warnings.warn(
08-Aug-26 23:00:37 - Epoch 285: Train_acc 0.7598039215686274 Val_acc 0.6013071895424836 Test_acc 0.5549738219895288 Test_auc 0.5653846153846155
08-Aug-26 23:01:36 - Epoch 286, Model Loss -1.5262979401482477, View Loss -3.3663331418255575, Reg 0.38403195649190663
08-Aug-26 23:02:34 - Epoch 287, Model Loss -1.5254488053664663, View Loss -3.357760597677792, Reg 0.38382136802268185
08-Aug-26 23:03:32 - Epoch 288, Model Loss -1.5272969015283522, View Loss -3.350702151753544, Reg 0.3834599322742886
08-Aug-26 23:04:30 - Epoch 289, Model Loss -1.5236152823454414, View Loss -3.355400185179866, Reg 0.38393466885572947
08-Aug-26 23:05:29 - Epoch 290, Model Loss -1.5171291251587713, View Loss -3.3407512427934636, Reg 0.38368343410928263
08-Aug-26 23:05:40 - Epoch 290: Train_acc 0.7124183006535948 Val_acc 0.6013071895424836 Test_acc 0.6020942408376964 Test_auc 0.5963736263736263
08-Aug-26 23:06:38 - Epoch 291, Model Loss -1.5271087565453223, View Loss -3.3880791788786846, Reg 0.38367509569217956
08-Aug-26 23:07:36 - Epoch 292, Model Loss -1.5214265374576343, View Loss -3.3556838503070905, Reg 0.3836585770245471
08-Aug-26 23:08:35 - Epoch 293, Model Loss -1.5207378879871243, View Loss -3.348549758686739, Reg 0.38399364745694825
08-Aug-26 23:09:33 - Epoch 294, Model Loss -1.5231681524538527, View Loss -3.369765680599836, Reg 0.38352368567504136
08-Aug-26 23:10:32 - Epoch 295, Model Loss -1.520602544148763, View Loss -3.370515567804474, Reg 0.38333909846598807
08-Aug-26 23:10:45 - Epoch 295: Train_acc 0.7075163398692811 Val_acc 0.6274509803921569 Test_acc 0.5759162303664922 Test_auc 0.5984615384615386
08-Aug-26 23:11:43 - Epoch 296, Model Loss -1.5203428081437653, View Loss -3.3143361129012763, Reg 0.3839985389335483
08-Aug-26 23:12:42 - Epoch 297, Model Loss -1.5329024713802961, View Loss -3.3585400487862382, Reg 0.3835225687697043
08-Aug-26 23:13:40 - Epoch 298, Model Loss -1.5276566330903496, View Loss -3.383797748416078, Reg 0.38348669670765695
08-Aug-26 23:14:38 - Epoch 299, Model Loss -1.5205857644673266, View Loss -3.3530910841000625, Reg 0.38393203787554325
08-Aug-26 23:15:38 - Epoch 300, Model Loss -1.5275273728214838, View Loss -3.340793257445292, Reg 0.38335437205881856
08-Aug-26 23:15:53 - Epoch 300: Train_acc 0.7075163398692811 Val_acc 0.6339869281045751 Test_acc 0.5759162303664922 Test_auc 0.5929670329670329
08-Aug-26 23:15:53 - FinishedTraining! BestEpoch (eval-interval index): 9
08-Aug-26 23:15:53 - Wrote /users/3171356m/muhammad/GraSTIACL/nested_cv/results/nocombat__emb256_bs32__fold2.json
08-Aug-26 23:15:53 - {
  "emb_dim": 256,
  "batch_size": 32,
  "fold": 2,
  "combat": false,
  "n_train": 612,
  "n_val": 153,
  "n_test": 191,
  "best_val_epoch_idx": 9,
  "train_accuracy": 0.7124183006535948,
  "val_accuracy": 0.6535947712418301,
  "test_accuracy": 0.6020942408376964,
  "train_f1": 0.6955017301038062,
  "val_f1": 0.6293706293706294,
  "test_f1": 0.5869565217391305,
  "train_sensitivity": 0.6907216471109222,
  "val_sensitivity": 0.6164383477200227,
  "test_sensitivity": 0.593406586885642,
  "train_specificity": 0.7320872251336846,
  "val_specificity": 0.6874999914062502,
  "test_specificity": 0.6099999939,
  "train_precision": 0.7003484320557491,
  "val_precision": 0.6428571428571429,
  "test_precision": 0.5806451612903226,
  "test_auc": 0.6104395604395605,
  "fin_reg": 0.4112294419528612
}
