07-Aug-26 20:21:41 - Using Device: cuda
07-Aug-26 20:21:41 - Seed: 123, Fold: 0, ComBat: False
07-Aug-26 20:21:41 - Namespace(fold=0, combat=False, num_dyn_windows=3, model_lr=0.0005, view_lr=0.0005, num_gc_layers=2, pooling_type='standard', emb_dim=512, vib_hidden_dim=400, batch_size=32, drop_ratio=0.3, epochs=300, kld_lambda=0.003, reg_lambda=0.2, gamma_mode='paper_literal', node_feature_mode='alff_pcc', mij_source='alff', template=90, eval_interval=5, downstream_classifier='linear', ce_lambda=2.0, seed=123)
07-Aug-26 20:21:41 - Loading raw subject data...
07-Aug-26 20:22:27 - Loaded 956 subjects (455 ASD, 501 NC)
07-Aug-26 20:22:27 - alff_pcc scale stats (train_val_idx only): alff=[-3.5994,5.6307] pcc=[-0.7600,1.0000]
07-Aug-26 20:22:27 - Train/Val/Test sizes: 611/153/192
07-Aug-26 20:23:26 - Epoch 1, Model Loss -0.8513904880189661, View Loss -6.5009786181286, Reg 0.42073552742137066
07-Aug-26 20:24:25 - Epoch 2, Model Loss -1.2457176589341483, View Loss -5.016438900156224, Reg 0.41091553152290383
07-Aug-26 20:25:23 - Epoch 3, Model Loss -1.0146846488337664, View Loss -5.029594899784719, Reg 0.44448976811332513
07-Aug-26 20:26:22 - Epoch 4, Model Loss 0.3439215450942419, View Loss -1.8727823934851613, Reg 0.43306433457009336
07-Aug-26 20:27:20 - Epoch 5, Model Loss -1.285170431027826, View Loss -0.3505452069440177, Reg 0.4160397289817735
07-Aug-26 20:27:39 - Epoch 5: Train_acc 0.7414075286415712 Val_acc 0.5751633986928104 Test_acc 0.59375 Test_auc 0.65999347187466
07-Aug-26 20:28:37 - Epoch 6, Model Loss -1.3184693526909512, View Loss -2.120791156631445, Reg 0.4212672488974276
07-Aug-26 20:29:36 - Epoch 7, Model Loss -1.2829268762991197, View Loss -3.7942593647883487, Reg 0.41876808574664026
07-Aug-26 20:30:34 - Epoch 8, Model Loss -0.9915421848016167, View Loss -3.8218580267823463, Reg 0.48589950126829007
07-Aug-26 20:31:32 - Epoch 9, Model Loss -0.3835443841650131, View Loss -3.6952213546453248, Reg 0.5276747609316425
07-Aug-26 20:32:31 - Epoch 10, Model Loss -1.218595349456987, View Loss -3.6252948625193095, Reg 0.43721437166443433
07-Aug-26 20:32:38 - Epoch 10: Train_acc 0.762684124386252 Val_acc 0.6013071895424836 Test_acc 0.609375 Test_auc 0.63997388749864
07-Aug-26 20:33:36 - Epoch 11, Model Loss -1.2848904230395628, View Loss -3.4641274125993546, Reg 0.41455473720344505
07-Aug-26 20:34:35 - Epoch 12, Model Loss -1.3298644512257678, View Loss -3.5575034403761943, Reg 0.40851020432533103
07-Aug-26 20:35:33 - Epoch 13, Model Loss -1.349845019963291, View Loss -3.503802233163737, Reg 0.412098423841542
07-Aug-26 20:36:31 - Epoch 14, Model Loss -1.3709351903287947, View Loss -3.563377063520216, Reg 0.4076445298284634
07-Aug-26 20:37:30 - Epoch 15, Model Loss -1.3541521893390462, View Loss -3.5201605735941137, Reg 0.4099859283130415
07-Aug-26 20:37:38 - Epoch 15: Train_acc 0.7594108019639935 Val_acc 0.6013071895424836 Test_acc 0.5989583333333334 Test_auc 0.6212599281906213
07-Aug-26 20:38:36 - Epoch 16, Model Loss -1.3458079448893496, View Loss -3.499253134095337, Reg 0.41239707169478146
07-Aug-26 20:39:35 - Epoch 17, Model Loss -1.318629153231357, View Loss -3.402337697055648, Reg 0.4166024680418586
07-Aug-26 20:40:33 - Epoch 18, Model Loss -1.2884134005407655, View Loss -3.4453334839566443, Reg 0.42197369870694684
07-Aug-26 20:41:32 - Epoch 19, Model Loss -1.3617144208492897, View Loss -3.539360466253153, Reg 0.4194257412038731
07-Aug-26 20:42:30 - Epoch 20, Model Loss -1.3938566026828099, View Loss -3.5283762936506258, Reg 0.4128203923690534
07-Aug-26 20:42:37 - Epoch 20: Train_acc 0.8543371522094927 Val_acc 0.5947712418300654 Test_acc 0.5989583333333334 Test_auc 0.6216951365466217
07-Aug-26 20:43:35 - Epoch 21, Model Loss -1.4000390133959182, View Loss -3.461025961487266, Reg 0.40824181636499696
07-Aug-26 20:44:34 - Epoch 22, Model Loss -1.3844802672265986, View Loss -3.4202562478872447, Reg 0.40603316522854244
07-Aug-26 20:45:32 - Epoch 23, Model Loss -1.4056972528635578, View Loss -3.3766616081450067, Reg 0.4046456860637509
07-Aug-26 20:46:30 - Epoch 24, Model Loss -1.374771094751436, View Loss -3.2501513134633266, Reg 0.40297222849585224
07-Aug-26 20:47:28 - Epoch 25, Model Loss -1.4086109994866454, View Loss -3.448297982910456, Reg 0.4041319064149685
07-Aug-26 20:47:35 - Epoch 25: Train_acc 1.0 Val_acc 0.47058823529411764 Test_acc 0.5520833333333334 Test_auc 0.5753454466325754
07-Aug-26 20:48:33 - Epoch 26, Model Loss -1.4206117545719428, View Loss -3.5083494919996996, Reg 0.40303024142346483
07-Aug-26 20:49:31 - Epoch 27, Model Loss -1.4163797163143876, View Loss -3.4346523175653187, Reg 0.40418298349833137
07-Aug-26 20:50:30 - Epoch 28, Model Loss -1.4207983454003468, View Loss -3.52364691033496, Reg 0.40313748544639927
07-Aug-26 20:51:28 - Epoch 29, Model Loss -1.4063105622211962, View Loss -3.4035530980011837, Reg 0.4038447885973754
07-Aug-26 20:52:26 - Epoch 30, Model Loss -1.4289584565669933, View Loss -3.435632616720496, Reg 0.40431215368979495
07-Aug-26 20:52:36 - Epoch 30: Train_acc 0.8477905073649754 Val_acc 0.5816993464052288 Test_acc 0.5885416666666666 Test_auc 0.627026438907627
07-Aug-26 20:53:34 - Epoch 31, Model Loss -1.4266619253080528, View Loss -3.4330099975223822, Reg 0.4034318171331808
07-Aug-26 20:54:33 - Epoch 32, Model Loss -1.4403614303289185, View Loss -3.443755485422287, Reg 0.4026947068797391
07-Aug-26 20:55:31 - Epoch 33, Model Loss -1.3960006084847958, View Loss -3.34507328164558, Reg 0.4020628587704048
07-Aug-26 20:56:30 - Epoch 34, Model Loss -1.4086162642059077, View Loss -3.3808340167843185, Reg 0.4021324298775918
07-Aug-26 20:57:29 - Epoch 35, Model Loss -1.4143410056780676, View Loss -3.3974702627491054, Reg 0.4010120464424845
/users/3171356m/miniconda3/envs/grastiacl/lib/python3.12/site-packages/joblib/externals/loky/process_executor.py:782: UserWarning: A worker stopped while some jobs were given to the executor. This can be caused by a too short worker timeout or by a memory leak.
  warnings.warn(
07-Aug-26 20:57:42 - Epoch 35: Train_acc 0.8314238952536824 Val_acc 0.5751633986928104 Test_acc 0.6302083333333334 Test_auc 0.6463932107496464
07-Aug-26 20:58:40 - Epoch 36, Model Loss -1.3908737123305202, View Loss -3.2530164461089037, Reg 0.402220604560184
07-Aug-26 20:59:40 - Epoch 37, Model Loss -1.3567674959935065, View Loss -3.2330586929758325, Reg 0.40263432761846313
07-Aug-26 21:00:39 - Epoch 38, Model Loss -1.3721287847540773, View Loss -3.3321129428969662, Reg 0.4037159851549495
07-Aug-26 21:01:37 - Epoch 39, Model Loss -1.4114167311772972, View Loss -3.4388144480616294, Reg 0.40450793036462435
07-Aug-26 21:02:36 - Epoch 40, Model Loss -1.4131064891034764, View Loss -3.387079305227376, Reg 0.4065648667550906
/users/3171356m/miniconda3/envs/grastiacl/lib/python3.12/site-packages/joblib/externals/loky/process_executor.py:782: UserWarning: A worker stopped while some jobs were given to the executor. This can be caused by a too short worker timeout or by a memory leak.
  warnings.warn(
07-Aug-26 21:02:52 - Epoch 40: Train_acc 0.7414075286415712 Val_acc 0.6013071895424836 Test_acc 0.6510416666666666 Test_auc 0.6733761288216733
07-Aug-26 21:03:50 - Epoch 41, Model Loss -1.4102942736761466, View Loss -3.4195191177330706, Reg 0.41111637020267167
07-Aug-26 21:04:49 - Epoch 42, Model Loss -1.420900199690349, View Loss -3.424359309887925, Reg 0.4068956453651921
07-Aug-26 21:05:47 - Epoch 43, Model Loss -1.4219696455423259, View Loss -3.416742826639728, Reg 0.407612955609242
07-Aug-26 21:06:46 - Epoch 44, Model Loss -1.4373277775004336, View Loss -3.4334348133855093, Reg 0.40825623478709966
07-Aug-26 21:07:44 - Epoch 45, Model Loss -1.441776377869901, View Loss -3.393398811696204, Reg 0.4077327584088727
07-Aug-26 21:07:52 - Epoch 45: Train_acc 0.7512274959083469 Val_acc 0.6078431372549019 Test_acc 0.6197916666666666 Test_auc 0.6621695136546621
07-Aug-26 21:08:50 - Epoch 46, Model Loss -1.4556240044326907, View Loss -3.3926188192664113, Reg 0.4049321700820361
07-Aug-26 21:09:48 - Epoch 47, Model Loss -1.4387894457178694, View Loss -3.357826929045582, Reg 0.4016665004181589
07-Aug-26 21:10:47 - Epoch 48, Model Loss -1.4581030847202932, View Loss -3.4035339776896025, Reg 0.4003211558352906
07-Aug-26 21:11:45 - Epoch 49, Model Loss -1.446399237637434, View Loss -3.4067943724399696, Reg 0.39873133904610053
07-Aug-26 21:12:43 - Epoch 50, Model Loss -1.435123769819444, View Loss -3.3375008156959045, Reg 0.3994417280787922
07-Aug-26 21:12:51 - Epoch 50: Train_acc 0.7414075286415712 Val_acc 0.5686274509803921 Test_acc 0.65625 Test_auc 0.6603198781416603
07-Aug-26 21:13:49 - Epoch 51, Model Loss -1.4480158482752923, View Loss -3.3619311710426345, Reg 0.40018602108213985
07-Aug-26 21:14:47 - Epoch 52, Model Loss -1.4020698698764933, View Loss -3.237802734156482, Reg 0.4001890824781502
07-Aug-26 21:15:45 - Epoch 53, Model Loss -1.44909434076612, View Loss -3.449252560954242, Reg 0.39905746834758066
07-Aug-26 21:16:42 - Epoch 54, Model Loss -1.4402421375343335, View Loss -3.3450718675229436, Reg 0.3973271863355184
07-Aug-26 21:17:39 - Epoch 55, Model Loss -1.4169987976648608, View Loss -3.298684306698813, Reg 0.3980167497394518
07-Aug-26 21:17:47 - Epoch 55: Train_acc 0.7430441898527005 Val_acc 0.5816993464052288 Test_acc 0.6302083333333334 Test_auc 0.6792514416276793
07-Aug-26 21:18:43 - Epoch 56, Model Loss -1.457618387162978, View Loss -3.3905854802670143, Reg 0.3964906236348878
07-Aug-26 21:19:40 - Epoch 57, Model Loss -1.4562295189465713, View Loss -3.3918581586422585, Reg 0.3956532900247558
07-Aug-26 21:20:37 - Epoch 58, Model Loss -1.4143862888192584, View Loss -3.2515864723442816, Reg 0.3982420292013796
07-Aug-26 21:21:34 - Epoch 59, Model Loss -1.4408588877676356, View Loss -3.3261495338914435, Reg 0.39544938902222776
07-Aug-26 21:22:30 - Epoch 60, Model Loss -1.4301807189729132, View Loss -3.20101409965178, Reg 0.39577938969904
07-Aug-26 21:22:39 - Epoch 60: Train_acc 0.7463175122749591 Val_acc 0.6143790849673203 Test_acc 0.65625 Test_auc 0.6739201392666739
07-Aug-26 21:23:35 - Epoch 61, Model Loss -1.397937670862226, View Loss -3.247389199495706, Reg 0.396630807759914
07-Aug-26 21:24:32 - Epoch 62, Model Loss -1.3939059166978502, View Loss -3.171479104193455, Reg 0.39493068413726634
07-Aug-26 21:25:29 - Epoch 63, Model Loss -1.4559088580542032, View Loss -3.384237175487262, Reg 0.39492984259967523
07-Aug-26 21:26:26 - Epoch 64, Model Loss -1.4326905540865884, View Loss -3.378515106176198, Reg 0.3949641164898287
07-Aug-26 21:27:23 - Epoch 65, Model Loss -1.4472865293537147, View Loss -3.3674237575936825, Reg 0.39488846761115054
07-Aug-26 21:27:30 - Epoch 65: Train_acc 0.7250409165302782 Val_acc 0.6274509803921569 Test_acc 0.609375 Test_auc 0.6646719617016646
07-Aug-26 21:28:27 - Epoch 66, Model Loss -1.4174304422106954, View Loss -3.2493906481566484, Reg 0.3913155775120918
07-Aug-26 21:29:23 - Epoch 67, Model Loss -1.4553247036598318, View Loss -3.3813749998564027, Reg 0.39471708547854384
07-Aug-26 21:30:20 - Epoch 68, Model Loss -1.4603424704406538, View Loss -3.385835308099925, Reg 0.3950728512629745
07-Aug-26 21:31:17 - Epoch 69, Model Loss -1.4210960088501976, View Loss -3.27881258950491, Reg 0.3952174938837167
07-Aug-26 21:32:14 - Epoch 70, Model Loss -1.4219897562080046, View Loss -3.24293361904188, Reg 0.3926160482845213
07-Aug-26 21:32:23 - Epoch 70: Train_acc 0.7250409165302782 Val_acc 0.5816993464052288 Test_acc 0.6302083333333334 Test_auc 0.6549885757806551
07-Aug-26 21:33:19 - Epoch 71, Model Loss -1.4207355636621652, View Loss -3.244652698941395, Reg 0.39132883998454104
07-Aug-26 21:34:16 - Epoch 72, Model Loss -1.444920172277722, View Loss -3.322447992971018, Reg 0.3930184241207454
07-Aug-26 21:35:13 - Epoch 73, Model Loss -1.4313244530885387, View Loss -3.2368605897781695, Reg 0.3922594332070671
07-Aug-26 21:36:10 - Epoch 74, Model Loss -1.4520244941773859, View Loss -3.330714907076472, Reg 0.39078560252041356
07-Aug-26 21:37:06 - Epoch 75, Model Loss -1.4717201320317295, View Loss -3.3708171173320465, Reg 0.39348754989144846
07-Aug-26 21:37:13 - Epoch 75: Train_acc 0.734860883797054 Val_acc 0.5882352941176471 Test_acc 0.6197916666666666 Test_auc 0.6529213360896529
07-Aug-26 21:38:10 - Epoch 76, Model Loss -1.4760290651586754, View Loss -3.364656000402672, Reg 0.39183888936784184
07-Aug-26 21:39:07 - Epoch 77, Model Loss -1.4758361576036618, View Loss -3.3867014870901153, Reg 0.3904785689472567
07-Aug-26 21:40:03 - Epoch 78, Model Loss -1.4797865185526897, View Loss -3.3831134318525, Reg 0.391876936544178
07-Aug-26 21:41:00 - Epoch 79, Model Loss -1.4780552968651106, View Loss -3.3467892835651405, Reg 0.3890492080081309
07-Aug-26 21:41:57 - Epoch 80, Model Loss -1.4447835510178986, View Loss -3.3073575586421984, Reg 0.38752205165045156
07-Aug-26 21:42:09 - Epoch 80: Train_acc 0.8248772504091653 Val_acc 0.5424836601307189 Test_acc 0.59375 Test_auc 0.6153846153846154
07-Aug-26 21:43:06 - Epoch 81, Model Loss -1.480230150363254, View Loss -3.4017219309330766, Reg 0.3869547625415259
07-Aug-26 21:44:03 - Epoch 82, Model Loss -1.4716722578932142, View Loss -3.3137668205361126, Reg 0.38774399174020646
07-Aug-26 21:44:59 - Epoch 83, Model Loss -1.4738246056139956, View Loss -3.3712070132628593, Reg 0.38705708527916194
07-Aug-26 21:45:56 - Epoch 84, Model Loss -1.4650776413575717, View Loss -3.320823432966067, Reg 0.38559216451137623
07-Aug-26 21:46:53 - Epoch 85, Model Loss -1.4788651575628553, View Loss -3.3633822130493565, Reg 0.3851989912518503
07-Aug-26 21:47:02 - Epoch 85: Train_acc 0.7168576104746317 Val_acc 0.5555555555555556 Test_acc 0.6145833333333334 Test_auc 0.66989446197367
07-Aug-26 21:47:59 - Epoch 86, Model Loss -1.4850577324775158, View Loss -3.3831172527931326, Reg 0.3847783218624159
07-Aug-26 21:48:55 - Epoch 87, Model Loss -1.4522197796748235, View Loss -3.214623674433282, Reg 0.383746671501041
07-Aug-26 21:49:52 - Epoch 88, Model Loss -1.4810001089217815, View Loss -3.3598870068251987, Reg 0.3842578508362247
07-Aug-26 21:50:49 - Epoch 89, Model Loss -1.4814801239538116, View Loss -3.372657372401311, Reg 0.38267279412664484
07-Aug-26 21:51:46 - Epoch 90, Model Loss -1.4743594381891179, View Loss -3.3267300733762952, Reg 0.38428069282865757
07-Aug-26 21:51:53 - Epoch 90: Train_acc 0.723404255319149 Val_acc 0.5751633986928104 Test_acc 0.5885416666666666 Test_auc 0.6321401370906321
07-Aug-26 21:52:50 - Epoch 91, Model Loss -1.4399940323712588, View Loss -3.1875939673565803, Reg 0.3807487585833342
07-Aug-26 21:53:46 - Epoch 92, Model Loss -1.4635133719873505, View Loss -3.303687289966889, Reg 0.38089140532644994
07-Aug-26 21:54:43 - Epoch 93, Model Loss -1.4722744962002368, View Loss -3.3238501431703957, Reg 0.3807130164776223
07-Aug-26 21:55:40 - Epoch 94, Model Loss -1.4773757250921622, View Loss -3.3302283685062988, Reg 0.3826363122307142
07-Aug-26 21:56:37 - Epoch 95, Model Loss -1.4446048877048023, View Loss -3.2403539807433583, Reg 0.3815298325301387
07-Aug-26 21:56:46 - Epoch 95: Train_acc 0.7217675941080196 Val_acc 0.6405228758169934 Test_acc 0.5833333333333334 Test_auc 0.6518333151996518
07-Aug-26 21:57:44 - Epoch 96, Model Loss -1.442190379440882, View Loss -3.210295326776083, Reg 0.3803461189648524
07-Aug-26 21:58:40 - Epoch 97, Model Loss -1.4772075506357045, View Loss -3.38291058719841, Reg 0.3814463391046477
07-Aug-26 21:59:37 - Epoch 98, Model Loss -1.4858968761275522, View Loss -3.37445933065711, Reg 0.3807360783536383
07-Aug-26 22:00:34 - Epoch 99, Model Loss -1.4837005563726597, View Loss -3.339939927508515, Reg 0.3804855563734245
07-Aug-26 22:01:31 - Epoch 100, Model Loss -1.4940923356775762, View Loss -3.363467700352645, Reg 0.3816888283590638
07-Aug-26 22:01:41 - Epoch 100: Train_acc 0.7430441898527005 Val_acc 0.5751633986928104 Test_acc 0.6354166666666666 Test_auc 0.6618431073876618
07-Aug-26 22:02:38 - Epoch 101, Model Loss -1.4936830283381934, View Loss -3.382112895603461, Reg 0.3813429913817373
07-Aug-26 22:03:35 - Epoch 102, Model Loss -1.484351524159483, View Loss -3.364511706825169, Reg 0.3807327370791896
07-Aug-26 22:04:31 - Epoch 103, Model Loss -1.4797134290155138, View Loss -3.3262178823717683, Reg 0.38106424084661833
07-Aug-26 22:05:28 - Epoch 104, Model Loss -1.4909438790354128, View Loss -3.364787464641315, Reg 0.3810789986054753
07-Aug-26 22:06:25 - Epoch 105, Model Loss -1.474706278299934, View Loss -3.288776339173512, Reg 0.38016871481207115
07-Aug-26 22:06:37 - Epoch 105: Train_acc 0.7397708674304418 Val_acc 0.5947712418300654 Test_acc 0.6302083333333334 Test_auc 0.6796866499836797
07-Aug-26 22:07:34 - Epoch 106, Model Loss -1.4891015293165042, View Loss -3.3986603866427307, Reg 0.379665923294186
07-Aug-26 22:08:30 - Epoch 107, Model Loss -1.45236830235308, View Loss -3.186443470894022, Reg 0.38184649230220313
07-Aug-26 22:09:27 - Epoch 108, Model Loss -1.4684430885627109, View Loss -3.2711152780660826, Reg 0.37993820194526895
07-Aug-26 22:10:23 - Epoch 109, Model Loss -1.473726100109993, View Loss -3.345323153681529, Reg 0.3797025003526878
07-Aug-26 22:11:20 - Epoch 110, Model Loss -1.471915829591392, View Loss -3.361126809970837, Reg 0.38083324563093546
07-Aug-26 22:11:29 - Epoch 110: Train_acc 0.7332242225859247 Val_acc 0.5882352941176471 Test_acc 0.65625 Test_auc 0.682950712653683
07-Aug-26 22:12:25 - Epoch 111, Model Loss -1.4570321560686428, View Loss -3.260800512254531, Reg 0.3801367287257299
07-Aug-26 22:13:22 - Epoch 112, Model Loss -1.447993998831891, View Loss -3.206844436751645, Reg 0.37926942188103735
07-Aug-26 22:14:19 - Epoch 113, Model Loss -1.485161697806001, View Loss -3.397924038470279, Reg 0.3805691383279092
07-Aug-26 22:15:16 - Epoch 114, Model Loss -1.484575430812305, View Loss -3.3748048229810648, Reg 0.379591740192251
07-Aug-26 22:16:13 - Epoch 115, Model Loss -1.4295999804807373, View Loss -3.1083299914670652, Reg 0.3806195942450272
07-Aug-26 22:16:23 - Epoch 115: Train_acc 0.7168576104746317 Val_acc 0.5686274509803921 Test_acc 0.6302083333333334 Test_auc 0.6721793058426722
07-Aug-26 22:17:20 - Epoch 116, Model Loss -1.4811881934757514, View Loss -3.3496629399675784, Reg 0.37905572488928385
07-Aug-26 22:18:17 - Epoch 117, Model Loss -1.4745821476763088, View Loss -3.2833382384866816, Reg 0.37807852259049046
07-Aug-26 22:19:14 - Epoch 118, Model Loss -1.480692670700398, View Loss -3.328729503088419, Reg 0.37990593583416044
07-Aug-26 22:20:11 - Epoch 119, Model Loss -1.4901926849165446, View Loss -3.34870862570605, Reg 0.3787673495209939
07-Aug-26 22:21:07 - Epoch 120, Model Loss -1.4956746351114076, View Loss -3.3854768030382023, Reg 0.37958921123838657
07-Aug-26 22:21:18 - Epoch 120: Train_acc 0.7283142389525368 Val_acc 0.5751633986928104 Test_acc 0.6197916666666666 Test_auc 0.6845827439886846
07-Aug-26 22:22:14 - Epoch 121, Model Loss -1.4786572909003974, View Loss -3.312380806318867, Reg 0.37942830015906726
07-Aug-26 22:23:11 - Epoch 122, Model Loss -1.4853211604241654, View Loss -3.3808803004250785, Reg 0.3797286029923372
07-Aug-26 22:24:08 - Epoch 123, Model Loss -1.4867697511289006, View Loss -3.3454405742464206, Reg 0.37805741732717535
07-Aug-26 22:25:04 - Epoch 124, Model Loss -1.495130084735477, View Loss -3.370493068632635, Reg 0.3786531882863583
07-Aug-26 22:26:01 - Epoch 125, Model Loss -1.4995140740602184, View Loss -3.3721621750614648, Reg 0.37964833216854477
07-Aug-26 22:26:09 - Epoch 125: Train_acc 0.7266775777414075 Val_acc 0.5882352941176471 Test_acc 0.5989583333333334 Test_auc 0.6758785768686759
07-Aug-26 22:27:05 - Epoch 126, Model Loss -1.5044028388302768, View Loss -3.3951826150210516, Reg 0.3787832701069634
07-Aug-26 22:28:02 - Epoch 127, Model Loss -1.500773727991382, View Loss -3.358605005542112, Reg 0.3777825181691034
07-Aug-26 22:28:59 - Epoch 128, Model Loss -1.4978031885799528, View Loss -3.3658318987844815, Reg 0.37783005350740373
07-Aug-26 22:29:55 - Epoch 129, Model Loss -1.496976565222108, View Loss -3.325898721448333, Reg 0.3785521819236431
07-Aug-26 22:30:52 - Epoch 130, Model Loss -1.5035452569565093, View Loss -3.3677401058802627, Reg 0.37955019248683014
07-Aug-26 22:31:01 - Epoch 130: Train_acc 0.7446808510638298 Val_acc 0.5816993464052288 Test_acc 0.6041666666666666 Test_auc 0.6747905559786748
07-Aug-26 22:31:58 - Epoch 131, Model Loss -1.502717027492492, View Loss -3.3765132251620877, Reg 0.3800620299606979
07-Aug-26 22:32:55 - Epoch 132, Model Loss -1.4909320650241185, View Loss -3.3307627788737246, Reg 0.3797716199863952
07-Aug-26 22:33:51 - Epoch 133, Model Loss -1.5041948753956298, View Loss -3.3603200982713464, Reg 0.3772183631816589
07-Aug-26 22:34:48 - Epoch 134, Model Loss -1.4877545548734026, View Loss -3.3109253892726866, Reg 0.3797183269467174
07-Aug-26 22:35:44 - Epoch 135, Model Loss -1.453061350433799, View Loss -3.1550601375473697, Reg 0.37691096783464745
07-Aug-26 22:35:53 - Epoch 135: Train_acc 0.7283142389525368 Val_acc 0.6078431372549019 Test_acc 0.6145833333333334 Test_auc 0.6746817538896747
07-Aug-26 22:36:51 - Epoch 136, Model Loss -1.4895878431254634, View Loss -3.326802033644456, Reg 0.3790589446619568
07-Aug-26 22:37:47 - Epoch 137, Model Loss -1.4965307919366464, View Loss -3.3803062236055417, Reg 0.3787618521387565
07-Aug-26 22:38:44 - Epoch 138, Model Loss -1.4756863043078035, View Loss -3.226817723381929, Reg 0.3798728044801765
07-Aug-26 22:39:41 - Epoch 139, Model Loss -1.4864545274288097, View Loss -3.3460757822139757, Reg 0.3772326456641995
07-Aug-26 22:40:38 - Epoch 140, Model Loss -1.4943936756901968, View Loss -3.3615205221597573, Reg 0.37806714424915283
07-Aug-26 22:40:43 - Epoch 140: Train_acc 0.7266775777414075 Val_acc 0.5816993464052288 Test_acc 0.6302083333333334 Test_auc 0.6753345664236754
07-Aug-26 22:41:40 - Epoch 141, Model Loss -1.4946786260838985, View Loss -3.3562460499777536, Reg 0.37831555728826505
07-Aug-26 22:42:36 - Epoch 142, Model Loss -1.503872869838084, View Loss -3.3679779812864314, Reg 0.37980810695506156
07-Aug-26 22:43:33 - Epoch 143, Model Loss -1.4950956166668532, View Loss -3.340142506039084, Reg 0.3778555295666384
07-Aug-26 22:44:30 - Epoch 144, Model Loss -1.5021366799911773, View Loss -3.339414879850397, Reg 0.37801150960539837
07-Aug-26 22:45:26 - Epoch 145, Model Loss -1.5118434292595047, View Loss -3.363458439098052, Reg 0.3775620420513684
07-Aug-26 22:45:39 - Epoch 145: Train_acc 0.7266775777414075 Val_acc 0.5947712418300654 Test_acc 0.625 Test_auc 0.6718528995756718
07-Aug-26 22:46:35 - Epoch 146, Model Loss -1.4967394366787226, View Loss -3.315512240420777, Reg 0.37752073135001374
07-Aug-26 22:47:32 - Epoch 147, Model Loss -1.5136376410576404, View Loss -3.3716856336827754, Reg 0.377785211206458
07-Aug-26 22:48:28 - Epoch 148, Model Loss -1.4800795642521885, View Loss -3.2469390308798434, Reg 0.37621032762449425
07-Aug-26 22:49:25 - Epoch 149, Model Loss -1.4810724258422852, View Loss -3.2686987563162897, Reg 0.37736923785334525
07-Aug-26 22:50:22 - Epoch 150, Model Loss -1.4916481885894426, View Loss -3.299471400178201, Reg 0.3771025178963151
07-Aug-26 22:50:30 - Epoch 150: Train_acc 0.7250409165302782 Val_acc 0.5947712418300654 Test_acc 0.625 Test_auc 0.6634751387226634
07-Aug-26 22:51:26 - Epoch 151, Model Loss -1.4890384424337584, View Loss -3.2928421743177547, Reg 0.377300907322701
07-Aug-26 22:52:23 - Epoch 152, Model Loss -1.479793910699273, View Loss -3.2601208070296117, Reg 0.3789047394953851
07-Aug-26 22:53:20 - Epoch 153, Model Loss -1.492835300058468, View Loss -3.3152878756608977, Reg 0.37831522580449595
07-Aug-26 22:54:16 - Epoch 154, Model Loss -1.4807794714520293, View Loss -3.254760736724554, Reg 0.3781369837235702
07-Aug-26 22:55:13 - Epoch 155, Model Loss -1.4990192091796675, View Loss -3.3328228831876516, Reg 0.37814774050845257
07-Aug-26 22:55:21 - Epoch 155: Train_acc 0.7250409165302782 Val_acc 0.6143790849673203 Test_acc 0.6302083333333334 Test_auc 0.6615167011206615
07-Aug-26 22:56:18 - Epoch 156, Model Loss -1.506928066965406, View Loss -3.370328437286976, Reg 0.37711999308067923
07-Aug-26 22:57:15 - Epoch 157, Model Loss -1.4970998358219227, View Loss -3.294118533938294, Reg 0.3777208119484485
07-Aug-26 22:58:11 - Epoch 158, Model Loss -1.501447760336918, View Loss -3.2883048830172825, Reg 0.3779751931099182
07-Aug-26 22:59:08 - Epoch 159, Model Loss -1.5067507795343227, View Loss -3.3502905965826906, Reg 0.3782178832739348
07-Aug-26 23:00:04 - Epoch 160, Model Loss -1.5051745322644223, View Loss -3.360571518662323, Reg 0.3770126940380727
07-Aug-26 23:00:12 - Epoch 160: Train_acc 0.7217675941080196 Val_acc 0.5947712418300654 Test_acc 0.6302083333333334 Test_auc 0.6635839408116637
07-Aug-26 23:01:09 - Epoch 161, Model Loss -1.5026321660867494, View Loss -3.3430027782234153, Reg 0.3775930577331206
07-Aug-26 23:02:05 - Epoch 162, Model Loss -1.5121695523176177, View Loss -3.3764875056115384, Reg 0.37789405787244756
07-Aug-26 23:03:02 - Epoch 163, Model Loss -1.517508587158253, View Loss -3.369173966921293, Reg 0.3773799504468952
07-Aug-26 23:03:59 - Epoch 164, Model Loss -1.511003129025723, View Loss -3.3560294995721547, Reg 0.3775596612799187
07-Aug-26 23:04:55 - Epoch 165, Model Loss -1.5011201162385082, View Loss -3.3133759475183564, Reg 0.3780402361663781
07-Aug-26 23:05:04 - Epoch 165: Train_acc 0.7266775777414075 Val_acc 0.5947712418300654 Test_acc 0.6354166666666666 Test_auc 0.6692416494396692
07-Aug-26 23:06:00 - Epoch 166, Model Loss -1.4969251620203696, View Loss -3.2902053951631784, Reg 0.37743431661406046
07-Aug-26 23:06:57 - Epoch 167, Model Loss -1.5053975625045952, View Loss -3.340044272121548, Reg 0.37786731714117544
07-Aug-26 23:07:54 - Epoch 168, Model Loss -1.513745479614957, View Loss -3.357269070932791, Reg 0.37738420217985413
07-Aug-26 23:08:50 - Epoch 169, Model Loss -1.4947321824668471, View Loss -3.2862014700269935, Reg 0.377903570373788
07-Aug-26 23:09:47 - Epoch 170, Model Loss -1.5011075054174945, View Loss -3.2978877014497296, Reg 0.3784514658774955
07-Aug-26 23:09:56 - Epoch 170: Train_acc 0.7250409165302782 Val_acc 0.5686274509803921 Test_acc 0.6197916666666666 Test_auc 0.6657599825916658
07-Aug-26 23:10:52 - Epoch 171, Model Loss -1.496953147913157, View Loss -3.2930598625769982, Reg 0.3780188137107512
07-Aug-26 23:11:49 - Epoch 172, Model Loss -1.5137223822785673, View Loss -3.3473818899176515, Reg 0.3777218778082665
07-Aug-26 23:12:46 - Epoch 173, Model Loss -1.4742710165033168, View Loss -3.1937416704118546, Reg 0.37790761690483154
07-Aug-26 23:13:42 - Epoch 174, Model Loss -1.4592721832949673, View Loss -3.1920684254110934, Reg 0.3776602593849607
07-Aug-26 23:14:39 - Epoch 175, Model Loss -1.4957869072397485, View Loss -3.3016397020430497, Reg 0.3773886105823049
07-Aug-26 23:14:46 - Epoch 175: Train_acc 0.7217675941080196 Val_acc 0.5816993464052288 Test_acc 0.625 Test_auc 0.6555325862256555
07-Aug-26 23:15:43 - Epoch 176, Model Loss -1.5024755629306925, View Loss -3.300788271446665, Reg 0.3783918389419487
07-Aug-26 23:16:39 - Epoch 177, Model Loss -1.482514390773742, View Loss -3.230851965528073, Reg 0.3772927222685026
07-Aug-26 23:17:36 - Epoch 178, Model Loss -1.4835888500494574, View Loss -3.2600702927272565, Reg 0.3773587759700032
07-Aug-26 23:18:33 - Epoch 179, Model Loss -1.4494663814476, View Loss -3.1649757251021513, Reg 0.37951981109214883
07-Aug-26 23:19:29 - Epoch 180, Model Loss -1.4728286902369923, View Loss -3.2156476654514745, Reg 0.37895751711584735
07-Aug-26 23:19:38 - Epoch 180: Train_acc 0.7217675941080196 Val_acc 0.5751633986928104 Test_acc 0.6354166666666666 Test_auc 0.6444347731476443
07-Aug-26 23:20:34 - Epoch 181, Model Loss -1.480369814484092, View Loss -3.2657238605955032, Reg 0.3781988199330781
07-Aug-26 23:21:31 - Epoch 182, Model Loss -1.4890321342917785, View Loss -3.3060558501710284, Reg 0.3789625974606765
07-Aug-26 23:22:28 - Epoch 183, Model Loss -1.486581572144004, View Loss -3.288877554298813, Reg 0.3776073255339933
07-Aug-26 23:23:24 - Epoch 184, Model Loss -1.484742317574309, View Loss -3.25668742106511, Reg 0.37853408781674414
07-Aug-26 23:24:21 - Epoch 185, Model Loss -1.4842884396179998, View Loss -3.280100271471589, Reg 0.37837205605303986
07-Aug-26 23:24:28 - Epoch 185: Train_acc 0.7250409165302782 Val_acc 0.5816993464052288 Test_acc 0.640625 Test_auc 0.6567294092046567
07-Aug-26 23:25:25 - Epoch 186, Model Loss -1.5013116049883604, View Loss -3.2972214803367903, Reg 0.3790986891073798
07-Aug-26 23:26:22 - Epoch 187, Model Loss -1.4788731576573049, View Loss -3.241159020000901, Reg 0.37897421119646235
07-Aug-26 23:27:18 - Epoch 188, Model Loss -1.4985480940673628, View Loss -3.3360358962450793, Reg 0.37798790094700263
07-Aug-26 23:28:15 - Epoch 189, Model Loss -1.4781387222964322, View Loss -3.2383486143695936, Reg 0.3789937533255295
07-Aug-26 23:29:12 - Epoch 190, Model Loss -1.485486326358127, View Loss -3.2578751896485176, Reg 0.37774755350891775
07-Aug-26 23:29:22 - Epoch 190: Train_acc 0.79050736497545 Val_acc 0.5882352941176471 Test_acc 0.6302083333333334 Test_auc 0.6432379501686433
07-Aug-26 23:30:18 - Epoch 191, Model Loss -1.5116041373894376, View Loss -3.3349961820874006, Reg 0.37719876759376153
07-Aug-26 23:31:15 - Epoch 192, Model Loss -1.511118106092837, View Loss -3.3434695424893093, Reg 0.3777983337884644
07-Aug-26 23:32:12 - Epoch 193, Model Loss -1.4928879402273025, View Loss -3.274726528973119, Reg 0.37779080389759545
07-Aug-26 23:33:09 - Epoch 194, Model Loss -1.5100384156559572, View Loss -3.330891823027216, Reg 0.3778476885317195
07-Aug-26 23:34:05 - Epoch 195, Model Loss -1.4983962491374163, View Loss -3.282465089557604, Reg 0.37676367939201394
07-Aug-26 23:34:14 - Epoch 195: Train_acc 0.7119476268412439 Val_acc 0.6143790849673203 Test_acc 0.6041666666666666 Test_auc 0.6632575345446632
07-Aug-26 23:35:11 - Epoch 196, Model Loss -1.4939260935432197, View Loss -3.2864034000278104, Reg 0.3777221733926751
07-Aug-26 23:36:07 - Epoch 197, Model Loss -1.5015510537230246, View Loss -3.2991882923581985, Reg 0.3782237442835263
07-Aug-26 23:37:04 - Epoch 198, Model Loss -1.5115930023443094, View Loss -3.3489984888491966, Reg 0.3766422176126958
07-Aug-26 23:38:01 - Epoch 199, Model Loss -1.4892354417354503, View Loss -3.225399007968934, Reg 0.37809123862199423
07-Aug-26 23:38:57 - Epoch 200, Model Loss -1.4931021150317403, View Loss -3.2563553192026293, Reg 0.3768359119295098
07-Aug-26 23:39:07 - Epoch 200: Train_acc 0.7168576104746317 Val_acc 0.6143790849673203 Test_acc 0.6041666666666666 Test_auc 0.6556413883146557
07-Aug-26 23:40:03 - Epoch 201, Model Loss -1.5042695897690794, View Loss -3.319397575921591, Reg 0.37758789368815193
07-Aug-26 23:41:00 - Epoch 202, Model Loss -1.4952888816546301, View Loss -3.269639439746713, Reg 0.37749251020910696
07-Aug-26 23:41:56 - Epoch 203, Model Loss -1.486316413223841, View Loss -3.2148843256424375, Reg 0.37710398977009635
07-Aug-26 23:42:53 - Epoch 204, Model Loss -1.5084898803511149, View Loss -3.3317945616139912, Reg 0.3775808320010352
07-Aug-26 23:43:50 - Epoch 205, Model Loss -1.4944671203188733, View Loss -3.265046391276408, Reg 0.37846862655224467
07-Aug-26 23:43:58 - Epoch 205: Train_acc 0.7168576104746317 Val_acc 0.6209150326797386 Test_acc 0.6458333333333334 Test_auc 0.6656511805026657
07-Aug-26 23:44:54 - Epoch 206, Model Loss -1.502432273764852, View Loss -3.293550869837135, Reg 0.37734989863370716
07-Aug-26 23:45:51 - Epoch 207, Model Loss -1.509284221599223, View Loss -3.2839420079794728, Reg 0.3775597590764104
07-Aug-26 23:46:47 - Epoch 208, Model Loss -1.506574549573533, View Loss -3.3052370559954602, Reg 0.3771121724342558
07-Aug-26 23:47:44 - Epoch 209, Model Loss -1.5055515504702803, View Loss -3.2648262712257, Reg 0.3768394906470116
07-Aug-26 23:48:41 - Epoch 210, Model Loss -1.5090269129327003, View Loss -3.3199052732626857, Reg 0.3773892957918383
07-Aug-26 23:48:47 - Epoch 210: Train_acc 0.7201309328968903 Val_acc 0.6013071895424836 Test_acc 0.6354166666666666 Test_auc 0.663039930366663
07-Aug-26 23:49:44 - Epoch 211, Model Loss -1.4816162754002649, View Loss -3.2248222152847315, Reg 0.37727640176560795
07-Aug-26 23:50:41 - Epoch 212, Model Loss -1.5054790509312905, View Loss -3.302614713846759, Reg 0.377068561783789
07-Aug-26 23:51:37 - Epoch 213, Model Loss -1.5162159128391997, View Loss -3.337916466296207, Reg 0.3775015771876771
07-Aug-26 23:52:34 - Epoch 214, Model Loss -1.5221377535069243, View Loss -3.3404047032620046, Reg 0.37757004916960596
07-Aug-26 23:53:31 - Epoch 215, Model Loss -1.5168626351364312, View Loss -3.331995498919448, Reg 0.37706424288585805
07-Aug-26 23:53:38 - Epoch 215: Train_acc 0.795417348608838 Val_acc 0.6013071895424836 Test_acc 0.578125 Test_auc 0.6369274290066369
07-Aug-26 23:54:35 - Epoch 216, Model Loss -1.504211386760206, View Loss -3.2548544223491964, Reg 0.3780742525176409
07-Aug-26 23:55:31 - Epoch 217, Model Loss -1.4901508949392166, View Loss -3.219645504865631, Reg 0.3780370693159962
07-Aug-26 23:56:28 - Epoch 218, Model Loss -1.5091695832347714, View Loss -3.309660495595729, Reg 0.3775382233134268
07-Aug-26 23:57:25 - Epoch 219, Model Loss -1.5166960441539408, View Loss -3.328101705997548, Reg 0.3778706991926153
07-Aug-26 23:58:21 - Epoch 220, Model Loss -1.5219418327468897, View Loss -3.3615249245139465, Reg 0.3776315824294832
07-Aug-26 23:58:29 - Epoch 220: Train_acc 0.8052373158756138 Val_acc 0.5882352941176471 Test_acc 0.6041666666666666 Test_auc 0.6288760744206289
07-Aug-26 23:59:25 - Epoch 221, Model Loss -1.5005368788386717, View Loss -3.2852960998610077, Reg 0.3778026620026696
08-Aug-26 00:00:22 - Epoch 222, Model Loss -1.493445512706051, View Loss -3.2422188393613127, Reg 0.37730493795266906
08-Aug-26 00:01:18 - Epoch 223, Model Loss -1.4876626525104728, View Loss -3.1706358859659995, Reg 0.37734782120209864
08-Aug-26 00:02:15 - Epoch 224, Model Loss -1.4832142698784312, View Loss -3.2368521612326564, Reg 0.37816447014699395
08-Aug-26 00:03:11 - Epoch 225, Model Loss -1.5092718589520493, View Loss -3.315386280490607, Reg 0.37809027265604894
08-Aug-26 00:03:19 - Epoch 225: Train_acc 0.7201309328968903 Val_acc 0.5816993464052288 Test_acc 0.6302083333333334 Test_auc 0.6494396692416494
08-Aug-26 00:04:15 - Epoch 226, Model Loss -1.5116388005632815, View Loss -3.3289853562699987, Reg 0.37784616754019906
08-Aug-26 00:05:12 - Epoch 227, Model Loss -1.5050417772096425, View Loss -3.269191933926896, Reg 0.37749496068189653
08-Aug-26 00:06:08 - Epoch 228, Model Loss -1.4993772990574814, View Loss -3.2631471972613797, Reg 0.3776049489573059
08-Aug-26 00:07:05 - Epoch 229, Model Loss -1.5002951036693617, View Loss -3.2742357129160977, Reg 0.37789342880444127
08-Aug-26 00:08:02 - Epoch 230, Model Loss -1.506389159812865, View Loss -3.2980056105580933, Reg 0.37751588069280506
08-Aug-26 00:08:12 - Epoch 230: Train_acc 0.7201309328968903 Val_acc 0.5816993464052288 Test_acc 0.640625 Test_auc 0.6696768577956698
08-Aug-26 00:09:08 - Epoch 231, Model Loss -1.503819518705827, View Loss -3.284931372503602, Reg 0.3773207839108918
08-Aug-26 00:10:05 - Epoch 232, Model Loss -1.5094961885929887, View Loss -3.30731127656228, Reg 0.37767360107012937
08-Aug-26 00:11:02 - Epoch 233, Model Loss -1.5051457956067473, View Loss -3.283658563798071, Reg 0.3774602826800557
08-Aug-26 00:11:59 - Epoch 234, Model Loss -1.5134587912239537, View Loss -3.2906196464688415, Reg 0.37761433922522586
08-Aug-26 00:12:56 - Epoch 235, Model Loss -1.5077750803796046, View Loss -3.275553992844252, Reg 0.3769878867019803
08-Aug-26 00:13:03 - Epoch 235: Train_acc 0.7250409165302782 Val_acc 0.5947712418300654 Test_acc 0.6354166666666666 Test_auc 0.6657599825916657
08-Aug-26 00:13:59 - Epoch 236, Model Loss -1.5188582493708684, View Loss -3.338962251347918, Reg 0.37713242142953574
08-Aug-26 00:14:56 - Epoch 237, Model Loss -1.5120887022752028, View Loss -3.2758457797248703, Reg 0.37737201220080036
08-Aug-26 00:15:53 - Epoch 238, Model Loss -1.5217839645285849, View Loss -3.335814748380071, Reg 0.3770863858162869
08-Aug-26 00:16:49 - Epoch 239, Model Loss -1.51817405282378, View Loss -3.318332297517118, Reg 0.37737930981890466
08-Aug-26 00:17:46 - Epoch 240, Model Loss -1.5237060381425773, View Loss -3.3270547393886236, Reg 0.3770303689126297
08-Aug-26 00:17:54 - Epoch 240: Train_acc 0.7986906710310966 Val_acc 0.5816993464052288 Test_acc 0.6354166666666666 Test_auc 0.668044826460668
08-Aug-26 00:18:51 - Epoch 241, Model Loss -1.5121578366393544, View Loss -3.2900893442369328, Reg 0.3769632806656989
08-Aug-26 00:19:47 - Epoch 242, Model Loss -1.523136896704691, View Loss -3.3206482745231467, Reg 0.3774770276831332
08-Aug-26 00:20:44 - Epoch 243, Model Loss -1.4980858304886888, View Loss -3.213803242934706, Reg 0.37710536911522696
08-Aug-26 00:21:40 - Epoch 244, Model Loss -1.5039155572994252, View Loss -3.2498855957618127, Reg 0.3772671382673048
08-Aug-26 00:22:37 - Epoch 245, Model Loss -1.5096855725477254, View Loss -3.310266961442663, Reg 0.3769188743273677
08-Aug-26 00:22:45 - Epoch 245: Train_acc 0.723404255319149 Val_acc 0.5882352941176471 Test_acc 0.6354166666666666 Test_auc 0.6580350342726581
08-Aug-26 00:23:42 - Epoch 246, Model Loss -1.5046667717092361, View Loss -3.2816873174252175, Reg 0.37726068989344785
08-Aug-26 00:24:38 - Epoch 247, Model Loss -1.5037684097227606, View Loss -3.258498684279072, Reg 0.3765497204715023
08-Aug-26 00:25:35 - Epoch 248, Model Loss -1.5130236995590884, View Loss -3.284867523149656, Reg 0.37710756853637445
08-Aug-26 00:26:31 - Epoch 249, Model Loss -1.5167477540610854, View Loss -3.339063046606785, Reg 0.37722838690745264
08-Aug-26 00:27:28 - Epoch 250, Model Loss -1.5243696807449265, View Loss -3.3402299670267808, Reg 0.3765873840709755
08-Aug-26 00:27:35 - Epoch 250: Train_acc 0.7201309328968903 Val_acc 0.6209150326797386 Test_acc 0.6354166666666666 Test_auc 0.6671744097486672
08-Aug-26 00:28:32 - Epoch 251, Model Loss -1.525909797649727, View Loss -3.3507062994711916, Reg 0.37719169288337134
08-Aug-26 00:29:28 - Epoch 252, Model Loss -1.506643970352148, View Loss -3.2335631781045815, Reg 0.37711530197076437
08-Aug-26 00:30:25 - Epoch 253, Model Loss -1.519627066173647, View Loss -3.3024573450978183, Reg 0.376197404293694
08-Aug-26 00:31:22 - Epoch 254, Model Loss -1.5168355389234478, View Loss -3.3219480920345226, Reg 0.37653454118781704
08-Aug-26 00:32:19 - Epoch 255, Model Loss -1.5165754738103738, View Loss -3.2820067991016346, Reg 0.37665233952519156
08-Aug-26 00:32:24 - Epoch 255: Train_acc 0.7315875613747954 Val_acc 0.5947712418300654 Test_acc 0.6354166666666666 Test_auc 0.6495484713306495
08-Aug-26 00:33:21 - Epoch 256, Model Loss -1.5133214004691415, View Loss -3.2880677045269606, Reg 0.376262304094146
08-Aug-26 00:34:18 - Epoch 257, Model Loss -1.5228675757999701, View Loss -3.3137136504614997, Reg 0.3760834625036549
08-Aug-26 00:35:14 - Epoch 258, Model Loss -1.5290097917160308, View Loss -3.320516643274435, Reg 0.3758877578226517
08-Aug-26 00:36:11 - Epoch 259, Model Loss -1.5277534904729715, View Loss -3.331578005745446, Reg 0.37581954298940307
08-Aug-26 00:37:08 - Epoch 260, Model Loss -1.5156051312647942, View Loss -3.2908802016862286, Reg 0.37576697413152643
08-Aug-26 00:37:14 - Epoch 260: Train_acc 0.7970540098199672 Val_acc 0.5490196078431373 Test_acc 0.5833333333333334 Test_auc 0.6336633663366337
08-Aug-26 00:38:11 - Epoch 261, Model Loss -1.5232054754091753, View Loss -3.3314653199940385, Reg 0.3760885331907756
08-Aug-26 00:39:08 - Epoch 262, Model Loss -1.5023517678880458, View Loss -3.211473885612675, Reg 0.375804950387115
08-Aug-26 00:40:04 - Epoch 263, Model Loss -1.509447525448963, View Loss -3.2979744069900137, Reg 0.37521065364297596
08-Aug-26 00:41:01 - Epoch 264, Model Loss -1.4900358609013784, View Loss -3.1660172787118466, Reg 0.3759744586804104
08-Aug-26 00:41:58 - Epoch 265, Model Loss -1.5131758457314948, View Loss -3.31682887990424, Reg 0.37605459317443024
08-Aug-26 00:42:08 - Epoch 265: Train_acc 0.7184942716857611 Val_acc 0.6405228758169934 Test_acc 0.6197916666666666 Test_auc 0.6629311282776629
08-Aug-26 00:43:04 - Epoch 266, Model Loss -1.5128666148833478, View Loss -3.3037454406875635, Reg 0.3753755107253741
08-Aug-26 00:44:01 - Epoch 267, Model Loss -1.49809594942583, View Loss -3.2718843243126003, Reg 0.37530085302999094
08-Aug-26 00:44:58 - Epoch 268, Model Loss -1.5218159555413329, View Loss -3.326916560408722, Reg 0.37481494899077034
08-Aug-26 00:45:54 - Epoch 269, Model Loss -1.523214744467977, View Loss -3.341436537510049, Reg 0.3750375295621869
08-Aug-26 00:46:51 - Epoch 270, Model Loss -1.5261986072246845, View Loss -3.3349408174692705, Reg 0.3750198502489861
08-Aug-26 00:47:02 - Epoch 270: Train_acc 0.7168576104746317 Val_acc 0.6274509803921569 Test_acc 0.6145833333333334 Test_auc 0.6630399303666631
08-Aug-26 00:47:59 - Epoch 271, Model Loss -1.5156037990863507, View Loss -3.3161131902529255, Reg 0.3746895387207818
08-Aug-26 00:48:56 - Epoch 272, Model Loss -1.5189074744179283, View Loss -3.280504418668107, Reg 0.3749453805862589
08-Aug-26 00:49:52 - Epoch 273, Model Loss -1.5209105767907176, View Loss -3.309808873896123, Reg 0.37485124221995303
08-Aug-26 00:50:49 - Epoch 274, Model Loss -1.5178558658656043, View Loss -3.293225814394787, Reg 0.3745113994603071
08-Aug-26 00:51:46 - Epoch 275, Model Loss -1.5136682827226855, View Loss -3.3017284382384653, Reg 0.3744862681519966
08-Aug-26 00:51:53 - Epoch 275: Train_acc 0.7299509001636661 Val_acc 0.5947712418300654 Test_acc 0.6302083333333334 Test_auc 0.6632575345446634
08-Aug-26 00:52:50 - Epoch 276, Model Loss -1.5192051043096815, View Loss -3.314765879448424, Reg 0.37454362552606923
08-Aug-26 00:53:46 - Epoch 277, Model Loss -1.5017476292561782, View Loss -3.244486924279146, Reg 0.37453560314084816
08-Aug-26 00:54:43 - Epoch 278, Model Loss -1.5090184937522377, View Loss -3.241157338193903, Reg 0.3745418089013638
08-Aug-26 00:55:40 - Epoch 279, Model Loss -1.5033850841553433, View Loss -3.261206370914041, Reg 0.3744818122414247
08-Aug-26 00:56:36 - Epoch 280, Model Loss -1.5177915888410154, View Loss -3.326555983329561, Reg 0.3742213472114257
08-Aug-26 00:56:44 - Epoch 280: Train_acc 0.7283142389525368 Val_acc 0.6274509803921569 Test_acc 0.6041666666666666 Test_auc 0.6592318572516591
08-Aug-26 00:57:41 - Epoch 281, Model Loss -1.5063187135612126, View Loss -3.255319621871224, Reg 0.3742648164593842
08-Aug-26 00:58:37 - Epoch 282, Model Loss -1.496714988433788, View Loss -3.1995711935327407, Reg 0.3742838707766244
08-Aug-26 00:59:34 - Epoch 283, Model Loss -1.4864071192015602, View Loss -3.174838403242895, Reg 0.3740271379143829
08-Aug-26 01:00:30 - Epoch 284, Model Loss -1.4872703372749292, View Loss -3.184273474735441, Reg 0.37430522767689733
08-Aug-26 01:01:27 - Epoch 285, Model Loss -1.5167175525534173, View Loss -3.332178943871281, Reg 0.3743544634059681
08-Aug-26 01:01:34 - Epoch 285: Train_acc 0.7250409165302782 Val_acc 0.6143790849673203 Test_acc 0.5885416666666666 Test_auc 0.6491132629746491
08-Aug-26 01:02:30 - Epoch 286, Model Loss -1.5103240801347648, View Loss -3.3077742237896457, Reg 0.3743224396643194
08-Aug-26 01:03:27 - Epoch 287, Model Loss -1.5156087126162165, View Loss -3.3170434683317445, Reg 0.3741910294210462
08-Aug-26 01:04:24 - Epoch 288, Model Loss -1.5213406651773156, View Loss -3.296527361518623, Reg 0.37430614037911747
08-Aug-26 01:05:20 - Epoch 289, Model Loss -1.5165475745443042, View Loss -3.3012301949159215, Reg 0.3740538382100981
08-Aug-26 01:06:17 - Epoch 290, Model Loss -1.4989244871560954, View Loss -3.219388430325372, Reg 0.3739934190985809
08-Aug-26 01:06:24 - Epoch 290: Train_acc 0.707037643207856 Val_acc 0.6339869281045751 Test_acc 0.625 Test_auc 0.6552061799586553
08-Aug-26 01:07:21 - Epoch 291, Model Loss -1.504031746360167, View Loss -3.2387840174223905, Reg 0.37395086196752697
08-Aug-26 01:08:17 - Epoch 292, Model Loss -1.50406324570776, View Loss -3.2436363053204773, Reg 0.37394178498981434
08-Aug-26 01:09:14 - Epoch 293, Model Loss -1.5079654320562335, View Loss -3.30335304584909, Reg 0.3739768351060864
08-Aug-26 01:10:11 - Epoch 294, Model Loss -1.5000668165141353, View Loss -3.2491094336377033, Reg 0.3744095055639451
08-Aug-26 01:11:07 - Epoch 295, Model Loss -1.5161404664309637, View Loss -3.315583355493124, Reg 0.37403616348186997
08-Aug-26 01:11:16 - Epoch 295: Train_acc 0.7103109656301145 Val_acc 0.6209150326797386 Test_acc 0.625 Test_auc 0.6534653465346534
08-Aug-26 01:12:12 - Epoch 296, Model Loss -1.5100671616786825, View Loss -3.299502774658453, Reg 0.3739277353165778
08-Aug-26 01:13:09 - Epoch 297, Model Loss -1.4947998660285813, View Loss -3.2490635285010705, Reg 0.3736113981022187
08-Aug-26 01:14:06 - Epoch 298, Model Loss -1.5061798610780905, View Loss -3.279187204014455, Reg 0.3737981650130838
08-Aug-26 01:15:02 - Epoch 299, Model Loss -1.5128224180880232, View Loss -3.285862266334496, Reg 0.3738684363529062
08-Aug-26 01:15:59 - Epoch 300, Model Loss -1.5231188775669728, View Loss -3.3318108778733473, Reg 0.37400294023332736
08-Aug-26 01:16:06 - Epoch 300: Train_acc 0.6988543371522095 Val_acc 0.6209150326797386 Test_acc 0.625 Test_auc 0.6471548253726471
08-Aug-26 01:16:06 - FinishedTraining! BestEpoch (eval-interval index): 18
08-Aug-26 01:16:06 - Wrote /users/3171356m/muhammad/GraSTIACL/nested_cv/results/nocombat__emb512_bs32__fold0.json
08-Aug-26 01:16:06 - {
  "emb_dim": 512,
  "batch_size": 32,
  "fold": 0,
  "combat": false,
  "n_train": 611,
  "n_val": 153,
  "n_test": 192,
  "best_val_epoch_idx": 18,
  "train_accuracy": 0.7217675941080196,
  "val_accuracy": 0.6405228758169934,
  "test_accuracy": 0.5833333333333334,
  "train_f1": 0.7007042253521126,
  "val_f1": 0.6153846153846154,
  "test_f1": 0.5789473684210527,
  "train_sensitivity": 0.6838487949008633,
  "val_sensitivity": 0.6027397177706888,
  "test_sensitivity": 0.6043955977538945,
  "train_specificity": 0.7562499976367187,
  "val_specificity": 0.6749999915625001,
  "test_specificity": 0.564356430055877,
  "train_precision": 0.7184115523465704,
  "val_precision": 0.6285714285714286,
  "test_precision": 0.5555555555555556,
  "test_auc": 0.6518333151996518,
  "fin_reg": 0.3815298325301387
}
