08-Aug-26 13:19:01 - Using Device: cuda
08-Aug-26 13:19:01 - Seed: 123, Fold: 4, ComBat: False
08-Aug-26 13:19:01 - Namespace(fold=4, combat=False, num_dyn_windows=3, model_lr=0.0005, view_lr=0.0005, num_gc_layers=2, pooling_type='standard', emb_dim=512, vib_hidden_dim=400, batch_size=32, drop_ratio=0.3, epochs=300, kld_lambda=0.003, reg_lambda=0.2, gamma_mode='paper_literal', node_feature_mode='alff_pcc', mij_source='alff', template=90, eval_interval=5, downstream_classifier='linear', ce_lambda=2.0, seed=123)
08-Aug-26 13:19:01 - Loading raw subject data...
08-Aug-26 13:23:19 - Loaded 956 subjects (455 ASD, 501 NC)
08-Aug-26 13:23:19 - alff_pcc scale stats (train_val_idx only): alff=[-3.5994,5.5910] pcc=[-0.6994,1.0000]
08-Aug-26 13:23:19 - Train/Val/Test sizes: 612/153/191
08-Aug-26 13:24:16 - Epoch 1, Model Loss -0.8416144441740185, View Loss -6.407871224521812, Reg 0.42050477102691053
08-Aug-26 13:25:14 - Epoch 2, Model Loss -1.2573540444467581, View Loss -4.9947326323565315, Reg 0.4104096201899784
08-Aug-26 13:26:11 - Epoch 3, Model Loss -0.4692477424160328, View Loss -4.735888933044633, Reg 0.46975549919153353
08-Aug-26 13:27:08 - Epoch 4, Model Loss -0.25073523459091684, View Loss -0.7592435958338719, Reg 0.4106288667208229
08-Aug-26 13:28:05 - Epoch 5, Model Loss -1.2952269417008544, View Loss -1.8876408626830656, Reg 0.4199655476738425
08-Aug-26 13:28:24 - Epoch 5: Train_acc 0.7630718954248366 Val_acc 0.5816993464052288 Test_acc 0.5654450261780105 Test_auc 0.6089010989010989
08-Aug-26 13:29:21 - Epoch 6, Model Loss -1.3352876364016066, View Loss -3.8380773051891452, Reg 0.41226769935071855
08-Aug-26 13:30:18 - Epoch 7, Model Loss -0.9479025111478918, View Loss -3.8187542491488986, Reg 0.4722887906763289
08-Aug-26 13:31:16 - Epoch 8, Model Loss -1.221045422398187, View Loss -3.786614854351368, Reg 0.4313642536503038
08-Aug-26 13:32:13 - Epoch 9, Model Loss -1.2061796687007729, View Loss -3.753437148200141, Reg 0.4513979043835908
08-Aug-26 13:33:10 - Epoch 10, Model Loss -1.3053832428128112, View Loss -3.7384246252720654, Reg 0.43641283231623035
08-Aug-26 13:33:19 - Epoch 10: Train_acc 0.7565359477124183 Val_acc 0.6209150326797386 Test_acc 0.5863874345549738 Test_auc 0.6336263736263738
08-Aug-26 13:34:17 - Epoch 11, Model Loss -1.3741788490145814, View Loss -3.641762858122782, Reg 0.4179142908333174
08-Aug-26 13:35:14 - Epoch 12, Model Loss -1.4009706646788354, View Loss -3.666798716277079, Reg 0.41079552578770256
08-Aug-26 13:36:11 - Epoch 13, Model Loss -1.3953290515475802, View Loss -3.5797352759666694, Reg 0.40873726442748426
08-Aug-26 13:37:08 - Epoch 14, Model Loss -1.3992675893446977, View Loss -3.5467328807107763, Reg 0.4076264116888732
08-Aug-26 13:38:05 - Epoch 15, Model Loss -1.4028571197410036, View Loss -3.533538924323188, Reg 0.4046202331197028
08-Aug-26 13:38:13 - Epoch 15: Train_acc 0.7663398692810458 Val_acc 0.6013071895424836 Test_acc 0.5549738219895288 Test_auc 0.6159340659340659
08-Aug-26 13:39:10 - Epoch 16, Model Loss -1.3937053867414886, View Loss -3.4731289171705058, Reg 0.4067508893854478
08-Aug-26 13:40:07 - Epoch 17, Model Loss -1.4140574230867273, View Loss -3.5175622740602184, Reg 0.4035283381642859
08-Aug-26 13:41:05 - Epoch 18, Model Loss -1.4077101501764036, View Loss -3.492229452320174, Reg 0.4091140273349737
08-Aug-26 13:42:02 - Epoch 19, Model Loss -1.4094769596274381, View Loss -3.440016341365241, Reg 0.40282222940251716
08-Aug-26 13:42:59 - Epoch 20, Model Loss -1.4341039719924429, View Loss -3.4738025509454067, Reg 0.4031022954610438
08-Aug-26 13:43:06 - Epoch 20: Train_acc 0.7696078431372549 Val_acc 0.6143790849673203 Test_acc 0.5706806282722513 Test_auc 0.6130769230769231
08-Aug-26 13:44:03 - Epoch 21, Model Loss -1.437262896618812, View Loss -3.491948897542517, Reg 0.40614619169359895
08-Aug-26 13:45:00 - Epoch 22, Model Loss -1.4502568213768254, View Loss -3.5328240176431494, Reg 0.40344122675509236
08-Aug-26 13:45:57 - Epoch 23, Model Loss -1.4545339790045047, View Loss -3.472382757398817, Reg 0.40296708466180786
08-Aug-26 13:46:55 - Epoch 24, Model Loss -1.458590965644986, View Loss -3.4750949884551803, Reg 0.40197273874594497
08-Aug-26 13:47:52 - Epoch 25, Model Loss -1.452786981669906, View Loss -3.4460316919812968, Reg 0.4014202954332813
08-Aug-26 13:47:58 - Epoch 25: Train_acc 0.7598039215686274 Val_acc 0.6470588235294118 Test_acc 0.612565445026178 Test_auc 0.6196703296703298
08-Aug-26 13:48:55 - Epoch 26, Model Loss -1.4564801664913403, View Loss -3.4713009572496603, Reg 0.40179893939323674
08-Aug-26 13:49:52 - Epoch 27, Model Loss -1.4406402313631343, View Loss -3.431737192315993, Reg 0.3996291585217894
08-Aug-26 13:50:50 - Epoch 28, Model Loss -1.4547739839242175, View Loss -3.4806042434343327, Reg 0.40066055865848765
08-Aug-26 13:51:48 - Epoch 29, Model Loss -1.4493332314335443, View Loss -3.487056174309425, Reg 0.39958107763645695
08-Aug-26 13:52:45 - Epoch 30, Model Loss -1.4619584800371157, View Loss -3.4497689390494153, Reg 0.4006543628920137
08-Aug-26 13:52:56 - Epoch 30: Train_acc 0.7777777777777778 Val_acc 0.6470588235294118 Test_acc 0.5863874345549738 Test_auc 0.6209890109890112
08-Aug-26 13:53:54 - Epoch 31, Model Loss -1.4620748470032137, View Loss -3.456470003315047, Reg 0.40324847137226777
08-Aug-26 13:54:51 - Epoch 32, Model Loss -1.4754903269749062, View Loss -3.464254796894547, Reg 0.3998699188232422
08-Aug-26 13:55:48 - Epoch 33, Model Loss -1.4660003637176713, View Loss -3.4262697338278776, Reg 0.40167173743247986
08-Aug-26 13:56:45 - Epoch 34, Model Loss -1.4752546790378545, View Loss -3.4589268522324903, Reg 0.39952826383067114
08-Aug-26 13:57:43 - Epoch 35, Model Loss -1.4711723514631683, View Loss -3.4282676378885903, Reg 0.40112153182621874
08-Aug-26 13:57:53 - Epoch 35: Train_acc 0.7777777777777778 Val_acc 0.6209150326797386 Test_acc 0.6020942408376964 Test_auc 0.6212087912087911
08-Aug-26 13:58:51 - Epoch 36, Model Loss -1.4771564676870708, View Loss -3.4530894023920196, Reg 0.3987435716039994
08-Aug-26 13:59:48 - Epoch 37, Model Loss -1.4746487810720805, View Loss -3.45062389249116, Reg 0.4004937688899196
08-Aug-26 14:00:45 - Epoch 38, Model Loss -1.476010715260225, View Loss -3.43410227033827, Reg 0.39867443742315756
08-Aug-26 14:01:43 - Epoch 39, Model Loss -1.4816561617882422, View Loss -3.399886595657448, Reg 0.3984614943756777
08-Aug-26 14:02:40 - Epoch 40, Model Loss -1.483606157739178, View Loss -3.416545282002368, Reg 0.39862850483726053
08-Aug-26 14:02:48 - Epoch 40: Train_acc 0.7761437908496732 Val_acc 0.6274509803921569 Test_acc 0.5863874345549738 Test_auc 0.6131868131868131
08-Aug-26 14:03:45 - Epoch 41, Model Loss -1.4839193337883045, View Loss -3.4350068615932092, Reg 0.39824481201327705
08-Aug-26 14:04:43 - Epoch 42, Model Loss -1.4910282465367535, View Loss -3.4541588234745597, Reg 0.3986622558699714
08-Aug-26 14:05:40 - Epoch 43, Model Loss -1.476829291948306, View Loss -3.3837176397735, Reg 0.3977869480263953
08-Aug-26 14:06:37 - Epoch 44, Model Loss -1.486432711283366, View Loss -3.443338899051442, Reg 0.3982192616836697
08-Aug-26 14:07:34 - Epoch 45, Model Loss -1.4846465042213988, View Loss -3.4414521853129068, Reg 0.3983229044216131
08-Aug-26 14:07:40 - Epoch 45: Train_acc 0.7598039215686274 Val_acc 0.6339869281045751 Test_acc 0.6020942408376964 Test_auc 0.6407692307692308
08-Aug-26 14:08:37 - Epoch 46, Model Loss -1.4868585923138786, View Loss -3.41354329601612, Reg 0.39654751599224564
08-Aug-26 14:09:34 - Epoch 47, Model Loss -1.4944373174430499, View Loss -3.4685102475234886, Reg 0.39675451337901596
08-Aug-26 14:10:32 - Epoch 48, Model Loss -1.490346241620631, View Loss -3.442542552947998, Reg 0.3975241686783585
08-Aug-26 14:11:29 - Epoch 49, Model Loss -1.4948305865518408, View Loss -3.4183384733262403, Reg 0.3970606046564439
08-Aug-26 14:12:26 - Epoch 50, Model Loss -1.4910843138601266, View Loss -3.394747961580364, Reg 0.3967518397406036
08-Aug-26 14:12:32 - Epoch 50: Train_acc 0.761437908496732 Val_acc 0.6274509803921569 Test_acc 0.6020942408376964 Test_auc 0.6372527472527473
08-Aug-26 14:13:30 - Epoch 51, Model Loss -1.487765617619932, View Loss -3.35741860258813, Reg 0.395769885162902
08-Aug-26 14:14:27 - Epoch 52, Model Loss -1.4991164238624324, View Loss -3.433319069980796, Reg 0.3955399824513329
08-Aug-26 14:15:24 - Epoch 53, Model Loss -1.5003883791904824, View Loss -3.47415785384334, Reg 0.39733122298920076
08-Aug-26 14:16:22 - Epoch 54, Model Loss -1.5025230856502758, View Loss -3.4205228020163143, Reg 0.3967588341314029
08-Aug-26 14:17:19 - Epoch 55, Model Loss -1.485765145495047, View Loss -3.3629812944948285, Reg 0.3952318996775384
08-Aug-26 14:17:28 - Epoch 55: Train_acc 0.7663398692810458 Val_acc 0.6274509803921569 Test_acc 0.5916230366492147 Test_auc 0.639010989010989
08-Aug-26 14:18:25 - Epoch 56, Model Loss -1.5028503206041124, View Loss -3.411835695403853, Reg 0.39419913019230163
08-Aug-26 14:19:22 - Epoch 57, Model Loss -1.5064253682404563, View Loss -3.4502157728656444, Reg 0.3957921794426987
08-Aug-26 14:20:19 - Epoch 58, Model Loss -1.5055711534288194, View Loss -3.44615163366779, Reg 0.3927515291310603
08-Aug-26 14:21:17 - Epoch 59, Model Loss -1.5044526617511425, View Loss -3.434261889239542, Reg 0.3906975018432717
08-Aug-26 14:22:14 - Epoch 60, Model Loss -1.5112429911794225, View Loss -3.4471580904293684, Reg 0.3906887193131291
08-Aug-26 14:22:21 - Epoch 60: Train_acc 0.7598039215686274 Val_acc 0.6405228758169934 Test_acc 0.5916230366492147 Test_auc 0.6391208791208791
08-Aug-26 14:23:18 - Epoch 61, Model Loss -1.5110891878215316, View Loss -3.4294571938857534, Reg 0.3903360760289859
08-Aug-26 14:24:16 - Epoch 62, Model Loss -1.508101488250533, View Loss -3.4241910354763854, Reg 0.3884115661281386
08-Aug-26 14:25:13 - Epoch 63, Model Loss -1.5197435266831343, View Loss -3.3927311429790423, Reg 0.38730281104449354
08-Aug-26 14:26:10 - Epoch 64, Model Loss -1.5108359530081157, View Loss -3.4064069978551927, Reg 0.38750914830008365
08-Aug-26 14:27:07 - Epoch 65, Model Loss -1.511850905574225, View Loss -3.414996063008028, Reg 0.3869893134029862
08-Aug-26 14:27:14 - Epoch 65: Train_acc 0.7647058823529411 Val_acc 0.6143790849673203 Test_acc 0.6073298429319371 Test_auc 0.6445054945054944
08-Aug-26 14:28:12 - Epoch 66, Model Loss -1.5094668163972742, View Loss -3.410194144529455, Reg 0.38548124966278574
08-Aug-26 14:29:09 - Epoch 67, Model Loss -1.5135434967240478, View Loss -3.4043794893750956, Reg 0.3832552339516434
08-Aug-26 14:30:07 - Epoch 68, Model Loss -1.5174050424613206, View Loss -3.405213290569829, Reg 0.38502374213505414
08-Aug-26 14:31:04 - Epoch 69, Model Loss -1.5052511177810968, View Loss -3.382957470962425, Reg 0.38481568549972733
08-Aug-26 14:32:01 - Epoch 70, Model Loss -1.5049772511899862, View Loss -3.3453150263019635, Reg 0.38263951095880244
08-Aug-26 14:32:08 - Epoch 70: Train_acc 0.7532679738562091 Val_acc 0.6078431372549019 Test_acc 0.6020942408376964 Test_auc 0.6353846153846154
08-Aug-26 14:33:06 - Epoch 71, Model Loss -1.5096126942852743, View Loss -3.406371091705522, Reg 0.38368430441501095
08-Aug-26 14:34:03 - Epoch 72, Model Loss -1.5093137018041674, View Loss -3.4034321697708827, Reg 0.38315918574146196
08-Aug-26 14:35:00 - Epoch 73, Model Loss -1.522064115486893, View Loss -3.435961517633176, Reg 0.3822423153453403
08-Aug-26 14:35:57 - Epoch 74, Model Loss -1.5232895308849859, View Loss -3.461063755883111, Reg 0.3812251250728283
08-Aug-26 14:36:54 - Epoch 75, Model Loss -1.5278145752701104, View Loss -3.449279130673876, Reg 0.3809424013483758
08-Aug-26 14:37:00 - Epoch 75: Train_acc 0.7549019607843137 Val_acc 0.6666666666666666 Test_acc 0.5968586387434555 Test_auc 0.6275824175824176
08-Aug-26 14:37:58 - Epoch 76, Model Loss -1.5241724650065105, View Loss -3.4380597008599176, Reg 0.38168900425917185
08-Aug-26 14:38:55 - Epoch 77, Model Loss -1.5227263425689896, View Loss -3.439830873526779, Reg 0.3810098303688897
08-Aug-26 14:39:52 - Epoch 78, Model Loss -1.5254059398875517, View Loss -3.414766903796227, Reg 0.3805691354414996
08-Aug-26 14:40:49 - Epoch 79, Model Loss -1.5284544938530018, View Loss -3.4303329941494014, Reg 0.3802825346881268
08-Aug-26 14:41:46 - Epoch 80, Model Loss -1.5138570187138576, View Loss -3.3468576817730673, Reg 0.38025011287795174
08-Aug-26 14:41:52 - Epoch 80: Train_acc 0.7549019607843137 Val_acc 0.6666666666666666 Test_acc 0.5916230366492147 Test_auc 0.6321978021978023
08-Aug-26 14:42:50 - Epoch 81, Model Loss -1.5226663795172, View Loss -3.4065625589657453, Reg 0.380063500474481
08-Aug-26 14:43:47 - Epoch 82, Model Loss -1.5232390983431947, View Loss -3.3998474950104756, Reg 0.3800541791650984
08-Aug-26 14:44:44 - Epoch 83, Model Loss -1.5262864617740406, View Loss -3.4384037528941835, Reg 0.37947453237047385
08-Aug-26 14:45:41 - Epoch 84, Model Loss -1.527778020871231, View Loss -3.423066048840292, Reg 0.37987828722187117
08-Aug-26 14:46:38 - Epoch 85, Model Loss -1.5232083376716166, View Loss -3.3949480960571687, Reg 0.3796259998496062
08-Aug-26 14:46:44 - Epoch 85: Train_acc 0.7401960784313726 Val_acc 0.6666666666666666 Test_acc 0.5863874345549738 Test_auc 0.6327472527472527
08-Aug-26 14:47:41 - Epoch 86, Model Loss -1.5292116551617392, View Loss -3.4188651820413427, Reg 0.3787759047707701
08-Aug-26 14:48:38 - Epoch 87, Model Loss -1.5296462158751643, View Loss -3.4062404289744257, Reg 0.37858181646446776
08-Aug-26 14:49:36 - Epoch 88, Model Loss -1.5256409208758983, View Loss -3.3752320856829874, Reg 0.37935388438841877
08-Aug-26 14:50:33 - Epoch 89, Model Loss -1.5290875715367935, View Loss -3.4090911360347973, Reg 0.3773583228292029
08-Aug-26 14:51:30 - Epoch 90, Model Loss -1.5260620989830664, View Loss -3.3978643573187535, Reg 0.37881581904062256
08-Aug-26 14:51:37 - Epoch 90: Train_acc 0.7598039215686274 Val_acc 0.6274509803921569 Test_acc 0.5863874345549738 Test_auc 0.6212087912087912
08-Aug-26 14:52:34 - Epoch 91, Model Loss -1.5242170290230146, View Loss -3.3976677196477754, Reg 0.3780834581337723
08-Aug-26 14:53:31 - Epoch 92, Model Loss -1.5273834957795984, View Loss -3.413798534792233, Reg 0.3778887626781962
08-Aug-26 14:54:29 - Epoch 93, Model Loss -1.5211913196090001, View Loss -3.3447953517140907, Reg 0.3786018350545098
08-Aug-26 14:55:26 - Epoch 94, Model Loss -1.5302783866333807, View Loss -3.3946534200431473, Reg 0.37798497256110697
08-Aug-26 14:56:23 - Epoch 95, Model Loss -1.5343793607225604, View Loss -3.4165141286413654, Reg 0.3779520131404104
08-Aug-26 14:56:32 - Epoch 95: Train_acc 0.7565359477124183 Val_acc 0.6535947712418301 Test_acc 0.5968586387434555 Test_auc 0.6256043956043956
08-Aug-26 14:57:30 - Epoch 96, Model Loss -1.531856527515486, View Loss -3.401853776445576, Reg 0.3782512728684868
08-Aug-26 14:58:27 - Epoch 97, Model Loss -1.5241404639350042, View Loss -3.346346683751524, Reg 0.3778669265360614
08-Aug-26 14:59:24 - Epoch 98, Model Loss -1.522040130266177, View Loss -3.3706605450000637, Reg 0.37692510341507157
08-Aug-26 15:00:22 - Epoch 99, Model Loss -1.527572472890218, View Loss -3.4055971164329377, Reg 0.37834405938005133
08-Aug-26 15:01:19 - Epoch 100, Model Loss -1.5161698659261067, View Loss -3.365086521198547, Reg 0.378348513755923
08-Aug-26 15:01:27 - Epoch 100: Train_acc 0.8415032679738562 Val_acc 0.5555555555555556 Test_acc 0.5863874345549738 Test_auc 0.6010989010989011
08-Aug-26 15:02:24 - Epoch 101, Model Loss -1.5232217763763627, View Loss -3.3629842988805834, Reg 0.3780854266453413
08-Aug-26 15:03:21 - Epoch 102, Model Loss -1.5251314936120526, View Loss -3.3995073605207056, Reg 0.3776854666229946
08-Aug-26 15:04:18 - Epoch 103, Model Loss -1.5217629725636999, View Loss -3.381345680336547, Reg 0.37716249293751186
08-Aug-26 15:05:16 - Epoch 104, Model Loss -1.523104063046524, View Loss -3.3521315287920386, Reg 0.3778979275740829
08-Aug-26 15:06:13 - Epoch 105, Model Loss -1.5245001175824333, View Loss -3.3987705224479727, Reg 0.3772987773994994
08-Aug-26 15:06:19 - Epoch 105: Train_acc 0.75 Val_acc 0.6339869281045751 Test_acc 0.5706806282722513 Test_auc 0.625934065934066
08-Aug-26 15:07:17 - Epoch 106, Model Loss -1.5302391176909402, View Loss -3.380462724398943, Reg 0.3783904419225805
08-Aug-26 15:08:14 - Epoch 107, Model Loss -1.5273804882772608, View Loss -3.384490929397882, Reg 0.37678487199583865
08-Aug-26 15:09:12 - Epoch 108, Model Loss -1.5307847721124785, View Loss -3.382954394895267, Reg 0.3769567421838349
08-Aug-26 15:10:09 - Epoch 109, Model Loss -1.5235076667436587, View Loss -3.357313972672606, Reg 0.37722622919705956
08-Aug-26 15:11:06 - Epoch 110, Model Loss -1.5223787968454798, View Loss -3.322920038809184, Reg 0.3776615160742616
08-Aug-26 15:11:11 - Epoch 110: Train_acc 0.7630718954248366 Val_acc 0.673202614379085 Test_acc 0.6020942408376964 Test_auc 0.6464835164835164
08-Aug-26 15:12:08 - Epoch 111, Model Loss -1.5223159104390862, View Loss -3.367381092769648, Reg 0.3772885191674326
08-Aug-26 15:13:06 - Epoch 112, Model Loss -1.5215315164304246, View Loss -3.333435441933426, Reg 0.3761039399633221
08-Aug-26 15:14:03 - Epoch 113, Model Loss -1.5220541050231535, View Loss -3.386135107551525, Reg 0.3772552157539168
08-Aug-26 15:15:00 - Epoch 114, Model Loss -1.530435481102638, View Loss -3.410030065798292, Reg 0.37706173634996604
08-Aug-26 15:15:57 - Epoch 115, Model Loss -1.5199063213822108, View Loss -3.3119270692463796, Reg 0.3767050109268014
08-Aug-26 15:16:04 - Epoch 115: Train_acc 0.7581699346405228 Val_acc 0.6601307189542484 Test_acc 0.5759162303664922 Test_auc 0.6295604395604395
08-Aug-26 15:17:01 - Epoch 116, Model Loss -1.5252100346135158, View Loss -3.3598438711727368, Reg 0.37686824486925713
08-Aug-26 15:17:59 - Epoch 117, Model Loss -1.5259662827635123, View Loss -3.4355725681080536, Reg 0.37755723638472216
08-Aug-26 15:18:57 - Epoch 118, Model Loss -1.5353535047543594, View Loss -3.4320917472340704, Reg 0.37705574783624385
08-Aug-26 15:19:54 - Epoch 119, Model Loss -1.5327525855669009, View Loss -3.4109609298456727, Reg 0.37740053577360766
08-Aug-26 15:20:51 - Epoch 120, Model Loss -1.5308131361319348, View Loss -3.439601692498899, Reg 0.3771055009629991
08-Aug-26 15:21:00 - Epoch 120: Train_acc 0.7581699346405228 Val_acc 0.6405228758169934 Test_acc 0.5863874345549738 Test_auc 0.6230769230769232
08-Aug-26 15:21:57 - Epoch 121, Model Loss -1.533983361487295, View Loss -3.394795233907263, Reg 0.3767935898568895
08-Aug-26 15:22:54 - Epoch 122, Model Loss -1.530445778291989, View Loss -3.367668136272555, Reg 0.37677471505271065
08-Aug-26 15:23:51 - Epoch 123, Model Loss -1.5330282286101697, View Loss -3.3766565509870943, Reg 0.3766538455984951
08-Aug-26 15:24:48 - Epoch 124, Model Loss -1.5301306294459922, View Loss -3.37108730802349, Reg 0.3768520709735895
08-Aug-26 15:25:45 - Epoch 125, Model Loss -1.5266971245310665, View Loss -3.3487102720472546, Reg 0.3765414287062252
08-Aug-26 15:25:51 - Epoch 125: Train_acc 0.7532679738562091 Val_acc 0.6405228758169934 Test_acc 0.5863874345549738 Test_auc 0.6167032967032966
08-Aug-26 15:26:48 - Epoch 126, Model Loss -1.531641268262676, View Loss -3.383508292678135, Reg 0.3759277346087437
08-Aug-26 15:27:45 - Epoch 127, Model Loss -1.5303200802771875, View Loss -3.3666515942492516, Reg 0.3768528528462828
08-Aug-26 15:28:42 - Epoch 128, Model Loss -1.531778616063735, View Loss -3.381234349768146, Reg 0.37612583356745105
08-Aug-26 15:29:40 - Epoch 129, Model Loss -1.5394780215095072, View Loss -3.4164049609813816, Reg 0.3775080574883355
08-Aug-26 15:30:37 - Epoch 130, Model Loss -1.5371605243558197, View Loss -3.4001875391193463, Reg 0.3758147393955904
08-Aug-26 15:30:44 - Epoch 130: Train_acc 0.7516339869281046 Val_acc 0.6405228758169934 Test_acc 0.5497382198952879 Test_auc 0.6097802197802198
08-Aug-26 15:31:41 - Epoch 131, Model Loss -1.529557296653199, View Loss -3.3430545407962176, Reg 0.37673042802249684
08-Aug-26 15:32:38 - Epoch 132, Model Loss -1.5370614731233883, View Loss -3.3328450894823263, Reg 0.3759235408571031
08-Aug-26 15:33:35 - Epoch 133, Model Loss -1.5262247004540137, View Loss -3.307624913508596, Reg 0.3761034214418698
08-Aug-26 15:34:32 - Epoch 134, Model Loss -1.535896457098668, View Loss -3.3942773575876273, Reg 0.37623240667230945
08-Aug-26 15:35:29 - Epoch 135, Model Loss -1.5428028169021109, View Loss -3.40486525554283, Reg 0.3768393276563657
08-Aug-26 15:35:35 - Epoch 135: Train_acc 0.7467320261437909 Val_acc 0.673202614379085 Test_acc 0.5706806282722513 Test_auc 0.6183516483516484
08-Aug-26 15:36:32 - Epoch 136, Model Loss -1.5397787966759375, View Loss -3.387821705512751, Reg 0.3764702136220496
08-Aug-26 15:37:29 - Epoch 137, Model Loss -1.5393970526900946, View Loss -3.3914103632658916, Reg 0.37691710567941855
08-Aug-26 15:38:26 - Epoch 138, Model Loss -1.5399315029967064, View Loss -3.3665739508236157, Reg 0.3767928011666716
08-Aug-26 15:39:24 - Epoch 139, Model Loss -1.5418208814134784, View Loss -3.3972217179591357, Reg 0.3761241282123366
08-Aug-26 15:40:21 - Epoch 140, Model Loss -1.543967109879637, View Loss -3.3735351593665825, Reg 0.37656421657481226
08-Aug-26 15:40:26 - Epoch 140: Train_acc 0.75 Val_acc 0.6535947712418301 Test_acc 0.5863874345549738 Test_auc 0.6291208791208791
08-Aug-26 15:41:23 - Epoch 141, Model Loss -1.5434898769154268, View Loss -3.38674072190827, Reg 0.3767631825278787
08-Aug-26 15:42:21 - Epoch 142, Model Loss -1.5463861826977698, View Loss -3.3871381485384275, Reg 0.37710875487015916
08-Aug-26 15:43:18 - Epoch 143, Model Loss -1.5386328977697037, View Loss -3.327781755160662, Reg 0.376772867503509
08-Aug-26 15:44:15 - Epoch 144, Model Loss -1.5299590117011974, View Loss -3.3256918059455023, Reg 0.37617425396551496
08-Aug-26 15:45:13 - Epoch 145, Model Loss -1.5374768201042623, View Loss -3.322658111846525, Reg 0.3761211263588051
08-Aug-26 15:45:18 - Epoch 145: Train_acc 0.7532679738562091 Val_acc 0.6928104575163399 Test_acc 0.581151832460733 Test_auc 0.624065934065934
08-Aug-26 15:46:15 - Epoch 146, Model Loss -1.5468104399886786, View Loss -3.40108161190756, Reg 0.37571316665294124
08-Aug-26 15:47:12 - Epoch 147, Model Loss -1.5361689243441314, View Loss -3.3617435935276005, Reg 0.3768631354266522
08-Aug-26 15:48:10 - Epoch 148, Model Loss -1.5403431350109624, View Loss -3.3939892108144325, Reg 0.37654006987615346
08-Aug-26 15:49:07 - Epoch 149, Model Loss -1.532841401941636, View Loss -3.32994493783689, Reg 0.3774017072191425
08-Aug-26 15:50:04 - Epoch 150, Model Loss -1.5373810849158593, View Loss -3.3555103626126557, Reg 0.37562700034746155
08-Aug-26 15:50:09 - Epoch 150: Train_acc 0.7434640522875817 Val_acc 0.6666666666666666 Test_acc 0.5916230366492147 Test_auc 0.631868131868132
08-Aug-26 15:51:07 - Epoch 151, Model Loss -1.5379320936265335, View Loss -3.332717443603316, Reg 0.37762389853109724
08-Aug-26 15:52:04 - Epoch 152, Model Loss -1.5331976522807202, View Loss -3.3300769344653958, Reg 0.3757016175712635
08-Aug-26 15:53:01 - Epoch 153, Model Loss -1.5384249998853097, View Loss -3.3667793803744845, Reg 0.3767928048676136
08-Aug-26 15:53:58 - Epoch 154, Model Loss -1.5158161369024539, View Loss -3.2106703652275934, Reg 0.3767894469445048
08-Aug-26 15:54:55 - Epoch 155, Model Loss -1.5211871558544683, View Loss -3.3166446187137777, Reg 0.3772046281621347
08-Aug-26 15:55:01 - Epoch 155: Train_acc 0.7549019607843137 Val_acc 0.6405228758169934 Test_acc 0.5549738219895288 Test_auc 0.625934065934066
08-Aug-26 15:55:59 - Epoch 156, Model Loss -1.5406541045195137, View Loss -3.383653597114912, Reg 0.3764373140007842
08-Aug-26 15:56:56 - Epoch 157, Model Loss -1.5379255768520381, View Loss -3.384612046036066, Reg 0.3770851654554504
08-Aug-26 15:57:53 - Epoch 158, Model Loss -1.5176666016672171, View Loss -3.1812257735557807, Reg 0.3768683186933106
08-Aug-26 15:58:50 - Epoch 159, Model Loss -1.526578847099753, View Loss -3.3385397094527103, Reg 0.3759534997877732
08-Aug-26 15:59:47 - Epoch 160, Model Loss -1.5347329339170768, View Loss -3.361397855422076, Reg 0.37696165099642637
08-Aug-26 15:59:54 - Epoch 160: Train_acc 0.75 Val_acc 0.6274509803921569 Test_acc 0.5916230366492147 Test_auc 0.630989010989011
08-Aug-26 16:00:51 - Epoch 161, Model Loss -1.5389678306828916, View Loss -3.3763280195348404, Reg 0.37594739440219854
08-Aug-26 16:01:48 - Epoch 162, Model Loss -1.5280440274406881, View Loss -3.3196514634525074, Reg 0.3762422819542729
08-Aug-26 16:02:45 - Epoch 163, Model Loss -1.5380524716346093, View Loss -3.3579709264967175, Reg 0.3768495126487383
08-Aug-26 16:03:42 - Epoch 164, Model Loss -1.546680360058554, View Loss -3.3891397800320893, Reg 0.3756429428368612
08-Aug-26 16:04:40 - Epoch 165, Model Loss -1.5556928690742045, View Loss -3.461714644837224, Reg 0.3761713555435729
08-Aug-26 16:04:45 - Epoch 165: Train_acc 0.7434640522875817 Val_acc 0.6339869281045751 Test_acc 0.581151832460733 Test_auc 0.6464835164835165
08-Aug-26 16:05:42 - Epoch 166, Model Loss -1.5533707718444025, View Loss -3.4283545032825344, Reg 0.3760484753091351
08-Aug-26 16:06:40 - Epoch 167, Model Loss -1.5505031573227028, View Loss -3.4061514069052303, Reg 0.37580201945273706
08-Aug-26 16:07:37 - Epoch 168, Model Loss -1.5505088170369465, View Loss -3.4040604167514377, Reg 0.37667155109978967
08-Aug-26 16:08:34 - Epoch 169, Model Loss -1.5468659961924833, View Loss -3.3307677281448265, Reg 0.3761165925100738
08-Aug-26 16:09:32 - Epoch 170, Model Loss -1.550253148172416, View Loss -3.3832732961068746, Reg 0.37632399680567724
08-Aug-26 16:09:37 - Epoch 170: Train_acc 0.738562091503268 Val_acc 0.6339869281045751 Test_acc 0.5968586387434555 Test_auc 0.6514285714285715
08-Aug-26 16:10:34 - Epoch 171, Model Loss -1.5410477974835564, View Loss -3.330354279162837, Reg 0.376422508479723
08-Aug-26 16:11:31 - Epoch 172, Model Loss -1.5500686121921914, View Loss -3.391502947589151, Reg 0.3763999827936584
08-Aug-26 16:12:29 - Epoch 173, Model Loss -1.555116977566987, View Loss -3.405228861017165, Reg 0.3759205541969125
08-Aug-26 16:13:26 - Epoch 174, Model Loss -1.5525625079285865, View Loss -3.38101974499771, Reg 0.37612568611413044
08-Aug-26 16:14:23 - Epoch 175, Model Loss -1.541715344572379, View Loss -3.330833042369169, Reg 0.37639610985525296
08-Aug-26 16:14:29 - Epoch 175: Train_acc 0.8316993464052288 Val_acc 0.6405228758169934 Test_acc 0.612565445026178 Test_auc 0.6272527472527473
08-Aug-26 16:15:26 - Epoch 176, Model Loss -1.5490339472402934, View Loss -3.369808156505909, Reg 0.3762001753632539
08-Aug-26 16:16:23 - Epoch 177, Model Loss -1.5523331149730808, View Loss -3.4003846567440656, Reg 0.3764084207466225
08-Aug-26 16:17:20 - Epoch 178, Model Loss -1.5424799981460073, View Loss -3.352369305355097, Reg 0.3764693770143721
08-Aug-26 16:18:17 - Epoch 179, Model Loss -1.5462478033078262, View Loss -3.380212344375311, Reg 0.3757272800978492
08-Aug-26 16:19:15 - Epoch 180, Model Loss -1.5436971732993532, View Loss -3.35083568797392, Reg 0.37691602149820014
08-Aug-26 16:19:21 - Epoch 180: Train_acc 0.7434640522875817 Val_acc 0.6535947712418301 Test_acc 0.5968586387434555 Test_auc 0.6415384615384615
08-Aug-26 16:20:18 - Epoch 181, Model Loss -1.551968452977199, View Loss -3.3743857277764215, Reg 0.3759013044288735
08-Aug-26 16:21:15 - Epoch 182, Model Loss -1.5471974042506, View Loss -3.3435538796817554, Reg 0.375831771909801
08-Aug-26 16:22:13 - Epoch 183, Model Loss -1.5445239341336918, View Loss -3.310515515944537, Reg 0.376012173353457
08-Aug-26 16:23:10 - Epoch 184, Model Loss -1.5409664266249712, View Loss -3.3504929542541504, Reg 0.37647372114112954
08-Aug-26 16:24:07 - Epoch 185, Model Loss -1.5409093027800516, View Loss -3.324608830844655, Reg 0.3767174268080518
08-Aug-26 16:24:13 - Epoch 185: Train_acc 0.7450980392156863 Val_acc 0.6862745098039216 Test_acc 0.581151832460733 Test_auc 0.6257142857142858
08-Aug-26 16:25:11 - Epoch 186, Model Loss -1.542925560396481, View Loss -3.3508896921195235, Reg 0.3760768334849987
