Task 7: config=1 fold=2 batch_size=32 emb_dim=512 mij_source=alff_pcc combat=no
The Zen of Python, by Tim Peters

Beautiful is better than ugly.
Explicit is better than implicit.
Simple is better than complex.
Complex is better than complicated.
Flat is better than nested.
Sparse is better than dense.
Readability counts.
Special cases aren't special enough to break the rules.
Although practicality beats purity.
Errors should never pass silently.
Unless explicitly silenced.
In the face of ambiguity, refuse the temptation to guess.
There should be one-- and preferably only one --obvious way to do it.
Although that way may not be obvious at first unless you're Dutch.
Now is better than never.
Although never is often better than *right* now.
If the implementation is hard to explain, it's a bad idea.
If the implementation is easy to explain, it may be a good idea.
Namespaces are one honking great idea -- let's do more of those!
validation time cost : 0.24533 sec
validation time cost : 0.26302 sec
validation time cost : 0.24176 sec
validation time cost : 0.24855 sec
validation time cost : 0.25859 sec
validation time cost : 0.24979 sec
validation time cost : 0.24253 sec
validation time cost : 0.24377 sec
validation time cost : 0.28613 sec
validation time cost : 0.25235 sec
validation time cost : 0.25129 sec
validation time cost : 0.24599 sec
validation time cost : 0.24606 sec
validation time cost : 0.25451 sec
validation time cost : 0.25073 sec
validation time cost : 0.24698 sec
validation time cost : 0.25849 sec
validation time cost : 0.25084 sec
validation time cost : 0.24277 sec
validation time cost : 0.24141 sec
validation time cost : 0.24500 sec
validation time cost : 0.24406 sec
validation time cost : 0.25067 sec
validation time cost : 0.24274 sec
validation time cost : 0.25047 sec
validation time cost : 0.24752 sec
validation time cost : 0.24157 sec
validation time cost : 0.25630 sec
validation time cost : 0.26213 sec
validation time cost : 0.24485 sec
validation time cost : 0.24585 sec
validation time cost : 0.24766 sec
validation time cost : 0.26090 sec
validation time cost : 0.26466 sec
validation time cost : 0.24513 sec
validation time cost : 0.24654 sec
validation time cost : 0.24477 sec
validation time cost : 0.24528 sec
validation time cost : 0.26359 sec
validation time cost : 0.24315 sec
validation time cost : 0.24279 sec
validation time cost : 0.25480 sec
validation time cost : 0.24360 sec
validation time cost : 0.26345 sec
validation time cost : 0.24680 sec
validation time cost : 0.24139 sec
validation time cost : 0.25355 sec
validation time cost : 0.25476 sec
validation time cost : 0.26838 sec
validation time cost : 0.24173 sec
validation time cost : 0.27527 sec
validation time cost : 0.24178 sec
validation time cost : 0.25167 sec
validation time cost : 0.24643 sec
validation time cost : 0.25992 sec
validation time cost : 0.24256 sec
validation time cost : 0.25212 sec
validation time cost : 0.24650 sec
validation time cost : 0.25752 sec
validation time cost : 0.25235 sec
