09-Aug-26 14:00:05 - Using Device: cuda
09-Aug-26 14:00:05 - Seed: 123, Fold: 0, ComBat: True
09-Aug-26 14:00:05 - Namespace(fold=0, combat=True, num_dyn_windows=3, model_lr=0.0005, view_lr=0.0005, num_gc_layers=2, pooling_type='standard', emb_dim=256, vib_hidden_dim=400, batch_size=32, drop_ratio=0.3, epochs=300, kld_lambda=0.003, reg_lambda=0.2, gamma_mode='paper_literal', node_feature_mode='alff_pcc', mij_source='alff_pcc', template=90, eval_interval=5, downstream_classifier='linear', ce_lambda=2.0, seed=123)
09-Aug-26 14:00:05 - Loading raw subject data...
09-Aug-26 14:04:06 - Loaded 956 subjects (455 ASD, 501 NC)
09-Aug-26 14:04:06 - alff_pcc scale stats (train_val_idx only): alff=[-3.4535,4.9657] pcc=[-0.6568,1.0117]
09-Aug-26 14:04:06 - Train/Val/Test sizes: 611/153/192
09-Aug-26 14:05:06 - Epoch 1, Model Loss -0.5987418923167277, View Loss -6.126376129406369, Reg 0.2523017049860057
09-Aug-26 14:06:04 - Epoch 2, Model Loss -1.109867473670972, View Loss -3.868843504723082, Reg 0.18920053041703183
09-Aug-26 14:07:02 - Epoch 3, Model Loss -1.0917632302754054, View Loss -3.6602979416542865, Reg 0.2055288030843688
09-Aug-26 14:08:01 - Epoch 4, Model Loss -1.042940734451219, View Loss -3.293750038708876, Reg 0.2357578327339722
09-Aug-26 14:09:00 - Epoch 5, Model Loss -1.2126039514369933, View Loss -2.928806091096319, Reg 0.19590277879601026
09-Aug-26 14:09:15 - Epoch 5: Train_acc 0.690671031096563 Val_acc 0.6143790849673203 Test_acc 0.609375 Test_auc 0.6478076379066477
09-Aug-26 14:10:13 - Epoch 6, Model Loss -1.2618923202864276, View Loss -2.9492292318328506, Reg 0.18374517023465833
09-Aug-26 14:11:12 - Epoch 7, Model Loss -1.2533381004770532, View Loss -2.8157074080746614, Reg 0.1818707953595881
09-Aug-26 14:12:10 - Epoch 8, Model Loss -1.248726934535999, View Loss -2.7809024934097515, Reg 0.18929313340280723
09-Aug-26 14:13:09 - Epoch 9, Model Loss -1.272997527582946, View Loss -2.747274536938207, Reg 0.1933462687092795
09-Aug-26 14:14:07 - Epoch 10, Model Loss -1.320161654008781, View Loss -2.7189364230379147, Reg 0.18483343927735393
09-Aug-26 14:14:13 - Epoch 10: Train_acc 0.8379705400981997 Val_acc 0.5359477124183006 Test_acc 0.5729166666666666 Test_auc 0.6059188336416059
09-Aug-26 14:15:11 - Epoch 11, Model Loss -1.3128644253345245, View Loss -2.6529219435396834, Reg 0.1875357208880192
09-Aug-26 14:16:10 - Epoch 12, Model Loss -1.3158820569027465, View Loss -2.6489869631253757, Reg 0.185711575998222
09-Aug-26 14:17:08 - Epoch 13, Model Loss -1.3011518437811669, View Loss -2.5845824833197213, Reg 0.195971391302474
09-Aug-26 14:18:06 - Epoch 14, Model Loss -1.3401091243163263, View Loss -2.640366908571334, Reg 0.19050456873718924
09-Aug-26 14:19:05 - Epoch 15, Model Loss -1.3238875206480636, View Loss -2.583547212098117, Reg 0.19243048431440188
09-Aug-26 14:19:11 - Epoch 15: Train_acc 0.7692307692307693 Val_acc 0.5751633986928104 Test_acc 0.578125 Test_auc 0.6433467522576433
09-Aug-26 14:20:10 - Epoch 16, Model Loss -1.344288318715197, View Loss -2.5687600914663262, Reg 0.19105317727731214
09-Aug-26 14:21:08 - Epoch 17, Model Loss -1.3393525804123199, View Loss -2.4820523855143795, Reg 0.19243543086582626
09-Aug-26 14:22:07 - Epoch 18, Model Loss -1.3558783702881558, View Loss -2.568021355205979, Reg 0.18872276133874435
09-Aug-26 14:23:05 - Epoch 19, Model Loss -1.3497120705837118, View Loss -2.531270666325346, Reg 0.19261273624658976
09-Aug-26 14:24:04 - Epoch 20, Model Loss -1.3709517258864183, View Loss -2.487397407744013, Reg 0.18555400836999406
09-Aug-26 14:24:12 - Epoch 20: Train_acc 0.7103109656301145 Val_acc 0.5882352941176471 Test_acc 0.609375 Test_auc 0.6685888369056686
09-Aug-26 14:25:10 - Epoch 21, Model Loss -1.3619991230691513, View Loss -2.4784005784754277, Reg 0.18953698778406103
09-Aug-26 14:26:09 - Epoch 22, Model Loss -1.3726216033710785, View Loss -2.512685914671753, Reg 0.19002674100539493
09-Aug-26 14:27:07 - Epoch 23, Model Loss -1.3814112496258975, View Loss -2.4856571261504277, Reg 0.18987293156098617
09-Aug-26 14:28:05 - Epoch 24, Model Loss -1.3786014363340386, View Loss -2.4836437230024324, Reg 0.1941591666587636
09-Aug-26 14:29:04 - Epoch 25, Model Loss -1.3604021197255036, View Loss -2.3734147747682863, Reg 0.19077930447025113
09-Aug-26 14:29:13 - Epoch 25: Train_acc 0.6955810147299509 Val_acc 0.5947712418300654 Test_acc 0.609375 Test_auc 0.6715264933086716
09-Aug-26 14:30:11 - Epoch 26, Model Loss -1.361882170756788, View Loss -2.4447685084054203, Reg 0.19243180537184795
09-Aug-26 14:31:09 - Epoch 27, Model Loss -1.3705401326942757, View Loss -2.433490132739228, Reg 0.18894273301193248
09-Aug-26 14:32:08 - Epoch 28, Model Loss -1.3749124711156866, View Loss -2.4125353279363506, Reg 0.1866792067763458
09-Aug-26 14:33:06 - Epoch 29, Model Loss -1.3797206644535844, View Loss -2.4234526348582266, Reg 0.19006795822696093
09-Aug-26 14:34:05 - Epoch 30, Model Loss -1.3989175556139157, View Loss -2.441770228933781, Reg 0.18896014888430968
/users/3171356m/miniconda3/envs/grastiacl/lib/python3.12/site-packages/joblib/externals/loky/process_executor.py:782: UserWarning: A worker stopped while some jobs were given to the executor. This can be caused by a too short worker timeout or by a memory leak.
  warnings.warn(
09-Aug-26 14:34:16 - Epoch 30: Train_acc 0.6939443535188216 Val_acc 0.5882352941176471 Test_acc 0.6145833333333334 Test_auc 0.6461756065716462
09-Aug-26 14:35:14 - Epoch 31, Model Loss -1.3711930312423581, View Loss -2.379035289470966, Reg 0.18917327943683257
09-Aug-26 14:36:13 - Epoch 32, Model Loss -1.3837949460930208, View Loss -2.3956238883997143, Reg 0.1905217778955856
09-Aug-26 14:37:11 - Epoch 33, Model Loss -1.3951258448649155, View Loss -2.4100748723930696, Reg 0.18972971759821897
09-Aug-26 14:38:10 - Epoch 34, Model Loss -1.4037061962870647, View Loss -2.4088129224636745, Reg 0.18725650931926482
09-Aug-26 14:39:08 - Epoch 35, Model Loss -1.3940025507525804, View Loss -2.3835544305230125, Reg 0.1908223120260941
09-Aug-26 14:39:17 - Epoch 35: Train_acc 0.7054009819967266 Val_acc 0.6013071895424836 Test_acc 0.5885416666666666 Test_auc 0.6533565444456534
09-Aug-26 14:40:15 - Epoch 36, Model Loss -1.376587352659035, View Loss -2.339115042928393, Reg 0.19247490626115066
09-Aug-26 14:41:14 - Epoch 37, Model Loss -1.4078859213721342, View Loss -2.380216075628752, Reg 0.1908752697530628
09-Aug-26 14:42:12 - Epoch 38, Model Loss -1.4007619726677378, View Loss -2.371115195185385, Reg 0.19032646661987085
09-Aug-26 14:43:10 - Epoch 39, Model Loss -1.404086258134358, View Loss -2.384630150958871, Reg 0.1909756033685906
09-Aug-26 14:44:09 - Epoch 40, Model Loss -1.3836766694064226, View Loss -2.3569607469337077, Reg 0.19635198715275518
09-Aug-26 14:44:19 - Epoch 40: Train_acc 0.7021276595744681 Val_acc 0.5947712418300654 Test_acc 0.5885416666666666 Test_auc 0.6560765966706561
09-Aug-26 14:45:17 - Epoch 41, Model Loss -1.4129706763596854, View Loss -2.3718987049720877, Reg 0.1886343394578381
09-Aug-26 14:46:15 - Epoch 42, Model Loss -1.4187529886998054, View Loss -2.3730440046120003, Reg 0.18967551658762263
09-Aug-26 14:47:14 - Epoch 43, Model Loss -1.41203981686731, View Loss -2.323325725311929, Reg 0.18968470165362725
09-Aug-26 14:48:12 - Epoch 44, Model Loss -1.4219398709248794, View Loss -2.3209310022781797, Reg 0.18856402412178863
09-Aug-26 14:49:11 - Epoch 45, Model Loss -1.408852496826122, View Loss -2.344611533925108, Reg 0.18697856638562269
/users/3171356m/miniconda3/envs/grastiacl/lib/python3.12/site-packages/joblib/externals/loky/process_executor.py:782: UserWarning: A worker stopped while some jobs were given to the executor. This can be caused by a too short worker timeout or by a memory leak.
  warnings.warn(
09-Aug-26 14:49:20 - Epoch 45: Train_acc 0.6939443535188216 Val_acc 0.6143790849673203 Test_acc 0.5989583333333334 Test_auc 0.6496572734196496
09-Aug-26 14:50:18 - Epoch 46, Model Loss -1.4055475743819765, View Loss -2.3266066256209403, Reg 0.1863859946033178
09-Aug-26 14:51:17 - Epoch 47, Model Loss -1.405801301697077, View Loss -2.350381935481744, Reg 0.19181158480199387
09-Aug-26 14:52:16 - Epoch 48, Model Loss -1.4291731932744651, View Loss -2.36140627712743, Reg 0.18906297499341387
09-Aug-26 14:53:14 - Epoch 49, Model Loss -1.4168648259339278, View Loss -2.306645140515217, Reg 0.18993380021931888
09-Aug-26 14:54:12 - Epoch 50, Model Loss -1.427669711667075, View Loss -2.3111741039444693, Reg 0.18753201247432227
09-Aug-26 14:54:21 - Epoch 50: Train_acc 0.7021276595744681 Val_acc 0.6405228758169934 Test_acc 0.5833333333333334 Test_auc 0.6455227940376456
09-Aug-26 14:55:19 - Epoch 51, Model Loss -1.429449943005551, View Loss -2.321797511386403, Reg 0.19027093922301713
09-Aug-26 14:56:17 - Epoch 52, Model Loss -1.4374461275465944, View Loss -2.3625658608107245, Reg 0.18523453866206294
09-Aug-26 14:57:16 - Epoch 53, Model Loss -1.4468585317146563, View Loss -2.3345626372167207, Reg 0.1878960804004716
09-Aug-26 14:58:14 - Epoch 54, Model Loss -1.438911597974562, View Loss -2.294678240868152, Reg 0.18818512758919922
09-Aug-26 14:59:13 - Epoch 55, Model Loss -1.4364288083465127, View Loss -2.2620798882017743, Reg 0.1885953614405934
09-Aug-26 14:59:21 - Epoch 55: Train_acc 0.7004909983633388 Val_acc 0.6013071895424836 Test_acc 0.5989583333333334 Test_auc 0.6585790447176585
09-Aug-26 15:00:19 - Epoch 56, Model Loss -1.43358674182049, View Loss -2.254790366964137, Reg 0.1882383202960175
09-Aug-26 15:01:18 - Epoch 57, Model Loss -1.4184487025983594, View Loss -2.2809460463578493, Reg 0.19200947573454213
09-Aug-26 15:02:16 - Epoch 58, Model Loss -1.4259931514384119, View Loss -2.2516002600399836, Reg 0.18918151316978343
09-Aug-26 15:03:15 - Epoch 59, Model Loss -1.4408824237005606, View Loss -2.2764246569132456, Reg 0.18443495581466127
09-Aug-26 15:04:14 - Epoch 60, Model Loss -1.4305701724050868, View Loss -2.22281387472699, Reg 0.18747353748877194
09-Aug-26 15:04:22 - Epoch 60: Train_acc 0.7054009819967266 Val_acc 0.5816993464052288 Test_acc 0.5989583333333334 Test_auc 0.6537917528016539
09-Aug-26 15:05:20 - Epoch 61, Model Loss -1.4300586190044198, View Loss -2.2348446721140958, Reg 0.18740303782706566
09-Aug-26 15:06:19 - Epoch 62, Model Loss -1.4449373111006867, View Loss -2.2978867680663564, Reg 0.18738796531471216
09-Aug-26 15:07:17 - Epoch 63, Model Loss -1.4490812406212141, View Loss -2.4357689991715303, Reg 0.19212032422886738
09-Aug-26 15:08:16 - Epoch 64, Model Loss -1.3920882883711845, View Loss -2.238348030614775, Reg 0.19474795104633963
09-Aug-26 15:09:14 - Epoch 65, Model Loss -1.4372895758983155, View Loss -2.2237586342956743, Reg 0.18870315048386344
09-Aug-26 15:09:23 - Epoch 65: Train_acc 0.707037643207856 Val_acc 0.6013071895424836 Test_acc 0.6197916666666666 Test_auc 0.6520509193776521
09-Aug-26 15:10:21 - Epoch 66, Model Loss -1.421964503349142, View Loss -2.198233626282937, Reg 0.1872269106989211
09-Aug-26 15:11:20 - Epoch 67, Model Loss -1.431043183159711, View Loss -2.2407237870798564, Reg 0.18752798750240557
09-Aug-26 15:12:18 - Epoch 68, Model Loss -1.4433720989820416, View Loss -2.2725465910329365, Reg 0.18657197167947523
09-Aug-26 15:13:16 - Epoch 69, Model Loss -1.4461731075655224, View Loss -2.2688884898995805, Reg 0.18768671853696461
09-Aug-26 15:14:15 - Epoch 70, Model Loss -1.4431989548054147, View Loss -2.2480302715457596, Reg 0.1859295837666516
09-Aug-26 15:14:20 - Epoch 70: Train_acc 0.6808510638297872 Val_acc 0.6143790849673203 Test_acc 0.5885416666666666 Test_auc 0.6467196170166466
09-Aug-26 15:15:19 - Epoch 71, Model Loss -1.4562673428249828, View Loss -2.2568763422302647, Reg 0.18639717008400275
09-Aug-26 15:16:17 - Epoch 72, Model Loss -1.4477307823793002, View Loss -2.2571536796182734, Reg 0.18394743015840284
09-Aug-26 15:17:16 - Epoch 73, Model Loss -1.4196833456011333, View Loss -2.223900016903292, Reg 0.1918990522281628
09-Aug-26 15:18:15 - Epoch 74, Model Loss -1.4444411944250428, View Loss -2.246805052125122, Reg 0.187706286139457
09-Aug-26 15:19:13 - Epoch 75, Model Loss -1.4583288690657545, View Loss -2.2252909594784, Reg 0.1861863335054947
09-Aug-26 15:19:20 - Epoch 75: Train_acc 0.6923076923076923 Val_acc 0.6339869281045751 Test_acc 0.6041666666666666 Test_auc 0.652921336089653
09-Aug-26 15:20:18 - Epoch 76, Model Loss -1.4464300736272784, View Loss -2.247348593416854, Reg 0.18731040191728432
09-Aug-26 15:21:17 - Epoch 77, Model Loss -1.435276409217847, View Loss -2.1956002037185693, Reg 0.18693242385471315
09-Aug-26 15:22:15 - Epoch 78, Model Loss -1.4325481389821453, View Loss -2.1429586199808823, Reg 0.18551255540644868
09-Aug-26 15:23:13 - Epoch 79, Model Loss -1.4372956343056138, View Loss -2.1964969791093942, Reg 0.18702554158902987
09-Aug-26 15:24:12 - Epoch 80, Model Loss -1.4500925950645034, View Loss -2.213882520429046, Reg 0.1859675041245946
09-Aug-26 15:24:22 - Epoch 80: Train_acc 0.707037643207856 Val_acc 0.6274509803921569 Test_acc 0.6145833333333334 Test_auc 0.6636927429006637
09-Aug-26 15:25:20 - Epoch 81, Model Loss -1.4420960109479688, View Loss -2.194986356650944, Reg 0.18614608051831516
09-Aug-26 15:26:19 - Epoch 82, Model Loss -1.4538478289415324, View Loss -2.2467023315679424, Reg 0.18634810443790767
09-Aug-26 15:27:17 - Epoch 83, Model Loss -1.45126831394951, View Loss -2.2479259082026255, Reg 0.18758504824337904
09-Aug-26 15:28:16 - Epoch 84, Model Loss -1.4542237740686794, View Loss -2.233789991044764, Reg 0.18607712957745878
09-Aug-26 15:29:14 - Epoch 85, Model Loss -1.4439193059106505, View Loss -2.2572610436796947, Reg 0.1882364882092234
/users/3171356m/miniconda3/envs/grastiacl/lib/python3.12/site-packages/joblib/externals/loky/process_executor.py:782: UserWarning: A worker stopped while some jobs were given to the executor. This can be caused by a too short worker timeout or by a memory leak.
  warnings.warn(
09-Aug-26 15:29:29 - Epoch 85: Train_acc 0.7037643207855974 Val_acc 0.6143790849673203 Test_acc 0.6197916666666666 Test_auc 0.6552061799586552
09-Aug-26 15:30:28 - Epoch 86, Model Loss -1.4594989181930618, View Loss -2.269355492974264, Reg 0.18750994197670645
09-Aug-26 15:31:26 - Epoch 87, Model Loss -1.449623076693321, View Loss -2.207754867166622, Reg 0.18710589335710054
09-Aug-26 15:32:25 - Epoch 88, Model Loss -1.4587344920381586, View Loss -2.240846619083136, Reg 0.18436531100647735
09-Aug-26 15:33:23 - Epoch 89, Model Loss -1.4558072706681422, View Loss -2.2003256131311093, Reg 0.18773281735211075
09-Aug-26 15:34:22 - Epoch 90, Model Loss -1.4492703014817059, View Loss -2.2191745856389673, Reg 0.18577044414517924
09-Aug-26 15:34:35 - Epoch 90: Train_acc 0.6923076923076923 Val_acc 0.6274509803921569 Test_acc 0.6041666666666666 Test_auc 0.6502012838646503
09-Aug-26 15:35:33 - Epoch 91, Model Loss -1.4639027778138505, View Loss -2.2831062802316318, Reg 0.18495067766274642
09-Aug-26 15:36:31 - Epoch 92, Model Loss -1.4617394261586492, View Loss -2.2329735958829837, Reg 0.18609666046358755
09-Aug-26 15:37:30 - Epoch 93, Model Loss -1.4404115544208334, View Loss -2.198922574032348, Reg 0.18541071582250235
09-Aug-26 15:38:28 - Epoch 94, Model Loss -1.4518959721254638, View Loss -2.2276137885797627, Reg 0.1833108496012352
09-Aug-26 15:39:27 - Epoch 95, Model Loss -1.4621378333595887, View Loss -2.2495696173947297, Reg 0.18646238317466213
09-Aug-26 15:39:42 - Epoch 95: Train_acc 0.7184942716857611 Val_acc 0.6078431372549019 Test_acc 0.609375 Test_auc 0.6494396692416494
09-Aug-26 15:40:41 - Epoch 96, Model Loss -1.4527499952800145, View Loss -2.2265258420703846, Reg 0.18733336882583443
09-Aug-26 15:41:39 - Epoch 97, Model Loss -1.4612043009256965, View Loss -2.2194677273302346, Reg 0.1843872499787866
09-Aug-26 15:42:37 - Epoch 98, Model Loss -1.464772332904772, View Loss -2.2230206058770663, Reg 0.18714958243986587
09-Aug-26 15:43:37 - Epoch 99, Model Loss -1.4707209264002923, View Loss -2.2252085743481125, Reg 0.1865821753898346
09-Aug-26 15:44:35 - Epoch 100, Model Loss -1.4677397717040417, View Loss -2.2659344384401012, Reg 0.183087520301342
09-Aug-26 15:44:51 - Epoch 100: Train_acc 0.7168576104746317 Val_acc 0.6143790849673203 Test_acc 0.6197916666666666 Test_auc 0.6519421172886519
09-Aug-26 15:45:50 - Epoch 101, Model Loss -1.4620792182884903, View Loss -2.2252955678637014, Reg 0.18597926457950603
09-Aug-26 15:46:48 - Epoch 102, Model Loss -1.4624838079836482, View Loss -2.2379263762366364, Reg 0.18755272067412612
09-Aug-26 15:47:46 - Epoch 103, Model Loss -1.4540568662353115, View Loss -2.2346257086471333, Reg 0.1898859999281295
09-Aug-26 15:48:45 - Epoch 104, Model Loss -1.4649759353475367, View Loss -2.2098309100161986, Reg 0.18573443123342168
09-Aug-26 15:49:44 - Epoch 105, Model Loss -1.4589864103376573, View Loss -2.211484152049363, Reg 0.1859259577117458
09-Aug-26 15:49:58 - Epoch 105: Train_acc 0.7086743044189853 Val_acc 0.6078431372549019 Test_acc 0.640625 Test_auc 0.644978783592645
09-Aug-26 15:50:56 - Epoch 106, Model Loss -1.475760711195426, View Loss -2.235998791290383, Reg 0.1847141146318417
09-Aug-26 15:51:55 - Epoch 107, Model Loss -1.469524363253979, View Loss -2.236369822887664, Reg 0.1877546033375392
09-Aug-26 15:52:53 - Epoch 108, Model Loss -1.4780101136177926, View Loss -2.248766451147301, Reg 0.1847772708013288
09-Aug-26 15:53:52 - Epoch 109, Model Loss -1.472955353326376, View Loss -2.2271908230945443, Reg 0.1863489579744698
09-Aug-26 15:54:50 - Epoch 110, Model Loss -1.472589502162902, View Loss -2.2200895542013663, Reg 0.18496916378480907
09-Aug-26 15:55:03 - Epoch 110: Train_acc 0.7021276595744681 Val_acc 0.6143790849673203 Test_acc 0.5989583333333334 Test_auc 0.6442171689696442
09-Aug-26 15:56:02 - Epoch 111, Model Loss -1.4747674000829019, View Loss -2.2339487856226543, Reg 0.1892694878695249
09-Aug-26 15:57:00 - Epoch 112, Model Loss -1.4682189891459314, View Loss -2.2530643499034126, Reg 0.18662827290021455
09-Aug-26 15:57:59 - Epoch 113, Model Loss -1.4776005503003609, View Loss -2.2368074860393317, Reg 0.18614668507622814
09-Aug-26 15:58:57 - Epoch 114, Model Loss -1.4822275712720305, View Loss -2.2588926836628764, Reg 0.1876941784216417
09-Aug-26 15:59:56 - Epoch 115, Model Loss -1.4698125960979056, View Loss -2.226702295231546, Reg 0.18456712506601736
09-Aug-26 16:00:10 - Epoch 115: Train_acc 0.690671031096563 Val_acc 0.5882352941176471 Test_acc 0.6145833333333334 Test_auc 0.6388858666086389
09-Aug-26 16:01:08 - Epoch 116, Model Loss -1.4529117156557874, View Loss -2.194397250486084, Reg 0.18667292385171555
09-Aug-26 16:02:07 - Epoch 117, Model Loss -1.4715405962080885, View Loss -2.2068568462240714, Reg 0.18531710489877118
09-Aug-26 16:03:05 - Epoch 118, Model Loss -1.4666075542593549, View Loss -2.1875001342323914, Reg 0.18601378283894784
09-Aug-26 16:04:03 - Epoch 119, Model Loss -1.4636009874983817, View Loss -2.207014245409427, Reg 0.18623387167282074
09-Aug-26 16:05:02 - Epoch 120, Model Loss -1.465555480576186, View Loss -2.207855652280018, Reg 0.18537557700651952
09-Aug-26 16:05:16 - Epoch 120: Train_acc 0.7004909983633388 Val_acc 0.5882352941176471 Test_acc 0.6302083333333334 Test_auc 0.6566206071156567
09-Aug-26 16:06:14 - Epoch 121, Model Loss -1.4694442686589766, View Loss -2.2086697264700983, Reg 0.1858095703753239
09-Aug-26 16:07:12 - Epoch 122, Model Loss -1.4704906249787726, View Loss -2.2195874844752437, Reg 0.18450944740233757
09-Aug-26 16:08:11 - Epoch 123, Model Loss -1.4765927522350255, View Loss -2.235662888778212, Reg 0.18611192889816436
09-Aug-26 16:09:09 - Epoch 124, Model Loss -1.4627329674953329, View Loss -2.1721117164811603, Reg 0.1858091304618286
09-Aug-26 16:10:08 - Epoch 125, Model Loss -1.4623376507610815, View Loss -2.2006959509342274, Reg 0.1878141208922219
09-Aug-26 16:10:19 - Epoch 125: Train_acc 0.851063829787234 Val_acc 0.5490196078431373 Test_acc 0.5625 Test_auc 0.5744750299205745
09-Aug-26 16:11:18 - Epoch 126, Model Loss -1.4646986892687708, View Loss -2.2176300804275537, Reg 0.18577826970581532
09-Aug-26 16:12:16 - Epoch 127, Model Loss -1.4708066033458553, View Loss -2.2139850045186993, Reg 0.18617118936513724
09-Aug-26 16:13:15 - Epoch 128, Model Loss -1.4791419845556082, View Loss -2.2083266308186684, Reg 0.18689647565691833
09-Aug-26 16:14:13 - Epoch 129, Model Loss -1.462898608705611, View Loss -2.1352977526363492, Reg 0.1870168086793731
09-Aug-26 16:15:12 - Epoch 130, Model Loss -1.4720637919274562, View Loss -2.2044936506330672, Reg 0.18605150118982344
09-Aug-26 16:15:24 - Epoch 130: Train_acc 0.7659574468085106 Val_acc 0.5686274509803921 Test_acc 0.5833333333333334 Test_auc 0.6015667500816015
09-Aug-26 16:16:22 - Epoch 131, Model Loss -1.467955055486551, View Loss -2.224965832237331, Reg 0.18604643149042285
09-Aug-26 16:17:21 - Epoch 132, Model Loss -1.4794849592418016, View Loss -2.221175726814083, Reg 0.1845955581887459
09-Aug-26 16:18:19 - Epoch 133, Model Loss -1.4762190414528604, View Loss -2.2262012174203627, Reg 0.1870914930797833
09-Aug-26 16:19:17 - Epoch 134, Model Loss -1.4725430827289088, View Loss -2.2211358262357073, Reg 0.18736349292550658
09-Aug-26 16:20:16 - Epoch 135, Model Loss -1.4767893324507044, View Loss -2.227403617334444, Reg 0.18625765843789432
09-Aug-26 16:20:24 - Epoch 135: Train_acc 0.6824877250409165 Val_acc 0.6209150326797386 Test_acc 0.609375 Test_auc 0.6507452943096508
09-Aug-26 16:21:22 - Epoch 136, Model Loss -1.4814858413171845, View Loss -2.2223041599979183, Reg 0.18603664992678964
09-Aug-26 16:22:21 - Epoch 137, Model Loss -1.479205182258119, View Loss -2.2159209477725863, Reg 0.18607670276040142
09-Aug-26 16:23:20 - Epoch 138, Model Loss -1.4766470757717, View Loss -2.2116330025043895, Reg 0.18505084475596875
09-Aug-26 16:24:18 - Epoch 139, Model Loss -1.474203221341397, View Loss -2.244234301259592, Reg 0.1875110563201717
09-Aug-26 16:25:17 - Epoch 140, Model Loss -1.4868896425063014, View Loss -2.2668256299195235, Reg 0.1874317113682018
/users/3171356m/miniconda3/envs/grastiacl/lib/python3.12/site-packages/joblib/externals/loky/process_executor.py:782: UserWarning: A worker stopped while some jobs were given to the executor. This can be caused by a too short worker timeout or by a memory leak.
  warnings.warn(
09-Aug-26 16:25:31 - Epoch 140: Train_acc 0.8723404255319149 Val_acc 0.5947712418300654 Test_acc 0.5520833333333334 Test_auc 0.5734958111195735
09-Aug-26 16:26:29 - Epoch 141, Model Loss -1.4681725665902545, View Loss -2.1383393478081385, Reg 0.1883290788058173
09-Aug-26 16:27:27 - Epoch 142, Model Loss -1.4686961259857527, View Loss -2.187858519889719, Reg 0.18676124022947396
09-Aug-26 16:28:26 - Epoch 143, Model Loss -1.4666581762597917, View Loss -2.184807372366348, Reg 0.18665770164488185
09-Aug-26 16:29:24 - Epoch 144, Model Loss -1.4746013577362909, View Loss -2.215002285478158, Reg 0.1860901881161766
09-Aug-26 16:30:23 - Epoch 145, Model Loss -1.4728426582099179, View Loss -2.190315093619539, Reg 0.18615823696365918
/users/3171356m/miniconda3/envs/grastiacl/lib/python3.12/site-packages/joblib/externals/loky/process_executor.py:782: UserWarning: A worker stopped while some jobs were given to the executor. This can be caused by a too short worker timeout or by a memory leak.
  warnings.warn(
09-Aug-26 16:30:40 - Epoch 145: Train_acc 0.8494271685761048 Val_acc 0.5163398692810458 Test_acc 0.546875 Test_auc 0.5820911761505821
09-Aug-26 16:31:38 - Epoch 146, Model Loss -1.4765695058382475, View Loss -2.219140204197061, Reg 0.186727659401839
09-Aug-26 16:32:37 - Epoch 147, Model Loss -1.4791501321496043, View Loss -2.2312707916609393, Reg 0.18710493534169298
09-Aug-26 16:33:35 - Epoch 148, Model Loss -1.4668631358544681, View Loss -2.2173489860934246, Reg 0.18631497188890428
09-Aug-26 16:34:33 - Epoch 149, Model Loss -1.4721190215327735, View Loss -2.1908127032403275, Reg 0.18486677078490563
09-Aug-26 16:35:32 - Epoch 150, Model Loss -1.4791399336095332, View Loss -2.2154641736743885, Reg 0.18595157241762758
09-Aug-26 16:35:39 - Epoch 150: Train_acc 0.8494271685761048 Val_acc 0.5816993464052288 Test_acc 0.5208333333333334 Test_auc 0.5667500816015668
09-Aug-26 16:36:37 - Epoch 151, Model Loss -1.4788235228892823, View Loss -2.214514677731378, Reg 0.18474828255547243
09-Aug-26 16:37:35 - Epoch 152, Model Loss -1.4627738037983447, View Loss -2.087130322589031, Reg 0.18702824165017243
09-Aug-26 16:38:34 - Epoch 153, Model Loss -1.4779288046878996, View Loss -2.1983406079381265, Reg 0.1856221018416987
09-Aug-26 16:39:32 - Epoch 154, Model Loss -1.4812559948810384, View Loss -2.215187450477613, Reg 0.1868666146810238
09-Aug-26 16:40:31 - Epoch 155, Model Loss -1.482513028939305, View Loss -2.206679266915579, Reg 0.1847810641833491
09-Aug-26 16:40:42 - Epoch 155: Train_acc 0.6923076923076923 Val_acc 0.5882352941176471 Test_acc 0.609375 Test_auc 0.6373626373626374
09-Aug-26 16:41:40 - Epoch 156, Model Loss -1.4447095554120801, View Loss -2.196658228110955, Reg 0.18994850929942342
09-Aug-26 16:42:39 - Epoch 157, Model Loss -1.4776805949484269, View Loss -2.2062458640814997, Reg 0.1863702816824671
09-Aug-26 16:43:37 - Epoch 158, Model Loss -1.4634124058163107, View Loss -2.1766679353292564, Reg 0.1859686774630008
09-Aug-26 16:44:36 - Epoch 159, Model Loss -1.484868357107409, View Loss -2.205349212777595, Reg 0.1859040695643464
09-Aug-26 16:45:34 - Epoch 160, Model Loss -1.491118630879054, View Loss -2.238295804849428, Reg 0.1848611247568786
09-Aug-26 16:45:46 - Epoch 160: Train_acc 0.707037643207856 Val_acc 0.6013071895424836 Test_acc 0.5885416666666666 Test_auc 0.6343161788706343
09-Aug-26 16:46:44 - Epoch 161, Model Loss -1.4939878849273032, View Loss -2.2369538001264955, Reg 0.185859070301251
09-Aug-26 16:47:42 - Epoch 162, Model Loss -1.4840411570185335, View Loss -2.209396810266273, Reg 0.18552377473703188
09-Aug-26 16:48:41 - Epoch 163, Model Loss -1.4834487590383976, View Loss -2.2271626545832706, Reg 0.18466957298804032
09-Aug-26 16:49:40 - Epoch 164, Model Loss -1.470190326047607, View Loss -2.1857417546785793, Reg 0.18704132130903034
09-Aug-26 16:50:38 - Epoch 165, Model Loss -1.4899344795464298, View Loss -2.221259291160321, Reg 0.18756497252592283
09-Aug-26 16:50:48 - Epoch 165: Train_acc 0.6988543371522095 Val_acc 0.6143790849673203 Test_acc 0.6197916666666666 Test_auc 0.6331193558916332
09-Aug-26 16:51:47 - Epoch 166, Model Loss -1.488463400233592, View Loss -2.2073757410439647, Reg 0.1865114942802735
09-Aug-26 16:52:45 - Epoch 167, Model Loss -1.48685123409265, View Loss -2.1763369307385334, Reg 0.18550827352973326
09-Aug-26 16:53:43 - Epoch 168, Model Loss -1.4928935467709106, View Loss -2.228882097378495, Reg 0.18449669893459095
09-Aug-26 16:54:42 - Epoch 169, Model Loss -1.4878171485301515, View Loss -2.1915892321622508, Reg 0.1841214520890272
09-Aug-26 16:55:40 - Epoch 170, Model Loss -1.4919946767304415, View Loss -2.203961800046131, Reg 0.18495782458645624
09-Aug-26 16:55:54 - Epoch 170: Train_acc 0.6988543371522095 Val_acc 0.6143790849673203 Test_acc 0.6197916666666666 Test_auc 0.6385594603416385
09-Aug-26 16:56:52 - Epoch 171, Model Loss -1.484073656085275, View Loss -2.182992485658237, Reg 0.18534382304661404
09-Aug-26 16:57:51 - Epoch 172, Model Loss -1.485438195461142, View Loss -2.211783239767321, Reg 0.1811633616466374
09-Aug-26 16:58:49 - Epoch 173, Model Loss -1.486800018191923, View Loss -2.2002805469469235, Reg 0.18612591529633918
09-Aug-26 16:59:47 - Epoch 174, Model Loss -1.4973749732034687, View Loss -2.2076142860512493, Reg 0.18685845816096386
09-Aug-26 17:00:46 - Epoch 175, Model Loss -1.47350626803459, View Loss -2.1236698982563427, Reg 0.18481622938731299
09-Aug-26 17:00:57 - Epoch 175: Train_acc 0.8363338788870703 Val_acc 0.5555555555555556 Test_acc 0.546875 Test_auc 0.6176694592536177
09-Aug-26 17:01:55 - Epoch 176, Model Loss -1.4793229469886193, View Loss -2.166707506351502, Reg 0.18321522250893463
09-Aug-26 17:02:54 - Epoch 177, Model Loss -1.4747655075622659, View Loss -2.1472580655311795, Reg 0.18669023102609694
09-Aug-26 17:03:52 - Epoch 178, Model Loss -1.4899114259136095, View Loss -2.20335307800243, Reg 0.1834965479939737
09-Aug-26 17:04:51 - Epoch 179, Model Loss -1.4852566289823692, View Loss -2.1962295991114043, Reg 0.1857750640173005
09-Aug-26 17:05:49 - Epoch 180, Model Loss -1.4912823569364906, View Loss -2.195128405737994, Reg 0.1850971222996907
09-Aug-26 17:06:00 - Epoch 180: Train_acc 0.7054009819967266 Val_acc 0.6209150326797386 Test_acc 0.578125 Test_auc 0.624959199216625
09-Aug-26 17:06:59 - Epoch 181, Model Loss -1.4778021548656708, View Loss -2.1800080922153304, Reg 0.1845022846751049
09-Aug-26 17:07:57 - Epoch 182, Model Loss -1.4809421595496943, View Loss -2.1978493267502603, Reg 0.18408723436478897
09-Aug-26 17:08:56 - Epoch 183, Model Loss -1.4852335878362828, View Loss -2.1989529183570373, Reg 0.18502513100979956
09-Aug-26 17:09:54 - Epoch 184, Model Loss -1.4856861476617242, View Loss -2.186776671589104, Reg 0.18486683126752387
09-Aug-26 17:10:52 - Epoch 185, Model Loss -1.4805829060643472, View Loss -2.1798693958163846, Reg 0.18303205480161938
09-Aug-26 17:11:04 - Epoch 185: Train_acc 0.8821603927986906 Val_acc 0.5424836601307189 Test_acc 0.546875 Test_auc 0.5643564356435644
09-Aug-26 17:12:02 - Epoch 186, Model Loss -1.4754058850377358, View Loss -2.148730722074618, Reg 0.18570207038653463
09-Aug-26 17:13:01 - Epoch 187, Model Loss -1.4775013018356797, View Loss -2.1907948464301525, Reg 0.18536304422759387
09-Aug-26 17:13:59 - Epoch 188, Model Loss -1.4861642920249027, View Loss -2.207710565014479, Reg 0.18210599889731838
09-Aug-26 17:14:58 - Epoch 189, Model Loss -1.4913171754140901, View Loss -2.2110675274838014, Reg 0.18577926507167847
09-Aug-26 17:15:56 - Epoch 190, Model Loss -1.4877096767706488, View Loss -2.215880280040485, Reg 0.18301924511960993
09-Aug-26 17:16:07 - Epoch 190: Train_acc 0.6939443535188216 Val_acc 0.6209150326797386 Test_acc 0.578125 Test_auc 0.6187574801436186
09-Aug-26 17:17:05 - Epoch 191, Model Loss -1.4922238442004214, View Loss -2.213058304669619, Reg 0.18476467436932503
09-Aug-26 17:18:03 - Epoch 192, Model Loss -1.4856982285769598, View Loss -2.175045964760788, Reg 0.1853281191737679
09-Aug-26 17:19:02 - Epoch 193, Model Loss -1.483529880667279, View Loss -2.189372336610835, Reg 0.18500738965313876
09-Aug-26 17:20:00 - Epoch 194, Model Loss -1.4860017077232148, View Loss -2.204588769110447, Reg 0.18499855097206447
09-Aug-26 17:20:59 - Epoch 195, Model Loss -1.5040183106342822, View Loss -2.2313518438323623, Reg 0.18366235738495174
/users/3171356m/miniconda3/envs/grastiacl/lib/python3.12/site-packages/joblib/externals/loky/process_executor.py:782: UserWarning: A worker stopped while some jobs were given to the executor. This can be caused by a too short worker timeout or by a memory leak.
  warnings.warn(
09-Aug-26 17:21:12 - Epoch 195: Train_acc 0.6923076923076923 Val_acc 0.6078431372549019 Test_acc 0.5729166666666666 Test_auc 0.621042324012621
09-Aug-26 17:22:11 - Epoch 196, Model Loss -1.4963985839569043, View Loss -2.190775638711433, Reg 0.18395294417336022
09-Aug-26 17:23:09 - Epoch 197, Model Loss -1.4971481969430678, View Loss -2.2232655838936712, Reg 0.185593443884592
09-Aug-26 17:24:07 - Epoch 198, Model Loss -1.485865592956543, View Loss -2.164733741560466, Reg 0.18395773529908857
09-Aug-26 17:25:06 - Epoch 199, Model Loss -1.4854570793051962, View Loss -2.1714255852707085, Reg 0.18406674817033758
09-Aug-26 17:26:04 - Epoch 200, Model Loss -1.4711090000483487, View Loss -2.149902292242222, Reg 0.18443965414346922
09-Aug-26 17:26:18 - Epoch 200: Train_acc 0.6972176759410802 Val_acc 0.5947712418300654 Test_acc 0.59375 Test_auc 0.6286584702426287
09-Aug-26 17:27:17 - Epoch 201, Model Loss -1.4756407417759372, View Loss -2.2078900766450724, Reg 0.1842058784345168
09-Aug-26 17:28:15 - Epoch 202, Model Loss -1.4878428079882933, View Loss -2.1937398044255283, Reg 0.1854242387909058
09-Aug-26 17:29:13 - Epoch 203, Model Loss -1.4935663694640813, View Loss -2.213119542735298, Reg 0.18324345301489198
09-Aug-26 17:30:12 - Epoch 204, Model Loss -1.479799754490829, View Loss -2.184076693951596, Reg 0.18583391638512306
09-Aug-26 17:31:10 - Epoch 205, Model Loss -1.4880174724247959, View Loss -2.1789951043511375, Reg 0.18270181987660217
09-Aug-26 17:31:24 - Epoch 205: Train_acc 0.7806873977086743 Val_acc 0.5947712418300654 Test_acc 0.6041666666666666 Test_auc 0.647916439995648
09-Aug-26 17:32:23 - Epoch 206, Model Loss -1.4923473504873424, View Loss -2.1940100594940435, Reg 0.1847289680410329
09-Aug-26 17:33:21 - Epoch 207, Model Loss -1.4918910462025146, View Loss -2.1979307316719217, Reg 0.18303828938893132
09-Aug-26 17:34:19 - Epoch 208, Model Loss -1.4820079179130092, View Loss -2.17267255033877, Reg 0.1835831293741732
09-Aug-26 17:35:18 - Epoch 209, Model Loss -1.49270339722329, View Loss -2.194673483578546, Reg 0.18387222272967355
09-Aug-26 17:36:16 - Epoch 210, Model Loss -1.498745956514549, View Loss -2.2100570330643223, Reg 0.1840528512157122
09-Aug-26 17:36:35 - Epoch 210: Train_acc 0.7577741407528642 Val_acc 0.5882352941176471 Test_acc 0.609375 Test_auc 0.6320313350016321
09-Aug-26 17:37:34 - Epoch 211, Model Loss -1.481689290017036, View Loss -2.1311694533852235, Reg 0.1846032229948746
09-Aug-26 17:38:32 - Epoch 212, Model Loss -1.4943022220692737, View Loss -2.1803981465715823, Reg 0.18333331530886274
09-Aug-26 17:39:31 - Epoch 213, Model Loss -1.497474686018574, View Loss -2.181330116602871, Reg 0.1845773304347711
09-Aug-26 17:40:29 - Epoch 214, Model Loss -1.4710874479453029, View Loss -2.1351407990713165, Reg 0.1831134406151631
09-Aug-26 17:41:28 - Epoch 215, Model Loss -1.4918517785454732, View Loss -2.1723838664115744, Reg 0.18280231811215952
09-Aug-26 17:41:44 - Epoch 215: Train_acc 0.6890343698854338 Val_acc 0.6339869281045751 Test_acc 0.609375 Test_auc 0.6451963877706451
09-Aug-26 17:42:43 - Epoch 216, Model Loss -1.494437259074709, View Loss -2.1523349257811, Reg 0.18386690810005715
09-Aug-26 17:43:41 - Epoch 217, Model Loss -1.4735178354328862, View Loss -2.1189523937269046, Reg 0.1856816907561157
09-Aug-26 17:44:39 - Epoch 218, Model Loss -1.4889927050876148, View Loss -2.161734150981747, Reg 0.1840277336867078
09-Aug-26 17:45:38 - Epoch 219, Model Loss -1.4888035123359942, View Loss -2.1803326513099983, Reg 0.1841907628039096
09-Aug-26 17:46:37 - Epoch 220, Model Loss -1.4701259943935563, View Loss -2.1116042667832193, Reg 0.1833544594956693
09-Aug-26 17:46:48 - Epoch 220: Train_acc 0.8134206219312602 Val_acc 0.5555555555555556 Test_acc 0.59375 Test_auc 0.597976281144598
09-Aug-26 17:47:47 - Epoch 221, Model Loss -1.4781104343807638, View Loss -2.17518403760345, Reg 0.1787662486836875
09-Aug-26 17:48:45 - Epoch 222, Model Loss -1.4660014481864467, View Loss -2.1330484758617443, Reg 0.18586056809963844
09-Aug-26 17:49:43 - Epoch 223, Model Loss -1.4891449823707292, View Loss -2.182963740415932, Reg 0.183453020824153
09-Aug-26 17:50:42 - Epoch 224, Model Loss -1.4699412157024376, View Loss -2.1608583353545194, Reg 0.1818428141005496
09-Aug-26 17:51:40 - Epoch 225, Model Loss -1.464281288184433, View Loss -2.126780685543429, Reg 0.183765177592123
/users/3171356m/miniconda3/envs/grastiacl/lib/python3.12/site-packages/joblib/externals/loky/process_executor.py:782: UserWarning: A worker stopped while some jobs were given to the executor. This can be caused by a too short worker timeout or by a memory leak.
  warnings.warn(
09-Aug-26 17:51:57 - Epoch 225: Train_acc 0.7577741407528642 Val_acc 0.5686274509803921 Test_acc 0.578125 Test_auc 0.5976498748775976
09-Aug-26 17:52:56 - Epoch 226, Model Loss -1.482599419189553, View Loss -2.1782467517446964, Reg 0.18443808569260392
09-Aug-26 17:53:55 - Epoch 227, Model Loss -1.4784698423894453, View Loss -2.136235628892864, Reg 0.18451740470167657
09-Aug-26 17:54:53 - Epoch 228, Model Loss -1.486613132364426, View Loss -2.163475085787609, Reg 0.18284935129839933
09-Aug-26 17:55:51 - Epoch 229, Model Loss -1.4910673619097072, View Loss -2.188245039719802, Reg 0.18378919045975867
09-Aug-26 17:56:50 - Epoch 230, Model Loss -1.4992532074548999, View Loss -2.1969513822889564, Reg 0.18442025331935788
/users/3171356m/miniconda3/envs/grastiacl/lib/python3.12/site-packages/joblib/externals/loky/process_executor.py:782: UserWarning: A worker stopped while some jobs were given to the executor. This can be caused by a too short worker timeout or by a memory leak.
  warnings.warn(
09-Aug-26 17:57:07 - Epoch 230: Train_acc 0.8150572831423896 Val_acc 0.5490196078431373 Test_acc 0.6041666666666666 Test_auc 0.6070068545316071
09-Aug-26 17:58:05 - Epoch 231, Model Loss -1.4855653744087283, View Loss -2.1469124803371398, Reg 0.18324690284100764
09-Aug-26 17:59:04 - Epoch 232, Model Loss -1.4955145793733737, View Loss -2.1884627240769405, Reg 0.18240398678276232
09-Aug-26 18:00:02 - Epoch 233, Model Loss -1.4948366449234334, View Loss -2.1998776351566596, Reg 0.18299174477055108
09-Aug-26 18:01:01 - Epoch 234, Model Loss -1.4888427737496683, View Loss -2.179102064934963, Reg 0.18072806632850447
09-Aug-26 18:01:59 - Epoch 235, Model Loss -1.496602108357581, View Loss -2.2101436285652625, Reg 0.1844677586114543
09-Aug-26 18:02:15 - Epoch 235: Train_acc 0.8477905073649754 Val_acc 0.5359477124183006 Test_acc 0.578125 Test_auc 0.5804591448155805
09-Aug-26 18:03:14 - Epoch 236, Model Loss -1.487652499234813, View Loss -2.2339786593535527, Reg 0.1856273989484275
09-Aug-26 18:04:12 - Epoch 237, Model Loss -1.4947696231586063, View Loss -2.195938670693755, Reg 0.18454613106145407
09-Aug-26 18:05:10 - Epoch 238, Model Loss -1.5059441216838731, View Loss -2.211901477432875, Reg 0.18317510748553392
09-Aug-26 18:06:09 - Epoch 239, Model Loss -1.49488377610127, View Loss -2.1778634449073806, Reg 0.18397024366547354
09-Aug-26 18:07:07 - Epoch 240, Model Loss -1.5051444852800884, View Loss -2.195299882155198, Reg 0.1838707256629307
09-Aug-26 18:07:16 - Epoch 240: Train_acc 0.8576104746317512 Val_acc 0.5555555555555556 Test_acc 0.6041666666666666 Test_auc 0.5944946142965946
09-Aug-26 18:08:15 - Epoch 241, Model Loss -1.504229387167823, View Loss -2.207463219200921, Reg 0.1844919744494894
09-Aug-26 18:09:13 - Epoch 242, Model Loss -1.4987184341917648, View Loss -2.175574013917614, Reg 0.18239053796043958
09-Aug-26 18:10:11 - Epoch 243, Model Loss -1.4900054432171261, View Loss -2.1646938956115522, Reg 0.18349752122758844
09-Aug-26 18:11:10 - Epoch 244, Model Loss -1.5043945624668353, View Loss -2.2034710526661474, Reg 0.18331299129562564
09-Aug-26 18:12:08 - Epoch 245, Model Loss -1.502714977326838, View Loss -2.2002507504776925, Reg 0.18181085810918854
/users/3171356m/miniconda3/envs/grastiacl/lib/python3.12/site-packages/joblib/externals/loky/process_executor.py:782: UserWarning: A worker stopped while some jobs were given to the executor. This can be caused by a too short worker timeout or by a memory leak.
  warnings.warn(
09-Aug-26 18:12:19 - Epoch 245: Train_acc 0.6890343698854338 Val_acc 0.5947712418300654 Test_acc 0.609375 Test_auc 0.6392122728756392
09-Aug-26 18:13:17 - Epoch 246, Model Loss -1.4951264854343744, View Loss -2.177774769584793, Reg 0.18433824620543446
09-Aug-26 18:14:16 - Epoch 247, Model Loss -1.5057972480349378, View Loss -2.1945804613116526, Reg 0.1819950806528769
09-Aug-26 18:15:14 - Epoch 248, Model Loss -1.5037850693673043, View Loss -2.180349454551984, Reg 0.1836030970033374
09-Aug-26 18:16:13 - Epoch 249, Model Loss -1.4955720472257774, View Loss -2.1796179075287916, Reg 0.18550389978284726
09-Aug-26 18:17:11 - Epoch 250, Model Loss -1.5065855261932224, View Loss -2.2007820360399113, Reg 0.18558510274621742
09-Aug-26 18:17:25 - Epoch 250: Train_acc 0.8248772504091653 Val_acc 0.5816993464052288 Test_acc 0.59375 Test_auc 0.6185398759656185
09-Aug-26 18:18:23 - Epoch 251, Model Loss -1.5149128003908647, View Loss -2.2033019065856934, Reg 0.18267004747925336
09-Aug-26 18:19:22 - Epoch 252, Model Loss -1.507703169277959, View Loss -2.1998275930089375, Reg 0.18122379103776085
09-Aug-26 18:20:20 - Epoch 253, Model Loss -1.5049560284653585, View Loss -2.1840390800064013, Reg 0.18448916404415075
09-Aug-26 18:21:18 - Epoch 254, Model Loss -1.507725533018721, View Loss -2.180243962720256, Reg 0.183018255545933
09-Aug-26 18:22:17 - Epoch 255, Model Loss -1.5058777913719466, View Loss -2.159976104667651, Reg 0.18446616408965397
09-Aug-26 18:22:28 - Epoch 255: Train_acc 0.7004909983633388 Val_acc 0.6274509803921569 Test_acc 0.5885416666666666 Test_auc 0.634968991404635
09-Aug-26 18:23:27 - Epoch 256, Model Loss -1.5100701140108748, View Loss -2.192745602852779, Reg 0.18083085005099958
09-Aug-26 18:24:25 - Epoch 257, Model Loss -1.5037342725525902, View Loss -2.201435921039987, Reg 0.18302917482907566
09-Aug-26 18:25:24 - Epoch 258, Model Loss -1.5051255070051077, View Loss -2.1719760028508213, Reg 0.1828179661117482
09-Aug-26 18:26:22 - Epoch 259, Model Loss -1.508241639394807, View Loss -2.2253255368059475, Reg 0.18471908410812946
09-Aug-26 18:27:21 - Epoch 260, Model Loss -1.507353550868807, View Loss -2.249868262614049, Reg 0.1830338464040803
09-Aug-26 18:27:36 - Epoch 260: Train_acc 0.690671031096563 Val_acc 0.6339869281045751 Test_acc 0.5885416666666666 Test_auc 0.638994668697639
09-Aug-26 18:28:35 - Epoch 261, Model Loss -1.5109310392076958, View Loss -2.2028952854549826, Reg 0.18268940757514998
09-Aug-26 18:29:33 - Epoch 262, Model Loss -1.509719538025302, View Loss -2.1805467254401423, Reg 0.1828845565720978
09-Aug-26 18:30:32 - Epoch 263, Model Loss -1.4872422413427975, View Loss -2.1990073129120122, Reg 0.18477581531638598
09-Aug-26 18:31:30 - Epoch 264, Model Loss -1.5023820224643338, View Loss -2.1647868866616107, Reg 0.18509966786188697
09-Aug-26 18:32:29 - Epoch 265, Model Loss -1.5048108217954246, View Loss -2.1885961346852603, Reg 0.18235708209769816
09-Aug-26 18:32:46 - Epoch 265: Train_acc 0.7152209492635024 Val_acc 0.6209150326797386 Test_acc 0.6145833333333334 Test_auc 0.6388858666086389
09-Aug-26 18:33:44 - Epoch 266, Model Loss -1.4917090099103711, View Loss -2.140486128006356, Reg 0.18279220932048978
09-Aug-26 18:34:42 - Epoch 267, Model Loss -1.5081973411447678, View Loss -2.1924545620545235, Reg 0.18247640254844816
09-Aug-26 18:35:41 - Epoch 268, Model Loss -1.510022826748862, View Loss -2.2055175487811747, Reg 0.18308436258432323
09-Aug-26 18:36:39 - Epoch 269, Model Loss -1.5056425506666717, View Loss -2.192840720549738, Reg 0.18429571087738886
09-Aug-26 18:37:38 - Epoch 270, Model Loss -1.5103858114264406, View Loss -2.1961273140290754, Reg 0.18342436813488724
09-Aug-26 18:37:54 - Epoch 270: Train_acc 0.690671031096563 Val_acc 0.6274509803921569 Test_acc 0.609375 Test_auc 0.6465020128386465
09-Aug-26 18:38:53 - Epoch 271, Model Loss -1.5063356338663305, View Loss -2.174722868174851, Reg 0.18330457155423546
09-Aug-26 18:39:51 - Epoch 272, Model Loss -1.4979124365773802, View Loss -2.142571109796702, Reg 0.18460166564061872
09-Aug-26 18:40:50 - Epoch 273, Model Loss -1.4923039793773096, View Loss -2.1328705461442765, Reg 0.18309902796085845
09-Aug-26 18:41:48 - Epoch 274, Model Loss -1.5024520324607138, View Loss -2.185624651744986, Reg 0.18217938626261274
09-Aug-26 18:42:47 - Epoch 275, Model Loss -1.5014096071208947, View Loss -2.1895225926038675, Reg 0.18546571542315318
09-Aug-26 18:43:05 - Epoch 275: Train_acc 0.8036006546644845 Val_acc 0.5228758169934641 Test_acc 0.546875 Test_auc 0.5643564356435644
09-Aug-26 18:44:04 - Epoch 276, Model Loss -1.5113580847332793, View Loss -2.186173667689197, Reg 0.1822973614872575
09-Aug-26 18:45:03 - Epoch 277, Model Loss -1.511953484992544, View Loss -2.1915192120203995, Reg 0.1829695428939576
09-Aug-26 18:46:01 - Epoch 278, Model Loss -1.5114889230743758, View Loss -2.196568763782857, Reg 0.18302026649543773
09-Aug-26 18:46:59 - Epoch 279, Model Loss -1.5103645106189185, View Loss -2.199158624814497, Reg 0.18307594537930091
09-Aug-26 18:47:58 - Epoch 280, Model Loss -1.5073875717562661, View Loss -2.2020198335038854, Reg 0.1824518498978326
09-Aug-26 18:48:13 - Epoch 280: Train_acc 0.6939443535188216 Val_acc 0.6339869281045751 Test_acc 0.609375 Test_auc 0.6468284191056468
09-Aug-26 18:49:11 - Epoch 281, Model Loss -1.5157787226225858, View Loss -2.1851057795572983, Reg 0.18237392845793754
09-Aug-26 18:50:10 - Epoch 282, Model Loss -1.5185343895333099, View Loss -2.1946549977491414, Reg 0.18340419674270866
09-Aug-26 18:51:08 - Epoch 283, Model Loss -1.5167401426162346, View Loss -2.1923361761090017, Reg 0.1817284675159548
09-Aug-26 18:52:06 - Epoch 284, Model Loss -1.5164489824135838, View Loss -2.208083029464497, Reg 0.18185263658750273
09-Aug-26 18:53:05 - Epoch 285, Model Loss -1.5132983109369607, View Loss -2.2556131342624095, Reg 0.182151100054115
09-Aug-26 18:53:22 - Epoch 285: Train_acc 0.6923076923076923 Val_acc 0.6339869281045751 Test_acc 0.6145833333333334 Test_auc 0.6395386791426396
09-Aug-26 18:54:20 - Epoch 286, Model Loss -1.5139058170849289, View Loss -2.211646603679501, Reg 0.182694289790628
09-Aug-26 18:55:18 - Epoch 287, Model Loss -1.5151576808548597, View Loss -2.225720425869556, Reg 0.18308362123326272
09-Aug-26 18:56:17 - Epoch 288, Model Loss -1.5076565500562202, View Loss -2.1637498657363916, Reg 0.1826157907905048
09-Aug-26 18:57:15 - Epoch 289, Model Loss -1.512945420223055, View Loss -2.1791408854108396, Reg 0.183358375257439
09-Aug-26 18:58:14 - Epoch 290, Model Loss -1.5111985916787005, View Loss -2.1719273740453144, Reg 0.18085481263026473
09-Aug-26 18:58:29 - Epoch 290: Train_acc 0.707037643207856 Val_acc 0.6274509803921569 Test_acc 0.609375 Test_auc 0.6338809705146339
09-Aug-26 18:59:27 - Epoch 291, Model Loss -1.4985305291345974, View Loss -2.152336240790284, Reg 0.18302148878086608
09-Aug-26 19:00:25 - Epoch 292, Model Loss -1.5034700813543191, View Loss -2.1419509889256156, Reg 0.18322928159599805
09-Aug-26 19:01:24 - Epoch 293, Model Loss -1.5098606826045509, View Loss -2.189990068613605, Reg 0.1834809132127637
09-Aug-26 19:02:22 - Epoch 294, Model Loss -1.509197712725001, View Loss -2.177453022346559, Reg 0.18175125536668904
09-Aug-26 19:03:21 - Epoch 295, Model Loss -1.511114674582224, View Loss -2.1917031033729764, Reg 0.1818690833112807
09-Aug-26 19:03:39 - Epoch 295: Train_acc 0.7037643207855974 Val_acc 0.6339869281045751 Test_acc 0.6197916666666666 Test_auc 0.6372538352736373
09-Aug-26 19:04:37 - Epoch 296, Model Loss -1.510634088282109, View Loss -2.1871799259841342, Reg 0.18349265125496297
09-Aug-26 19:05:35 - Epoch 297, Model Loss -1.5174998480052293, View Loss -2.2025803450476715, Reg 0.18262113791733445
09-Aug-26 19:06:34 - Epoch 298, Model Loss -1.5148247977910767, View Loss -2.190952135576164, Reg 0.1831027478613752
09-Aug-26 19:07:32 - Epoch 299, Model Loss -1.5094319139096624, View Loss -2.187369021963566, Reg 0.18449295932844695
09-Aug-26 19:08:31 - Epoch 300, Model Loss -1.522879557601754, View Loss -2.198360012322908, Reg 0.18287765177396628
09-Aug-26 19:08:53 - Epoch 300: Train_acc 0.8412438625204582 Val_acc 0.5490196078431373 Test_acc 0.5260416666666666 Test_auc 0.5247524752475248
09-Aug-26 19:08:53 - FinishedTraining! BestEpoch (eval-interval index): 9
09-Aug-26 19:08:53 - Wrote /users/3171356m/muhammad/GraSTIACL/nested_cv/results/combat__emb256_bs32__fold0.json
09-Aug-26 19:08:53 - {
  "emb_dim": 256,
  "batch_size": 32,
  "fold": 0,
  "combat": true,
  "n_train": 611,
  "n_val": 153,
  "n_test": 192,
  "best_val_epoch_idx": 9,
  "train_accuracy": 0.7021276595744681,
  "val_accuracy": 0.6405228758169934,
  "test_accuracy": 0.5833333333333334,
  "train_f1": 0.6807017543859649,
  "val_f1": 0.6451612903225806,
  "test_f1": 0.5604395604395604,
  "train_sensitivity": 0.666666664375716,
  "val_sensitivity": 0.6849314974666918,
  "test_sensitivity": 0.560439554280884,
  "train_specificity": 0.7343749977050782,
  "val_specificity": 0.5999999925000001,
  "test_specificity": 0.6039603900597982,
  "train_precision": 0.6953405017921147,
  "val_precision": 0.6097560975609756,
  "test_precision": 0.5604395604395604,
  "test_auc": 0.6455227940376456,
  "fin_reg": 0.18753201247432227
}
