Task 55: config=11 fold=0 batch_size=256 emb_dim=256 mij_source=alff_pcc combat=no
The Zen of Python, by Tim Peters

Beautiful is better than ugly.
Explicit is better than implicit.
Simple is better than complex.
Complex is better than complicated.
Flat is better than nested.
Sparse is better than dense.
Readability counts.
Special cases aren't special enough to break the rules.
Although practicality beats purity.
Errors should never pass silently.
Unless explicitly silenced.
In the face of ambiguity, refuse the temptation to guess.
There should be one-- and preferably only one --obvious way to do it.
Although that way may not be obvious at first unless you're Dutch.
Now is better than never.
Although never is often better than *right* now.
If the implementation is hard to explain, it's a bad idea.
If the implementation is easy to explain, it may be a good idea.
Namespaces are one honking great idea -- let's do more of those!
validation time cost : 0.18147 sec
validation time cost : 0.18067 sec
validation time cost : 0.20164 sec
validation time cost : 0.18618 sec
validation time cost : 0.20368 sec
validation time cost : 0.16430 sec
validation time cost : 0.16435 sec
validation time cost : 0.16482 sec
validation time cost : 0.17067 sec
validation time cost : 0.16464 sec
validation time cost : 0.17175 sec
validation time cost : 0.17063 sec
validation time cost : 0.16572 sec
validation time cost : 0.16824 sec
validation time cost : 0.17099 sec
validation time cost : 0.18336 sec
validation time cost : 0.19494 sec
validation time cost : 0.18758 sec
validation time cost : 0.17780 sec
validation time cost : 0.20216 sec
validation time cost : 0.17722 sec
validation time cost : 0.19330 sec
validation time cost : 0.19253 sec
validation time cost : 0.19646 sec
validation time cost : 0.17079 sec
validation time cost : 0.18531 sec
validation time cost : 0.19030 sec
validation time cost : 0.18412 sec
validation time cost : 0.18798 sec
validation time cost : 0.19909 sec
validation time cost : 0.17719 sec
validation time cost : 0.16275 sec
validation time cost : 0.18704 sec
validation time cost : 0.20321 sec
validation time cost : 0.16485 sec
validation time cost : 0.19714 sec
validation time cost : 0.17109 sec
validation time cost : 0.16484 sec
validation time cost : 0.16406 sec
validation time cost : 0.17680 sec
validation time cost : 0.19582 sec
validation time cost : 0.19250 sec
validation time cost : 0.16960 sec
validation time cost : 0.17099 sec
validation time cost : 0.17267 sec
validation time cost : 0.16425 sec
validation time cost : 0.18135 sec
validation time cost : 0.16611 sec
validation time cost : 0.16461 sec
validation time cost : 0.17008 sec
validation time cost : 0.16447 sec
validation time cost : 0.17159 sec
validation time cost : 0.16704 sec
validation time cost : 0.18263 sec
validation time cost : 0.20518 sec
validation time cost : 0.17150 sec
validation time cost : 0.16561 sec
validation time cost : 0.16728 sec
validation time cost : 0.16553 sec
validation time cost : 0.16352 sec
