Task 21: config=4 fold=1 batch_size=128 emb_dim=512 mij_source=alff combat=no
The Zen of Python, by Tim Peters

Beautiful is better than ugly.
Explicit is better than implicit.
Simple is better than complex.
Complex is better than complicated.
Flat is better than nested.
Sparse is better than dense.
Readability counts.
Special cases aren't special enough to break the rules.
Although practicality beats purity.
Errors should never pass silently.
Unless explicitly silenced.
In the face of ambiguity, refuse the temptation to guess.
There should be one-- and preferably only one --obvious way to do it.
Although that way may not be obvious at first unless you're Dutch.
Now is better than never.
Although never is often better than *right* now.
If the implementation is hard to explain, it's a bad idea.
If the implementation is easy to explain, it may be a good idea.
Namespaces are one honking great idea -- let's do more of those!
validation time cost : 0.25159 sec
validation time cost : 0.22622 sec
validation time cost : 0.22767 sec
validation time cost : 0.22640 sec
validation time cost : 0.22972 sec
validation time cost : 0.23040 sec
validation time cost : 0.22935 sec
validation time cost : 0.22949 sec
validation time cost : 0.22833 sec
validation time cost : 0.22814 sec
validation time cost : 0.23509 sec
validation time cost : 0.22492 sec
validation time cost : 0.22698 sec
validation time cost : 0.22585 sec
validation time cost : 0.22867 sec
validation time cost : 0.22844 sec
validation time cost : 0.22955 sec
validation time cost : 0.22910 sec
validation time cost : 0.23598 sec
validation time cost : 0.22826 sec
validation time cost : 0.22918 sec
validation time cost : 0.22630 sec
validation time cost : 0.22383 sec
validation time cost : 0.23815 sec
validation time cost : 0.23853 sec
validation time cost : 0.22890 sec
validation time cost : 0.22551 sec
validation time cost : 0.23026 sec
validation time cost : 0.22807 sec
validation time cost : 0.22909 sec
validation time cost : 0.22855 sec
validation time cost : 0.22789 sec
validation time cost : 0.22717 sec
validation time cost : 0.22756 sec
validation time cost : 0.22915 sec
validation time cost : 0.22939 sec
validation time cost : 0.22992 sec
validation time cost : 0.22752 sec
validation time cost : 0.22934 sec
validation time cost : 0.22994 sec
validation time cost : 0.22618 sec
validation time cost : 0.23326 sec
validation time cost : 0.22580 sec
validation time cost : 0.22413 sec
validation time cost : 0.22250 sec
validation time cost : 0.22530 sec
validation time cost : 0.22302 sec
validation time cost : 0.22288 sec
validation time cost : 0.22655 sec
validation time cost : 0.22767 sec
validation time cost : 0.22818 sec
validation time cost : 0.22770 sec
validation time cost : 0.22812 sec
validation time cost : 0.23159 sec
validation time cost : 0.22503 sec
validation time cost : 0.22429 sec
validation time cost : 0.23263 sec
validation time cost : 0.22764 sec
validation time cost : 0.21904 sec
validation time cost : 0.22680 sec
