Task 6: config=1 fold=1 batch_size=32 emb_dim=512 mij_source=alff_pcc combat=yes
The Zen of Python, by Tim Peters

Beautiful is better than ugly.
Explicit is better than implicit.
Simple is better than complex.
Complex is better than complicated.
Flat is better than nested.
Sparse is better than dense.
Readability counts.
Special cases aren't special enough to break the rules.
Although practicality beats purity.
Errors should never pass silently.
Unless explicitly silenced.
In the face of ambiguity, refuse the temptation to guess.
There should be one-- and preferably only one --obvious way to do it.
Although that way may not be obvious at first unless you're Dutch.
Now is better than never.
Although never is often better than *right* now.
If the implementation is hard to explain, it's a bad idea.
If the implementation is easy to explain, it may be a good idea.
Namespaces are one honking great idea -- let's do more of those!
validation time cost : 0.20928 sec
validation time cost : 0.21831 sec
validation time cost : 0.21948 sec
validation time cost : 0.31739 sec
validation time cost : 0.23386 sec
validation time cost : 0.24870 sec
validation time cost : 0.21664 sec
validation time cost : 0.22518 sec
validation time cost : 0.23116 sec
validation time cost : 0.22145 sec
validation time cost : 0.21617 sec
validation time cost : 0.20031 sec
validation time cost : 0.22323 sec
validation time cost : 0.22223 sec
validation time cost : 0.22551 sec
validation time cost : 0.22419 sec
validation time cost : 0.23568 sec
validation time cost : 0.22581 sec
validation time cost : 0.23328 sec
validation time cost : 0.28435 sec
validation time cost : 0.23611 sec
validation time cost : 0.22760 sec
validation time cost : 0.21743 sec
validation time cost : 0.22492 sec
validation time cost : 0.22258 sec
validation time cost : 0.24404 sec
validation time cost : 0.21324 sec
validation time cost : 0.21080 sec
validation time cost : 0.20959 sec
validation time cost : 0.19950 sec
validation time cost : 0.20410 sec
validation time cost : 0.20192 sec
validation time cost : 0.19397 sec
validation time cost : 0.19156 sec
validation time cost : 0.19168 sec
validation time cost : 0.19747 sec
validation time cost : 0.19473 sec
validation time cost : 0.19923 sec
validation time cost : 0.19327 sec
validation time cost : 0.20135 sec
validation time cost : 0.19384 sec
validation time cost : 0.19155 sec
validation time cost : 0.19891 sec
validation time cost : 0.19813 sec
validation time cost : 0.19291 sec
validation time cost : 0.19523 sec
validation time cost : 0.20380 sec
validation time cost : 0.19448 sec
validation time cost : 0.19797 sec
validation time cost : 0.19195 sec
validation time cost : 0.19324 sec
validation time cost : 0.19307 sec
validation time cost : 0.19371 sec
validation time cost : 0.19434 sec
validation time cost : 0.19269 sec
validation time cost : 0.19506 sec
validation time cost : 0.19943 sec
validation time cost : 0.19429 sec
validation time cost : 0.19150 sec
validation time cost : 0.19322 sec
