08-Aug-26 14:01:06 - Using Device: cuda
08-Aug-26 14:01:06 - Seed: 123, Fold: 0, ComBat: False
08-Aug-26 14:01:06 - Namespace(fold=0, combat=False, num_dyn_windows=3, model_lr=0.0005, view_lr=0.0005, num_gc_layers=2, pooling_type='standard', emb_dim=512, vib_hidden_dim=400, batch_size=32, drop_ratio=0.3, epochs=300, kld_lambda=0.003, reg_lambda=0.2, gamma_mode='paper_literal', node_feature_mode='alff_pcc', mij_source='alff_pcc', template=90, eval_interval=5, downstream_classifier='linear', ce_lambda=2.0, seed=123)
08-Aug-26 14:01:06 - Loading raw subject data...
08-Aug-26 14:03:26 - Loaded 956 subjects (455 ASD, 501 NC)
08-Aug-26 14:03:26 - alff_pcc scale stats (train_val_idx only): alff=[-3.5994,5.6307] pcc=[-0.7600,1.0000]
08-Aug-26 14:03:26 - Train/Val/Test sizes: 611/153/192
08-Aug-26 14:04:27 - Epoch 1, Model Loss -0.8415578418394548, View Loss -5.855903035490095, Reg 0.24341822470463628
08-Aug-26 14:05:26 - Epoch 2, Model Loss -1.2397196960137051, View Loss -3.902023830507469, Reg 0.1486098010294176
08-Aug-26 14:06:27 - Epoch 3, Model Loss -1.307083630913018, View Loss -3.8416758481102176, Reg 0.14281935133832566
08-Aug-26 14:07:27 - Epoch 4, Model Loss -1.3332457308293169, View Loss -3.7808520165675987, Reg 0.14535204785740316
08-Aug-26 14:08:26 - Epoch 5, Model Loss -1.3463165069367804, View Loss -3.0454851219189734, Reg 0.13913634562111915
08-Aug-26 14:08:44 - Epoch 5: Train_acc 0.7708674304418985 Val_acc 0.6339869281045751 Test_acc 0.5677083333333334 Test_auc 0.6379066478076378
08-Aug-26 14:09:44 - Epoch 6, Model Loss -1.3485854799735761, View Loss -2.7760969855001045, Reg 0.14298292853047923
08-Aug-26 14:10:45 - Epoch 7, Model Loss -1.3751526472026119, View Loss -2.655414726457112, Reg 0.1358605553495123
08-Aug-26 14:11:44 - Epoch 8, Model Loss -1.364434930579752, View Loss -2.633501552325809, Reg 0.14066606625890185
08-Aug-26 14:12:43 - Epoch 9, Model Loss -1.3916375008815633, View Loss -2.5996068690685514, Reg 0.1348092556487519
08-Aug-26 14:13:42 - Epoch 10, Model Loss -1.3727499186114671, View Loss -2.4901890286447177, Reg 0.1425471633623938
/users/3171356m/miniconda3/envs/grastiacl/lib/python3.12/site-packages/joblib/externals/loky/process_executor.py:782: UserWarning: A worker stopped while some jobs were given to the executor. This can be caused by a too short worker timeout or by a memory leak.
  warnings.warn(
08-Aug-26 14:14:01 - Epoch 10: Train_acc 0.7512274959083469 Val_acc 0.6339869281045751 Test_acc 0.6145833333333334 Test_auc 0.652050919377652
08-Aug-26 14:15:02 - Epoch 11, Model Loss -1.344793714595114, View Loss -2.359407469410748, Reg 0.1406629505504758
08-Aug-26 14:16:03 - Epoch 12, Model Loss -1.3744995769619357, View Loss -2.4211402009629968, Reg 0.14288955005022977
08-Aug-26 14:17:02 - Epoch 13, Model Loss -1.3807324309590991, View Loss -2.333250818393039, Reg 0.13999171262384436
08-Aug-26 14:18:00 - Epoch 14, Model Loss -1.4054839107681998, View Loss -2.4384030093928213, Reg 0.13997710658368426
08-Aug-26 14:18:58 - Epoch 15, Model Loss -1.403342485818067, View Loss -2.384968464971564, Reg 0.1397611810025529
/users/3171356m/miniconda3/envs/grastiacl/lib/python3.12/site-packages/joblib/externals/loky/process_executor.py:782: UserWarning: A worker stopped while some jobs were given to the executor. This can be caused by a too short worker timeout or by a memory leak.
  warnings.warn(
08-Aug-26 14:19:15 - Epoch 15: Train_acc 0.7545008183306056 Val_acc 0.6078431372549019 Test_acc 0.625 Test_auc 0.6560765966706561
08-Aug-26 14:20:13 - Epoch 16, Model Loss -1.3978394400663734, View Loss -2.3743631469052278, Reg 0.14204581739127928
08-Aug-26 14:21:10 - Epoch 17, Model Loss -1.3979424618660135, View Loss -2.303492788012016, Reg 0.1419617963159143
08-Aug-26 14:22:07 - Epoch 18, Model Loss -1.399215341589845, View Loss -2.34449689868234, Reg 0.14266831843630576
08-Aug-26 14:23:04 - Epoch 19, Model Loss -1.4254955168441548, View Loss -2.4514844359040455, Reg 0.13959751737878678
08-Aug-26 14:24:01 - Epoch 20, Model Loss -1.4342940911138506, View Loss -2.3946665624940064, Reg 0.14143403452468972
08-Aug-26 14:24:07 - Epoch 20: Train_acc 0.7463175122749591 Val_acc 0.6274509803921569 Test_acc 0.6614583333333334 Test_auc 0.69002284843869
08-Aug-26 14:25:04 - Epoch 21, Model Loss -1.417824932479234, View Loss -2.288835761199801, Reg 0.14379237792203156
08-Aug-26 14:26:01 - Epoch 22, Model Loss -1.4047761775077658, View Loss -2.2877715449481473, Reg 0.1408116195576476
08-Aug-26 14:26:58 - Epoch 23, Model Loss -1.415367687587457, View Loss -2.260268671813066, Reg 0.14348198670997558
08-Aug-26 14:27:55 - Epoch 24, Model Loss -1.4000115059011307, View Loss -2.1694387975964338, Reg 0.14591167973272148
08-Aug-26 14:28:52 - Epoch 25, Model Loss -1.4351731915325658, View Loss -2.3252150875847, Reg 0.14233798437344852
08-Aug-26 14:29:01 - Epoch 25: Train_acc 0.7512274959083469 Val_acc 0.6143790849673203 Test_acc 0.625 Test_auc 0.6542269611576542
08-Aug-26 14:29:58 - Epoch 26, Model Loss -1.4460842129446676, View Loss -2.3863477691300763, Reg 0.14379000695461921
08-Aug-26 14:30:54 - Epoch 27, Model Loss -1.4524823717907096, View Loss -2.3109663559059856, Reg 0.14058442494287818
08-Aug-26 14:31:51 - Epoch 28, Model Loss -1.4516664370772492, View Loss -2.3721287636827135, Reg 0.14109215342764378
08-Aug-26 14:32:48 - Epoch 29, Model Loss -1.4300085542244918, View Loss -2.225010341201008, Reg 0.14464876960517928
08-Aug-26 14:33:45 - Epoch 30, Model Loss -1.4560624901479668, View Loss -2.3335787098848684, Reg 0.14253730732953684
08-Aug-26 14:33:56 - Epoch 30: Train_acc 0.7463175122749591 Val_acc 0.5947712418300654 Test_acc 0.6145833333333334 Test_auc 0.6332281579806333
08-Aug-26 14:34:53 - Epoch 31, Model Loss -1.4525580655923647, View Loss -2.280344036714145, Reg 0.14189976790337633
08-Aug-26 14:35:50 - Epoch 32, Model Loss -1.460402934328819, View Loss -2.29416564716645, Reg 0.14276278357946737
08-Aug-26 14:36:47 - Epoch 33, Model Loss -1.408462762442431, View Loss -2.0623691320029103, Reg 0.1424587422375203
08-Aug-26 14:37:44 - Epoch 34, Model Loss -1.4208835189744415, View Loss -2.2301389815959523, Reg 0.1446215106744423
08-Aug-26 14:38:41 - Epoch 35, Model Loss -1.4086774507638085, View Loss -2.184990104013496, Reg 0.14547014694947463
08-Aug-26 14:38:50 - Epoch 35: Train_acc 0.839607201309329 Val_acc 0.6013071895424836 Test_acc 0.5729166666666666 Test_auc 0.5891633119355892
08-Aug-26 14:39:47 - Epoch 36, Model Loss -1.354610590614781, View Loss -2.0361476084994803, Reg 0.1467910135094741
08-Aug-26 14:40:44 - Epoch 37, Model Loss -1.4175220612808452, View Loss -2.1334929856458, Reg 0.14218791016970445
08-Aug-26 14:41:41 - Epoch 38, Model Loss -1.4210141926467321, View Loss -2.133533961644149, Reg 0.1413433912976869
08-Aug-26 14:42:38 - Epoch 39, Model Loss -1.4448226157655106, View Loss -2.2142317556515456, Reg 0.14267001205936392
08-Aug-26 14:43:35 - Epoch 40, Model Loss -1.4545666402763704, View Loss -2.1824022127641594, Reg 0.14027015728275435
08-Aug-26 14:43:44 - Epoch 40: Train_acc 0.7381342062193126 Val_acc 0.6013071895424836 Test_acc 0.6197916666666666 Test_auc 0.6591230551626591
08-Aug-26 14:44:41 - Epoch 41, Model Loss -1.4620831477076255, View Loss -2.233651238455515, Reg 0.14356508310853752
08-Aug-26 14:45:38 - Epoch 42, Model Loss -1.4634853002482662, View Loss -2.2508130869576664, Reg 0.13983925769742694
08-Aug-26 14:46:35 - Epoch 43, Model Loss -1.4742789721137763, View Loss -2.248098051879683, Reg 0.1413523293360946
08-Aug-26 14:47:32 - Epoch 44, Model Loss -1.4734330333391306, View Loss -2.2353870014121995, Reg 0.14034100057352974
08-Aug-26 14:48:29 - Epoch 45, Model Loss -1.4806874052007148, View Loss -2.2431327168953206, Reg 0.1427954140861569
08-Aug-26 14:48:36 - Epoch 45: Train_acc 0.7545008183306056 Val_acc 0.6209150326797386 Test_acc 0.625 Test_auc 0.6652159721466653
08-Aug-26 14:49:33 - Epoch 46, Model Loss -1.4888168458267437, View Loss -2.2179152157810043, Reg 0.14153578434804068
08-Aug-26 14:50:30 - Epoch 47, Model Loss -1.4740042858154996, View Loss -2.2102662592199547, Reg 0.14146202144177963
08-Aug-26 14:51:27 - Epoch 48, Model Loss -1.487808937722064, View Loss -2.2132116581531283, Reg 0.14268657943133248
08-Aug-26 14:52:25 - Epoch 49, Model Loss -1.4894394976027467, View Loss -2.198171169199842, Reg 0.1411591069788082
08-Aug-26 14:53:22 - Epoch 50, Model Loss -1.473264125287045, View Loss -2.1520916662512746, Reg 0.1414404137581343
08-Aug-26 14:53:28 - Epoch 50: Train_acc 0.7446808510638298 Val_acc 0.6143790849673203 Test_acc 0.6041666666666666 Test_auc 0.6466108149276466
08-Aug-26 14:54:25 - Epoch 51, Model Loss -1.4794384414747772, View Loss -2.160198238984653, Reg 0.14036197948182663
08-Aug-26 14:55:22 - Epoch 52, Model Loss -1.4580214027492193, View Loss -2.095222278819732, Reg 0.14037707073647535
08-Aug-26 14:56:19 - Epoch 53, Model Loss -1.4817070032297688, View Loss -2.2143053680707117, Reg 0.13993816933733352
08-Aug-26 14:57:16 - Epoch 54, Model Loss -1.456244998594743, View Loss -2.1099057704844375, Reg 0.13892096326169717
08-Aug-26 14:58:13 - Epoch 55, Model Loss -1.4490222564110389, View Loss -2.054619089086005, Reg 0.14238927036572596
08-Aug-26 14:58:23 - Epoch 55: Train_acc 0.7299509001636661 Val_acc 0.6405228758169934 Test_acc 0.6197916666666666 Test_auc 0.654988575780655
08-Aug-26 14:59:21 - Epoch 56, Model Loss -1.471354127125342, View Loss -2.1607454583999957, Reg 0.14030415807437585
08-Aug-26 15:00:17 - Epoch 57, Model Loss -1.4833941646956774, View Loss -2.1761922422680646, Reg 0.1411621375969701
08-Aug-26 15:01:14 - Epoch 58, Model Loss -1.4370933336048781, View Loss -1.9838438837891124, Reg 0.1408249080522556
08-Aug-26 15:02:11 - Epoch 59, Model Loss -1.4571340813769451, View Loss -2.061243395173218, Reg 0.13974920427350482
08-Aug-26 15:03:08 - Epoch 60, Model Loss -1.449682769525656, View Loss -1.9879678595085581, Reg 0.14033305001141788
08-Aug-26 15:03:18 - Epoch 60: Train_acc 0.7479541734860884 Val_acc 0.6339869281045751 Test_acc 0.6354166666666666 Test_auc 0.6681536285496681
08-Aug-26 15:04:15 - Epoch 61, Model Loss -1.4507469295870068, View Loss -2.050408179943378, Reg 0.1401510885421266
08-Aug-26 15:05:12 - Epoch 62, Model Loss -1.4446828064863888, View Loss -1.987938830193053, Reg 0.13882367321444025
08-Aug-26 15:06:09 - Epoch 63, Model Loss -1.4830792547247804, View Loss -2.1481354521456404, Reg 0.13682090864195176
08-Aug-26 15:07:06 - Epoch 64, Model Loss -1.451481885488607, View Loss -1.9633212604616355, Reg 0.13994503598020042
08-Aug-26 15:08:03 - Epoch 65, Model Loss -1.4779654524720438, View Loss -2.0939765140389848, Reg 0.1392941829274407
08-Aug-26 15:08:11 - Epoch 65: Train_acc 0.7217675941080196 Val_acc 0.6143790849673203 Test_acc 0.6354166666666666 Test_auc 0.6718528995756718
08-Aug-26 15:09:08 - Epoch 66, Model Loss -1.4540206625106487, View Loss -2.017725255407405, Reg 0.13929969916171997
08-Aug-26 15:10:05 - Epoch 67, Model Loss -1.483296004918125, View Loss -2.0972591983901303, Reg 0.14042817741486133
08-Aug-26 15:11:02 - Epoch 68, Model Loss -1.4886285076359875, View Loss -2.103386152395445, Reg 0.13665169201876645
08-Aug-26 15:11:59 - Epoch 69, Model Loss -1.4539773233978721, View Loss -2.0385000405256957, Reg 0.13981614206992274
08-Aug-26 15:12:56 - Epoch 70, Model Loss -1.4739909304729655, View Loss -2.0171918213465014, Reg 0.13974636081002542
08-Aug-26 15:13:03 - Epoch 70: Train_acc 0.8297872340425532 Val_acc 0.6209150326797386 Test_acc 0.5572916666666666 Test_auc 0.5951474268305952
08-Aug-26 15:14:00 - Epoch 71, Model Loss -1.4610062675663376, View Loss -1.9895489282186605, Reg 0.13744302306159623
08-Aug-26 15:14:57 - Epoch 72, Model Loss -1.4839156590975249, View Loss -2.0615005867766087, Reg 0.14011306112019403
08-Aug-26 15:15:54 - Epoch 73, Model Loss -1.4718044471428555, View Loss -2.0003091356367997, Reg 0.1381242569115275
08-Aug-26 15:16:51 - Epoch 74, Model Loss -1.484265872187388, View Loss -2.0642726557929856, Reg 0.13733828565297854
08-Aug-26 15:17:48 - Epoch 75, Model Loss -1.495175295297526, View Loss -2.093362152673999, Reg 0.13928005822405293
08-Aug-26 15:17:57 - Epoch 75: Train_acc 0.7430441898527005 Val_acc 0.5882352941176471 Test_acc 0.59375 Test_auc 0.6380154498966379
08-Aug-26 15:18:54 - Epoch 76, Model Loss -1.4914321517007831, View Loss -2.0743071904159023, Reg 0.13882705502199855
08-Aug-26 15:19:51 - Epoch 77, Model Loss -1.482784293092019, View Loss -2.071535180711512, Reg 0.13679018343529023
08-Aug-26 15:20:48 - Epoch 78, Model Loss -1.4989215145329602, View Loss -2.1276326257546483, Reg 0.13880423147920307
08-Aug-26 15:21:45 - Epoch 79, Model Loss -1.4976577282732326, View Loss -2.097462042263799, Reg 0.13777989397852783
08-Aug-26 15:22:42 - Epoch 80, Model Loss -1.4669544505604746, View Loss -1.9950927977866315, Reg 0.1398930321592356
08-Aug-26 15:22:49 - Epoch 80: Train_acc 0.7381342062193126 Val_acc 0.6143790849673203 Test_acc 0.6354166666666666 Test_auc 0.657055815471657
08-Aug-26 15:23:46 - Epoch 81, Model Loss -1.4949528792485862, View Loss -2.076575116127876, Reg 0.13617269487505848
08-Aug-26 15:24:43 - Epoch 82, Model Loss -1.4902862870361528, View Loss -2.072602989240481, Reg 0.14130078634146584
08-Aug-26 15:25:40 - Epoch 83, Model Loss -1.4936358347266863, View Loss -2.059432103083684, Reg 0.13785219787575803
08-Aug-26 15:26:37 - Epoch 84, Model Loss -1.4903084728409537, View Loss -2.0404703816103273, Reg 0.1378208810612925
08-Aug-26 15:27:34 - Epoch 85, Model Loss -1.4965505069289387, View Loss -2.076613551856258, Reg 0.1370940164048621
08-Aug-26 15:27:41 - Epoch 85: Train_acc 0.7495908346972177 Val_acc 0.6078431372549019 Test_acc 0.6354166666666666 Test_auc 0.676096181046676
08-Aug-26 15:28:38 - Epoch 86, Model Loss -1.5065487184227977, View Loss -2.097339722997038, Reg 0.1395036338686748
08-Aug-26 15:29:35 - Epoch 87, Model Loss -1.4893582292547398, View Loss -2.003404113157681, Reg 0.13662277054767172
08-Aug-26 15:30:32 - Epoch 88, Model Loss -1.5017314370837422, View Loss -2.064320693039465, Reg 0.13860844668311886
08-Aug-26 15:31:29 - Epoch 89, Model Loss -1.5093816938259792, View Loss -2.08816547362582, Reg 0.13746061413846117
08-Aug-26 15:32:26 - Epoch 90, Model Loss -1.5143241983778932, View Loss -2.1176776121173866, Reg 0.1393090900271497
08-Aug-26 15:32:35 - Epoch 90: Train_acc 0.7397708674304418 Val_acc 0.6013071895424836 Test_acc 0.6302083333333334 Test_auc 0.6644543575236644
08-Aug-26 15:33:32 - Epoch 91, Model Loss -1.498585677576143, View Loss -2.0570847086742545, Reg 0.1373665178904947
08-Aug-26 15:34:29 - Epoch 92, Model Loss -1.5054098135515828, View Loss -2.077385338940909, Reg 0.13844224021643547
08-Aug-26 15:35:26 - Epoch 93, Model Loss -1.5032225763349019, View Loss -2.0637676321738283, Reg 0.13699527667704267
08-Aug-26 15:36:23 - Epoch 94, Model Loss -1.499006556996347, View Loss -2.052749423075425, Reg 0.13666395033342357
08-Aug-26 15:37:20 - Epoch 95, Model Loss -1.457990224935029, View Loss -1.851188481732008, Reg 0.13951970317359838
08-Aug-26 15:37:28 - Epoch 95: Train_acc 0.7446808510638298 Val_acc 0.6405228758169934 Test_acc 0.640625 Test_auc 0.6717440974866719
08-Aug-26 15:38:25 - Epoch 96, Model Loss -1.4748993575475415, View Loss -1.966023978937277, Reg 0.13707690557949673
08-Aug-26 15:39:23 - Epoch 97, Model Loss -1.5023609573439178, View Loss -2.0707444395449275, Reg 0.1384180064409142
08-Aug-26 15:40:20 - Epoch 98, Model Loss -1.5070396577863179, View Loss -2.087210161986406, Reg 0.13661328850713378
08-Aug-26 15:41:17 - Epoch 99, Model Loss -1.4982230167732302, View Loss -2.012506853344007, Reg 0.13804246599857622
08-Aug-26 15:42:13 - Epoch 100, Model Loss -1.512645753432803, View Loss -2.0785381985178946, Reg 0.13872919715758042
08-Aug-26 15:42:21 - Epoch 100: Train_acc 0.7283142389525368 Val_acc 0.6470588235294118 Test_acc 0.625 Test_auc 0.6566206071156566
08-Aug-26 15:43:19 - Epoch 101, Model Loss -1.5123173211093035, View Loss -2.0867002123506486, Reg 0.1379416985056209
08-Aug-26 15:44:15 - Epoch 102, Model Loss -1.50039232069849, View Loss -2.0498972532206783, Reg 0.13798690434856228
08-Aug-26 15:45:12 - Epoch 103, Model Loss -1.4923748275457154, View Loss -1.988862446599233, Reg 0.13947212476582066
08-Aug-26 15:46:09 - Epoch 104, Model Loss -1.5025546289309737, View Loss -2.0577181560123026, Reg 0.140269828164636
08-Aug-26 15:47:06 - Epoch 105, Model Loss -1.4973529856255714, View Loss -2.0136356923467007, Reg 0.1392199414158804
08-Aug-26 15:47:18 - Epoch 105: Train_acc 0.7184942716857611 Val_acc 0.6601307189542484 Test_acc 0.6197916666666666 Test_auc 0.6667392013926668
08-Aug-26 15:48:15 - Epoch 106, Model Loss -1.5021895839422696, View Loss -2.0791476408900684, Reg 0.1375569398171968
08-Aug-26 15:49:12 - Epoch 107, Model Loss -1.4587853099242365, View Loss -1.7972117360016717, Reg 0.13940207405342017
08-Aug-26 15:50:10 - Epoch 108, Model Loss -1.46260618109945, View Loss -1.882038019682889, Reg 0.1395893069852979
08-Aug-26 15:51:07 - Epoch 109, Model Loss -1.4902872672447791, View Loss -2.0509159584482446, Reg 0.13899361331217028
08-Aug-26 15:52:04 - Epoch 110, Model Loss -1.492528944280846, View Loss -2.0469582373498896, Reg 0.1371305837568792
08-Aug-26 15:52:12 - Epoch 110: Train_acc 0.7201309328968903 Val_acc 0.6339869281045751 Test_acc 0.625 Test_auc 0.6666303993036666
08-Aug-26 15:53:09 - Epoch 111, Model Loss -1.4868546421906366, View Loss -1.9889821670644607, Reg 0.13780825083950343
08-Aug-26 15:54:06 - Epoch 112, Model Loss -1.4790306200567518, View Loss -1.9868318640463871, Reg 0.13747084389536743
08-Aug-26 15:55:03 - Epoch 113, Model Loss -1.5030355999785827, View Loss -2.073142929670268, Reg 0.13985618847725628
08-Aug-26 15:56:00 - Epoch 114, Model Loss -1.5037593076740272, View Loss -2.046933526103118, Reg 0.13612815845032175
08-Aug-26 15:56:57 - Epoch 115, Model Loss -1.4434151610454053, View Loss -1.8165860105848546, Reg 0.13965026105094072
08-Aug-26 15:57:05 - Epoch 115: Train_acc 0.7152209492635024 Val_acc 0.6339869281045751 Test_acc 0.6041666666666666 Test_auc 0.6646719617016648
08-Aug-26 15:58:02 - Epoch 116, Model Loss -1.492258393432817, View Loss -2.0535215574473678, Reg 0.137990724338057
08-Aug-26 15:58:59 - Epoch 117, Model Loss -1.497635395749306, View Loss -2.0344316760373777, Reg 0.13767921670954278
08-Aug-26 15:59:56 - Epoch 118, Model Loss -1.4966859427294443, View Loss -2.0388398935283654, Reg 0.1379384843422231
08-Aug-26 16:00:53 - Epoch 119, Model Loss -1.5073422886150754, View Loss -2.0626991766759493, Reg 0.1384082065373903
08-Aug-26 16:01:50 - Epoch 120, Model Loss -1.5085958981865166, View Loss -2.077038892162217, Reg 0.13790838028961236
08-Aug-26 16:01:57 - Epoch 120: Train_acc 0.7135842880523732 Val_acc 0.6535947712418301 Test_acc 0.6354166666666666 Test_auc 0.6578174300946578
08-Aug-26 16:02:54 - Epoch 121, Model Loss -1.5007525910722448, View Loss -2.007568175195672, Reg 0.13615556249056626
08-Aug-26 16:03:51 - Epoch 122, Model Loss -1.502607390065045, View Loss -2.047863844763823, Reg 0.13928153023196907
08-Aug-26 16:04:49 - Epoch 123, Model Loss -1.5042518968472895, View Loss -2.06037467591306, Reg 0.1392086852591869
08-Aug-26 16:05:46 - Epoch 124, Model Loss -1.5159659128142262, View Loss -2.0828056483729185, Reg 0.13710018563192528
08-Aug-26 16:06:43 - Epoch 125, Model Loss -1.511953353881836, View Loss -2.0701536375254928, Reg 0.13795622324787457
08-Aug-26 16:06:49 - Epoch 125: Train_acc 0.8281505728314239 Val_acc 0.5947712418300654 Test_acc 0.59375 Test_auc 0.625938418017626
08-Aug-26 16:07:46 - Epoch 126, Model Loss -1.5201662675448604, View Loss -2.084395592809699, Reg 0.13787003323655278
08-Aug-26 16:08:43 - Epoch 127, Model Loss -1.5168427531340705, View Loss -2.0650313817537747, Reg 0.1371410083019597
08-Aug-26 16:09:40 - Epoch 128, Model Loss -1.5198976716511379, View Loss -2.088041522498997, Reg 0.1384996926433326
08-Aug-26 16:10:37 - Epoch 129, Model Loss -1.5053538901521024, View Loss -2.009937188824343, Reg 0.1373359418539681
08-Aug-26 16:11:34 - Epoch 130, Model Loss -1.5180362835648407, View Loss -2.070264651615374, Reg 0.13822569238378646
08-Aug-26 16:11:40 - Epoch 130: Train_acc 0.7201309328968903 Val_acc 0.6535947712418301 Test_acc 0.6041666666666666 Test_auc 0.6375802415406376
08-Aug-26 16:12:37 - Epoch 131, Model Loss -1.5210071788481916, View Loss -2.08112534446529, Reg 0.13783009206409735
08-Aug-26 16:13:34 - Epoch 132, Model Loss -1.5018364036922174, View Loss -2.003117469250668, Reg 0.13934537568381103
08-Aug-26 16:14:31 - Epoch 133, Model Loss -1.5149162092692723, View Loss -2.045661673413166, Reg 0.13789200677906824
08-Aug-26 16:15:28 - Epoch 134, Model Loss -1.4959402505777861, View Loss -1.9740496196840476, Reg 0.1377042550014396
08-Aug-26 16:16:27 - Epoch 135, Model Loss -1.4839754760167798, View Loss -1.949527387338067, Reg 0.13748133436772125
08-Aug-26 16:16:34 - Epoch 135: Train_acc 0.7184942716857611 Val_acc 0.6143790849673203 Test_acc 0.6354166666666666 Test_auc 0.6569470133826569
08-Aug-26 16:17:31 - Epoch 136, Model Loss -1.504939831610397, View Loss -2.0377751723444013, Reg 0.1387531720040863
08-Aug-26 16:18:28 - Epoch 137, Model Loss -1.513814610857425, View Loss -2.0780531076284556, Reg 0.1373324349595755
08-Aug-26 16:19:25 - Epoch 138, Model Loss -1.5072204524288395, View Loss -2.0090916605510807, Reg 0.13844670345564716
08-Aug-26 16:20:22 - Epoch 139, Model Loss -1.5091521767274447, View Loss -2.0357822091996964, Reg 0.13766987907125594
08-Aug-26 16:21:19 - Epoch 140, Model Loss -1.5151870691639702, View Loss -2.017289456681222, Reg 0.13733961706319534
08-Aug-26 16:21:26 - Epoch 140: Train_acc 0.7037643207855974 Val_acc 0.6143790849673203 Test_acc 0.6354166666666666 Test_auc 0.6725057121096726
08-Aug-26 16:22:23 - Epoch 141, Model Loss -1.5177132548755203, View Loss -2.03786372514091, Reg 0.13700615559779292
08-Aug-26 16:23:20 - Epoch 142, Model Loss -1.5226639725767843, View Loss -2.076223438188019, Reg 0.13867270703840567
08-Aug-26 16:24:17 - Epoch 143, Model Loss -1.5195598336951823, View Loss -2.0602395530613276, Reg 0.13716563645829546
08-Aug-26 16:25:14 - Epoch 144, Model Loss -1.5189900757248, View Loss -2.065579706245085, Reg 0.13724662714718602
