09-Aug-26 04:51:12 - Using Device: cuda
09-Aug-26 04:51:12 - Seed: 123, Fold: 4, ComBat: False
09-Aug-26 04:51:12 - Namespace(fold=4, combat=False, num_dyn_windows=3, model_lr=0.0005, view_lr=0.0005, num_gc_layers=2, pooling_type='standard', emb_dim=512, vib_hidden_dim=400, batch_size=256, drop_ratio=0.3, epochs=300, kld_lambda=0.003, reg_lambda=0.2, gamma_mode='paper_literal', node_feature_mode='alff_pcc', mij_source='alff', template=90, eval_interval=5, downstream_classifier='linear', ce_lambda=2.0, seed=123)
09-Aug-26 04:51:12 - Loading raw subject data...
09-Aug-26 04:53:58 - Loaded 956 subjects (455 ASD, 501 NC)
09-Aug-26 04:53:58 - alff_pcc scale stats (train_val_idx only): alff=[-3.5994,5.5910] pcc=[-0.6994,1.0000]
09-Aug-26 04:53:58 - Train/Val/Test sizes: 612/153/191
09-Aug-26 04:55:02 - Epoch 1, Model Loss 2.0483291717915755, View Loss -8.602237589219037, Reg 0.47567199706252106
09-Aug-26 04:56:02 - Epoch 2, Model Loss 1.2258615828807058, View Loss -7.351721769844005, Reg 0.3860654267999861
09-Aug-26 04:57:00 - Epoch 3, Model Loss 0.9544650953189999, View Loss -5.501411693548065, Reg 0.3791432974774853
09-Aug-26 04:57:58 - Epoch 4, Model Loss 0.933965698316742, View Loss -2.6129605614281948, Reg 0.4390136081408831
09-Aug-26 04:58:57 - Epoch 5, Model Loss 0.8352127806618322, View Loss -1.8587521306829515, Reg 0.4246637158923679
09-Aug-26 04:59:16 - Epoch 5: Train_acc 0.7843137254901961 Val_acc 0.5620915032679739 Test_acc 0.6230366492146597 Test_auc 0.624065934065934
09-Aug-26 05:00:15 - Epoch 6, Model Loss 0.8496777934868351, View Loss -1.8048127055947298, Reg 0.4279264799909654
09-Aug-26 05:01:13 - Epoch 7, Model Loss 0.7546888083170832, View Loss -1.7450345684500301, Reg 0.4338078900100359
09-Aug-26 05:02:11 - Epoch 8, Model Loss 0.7267574513075399, View Loss -2.7043537158592073, Reg 0.43456849553226645
09-Aug-26 05:03:10 - Epoch 9, Model Loss 0.7143058402378575, View Loss -3.103519679674136, Reg 0.41562202494908
09-Aug-26 05:04:09 - Epoch 10, Model Loss 0.712681029746735, View Loss -3.3197060503990823, Reg 0.4118892419961543
09-Aug-26 05:04:18 - Epoch 10: Train_acc 0.7843137254901961 Val_acc 0.5751633986928104 Test_acc 0.6230366492146597 Test_auc 0.6192307692307691
09-Aug-26 05:05:18 - Epoch 11, Model Loss 0.6734900484287661, View Loss -3.2670437993566974, Reg 0.4046911587512571
09-Aug-26 05:06:16 - Epoch 12, Model Loss 0.6839134574326036, View Loss -3.2332525829863705, Reg 0.40713587870784834
09-Aug-26 05:07:14 - Epoch 13, Model Loss 0.6541131957878474, View Loss -3.2173317990271872, Reg 0.40456165811594796
09-Aug-26 05:08:11 - Epoch 14, Model Loss 0.6379497029812508, View Loss -3.2165472491893894, Reg 0.40591056713091783
09-Aug-26 05:09:09 - Epoch 15, Model Loss 0.6565955700048434, View Loss -3.15179990631303, Reg 0.4046919394552318
09-Aug-26 05:09:16 - Epoch 15: Train_acc 0.8725490196078431 Val_acc 0.5686274509803921 Test_acc 0.5706806282722513 Test_auc 0.5981318681318681
09-Aug-26 05:10:15 - Epoch 16, Model Loss 0.6517097070521, View Loss -3.1147354833440843, Reg 0.40614738105948456
09-Aug-26 05:11:13 - Epoch 17, Model Loss 0.6400209799701092, View Loss -3.0739987254921908, Reg 0.40385065417663724
09-Aug-26 05:12:12 - Epoch 18, Model Loss 0.6298411328808154, View Loss -3.020194736181521, Reg 0.4074210152516957
09-Aug-26 05:13:10 - Epoch 19, Model Loss 0.656804276837243, View Loss -2.9714514991037206, Reg 0.41132183772286557
09-Aug-26 05:14:09 - Epoch 20, Model Loss 0.6756661638520123, View Loss -2.892309416353313, Reg 0.4158419499210283
09-Aug-26 05:14:16 - Epoch 20: Train_acc 0.8823529411764706 Val_acc 0.5686274509803921 Test_acc 0.5654450261780105 Test_auc 0.613076923076923
09-Aug-26 05:15:15 - Epoch 21, Model Loss 0.7516721462453503, View Loss -2.8317430159624886, Reg 0.4416838467510697
09-Aug-26 05:16:13 - Epoch 22, Model Loss 1.0025472491005667, View Loss -2.7018604964212654, Reg 0.46968817671919183
09-Aug-26 05:17:11 - Epoch 23, Model Loss 1.281549442827312, View Loss -2.659146446028566, Reg 0.5170401101018868
09-Aug-26 05:18:09 - Epoch 24, Model Loss 1.1807415584723155, View Loss -2.7261706240036907, Reg 0.5145227147473229
09-Aug-26 05:19:07 - Epoch 25, Model Loss 0.828492114454313, View Loss -2.5866155593223823, Reg 0.4457368509831771
09-Aug-26 05:19:16 - Epoch 25: Train_acc 0.7810457516339869 Val_acc 0.6143790849673203 Test_acc 0.581151832460733 Test_auc 0.6285714285714284
09-Aug-26 05:20:14 - Epoch 26, Model Loss 0.6576438713697047, View Loss -2.444493948244581, Reg 0.3966067182082756
09-Aug-26 05:21:13 - Epoch 27, Model Loss 0.6546261137217478, View Loss -2.3103047944361865, Reg 0.41361066640592087
09-Aug-26 05:22:11 - Epoch 28, Model Loss 0.6589062104817309, View Loss -2.232781737458472, Reg 0.4060554689441631
09-Aug-26 05:23:09 - Epoch 29, Model Loss 0.6788274545490353, View Loss -2.1949091284882787, Reg 0.44175638287675145
09-Aug-26 05:24:08 - Epoch 30, Model Loss 0.6778602987722634, View Loss -2.17175508480446, Reg 0.4211226754328784
/users/3171356m/miniconda3/envs/grastiacl/lib/python3.12/site-packages/sklearn/svm/_base.py:1298: ConvergenceWarning: Liblinear failed to converge, increase the number of iterations.
  warnings.warn(
09-Aug-26 05:24:25 - Epoch 30: Train_acc 0.8627450980392157 Val_acc 0.6143790849673203 Test_acc 0.5497382198952879 Test_auc 0.5816483516483517
09-Aug-26 05:25:23 - Epoch 31, Model Loss 0.6568961584684896, View Loss -2.1657178339615366, Reg 0.455384494042864
09-Aug-26 05:26:21 - Epoch 32, Model Loss 0.6218551423619775, View Loss -2.1148842129052854, Reg 0.4258299189455369
09-Aug-26 05:27:19 - Epoch 33, Model Loss 0.5934214025151496, View Loss -2.100023534562853, Reg 0.423044177831388
09-Aug-26 05:28:17 - Epoch 34, Model Loss 0.5878117447779849, View Loss -2.0778748412537418, Reg 0.42238880995831457
09-Aug-26 05:29:16 - Epoch 35, Model Loss 0.5790306205063863, View Loss -2.0639159211925433, Reg 0.4101671424566531
/users/3171356m/miniconda3/envs/grastiacl/lib/python3.12/site-packages/joblib/externals/loky/process_executor.py:782: UserWarning: A worker stopped while some jobs were given to the executor. This can be caused by a too short worker timeout or by a memory leak.
  warnings.warn(
09-Aug-26 05:29:39 - Epoch 35: Train_acc 0.7712418300653595 Val_acc 0.5947712418300654 Test_acc 0.6178010471204188 Test_auc 0.6365934065934067
09-Aug-26 05:30:39 - Epoch 36, Model Loss 0.5757950509295744, View Loss -2.0331769020728814, Reg 0.41197168749142316
09-Aug-26 05:31:41 - Epoch 37, Model Loss 0.5775851611218421, View Loss -2.0250659066867205, Reg 0.4102849142224181
09-Aug-26 05:32:41 - Epoch 38, Model Loss 0.567440001793157, View Loss -2.000245921752032, Reg 0.40376800980443267
09-Aug-26 05:33:40 - Epoch 39, Model Loss 0.5669537726181005, View Loss -1.9812839592204374, Reg 0.40926577043689155
09-Aug-26 05:34:38 - Epoch 40, Model Loss 0.5592972439488554, View Loss -1.9643780873491874, Reg 0.4055373966693878
09-Aug-26 05:34:57 - Epoch 40: Train_acc 0.7761437908496732 Val_acc 0.6013071895424836 Test_acc 0.6178010471204188 Test_auc 0.6401098901098901
09-Aug-26 05:35:57 - Epoch 41, Model Loss 0.5570443876428541, View Loss -1.948296771329992, Reg 0.4040989157031564
09-Aug-26 05:36:58 - Epoch 42, Model Loss 0.5595572900538351, View Loss -1.939877570844164, Reg 0.40898314585872725
09-Aug-26 05:37:57 - Epoch 43, Model Loss 0.5609313985880684, View Loss -1.9239055533814275, Reg 0.404834398257187
09-Aug-26 05:38:55 - Epoch 44, Model Loss 0.5462542271691989, View Loss -1.9196408480600593, Reg 0.40545829935790667
09-Aug-26 05:39:55 - Epoch 45, Model Loss 0.5523337003062753, View Loss -1.9041599822200201, Reg 0.4066552490580316
/users/3171356m/miniconda3/envs/grastiacl/lib/python3.12/site-packages/joblib/externals/loky/process_executor.py:782: UserWarning: A worker stopped while some jobs were given to the executor. This can be caused by a too short worker timeout or by a memory leak.
  warnings.warn(
09-Aug-26 05:40:13 - Epoch 45: Train_acc 0.7843137254901961 Val_acc 0.6078431372549019 Test_acc 0.6178010471204188 Test_auc 0.6334065934065933
09-Aug-26 05:41:12 - Epoch 46, Model Loss 0.5511490591600829, View Loss -1.8928231585259532, Reg 0.4069286353058285
09-Aug-26 05:42:14 - Epoch 47, Model Loss 0.5566803799345602, View Loss -1.8785520940045126, Reg 0.4041144803068996
09-Aug-26 05:43:13 - Epoch 48, Model Loss 0.5434881004632688, View Loss -1.8703142287684422, Reg 0.4047180712223053
09-Aug-26 05:44:12 - Epoch 49, Model Loss 0.5481751444293004, View Loss -1.8566634390089247, Reg 0.4053172884034176
09-Aug-26 05:45:10 - Epoch 50, Model Loss 0.5420606685619728, View Loss -1.8479558408649919, Reg 0.40251266294055515
/users/3171356m/miniconda3/envs/grastiacl/lib/python3.12/site-packages/joblib/externals/loky/process_executor.py:782: UserWarning: A worker stopped while some jobs were given to the executor. This can be caused by a too short worker timeout or by a memory leak.
  warnings.warn(
09-Aug-26 05:45:29 - Epoch 50: Train_acc 0.7810457516339869 Val_acc 0.6013071895424836 Test_acc 0.6230366492146597 Test_auc 0.6371428571428571
09-Aug-26 05:46:30 - Epoch 51, Model Loss 0.5428712122580585, View Loss -1.8474266435585769, Reg 0.40366412105123983
09-Aug-26 05:47:30 - Epoch 52, Model Loss 0.5423747741318996, View Loss -1.836169928507088, Reg 0.40189824618545233
09-Aug-26 05:48:29 - Epoch 53, Model Loss 0.5466787830676908, View Loss -1.8292600298239514, Reg 0.4019966493634617
09-Aug-26 05:49:28 - Epoch 54, Model Loss 0.5485077102979025, View Loss -1.8122314222497877, Reg 0.4029619239903743
09-Aug-26 05:50:27 - Epoch 55, Model Loss 0.5375842444257799, View Loss -1.7973100578083712, Reg 0.3975643488316754
09-Aug-26 05:50:44 - Epoch 55: Train_acc 0.7777777777777778 Val_acc 0.6143790849673203 Test_acc 0.612565445026178 Test_auc 0.6316483516483516
09-Aug-26 05:51:44 - Epoch 56, Model Loss 0.539825003910688, View Loss -1.7941189934225643, Reg 0.40361280943833144
09-Aug-26 05:52:44 - Epoch 57, Model Loss 0.535693477960973, View Loss -1.7896886588701235, Reg 0.3980044479074042
09-Aug-26 05:53:44 - Epoch 58, Model Loss 0.5280291375771068, View Loss -1.7925226844214146, Reg 0.4034208022301493
09-Aug-26 05:54:43 - Epoch 59, Model Loss 0.5284684471834719, View Loss -1.7811419776841706, Reg 0.40046894745109907
09-Aug-26 05:55:42 - Epoch 60, Model Loss 0.5310813063889547, View Loss -1.7822474529540617, Reg 0.4006635305149103
09-Aug-26 05:55:56 - Epoch 60: Train_acc 0.7826797385620915 Val_acc 0.6078431372549019 Test_acc 0.5968586387434555 Test_auc 0.6359340659340659
09-Aug-26 05:56:57 - Epoch 61, Model Loss 0.5368111741309073, View Loss -1.7647957443411832, Reg 0.40592507423918234
09-Aug-26 05:57:57 - Epoch 62, Model Loss 0.5332812189666274, View Loss -1.754449799169902, Reg 0.3966241069868499
09-Aug-26 05:58:56 - Epoch 63, Model Loss 0.5212040609783597, View Loss -1.7478537169936437, Reg 0.40835938480944417
09-Aug-26 05:59:55 - Epoch 64, Model Loss 0.5341251788575665, View Loss -1.7430541671179478, Reg 0.3961834856887269
09-Aug-26 06:00:54 - Epoch 65, Model Loss 0.5239022025485444, View Loss -1.7354381536346635, Reg 0.405234651433097
/users/3171356m/miniconda3/envs/grastiacl/lib/python3.12/site-packages/joblib/externals/loky/process_executor.py:782: UserWarning: A worker stopped while some jobs were given to the executor. This can be caused by a too short worker timeout or by a memory leak.
  warnings.warn(
09-Aug-26 06:01:13 - Epoch 65: Train_acc 0.7777777777777778 Val_acc 0.5947712418300654 Test_acc 0.6020942408376964 Test_auc 0.6338461538461538
09-Aug-26 06:02:14 - Epoch 66, Model Loss 0.5249991664309906, View Loss -1.7378590449788212, Reg 0.39995519982443917
09-Aug-26 06:03:13 - Epoch 67, Model Loss 0.5246605261478549, View Loss -1.7288874660442077, Reg 0.40280982910418045
09-Aug-26 06:04:13 - Epoch 68, Model Loss 0.5298637358191746, View Loss -1.7278604304868412, Reg 0.40291204639509615
09-Aug-26 06:05:12 - Epoch 69, Model Loss 0.5270877211701637, View Loss -1.7365759914996577, Reg 0.39975105313693776
09-Aug-26 06:06:12 - Epoch 70, Model Loss 0.5193881848279167, View Loss -1.7254676694184348, Reg 0.4039688525246639
/users/3171356m/miniconda3/envs/grastiacl/lib/python3.12/site-packages/joblib/externals/loky/process_executor.py:782: UserWarning: A worker stopped while some jobs were given to the executor. This can be caused by a too short worker timeout or by a memory leak.
  warnings.warn(
09-Aug-26 06:06:27 - Epoch 70: Train_acc 0.7777777777777778 Val_acc 0.5947712418300654 Test_acc 0.5916230366492147 Test_auc 0.6370329670329671
09-Aug-26 06:07:29 - Epoch 71, Model Loss 0.522104337324504, View Loss -1.7240054389230566, Reg 0.4010405918351965
09-Aug-26 06:08:29 - Epoch 72, Model Loss 0.5222847777254441, View Loss -1.7290864473854015, Reg 0.4003724654515584
09-Aug-26 06:09:28 - Epoch 73, Model Loss 0.516822571847953, View Loss -1.7168507840898302, Reg 0.40607717866991083
09-Aug-26 06:10:27 - Epoch 74, Model Loss 0.5217101542778264, View Loss -1.7071699005326415, Reg 0.3970974227961372
09-Aug-26 06:11:25 - Epoch 75, Model Loss 0.5197038537536571, View Loss -1.6972348549786735, Reg 0.407004173869401
/users/3171356m/miniconda3/envs/grastiacl/lib/python3.12/site-packages/joblib/externals/loky/process_executor.py:782: UserWarning: A worker stopped while some jobs were given to the executor. This can be caused by a too short worker timeout or by a memory leak.
  warnings.warn(
09-Aug-26 06:11:39 - Epoch 75: Train_acc 0.7810457516339869 Val_acc 0.6078431372549019 Test_acc 0.5968586387434555 Test_auc 0.6291208791208791
09-Aug-26 06:12:38 - Epoch 76, Model Loss 0.5246289707476797, View Loss -1.6954112722982768, Reg 0.39839909571448184
09-Aug-26 06:13:36 - Epoch 77, Model Loss 0.5179615534988105, View Loss -1.703576585046606, Reg 0.40317268387164945
09-Aug-26 06:14:34 - Epoch 78, Model Loss 0.5221875985853033, View Loss -1.700425024905236, Reg 0.4052242989244025
09-Aug-26 06:15:32 - Epoch 79, Model Loss 0.5185177345681035, View Loss -1.6951281603644877, Reg 0.39782781850278764
09-Aug-26 06:16:31 - Epoch 80, Model Loss 0.5152129715953777, View Loss -1.6932075257394827, Reg 0.4077812006660536
09-Aug-26 06:16:43 - Epoch 80: Train_acc 0.7875816993464052 Val_acc 0.6013071895424836 Test_acc 0.6178010471204188 Test_auc 0.6382417582417583
09-Aug-26 06:17:44 - Epoch 81, Model Loss 0.5122522680588018, View Loss -1.6927198693643208, Reg 0.3969712216480106
09-Aug-26 06:18:43 - Epoch 82, Model Loss 0.5137073991734997, View Loss -1.6880798994326125, Reg 0.4047554725525426
09-Aug-26 06:19:43 - Epoch 83, Model Loss 0.5174530838050094, View Loss -1.6880300387837528, Reg 0.4027305031134412
09-Aug-26 06:20:41 - Epoch 84, Model Loss 0.5183508618205201, View Loss -1.6896599383136026, Reg 0.39939752045799704
09-Aug-26 06:21:40 - Epoch 85, Model Loss 0.5145918602257772, View Loss -1.6822666389490264, Reg 0.40478191227694743
/users/3171356m/miniconda3/envs/grastiacl/lib/python3.12/site-packages/joblib/externals/loky/process_executor.py:782: UserWarning: A worker stopped while some jobs were given to the executor. This can be caused by a too short worker timeout or by a memory leak.
  warnings.warn(
09-Aug-26 06:21:57 - Epoch 85: Train_acc 0.7843137254901961 Val_acc 0.6209150326797386 Test_acc 0.612565445026178 Test_auc 0.6342857142857143
09-Aug-26 06:22:55 - Epoch 86, Model Loss 0.5085039421234255, View Loss -1.685430151185179, Reg 0.4005715348362143
09-Aug-26 06:23:53 - Epoch 87, Model Loss 0.512355222031961, View Loss -1.6877684078964532, Reg 0.40378758681365867
09-Aug-26 06:24:50 - Epoch 88, Model Loss 0.5184659120304133, View Loss -1.680473749933679, Reg 0.40343421405436947
09-Aug-26 06:25:48 - Epoch 89, Model Loss 0.5102983985851014, View Loss -1.6816369334077523, Reg 0.40177234676149154
09-Aug-26 06:26:45 - Epoch 90, Model Loss 0.510837630119199, View Loss -1.6747332008835536, Reg 0.40267670992153143
09-Aug-26 06:26:50 - Epoch 90: Train_acc 0.7794117647058824 Val_acc 0.6078431372549019 Test_acc 0.6020942408376964 Test_auc 0.630989010989011
09-Aug-26 06:27:48 - Epoch 91, Model Loss 0.5166256774484722, View Loss -1.6746049924613604, Reg 0.4013855484576007
09-Aug-26 06:28:46 - Epoch 92, Model Loss 0.5090562025316401, View Loss -1.677690071218154, Reg 0.40293916592410967
09-Aug-26 06:29:44 - Epoch 93, Model Loss 0.5147117687985788, View Loss -1.6768484723334218, Reg 0.40097063331822164
09-Aug-26 06:30:41 - Epoch 94, Model Loss 0.5104106306250579, View Loss -1.6758719737233678, Reg 0.40052452352311874
09-Aug-26 06:31:39 - Epoch 95, Model Loss 0.5130534475924922, View Loss -1.6702082936280693, Reg 0.40289097089393466
09-Aug-26 06:31:47 - Epoch 95: Train_acc 0.7794117647058824 Val_acc 0.6078431372549019 Test_acc 0.612565445026178 Test_auc 0.639010989010989
09-Aug-26 06:32:44 - Epoch 96, Model Loss 0.508554134103987, View Loss -1.6653705515892676, Reg 0.40004144034354516
09-Aug-26 06:33:41 - Epoch 97, Model Loss 0.5094286711776957, View Loss -1.6624605624504338, Reg 0.4024648946874282
09-Aug-26 06:34:37 - Epoch 98, Model Loss 0.5127514047560349, View Loss -1.6750439148323208, Reg 0.4024832404516881
09-Aug-26 06:35:34 - Epoch 99, Model Loss 0.5098421018497616, View Loss -1.6788048027387632, Reg 0.4001746693857355
09-Aug-26 06:36:31 - Epoch 100, Model Loss 0.5028006637018491, View Loss -1.6692845494139428, Reg 0.4051516437842176
09-Aug-26 06:36:39 - Epoch 100: Train_acc 0.7843137254901961 Val_acc 0.6274509803921569 Test_acc 0.6178010471204188 Test_auc 0.630989010989011
09-Aug-26 06:37:35 - Epoch 101, Model Loss 0.5075673955717898, View Loss -1.6678330571043725, Reg 0.39843836699435914
09-Aug-26 06:38:32 - Epoch 102, Model Loss 0.5040262717437121, View Loss -1.6661399236691543, Reg 0.4032224126501021
09-Aug-26 06:39:28 - Epoch 103, Model Loss 0.49840275076479695, View Loss -1.668273318047617, Reg 0.39981640651335126
09-Aug-26 06:40:25 - Epoch 104, Model Loss 0.4995320834755118, View Loss -1.6736472307466994, Reg 0.4019492143899008
09-Aug-26 06:41:21 - Epoch 105, Model Loss 0.49517253684062584, View Loss -1.670693534651613, Reg 0.4013100274248061
09-Aug-26 06:41:30 - Epoch 105: Train_acc 0.8676470588235294 Val_acc 0.6143790849673203 Test_acc 0.581151832460733 Test_auc 0.5860439560439561
09-Aug-26 06:42:26 - Epoch 106, Model Loss 0.5067830915544548, View Loss -1.663940089979982, Reg 0.3995886499585669
09-Aug-26 06:43:22 - Epoch 107, Model Loss 0.49773578004899366, View Loss -1.666436080059974, Reg 0.4020848494339613
09-Aug-26 06:44:19 - Epoch 108, Model Loss 0.4990880610116946, View Loss -1.6652188425749734, Reg 0.4013791843956592
09-Aug-26 06:45:15 - Epoch 109, Model Loss 0.5055279244784436, View Loss -1.6685884030036677, Reg 0.4002432848503387
09-Aug-26 06:46:12 - Epoch 110, Model Loss 0.5003480920994204, View Loss -1.6635607036889768, Reg 0.4000975341578714
09-Aug-26 06:46:21 - Epoch 110: Train_acc 0.7875816993464052 Val_acc 0.6143790849673203 Test_acc 0.612565445026178 Test_auc 0.6304395604395604
09-Aug-26 06:47:17 - Epoch 111, Model Loss 0.49787937270270455, View Loss -1.664860423094307, Reg 0.40275441412053076
09-Aug-26 06:48:14 - Epoch 112, Model Loss 0.5032651921113332, View Loss -1.6608984111960416, Reg 0.39815206952344356
09-Aug-26 06:49:10 - Epoch 113, Model Loss 0.4988694167604633, View Loss -1.6607396103977379, Reg 0.4034147449568206
09-Aug-26 06:50:06 - Epoch 114, Model Loss 0.49654635066300434, View Loss -1.671930179097294, Reg 0.3995488850898992
09-Aug-26 06:51:03 - Epoch 115, Model Loss 0.49892154394411575, View Loss -1.661211496864269, Reg 0.39887597475176545
09-Aug-26 06:51:09 - Epoch 115: Train_acc 0.7826797385620915 Val_acc 0.6143790849673203 Test_acc 0.6178010471204188 Test_auc 0.6352747252747252
09-Aug-26 06:52:05 - Epoch 116, Model Loss 0.49878300716674406, View Loss -1.661452709459791, Reg 0.40330755710601807
09-Aug-26 06:53:01 - Epoch 117, Model Loss 0.4968177259357926, View Loss -1.6610816008125255, Reg 0.3970527742423263
09-Aug-26 06:53:58 - Epoch 118, Model Loss 0.4948628400665483, View Loss -1.6686066583870283, Reg 0.4018610464591606
09-Aug-26 06:54:54 - Epoch 119, Model Loss 0.5011239790059383, View Loss -1.672241410398795, Reg 0.399630054928898
09-Aug-26 06:55:51 - Epoch 120, Model Loss 0.4996282719319163, View Loss -1.6616371020772098, Reg 0.3986433573018492
09-Aug-26 06:55:58 - Epoch 120: Train_acc 0.7826797385620915 Val_acc 0.6013071895424836 Test_acc 0.612565445026178 Test_auc 0.632967032967033
09-Aug-26 06:56:55 - Epoch 121, Model Loss 0.4946254598938562, View Loss -1.6578175476173949, Reg 0.40313241781752096
09-Aug-26 06:57:51 - Epoch 122, Model Loss 0.49358657021927677, View Loss -1.654334621491775, Reg 0.3961145344123342
09-Aug-26 06:58:48 - Epoch 123, Model Loss 0.491725452585158, View Loss -1.6560195785721923, Reg 0.4041603090716343
09-Aug-26 06:59:44 - Epoch 124, Model Loss 0.49586596208460193, View Loss -1.6572061099258124, Reg 0.3945279218792136
09-Aug-26 07:00:41 - Epoch 125, Model Loss 0.4943176543011385, View Loss -1.6660472848056969, Reg 0.40474280208544017
09-Aug-26 07:00:50 - Epoch 125: Train_acc 0.8676470588235294 Val_acc 0.6013071895424836 Test_acc 0.5759162303664922 Test_auc 0.5943956043956043
09-Aug-26 07:01:46 - Epoch 126, Model Loss 0.49281668234494774, View Loss -1.6568902769899057, Reg 0.39616526478256275
09-Aug-26 07:02:43 - Epoch 127, Model Loss 0.49648528434092704, View Loss -1.660732102549933, Reg 0.40190598193336935
09-Aug-26 07:03:39 - Epoch 128, Model Loss 0.4956972519167108, View Loss -1.6544879635954215, Reg 0.39991586699205284
09-Aug-26 07:04:35 - Epoch 129, Model Loss 0.49176821248983243, View Loss -1.655966323964736, Reg 0.3959755731953515
09-Aug-26 07:05:32 - Epoch 130, Model Loss 0.4940543276032591, View Loss -1.6627311472799264, Reg 0.4047864344384935
09-Aug-26 07:05:41 - Epoch 130: Train_acc 0.7859477124183006 Val_acc 0.6078431372549019 Test_acc 0.6230366492146597 Test_auc 0.630989010989011
09-Aug-26 07:06:37 - Epoch 131, Model Loss 0.4918782231854458, View Loss -1.6705617359261107, Reg 0.3962685689817067
09-Aug-26 07:07:33 - Epoch 132, Model Loss 0.4920244824652578, View Loss -1.6541465076745725, Reg 0.40133658343670414
09-Aug-26 07:08:30 - Epoch 133, Model Loss 0.5004599059329313, View Loss -1.649130398931067, Reg 0.39873167112761854
09-Aug-26 07:09:26 - Epoch 134, Model Loss 0.49448905739129756, View Loss -1.6518263474009396, Reg 0.39957420576631636
09-Aug-26 07:10:22 - Epoch 135, Model Loss 0.4909975183945076, View Loss -1.649510986664716, Reg 0.39993833463176404
09-Aug-26 07:10:30 - Epoch 135: Train_acc 0.7973856209150327 Val_acc 0.6339869281045751 Test_acc 0.612565445026178 Test_auc 0.6291208791208791
09-Aug-26 07:11:26 - Epoch 136, Model Loss 0.4975902519974054, View Loss -1.6438549749212328, Reg 0.3975881061522789
09-Aug-26 07:12:22 - Epoch 137, Model Loss 0.4888661912843293, View Loss -1.6488579971338408, Reg 0.39964037315518247
09-Aug-26 07:13:18 - Epoch 138, Model Loss 0.4924253797998615, View Loss -1.646726033266853, Reg 0.39951951324550156
09-Aug-26 07:14:15 - Epoch 139, Model Loss 0.4863777491781447, View Loss -1.646799001818389, Reg 0.39900152687153784
09-Aug-26 07:15:11 - Epoch 140, Model Loss 0.49493436564027876, View Loss -1.6508928311416526, Reg 0.3997121866232429
09-Aug-26 07:15:20 - Epoch 140: Train_acc 0.7810457516339869 Val_acc 0.6143790849673203 Test_acc 0.6073298429319371 Test_auc 0.6353846153846153
09-Aug-26 07:16:17 - Epoch 141, Model Loss 0.49613187184520796, View Loss -1.6464485732558507, Reg 0.3968467145573859
09-Aug-26 07:17:13 - Epoch 142, Model Loss 0.49576342923968447, View Loss -1.6484127979652554, Reg 0.4021395955210418
09-Aug-26 07:18:09 - Epoch 143, Model Loss 0.49671876274682336, View Loss -1.645826383353838, Reg 0.3950331306535434
09-Aug-26 07:19:06 - Epoch 144, Model Loss 0.4882838554631651, View Loss -1.6460745272293589, Reg 0.40087808093993493
09-Aug-26 07:20:02 - Epoch 145, Model Loss 0.4927876318981445, View Loss -1.6481274452084809, Reg 0.3954695093086342
09-Aug-26 07:20:09 - Epoch 145: Train_acc 0.8725490196078431 Val_acc 0.6013071895424836 Test_acc 0.5602094240837696 Test_auc 0.5907692307692308
09-Aug-26 07:21:06 - Epoch 146, Model Loss 0.48652048107066187, View Loss -1.6459737743427552, Reg 0.40263313444611293
09-Aug-26 07:22:03 - Epoch 147, Model Loss 0.4914087653160095, View Loss -1.648453368080987, Reg 0.3962088492181566
09-Aug-26 07:22:59 - Epoch 148, Model Loss 0.4916024211964576, View Loss -1.6399801026761922, Reg 0.3995305940606236
09-Aug-26 07:23:56 - Epoch 149, Model Loss 0.4883688368828468, View Loss -1.6441406377779892, Reg 0.39830558070170335
09-Aug-26 07:24:52 - Epoch 150, Model Loss 0.48761827260061025, View Loss -1.6449480321672227, Reg 0.39547628573342863
09-Aug-26 07:24:59 - Epoch 150: Train_acc 0.7875816993464052 Val_acc 0.6143790849673203 Test_acc 0.6020942408376964 Test_auc 0.6317582417582417
09-Aug-26 07:25:56 - Epoch 151, Model Loss 0.483916301353305, View Loss -1.6475338951434964, Reg 0.4004654609689526
09-Aug-26 07:26:52 - Epoch 152, Model Loss 0.4922771301924014, View Loss -1.6401892518685535, Reg 0.39661957099546796
09-Aug-26 07:27:48 - Epoch 153, Model Loss 0.4893983736926434, View Loss -1.6416882346658146, Reg 0.39779773724624534
09-Aug-26 07:28:45 - Epoch 154, Model Loss 0.4900202388856925, View Loss -1.640058600045497, Reg 0.3968688925496893
09-Aug-26 07:29:41 - Epoch 155, Model Loss 0.48892585085887535, View Loss -1.6433066433551264, Reg 0.39989039477180033
09-Aug-26 07:29:48 - Epoch 155: Train_acc 0.7875816993464052 Val_acc 0.6339869281045751 Test_acc 0.6073298429319371 Test_auc 0.6342857142857142
09-Aug-26 07:30:44 - Epoch 156, Model Loss 0.48171863544221016, View Loss -1.6405720118603675, Reg 0.39482423780011194
09-Aug-26 07:31:41 - Epoch 157, Model Loss 0.48994316540512384, View Loss -1.6480754013934167, Reg 0.4006975071102965
09-Aug-26 07:32:37 - Epoch 158, Model Loss 0.4801747393763922, View Loss -1.6453490335177752, Reg 0.3977191617675856
09-Aug-26 07:33:34 - Epoch 159, Model Loss 0.48729028129110147, View Loss -1.6381233205982284, Reg 0.39637792597409166
09-Aug-26 07:34:31 - Epoch 160, Model Loss 0.48941635131056793, View Loss -1.6349864224203272, Reg 0.3960496861171099
09-Aug-26 07:34:40 - Epoch 160: Train_acc 0.7908496732026143 Val_acc 0.6209150326797386 Test_acc 0.612565445026178 Test_auc 0.6362637362637362
09-Aug-26 07:35:36 - Epoch 161, Model Loss 0.4849168677735173, View Loss -1.6396440103942274, Reg 0.39742569226065494
09-Aug-26 07:36:33 - Epoch 162, Model Loss 0.4888885005626803, View Loss -1.6333528063655678, Reg 0.3946635162129122
09-Aug-26 07:37:29 - Epoch 163, Model Loss 0.4847450647868362, View Loss -1.6377642170276516, Reg 0.3991614428221011
09-Aug-26 07:38:26 - Epoch 164, Model Loss 0.4878581244181963, View Loss -1.635235334533492, Reg 0.39631278647316825
09-Aug-26 07:39:22 - Epoch 165, Model Loss 0.48897669751659717, View Loss -1.6373916887769513, Reg 0.3977493304832309
09-Aug-26 07:39:30 - Epoch 165: Train_acc 0.7826797385620915 Val_acc 0.6274509803921569 Test_acc 0.612565445026178 Test_auc 0.6318681318681318
09-Aug-26 07:40:27 - Epoch 166, Model Loss 0.48253117862090567, View Loss -1.6319946385676565, Reg 0.39556093134132086
09-Aug-26 07:41:23 - Epoch 167, Model Loss 0.4790186952142155, View Loss -1.6283555015239841, Reg 0.3967753307881698
09-Aug-26 07:42:20 - Epoch 168, Model Loss 0.4855274478204889, View Loss -1.6362237447227528, Reg 0.3968069779327492
09-Aug-26 07:43:16 - Epoch 169, Model Loss 0.48603005327430426, View Loss -1.6348655379675572, Reg 0.39682009309725047
09-Aug-26 07:44:13 - Epoch 170, Model Loss 0.4793417360268387, View Loss -1.6357068438935125, Reg 0.3949754475768096
09-Aug-26 07:44:24 - Epoch 170: Train_acc 1.0 Val_acc 0.5816993464052288 Test_acc 0.5863874345549738 Test_auc 0.5861538461538461
09-Aug-26 07:45:20 - Epoch 171, Model Loss 0.483773215923434, View Loss -1.6294562099805845, Reg 0.39496095527231306
09-Aug-26 07:46:17 - Epoch 172, Model Loss 0.4855706734594956, View Loss -1.6347763927933436, Reg 0.3971012534658893
09-Aug-26 07:47:13 - Epoch 173, Model Loss 0.48649829528690164, View Loss -1.635055319156522, Reg 0.39558810443660014
09-Aug-26 07:48:10 - Epoch 174, Model Loss 0.48496883289486753, View Loss -1.6314791495503942, Reg 0.39343444837464225
09-Aug-26 07:49:06 - Epoch 175, Model Loss 0.48574992118318094, View Loss -1.6312166725108825, Reg 0.3963196540580076
09-Aug-26 07:49:13 - Epoch 175: Train_acc 0.7843137254901961 Val_acc 0.6274509803921569 Test_acc 0.6178010471204188 Test_auc 0.6372527472527473
09-Aug-26 07:50:09 - Epoch 176, Model Loss 0.48259296818496356, View Loss -1.6309841380399817, Reg 0.3963244857351764
09-Aug-26 07:51:05 - Epoch 177, Model Loss 0.48152221262065414, View Loss -1.632889739828172, Reg 0.3923310298545688
09-Aug-26 07:52:02 - Epoch 178, Model Loss 0.48145362968538324, View Loss -1.633341659907422, Reg 0.3982448932392145
09-Aug-26 07:52:58 - Epoch 179, Model Loss 0.4818136917999367, View Loss -1.6362347945668339, Reg 0.3925236196689356
09-Aug-26 07:53:55 - Epoch 180, Model Loss 0.48024453213012297, View Loss -1.636723131915323, Reg 0.3952498591803258
09-Aug-26 07:54:02 - Epoch 180: Train_acc 0.7892156862745098 Val_acc 0.6274509803921569 Test_acc 0.6178010471204188 Test_auc 0.6351648351648351
09-Aug-26 07:54:59 - Epoch 181, Model Loss 0.47525641867537904, View Loss -1.6354326235702614, Reg 0.3937361407903285
09-Aug-26 07:55:55 - Epoch 182, Model Loss 0.4776407953570871, View Loss -1.6493933496911541, Reg 0.39703332949308007
09-Aug-26 07:56:52 - Epoch 183, Model Loss 0.4772647549124325, View Loss -1.639699396744273, Reg 0.38972767603163627
09-Aug-26 07:57:48 - Epoch 184, Model Loss 0.47381096903015585, View Loss -1.642281920302148, Reg 0.39747703133844864
09-Aug-26 07:58:45 - Epoch 185, Model Loss 0.480373784607532, View Loss -1.6386356384925593, Reg 0.3936074315722472
09-Aug-26 07:58:53 - Epoch 185: Train_acc 0.7892156862745098 Val_acc 0.6274509803921569 Test_acc 0.612565445026178 Test_auc 0.629010989010989
09-Aug-26 07:59:50 - Epoch 186, Model Loss 0.47550253891477395, View Loss -1.6385577395071391, Reg 0.3904750654899996
09-Aug-26 08:00:46 - Epoch 187, Model Loss 0.47714513579225226, View Loss -1.6298897983201968, Reg 0.3949391238050523
09-Aug-26 08:01:42 - Epoch 188, Model Loss 0.4765093984946706, View Loss -1.6270888194539188, Reg 0.39300138264699697
09-Aug-26 08:02:39 - Epoch 189, Model Loss 0.4781993284724117, View Loss -1.630945054534214, Reg 0.3947238493589015
09-Aug-26 08:03:35 - Epoch 190, Model Loss 0.47592737063083773, View Loss -1.6280064286749347, Reg 0.3906269743551616
09-Aug-26 08:03:43 - Epoch 190: Train_acc 0.7892156862745098 Val_acc 0.6405228758169934 Test_acc 0.6020942408376964 Test_auc 0.6350549450549452
09-Aug-26 08:04:39 - Epoch 191, Model Loss 0.47693052712608786, View Loss -1.6360578240911945, Reg 0.39494629778893164
09-Aug-26 08:05:36 - Epoch 192, Model Loss 0.4752686234081493, View Loss -1.6432068784252492, Reg 0.3942938390510534
09-Aug-26 08:06:32 - Epoch 193, Model Loss 0.4743056823225582, View Loss -1.6415031906826045, Reg 0.38823875706959393
09-Aug-26 08:07:29 - Epoch 194, Model Loss 0.47605833489131305, View Loss -1.645136481017069, Reg 0.3925643399649975
09-Aug-26 08:08:25 - Epoch 195, Model Loss 0.47403696081996743, View Loss -1.6459378510518792, Reg 0.3935422922661102
09-Aug-26 08:08:35 - Epoch 195: Train_acc 0.7908496732026143 Val_acc 0.6274509803921569 Test_acc 0.612565445026178 Test_auc 0.6340659340659341
09-Aug-26 08:09:32 - Epoch 196, Model Loss 0.47187518489127067, View Loss -1.644991104898889, Reg 0.391557056919422
09-Aug-26 08:10:28 - Epoch 197, Model Loss 0.47330528419781354, View Loss -1.6323662334018283, Reg 0.3903568496111951
09-Aug-26 08:11:25 - Epoch 198, Model Loss 0.4735916011473712, View Loss -1.6301543790530535, Reg 0.3928619200497671
09-Aug-26 08:12:21 - Epoch 199, Model Loss 0.474326418700561, View Loss -1.622991351520314, Reg 0.39105749305556803
09-Aug-26 08:13:18 - Epoch 200, Model Loss 0.4741000205862756, View Loss -1.6229541395224778, Reg 0.3909086380519119
09-Aug-26 08:13:29 - Epoch 200: Train_acc 0.7973856209150327 Val_acc 0.6339869281045751 Test_acc 0.5968586387434555 Test_auc 0.6323076923076923
09-Aug-26 08:14:25 - Epoch 201, Model Loss 0.4714195642595977, View Loss -1.6234045870163862, Reg 0.39011163688173484
09-Aug-26 08:15:22 - Epoch 202, Model Loss 0.47726964035065345, View Loss -1.6231703244003595, Reg 0.38919470123216215
09-Aug-26 08:16:18 - Epoch 203, Model Loss 0.47385836076113136, View Loss -1.6202884686538597, Reg 0.3911074004531686
09-Aug-26 08:17:15 - Epoch 204, Model Loss 0.4733889212016187, View Loss -1.6216270004222595, Reg 0.39218902568411984
09-Aug-26 08:18:11 - Epoch 205, Model Loss 0.47589359018537736, View Loss -1.6204774566725189, Reg 0.3879602473545698
09-Aug-26 08:18:17 - Epoch 205: Train_acc 0.7810457516339869 Val_acc 0.6405228758169934 Test_acc 0.6073298429319371 Test_auc 0.6337362637362638
09-Aug-26 08:19:14 - Epoch 206, Model Loss 0.471636320056479, View Loss -1.6183120471979278, Reg 0.39175307205299925
09-Aug-26 08:20:11 - Epoch 207, Model Loss 0.47444597120378534, View Loss -1.6162798124201156, Reg 0.38721514683143765
09-Aug-26 08:21:07 - Epoch 208, Model Loss 0.4717229386560278, View Loss -1.6205880158866932, Reg 0.38984228836165535
09-Aug-26 08:22:04 - Epoch 209, Model Loss 0.47311119160620996, View Loss -1.6220172230714287, Reg 0.3892086346944173
09-Aug-26 08:23:00 - Epoch 210, Model Loss 0.4783165443177317, View Loss -1.6161726237901675, Reg 0.38656767423635996
09-Aug-26 08:23:11 - Epoch 210: Train_acc 0.7843137254901961 Val_acc 0.6405228758169934 Test_acc 0.612565445026178 Test_auc 0.6323076923076923
09-Aug-26 08:24:08 - Epoch 211, Model Loss 0.4735133710250356, View Loss -1.6202793916066487, Reg 0.39153389954099466
09-Aug-26 08:25:04 - Epoch 212, Model Loss 0.47440780260983634, View Loss -1.6208462824229322, Reg 0.38576671169474236
09-Aug-26 08:26:00 - Epoch 213, Model Loss 0.4737704781924977, View Loss -1.6158432165781658, Reg 0.3904875923995099
09-Aug-26 08:26:57 - Epoch 214, Model Loss 0.4696649402574776, View Loss -1.6173399756936466, Reg 0.386236194302054
09-Aug-26 08:27:53 - Epoch 215, Model Loss 0.474180236750958, View Loss -1.6156681300767886, Reg 0.3868740557455549
09-Aug-26 08:28:03 - Epoch 215: Train_acc 0.7892156862745098 Val_acc 0.6339869281045751 Test_acc 0.5968586387434555 Test_auc 0.6294505494505496
09-Aug-26 08:29:00 - Epoch 216, Model Loss 0.4739335389698253, View Loss -1.6170750988854303, Reg 0.38929283287790084
09-Aug-26 08:29:56 - Epoch 217, Model Loss 0.47550535182547726, View Loss -1.6194714035084046, Reg 0.3849598046611337
09-Aug-26 08:30:53 - Epoch 218, Model Loss 0.47344475127513114, View Loss -1.6170611194535798, Reg 0.38993153385087553
09-Aug-26 08:31:49 - Epoch 219, Model Loss 0.4739242533063577, View Loss -1.6141447397618511, Reg 0.3847191290917739
09-Aug-26 08:32:46 - Epoch 220, Model Loss 0.46901489063805224, View Loss -1.6162538964763966, Reg 0.3864096064193576
09-Aug-26 08:32:59 - Epoch 220: Train_acc 0.7859477124183006 Val_acc 0.6470588235294118 Test_acc 0.5968586387434555 Test_auc 0.63010989010989
09-Aug-26 08:33:55 - Epoch 221, Model Loss 0.4715123877805822, View Loss -1.6171492953705633, Reg 0.3875614367668925
09-Aug-26 08:34:52 - Epoch 222, Model Loss 0.47256357782806446, View Loss -1.6191275119781494, Reg 0.3872372233400158
09-Aug-26 08:35:48 - Epoch 223, Model Loss 0.47451717187376585, View Loss -1.6252030079660853, Reg 0.3882567428685481
09-Aug-26 08:36:45 - Epoch 224, Model Loss 0.4751253381274105, View Loss -1.6203494212206673, Reg 0.38308007771672764
09-Aug-26 08:37:41 - Epoch 225, Model Loss 0.46959648140115673, View Loss -1.6256944338480632, Reg 0.38515539360202217
09-Aug-26 08:37:50 - Epoch 225: Train_acc 0.8774509803921569 Val_acc 0.5947712418300654 Test_acc 0.5549738219895288 Test_auc 0.5850549450549452
09-Aug-26 08:38:47 - Epoch 226, Model Loss 0.47192944264879416, View Loss -1.6284386519513099, Reg 0.3879626816004709
09-Aug-26 08:39:43 - Epoch 227, Model Loss 0.47161463545817955, View Loss -1.6176761412153058, Reg 0.38704140260328657
09-Aug-26 08:40:40 - Epoch 228, Model Loss 0.4722078672421524, View Loss -1.6123618425107469, Reg 0.382772275824952
09-Aug-26 08:41:36 - Epoch 229, Model Loss 0.4727023220529743, View Loss -1.6197196502311557, Reg 0.3857857306408726
09-Aug-26 08:42:33 - Epoch 230, Model Loss 0.4706833222333123, View Loss -1.6403622019524668, Reg 0.3882116420206681
09-Aug-26 08:42:40 - Epoch 230: Train_acc 0.7875816993464052 Val_acc 0.6405228758169934 Test_acc 0.6020942408376964 Test_auc 0.6286813186813187
09-Aug-26 08:43:37 - Epoch 231, Model Loss 0.4701402366550919, View Loss -1.6473569901160945, Reg 0.38683663532624835
09-Aug-26 08:44:33 - Epoch 232, Model Loss 0.46955061328956504, View Loss -1.6255225558686102, Reg 0.3812640034684948
09-Aug-26 08:45:30 - Epoch 233, Model Loss 0.46919017192585016, View Loss -1.6288468370250626, Reg 0.3858295889461742
09-Aug-26 08:46:26 - Epoch 234, Model Loss 0.4690521951594384, View Loss -1.627669664769391, Reg 0.3879799100698209
09-Aug-26 08:47:23 - Epoch 235, Model Loss 0.4683266455441519, View Loss -1.617643839393566, Reg 0.38281020483160333
09-Aug-26 08:47:33 - Epoch 235: Train_acc 0.795751633986928 Val_acc 0.6535947712418301 Test_acc 0.6020942408376964 Test_auc 0.6287912087912089
09-Aug-26 08:48:29 - Epoch 236, Model Loss 0.4713393706901401, View Loss -1.6140947341918945, Reg 0.38398534312746885
09-Aug-26 08:49:26 - Epoch 237, Model Loss 0.46942122660431207, View Loss -1.615088829028061, Reg 0.38521772623062134
09-Aug-26 08:50:22 - Epoch 238, Model Loss 0.4708302667717528, View Loss -1.6072853468602, Reg 0.3848116171905418
09-Aug-26 08:51:19 - Epoch 239, Model Loss 0.47158162344514937, View Loss -1.611296310923458, Reg 0.38293276892768013
09-Aug-26 08:52:15 - Epoch 240, Model Loss 0.46961964657104094, View Loss -1.6164207349415698, Reg 0.385432617337096
09-Aug-26 08:52:22 - Epoch 240: Train_acc 0.7941176470588235 Val_acc 0.6339869281045751 Test_acc 0.6020942408376964 Test_auc 0.6263736263736264
09-Aug-26 08:53:18 - Epoch 241, Model Loss 0.4680020852026597, View Loss -1.612671314501295, Reg 0.3838135761762756
09-Aug-26 08:54:15 - Epoch 242, Model Loss 0.46819546974562354, View Loss -1.617525508980346, Reg 0.3840099460159252
09-Aug-26 08:55:11 - Epoch 243, Model Loss 0.47014814342548644, View Loss -1.608624975665722, Reg 0.3822079990424362
09-Aug-26 08:56:08 - Epoch 244, Model Loss 0.47040395370495863, View Loss -1.6081696818856632, Reg 0.38386871047269283
09-Aug-26 08:57:04 - Epoch 245, Model Loss 0.4674547417880663, View Loss -1.6109330077576482, Reg 0.3843560479824839
09-Aug-26 08:57:11 - Epoch 245: Train_acc 0.946078431372549 Val_acc 0.5947712418300654 Test_acc 0.5759162303664922 Test_auc 0.579010989010989
09-Aug-26 08:58:08 - Epoch 246, Model Loss 0.4638725082858715, View Loss -1.6112586096221326, Reg 0.3806951562174005
09-Aug-26 08:59:04 - Epoch 247, Model Loss 0.4642786578415266, View Loss -1.6140043766669978, Reg 0.3843638193763159
09-Aug-26 09:00:01 - Epoch 248, Model Loss 0.4648263672598047, View Loss -1.60625217319314, Reg 0.3844183163315642
09-Aug-26 09:00:57 - Epoch 249, Model Loss 0.46999583972824943, View Loss -1.6089680740256715, Reg 0.38137196812754365
09-Aug-26 09:01:54 - Epoch 250, Model Loss 0.47177452433343026, View Loss -1.6005061716815225, Reg 0.3824312647962882
09-Aug-26 09:02:01 - Epoch 250: Train_acc 0.795751633986928 Val_acc 0.6405228758169934 Test_acc 0.612565445026178 Test_auc 0.6273626373626373
09-Aug-26 09:02:57 - Epoch 251, Model Loss 0.4668508401883194, View Loss -1.6101108766069598, Reg 0.38220548103837404
09-Aug-26 09:03:54 - Epoch 252, Model Loss 0.46397484712351383, View Loss -1.6060405322928835, Reg 0.38365620199371786
09-Aug-26 09:04:50 - Epoch 253, Model Loss 0.46503252959718894, View Loss -1.6064324846454696, Reg 0.3814144418909659
09-Aug-26 09:05:47 - Epoch 254, Model Loss 0.466449317199732, View Loss -1.6128799120585124, Reg 0.384838683348076
09-Aug-26 09:06:44 - Epoch 255, Model Loss 0.4674645089635662, View Loss -1.6114570782854667, Reg 0.3811544263674543
09-Aug-26 09:06:51 - Epoch 255: Train_acc 0.7973856209150327 Val_acc 0.6274509803921569 Test_acc 0.6178010471204188 Test_auc 0.6335164835164835
09-Aug-26 09:07:47 - Epoch 256, Model Loss 0.4649774321154052, View Loss -1.6101987813812455, Reg 0.3813118065883911
09-Aug-26 09:08:44 - Epoch 257, Model Loss 0.46629022032606837, View Loss -1.6083210730085187, Reg 0.384206381693385
09-Aug-26 09:09:40 - Epoch 258, Model Loss 0.4656717800626568, View Loss -1.611156340518029, Reg 0.3821997167238223
09-Aug-26 09:10:36 - Epoch 259, Model Loss 0.4661904310478884, View Loss -1.6059862725874956, Reg 0.3807626278961406
09-Aug-26 09:11:33 - Epoch 260, Model Loss 0.464409985963036, View Loss -1.6062818820180456, Reg 0.3832193934449963
09-Aug-26 09:11:40 - Epoch 260: Train_acc 0.795751633986928 Val_acc 0.6470588235294118 Test_acc 0.6073298429319371 Test_auc 0.6282417582417581
09-Aug-26 09:12:36 - Epoch 261, Model Loss 0.4657888490390154, View Loss -1.6057830916510687, Reg 0.38139164759442695
09-Aug-26 09:13:33 - Epoch 262, Model Loss 0.4654348216025658, View Loss -1.6083707186131695, Reg 0.3814229786006454
09-Aug-26 09:14:29 - Epoch 263, Model Loss 0.46003858560051014, View Loss -1.6058049404543209, Reg 0.3834442320991965
09-Aug-26 09:15:26 - Epoch 264, Model Loss 0.464200657761954, View Loss -1.6037825088874966, Reg 0.37947015513002486
09-Aug-26 09:16:22 - Epoch 265, Model Loss 0.46666274935591456, View Loss -1.6118974934995565, Reg 0.38397767516522624
09-Aug-26 09:16:30 - Epoch 265: Train_acc 0.7973856209150327 Val_acc 0.6339869281045751 Test_acc 0.5916230366492147 Test_auc 0.6283516483516484
09-Aug-26 09:17:27 - Epoch 266, Model Loss 0.46822073627141564, View Loss -1.605762604794471, Reg 0.3809232316375558
09-Aug-26 09:18:24 - Epoch 267, Model Loss 0.4676762942005606, View Loss -1.6071961580538283, Reg 0.38294972761783724
09-Aug-26 09:19:20 - Epoch 268, Model Loss 0.4632471573898216, View Loss -1.604719006158168, Reg 0.37918231378193773
09-Aug-26 09:20:16 - Epoch 269, Model Loss 0.4647780894454009, View Loss -1.6113622017156064, Reg 0.379961848648545
09-Aug-26 09:21:13 - Epoch 270, Model Loss 0.46535898793756575, View Loss -1.6073402189740948, Reg 0.3824759830836377
09-Aug-26 09:21:20 - Epoch 270: Train_acc 0.8790849673202614 Val_acc 0.5882352941176471 Test_acc 0.5340314136125655 Test_auc 0.5871428571428572
09-Aug-26 09:22:16 - Epoch 271, Model Loss 0.46536429333531, View Loss -1.6157026571386002, Reg 0.3810507051305833
09-Aug-26 09:23:13 - Epoch 272, Model Loss 0.4641462069710875, View Loss -1.6084473678489137, Reg 0.3842371076929803
09-Aug-26 09:24:09 - Epoch 273, Model Loss 0.46444594587375915, View Loss -1.6257969990275265, Reg 0.3803560585757486
09-Aug-26 09:25:06 - Epoch 274, Model Loss 0.46372341252619925, View Loss -1.6137554972779518, Reg 0.37907013043858645
09-Aug-26 09:26:02 - Epoch 275, Model Loss 0.4651414752006531, View Loss -1.6196465165007348, Reg 0.38058047473820206
09-Aug-26 09:26:10 - Epoch 275: Train_acc 0.795751633986928 Val_acc 0.6274509803921569 Test_acc 0.6230366492146597 Test_auc 0.6324175824175824
09-Aug-26 09:27:06 - Epoch 276, Model Loss 0.4636458322113636, View Loss -1.6175529177671943, Reg 0.3833179853710474
09-Aug-26 09:28:03 - Epoch 277, Model Loss 0.46376917934885215, View Loss -1.6292971676471186, Reg 0.38282343238786937
09-Aug-26 09:28:59 - Epoch 278, Model Loss 0.46372173931084426, View Loss -1.6186262563942304, Reg 0.3775917100750543
09-Aug-26 09:29:56 - Epoch 279, Model Loss 0.46353573619929794, View Loss -1.6093666865155587, Reg 0.3798842455436981
09-Aug-26 09:30:52 - Epoch 280, Model Loss 0.46485764255710676, View Loss -1.6286716757257, Reg 0.38229529549872954
09-Aug-26 09:31:01 - Epoch 280: Train_acc 0.7892156862745098 Val_acc 0.6470588235294118 Test_acc 0.612565445026178 Test_auc 0.6275824175824176
09-Aug-26 09:31:57 - Epoch 281, Model Loss 0.4605158345372069, View Loss -1.6214911548140782, Reg 0.3838866111499811
09-Aug-26 09:32:54 - Epoch 282, Model Loss 0.46380896661795823, View Loss -1.6223788993810517, Reg 0.37985605274150575
09-Aug-26 09:33:50 - Epoch 283, Model Loss 0.464292419696945, View Loss -1.6077998993443507, Reg 0.3772743934509801
09-Aug-26 09:34:47 - Epoch 284, Model Loss 0.46488112094355566, View Loss -1.612758954366048, Reg 0.382990702889324
09-Aug-26 09:35:43 - Epoch 285, Model Loss 0.4638039565164279, View Loss -1.6071660830304513, Reg 0.38105825388353637
09-Aug-26 09:35:52 - Epoch 285: Train_acc 0.7859477124183006 Val_acc 0.6339869281045751 Test_acc 0.612565445026178 Test_auc 0.6235164835164835
09-Aug-26 09:36:48 - Epoch 286, Model Loss 0.4607038127830605, View Loss -1.6054988296982509, Reg 0.38053807811020246
09-Aug-26 09:37:44 - Epoch 287, Model Loss 0.4618096476286844, View Loss -1.601742167877995, Reg 0.3794802799333934
09-Aug-26 09:38:41 - Epoch 288, Model Loss 0.46054327721689264, View Loss -1.6023635630514108, Reg 0.3799416387782377
09-Aug-26 09:39:37 - Epoch 289, Model Loss 0.4608788891555437, View Loss -1.6055421798057805, Reg 0.381579266848907
09-Aug-26 09:40:34 - Epoch 290, Model Loss 0.4637220829140906, View Loss -1.5975372323802872, Reg 0.3791748106090072
09-Aug-26 09:40:41 - Epoch 290: Train_acc 0.7924836601307189 Val_acc 0.6339869281045751 Test_acc 0.6073298429319371 Test_auc 0.6243956043956044
09-Aug-26 09:41:38 - Epoch 291, Model Loss 0.462907299886342, View Loss -1.5999329448525423, Reg 0.37898645486707
09-Aug-26 09:42:34 - Epoch 292, Model Loss 0.4622708804467145, View Loss -1.6008618345447616, Reg 0.3799383614967072
09-Aug-26 09:43:30 - Epoch 293, Model Loss 0.4617662834965326, View Loss -1.6029782357558706, Reg 0.3812908310126635
09-Aug-26 09:44:27 - Epoch 294, Model Loss 0.4628167132926143, View Loss -1.6049609682918373, Reg 0.3787746900826498
09-Aug-26 09:45:23 - Epoch 295, Model Loss 0.46047553731725105, View Loss -1.6016718904956493, Reg 0.3806440035502116
09-Aug-26 09:45:32 - Epoch 295: Train_acc 0.7973856209150327 Val_acc 0.6405228758169934 Test_acc 0.6020942408376964 Test_auc 0.6234065934065934
09-Aug-26 09:46:28 - Epoch 296, Model Loss 0.4611654336156409, View Loss -1.600099130393633, Reg 0.3807947115570891
09-Aug-26 09:47:25 - Epoch 297, Model Loss 0.46315646541664024, View Loss -1.598381851233688, Reg 0.3774864330790401
09-Aug-26 09:48:22 - Epoch 298, Model Loss 0.46061738858035967, View Loss -1.6029951977573969, Reg 0.38134073626761344
09-Aug-26 09:49:19 - Epoch 299, Model Loss 0.4627784736016217, View Loss -1.5986701616274765, Reg 0.3787236065646402
09-Aug-26 09:50:15 - Epoch 300, Model Loss 0.4613926496381074, View Loss -1.6069359015795142, Reg 0.38051697845552485
09-Aug-26 09:50:23 - Epoch 300: Train_acc 0.795751633986928 Val_acc 0.6339869281045751 Test_acc 0.6020942408376964 Test_auc 0.622967032967033
09-Aug-26 09:50:23 - FinishedTraining! BestEpoch (eval-interval index): 46
09-Aug-26 09:50:23 - Wrote /users/3171356m/muhammad/GraSTIACL/nested_cv/results/nocombat__emb512_bs256__fold4.json
09-Aug-26 09:50:23 - {
  "emb_dim": 512,
  "batch_size": 256,
  "fold": 4,
  "combat": false,
  "n_train": 612,
  "n_val": 153,
  "n_test": 191,
  "best_val_epoch_idx": 46,
  "train_accuracy": 0.795751633986928,
  "val_accuracy": 0.6535947712418301,
  "test_accuracy": 0.6020942408376964,
  "train_f1": 0.787052810902896,
  "val_f1": 0.6490066225165563,
  "test_f1": 0.5957446808510638,
  "train_sensitivity": 0.7938144302618061,
  "val_sensitivity": 0.671232867517358,
  "test_sensitivity": 0.6153846086221472,
  "train_specificity": 0.7975077856775459,
  "val_specificity": 0.6374999920312501,
  "test_specificity": 0.5899999941,
  "train_precision": 0.7804054054054054,
  "val_precision": 0.6282051282051282,
  "test_precision": 0.5773195876288659,
  "test_auc": 0.6287912087912089,
  "fin_reg": 0.38281020483160333
}
