09-Aug-26 08:55:36 - Using Device: cuda
09-Aug-26 08:55:36 - Seed: 123, Fold: 1, ComBat: False
09-Aug-26 08:55:36 - Namespace(fold=1, combat=False, num_dyn_windows=3, model_lr=0.0005, view_lr=0.0005, num_gc_layers=2, pooling_type='standard', emb_dim=256, vib_hidden_dim=400, batch_size=256, drop_ratio=0.3, epochs=300, kld_lambda=0.003, reg_lambda=0.2, gamma_mode='paper_literal', node_feature_mode='alff_pcc', mij_source='alff_pcc', template=90, eval_interval=5, downstream_classifier='linear', ce_lambda=2.0, seed=123)
09-Aug-26 08:55:36 - Loading raw subject data...
09-Aug-26 08:59:23 - Loaded 956 subjects (455 ASD, 501 NC)
09-Aug-26 08:59:23 - alff_pcc scale stats (train_val_idx only): alff=[-3.5994,5.6307] pcc=[-0.7600,1.0000]
09-Aug-26 08:59:23 - Train/Val/Test sizes: 612/153/191
09-Aug-26 09:00:26 - Epoch 1, Model Loss 2.29914315229927, View Loss -8.19626167397094, Reg 0.45340486718159095
09-Aug-26 09:01:25 - Epoch 2, Model Loss 1.6988020363975973, View Loss -7.048324993233275, Reg 0.25072622542677364
09-Aug-26 09:02:24 - Epoch 3, Model Loss 1.2982331851339028, View Loss -5.413550177430795, Reg 0.11090228005367167
09-Aug-26 09:03:23 - Epoch 4, Model Loss 1.0662507697258121, View Loss -2.926901488522299, Reg 0.10460919219683977
09-Aug-26 09:04:22 - Epoch 5, Model Loss 1.0948673352306963, View Loss -1.5680176666359495, Reg 0.2277129600250643
09-Aug-26 09:04:37 - Epoch 5: Train_acc 0.7222222222222222 Val_acc 0.6274509803921569 Test_acc 0.6282722513089005 Test_auc 0.6397802197802198
09-Aug-26 09:05:37 - Epoch 6, Model Loss 0.9616536755187839, View Loss -1.3453413941501793, Reg 0.29411745480462614
09-Aug-26 09:06:35 - Epoch 7, Model Loss 0.9687489043263828, View Loss -0.9955348578933018, Reg 0.17619278179664238
09-Aug-26 09:07:34 - Epoch 8, Model Loss 0.9277610976516811, View Loss -1.6093617358238868, Reg 0.12847002629750695
09-Aug-26 09:08:33 - Epoch 9, Model Loss 0.8409508120487718, View Loss -1.9291849557091207, Reg 0.1561278735890108
09-Aug-26 09:09:33 - Epoch 10, Model Loss 0.8326826262853894, View Loss -2.034627934686499, Reg 0.18442878049183514
/users/3171356m/miniconda3/envs/grastiacl/lib/python3.12/site-packages/joblib/externals/loky/process_executor.py:782: UserWarning: A worker stopped while some jobs were given to the executor. This can be caused by a too short worker timeout or by a memory leak.
  warnings.warn(
09-Aug-26 09:09:45 - Epoch 10: Train_acc 0.7777777777777778 Val_acc 0.6078431372549019 Test_acc 0.6282722513089005 Test_auc 0.6334065934065933
09-Aug-26 09:10:44 - Epoch 11, Model Loss 0.7985208563847479, View Loss -2.004303008123161, Reg 0.14411314971306743
09-Aug-26 09:11:44 - Epoch 12, Model Loss 0.7999046328813064, View Loss -1.9534902260973563, Reg 0.12769069478792303
09-Aug-26 09:12:43 - Epoch 13, Model Loss 0.7973556791012194, View Loss -1.874058093899995, Reg 0.1594411707391926
09-Aug-26 09:13:42 - Epoch 14, Model Loss 0.7631539783738797, View Loss -1.8353760273627986, Reg 0.15484235810688118
09-Aug-26 09:14:41 - Epoch 15, Model Loss 0.761478601279212, View Loss -1.777688584296532, Reg 0.12409908826055091
/users/3171356m/miniconda3/envs/grastiacl/lib/python3.12/site-packages/joblib/externals/loky/process_executor.py:782: UserWarning: A worker stopped while some jobs were given to the executor. This can be caused by a too short worker timeout or by a memory leak.
  warnings.warn(
09-Aug-26 09:15:01 - Epoch 15: Train_acc 0.7205882352941176 Val_acc 0.5751633986928104 Test_acc 0.5759162303664922 Test_auc 0.616043956043956
09-Aug-26 09:16:00 - Epoch 16, Model Loss 0.7575596249571034, View Loss -1.7074807079788905, Reg 0.1483958346976174
09-Aug-26 09:16:59 - Epoch 17, Model Loss 0.7523126464848425, View Loss -1.6443194735283946, Reg 0.15868074305696425
09-Aug-26 09:17:57 - Epoch 18, Model Loss 0.75989555022101, View Loss -1.5466728880514506, Reg 0.13057364815590428
09-Aug-26 09:18:56 - Epoch 19, Model Loss 0.7528464390464078, View Loss -1.4417637547636344, Reg 0.15149169770720738
09-Aug-26 09:19:56 - Epoch 20, Model Loss 0.7581201385633618, View Loss -1.3611176839840957, Reg 0.16439873213861503
09-Aug-26 09:20:09 - Epoch 20: Train_acc 0.7173202614379085 Val_acc 0.6013071895424836 Test_acc 0.581151832460733 Test_auc 0.6163736263736264
09-Aug-26 09:21:08 - Epoch 21, Model Loss 0.7486145111421744, View Loss -1.2616391929925657, Reg 0.14018242820805193
09-Aug-26 09:22:07 - Epoch 22, Model Loss 0.7413206696510315, View Loss -1.156838805067773, Reg 0.15803490783654006
09-Aug-26 09:23:06 - Epoch 23, Model Loss 0.7254481334117503, View Loss -1.0804299388835632, Reg 0.15113833205762253
09-Aug-26 09:24:05 - Epoch 24, Model Loss 0.6971673247179174, View Loss -1.015894070170284, Reg 0.13757410207215479
09-Aug-26 09:25:05 - Epoch 25, Model Loss 0.6844795854652629, View Loss -0.9858104590496986, Reg 0.1442998420763639
09-Aug-26 09:25:19 - Epoch 25: Train_acc 0.7222222222222222 Val_acc 0.6405228758169934 Test_acc 0.5863874345549738 Test_auc 0.6184615384615384
09-Aug-26 09:26:18 - Epoch 26, Model Loss 0.6916448271352481, View Loss -0.9666846936045129, Reg 0.1352277425379535
09-Aug-26 09:27:17 - Epoch 27, Model Loss 0.6800464594286252, View Loss -0.9498267563339932, Reg 0.12538276135531906
09-Aug-26 09:28:16 - Epoch 28, Model Loss 0.6839380657750797, View Loss -0.9193843416139191, Reg 0.14083287937968386
09-Aug-26 09:29:16 - Epoch 29, Model Loss 0.6691646478534524, View Loss -0.8915403925515468, Reg 0.12915932908167246
09-Aug-26 09:30:15 - Epoch 30, Model Loss 0.6715398771700516, View Loss -0.8702510758942249, Reg 0.13609715293045915
09-Aug-26 09:30:30 - Epoch 30: Train_acc 0.7189542483660131 Val_acc 0.6078431372549019 Test_acc 0.5968586387434555 Test_auc 0.6201098901098901
09-Aug-26 09:31:28 - Epoch 31, Model Loss 0.683629458538847, View Loss -0.8391821945414824, Reg 0.14358624299756842
09-Aug-26 09:32:27 - Epoch 32, Model Loss 0.6923928682515824, View Loss -0.8303664494184108, Reg 0.13884367876582676
09-Aug-26 09:33:26 - Epoch 33, Model Loss 0.6943374698847727, View Loss -0.8066818402483572, Reg 0.15120800725774827
09-Aug-26 09:34:25 - Epoch 34, Model Loss 0.697722079707127, View Loss -0.7914510731603585, Reg 0.1495968361500821
09-Aug-26 09:35:25 - Epoch 35, Model Loss 0.678156417666697, View Loss -0.7725912379283532, Reg 0.14171398455411002
/users/3171356m/miniconda3/envs/grastiacl/lib/python3.12/site-packages/joblib/externals/loky/process_executor.py:782: UserWarning: A worker stopped while some jobs were given to the executor. This can be caused by a too short worker timeout or by a memory leak.
  warnings.warn(
09-Aug-26 09:35:39 - Epoch 35: Train_acc 0.7238562091503268 Val_acc 0.5947712418300654 Test_acc 0.6073298429319371 Test_auc 0.6178021978021978
09-Aug-26 09:36:38 - Epoch 36, Model Loss 0.6744223365596697, View Loss -0.7603738230038313, Reg 0.14756370301729713
09-Aug-26 09:37:37 - Epoch 37, Model Loss 0.6533465564640519, View Loss -0.7529264431373746, Reg 0.13451779073749492
09-Aug-26 09:38:36 - Epoch 38, Model Loss 0.6602883235691419, View Loss -0.7340437820534301, Reg 0.14061635625518226
09-Aug-26 09:39:35 - Epoch 39, Model Loss 0.6469195241632025, View Loss -0.7342050472895304, Reg 0.13521618663875107
09-Aug-26 09:40:34 - Epoch 40, Model Loss 0.6332544090311512, View Loss -0.7203166547164418, Reg 0.1328917240200479
/users/3171356m/miniconda3/envs/grastiacl/lib/python3.12/site-packages/joblib/externals/loky/process_executor.py:782: UserWarning: A worker stopped while some jobs were given to the executor. This can be caused by a too short worker timeout or by a memory leak.
  warnings.warn(
09-Aug-26 09:40:52 - Epoch 40: Train_acc 0.7630718954248366 Val_acc 0.6013071895424836 Test_acc 0.6492146596858639 Test_auc 0.6263736263736264
09-Aug-26 09:41:51 - Epoch 41, Model Loss 0.6445670517441494, View Loss -0.7081846793492635, Reg 0.1413991022733302
09-Aug-26 09:42:50 - Epoch 42, Model Loss 0.636911106557628, View Loss -0.7118669740514818, Reg 0.13378514096238256
09-Aug-26 09:43:49 - Epoch 43, Model Loss 0.6336016317987754, View Loss -0.7126123274073881, Reg 0.14181888269053566
09-Aug-26 09:44:48 - Epoch 44, Model Loss 0.6357178028697282, View Loss -0.6965039571126302, Reg 0.13489954300176085
09-Aug-26 09:45:47 - Epoch 45, Model Loss 0.6357216161060957, View Loss -0.6920962286930458, Reg 0.13945806454988866
/users/3171356m/miniconda3/envs/grastiacl/lib/python3.12/site-packages/joblib/externals/loky/process_executor.py:782: UserWarning: A worker stopped while some jobs were given to the executor. This can be caused by a too short worker timeout or by a memory leak.
  warnings.warn(
09-Aug-26 09:46:04 - Epoch 45: Train_acc 0.7696078431372549 Val_acc 0.6078431372549019 Test_acc 0.6335078534031413 Test_auc 0.6321978021978022
09-Aug-26 09:47:04 - Epoch 46, Model Loss 0.6310201010672875, View Loss -0.6904870326222937, Reg 0.1323469877243042
09-Aug-26 09:48:03 - Epoch 47, Model Loss 0.620113847984208, View Loss -0.6739621832479838, Reg 0.14214738102909785
09-Aug-26 09:49:02 - Epoch 48, Model Loss 0.6223897725538491, View Loss -0.6704890120263193, Reg 0.137846359532643
09-Aug-26 09:50:01 - Epoch 49, Model Loss 0.6259652075229907, View Loss -0.6631848554985196, Reg 0.13537489880923353
09-Aug-26 09:51:00 - Epoch 50, Model Loss 0.6196608601831922, View Loss -0.6602508125741497, Reg 0.13860927726708205
/users/3171356m/miniconda3/envs/grastiacl/lib/python3.12/site-packages/joblib/externals/loky/process_executor.py:782: UserWarning: A worker stopped while some jobs were given to the executor. This can be caused by a too short worker timeout or by a memory leak.
  warnings.warn(
09-Aug-26 09:51:15 - Epoch 50: Train_acc 0.7630718954248366 Val_acc 0.5947712418300654 Test_acc 0.6335078534031413 Test_auc 0.631868131868132
09-Aug-26 09:52:13 - Epoch 51, Model Loss 0.6150247335823533, View Loss -0.6521811968360851, Reg 0.14009235059124192
09-Aug-26 09:53:12 - Epoch 52, Model Loss 0.6212847567851247, View Loss -0.6574287211972903, Reg 0.13544588833073384
09-Aug-26 09:54:11 - Epoch 53, Model Loss 0.6230897817736357, View Loss -0.6463030826032551, Reg 0.1375753355571647
09-Aug-26 09:55:10 - Epoch 54, Model Loss 0.610349573146284, View Loss -0.6390870575811348, Reg 0.14459431414900262
09-Aug-26 09:56:10 - Epoch 55, Model Loss 0.6205454297315062, View Loss -0.6457440346674203, Reg 0.13301278699457256
/users/3171356m/miniconda3/envs/grastiacl/lib/python3.12/site-packages/joblib/externals/loky/process_executor.py:782: UserWarning: A worker stopped while some jobs were given to the executor. This can be caused by a too short worker timeout or by a memory leak.
  warnings.warn(
09-Aug-26 09:56:27 - Epoch 55: Train_acc 0.761437908496732 Val_acc 0.5620915032679739 Test_acc 0.6020942408376964 Test_auc 0.6189010989010989
09-Aug-26 09:57:26 - Epoch 56, Model Loss 0.6165272745431638, View Loss -0.6322015126546224, Reg 0.1412425775543537
09-Aug-26 09:58:25 - Epoch 57, Model Loss 0.6074456662134408, View Loss -0.630852492806179, Reg 0.13317549365018708
09-Aug-26 09:59:25 - Epoch 58, Model Loss 0.6132060808488746, View Loss -0.622425010780883, Reg 0.14691347760312698
09-Aug-26 10:00:24 - Epoch 59, Model Loss 0.6160283706157036, View Loss -0.6267576077405144, Reg 0.13366187222642836
09-Aug-26 10:01:23 - Epoch 60, Model Loss 0.6010028517324161, View Loss -0.6190297245200164, Reg 0.14019309208284017
09-Aug-26 10:01:40 - Epoch 60: Train_acc 0.7058823529411765 Val_acc 0.5751633986928104 Test_acc 0.6020942408376964 Test_auc 0.6151648351648352
09-Aug-26 10:02:39 - Epoch 61, Model Loss 0.6136171049347111, View Loss -0.5949132348976883, Reg 0.14603294997043859
09-Aug-26 10:03:37 - Epoch 62, Model Loss 0.6061538138420753, View Loss -0.6065524224362342, Reg 0.13486554858341715
09-Aug-26 10:04:36 - Epoch 63, Model Loss 0.6060739909511765, View Loss -0.5946612100975186, Reg 0.14785514031749925
09-Aug-26 10:05:34 - Epoch 64, Model Loss 0.6066667219392614, View Loss -0.6075047238979464, Reg 0.13319388966934353
09-Aug-26 10:06:33 - Epoch 65, Model Loss 0.612025279916969, View Loss -0.6018873944002039, Reg 0.1388364345614427
09-Aug-26 10:06:42 - Epoch 65: Train_acc 0.7712418300653595 Val_acc 0.5816993464052288 Test_acc 0.6178010471204188 Test_auc 0.6275824175824176
09-Aug-26 10:07:40 - Epoch 66, Model Loss 0.5967173620181925, View Loss -0.5873941938861523, Reg 0.14634927649513568
09-Aug-26 10:08:38 - Epoch 67, Model Loss 0.5850164397479662, View Loss -0.590894929723802, Reg 0.13691334806236566
09-Aug-26 10:09:36 - Epoch 68, Model Loss 0.605612621782652, View Loss -0.5774234977422976, Reg 0.1455609839336545
09-Aug-26 10:10:34 - Epoch 69, Model Loss 0.6006813181771172, View Loss -0.5750704536250993, Reg 0.13983051654170542
09-Aug-26 10:11:31 - Epoch 70, Model Loss 0.6037023797923443, View Loss -0.5759255200429679, Reg 0.1408501140821993
09-Aug-26 10:11:44 - Epoch 70: Train_acc 0.7107843137254902 Val_acc 0.5882352941176471 Test_acc 0.6073298429319371 Test_auc 0.6173626373626374
09-Aug-26 10:12:42 - Epoch 71, Model Loss 0.5947762363486819, View Loss -0.5715318162456836, Reg 0.14158394426302193
09-Aug-26 10:13:40 - Epoch 72, Model Loss 0.5914035270027086, View Loss -0.569598534527947, Reg 0.13833344752102897
09-Aug-26 10:14:37 - Epoch 73, Model Loss 0.5929897882385191, View Loss -0.5543573042925667, Reg 0.14410821421473635
09-Aug-26 10:15:35 - Epoch 74, Model Loss 0.5976466343683355, View Loss -0.5721571406507804, Reg 0.1350283293552648
09-Aug-26 10:16:32 - Epoch 75, Model Loss 0.5928851732241562, View Loss -0.5664183454575882, Reg 0.15072797555354686
/users/3171356m/miniconda3/envs/grastiacl/lib/python3.12/site-packages/joblib/externals/loky/process_executor.py:782: UserWarning: A worker stopped while some jobs were given to the executor. This can be caused by a too short worker timeout or by a memory leak.
  warnings.warn(
09-Aug-26 10:16:44 - Epoch 75: Train_acc 0.7075163398692811 Val_acc 0.5882352941176471 Test_acc 0.5916230366492147 Test_auc 0.6167032967032967
09-Aug-26 10:17:41 - Epoch 76, Model Loss 0.5921628718672235, View Loss -0.5718944984323838, Reg 0.14267057813460532
09-Aug-26 10:18:39 - Epoch 77, Model Loss 0.5878953524664337, View Loss -0.5651883151796129, Reg 0.12725024597317564
09-Aug-26 10:19:36 - Epoch 78, Model Loss 0.5882365139676076, View Loss -0.5454799497828764, Reg 0.15247489794407015
09-Aug-26 10:20:33 - Epoch 79, Model Loss 0.5797710409935783, View Loss -0.5534325923795015, Reg 0.13779345846254062
09-Aug-26 10:21:30 - Epoch 80, Model Loss 0.5866857577188342, View Loss -0.5474436454523622, Reg 0.13549406631709704
09-Aug-26 10:21:44 - Epoch 80: Train_acc 0.7156862745098039 Val_acc 0.5816993464052288 Test_acc 0.6020942408376964 Test_auc 0.6108791208791209
09-Aug-26 10:22:41 - Epoch 81, Model Loss 0.5827710403531206, View Loss -0.5453205420300852, Reg 0.15204272453301873
09-Aug-26 10:23:38 - Epoch 82, Model Loss 0.5844637241238863, View Loss -0.5418993359297709, Reg 0.13905420792258644
09-Aug-26 10:24:36 - Epoch 83, Model Loss 0.579136056935086, View Loss -0.5372500302744847, Reg 0.13776451475869597
09-Aug-26 10:25:33 - Epoch 84, Model Loss 0.590673536257027, View Loss -0.5214498043060303, Reg 0.1433399088826834
09-Aug-26 10:26:30 - Epoch 85, Model Loss 0.5787050057859982, View Loss -0.5261702662199931, Reg 0.14071994708254446
09-Aug-26 10:26:43 - Epoch 85: Train_acc 0.7058823529411765 Val_acc 0.5882352941176471 Test_acc 0.6020942408376964 Test_auc 0.614835164835165
09-Aug-26 10:27:40 - Epoch 86, Model Loss 0.5861499225781635, View Loss -0.5322039984410105, Reg 0.13781196249076744
09-Aug-26 10:28:37 - Epoch 87, Model Loss 0.5706768948463053, View Loss -0.527260796696532, Reg 0.14810852920697407
09-Aug-26 10:29:34 - Epoch 88, Model Loss 0.5757277648822934, View Loss -0.5168111947626849, Reg 0.14051862401899948
09-Aug-26 10:30:31 - Epoch 89, Model Loss 0.5760313985394496, View Loss -0.5133332575068754, Reg 0.13841543867697123
09-Aug-26 10:31:28 - Epoch 90, Model Loss 0.5731774342605491, View Loss -0.5099942606259016, Reg 0.14732897680958892
09-Aug-26 10:31:39 - Epoch 90: Train_acc 0.7140522875816994 Val_acc 0.5686274509803921 Test_acc 0.5968586387434555 Test_auc 0.613956043956044
09-Aug-26 10:32:36 - Epoch 91, Model Loss 0.5763886528077469, View Loss -0.5228176257189583, Reg 0.14403546937540465
09-Aug-26 10:33:33 - Epoch 92, Model Loss 0.5748754263508553, View Loss -0.5479332216424879, Reg 0.14007263421233185
09-Aug-26 10:34:30 - Epoch 93, Model Loss 0.5690313121851753, View Loss -0.5234008513244928, Reg 0.13040749777376262
09-Aug-26 10:35:27 - Epoch 94, Model Loss 0.5786890186905082, View Loss -0.5191502945095885, Reg 0.15054800853230596
09-Aug-26 10:36:24 - Epoch 95, Model Loss 0.5790617185480454, View Loss -0.5029129366469539, Reg 0.14771525425459045
09-Aug-26 10:36:39 - Epoch 95: Train_acc 0.7598039215686274 Val_acc 0.5686274509803921 Test_acc 0.6073298429319371 Test_auc 0.6254945054945055
09-Aug-26 10:37:36 - Epoch 96, Model Loss 0.5752856608699349, View Loss -0.5040604795505798, Reg 0.12686782325404922
09-Aug-26 10:38:33 - Epoch 97, Model Loss 0.5781249205271403, View Loss -0.5010764053444458, Reg 0.1487294736933085
09-Aug-26 10:39:30 - Epoch 98, Model Loss 0.5763325422417884, View Loss -0.5000594020668977, Reg 0.15029110608537213
09-Aug-26 10:40:27 - Epoch 99, Model Loss 0.5716627457367829, View Loss -0.4999847404317918, Reg 0.1303713405443952
09-Aug-26 10:41:24 - Epoch 100, Model Loss 0.569256463471581, View Loss -0.49513471594043806, Reg 0.14073830375484392
09-Aug-26 10:41:33 - Epoch 100: Train_acc 0.7156862745098039 Val_acc 0.5686274509803921 Test_acc 0.5968586387434555 Test_auc 0.6106593406593407
09-Aug-26 10:42:31 - Epoch 101, Model Loss 0.5702421505466785, View Loss -0.4844659161723517, Reg 0.14836211288286968
09-Aug-26 10:43:27 - Epoch 102, Model Loss 0.5683618293089026, View Loss -0.4851854525360407, Reg 0.14017622309182984
09-Aug-26 10:44:24 - Epoch 103, Model Loss 0.5682792040257673, View Loss -0.4770025871937571, Reg 0.13730472852202022
09-Aug-26 10:45:22 - Epoch 104, Model Loss 0.5626215831516614, View Loss -0.4860705822901009, Reg 0.14150313273364423
09-Aug-26 10:46:19 - Epoch 105, Model Loss 0.5657607854581347, View Loss -0.48280417997073505, Reg 0.14751526012140162
09-Aug-26 10:46:32 - Epoch 105: Train_acc 0.7140522875816994 Val_acc 0.6013071895424836 Test_acc 0.6020942408376964 Test_auc 0.6148351648351649
09-Aug-26 10:47:29 - Epoch 106, Model Loss 0.5634492653257707, View Loss -0.4696345485113805, Reg 0.1352746304538515
09-Aug-26 10:48:26 - Epoch 107, Model Loss 0.5654713899091958, View Loss -0.47920308081932317, Reg 0.13802815204352334
09-Aug-26 10:49:23 - Epoch 108, Model Loss 0.5644338185491126, View Loss -0.47316330866096845, Reg 0.14719871056625267
09-Aug-26 10:50:20 - Epoch 109, Model Loss 0.5587989557412715, View Loss -0.47230220931807376, Reg 0.13971607153322183
09-Aug-26 10:51:17 - Epoch 110, Model Loss 0.5662071473068662, View Loss -0.4645637336120107, Reg 0.1372947881813922
09-Aug-26 10:51:33 - Epoch 110: Train_acc 0.7189542483660131 Val_acc 0.5751633986928104 Test_acc 0.6073298429319371 Test_auc 0.6105494505494505
09-Aug-26 10:52:30 - Epoch 111, Model Loss 0.558988558116302, View Loss -0.45888782170862935, Reg 0.14750100662505705
09-Aug-26 10:53:27 - Epoch 112, Model Loss 0.5683069455078225, View Loss -0.45557820251564574, Reg 0.14071864006566068
09-Aug-26 10:54:24 - Epoch 113, Model Loss 0.5553218870381125, View Loss -0.4589035409727907, Reg 0.13712706285364487
09-Aug-26 10:55:21 - Epoch 114, Model Loss 0.5568052343293732, View Loss -0.4520229350507649, Reg 0.14640907738723008
09-Aug-26 10:56:18 - Epoch 115, Model Loss 0.5672489950080323, View Loss -0.4456981171190349, Reg 0.14107202451213513
/users/3171356m/miniconda3/envs/grastiacl/lib/python3.12/site-packages/joblib/externals/loky/process_executor.py:782: UserWarning: A worker stopped while some jobs were given to the executor. This can be caused by a too short worker timeout or by a memory leak.
  warnings.warn(
09-Aug-26 10:56:31 - Epoch 115: Train_acc 0.7156862745098039 Val_acc 0.6013071895424836 Test_acc 0.6073298429319371 Test_auc 0.6147252747252747
09-Aug-26 10:57:28 - Epoch 116, Model Loss 0.5644604922120088, View Loss -0.4436250777026407, Reg 0.1373278779142043
09-Aug-26 10:58:25 - Epoch 117, Model Loss 0.5578614148049573, View Loss -0.4390933903214199, Reg 0.14235942786425546
09-Aug-26 10:59:22 - Epoch 118, Model Loss 0.5668695432687897, View Loss -0.4380432725731843, Reg 0.14149066708446328
09-Aug-26 11:00:19 - Epoch 119, Model Loss 0.5536665694386351, View Loss -0.44532762945087906, Reg 0.14116193461262322
09-Aug-26 11:01:16 - Epoch 120, Model Loss 0.5528521280662686, View Loss -0.4355087958130182, Reg 0.14167853956129037
09-Aug-26 11:01:28 - Epoch 120: Train_acc 0.7205882352941176 Val_acc 0.6013071895424836 Test_acc 0.5968586387434555 Test_auc 0.6127472527472527
09-Aug-26 11:02:25 - Epoch 121, Model Loss 0.5555248505928937, View Loss -0.4496265564089507, Reg 0.13597086802417158
09-Aug-26 11:03:22 - Epoch 122, Model Loss 0.5569417959724376, View Loss -0.42843646005867353, Reg 0.1440860676317433
09-Aug-26 11:04:19 - Epoch 123, Model Loss 0.5537649644356147, View Loss -0.4335833406136706, Reg 0.14391935270985748
09-Aug-26 11:05:16 - Epoch 124, Model Loss 0.5515556966557222, View Loss -0.4345461878122068, Reg 0.1368097193490446
09-Aug-26 11:06:13 - Epoch 125, Model Loss 0.5529034881809958, View Loss -0.4338122099832772, Reg 0.13736341250877754
09-Aug-26 11:06:27 - Epoch 125: Train_acc 0.7173202614379085 Val_acc 0.5816993464052288 Test_acc 0.5863874345549738 Test_auc 0.6098901098901099
09-Aug-26 11:07:24 - Epoch 126, Model Loss 0.557239690247704, View Loss -0.44229714854869967, Reg 0.14075151894217222
09-Aug-26 11:08:21 - Epoch 127, Model Loss 0.5541976137098923, View Loss -0.42520465570337634, Reg 0.14916463274192188
09-Aug-26 11:09:18 - Epoch 128, Model Loss 0.5553010235619701, View Loss -0.4251084156285704, Reg 0.14141835652145684
09-Aug-26 11:10:15 - Epoch 129, Model Loss 0.5532727467468361, View Loss -0.42296184044258267, Reg 0.13087713572324491
09-Aug-26 11:11:12 - Epoch 130, Model Loss 0.5535173829084907, View Loss -0.4437737316867105, Reg 0.14223425163357867
09-Aug-26 11:11:25 - Epoch 130: Train_acc 0.7745098039215687 Val_acc 0.5686274509803921 Test_acc 0.5654450261780105 Test_auc 0.6197802197802198
09-Aug-26 11:12:22 - Epoch 131, Model Loss 0.5514667225039862, View Loss -0.4364405854854708, Reg 0.14690494839272467
09-Aug-26 11:13:19 - Epoch 132, Model Loss 0.5550328744392768, View Loss -0.4194463779723722, Reg 0.13971027225450752
09-Aug-26 11:14:16 - Epoch 133, Model Loss 0.5551213446785422, View Loss -0.4124903787974439, Reg 0.14096834262212118
09-Aug-26 11:15:13 - Epoch 134, Model Loss 0.5524495692034952, View Loss -0.41015714601753583, Reg 0.14311091402192522
09-Aug-26 11:16:10 - Epoch 135, Model Loss 0.5528049819609698, View Loss -0.409102730501711, Reg 0.13788206729234434
09-Aug-26 11:16:20 - Epoch 135: Train_acc 0.7728758169934641 Val_acc 0.5555555555555556 Test_acc 0.612565445026178 Test_auc 0.621978021978022
09-Aug-26 11:17:17 - Epoch 136, Model Loss 0.550247888744267, View Loss -0.40167347356384875, Reg 0.13703322206057755
09-Aug-26 11:18:14 - Epoch 137, Model Loss 0.5505125717399946, View Loss -0.39838162434646507, Reg 0.14161630413111517
09-Aug-26 11:19:11 - Epoch 138, Model Loss 0.5501825891289056, View Loss -0.38992656679714427, Reg 0.14546886310468313
09-Aug-26 11:20:08 - Epoch 139, Model Loss 0.549262051488839, View Loss -0.3931535778481976, Reg 0.13581247403730753
09-Aug-26 11:21:05 - Epoch 140, Model Loss 0.5479055650873121, View Loss -0.39036032343222427, Reg 0.13387985396034577
09-Aug-26 11:21:21 - Epoch 140: Train_acc 0.7222222222222222 Val_acc 0.5816993464052288 Test_acc 0.6073298429319371 Test_auc 0.6082417582417583
09-Aug-26 11:22:18 - Epoch 141, Model Loss 0.5479758664283877, View Loss -0.3928328425276513, Reg 0.1413484289755229
09-Aug-26 11:23:15 - Epoch 142, Model Loss 0.547127352625716, View Loss -0.39298957625245734, Reg 0.14404508500706917
09-Aug-26 11:24:12 - Epoch 143, Model Loss 0.55066835256963, View Loss -0.4144558610479816, Reg 0.13881337710844924
09-Aug-26 11:25:09 - Epoch 144, Model Loss 0.5489566053440368, View Loss -0.42946526038101296, Reg 0.1374958785725575
09-Aug-26 11:26:06 - Epoch 145, Model Loss 0.5473271984290453, View Loss -0.4116300882077685, Reg 0.1457111944560132
/users/3171356m/miniconda3/envs/grastiacl/lib/python3.12/site-packages/joblib/externals/loky/process_executor.py:782: UserWarning: A worker stopped while some jobs were given to the executor. This can be caused by a too short worker timeout or by a memory leak.
  warnings.warn(
09-Aug-26 11:26:20 - Epoch 145: Train_acc 0.7728758169934641 Val_acc 0.5424836601307189 Test_acc 0.5863874345549738 Test_auc 0.6185714285714285
09-Aug-26 11:27:17 - Epoch 146, Model Loss 0.5493197090485517, View Loss -0.41874153084225124, Reg 0.15375279771541459
09-Aug-26 11:28:14 - Epoch 147, Model Loss 0.5446222829662897, View Loss -0.3959699409459931, Reg 0.13535413847250097
09-Aug-26 11:29:11 - Epoch 148, Model Loss 0.5457409240451514, View Loss -0.4064338409822751, Reg 0.1292122859580844
09-Aug-26 11:30:08 - Epoch 149, Model Loss 0.5420124930104399, View Loss -0.3920652227464065, Reg 0.14713075659633462
09-Aug-26 11:31:05 - Epoch 150, Model Loss 0.5378863328422596, View Loss -0.3725178997501049, Reg 0.14568375625641516
09-Aug-26 11:31:16 - Epoch 150: Train_acc 0.7238562091503268 Val_acc 0.6013071895424836 Test_acc 0.6020942408376964 Test_auc 0.6099999999999999
09-Aug-26 11:32:13 - Epoch 151, Model Loss 0.5453244046448102, View Loss -0.37908775042864234, Reg 0.13283676133046743
09-Aug-26 11:33:10 - Epoch 152, Model Loss 0.5401440044633703, View Loss -0.37073353225109623, Reg 0.1428077416677101
09-Aug-26 11:34:07 - Epoch 153, Model Loss 0.5464697359434141, View Loss -0.3675377228680779, Reg 0.14370212825684767
09-Aug-26 11:35:04 - Epoch 154, Model Loss 0.5421447455883026, View Loss -0.37590399910421934, Reg 0.13412723412700728
09-Aug-26 11:36:01 - Epoch 155, Model Loss 0.5439236312130697, View Loss -0.37422335537430507, Reg 0.13900921376896838
09-Aug-26 11:36:15 - Epoch 155: Train_acc 0.7303921568627451 Val_acc 0.5751633986928104 Test_acc 0.5916230366492147 Test_auc 0.6112087912087912
09-Aug-26 11:37:12 - Epoch 156, Model Loss 0.537317555324704, View Loss -0.37074290849024955, Reg 0.1430529238157023
09-Aug-26 11:38:09 - Epoch 157, Model Loss 0.5379759423873004, View Loss -0.35829466464472753, Reg 0.13760313381946165
09-Aug-26 11:39:06 - Epoch 158, Model Loss 0.538034157620536, View Loss -0.35891399664037366, Reg 0.1413687726641013
09-Aug-26 11:40:03 - Epoch 159, Model Loss 0.5420900176163592, View Loss -0.36449044514325707, Reg 0.14302031608188853
09-Aug-26 11:41:00 - Epoch 160, Model Loss 0.5426336217160318, View Loss -0.3636758420981613, Reg 0.13480253965636485
09-Aug-26 11:41:15 - Epoch 160: Train_acc 0.7712418300653595 Val_acc 0.5490196078431373 Test_acc 0.5968586387434555 Test_auc 0.6162637362637363
09-Aug-26 11:42:12 - Epoch 161, Model Loss 0.5335036886283775, View Loss -0.36499643325805664, Reg 0.13432828351563098
09-Aug-26 11:43:09 - Epoch 162, Model Loss 0.5454422422483856, View Loss -0.35611974569707133, Reg 0.14186934464507633
09-Aug-26 11:44:06 - Epoch 163, Model Loss 0.5370412994833553, View Loss -0.36859289181777855, Reg 0.14073473000838085
09-Aug-26 11:45:03 - Epoch 164, Model Loss 0.5396401069912256, View Loss -0.3585016657324398, Reg 0.13435527029769873
09-Aug-26 11:46:00 - Epoch 165, Model Loss 0.5332326666981566, View Loss -0.36538900347316966, Reg 0.14347448531124327
09-Aug-26 11:46:09 - Epoch 165: Train_acc 0.7303921568627451 Val_acc 0.5882352941176471 Test_acc 0.5863874345549738 Test_auc 0.6053846153846153
09-Aug-26 11:47:06 - Epoch 166, Model Loss 0.5395023647476646, View Loss -0.36388619896633173, Reg 0.15058285455688153
09-Aug-26 11:48:03 - Epoch 167, Model Loss 0.5383375438989377, View Loss -0.385909105438033, Reg 0.13966132680964627
09-Aug-26 11:49:00 - Epoch 168, Model Loss 0.5354334139356426, View Loss -0.36642471715515734, Reg 0.1333208500949386
09-Aug-26 11:49:57 - Epoch 169, Model Loss 0.5363571246465048, View Loss -0.35440682040320504, Reg 0.1362909138007881
09-Aug-26 11:50:54 - Epoch 170, Model Loss 0.5374801400440191, View Loss -0.34716523472779715, Reg 0.1389099462749132
09-Aug-26 11:51:06 - Epoch 170: Train_acc 0.7205882352941176 Val_acc 0.5816993464052288 Test_acc 0.6073298429319371 Test_auc 0.6149450549450549
09-Aug-26 11:52:02 - Epoch 171, Model Loss 0.5345097491943759, View Loss -0.3394786976521311, Reg 0.1349884372910643
09-Aug-26 11:53:00 - Epoch 172, Model Loss 0.5309444340615491, View Loss -0.35790922361261707, Reg 0.13717974498381022
09-Aug-26 11:53:57 - Epoch 173, Model Loss 0.533271394134347, View Loss -0.3494335794760511, Reg 0.14196603565044652
09-Aug-26 11:54:54 - Epoch 174, Model Loss 0.538583721210754, View Loss -0.3405655661439584, Reg 0.14269538214004118
09-Aug-26 11:55:51 - Epoch 175, Model Loss 0.5284754661173602, View Loss -0.34754517109565486, Reg 0.13581550686187993
09-Aug-26 11:56:00 - Epoch 175: Train_acc 0.7336601307189542 Val_acc 0.5882352941176471 Test_acc 0.5968586387434555 Test_auc 0.6068131868131867
09-Aug-26 11:56:57 - Epoch 176, Model Loss 0.5350404257088704, View Loss -0.35296205679575604, Reg 0.13480626606668522
09-Aug-26 11:57:54 - Epoch 177, Model Loss 0.528374655184403, View Loss -0.3987416410757825, Reg 0.14565754277643814
09-Aug-26 11:58:51 - Epoch 178, Model Loss 0.5352177226465512, View Loss -0.3602328510845409, Reg 0.1425040392509473
09-Aug-26 11:59:48 - Epoch 179, Model Loss 0.5349218225946614, View Loss -0.36307506545696383, Reg 0.1426974127884784
09-Aug-26 12:00:45 - Epoch 180, Model Loss 0.5321837281869128, View Loss -0.4425819590200786, Reg 0.13216579018854627
09-Aug-26 12:00:56 - Epoch 180: Train_acc 0.7401960784313726 Val_acc 0.5816993464052288 Test_acc 0.6020942408376964 Test_auc 0.6121978021978021
09-Aug-26 12:01:53 - Epoch 181, Model Loss 0.5314659297076705, View Loss -0.4423469421910305, Reg 0.14291629292606528
09-Aug-26 12:02:50 - Epoch 182, Model Loss 0.5312799743187973, View Loss -0.37167468725466263, Reg 0.1459693756757998
09-Aug-26 12:03:47 - Epoch 183, Model Loss 0.5314760157485413, View Loss -0.38726746490578245, Reg 0.1430628611371408
09-Aug-26 12:04:44 - Epoch 184, Model Loss 0.532166521533642, View Loss -0.47043244355644276, Reg 0.1213470237707001
09-Aug-26 12:05:41 - Epoch 185, Model Loss 0.5293031913392684, View Loss -0.44334815997703403, Reg 0.15605507761824364
09-Aug-26 12:05:54 - Epoch 185: Train_acc 0.7254901960784313 Val_acc 0.5947712418300654 Test_acc 0.6020942408376964 Test_auc 0.604065934065934
09-Aug-26 12:06:51 - Epoch 186, Model Loss 0.5303917032441282, View Loss -0.4440167643665488, Reg 0.12879856495685826
09-Aug-26 12:07:48 - Epoch 187, Model Loss 0.5270053713150273, View Loss -0.48770934070637023, Reg 0.12967179725372713
09-Aug-26 12:08:45 - Epoch 188, Model Loss 0.5276979889745027, View Loss -0.5481978834064958, Reg 0.1699492793067608
09-Aug-26 12:09:42 - Epoch 189, Model Loss 0.5331328857957928, View Loss -0.5207705669153749, Reg 0.11579308873103335
09-Aug-26 12:10:39 - Epoch 190, Model Loss 0.5341267223451652, View Loss -0.6382926172680325, Reg 0.17437744354890064
09-Aug-26 12:10:51 - Epoch 190: Train_acc 0.7745098039215687 Val_acc 0.5620915032679739 Test_acc 0.5916230366492147 Test_auc 0.6058241758241759
09-Aug-26 12:11:48 - Epoch 191, Model Loss 0.5313104044378193, View Loss -0.5562527382295895, Reg 0.1436122034986814
09-Aug-26 12:12:45 - Epoch 192, Model Loss 0.5363833487423417, View Loss -0.5683683546540005, Reg 0.14983568355148913
09-Aug-26 12:13:42 - Epoch 193, Model Loss 0.5347584563922259, View Loss -0.5605995818680408, Reg 0.14813577534716113
09-Aug-26 12:14:39 - Epoch 194, Model Loss 0.5359424699365704, View Loss -0.580559492111206, Reg 0.12027058979265051
09-Aug-26 12:15:37 - Epoch 195, Model Loss 0.5296755888882805, View Loss -0.583419183500452, Reg 0.17669183027997515
09-Aug-26 12:15:47 - Epoch 195: Train_acc 0.7696078431372549 Val_acc 0.5555555555555556 Test_acc 0.6230366492146597 Test_auc 0.6191208791208791
09-Aug-26 12:16:44 - Epoch 196, Model Loss 0.5283396551811618, View Loss -0.5180292932036655, Reg 0.11139744929238862
09-Aug-26 12:17:41 - Epoch 197, Model Loss 0.5275010735380883, View Loss -0.4377609203064364, Reg 0.16001039032453027
09-Aug-26 12:18:38 - Epoch 198, Model Loss 0.523004089110817, View Loss -0.44768506405400293, Reg 0.10985957563313004
09-Aug-26 12:19:35 - Epoch 199, Model Loss 0.5290759408396054, View Loss -0.4162119837368236, Reg 0.17574464846280666
09-Aug-26 12:20:32 - Epoch 200, Model Loss 0.5261395339872322, View Loss -0.4038500450794993, Reg 0.10998071866487366
09-Aug-26 12:20:41 - Epoch 200: Train_acc 0.7336601307189542 Val_acc 0.5751633986928104 Test_acc 0.6073298429319371 Test_auc 0.608131868131868
09-Aug-26 12:21:38 - Epoch 201, Model Loss 0.5265725239429598, View Loss -0.3883875662984412, Reg 0.17641623912293927
09-Aug-26 12:22:34 - Epoch 202, Model Loss 0.5276871553433486, View Loss -0.3777664354424071, Reg 0.1122170633155536
09-Aug-26 12:23:31 - Epoch 203, Model Loss 0.5340278140859667, View Loss -0.35610789099549933, Reg 0.17006740772646237
09-Aug-26 12:24:28 - Epoch 204, Model Loss 0.5242742177318124, View Loss -0.3466976405748355, Reg 0.11898426399901023
09-Aug-26 12:25:25 - Epoch 205, Model Loss 0.5238166104734333, View Loss -0.33927639325459796, Reg 0.1592531907402612
09-Aug-26 12:25:38 - Epoch 205: Train_acc 0.7320261437908496 Val_acc 0.5882352941176471 Test_acc 0.5968586387434555 Test_auc 0.6074725274725274
09-Aug-26 12:26:35 - Epoch 206, Model Loss 0.5287392624453002, View Loss -0.32998501163682126, Reg 0.12772678744559193
09-Aug-26 12:27:32 - Epoch 207, Model Loss 0.5225363537377002, View Loss -0.3293519510942347, Reg 0.15214206667896968
09-Aug-26 12:28:30 - Epoch 208, Model Loss 0.5260942878286823, View Loss -0.32297295059253966, Reg 0.12836170401058944
09-Aug-26 12:29:27 - Epoch 209, Model Loss 0.5241650849385978, View Loss -0.32535138706755795, Reg 0.15093950050718644
09-Aug-26 12:30:24 - Epoch 210, Model Loss 0.522964850360272, View Loss -0.3191922349867478, Reg 0.13335421243134668
09-Aug-26 12:30:39 - Epoch 210: Train_acc 0.738562091503268 Val_acc 0.6078431372549019 Test_acc 0.5968586387434555 Test_auc 0.6038461538461539
09-Aug-26 12:31:36 - Epoch 211, Model Loss 0.5268460543327083, View Loss -0.31937851235757464, Reg 0.1440928613438326
09-Aug-26 12:32:33 - Epoch 212, Model Loss 0.5265761247647354, View Loss -0.3220558369081784, Reg 0.13744898111212486
09-Aug-26 12:33:30 - Epoch 213, Model Loss 0.5264857302304187, View Loss -0.3156879649442785, Reg 0.1432134031859878
09-Aug-26 12:34:27 - Epoch 214, Model Loss 0.5228457768368565, View Loss -0.3194954465417301, Reg 0.13518494036462572
09-Aug-26 12:35:24 - Epoch 215, Model Loss 0.5245134549982408, View Loss -0.31825147501004286, Reg 0.14475031956738116
09-Aug-26 12:35:34 - Epoch 215: Train_acc 0.7254901960784313 Val_acc 0.6143790849673203 Test_acc 0.6020942408376964 Test_auc 0.6061538461538462
09-Aug-26 12:36:31 - Epoch 216, Model Loss 0.5244287088805554, View Loss -0.3107808921851364, Reg 0.13546576871981028
09-Aug-26 12:37:28 - Epoch 217, Model Loss 0.5228962719050887, View Loss -0.3057305594674902, Reg 0.1441335669335197
09-Aug-26 12:38:25 - Epoch 218, Model Loss 0.5262637968156852, View Loss -0.30747758017645943, Reg 0.1351183742479561
09-Aug-26 12:39:22 - Epoch 219, Model Loss 0.5183613206826004, View Loss -0.3097880432029176, Reg 0.1449451641319624
09-Aug-26 12:40:19 - Epoch 220, Model Loss 0.5233667303923688, View Loss -0.31377870428795906, Reg 0.13235903390092787
09-Aug-26 12:40:30 - Epoch 220: Train_acc 0.7745098039215687 Val_acc 0.5816993464052288 Test_acc 0.6073298429319371 Test_auc 0.6098901098901098
09-Aug-26 12:41:27 - Epoch 221, Model Loss 0.5176226206464705, View Loss -0.31279972254061233, Reg 0.14370886669829
09-Aug-26 12:42:24 - Epoch 222, Model Loss 0.5235668736345628, View Loss -0.30841625905504416, Reg 0.13695037511049532
09-Aug-26 12:43:21 - Epoch 223, Model Loss 0.5196567372558942, View Loss -0.3165658470851923, Reg 0.1408967740005917
09-Aug-26 12:44:18 - Epoch 224, Model Loss 0.5233438164969675, View Loss -0.3147611625833449, Reg 0.13703080729331846
09-Aug-26 12:45:15 - Epoch 225, Model Loss 0.5263198041448406, View Loss -0.30606929539075867, Reg 0.14045518286087932
09-Aug-26 12:45:31 - Epoch 225: Train_acc 0.7205882352941176 Val_acc 0.6013071895424836 Test_acc 0.6073298429319371 Test_auc 0.6008791208791209
09-Aug-26 12:46:28 - Epoch 226, Model Loss 0.5224473519262924, View Loss -0.3092801305982802, Reg 0.1383096963361977
09-Aug-26 12:47:25 - Epoch 227, Model Loss 0.5191470481990988, View Loss -0.3070294132419661, Reg 0.13919778421423792
09-Aug-26 12:48:22 - Epoch 228, Model Loss 0.5209816199502134, View Loss -0.30100663191352794, Reg 0.14097660351422878
09-Aug-26 12:49:19 - Epoch 229, Model Loss 0.5233203575891607, View Loss -0.29931498275083657, Reg 0.13377956783070283
09-Aug-26 12:50:16 - Epoch 230, Model Loss 0.520948148630803, View Loss -0.2985573734333313, Reg 0.14490087223208808
/users/3171356m/miniconda3/envs/grastiacl/lib/python3.12/site-packages/joblib/externals/loky/process_executor.py:782: UserWarning: A worker stopped while some jobs were given to the executor. This can be caused by a too short worker timeout or by a memory leak.
  warnings.warn(
09-Aug-26 12:50:30 - Epoch 230: Train_acc 0.7271241830065359 Val_acc 0.6013071895424836 Test_acc 0.6178010471204188 Test_auc 0.6056043956043956
09-Aug-26 12:51:26 - Epoch 231, Model Loss 0.5220349471943051, View Loss -0.29735129643109887, Reg 0.13559215355153179
09-Aug-26 12:52:23 - Epoch 232, Model Loss 0.5214948307454975, View Loss -0.30114540087631325, Reg 0.1404073128318475
09-Aug-26 12:53:20 - Epoch 233, Model Loss 0.520090841389949, View Loss -0.2951734876321032, Reg 0.14148349797024445
09-Aug-26 12:54:17 - Epoch 234, Model Loss 0.517862441687802, View Loss -0.3021328994651246, Reg 0.13413669821483637
09-Aug-26 12:55:14 - Epoch 235, Model Loss 0.5187923319978651, View Loss -0.3088049195171182, Reg 0.14413907500653486
09-Aug-26 12:55:31 - Epoch 235: Train_acc 0.7320261437908496 Val_acc 0.5816993464052288 Test_acc 0.6020942408376964 Test_auc 0.5990109890109889
09-Aug-26 12:56:28 - Epoch 236, Model Loss 0.5222610252745011, View Loss -0.3009740464827594, Reg 0.1345571149018855
09-Aug-26 12:57:26 - Epoch 237, Model Loss 0.5209430985980563, View Loss -0.29776448829501284, Reg 0.14101149151527803
09-Aug-26 12:58:22 - Epoch 238, Model Loss 0.5219920324344262, View Loss -0.29404674869736813, Reg 0.14009137139990438
09-Aug-26 12:59:19 - Epoch 239, Model Loss 0.5218103526074902, View Loss -0.29979118100957935, Reg 0.1340787708759308
09-Aug-26 13:00:17 - Epoch 240, Model Loss 0.5197200233640235, View Loss -0.2907832954444137, Reg 0.1433078905725791
09-Aug-26 13:00:32 - Epoch 240: Train_acc 0.7418300653594772 Val_acc 0.5882352941176471 Test_acc 0.6073298429319371 Test_auc 0.5987912087912088
09-Aug-26 13:01:29 - Epoch 241, Model Loss 0.5170941271033942, View Loss -0.2903423036625183, Reg 0.1386910538657818
09-Aug-26 13:02:26 - Epoch 242, Model Loss 0.5243516342312682, View Loss -0.2896847756080378, Reg 0.13917147752895853
09-Aug-26 13:03:23 - Epoch 243, Model Loss 0.5177656934152242, View Loss -0.288410538941427, Reg 0.13828763842972275
09-Aug-26 13:04:20 - Epoch 244, Model Loss 0.5203157110151901, View Loss -0.28852740066503385, Reg 0.1389831828525643
09-Aug-26 13:05:17 - Epoch 245, Model Loss 0.5187834960962433, View Loss -0.29550308028077765, Reg 0.1392739975179722
09-Aug-26 13:05:28 - Epoch 245: Train_acc 0.7320261437908496 Val_acc 0.5816993464052288 Test_acc 0.6020942408376964 Test_auc 0.6051648351648352
09-Aug-26 13:06:25 - Epoch 246, Model Loss 0.5208584896100112, View Loss -0.2919568018196455, Reg 0.13758211217674554
09-Aug-26 13:07:22 - Epoch 247, Model Loss 0.5138997762810951, View Loss -0.2898733771704381, Reg 0.13899273887958402
09-Aug-26 13:08:19 - Epoch 248, Model Loss 0.5185683059926126, View Loss -0.2860136522966273, Reg 0.13706354124873293
09-Aug-26 13:09:16 - Epoch 249, Model Loss 0.5169165356486451, View Loss -0.29235435077567506, Reg 0.13861662451348272
09-Aug-26 13:10:13 - Epoch 250, Model Loss 0.5146547766292796, View Loss -0.2950565581228219, Reg 0.13838963337193907
09-Aug-26 13:10:25 - Epoch 250: Train_acc 0.7369281045751634 Val_acc 0.5751633986928104 Test_acc 0.5968586387434555 Test_auc 0.6078021978021978
09-Aug-26 13:11:22 - Epoch 251, Model Loss 0.5132510720514784, View Loss -0.29365311105266895, Reg 0.13740280903632346
09-Aug-26 13:12:19 - Epoch 252, Model Loss 0.5152005814259348, View Loss -0.291527615653144, Reg 0.14175460891785965
09-Aug-26 13:13:16 - Epoch 253, Model Loss 0.5164317913304747, View Loss -0.2842097072040333, Reg 0.1362920031438466
09-Aug-26 13:14:13 - Epoch 254, Model Loss 0.5207245642063665, View Loss -0.28755774217493396, Reg 0.14022250531935224
09-Aug-26 13:15:10 - Epoch 255, Model Loss 0.5159808225881041, View Loss -0.3016595076891332, Reg 0.1410000935878629
09-Aug-26 13:15:22 - Epoch 255: Train_acc 0.7336601307189542 Val_acc 0.5947712418300654 Test_acc 0.6020942408376964 Test_auc 0.6036263736263736
09-Aug-26 13:16:19 - Epoch 256, Model Loss 0.5133140120241377, View Loss -0.29488708536609326, Reg 0.1343379758931453
09-Aug-26 13:17:16 - Epoch 257, Model Loss 0.5159515348914402, View Loss -0.29105686751845616, Reg 0.13735338802041572
09-Aug-26 13:18:13 - Epoch 258, Model Loss 0.5147537518950069, View Loss -0.2892923838172863, Reg 0.13851193041583293
09-Aug-26 13:19:10 - Epoch 259, Model Loss 0.5170263538952746, View Loss -0.28586580317004834, Reg 0.13731546943483788
09-Aug-26 13:20:07 - Epoch 260, Model Loss 0.5150853564926222, View Loss -0.27812380260891384, Reg 0.13763634383288864
09-Aug-26 13:20:20 - Epoch 260: Train_acc 0.7679738562091504 Val_acc 0.5555555555555556 Test_acc 0.5916230366492147 Test_auc 0.6123076923076923
09-Aug-26 13:21:17 - Epoch 261, Model Loss 0.5154619557795181, View Loss -0.28097741588268405, Reg 0.13834937579101986
09-Aug-26 13:22:14 - Epoch 262, Model Loss 0.5170717180943957, View Loss -0.2805386750526678, Reg 0.1390240470957912
09-Aug-26 13:23:11 - Epoch 263, Model Loss 0.516059929054547, View Loss -0.27741165566288567, Reg 0.13910145444028518
09-Aug-26 13:24:08 - Epoch 264, Model Loss 0.515970398982366, View Loss -0.2736680920607124, Reg 0.13709847580373677
09-Aug-26 13:25:06 - Epoch 265, Model Loss 0.5166118986466351, View Loss -0.2804575761159261, Reg 0.13938496627059638
09-Aug-26 13:25:16 - Epoch 265: Train_acc 0.7777777777777778 Val_acc 0.5686274509803921 Test_acc 0.6178010471204188 Test_auc 0.614065934065934
09-Aug-26 13:26:13 - Epoch 266, Model Loss 0.5137295426886066, View Loss -0.2824926968493493, Reg 0.13990786788510343
09-Aug-26 13:27:10 - Epoch 267, Model Loss 0.5193896714378806, View Loss -0.28096725738126466, Reg 0.13558688516320747
09-Aug-26 13:28:07 - Epoch 268, Model Loss 0.51379392680779, View Loss -0.2872331711201886, Reg 0.14048641705824658
09-Aug-26 13:29:04 - Epoch 269, Model Loss 0.513827378453772, View Loss -0.2970184017630184, Reg 0.1357834595285989
09-Aug-26 13:30:01 - Epoch 270, Model Loss 0.5138908087038526, View Loss -0.28141099409340253, Reg 0.13642761978059034
09-Aug-26 13:30:15 - Epoch 270: Train_acc 0.7238562091503268 Val_acc 0.5686274509803921 Test_acc 0.6020942408376964 Test_auc 0.6009890109890109
09-Aug-26 13:31:12 - Epoch 271, Model Loss 0.5143609489101211, View Loss -0.2853855860778709, Reg 0.14138506888564117
09-Aug-26 13:32:09 - Epoch 272, Model Loss 0.5178862946485382, View Loss -0.27521510217704026, Reg 0.13566570159266977
09-Aug-26 13:33:06 - Epoch 273, Model Loss 0.5132195708019281, View Loss -0.2813139491611057, Reg 0.1403040559658038
09-Aug-26 13:34:03 - Epoch 274, Model Loss 0.513904744113972, View Loss -0.27921977385975955, Reg 0.13663558934638703
09-Aug-26 13:35:00 - Epoch 275, Model Loss 0.5108105812976563, View Loss -0.27923531314126804, Reg 0.1379630720498515
09-Aug-26 13:35:13 - Epoch 275: Train_acc 0.7401960784313726 Val_acc 0.5947712418300654 Test_acc 0.5968586387434555 Test_auc 0.6013186813186813
09-Aug-26 13:36:10 - Epoch 276, Model Loss 0.5155944010011511, View Loss -0.28811027255712773, Reg 0.13717891519365746
09-Aug-26 13:37:07 - Epoch 277, Model Loss 0.5117411796563591, View Loss -0.2875482654259875, Reg 0.13468072655933355
09-Aug-26 13:38:04 - Epoch 278, Model Loss 0.516317254188014, View Loss -0.28081214661691706, Reg 0.13945922226298088
09-Aug-26 13:39:01 - Epoch 279, Model Loss 0.5124314855905919, View Loss -0.2913991189470478, Reg 0.13795830280173058
09-Aug-26 13:39:58 - Epoch 280, Model Loss 0.514321072818407, View Loss -0.2886630265541326, Reg 0.13923992401634167
09-Aug-26 13:40:11 - Epoch 280: Train_acc 0.7303921568627451 Val_acc 0.5816993464052288 Test_acc 0.6073298429319371 Test_auc 0.6098901098901099
09-Aug-26 13:41:08 - Epoch 281, Model Loss 0.5119922453281927, View Loss -0.28944820672078847, Reg 0.13733870424086753
09-Aug-26 13:42:05 - Epoch 282, Model Loss 0.5129921079850664, View Loss -0.29600241682887857, Reg 0.1390520321582657
09-Aug-26 13:43:02 - Epoch 283, Model Loss 0.5121448934078217, View Loss -0.3189355368707694, Reg 0.14235390002041862
09-Aug-26 13:43:59 - Epoch 284, Model Loss 0.5141713167327682, View Loss -0.3930131235932992, Reg 0.12896302702769735
09-Aug-26 13:44:56 - Epoch 285, Model Loss 0.5112897798516391, View Loss -0.3926087874992221, Reg 0.14364518887466854
09-Aug-26 13:45:06 - Epoch 285: Train_acc 0.7369281045751634 Val_acc 0.5751633986928104 Test_acc 0.6020942408376964 Test_auc 0.6061538461538462
09-Aug-26 13:46:03 - Epoch 286, Model Loss 0.511263898579903, View Loss -0.3873099439284381, Reg 0.138651847157603
09-Aug-26 13:47:00 - Epoch 287, Model Loss 0.5107593602604337, View Loss -0.33238310751572153, Reg 0.13657221071470796
09-Aug-26 13:47:57 - Epoch 288, Model Loss 0.5068995728601817, View Loss -0.3597140545938529, Reg 0.13568342452734902
09-Aug-26 13:48:54 - Epoch 289, Model Loss 0.5096807000683803, View Loss -0.33413388370688446, Reg 0.14297485858007195
09-Aug-26 13:49:51 - Epoch 290, Model Loss 0.5094208655014537, View Loss -0.3469635404013341, Reg 0.13255548594044705
09-Aug-26 13:50:06 - Epoch 290: Train_acc 0.738562091503268 Val_acc 0.5816993464052288 Test_acc 0.6073298429319371 Test_auc 0.601978021978022
09-Aug-26 13:51:03 - Epoch 291, Model Loss 0.5089342450004777, View Loss -0.3072643474815718, Reg 0.13935323507567637
09-Aug-26 13:52:00 - Epoch 292, Model Loss 0.505855416160783, View Loss -0.29856864845051484, Reg 0.13600233411477283
09-Aug-26 13:52:57 - Epoch 293, Model Loss 0.5115428434477912, View Loss -0.3047453219594519, Reg 0.1376090878559873
09-Aug-26 13:53:54 - Epoch 294, Model Loss 0.5086304812259923, View Loss -0.29528389335457794, Reg 0.14339280518051845
09-Aug-26 13:54:51 - Epoch 295, Model Loss 0.5075629626224244, View Loss -0.2895536095488305, Reg 0.13594043985301374
09-Aug-26 13:55:04 - Epoch 295: Train_acc 0.7467320261437909 Val_acc 0.5751633986928104 Test_acc 0.6020942408376964 Test_auc 0.6076923076923078
09-Aug-26 13:56:01 - Epoch 296, Model Loss 0.5087096188582626, View Loss -0.28708820405349234, Reg 0.13773993242020702
09-Aug-26 13:56:58 - Epoch 297, Model Loss 0.5125157724018969, View Loss -0.2876242843328738, Reg 0.1394030619777885
09-Aug-26 13:57:55 - Epoch 298, Model Loss 0.5071999987745597, View Loss -0.3233284365897085, Reg 0.13412775099277496
09-Aug-26 13:58:51 - Epoch 299, Model Loss 0.5110584497451782, View Loss -0.36869194850422976, Reg 0.1345306559910182
09-Aug-26 13:59:49 - Epoch 300, Model Loss 0.5117045122813555, View Loss -0.32369011835335126, Reg 0.14300298067479353
09-Aug-26 13:59:58 - Epoch 300: Train_acc 0.7369281045751634 Val_acc 0.5882352941176471 Test_acc 0.6073298429319371 Test_auc 0.6025274725274725
09-Aug-26 13:59:58 - FinishedTraining! BestEpoch (eval-interval index): 4
09-Aug-26 13:59:58 - Wrote /users/3171356m/muhammad/GraSTIACL/nested_cv/results/nocombat__emb256_bs256__fold1.json
09-Aug-26 13:59:58 - {
  "emb_dim": 256,
  "batch_size": 256,
  "fold": 1,
  "combat": false,
  "n_train": 612,
  "n_val": 153,
  "n_test": 191,
  "best_val_epoch_idx": 4,
  "train_accuracy": 0.7222222222222222,
  "val_accuracy": 0.6405228758169934,
  "test_accuracy": 0.5863874345549738,
  "train_f1": 0.7128378378378378,
  "val_f1": 0.6258503401360545,
  "test_f1": 0.5683060109289617,
  "train_sensitivity": 0.7250859081612168,
  "val_sensitivity": 0.6301369776693565,
  "test_sensitivity": 0.5714285651491366,
  "train_specificity": 0.719626165982473,
  "val_specificity": 0.6499999918750001,
  "test_specificity": 0.599999994,
  "train_precision": 0.7009966777408638,
  "val_precision": 0.6216216216216216,
  "test_precision": 0.5652173913043478,
  "test_auc": 0.6184615384615384,
  "fin_reg": 0.1442998420763639
}
