Task 2: config=0 fold=2 batch_size=32 emb_dim=512 mij_source=alff combat=no
The Zen of Python, by Tim Peters

Beautiful is better than ugly.
Explicit is better than implicit.
Simple is better than complex.
Complex is better than complicated.
Flat is better than nested.
Sparse is better than dense.
Readability counts.
Special cases aren't special enough to break the rules.
Although practicality beats purity.
Errors should never pass silently.
Unless explicitly silenced.
In the face of ambiguity, refuse the temptation to guess.
There should be one-- and preferably only one --obvious way to do it.
Although that way may not be obvious at first unless you're Dutch.
Now is better than never.
Although never is often better than *right* now.
If the implementation is hard to explain, it's a bad idea.
If the implementation is easy to explain, it may be a good idea.
Namespaces are one honking great idea -- let's do more of those!
validation time cost : 0.36315 sec
validation time cost : 0.35873 sec
validation time cost : 0.35362 sec
validation time cost : 0.37519 sec
validation time cost : 0.37556 sec
validation time cost : 0.35160 sec
validation time cost : 0.38364 sec
validation time cost : 0.37212 sec
validation time cost : 0.37121 sec
validation time cost : 0.36598 sec
validation time cost : 0.39772 sec
validation time cost : 0.35103 sec
validation time cost : 0.37885 sec
validation time cost : 0.36585 sec
validation time cost : 0.36296 sec
validation time cost : 0.37199 sec
validation time cost : 0.37916 sec
validation time cost : 0.36563 sec
validation time cost : 0.35432 sec
validation time cost : 0.36903 sec
validation time cost : 0.36072 sec
validation time cost : 0.35032 sec
validation time cost : 0.36090 sec
validation time cost : 0.35141 sec
validation time cost : 0.36821 sec
validation time cost : 0.38732 sec
validation time cost : 0.35163 sec
validation time cost : 0.37067 sec
validation time cost : 0.36182 sec
validation time cost : 0.35697 sec
validation time cost : 0.34234 sec
validation time cost : 0.39019 sec
validation time cost : 0.36941 sec
validation time cost : 0.38464 sec
validation time cost : 0.35271 sec
validation time cost : 0.39322 sec
validation time cost : 0.34422 sec
validation time cost : 0.38979 sec
