09-Aug-26 06:51:01 - Using Device: cuda
09-Aug-26 06:51:01 - Seed: 123, Fold: 4, ComBat: False
09-Aug-26 06:51:01 - Namespace(fold=4, combat=False, num_dyn_windows=3, model_lr=0.0005, view_lr=0.0005, num_gc_layers=2, pooling_type='standard', emb_dim=512, vib_hidden_dim=400, batch_size=256, drop_ratio=0.3, epochs=300, kld_lambda=0.003, reg_lambda=0.2, gamma_mode='paper_literal', node_feature_mode='alff_pcc', mij_source='alff_pcc', template=90, eval_interval=5, downstream_classifier='linear', ce_lambda=2.0, seed=123)
09-Aug-26 06:51:01 - Loading raw subject data...
09-Aug-26 06:54:38 - Loaded 956 subjects (455 ASD, 501 NC)
09-Aug-26 06:54:38 - alff_pcc scale stats (train_val_idx only): alff=[-3.5994,5.5910] pcc=[-0.6994,1.0000]
09-Aug-26 06:54:38 - Train/Val/Test sizes: 612/153/191
09-Aug-26 06:55:42 - Epoch 1, Model Loss 2.285103812326793, View Loss -8.455137502134235, Reg 0.46146609366329666
09-Aug-26 06:56:47 - Epoch 2, Model Loss 1.1905540821988598, View Loss -6.824356627620124, Reg 0.27362437487817276
09-Aug-26 06:57:50 - Epoch 3, Model Loss 1.0414146103110968, View Loss -5.115848304399478, Reg 0.12824919888007094
09-Aug-26 06:58:53 - Epoch 4, Model Loss 0.9609716359306785, View Loss -2.588536528980031, Reg 0.11532902766286937
09-Aug-26 06:59:57 - Epoch 5, Model Loss 0.8510402576157859, View Loss -0.9954777862511429, Reg 0.23957573549420225
09-Aug-26 07:00:17 - Epoch 5: Train_acc 0.7810457516339869 Val_acc 0.5686274509803921 Test_acc 0.612565445026178 Test_auc 0.6156043956043955
09-Aug-26 07:01:23 - Epoch 6, Model Loss 0.8269583172487472, View Loss -0.7987263638988819, Reg 0.31383776625776605
09-Aug-26 07:02:27 - Epoch 7, Model Loss 0.7628020843844009, View Loss -0.8687013481177536, Reg 0.2062911168227788
09-Aug-26 07:03:31 - Epoch 8, Model Loss 0.7318267035571968, View Loss -1.614368965423185, Reg 0.1564766041983187
09-Aug-26 07:04:35 - Epoch 9, Model Loss 0.7123426335309845, View Loss -2.0168713962330536, Reg 0.18127565728683098
09-Aug-26 07:05:42 - Epoch 10, Model Loss 0.685283785454588, View Loss -2.1829927014369592, Reg 0.2046013180336921
09-Aug-26 07:05:59 - Epoch 10: Train_acc 0.7777777777777778 Val_acc 0.5555555555555556 Test_acc 0.6230366492146597 Test_auc 0.6125274725274725
09-Aug-26 07:07:02 - Epoch 11, Model Loss 0.693183865032944, View Loss -2.1681157031090432, Reg 0.16961138369211184
09-Aug-26 07:08:06 - Epoch 12, Model Loss 0.6746192814088335, View Loss -2.124501352995829, Reg 0.1499308174342112
09-Aug-26 07:09:10 - Epoch 13, Model Loss 0.6423817271111059, View Loss -2.075274233724557, Reg 0.1797265962642782
09-Aug-26 07:10:13 - Epoch 14, Model Loss 0.6570059642487881, View Loss -1.9988912694594438, Reg 0.17270542963657504
09-Aug-26 07:11:20 - Epoch 15, Model Loss 0.64115111617481, View Loss -1.9508739172243605, Reg 0.15089581565919266
09-Aug-26 07:11:37 - Epoch 15: Train_acc 0.7859477124183006 Val_acc 0.5686274509803921 Test_acc 0.5968586387434555 Test_auc 0.6193406593406594
09-Aug-26 07:12:44 - Epoch 16, Model Loss 0.6306142472948124, View Loss -1.8753428552664964, Reg 0.17162683216574925
09-Aug-26 07:13:48 - Epoch 17, Model Loss 0.6380533431869706, View Loss -1.7934880989049775, Reg 0.1655798738493639
09-Aug-26 07:14:52 - Epoch 18, Model Loss 0.6297645886349522, View Loss -1.7022604163176094, Reg 0.1555409211348864
09-Aug-26 07:15:55 - Epoch 19, Model Loss 0.6216212060132058, View Loss -1.6157587166705163, Reg 0.16926033512439603
09-Aug-26 07:16:59 - Epoch 20, Model Loss 0.6190299298249039, View Loss -1.4883243414311627, Reg 0.16313906208752027
09-Aug-26 07:17:17 - Epoch 20: Train_acc 0.8790849673202614 Val_acc 0.5620915032679739 Test_acc 0.5916230366492147 Test_auc 0.6037362637362638
09-Aug-26 07:18:21 - Epoch 21, Model Loss 0.6203559508510664, View Loss -1.3815707131928088, Reg 0.16403055424783744
09-Aug-26 07:19:28 - Epoch 22, Model Loss 0.6098320209512523, View Loss -1.2726285800435184, Reg 0.17126351322223937
09-Aug-26 07:20:31 - Epoch 23, Model Loss 0.6038059229944267, View Loss -1.1818804382498747, Reg 0.16109789440444872
09-Aug-26 07:21:36 - Epoch 24, Model Loss 0.599373521855454, View Loss -1.1107938429888558, Reg 0.1667060588115181
09-Aug-26 07:22:42 - Epoch 25, Model Loss 0.5913666360128939, View Loss -1.0892267928403967, Reg 0.16107218230471892
09-Aug-26 07:22:59 - Epoch 25: Train_acc 0.7777777777777778 Val_acc 0.5686274509803921 Test_acc 0.6335078534031413 Test_auc 0.6285714285714286
09-Aug-26 07:24:05 - Epoch 26, Model Loss 0.5932303878411748, View Loss -1.078123353665171, Reg 0.15254748305853674
09-Aug-26 07:25:10 - Epoch 27, Model Loss 0.5881203652596941, View Loss -1.0617386453291948, Reg 0.155291012202213
09-Aug-26 07:26:14 - Epoch 28, Model Loss 0.5812149910755406, View Loss -1.0511801967433854, Reg 0.15900429148300022
09-Aug-26 07:27:21 - Epoch 29, Model Loss 0.5786984214206147, View Loss -1.0281472650228762, Reg 0.1620698785470202
09-Aug-26 07:28:28 - Epoch 30, Model Loss 0.5831811597534254, View Loss -1.0219674351947758, Reg 0.15917105515018787
09-Aug-26 07:28:46 - Epoch 30: Train_acc 0.8758169934640523 Val_acc 0.5816993464052288 Test_acc 0.581151832460733 Test_auc 0.5915384615384616
09-Aug-26 07:29:55 - Epoch 31, Model Loss 0.5877684873887916, View Loss -1.0089988381254906, Reg 0.16576561117483898
09-Aug-26 07:30:57 - Epoch 32, Model Loss 0.5862600869602628, View Loss -0.9792966780319713, Reg 0.16511066150821113
09-Aug-26 07:32:01 - Epoch 33, Model Loss 0.5838967705863753, View Loss -0.9694753511279237, Reg 0.16193362340038897
09-Aug-26 07:33:05 - Epoch 34, Model Loss 0.5732691308446959, View Loss -0.9563092967264013, Reg 0.1682575785256679
09-Aug-26 07:34:08 - Epoch 35, Model Loss 0.5731112129158444, View Loss -0.9467373603309681, Reg 0.15434513508883957
09-Aug-26 07:34:26 - Epoch 35: Train_acc 0.7859477124183006 Val_acc 0.5882352941176471 Test_acc 0.6178010471204188 Test_auc 0.6273626373626373
09-Aug-26 07:35:31 - Epoch 36, Model Loss 0.5647136358653798, View Loss -0.9272864838830785, Reg 0.162880322804638
09-Aug-26 07:36:35 - Epoch 37, Model Loss 0.5628542050816654, View Loss -0.921756219240575, Reg 0.15649503216244817
09-Aug-26 07:37:38 - Epoch 38, Model Loss 0.561943821268144, View Loss -0.9096388232474234, Reg 0.1569039328815111
09-Aug-26 07:38:41 - Epoch 39, Model Loss 0.5613659170328402, View Loss -0.9063600847144532, Reg 0.16068937215540144
09-Aug-26 07:39:43 - Epoch 40, Model Loss 0.5600726025946, View Loss -0.8950424700780631, Reg 0.15797213362712487
09-Aug-26 07:40:00 - Epoch 40: Train_acc 0.7794117647058824 Val_acc 0.6013071895424836 Test_acc 0.612565445026178 Test_auc 0.628131868131868
09-Aug-26 07:41:01 - Epoch 41, Model Loss 0.555144210656484, View Loss -0.8955176842758079, Reg 0.16096459153820486
09-Aug-26 07:42:05 - Epoch 42, Model Loss 0.5561699395865397, View Loss -0.8842866062338836, Reg 0.16027339182648004
09-Aug-26 07:43:07 - Epoch 43, Model Loss 0.5493955520632999, View Loss -0.8720837301678128, Reg 0.1619482242009219
09-Aug-26 07:44:08 - Epoch 44, Model Loss 0.5427045385821972, View Loss -0.8765288279726614, Reg 0.1544845681759267
09-Aug-26 07:45:12 - Epoch 45, Model Loss 0.5469643835927925, View Loss -0.8538884820501789, Reg 0.16863405363622055
09-Aug-26 07:45:28 - Epoch 45: Train_acc 0.7941176470588235 Val_acc 0.6013071895424836 Test_acc 0.612565445026178 Test_auc 0.6297802197802198
09-Aug-26 07:46:30 - Epoch 46, Model Loss 0.5490980257395826, View Loss -0.8506046798494127, Reg 0.1534433879104315
09-Aug-26 07:47:34 - Epoch 47, Model Loss 0.5480123598591174, View Loss -0.8372414641910129, Reg 0.17007550830934562
09-Aug-26 07:48:39 - Epoch 48, Model Loss 0.5427967539799758, View Loss -0.8426690039291881, Reg 0.1557379082527036
09-Aug-26 07:49:41 - Epoch 49, Model Loss 0.5360993509199105, View Loss -0.8133063628003488, Reg 0.1670326309071647
09-Aug-26 07:50:45 - Epoch 50, Model Loss 0.5407786053769729, View Loss -0.8181195407131918, Reg 0.15945190804846146
09-Aug-26 07:51:07 - Epoch 50: Train_acc 0.7843137254901961 Val_acc 0.5882352941176471 Test_acc 0.6178010471204188 Test_auc 0.6278021978021978
09-Aug-26 07:52:10 - Epoch 51, Model Loss 0.544791131237753, View Loss -0.8257389684128605, Reg 0.16106263173171897
09-Aug-26 07:53:11 - Epoch 52, Model Loss 0.5367492526964425, View Loss -0.794008124108408, Reg 0.1671156359264274
09-Aug-26 07:54:13 - Epoch 53, Model Loss 0.5437620640580171, View Loss -0.8111447251700108, Reg 0.15582931470247655
09-Aug-26 07:55:16 - Epoch 54, Model Loss 0.5403498196913525, View Loss -0.7888832731184616, Reg 0.16938247848180385
09-Aug-26 07:56:21 - Epoch 55, Model Loss 0.5389115584442039, View Loss -0.7987579348819708, Reg 0.1524441228582968
09-Aug-26 07:56:38 - Epoch 55: Train_acc 0.7826797385620915 Val_acc 0.5882352941176471 Test_acc 0.6178010471204188 Test_auc 0.6269230769230769
09-Aug-26 07:57:41 - Epoch 56, Model Loss 0.5357282999294256, View Loss -0.7881921459646786, Reg 0.17629739856408314
09-Aug-26 07:58:45 - Epoch 57, Model Loss 0.5356245103225209, View Loss -0.7839635735243754, Reg 0.16563053662870444
09-Aug-26 07:59:47 - Epoch 58, Model Loss 0.5359137432247985, View Loss -0.7816300696017695, Reg 0.1535362196124457
09-Aug-26 08:00:49 - Epoch 59, Model Loss 0.5312702663583693, View Loss -0.7624619349934696, Reg 0.17994231803744448
09-Aug-26 08:01:55 - Epoch 60, Model Loss 0.5300654504034255, View Loss -0.7893253868701411, Reg 0.15487668395431992
09-Aug-26 08:02:13 - Epoch 60: Train_acc 0.8758169934640523 Val_acc 0.5751633986928104 Test_acc 0.5654450261780105 Test_auc 0.5793406593406594
09-Aug-26 08:03:15 - Epoch 61, Model Loss 0.5290090052130955, View Loss -0.7558191523832434, Reg 0.1680841551107519
09-Aug-26 08:04:18 - Epoch 62, Model Loss 0.526068733798133, View Loss -0.7578713675729589, Reg 0.16780391910107306
09-Aug-26 08:05:23 - Epoch 63, Model Loss 0.5239740598435495, View Loss -0.7501166801826626, Reg 0.16378322496912837
09-Aug-26 08:06:24 - Epoch 64, Model Loss 0.5232912309808668, View Loss -0.746194551972782, Reg 0.16565104754142512
09-Aug-26 08:07:25 - Epoch 65, Model Loss 0.5273668333595875, View Loss -0.7364806030310836, Reg 0.16955513326950322
09-Aug-26 08:07:45 - Epoch 65: Train_acc 0.7810457516339869 Val_acc 0.5882352941176471 Test_acc 0.6178010471204188 Test_auc 0.6253846153846154
09-Aug-26 08:08:47 - Epoch 66, Model Loss 0.5313139024123646, View Loss -0.7405491701138565, Reg 0.16116654814458362
09-Aug-26 08:09:48 - Epoch 67, Model Loss 0.5215260328031054, View Loss -0.7263687475054872, Reg 0.17055206292984532
09-Aug-26 08:10:49 - Epoch 68, Model Loss 0.5262032271989809, View Loss -0.7277747680938321, Reg 0.16733636955420175
09-Aug-26 08:11:49 - Epoch 69, Model Loss 0.5251954723806942, View Loss -0.7325585963679295, Reg 0.1662345350373025
09-Aug-26 08:12:48 - Epoch 70, Model Loss 0.5253768060721603, View Loss -0.7249180343416002, Reg 0.163654986452433
09-Aug-26 08:13:05 - Epoch 70: Train_acc 0.7826797385620915 Val_acc 0.5882352941176471 Test_acc 0.6178010471204188 Test_auc 0.6261538461538461
09-Aug-26 08:14:05 - Epoch 71, Model Loss 0.5245950901819989, View Loss -0.713433632663652, Reg 0.17630968695762111
09-Aug-26 08:15:05 - Epoch 72, Model Loss 0.5139708826744479, View Loss -0.7209533382864559, Reg 0.1658034651887183
09-Aug-26 08:16:05 - Epoch 73, Model Loss 0.5255598675191792, View Loss -0.7134326860016468, Reg 0.16826368926786908
09-Aug-26 08:17:04 - Epoch 74, Model Loss 0.517327643687429, View Loss -0.7116237497018054, Reg 0.1699031120032267
09-Aug-26 08:18:03 - Epoch 75, Model Loss 0.5208385033545151, View Loss -0.7128170393650828, Reg 0.15856722776406731
/users/3171356m/miniconda3/envs/grastiacl/lib/python3.12/site-packages/joblib/externals/loky/process_executor.py:782: UserWarning: A worker stopped while some jobs were given to the executor. This can be caused by a too short worker timeout or by a memory leak.
  warnings.warn(
09-Aug-26 08:18:18 - Epoch 75: Train_acc 0.7892156862745098 Val_acc 0.6209150326797386 Test_acc 0.5863874345549738 Test_auc 0.6192307692307693
09-Aug-26 08:19:18 - Epoch 76, Model Loss 0.515891057408713, View Loss -0.7175836009916916, Reg 0.17416683696453866
09-Aug-26 08:20:18 - Epoch 77, Model Loss 0.5220585808255314, View Loss -0.7328787029179094, Reg 0.15969935507556193
09-Aug-26 08:21:17 - Epoch 78, Model Loss 0.5152644059237312, View Loss -0.7025696413189757, Reg 0.1772177552475649
09-Aug-26 08:22:15 - Epoch 79, Model Loss 0.5188606513871087, View Loss -0.715998169643427, Reg 0.16217786823612412
09-Aug-26 08:23:14 - Epoch 80, Model Loss 0.5150334461062562, View Loss -0.69586318458607, Reg 0.16911833436270945
/users/3171356m/miniconda3/envs/grastiacl/lib/python3.12/site-packages/joblib/externals/loky/process_executor.py:782: UserWarning: A worker stopped while some jobs were given to the executor. This can be caused by a too short worker timeout or by a memory leak.
  warnings.warn(
09-Aug-26 08:23:26 - Epoch 80: Train_acc 1.0 Val_acc 0.6339869281045751 Test_acc 0.5235602094240838 Test_auc 0.5642857142857144
09-Aug-26 08:24:25 - Epoch 81, Model Loss 0.5133150480931101, View Loss -0.6843592419343836, Reg 0.16754230749762916
09-Aug-26 08:25:23 - Epoch 82, Model Loss 0.5138545636258094, View Loss -0.6801010292339948, Reg 0.17277909230952168
09-Aug-26 08:26:21 - Epoch 83, Model Loss 0.5127813773217544, View Loss -0.6800824310265335, Reg 0.17050573892063564
09-Aug-26 08:27:19 - Epoch 84, Model Loss 0.5098428011330125, View Loss -0.6826831834768158, Reg 0.16338511756043028
09-Aug-26 08:28:17 - Epoch 85, Model Loss 0.5122789534088833, View Loss -0.6695091225742514, Reg 0.16605441311216043
09-Aug-26 08:28:26 - Epoch 85: Train_acc 0.7875816993464052 Val_acc 0.6078431372549019 Test_acc 0.6073298429319371 Test_auc 0.6271428571428572
09-Aug-26 08:29:23 - Epoch 86, Model Loss 0.5113217994278553, View Loss -0.6635428269704183, Reg 0.16785060365994772
09-Aug-26 08:30:21 - Epoch 87, Model Loss 0.5096209645271301, View Loss -0.6580038023929969, Reg 0.16913461042385475
09-Aug-26 08:31:19 - Epoch 88, Model Loss 0.5130777807017557, View Loss -0.6667846199733759, Reg 0.16460136562780617
09-Aug-26 08:32:16 - Epoch 89, Model Loss 0.5107472671402825, View Loss -0.6630264185612498, Reg 0.1624677103329328
09-Aug-26 08:33:14 - Epoch 90, Model Loss 0.5073336631644005, View Loss -0.6675092550664167, Reg 0.16522339434405559
09-Aug-26 08:33:20 - Epoch 90: Train_acc 0.7908496732026143 Val_acc 0.6143790849673203 Test_acc 0.5968586387434555 Test_auc 0.621868131868132
09-Aug-26 08:34:18 - Epoch 91, Model Loss 0.5089511304509406, View Loss -0.6557996779485465, Reg 0.18105530641437356
09-Aug-26 08:35:16 - Epoch 92, Model Loss 0.5094067727039063, View Loss -0.6569167391147489, Reg 0.1677346138977537
09-Aug-26 08:36:14 - Epoch 93, Model Loss 0.4997115707864948, View Loss -0.6520439846063751, Reg 0.16031644498211106
09-Aug-26 08:37:12 - Epoch 94, Model Loss 0.504275854116951, View Loss -0.6528161530401192, Reg 0.16589715025004217
09-Aug-26 08:38:09 - Epoch 95, Model Loss 0.5055859871939117, View Loss -0.6575806888879514, Reg 0.17427103231155794
09-Aug-26 08:38:15 - Epoch 95: Train_acc 0.7892156862745098 Val_acc 0.6013071895424836 Test_acc 0.6020942408376964 Test_auc 0.6223076923076923
09-Aug-26 08:39:13 - Epoch 96, Model Loss 0.508527850793078, View Loss -0.6447056041044348, Reg 0.17368981651231355
09-Aug-26 08:40:11 - Epoch 97, Model Loss 0.5081040598208608, View Loss -0.6535770012662302, Reg 0.15178626629651762
09-Aug-26 08:41:08 - Epoch 98, Model Loss 0.5082050071043127, View Loss -0.6406749229805142, Reg 0.17093859612941742
09-Aug-26 08:42:06 - Epoch 99, Model Loss 0.501691965106266, View Loss -0.6499308355493483, Reg 0.17435813388403723
09-Aug-26 08:43:04 - Epoch 100, Model Loss 0.4994962371252721, View Loss -0.6386023642970067, Reg 0.16617811398178922
09-Aug-26 08:43:11 - Epoch 100: Train_acc 0.7941176470588235 Val_acc 0.6143790849673203 Test_acc 0.6020942408376964 Test_auc 0.621978021978022
09-Aug-26 08:44:08 - Epoch 101, Model Loss 0.4988797462843602, View Loss -0.6298723049413145, Reg 0.1690109790929782
09-Aug-26 08:45:06 - Epoch 102, Model Loss 0.49851155008365905, View Loss -0.638096248402315, Reg 0.16341104733398537
09-Aug-26 08:46:04 - Epoch 103, Model Loss 0.49694525669602785, View Loss -0.6211321579864602, Reg 0.17687428990999857
09-Aug-26 08:47:02 - Epoch 104, Model Loss 0.49954071192959554, View Loss -0.6342571218029346, Reg 0.16470164576776666
09-Aug-26 08:48:00 - Epoch 105, Model Loss 0.501297829977048, View Loss -0.6246502679937026, Reg 0.16127560652938544
09-Aug-26 08:48:07 - Epoch 105: Train_acc 0.7810457516339869 Val_acc 0.5947712418300654 Test_acc 0.612565445026178 Test_auc 0.6221978021978022
09-Aug-26 08:49:05 - Epoch 106, Model Loss 0.49878138985509185, View Loss -0.6125494732576258, Reg 0.17119483114068024
09-Aug-26 08:50:02 - Epoch 107, Model Loss 0.4968350658229753, View Loss -0.6186901580274494, Reg 0.16877209059163636
09-Aug-26 08:51:00 - Epoch 108, Model Loss 0.5039921451627819, View Loss -0.6045272342519823, Reg 0.17355865493319392
09-Aug-26 08:51:58 - Epoch 109, Model Loss 0.4985114293160781, View Loss -0.6120132987016167, Reg 0.16223668302196304
09-Aug-26 08:52:55 - Epoch 110, Model Loss 0.4966166541467305, View Loss -0.6081744767481985, Reg 0.1656298808802187
09-Aug-26 08:53:02 - Epoch 110: Train_acc 0.7794117647058824 Val_acc 0.6078431372549019 Test_acc 0.581151832460733 Test_auc 0.6176923076923078
09-Aug-26 08:54:00 - Epoch 111, Model Loss 0.4972210436864616, View Loss -0.6056432622710085, Reg 0.17308034392353755
09-Aug-26 08:54:58 - Epoch 112, Model Loss 0.4967693896854625, View Loss -0.6093426685707242, Reg 0.165201205151533
09-Aug-26 08:55:55 - Epoch 113, Model Loss 0.5004380434946297, View Loss -0.5992512328951967, Reg 0.17431770537803376
09-Aug-26 08:56:54 - Epoch 114, Model Loss 0.4969244618820988, View Loss -0.6118153201209174, Reg 0.16078212798810473
09-Aug-26 08:57:52 - Epoch 115, Model Loss 0.501448985797907, View Loss -0.5979971340279174, Reg 0.16291221041305393
09-Aug-26 08:58:00 - Epoch 115: Train_acc 0.8725490196078431 Val_acc 0.6078431372549019 Test_acc 0.5340314136125655 Test_auc 0.579010989010989
09-Aug-26 08:58:58 - Epoch 116, Model Loss 0.49382121091574627, View Loss -0.6026809223337111, Reg 0.18011083702246347
09-Aug-26 08:59:56 - Epoch 117, Model Loss 0.4981292887450823, View Loss -0.6112831597234688, Reg 0.15558876350424647
09-Aug-26 09:00:54 - Epoch 118, Model Loss 0.4980425094467363, View Loss -0.6000492627324622, Reg 0.16890165540907118
09-Aug-26 09:01:52 - Epoch 119, Model Loss 0.493232083086874, View Loss -0.5983264321595235, Reg 0.17122696495913212
09-Aug-26 09:02:50 - Epoch 120, Model Loss 0.49437713155559465, View Loss -0.5835246619056252, Reg 0.1665966882814769
09-Aug-26 09:02:56 - Epoch 120: Train_acc 0.7745098039215687 Val_acc 0.6143790849673203 Test_acc 0.6020942408376964 Test_auc 0.61989010989011
09-Aug-26 09:03:54 - Epoch 121, Model Loss 0.4943467994141423, View Loss -0.5845673738741407, Reg 0.1733796910133237
09-Aug-26 09:04:52 - Epoch 122, Model Loss 0.49278616009194864, View Loss -0.5863810138764725, Reg 0.1595934606065937
09-Aug-26 09:05:50 - Epoch 123, Model Loss 0.4880244601396174, View Loss -0.5754345702190026, Reg 0.16640959845648873
09-Aug-26 09:06:48 - Epoch 124, Model Loss 0.4935103709401648, View Loss -0.5733505152409373, Reg 0.17423723589361104
09-Aug-26 09:07:46 - Epoch 125, Model Loss 0.49252176986021157, View Loss -0.5841684138852786, Reg 0.16952244187492171
09-Aug-26 09:07:54 - Epoch 125: Train_acc 0.7810457516339869 Val_acc 0.6078431372549019 Test_acc 0.5968586387434555 Test_auc 0.6230769230769231
09-Aug-26 09:08:52 - Epoch 126, Model Loss 0.48982125890800376, View Loss -0.5854371186175378, Reg 0.15626995255744536
09-Aug-26 09:09:50 - Epoch 127, Model Loss 0.49556367031109877, View Loss -0.5719527925541198, Reg 0.16021017866586548
09-Aug-26 09:10:48 - Epoch 128, Model Loss 0.4933494091813081, View Loss -0.5795370839000528, Reg 0.1749038636879204
09-Aug-26 09:11:46 - Epoch 129, Model Loss 0.4929797148782443, View Loss -0.5750441005806518, Reg 0.17210179995867161
09-Aug-26 09:12:43 - Epoch 130, Model Loss 0.48848847606602835, View Loss -0.5738400540320702, Reg 0.16473203537121317
09-Aug-26 09:12:49 - Epoch 130: Train_acc 0.7810457516339869 Val_acc 0.6078431372549019 Test_acc 0.5863874345549738 Test_auc 0.625934065934066
09-Aug-26 09:13:47 - Epoch 131, Model Loss 0.49122097445469276, View Loss -0.5711441281574224, Reg 0.16022174040866055
09-Aug-26 09:14:45 - Epoch 132, Model Loss 0.49014053430432586, View Loss -0.5799394012276643, Reg 0.1690357406349743
09-Aug-26 09:15:43 - Epoch 133, Model Loss 0.4914675592597014, View Loss -0.5653165049023099, Reg 0.1802978197149202
09-Aug-26 09:16:41 - Epoch 134, Model Loss 0.4856787088260152, View Loss -0.5659784982407016, Reg 0.16418728962832807
09-Aug-26 09:17:39 - Epoch 135, Model Loss 0.4876051036750569, View Loss -0.5543977606530283, Reg 0.1560438686336567
09-Aug-26 09:17:45 - Epoch 135: Train_acc 0.8741830065359477 Val_acc 0.6013071895424836 Test_acc 0.5340314136125655 Test_auc 0.5692307692307692
09-Aug-26 09:18:43 - Epoch 136, Model Loss 0.49002789048587575, View Loss -0.5504847149443782, Reg 0.17462737030453152
09-Aug-26 09:19:41 - Epoch 137, Model Loss 0.4847021856728722, View Loss -0.5511365232903973, Reg 0.1694986995528726
09-Aug-26 09:20:39 - Epoch 138, Model Loss 0.4897196382478951, View Loss -0.5502324992535161, Reg 0.15869394772582585
09-Aug-26 09:21:37 - Epoch 139, Model Loss 0.48951201734979166, View Loss -0.553987042576659, Reg 0.17133117705778358
09-Aug-26 09:22:35 - Epoch 140, Model Loss 0.4885162687769123, View Loss -0.5600729269139907, Reg 0.16541516907464446
09-Aug-26 09:22:41 - Epoch 140: Train_acc 0.7794117647058824 Val_acc 0.6078431372549019 Test_acc 0.5916230366492147 Test_auc 0.6251648351648352
09-Aug-26 09:23:39 - Epoch 141, Model Loss 0.4863620708191317, View Loss -0.5524938605190103, Reg 0.16629270790449155
09-Aug-26 09:24:37 - Epoch 142, Model Loss 0.4930760494244644, View Loss -0.5442610386929481, Reg 0.17291099592751147
09-Aug-26 09:25:35 - Epoch 143, Model Loss 0.4890448973069783, View Loss -0.5446075777602352, Reg 0.16111785962301142
09-Aug-26 09:26:33 - Epoch 144, Model Loss 0.48986588837274536, View Loss -0.5411084500792759, Reg 0.15980123674947452
09-Aug-26 09:27:31 - Epoch 145, Model Loss 0.4892152010225782, View Loss -0.5371766409842796, Reg 0.18154834804971234
09-Aug-26 09:27:36 - Epoch 145: Train_acc 0.8741830065359477 Val_acc 0.6143790849673203 Test_acc 0.5863874345549738 Test_auc 0.5769230769230769
09-Aug-26 09:28:34 - Epoch 146, Model Loss 0.488285425441717, View Loss -0.5664424654705073, Reg 0.16805572379258724
09-Aug-26 09:29:32 - Epoch 147, Model Loss 0.4871267129003612, View Loss -0.557629679542741, Reg 0.1479493057221369
09-Aug-26 09:30:30 - Epoch 148, Model Loss 0.4866043866849413, View Loss -0.5552113718456693, Reg 0.16776891266987995
09-Aug-26 09:31:28 - Epoch 149, Model Loss 0.48527120667345386, View Loss -0.5495268714194205, Reg 0.17525127939149446
09-Aug-26 09:32:26 - Epoch 150, Model Loss 0.48716215117304934, View Loss -0.5370130975262012, Reg 0.1618010064745261
09-Aug-26 09:32:33 - Epoch 150: Train_acc 0.7859477124183006 Val_acc 0.5947712418300654 Test_acc 0.612565445026178 Test_auc 0.6243956043956044
09-Aug-26 09:33:31 - Epoch 151, Model Loss 0.486635716912014, View Loss -0.5507017210418103, Reg 0.1715459267493167
09-Aug-26 09:34:29 - Epoch 152, Model Loss 0.48359376542708454, View Loss -0.5679632627886105, Reg 0.16561635773555905
09-Aug-26 09:35:27 - Epoch 153, Model Loss 0.4824266885620317, View Loss -0.5444013090694652, Reg 0.15291323985149657
09-Aug-26 09:36:26 - Epoch 154, Model Loss 0.4856175312808916, View Loss -0.5346935286241419, Reg 0.17232587485531575
09-Aug-26 09:37:24 - Epoch 155, Model Loss 0.48642585187955617, View Loss -0.5151679250929091, Reg 0.17653218535036821
09-Aug-26 09:37:29 - Epoch 155: Train_acc 0.7810457516339869 Val_acc 0.6143790849673203 Test_acc 0.612565445026178 Test_auc 0.6198901098901098
09-Aug-26 09:38:27 - Epoch 156, Model Loss 0.47793814481473434, View Loss -0.5132718951094384, Reg 0.15648764186824848
09-Aug-26 09:39:25 - Epoch 157, Model Loss 0.48385302576364253, View Loss -0.5209208352893007, Reg 0.16249036467542835
09-Aug-26 09:40:23 - Epoch 158, Model Loss 0.48277950871224495, View Loss -0.5140676545161827, Reg 0.1751992471662222
09-Aug-26 09:41:21 - Epoch 159, Model Loss 0.4842275194093293, View Loss -0.5146911907819361, Reg 0.16099579953679852
09-Aug-26 09:42:19 - Epoch 160, Model Loss 0.4869878697239496, View Loss -0.5051542816598431, Reg 0.16250933989200717
09-Aug-26 09:42:27 - Epoch 160: Train_acc 1.0 Val_acc 0.5947712418300654 Test_acc 0.5287958115183246 Test_auc 0.5235164835164836
09-Aug-26 09:43:25 - Epoch 161, Model Loss 0.48038936557333456, View Loss -0.5071442571340823, Reg 0.1703997524150836
09-Aug-26 09:44:23 - Epoch 162, Model Loss 0.48719098014769213, View Loss -0.5006613653469709, Reg 0.16502067699931025
09-Aug-26 09:45:21 - Epoch 163, Model Loss 0.4854697553940069, View Loss -0.5144530004925199, Reg 0.16211594524336795
09-Aug-26 09:46:20 - Epoch 164, Model Loss 0.47774048607333813, View Loss -0.5128618876139323, Reg 0.16592535639510436
09-Aug-26 09:47:18 - Epoch 165, Model Loss 0.48500295635921503, View Loss -0.517958043447507, Reg 0.16552268718582352
09-Aug-26 09:47:25 - Epoch 165: Train_acc 0.7794117647058824 Val_acc 0.5947712418300654 Test_acc 0.6020942408376964 Test_auc 0.6207692307692306
09-Aug-26 09:48:23 - Epoch 166, Model Loss 0.4771256427359737, View Loss -0.5278643073599323, Reg 0.16493763506802078
09-Aug-26 09:49:21 - Epoch 167, Model Loss 0.48321473325779235, View Loss -0.5048131568759096, Reg 0.17043080020184612
09-Aug-26 09:50:19 - Epoch 168, Model Loss 0.48344985020706077, View Loss -0.5017423723258224, Reg 0.1684061867349288
09-Aug-26 09:51:17 - Epoch 169, Model Loss 0.4837424022699493, View Loss -0.5182428336610981, Reg 0.16307164679944905
09-Aug-26 09:52:15 - Epoch 170, Model Loss 0.4799906073832044, View Loss -0.49325410758747773, Reg 0.15934024809622296
09-Aug-26 09:52:21 - Epoch 170: Train_acc 0.7777777777777778 Val_acc 0.6143790849673203 Test_acc 0.5968586387434555 Test_auc 0.6192307692307693
09-Aug-26 09:53:19 - Epoch 171, Model Loss 0.48146940485324735, View Loss -0.4954729197072048, Reg 0.16791217973808836
09-Aug-26 09:54:16 - Epoch 172, Model Loss 0.48359747922498414, View Loss -0.48674122180814056, Reg 0.17003071376311232
09-Aug-26 09:55:14 - Epoch 173, Model Loss 0.4796169086609011, View Loss -0.4853046119602677, Reg 0.16345820054898855
09-Aug-26 09:56:12 - Epoch 174, Model Loss 0.4807313076810899, View Loss -0.4822303578744527, Reg 0.16370926427295784
09-Aug-26 09:57:10 - Epoch 175, Model Loss 0.4795844418550628, View Loss -0.48390936072355784, Reg 0.1661292613526575
09-Aug-26 09:57:16 - Epoch 175: Train_acc 0.7761437908496732 Val_acc 0.6274509803921569 Test_acc 0.5968586387434555 Test_auc 0.6253846153846154
09-Aug-26 09:58:14 - Epoch 176, Model Loss 0.47549670506146996, View Loss -0.4841907195795595, Reg 0.16617215429645738
09-Aug-26 09:59:12 - Epoch 177, Model Loss 0.48196584784906676, View Loss -0.4808051679648605, Reg 0.1677635777619929
09-Aug-26 10:00:10 - Epoch 178, Model Loss 0.4808305727890114, View Loss -0.47996300497865363, Reg 0.1679246582431731
09-Aug-26 10:01:08 - Epoch 179, Model Loss 0.4760995904604594, View Loss -0.47932207506466534, Reg 0.1619771494974498
09-Aug-26 10:02:06 - Epoch 180, Model Loss 0.48031333887499145, View Loss -0.4768680684706744, Reg 0.16553203440180012
09-Aug-26 10:02:13 - Epoch 180: Train_acc 0.7777777777777778 Val_acc 0.6013071895424836 Test_acc 0.5863874345549738 Test_auc 0.6248351648351649
09-Aug-26 10:03:11 - Epoch 181, Model Loss 0.477369539098802, View Loss -0.47821895359388367, Reg 0.1648238220440796
09-Aug-26 10:04:09 - Epoch 182, Model Loss 0.47366083642236545, View Loss -0.4718543649498933, Reg 0.16312676385726804
09-Aug-26 10:05:07 - Epoch 183, Model Loss 0.47653355064734915, View Loss -0.4648156438777649, Reg 0.16777721329841738
09-Aug-26 10:06:05 - Epoch 184, Model Loss 0.4766617923780204, View Loss -0.4684391146391825, Reg 0.16771970338681164
09-Aug-26 10:07:03 - Epoch 185, Model Loss 0.4753121977148492, View Loss -0.4628272009830849, Reg 0.16604487091497658
09-Aug-26 10:07:08 - Epoch 185: Train_acc 0.8774509803921569 Val_acc 0.6209150326797386 Test_acc 0.5235602094240838 Test_auc 0.5597802197802197
09-Aug-26 10:08:06 - Epoch 186, Model Loss 0.4766029384401109, View Loss -0.4676344721925025, Reg 0.15940574629634036
09-Aug-26 10:09:04 - Epoch 187, Model Loss 0.47575698568930036, View Loss -0.4635060612672295, Reg 0.16214676824660082
09-Aug-26 10:10:02 - Epoch 188, Model Loss 0.47381223864804684, View Loss -0.4661440670100692, Reg 0.16999403333741855
09-Aug-26 10:11:00 - Epoch 189, Model Loss 0.4786302739498662, View Loss -0.49511735267888485, Reg 0.16875864672504998
09-Aug-26 10:11:58 - Epoch 190, Model Loss 0.4744449024106942, View Loss -0.5107790971893111, Reg 0.15867893319893506
09-Aug-26 10:12:05 - Epoch 190: Train_acc 0.8758169934640523 Val_acc 0.6013071895424836 Test_acc 0.5445026178010471 Test_auc 0.5669230769230769
09-Aug-26 10:13:03 - Epoch 191, Model Loss 0.47574530395807, View Loss -0.49710721128127155, Reg 0.16691108573885524
09-Aug-26 10:14:01 - Epoch 192, Model Loss 0.4757665779465943, View Loss -0.48486615006440603, Reg 0.1718359765858432
09-Aug-26 10:14:59 - Epoch 193, Model Loss 0.4714062026902741, View Loss -0.5123760318444446, Reg 0.15968949732437632
09-Aug-26 10:15:57 - Epoch 194, Model Loss 0.4711916649263669, View Loss -0.48748810930189745, Reg 0.16728322704633078
09-Aug-26 10:16:55 - Epoch 195, Model Loss 0.4750876481236975, View Loss -0.51306253243116, Reg 0.18448903806069317
09-Aug-26 10:17:01 - Epoch 195: Train_acc 0.7794117647058824 Val_acc 0.6209150326797386 Test_acc 0.5916230366492147 Test_auc 0.6245054945054945
09-Aug-26 10:17:59 - Epoch 196, Model Loss 0.47557743585187623, View Loss -0.4964898154626485, Reg 0.1574021496024786
09-Aug-26 10:18:57 - Epoch 197, Model Loss 0.47767368543381783, View Loss -0.49523723982518014, Reg 0.15640507726108327
09-Aug-26 10:19:55 - Epoch 198, Model Loss 0.4732394479458628, View Loss -0.475424378525977, Reg 0.16756154557848288
09-Aug-26 10:20:53 - Epoch 199, Model Loss 0.47337862829756894, View Loss -0.4535454005197762, Reg 0.16522429562082477
09-Aug-26 10:21:51 - Epoch 200, Model Loss 0.47500988763142254, View Loss -0.4503857138889288, Reg 0.1601616920404185
09-Aug-26 10:21:57 - Epoch 200: Train_acc 0.7810457516339869 Val_acc 0.6078431372549019 Test_acc 0.5968586387434555 Test_auc 0.6212087912087912
09-Aug-26 10:22:55 - Epoch 201, Model Loss 0.47066161815637075, View Loss -0.4439008905996684, Reg 0.16574321424259858
09-Aug-26 10:23:53 - Epoch 202, Model Loss 0.4734186814501395, View Loss -0.44787029736961415, Reg 0.16369597341110503
09-Aug-26 10:24:51 - Epoch 203, Model Loss 0.4732684769661598, View Loss -0.4429664978014877, Reg 0.16419419763134976
09-Aug-26 10:25:49 - Epoch 204, Model Loss 0.47146254018241285, View Loss -0.447734042709949, Reg 0.17068325918094784
09-Aug-26 10:26:48 - Epoch 205, Model Loss 0.47062866828020883, View Loss -0.44368749973820704, Reg 0.17053123724226857
09-Aug-26 10:26:55 - Epoch 205: Train_acc 0.7663398692810458 Val_acc 0.6209150326797386 Test_acc 0.5968586387434555 Test_auc 0.6275824175824176
09-Aug-26 10:27:54 - Epoch 206, Model Loss 0.47076133984366275, View Loss -0.4463022316203398, Reg 0.16010816560851204
09-Aug-26 10:28:51 - Epoch 207, Model Loss 0.4706813412554124, View Loss -0.4370098378923204, Reg 0.15534929541590947
09-Aug-26 10:29:49 - Epoch 208, Model Loss 0.47225913463854324, View Loss -0.44038301199869395, Reg 0.16894340865752278
09-Aug-26 10:30:47 - Epoch 209, Model Loss 0.47382789967106836, View Loss -0.4331640207689572, Reg 0.16949407240144568
09-Aug-26 10:31:46 - Epoch 210, Model Loss 0.47201571608680526, View Loss -0.42858533609926314, Reg 0.1619933947823406
09-Aug-26 10:31:53 - Epoch 210: Train_acc 0.7794117647058824 Val_acc 0.6209150326797386 Test_acc 0.5968586387434555 Test_auc 0.6230769230769231
09-Aug-26 10:32:51 - Epoch 211, Model Loss 0.47132671911732044, View Loss -0.4301033954994351, Reg 0.16296072732778935
09-Aug-26 10:33:49 - Epoch 212, Model Loss 0.4723186617583231, View Loss -0.43339427623873444, Reg 0.1650125275250354
09-Aug-26 10:34:48 - Epoch 213, Model Loss 0.4701408019252852, View Loss -0.43000849867178725, Reg 0.16509735964092553
09-Aug-26 10:35:46 - Epoch 214, Model Loss 0.4719419376133314, View Loss -0.431545256010068, Reg 0.16786286673125098
09-Aug-26 10:36:44 - Epoch 215, Model Loss 0.47046993721544356, View Loss -0.4705819561590556, Reg 0.16260314201996998
09-Aug-26 10:36:51 - Epoch 215: Train_acc 0.7843137254901961 Val_acc 0.6078431372549019 Test_acc 0.6073298429319371 Test_auc 0.61989010989011
09-Aug-26 10:37:49 - Epoch 216, Model Loss 0.46985673631717956, View Loss -0.5089370853760663, Reg 0.16681407508896848
09-Aug-26 10:38:47 - Epoch 217, Model Loss 0.47184451537973743, View Loss -0.6102847710154415, Reg 0.17528438480461345
09-Aug-26 10:39:45 - Epoch 218, Model Loss 0.46866881691552453, View Loss -0.47376712786605935, Reg 0.15956051530791263
09-Aug-26 10:40:43 - Epoch 219, Model Loss 0.46883148110769934, View Loss -0.45034627509272956, Reg 0.15974244563018575
09-Aug-26 10:41:41 - Epoch 220, Model Loss 0.46887197720459084, View Loss -0.43216564063153234, Reg 0.1632131796841528
09-Aug-26 10:41:48 - Epoch 220: Train_acc 0.7859477124183006 Val_acc 0.6143790849673203 Test_acc 0.5968586387434555 Test_auc 0.624065934065934
09-Aug-26 10:42:46 - Epoch 221, Model Loss 0.46941723718362693, View Loss -0.429733255330254, Reg 0.16602867023617612
09-Aug-26 10:43:44 - Epoch 222, Model Loss 0.4673694177390703, View Loss -0.4246855249591902, Reg 0.1615806370973587
09-Aug-26 10:44:42 - Epoch 223, Model Loss 0.4692838312753665, View Loss -0.4178360139622408, Reg 0.1590465019925747
09-Aug-26 10:45:40 - Epoch 224, Model Loss 0.471273959656946, View Loss -0.41880454892426533, Reg 0.1624222657844132
09-Aug-26 10:46:38 - Epoch 225, Model Loss 0.46794596372866165, View Loss -0.43404170344857607, Reg 0.16706402726422728
09-Aug-26 10:46:44 - Epoch 225: Train_acc 0.7745098039215687 Val_acc 0.6274509803921569 Test_acc 0.581151832460733 Test_auc 0.6194505494505494
09-Aug-26 10:47:42 - Epoch 226, Model Loss 0.4677849743101332, View Loss -0.44793331077675413, Reg 0.1663570164465437
09-Aug-26 10:48:40 - Epoch 227, Model Loss 0.4682019512637768, View Loss -0.46379469812305923, Reg 0.1587534857536453
09-Aug-26 10:49:38 - Epoch 228, Model Loss 0.46879222852731844, View Loss -0.5177286294550677, Reg 0.1616871279049543
09-Aug-26 10:50:36 - Epoch 229, Model Loss 0.46822518538805397, View Loss -0.539969814369102, Reg 0.17572513583049276
09-Aug-26 10:51:34 - Epoch 230, Model Loss 0.47071227742955574, View Loss -0.4843928806142869, Reg 0.16473750643480836
09-Aug-26 10:51:41 - Epoch 230: Train_acc 0.7826797385620915 Val_acc 0.6209150326797386 Test_acc 0.581151832460733 Test_auc 0.6245054945054944
09-Aug-26 10:52:39 - Epoch 231, Model Loss 0.4701967531559514, View Loss -0.47335445647146185, Reg 0.1285774955172944
09-Aug-26 10:53:37 - Epoch 232, Model Loss 0.4667826275420345, View Loss -0.48178764262230567, Reg 0.1707293315261018
09-Aug-26 10:54:35 - Epoch 233, Model Loss 0.4669446111504548, View Loss -0.45536089800541696, Reg 0.19465811891493454
09-Aug-26 10:55:33 - Epoch 234, Model Loss 0.4656444828884274, View Loss -0.452409513635573, Reg 0.14623748369855818
09-Aug-26 10:56:31 - Epoch 235, Model Loss 0.467362879732855, View Loss -0.4383621792388118, Reg 0.15291819122492098
09-Aug-26 10:56:40 - Epoch 235: Train_acc 0.8676470588235294 Val_acc 0.6013071895424836 Test_acc 0.5602094240837696 Test_auc 0.5792307692307692
09-Aug-26 10:57:38 - Epoch 236, Model Loss 0.46920595917047236, View Loss -0.42999422082714006, Reg 0.186361025458847
09-Aug-26 10:58:36 - Epoch 237, Model Loss 0.4649558400406557, View Loss -0.4401337710860508, Reg 0.15015757921474432
09-Aug-26 10:59:34 - Epoch 238, Model Loss 0.46857860976574467, View Loss -0.43425987904367885, Reg 0.15844833656074175
09-Aug-26 11:00:32 - Epoch 239, Model Loss 0.4662369185802983, View Loss -0.4321995552848367, Reg 0.18551871083141153
09-Aug-26 11:01:30 - Epoch 240, Model Loss 0.4640803009855981, View Loss -0.43642395617915136, Reg 0.15080519215343824
09-Aug-26 11:01:39 - Epoch 240: Train_acc 0.7761437908496732 Val_acc 0.6470588235294118 Test_acc 0.5968586387434555 Test_auc 0.6183516483516484
09-Aug-26 11:02:37 - Epoch 241, Model Loss 0.46686091629508275, View Loss -0.41702002559612, Reg 0.16185338366654964
09-Aug-26 11:03:35 - Epoch 242, Model Loss 0.46666014350317664, View Loss -0.41026376041711543, Reg 0.17565256581197378
09-Aug-26 11:04:33 - Epoch 243, Model Loss 0.46464521218748656, View Loss -0.41193031641392924, Reg 0.15343307893650204
09-Aug-26 11:05:31 - Epoch 244, Model Loss 0.46425558110467746, View Loss -0.4292777449476953, Reg 0.16506515686808068
09-Aug-26 11:06:29 - Epoch 245, Model Loss 0.46609072358000514, View Loss -0.4437370479496476, Reg 0.17388413632227703
09-Aug-26 11:06:35 - Epoch 245: Train_acc 0.7859477124183006 Val_acc 0.6339869281045751 Test_acc 0.5863874345549738 Test_auc 0.6184615384615384
09-Aug-26 11:07:33 - Epoch 246, Model Loss 0.4655146536484263, View Loss -0.43063148330239687, Reg 0.15366884277147405
09-Aug-26 11:08:31 - Epoch 247, Model Loss 0.46433428923288983, View Loss -0.43129392776613923, Reg 0.16988970797046338
09-Aug-26 11:09:29 - Epoch 248, Model Loss 0.46497828469556923, View Loss -0.41055697085810644, Reg 0.16817499229720995
09-Aug-26 11:10:28 - Epoch 249, Model Loss 0.4636586401976791, View Loss -0.40688589195799985, Reg 0.158259838916897
09-Aug-26 11:11:26 - Epoch 250, Model Loss 0.466992241105223, View Loss -0.4269161606146619, Reg 0.16756644075602486
09-Aug-26 11:11:34 - Epoch 250: Train_acc 0.7761437908496732 Val_acc 0.6339869281045751 Test_acc 0.581151832460733 Test_auc 0.6163736263736264
09-Aug-26 11:12:32 - Epoch 251, Model Loss 0.4664626762368321, View Loss -0.43172496596193, Reg 0.1626600115712172
09-Aug-26 11:13:30 - Epoch 252, Model Loss 0.46570422174104675, View Loss -0.4319518983753678, Reg 0.16224911477830675
09-Aug-26 11:14:28 - Epoch 253, Model Loss 0.4657960767839469, View Loss -0.414739043884028, Reg 0.1661763027602551
09-Aug-26 11:15:26 - Epoch 254, Model Loss 0.4623149925587224, View Loss -0.40666243375516403, Reg 0.16313436968264236
09-Aug-26 11:16:24 - Epoch 255, Model Loss 0.4637641996340035, View Loss -0.40126585804559045, Reg 0.1638860734654408
09-Aug-26 11:16:33 - Epoch 255: Train_acc 0.7810457516339869 Val_acc 0.6405228758169934 Test_acc 0.612565445026178 Test_auc 0.6171428571428572
09-Aug-26 11:17:31 - Epoch 256, Model Loss 0.46366815239775416, View Loss -0.40371330657036475, Reg 0.1641974066402398
09-Aug-26 11:18:29 - Epoch 257, Model Loss 0.46020040403004564, View Loss -0.40065892537434894, Reg 0.16409415688390047
09-Aug-26 11:19:27 - Epoch 258, Model Loss 0.4673365048723283, View Loss -0.39512931443507376, Reg 0.1648681678997925
09-Aug-26 11:20:26 - Epoch 259, Model Loss 0.4656036024779276, View Loss -0.4034820857390859, Reg 0.16133837966747533
09-Aug-26 11:21:24 - Epoch 260, Model Loss 0.46346669921688005, View Loss -0.403986775797177, Reg 0.1646383624840406
09-Aug-26 11:21:32 - Epoch 260: Train_acc 0.7794117647058824 Val_acc 0.6274509803921569 Test_acc 0.5916230366492147 Test_auc 0.6170329670329671
09-Aug-26 11:22:31 - Epoch 261, Model Loss 0.4671867992363724, View Loss -0.3950109084447225, Reg 0.16559697395446255
09-Aug-26 11:23:29 - Epoch 262, Model Loss 0.46564436543221566, View Loss -0.3962309383878521, Reg 0.1685117885372997
09-Aug-26 11:24:27 - Epoch 263, Model Loss 0.4595621017848744, View Loss -0.3980766402350532, Reg 0.16325006677823908
09-Aug-26 11:25:26 - Epoch 264, Model Loss 0.464274026210012, View Loss -0.39123495497734717, Reg 0.15987640521884744
09-Aug-26 11:26:24 - Epoch 265, Model Loss 0.4665934369454976, View Loss -0.4018133574841069, Reg 0.16789568425003998
09-Aug-26 11:26:31 - Epoch 265: Train_acc 0.7794117647058824 Val_acc 0.6470588235294118 Test_acc 0.6020942408376964 Test_auc 0.6163736263736264
09-Aug-26 11:27:29 - Epoch 266, Model Loss 0.46390288328033646, View Loss -0.4021063762552598, Reg 0.16522838915485183
09-Aug-26 11:28:28 - Epoch 267, Model Loss 0.4664033774067374, View Loss -0.4007045887654124, Reg 0.16082563168472713
09-Aug-26 11:29:26 - Epoch 268, Model Loss 0.46096841922772475, View Loss -0.4139879638073491, Reg 0.167504307296541
09-Aug-26 11:30:24 - Epoch 269, Model Loss 0.4634768004510917, View Loss -0.40980789006925095, Reg 0.16258994202598248
09-Aug-26 11:31:23 - Epoch 270, Model Loss 0.4640384916386573, View Loss -0.39825773005392034, Reg 0.16371099553466623
09-Aug-26 11:31:31 - Epoch 270: Train_acc 0.8774509803921569 Val_acc 0.6274509803921569 Test_acc 0.5392670157068062 Test_auc 0.55989010989011
09-Aug-26 11:32:29 - Epoch 271, Model Loss 0.4652896262461843, View Loss -0.40617023418152254, Reg 0.1677107670727898
09-Aug-26 11:33:27 - Epoch 272, Model Loss 0.4638000919538386, View Loss -0.4045946021485173, Reg 0.16005972680313135
09-Aug-26 11:34:25 - Epoch 273, Model Loss 0.46241525244089515, View Loss -0.40320566510842515, Reg 0.16613315026354947
09-Aug-26 11:35:23 - Epoch 274, Model Loss 0.4612639349660063, View Loss -0.39607082083334333, Reg 0.16848622729965285
09-Aug-26 11:36:21 - Epoch 275, Model Loss 0.46211502559823925, View Loss -0.3954502274008358, Reg 0.16465102282224917
09-Aug-26 11:36:29 - Epoch 275: Train_acc 0.8725490196078431 Val_acc 0.5882352941176471 Test_acc 0.5392670157068062 Test_auc 0.5725274725274725
09-Aug-26 11:37:27 - Epoch 276, Model Loss 0.46272750150144487, View Loss -0.3993406841178346, Reg 0.16452045884786867
09-Aug-26 11:38:25 - Epoch 277, Model Loss 0.46205702385092096, View Loss -0.40113361754448584, Reg 0.16136847222163006
09-Aug-26 11:39:24 - Epoch 278, Model Loss 0.46243489178177577, View Loss -0.4007781603757073, Reg 0.16550743677257712
09-Aug-26 11:40:21 - Epoch 279, Model Loss 0.46332702060150943, View Loss -0.4000728558870702, Reg 0.17006674817964143
09-Aug-26 11:41:20 - Epoch 280, Model Loss 0.46112191832922644, View Loss -0.40591494398179395, Reg 0.16243110957488516
09-Aug-26 11:41:27 - Epoch 280: Train_acc 0.7875816993464052 Val_acc 0.6470588235294118 Test_acc 0.5863874345549738 Test_auc 0.6185714285714285
09-Aug-26 11:42:26 - Epoch 281, Model Loss 0.4625221592148924, View Loss -0.3923111787808487, Reg 0.16441369553407034
09-Aug-26 11:43:24 - Epoch 282, Model Loss 0.45841171967437844, View Loss -0.39674395829244374, Reg 0.16894786507865184
09-Aug-26 11:44:21 - Epoch 283, Model Loss 0.4639805717016357, View Loss -0.38903918764949624, Reg 0.15937851856347002
09-Aug-26 11:45:20 - Epoch 284, Model Loss 0.46085162801680224, View Loss -0.39251809805826426, Reg 0.1652297874291738
09-Aug-26 11:46:18 - Epoch 285, Model Loss 0.4593707716542911, View Loss -0.3967943199319777, Reg 0.17207877698287466
09-Aug-26 11:46:24 - Epoch 285: Train_acc 0.7794117647058824 Val_acc 0.6274509803921569 Test_acc 0.5759162303664922 Test_auc 0.614945054945055
09-Aug-26 11:47:22 - Epoch 286, Model Loss 0.461473951737086, View Loss -0.39607446100197585, Reg 0.1610424814660565
09-Aug-26 11:48:20 - Epoch 287, Model Loss 0.46151047049005045, View Loss -0.391625522788054, Reg 0.16112867708689246
09-Aug-26 11:49:18 - Epoch 288, Model Loss 0.4619697562230179, View Loss -0.391633059464249, Reg 0.16662165288831673
09-Aug-26 11:50:16 - Epoch 289, Model Loss 0.4618996274627112, View Loss -0.3916962575289159, Reg 0.16104988549269883
09-Aug-26 11:51:14 - Epoch 290, Model Loss 0.46309910646451063, View Loss -0.3849352169660182, Reg 0.16146488653288948
09-Aug-26 11:51:25 - Epoch 290: Train_acc 0.8758169934640523 Val_acc 0.6339869281045751 Test_acc 0.5235602094240838 Test_auc 0.5660439560439561
09-Aug-26 11:52:23 - Epoch 291, Model Loss 0.4625037787786496, View Loss -0.38981132335912166, Reg 0.16470917075677635
09-Aug-26 11:53:21 - Epoch 292, Model Loss 0.4599577780642541, View Loss -0.387808488085379, Reg 0.16236056708822064
09-Aug-26 11:54:19 - Epoch 293, Model Loss 0.4615579835729661, View Loss -0.3863262912027197, Reg 0.1628234716607075
09-Aug-26 11:55:16 - Epoch 294, Model Loss 0.4600655335226869, View Loss -0.38814497617335103, Reg 0.16333396304277034
09-Aug-26 11:56:15 - Epoch 295, Model Loss 0.46096675302468093, View Loss -0.3889719621807921, Reg 0.16199339458755418
09-Aug-26 11:56:21 - Epoch 295: Train_acc 0.7777777777777778 Val_acc 0.6339869281045751 Test_acc 0.6073298429319371 Test_auc 0.6148351648351648
09-Aug-26 11:57:19 - Epoch 296, Model Loss 0.4594352632955788, View Loss -0.3875014750786077, Reg 0.16697457286657072
09-Aug-26 11:58:17 - Epoch 297, Model Loss 0.4586232035767798, View Loss -0.39105813020195057, Reg 0.16472437461606818
09-Aug-26 11:59:15 - Epoch 298, Model Loss 0.4621911469627829, View Loss -0.3954636349397547, Reg 0.16015667414743137
09-Aug-26 12:00:13 - Epoch 299, Model Loss 0.46180734973327786, View Loss -0.3820975387797636, Reg 0.1627462660175523
09-Aug-26 12:01:11 - Epoch 300, Model Loss 0.4623032734284993, View Loss -0.3849533274282817, Reg 0.16613682753899517
09-Aug-26 12:01:19 - Epoch 300: Train_acc 0.8660130718954249 Val_acc 0.6274509803921569 Test_acc 0.5130890052356021 Test_auc 0.563956043956044
09-Aug-26 12:01:19 - FinishedTraining! BestEpoch (eval-interval index): 47
09-Aug-26 12:01:19 - Wrote /users/3171356m/muhammad/GraSTIACL/nested_cv/results/nocombat__emb512_bs256__fold4.json
09-Aug-26 12:01:19 - {
  "emb_dim": 512,
  "batch_size": 256,
  "fold": 4,
  "combat": false,
  "n_train": 612,
  "n_val": 153,
  "n_test": 191,
  "best_val_epoch_idx": 47,
  "train_accuracy": 0.7761437908496732,
  "val_accuracy": 0.6470588235294118,
  "test_accuracy": 0.5968586387434555,
  "train_f1": 0.7666098807495741,
  "val_f1": 0.64,
  "test_f1": 0.5882352941176471,
  "train_sensitivity": 0.7731958736316293,
  "val_sensitivity": 0.6575342375680242,
  "test_sensitivity": 0.6043955977538945,
  "train_specificity": 0.7788161969507283,
  "val_specificity": 0.6374999920312501,
  "test_specificity": 0.5899999941,
  "train_precision": 0.7601351351351351,
  "val_precision": 0.6233766233766234,
  "test_precision": 0.5729166666666666,
  "test_auc": 0.6183516483516484,
  "fin_reg": 0.15080519215343824
}
