Task 10: config=2 fold=0 batch_size=32 emb_dim=256 mij_source=alff combat=yes
The Zen of Python, by Tim Peters

Beautiful is better than ugly.
Explicit is better than implicit.
Simple is better than complex.
Complex is better than complicated.
Flat is better than nested.
Sparse is better than dense.
Readability counts.
Special cases aren't special enough to break the rules.
Although practicality beats purity.
Errors should never pass silently.
Unless explicitly silenced.
In the face of ambiguity, refuse the temptation to guess.
There should be one-- and preferably only one --obvious way to do it.
Although that way may not be obvious at first unless you're Dutch.
Now is better than never.
Although never is often better than *right* now.
If the implementation is hard to explain, it's a bad idea.
If the implementation is easy to explain, it may be a good idea.
Namespaces are one honking great idea -- let's do more of those!
validation time cost : 0.15705 sec
validation time cost : 0.15566 sec
validation time cost : 0.13924 sec
validation time cost : 0.14881 sec
validation time cost : 0.13775 sec
validation time cost : 0.14307 sec
validation time cost : 0.15642 sec
validation time cost : 0.13789 sec
validation time cost : 0.13761 sec
validation time cost : 0.13811 sec
validation time cost : 0.14203 sec
validation time cost : 0.14184 sec
validation time cost : 0.13741 sec
validation time cost : 0.14784 sec
validation time cost : 0.13810 sec
validation time cost : 0.14819 sec
validation time cost : 0.14583 sec
validation time cost : 0.14506 sec
validation time cost : 0.13857 sec
validation time cost : 0.13822 sec
validation time cost : 0.13823 sec
validation time cost : 0.16017 sec
validation time cost : 0.14787 sec
validation time cost : 0.13739 sec
validation time cost : 0.14285 sec
validation time cost : 0.13775 sec
validation time cost : 0.13878 sec
validation time cost : 0.14164 sec
validation time cost : 0.13806 sec
validation time cost : 0.14683 sec
validation time cost : 0.14507 sec
validation time cost : 0.13821 sec
validation time cost : 0.13789 sec
validation time cost : 0.13765 sec
validation time cost : 0.13823 sec
validation time cost : 0.14726 sec
validation time cost : 0.13801 sec
validation time cost : 0.14608 sec
validation time cost : 0.13796 sec
validation time cost : 0.14014 sec
validation time cost : 0.13725 sec
validation time cost : 0.13768 sec
validation time cost : 0.14247 sec
validation time cost : 0.14809 sec
validation time cost : 0.14879 sec
validation time cost : 0.14097 sec
validation time cost : 0.14268 sec
validation time cost : 0.14779 sec
validation time cost : 0.13967 sec
validation time cost : 0.14691 sec
validation time cost : 0.14238 sec
validation time cost : 0.14945 sec
validation time cost : 0.14002 sec
validation time cost : 0.13717 sec
validation time cost : 0.13650 sec
validation time cost : 0.13555 sec
validation time cost : 0.13362 sec
validation time cost : 0.13349 sec
validation time cost : 0.13346 sec
validation time cost : 0.13373 sec
