09-Aug-26 16:36:52 - Using Device: cuda
09-Aug-26 16:36:52 - Seed: 123, Fold: 1, ComBat: True
09-Aug-26 16:36:52 - Namespace(fold=1, combat=True, num_dyn_windows=3, model_lr=0.0005, view_lr=0.0005, num_gc_layers=2, pooling_type='standard', emb_dim=512, vib_hidden_dim=400, batch_size=128, drop_ratio=0.3, epochs=300, kld_lambda=0.003, reg_lambda=0.2, gamma_mode='paper_literal', node_feature_mode='alff_pcc', mij_source='alff', template=90, eval_interval=5, downstream_classifier='linear', ce_lambda=2.0, seed=123)
09-Aug-26 16:36:52 - Loading raw subject data...
09-Aug-26 16:40:23 - Loaded 956 subjects (455 ASD, 501 NC)
09-Aug-26 16:40:24 - alff_pcc scale stats (train_val_idx only): alff=[-3.4498,4.9343] pcc=[-0.6519,1.0013]
09-Aug-26 16:40:24 - Train/Val/Test sizes: 612/153/191
09-Aug-26 16:41:25 - Epoch 1, Model Loss 1.1549636781994814, View Loss -8.731954917409062, Reg 0.4351959347335342
09-Aug-26 16:42:25 - Epoch 2, Model Loss 0.4618617089745266, View Loss -5.818581422170003, Reg 0.37547920965680887
09-Aug-26 16:43:25 - Epoch 3, Model Loss 0.2945939008438704, View Loss -2.5366099441752716, Reg 0.4217580621149026
09-Aug-26 16:44:25 - Epoch 4, Model Loss 0.19612905748334586, View Loss -2.2399948609420677, Reg 0.4171747452293346
09-Aug-26 16:45:25 - Epoch 5, Model Loss 0.15665661889353608, View Loss -3.3349015105004405, Reg 0.4157413528635611
09-Aug-26 16:45:41 - Epoch 5: Train_acc 0.7843137254901961 Val_acc 0.6078431372549019 Test_acc 0.581151832460733 Test_auc 0.6069230769230769
09-Aug-26 16:46:41 - Epoch 6, Model Loss 0.1089954729758057, View Loss -3.9275413276323308, Reg 0.398804911600998
09-Aug-26 16:47:40 - Epoch 7, Model Loss 0.07940266412847183, View Loss -3.7348874316496006, Reg 0.39361994504149445
09-Aug-26 16:48:40 - Epoch 8, Model Loss 0.09117479904804354, View Loss -3.7192861052120434, Reg 0.3921358369144739
09-Aug-26 16:49:40 - Epoch 9, Model Loss 0.07533953996265635, View Loss -3.64422456890929, Reg 0.3949372230791578
09-Aug-26 16:50:39 - Epoch 10, Model Loss 0.11555672217817868, View Loss -3.6239291982713087, Reg 0.4012550027931438
/users/3171356m/miniconda3/envs/grastiacl/lib/python3.12/site-packages/joblib/externals/loky/process_executor.py:782: UserWarning: A worker stopped while some jobs were given to the executor. This can be caused by a too short worker timeout or by a memory leak.
  warnings.warn(
09-Aug-26 16:50:55 - Epoch 10: Train_acc 0.803921568627451 Val_acc 0.6143790849673203 Test_acc 0.6073298429319371 Test_auc 0.612967032967033
09-Aug-26 16:51:54 - Epoch 11, Model Loss 0.20669247024978687, View Loss -3.533726207571092, Reg 0.4276360248038971
09-Aug-26 16:52:54 - Epoch 12, Model Loss 1.035093428262698, View Loss -3.3593705027711156, Reg 0.5213461487121831
09-Aug-26 16:53:54 - Epoch 13, Model Loss 2.5567483200746426, View Loss -2.9292151803284687, Reg 0.5175308931886761
09-Aug-26 16:54:53 - Epoch 14, Model Loss 3.2712495997061137, View Loss -1.6207312972717036, Reg 0.44006656217419243
09-Aug-26 16:55:53 - Epoch 15, Model Loss 4.072246423733779, View Loss 0.30077435845643086, Reg 0.3991888331042396
/users/3171356m/miniconda3/envs/grastiacl/lib/python3.12/site-packages/joblib/externals/loky/process_executor.py:782: UserWarning: A worker stopped while some jobs were given to the executor. This can be caused by a too short worker timeout or by a memory leak.
  warnings.warn(
09-Aug-26 16:56:10 - Epoch 15: Train_acc 0.7745098039215687 Val_acc 0.6274509803921569 Test_acc 0.6178010471204188 Test_auc 0.6283516483516484
09-Aug-26 16:57:09 - Epoch 16, Model Loss 4.223711375317542, View Loss 0.86210201612485, Reg 0.4056928979805092
09-Aug-26 16:58:09 - Epoch 17, Model Loss 4.147909507252812, View Loss 0.7891998454636219, Reg 0.3985918771986868
09-Aug-26 16:59:09 - Epoch 18, Model Loss 4.051940808888355, View Loss 0.6748317955366148, Reg 0.39182552890060773
09-Aug-26 17:00:09 - Epoch 19, Model Loss 4.065311522265665, View Loss 0.35547513315101076, Reg 0.3917561311737385
09-Aug-26 17:01:09 - Epoch 20, Model Loss 1.4328240058780495, View Loss 0.8220355074390088, Reg 0.43030985001645056
/users/3171356m/miniconda3/envs/grastiacl/lib/python3.12/site-packages/joblib/externals/loky/process_executor.py:782: UserWarning: A worker stopped while some jobs were given to the executor. This can be caused by a too short worker timeout or by a memory leak.
  warnings.warn(
09-Aug-26 17:01:30 - Epoch 20: Train_acc 0.7973856209150327 Val_acc 0.5555555555555556 Test_acc 0.6387434554973822 Test_auc 0.6565934065934066
09-Aug-26 17:02:29 - Epoch 21, Model Loss 0.6229391168145573, View Loss 0.9590615119809419, Reg 0.3640998668140835
09-Aug-26 17:03:29 - Epoch 22, Model Loss 0.44224406311325, View Loss 1.7223209711461285, Reg 0.4135524687034632
09-Aug-26 17:04:29 - Epoch 23, Model Loss 0.2758091651877157, View Loss 1.903063505303626, Reg 0.4143624151843825
09-Aug-26 17:05:29 - Epoch 24, Model Loss 0.2103504157728619, View Loss 2.0120294234331917, Reg 0.4143552743141947
09-Aug-26 17:06:29 - Epoch 25, Model Loss 0.15330306839903976, View Loss 2.0866179396124447, Reg 0.39806967136127497
09-Aug-26 17:06:49 - Epoch 25: Train_acc 0.7973856209150327 Val_acc 0.6470588235294118 Test_acc 0.6282722513089005 Test_auc 0.662967032967033
09-Aug-26 17:07:49 - Epoch 26, Model Loss 0.15410984302657882, View Loss 2.1321238513086356, Reg 0.4233093955158408
09-Aug-26 17:08:48 - Epoch 27, Model Loss 0.11827675404112323, View Loss 2.168622595811981, Reg 0.3951087196667989
09-Aug-26 17:09:48 - Epoch 28, Model Loss 0.09588605525836445, View Loss 2.2008719880596486, Reg 0.40370982281522816
09-Aug-26 17:10:48 - Epoch 29, Model Loss 0.08076105651512645, View Loss 2.226568198671528, Reg 0.39783793804692286
09-Aug-26 17:11:48 - Epoch 30, Model Loss 0.0574381657285628, View Loss 2.2396983866598092, Reg 0.40399476885795593
09-Aug-26 17:12:05 - Epoch 30: Train_acc 0.7810457516339869 Val_acc 0.6405228758169934 Test_acc 0.6701570680628273 Test_auc 0.6664835164835166
09-Aug-26 17:13:04 - Epoch 31, Model Loss 0.05889096349672554, View Loss 2.2414790306215973, Reg 0.3989279903227987
09-Aug-26 17:14:04 - Epoch 32, Model Loss 0.05510656769369163, View Loss 2.205259449341718, Reg 0.40343976176642127
09-Aug-26 17:15:03 - Epoch 33, Model Loss 0.05375241132733089, View Loss 2.0942889740264494, Reg 0.40052686719333425
09-Aug-26 17:16:03 - Epoch 34, Model Loss 0.037099156406969806, View Loss 1.736903874702703, Reg 0.4053884257678113
09-Aug-26 17:17:02 - Epoch 35, Model Loss 0.03812533539105085, View Loss 0.9346723044230267, Reg 0.41142493914934547
/users/3171356m/miniconda3/envs/grastiacl/lib/python3.12/site-packages/joblib/externals/loky/process_executor.py:782: UserWarning: A worker stopped while some jobs were given to the executor. This can be caused by a too short worker timeout or by a memory leak.
  warnings.warn(
09-Aug-26 17:17:18 - Epoch 35: Train_acc 0.7581699346405228 Val_acc 0.6535947712418301 Test_acc 0.6282722513089005 Test_auc 0.6257142857142858
09-Aug-26 17:18:18 - Epoch 36, Model Loss 0.02821959720717536, View Loss -0.36879060081407133, Reg 0.4120359407141318
09-Aug-26 17:19:17 - Epoch 37, Model Loss 0.03162679874819089, View Loss -1.5595177139332093, Reg 0.4087161088691038
09-Aug-26 17:20:17 - Epoch 38, Model Loss 0.03131070713591731, View Loss -2.0940817726982965, Reg 0.40218359835786754
09-Aug-26 17:21:16 - Epoch 39, Model Loss 0.036884259456902546, View Loss -2.264131131515004, Reg 0.39675873362160974
09-Aug-26 17:22:16 - Epoch 40, Model Loss 0.04877206800030727, View Loss -2.2959510438582478, Reg 0.40034251567585016
/users/3171356m/miniconda3/envs/grastiacl/lib/python3.12/site-packages/joblib/externals/loky/process_executor.py:782: UserWarning: A worker stopped while some jobs were given to the executor. This can be caused by a too short worker timeout or by a memory leak.
  warnings.warn(
09-Aug-26 17:22:32 - Epoch 40: Train_acc 0.7696078431372549 Val_acc 0.6470588235294118 Test_acc 0.6230366492146597 Test_auc 0.6146153846153847
09-Aug-26 17:23:32 - Epoch 41, Model Loss 0.04773853826366998, View Loss -2.295888824400559, Reg 0.4047551069384307
09-Aug-26 17:24:32 - Epoch 42, Model Loss 0.0652922275019627, View Loss -2.291574358160979, Reg 0.4050939531108133
09-Aug-26 17:25:31 - Epoch 43, Model Loss 0.06552050413649066, View Loss -2.2941771893719443, Reg 0.40597594699828454
09-Aug-26 17:26:31 - Epoch 44, Model Loss 0.08590519700954163, View Loss -2.278119983236774, Reg 0.4186203181743622
09-Aug-26 17:27:30 - Epoch 45, Model Loss 0.09503351142203886, View Loss -2.2719541733560997, Reg 0.41944823194952574
/users/3171356m/miniconda3/envs/grastiacl/lib/python3.12/site-packages/joblib/externals/loky/process_executor.py:782: UserWarning: A worker stopped while some jobs were given to the executor. This can be caused by a too short worker timeout or by a memory leak.
  warnings.warn(
09-Aug-26 17:27:45 - Epoch 45: Train_acc 0.7663398692810458 Val_acc 0.6601307189542484 Test_acc 0.6178010471204188 Test_auc 0.6125274725274725
09-Aug-26 17:28:45 - Epoch 46, Model Loss 0.12138396633021972, View Loss -2.257084212271996, Reg 0.42347025851798215
09-Aug-26 17:29:45 - Epoch 47, Model Loss 0.19715039024214728, View Loss -2.2614411403930266, Reg 0.44556639338630477
09-Aug-26 17:30:44 - Epoch 48, Model Loss 0.3190363345582501, View Loss -2.260732781653311, Reg 0.4623225888395621
09-Aug-26 17:31:44 - Epoch 49, Model Loss 0.32937483007417007, View Loss -2.2922822914871515, Reg 0.47077518389895073
09-Aug-26 17:32:44 - Epoch 50, Model Loss 0.21697468432336073, View Loss -2.2990861126020845, Reg 0.45627034002659367
/users/3171356m/miniconda3/envs/grastiacl/lib/python3.12/site-packages/joblib/externals/loky/process_executor.py:782: UserWarning: A worker stopped while some jobs were given to the executor. This can be caused by a too short worker timeout or by a memory leak.
  warnings.warn(
09-Aug-26 17:33:02 - Epoch 50: Train_acc 0.7679738562091504 Val_acc 0.6535947712418301 Test_acc 0.612565445026178 Test_auc 0.614945054945055
09-Aug-26 17:34:02 - Epoch 51, Model Loss 0.08449320582782521, View Loss -2.276316798590367, Reg 0.41553422341159746
09-Aug-26 17:35:01 - Epoch 52, Model Loss 0.0404899844936296, View Loss -2.2541640100915448, Reg 0.40857502428534764
09-Aug-26 17:36:01 - Epoch 53, Model Loss 0.017094076751104366, View Loss -2.2508940634384653, Reg 0.4035053942717758
09-Aug-26 17:37:00 - Epoch 54, Model Loss -0.000991549367219015, View Loss -2.2350572121688743, Reg 0.40897586532667574
09-Aug-26 17:38:00 - Epoch 55, Model Loss 0.0004926092094845242, View Loss -2.2329969063303827, Reg 0.40498501315615537
/users/3171356m/miniconda3/envs/grastiacl/lib/python3.12/site-packages/joblib/externals/loky/process_executor.py:782: UserWarning: A worker stopped while some jobs were given to the executor. This can be caused by a too short worker timeout or by a memory leak.
  warnings.warn(
09-Aug-26 17:38:17 - Epoch 55: Train_acc 0.7728758169934641 Val_acc 0.673202614379085 Test_acc 0.612565445026178 Test_auc 0.6152747252747253
09-Aug-26 17:39:16 - Epoch 56, Model Loss -0.0067089646080740134, View Loss -2.2249991924934136, Reg 0.4044570159288793
09-Aug-26 17:40:16 - Epoch 57, Model Loss -0.010969615839665232, View Loss -2.218688371134739, Reg 0.4044439099193399
09-Aug-26 17:41:15 - Epoch 58, Model Loss -0.006523815245410196, View Loss -2.221700392517389, Reg 0.400320623824799
09-Aug-26 17:42:15 - Epoch 59, Model Loss -0.012082756734361835, View Loss -2.2194340135536943, Reg 0.39846914266449174
09-Aug-26 17:43:15 - Epoch 60, Model Loss -0.018157338589624643, View Loss -2.2221935558942407, Reg 0.39603451283928615
/users/3171356m/miniconda3/envs/grastiacl/lib/python3.12/site-packages/joblib/externals/loky/process_executor.py:782: UserWarning: A worker stopped while some jobs were given to the executor. This can be caused by a too short worker timeout or by a memory leak.
  warnings.warn(
09-Aug-26 17:43:31 - Epoch 60: Train_acc 0.7777777777777778 Val_acc 0.673202614379085 Test_acc 0.612565445026178 Test_auc 0.6138461538461539
09-Aug-26 17:44:30 - Epoch 61, Model Loss -0.019184137676276414, View Loss -2.212446521310245, Reg 0.39569945682108015
09-Aug-26 17:45:29 - Epoch 62, Model Loss -0.012639163366330215, View Loss -2.2096066069758797, Reg 0.3935251584629607
09-Aug-26 17:46:29 - Epoch 63, Model Loss -0.027256866101345985, View Loss -2.1979408980974187, Reg 0.3934381442521912
09-Aug-26 17:47:29 - Epoch 64, Model Loss -0.015691125996751723, View Loss -2.200310252071206, Reg 0.39319249344807045
09-Aug-26 17:48:28 - Epoch 65, Model Loss -0.023003598395126317, View Loss -2.2011919302098892, Reg 0.39177610905341853
/users/3171356m/miniconda3/envs/grastiacl/lib/python3.12/site-packages/joblib/externals/loky/process_executor.py:782: UserWarning: A worker stopped while some jobs were given to the executor. This can be caused by a too short worker timeout or by a memory leak.
  warnings.warn(
09-Aug-26 17:48:43 - Epoch 65: Train_acc 0.7728758169934641 Val_acc 0.673202614379085 Test_acc 0.612565445026178 Test_auc 0.6203296703296703
09-Aug-26 17:49:42 - Epoch 66, Model Loss -0.02877185642232303, View Loss -2.2025428363700317, Reg 0.39164139632306066
09-Aug-26 17:50:42 - Epoch 67, Model Loss -0.026971459973092173, View Loss -2.2078911073846754, Reg 0.38983997274068444
09-Aug-26 17:51:42 - Epoch 68, Model Loss -0.029170014792018466, View Loss -2.1982670983457875, Reg 0.3916453861333186
09-Aug-26 17:52:42 - Epoch 69, Model Loss -0.029251466024350498, View Loss -2.195742862676483, Reg 0.3918871466630425
09-Aug-26 17:53:42 - Epoch 70, Model Loss -0.02877659394460566, View Loss -2.1980004295024997, Reg 0.3907913910407646
/users/3171356m/miniconda3/envs/grastiacl/lib/python3.12/site-packages/joblib/externals/loky/process_executor.py:782: UserWarning: A worker stopped while some jobs were given to the executor. This can be caused by a too short worker timeout or by a memory leak.
  warnings.warn(
09-Aug-26 17:54:00 - Epoch 70: Train_acc 0.7777777777777778 Val_acc 0.6797385620915033 Test_acc 0.612565445026178 Test_auc 0.6201098901098901
09-Aug-26 17:55:00 - Epoch 71, Model Loss -0.029463453327908236, View Loss -2.203013307908002, Reg 0.39176533989656986
09-Aug-26 17:55:59 - Epoch 72, Model Loss -0.034816821221432655, View Loss -2.201297853507248, Reg 0.3902319897623623
09-Aug-26 17:56:59 - Epoch 73, Model Loss -0.03308769495658625, View Loss -2.200535319209878, Reg 0.39004405553823984
09-Aug-26 17:57:59 - Epoch 74, Model Loss -0.03334171828978202, View Loss -2.1966966756808213, Reg 0.38930027644618664
09-Aug-26 17:58:59 - Epoch 75, Model Loss -0.032588494758979944, View Loss -2.195568203146941, Reg 0.39187756706686583
/users/3171356m/miniconda3/envs/grastiacl/lib/python3.12/site-packages/joblib/externals/loky/process_executor.py:782: UserWarning: A worker stopped while some jobs were given to the executor. This can be caused by a too short worker timeout or by a memory leak.
  warnings.warn(
09-Aug-26 17:59:15 - Epoch 75: Train_acc 0.8594771241830066 Val_acc 0.5686274509803921 Test_acc 0.5863874345549738 Test_auc 0.5932967032967033
09-Aug-26 18:00:15 - Epoch 76, Model Loss -0.036877312886169536, View Loss -2.1947105819103765, Reg 0.38919757238400526
09-Aug-26 18:01:14 - Epoch 77, Model Loss -0.03588137877922432, View Loss -2.186848328783621, Reg 0.38961657433727986
09-Aug-26 18:02:14 - Epoch 78, Model Loss -0.04143483369471201, View Loss -2.1909579576230516, Reg 0.393948441237406
09-Aug-26 18:03:14 - Epoch 79, Model Loss -0.04258648108301404, View Loss -2.1894278027652914, Reg 0.3872407065107932
09-Aug-26 18:04:14 - Epoch 80, Model Loss -0.03590366487799127, View Loss -2.1865347382289912, Reg 0.39122099658243015
/users/3171356m/miniconda3/envs/grastiacl/lib/python3.12/site-packages/joblib/externals/loky/process_executor.py:782: UserWarning: A worker stopped while some jobs were given to the executor. This can be caused by a too short worker timeout or by a memory leak.
  warnings.warn(
09-Aug-26 18:04:27 - Epoch 80: Train_acc 0.7794117647058824 Val_acc 0.6666666666666666 Test_acc 0.6282722513089005 Test_auc 0.6223076923076923
09-Aug-26 18:05:26 - Epoch 81, Model Loss -0.03792007294258261, View Loss -2.1825385904000476, Reg 0.38882681766366645
09-Aug-26 18:06:26 - Epoch 82, Model Loss -0.046156492096438906, View Loss -2.1752724912431507, Reg 0.3904889619428348
09-Aug-26 18:07:26 - Epoch 83, Model Loss -0.049568033637174595, View Loss -2.1747947393679152, Reg 0.3903874213399451
09-Aug-26 18:08:26 - Epoch 84, Model Loss -0.04808655944865903, View Loss -2.1847375124887702, Reg 0.38964343635864507
09-Aug-26 18:09:26 - Epoch 85, Model Loss -0.04584367245776591, View Loss -2.187363747677772, Reg 0.39077986396995246
/users/3171356m/miniconda3/envs/grastiacl/lib/python3.12/site-packages/joblib/externals/loky/process_executor.py:782: UserWarning: A worker stopped while some jobs were given to the executor. This can be caused by a too short worker timeout or by a memory leak.
  warnings.warn(
09-Aug-26 18:09:42 - Epoch 85: Train_acc 0.7826797385620915 Val_acc 0.6862745098039216 Test_acc 0.612565445026178 Test_auc 0.6208791208791208
09-Aug-26 18:10:42 - Epoch 86, Model Loss -0.0481867183660297, View Loss -2.1864920036465514, Reg 0.3884919207859663
09-Aug-26 18:11:42 - Epoch 87, Model Loss -0.05016169558260955, View Loss -2.184587497337192, Reg 0.388128386408675
09-Aug-26 18:12:42 - Epoch 88, Model Loss -0.05172609756974613, View Loss -2.190721776750353, Reg 0.3914998475632636
09-Aug-26 18:13:42 - Epoch 89, Model Loss -0.04534728596218271, View Loss -2.1768468844345192, Reg 0.38740572567079584
09-Aug-26 18:14:42 - Epoch 90, Model Loss -0.04775326031874987, View Loss -2.1805123410193747, Reg 0.38788074547169255
/users/3171356m/miniconda3/envs/grastiacl/lib/python3.12/site-packages/joblib/externals/loky/process_executor.py:782: UserWarning: A worker stopped while some jobs were given to the executor. This can be caused by a too short worker timeout or by a memory leak.
  warnings.warn(
09-Aug-26 18:14:57 - Epoch 90: Train_acc 0.7892156862745098 Val_acc 0.6666666666666666 Test_acc 0.6282722513089005 Test_auc 0.6226373626373627
09-Aug-26 18:15:57 - Epoch 91, Model Loss -0.05255921662243363, View Loss -2.2013063851524803, Reg 0.3900983769909229
09-Aug-26 18:16:57 - Epoch 92, Model Loss -0.05361691394857332, View Loss -2.1941440510593986, Reg 0.3874183581545462
09-Aug-26 18:17:56 - Epoch 93, Model Loss -0.05001779840467802, View Loss -2.1939488329918557, Reg 0.3905438361993802
09-Aug-26 18:18:56 - Epoch 94, Model Loss -0.05442077992788327, View Loss -2.1811743468240974, Reg 0.38912512410699934
09-Aug-26 18:19:56 - Epoch 95, Model Loss -0.0598437571837232, View Loss -2.178128613366021, Reg 0.3874650225530263
/users/3171356m/miniconda3/envs/grastiacl/lib/python3.12/site-packages/joblib/externals/loky/process_executor.py:782: UserWarning: A worker stopped while some jobs were given to the executor. This can be caused by a too short worker timeout or by a memory leak.
  warnings.warn(
09-Aug-26 18:20:10 - Epoch 95: Train_acc 0.7892156862745098 Val_acc 0.6601307189542484 Test_acc 0.6178010471204188 Test_auc 0.620879120879121
09-Aug-26 18:21:09 - Epoch 96, Model Loss -0.05531406909032585, View Loss -2.1795137801201516, Reg 0.3904790593907724
09-Aug-26 18:22:09 - Epoch 97, Model Loss -0.061606334120619534, View Loss -2.1865714406655505, Reg 0.38555922461491005
09-Aug-26 18:23:08 - Epoch 98, Model Loss -0.05996458203184838, View Loss -2.1839097216238383, Reg 0.3901078346508001
09-Aug-26 18:24:08 - Epoch 99, Model Loss -0.0574176284222821, View Loss -2.1791363884420956, Reg 0.386935249263165
09-Aug-26 18:25:08 - Epoch 100, Model Loss -0.0589084001927594, View Loss -2.1765829129935867, Reg 0.39035659970021713
/users/3171356m/miniconda3/envs/grastiacl/lib/python3.12/site-packages/joblib/externals/loky/process_executor.py:782: UserWarning: A worker stopped while some jobs were given to the executor. This can be caused by a too short worker timeout or by a memory leak.
  warnings.warn(
09-Aug-26 18:25:23 - Epoch 100: Train_acc 0.8643790849673203 Val_acc 0.5620915032679739 Test_acc 0.6073298429319371 Test_auc 0.6002197802197803
09-Aug-26 18:26:22 - Epoch 101, Model Loss -0.05612823230768341, View Loss -2.1723593091653064, Reg 0.3875184830497293
09-Aug-26 18:27:22 - Epoch 102, Model Loss -0.059545532940259945, View Loss -2.173210394927879, Reg 0.38674281917366327
09-Aug-26 18:28:21 - Epoch 103, Model Loss -0.06741828193851546, View Loss -2.172849485297608, Reg 0.38991883747717915
09-Aug-26 18:29:21 - Epoch 104, Model Loss -0.058698397641088446, View Loss -2.174394185246985, Reg 0.3860985547109367
09-Aug-26 18:30:21 - Epoch 105, Model Loss -0.06322434408212799, View Loss -2.1770561006334095, Reg 0.3907049569039563
/users/3171356m/miniconda3/envs/grastiacl/lib/python3.12/site-packages/joblib/externals/loky/process_executor.py:782: UserWarning: A worker stopped while some jobs were given to the executor. This can be caused by a too short worker timeout or by a memory leak.
  warnings.warn(
09-Aug-26 18:30:35 - Epoch 105: Train_acc 0.8578431372549019 Val_acc 0.5620915032679739 Test_acc 0.6020942408376964 Test_auc 0.6057142857142858
09-Aug-26 18:31:35 - Epoch 106, Model Loss -0.06076133699198953, View Loss -2.170543612997516, Reg 0.3869566068150639
09-Aug-26 18:32:34 - Epoch 107, Model Loss -0.06533314706453311, View Loss -2.1750388020783467, Reg 0.3875670249945198
09-Aug-26 18:33:34 - Epoch 108, Model Loss -0.06393825267654618, View Loss -2.1697586486542146, Reg 0.38907234088268156
09-Aug-26 18:34:33 - Epoch 109, Model Loss -0.06209360851961024, View Loss -2.1705883203768264, Reg 0.38536396622657776
09-Aug-26 18:35:33 - Epoch 110, Model Loss -0.06496573117823383, View Loss -2.1742595628975265, Reg 0.3894711660793404
/users/3171356m/miniconda3/envs/grastiacl/lib/python3.12/site-packages/joblib/externals/loky/process_executor.py:782: UserWarning: A worker stopped while some jobs were given to the executor. This can be caused by a too short worker timeout or by a memory leak.
  warnings.warn(
09-Aug-26 18:35:46 - Epoch 110: Train_acc 0.7924836601307189 Val_acc 0.6535947712418301 Test_acc 0.6230366492146597 Test_auc 0.6267032967032967
09-Aug-26 18:36:46 - Epoch 111, Model Loss -0.06530338214113822, View Loss -2.1735561112173243, Reg 0.3863114465295879
09-Aug-26 18:37:45 - Epoch 112, Model Loss -0.06719881919474384, View Loss -2.1690841328864003, Reg 0.3867861162992864
09-Aug-26 18:38:45 - Epoch 113, Model Loss -0.06919157173898485, View Loss -2.1701548925412246, Reg 0.3857496117844301
09-Aug-26 18:39:45 - Epoch 114, Model Loss -0.06545963084775638, View Loss -2.177557789422328, Reg 0.3879302401168674
09-Aug-26 18:40:45 - Epoch 115, Model Loss -0.06592088314442852, View Loss -2.180696531058916, Reg 0.3876638276125091
/users/3171356m/miniconda3/envs/grastiacl/lib/python3.12/site-packages/joblib/externals/loky/process_executor.py:782: UserWarning: A worker stopped while some jobs were given to the executor. This can be caused by a too short worker timeout or by a memory leak.
  warnings.warn(
09-Aug-26 18:40:59 - Epoch 115: Train_acc 0.8627450980392157 Val_acc 0.5555555555555556 Test_acc 0.6073298429319371 Test_auc 0.6100000000000001
09-Aug-26 18:41:58 - Epoch 116, Model Loss -0.06906639438828611, View Loss -2.171597748800041, Reg 0.38573603283346086
09-Aug-26 18:42:58 - Epoch 117, Model Loss -0.07025941485672994, View Loss -2.177164722891415, Reg 0.3873358366925732
09-Aug-26 18:43:57 - Epoch 118, Model Loss -0.07043325764681, View Loss -2.1700811838012894, Reg 0.3863432319725261
09-Aug-26 18:44:56 - Epoch 119, Model Loss -0.07260854610430649, View Loss -2.1757833085028953, Reg 0.38580188778490804
09-Aug-26 18:45:56 - Epoch 120, Model Loss -0.06692751774600908, View Loss -2.1726732144947927, Reg 0.3881525338864794
/users/3171356m/miniconda3/envs/grastiacl/lib/python3.12/site-packages/joblib/externals/loky/process_executor.py:782: UserWarning: A worker stopped while some jobs were given to the executor. This can be caused by a too short worker timeout or by a memory leak.
  warnings.warn(
09-Aug-26 18:46:08 - Epoch 120: Train_acc 0.7875816993464052 Val_acc 0.6339869281045751 Test_acc 0.6335078534031413 Test_auc 0.6253846153846155
09-Aug-26 18:47:08 - Epoch 121, Model Loss -0.06817968491635291, View Loss -2.1753473032533734, Reg 0.38653310763290505
09-Aug-26 18:48:08 - Epoch 122, Model Loss -0.07354389179765788, View Loss -2.174238120808321, Reg 0.3856792009733861
09-Aug-26 18:49:07 - Epoch 123, Model Loss -0.0712957255590975, View Loss -2.1656413358800553, Reg 0.38583589574090793
09-Aug-26 18:50:07 - Epoch 124, Model Loss -0.07432309474820405, View Loss -2.1711656408372266, Reg 0.38726357852711396
09-Aug-26 18:51:06 - Epoch 125, Model Loss -0.07746225868175233, View Loss -2.170610898460438, Reg 0.38577042432392344
/users/3171356m/miniconda3/envs/grastiacl/lib/python3.12/site-packages/joblib/externals/loky/process_executor.py:782: UserWarning: A worker stopped while some jobs were given to the executor. This can be caused by a too short worker timeout or by a memory leak.
  warnings.warn(
09-Aug-26 18:51:22 - Epoch 125: Train_acc 0.7924836601307189 Val_acc 0.6339869281045751 Test_acc 0.6282722513089005 Test_auc 0.6269230769230768
09-Aug-26 18:52:21 - Epoch 126, Model Loss -0.08113783461595672, View Loss -2.170519621543635, Reg 0.38640613668884327
09-Aug-26 18:53:21 - Epoch 127, Model Loss -0.07317613211332583, View Loss -2.1658093570883756, Reg 0.3854451156130024
09-Aug-26 18:54:20 - Epoch 128, Model Loss -0.07094307545742957, View Loss -2.1717500125660614, Reg 0.3874584157872044
09-Aug-26 18:55:20 - Epoch 129, Model Loss -0.0709610382715861, View Loss -2.183919613657434, Reg 0.38456234939737255
09-Aug-26 18:56:19 - Epoch 130, Model Loss -0.07586036632263582, View Loss -2.186245753095041, Reg 0.3867882965436948
/users/3171356m/miniconda3/envs/grastiacl/lib/python3.12/site-packages/joblib/externals/loky/process_executor.py:782: UserWarning: A worker stopped while some jobs were given to the executor. This can be caused by a too short worker timeout or by a memory leak.
  warnings.warn(
09-Aug-26 18:56:34 - Epoch 130: Train_acc 0.7908496732026143 Val_acc 0.6274509803921569 Test_acc 0.6335078534031413 Test_auc 0.6286813186813187
09-Aug-26 18:57:33 - Epoch 131, Model Loss -0.08325176846747305, View Loss -2.1705386373731823, Reg 0.38687951249234814
09-Aug-26 18:58:33 - Epoch 132, Model Loss -0.07198634276203081, View Loss -2.1607769034267252, Reg 0.38479691997073057
09-Aug-26 18:59:32 - Epoch 133, Model Loss -0.07363886108585432, View Loss -2.1560432007110197, Reg 0.3866083803130131
09-Aug-26 19:00:31 - Epoch 134, Model Loss -0.07950165575625849, View Loss -2.166464754179412, Reg 0.3847255739900801
09-Aug-26 19:01:29 - Epoch 135, Model Loss -0.07476465589080761, View Loss -2.160250464296029, Reg 0.38593608296774573
09-Aug-26 19:01:39 - Epoch 135: Train_acc 0.795751633986928 Val_acc 0.6405228758169934 Test_acc 0.6230366492146597 Test_auc 0.6284615384615384
09-Aug-26 19:02:37 - Epoch 136, Model Loss -0.08369313248621872, View Loss -2.1642167848699234, Reg 0.38472045675601835
09-Aug-26 19:03:36 - Epoch 137, Model Loss -0.07554428269660551, View Loss -2.1640632246054854, Reg 0.38574793233590965
09-Aug-26 19:04:34 - Epoch 138, Model Loss -0.08375141433641023, View Loss -2.166793573915569, Reg 0.3855655795218898
09-Aug-26 19:05:32 - Epoch 139, Model Loss -0.08104469203481487, View Loss -2.168006356245552, Reg 0.3834793497534359
09-Aug-26 19:06:30 - Epoch 140, Model Loss -0.08115675909067291, View Loss -2.17087153983272, Reg 0.38603963844137257
09-Aug-26 19:06:38 - Epoch 140: Train_acc 0.9591503267973857 Val_acc 0.49673202614379086 Test_acc 0.5759162303664922 Test_auc 0.5937362637362638
09-Aug-26 19:07:36 - Epoch 141, Model Loss -0.07731280607335708, View Loss -2.1709371999977463, Reg 0.38312072029300764
09-Aug-26 19:08:34 - Epoch 142, Model Loss -0.08294462845995536, View Loss -2.1691851974312777, Reg 0.386009029897989
09-Aug-26 19:09:32 - Epoch 143, Model Loss -0.07768694053288379, View Loss -2.1603918932621777, Reg 0.3852784384309856
09-Aug-26 19:10:30 - Epoch 144, Model Loss -0.08038693257406646, View Loss -2.1638796485327427, Reg 0.3832432107598174
09-Aug-26 19:11:27 - Epoch 145, Model Loss -0.08570348242529077, View Loss -2.1601963323705338, Reg 0.38616806521914365
09-Aug-26 19:11:34 - Epoch 145: Train_acc 0.7973856209150327 Val_acc 0.6274509803921569 Test_acc 0.6335078534031413 Test_auc 0.6290109890109891
09-Aug-26 19:12:31 - Epoch 146, Model Loss -0.08223634042771034, View Loss -2.1678793539408763, Reg 0.38319283236865126
09-Aug-26 19:13:29 - Epoch 147, Model Loss -0.07955534629572451, View Loss -2.17545255181057, Reg 0.38501426285388424
09-Aug-26 19:14:27 - Epoch 148, Model Loss -0.08706562503490572, View Loss -2.181967376883513, Reg 0.38571152616949644
09-Aug-26 19:15:25 - Epoch 149, Model Loss -0.08418469666655547, View Loss -2.185440604203667, Reg 0.384305411888883
09-Aug-26 19:16:22 - Epoch 150, Model Loss -0.08541116956012701, View Loss -2.1671396439371544, Reg 0.38553568720817566
09-Aug-26 19:16:27 - Epoch 150: Train_acc 0.7892156862745098 Val_acc 0.6405228758169934 Test_acc 0.6282722513089005 Test_auc 0.6283516483516484
09-Aug-26 19:17:25 - Epoch 151, Model Loss -0.08602436227736131, View Loss -2.1559004020067603, Reg 0.38495419753922355
09-Aug-26 19:18:23 - Epoch 152, Model Loss -0.0879742000617233, View Loss -2.159348416172601, Reg 0.38331495352040706
09-Aug-26 19:19:20 - Epoch 153, Model Loss -0.08448548838983175, View Loss -2.1701606192619973, Reg 0.38436244788512686
09-Aug-26 19:20:18 - Epoch 154, Model Loss -0.08974885921073116, View Loss -2.1653544949550256, Reg 0.3846466258849973
09-Aug-26 19:21:16 - Epoch 155, Model Loss -0.08521423016498292, View Loss -2.160876355140038, Reg 0.38338462414305197
09-Aug-26 19:21:21 - Epoch 155: Train_acc 0.8627450980392157 Val_acc 0.5620915032679739 Test_acc 0.612565445026178 Test_auc 0.6164835164835164
09-Aug-26 19:22:19 - Epoch 156, Model Loss -0.08378305154688218, View Loss -2.1651467934153437, Reg 0.3858030233897415
09-Aug-26 19:23:17 - Epoch 157, Model Loss -0.08547450670229843, View Loss -2.1559684588239083, Reg 0.383666743640027
09-Aug-26 19:24:15 - Epoch 158, Model Loss -0.08945064879710378, View Loss -2.155916069068161, Reg 0.3840269551557653
09-Aug-26 19:25:12 - Epoch 159, Model Loss -0.09030060538279465, View Loss -2.160928733987746, Reg 0.38355235784661534
09-Aug-26 19:26:10 - Epoch 160, Model Loss -0.08780080450126548, View Loss -2.1731043578752507, Reg 0.38368428766337875
09-Aug-26 19:26:17 - Epoch 160: Train_acc 0.7875816993464052 Val_acc 0.6274509803921569 Test_acc 0.6282722513089005 Test_auc 0.6343956043956044
09-Aug-26 19:27:14 - Epoch 161, Model Loss -0.08835991048345379, View Loss -2.15819985258813, Reg 0.38420915116671644
09-Aug-26 19:28:12 - Epoch 162, Model Loss -0.08715852841832279, View Loss -2.159228712904687, Reg 0.3827042788072349
09-Aug-26 19:29:10 - Epoch 163, Model Loss -0.08938499057994169, View Loss -2.165298719032138, Reg 0.3844159498713375
09-Aug-26 19:30:08 - Epoch 164, Model Loss -0.08497837711783017, View Loss -2.1617639812768674, Reg 0.38319913760509366
09-Aug-26 19:31:06 - Epoch 165, Model Loss -0.08813403653942682, View Loss -2.1551990135043275, Reg 0.38284437368118684
09-Aug-26 19:31:11 - Epoch 165: Train_acc 0.8627450980392157 Val_acc 0.5490196078431373 Test_acc 0.612565445026178 Test_auc 0.6194505494505496
09-Aug-26 19:32:09 - Epoch 166, Model Loss -0.08891380456537983, View Loss -2.150570394166934, Reg 0.3830925243742326
09-Aug-26 19:33:06 - Epoch 167, Model Loss -0.09420657800693139, View Loss -2.1559740562064973, Reg 0.38184549118958266
09-Aug-26 19:34:04 - Epoch 168, Model Loss -0.09201859609753478, View Loss -2.158596291261561, Reg 0.38448913093485865
09-Aug-26 19:35:02 - Epoch 169, Model Loss -0.09332463086820116, View Loss -2.151383625915627, Reg 0.3809886909777822
09-Aug-26 19:36:00 - Epoch 170, Model Loss -0.09462649720946169, View Loss -2.148843187132692, Reg 0.383420837665695
09-Aug-26 19:36:05 - Epoch 170: Train_acc 0.8611111111111112 Val_acc 0.5555555555555556 Test_acc 0.6178010471204188 Test_auc 0.6179120879120878
09-Aug-26 19:37:03 - Epoch 171, Model Loss -0.09089732988207948, View Loss -2.1496964794358395, Reg 0.3825398112823761
09-Aug-26 19:38:01 - Epoch 172, Model Loss -0.08944685825335434, View Loss -2.1521536384532656, Reg 0.38048375821581076
09-Aug-26 19:38:59 - Epoch 173, Model Loss -0.09201718701256646, View Loss -2.1547728036743363, Reg 0.3835304716443704
09-Aug-26 19:39:56 - Epoch 174, Model Loss -0.08941151172507043, View Loss -2.1465767972609577, Reg 0.3814886222088259
09-Aug-26 19:40:54 - Epoch 175, Model Loss -0.09231892773528504, View Loss -2.147637948491215, Reg 0.3804677126843945
09-Aug-26 19:41:00 - Epoch 175: Train_acc 0.7908496732026143 Val_acc 0.6209150326797386 Test_acc 0.6335078534031413 Test_auc 0.6348351648351648
09-Aug-26 19:41:57 - Epoch 176, Model Loss -0.09470895069097382, View Loss -2.154941038368574, Reg 0.382558692124934
09-Aug-26 19:42:55 - Epoch 177, Model Loss -0.08860887460459292, View Loss -2.1564165081074034, Reg 0.3798482427799624
09-Aug-26 19:43:53 - Epoch 178, Model Loss -0.08957243705886642, View Loss -2.144118877797345, Reg 0.38170639946569807
09-Aug-26 19:44:50 - Epoch 179, Model Loss -0.09165404551948597, View Loss -2.147544538273531, Reg 0.38099827953413423
09-Aug-26 19:45:48 - Epoch 180, Model Loss -0.09049396109736822, View Loss -2.143882514604556, Reg 0.3784405300819796
09-Aug-26 19:45:54 - Epoch 180: Train_acc 0.7892156862745098 Val_acc 0.6209150326797386 Test_acc 0.643979057591623 Test_auc 0.6332967032967034
09-Aug-26 19:46:52 - Epoch 181, Model Loss -0.09882332277453802, View Loss -2.145521109400232, Reg 0.3805121343120251
09-Aug-26 19:47:49 - Epoch 182, Model Loss -0.09214105033407025, View Loss -2.1522459204680002, Reg 0.3812668401431414
09-Aug-26 19:48:47 - Epoch 183, Model Loss -0.09310372651012894, View Loss -2.1568359502779892, Reg 0.3775877658448188
09-Aug-26 19:49:45 - Epoch 184, Model Loss -0.0918918205242531, View Loss -2.164421592662537, Reg 0.3794438854541654
09-Aug-26 19:50:42 - Epoch 185, Model Loss -0.09337353628445295, View Loss -2.1602078871010177, Reg 0.3802471038173227
09-Aug-26 19:50:50 - Epoch 185: Train_acc 0.7941176470588235 Val_acc 0.6143790849673203 Test_acc 0.6335078534031413 Test_auc 0.635164835164835
09-Aug-26 19:51:48 - Epoch 186, Model Loss -0.09654396947692423, View Loss -2.1540655497631995, Reg 0.3783738221607956
09-Aug-26 19:52:45 - Epoch 187, Model Loss -0.09875357151031494, View Loss -2.148668028949912, Reg 0.37809430364689794
09-Aug-26 19:53:43 - Epoch 188, Model Loss -0.09843563156969407, View Loss -2.144175234962912, Reg 0.3796896192373014
09-Aug-26 19:54:40 - Epoch 189, Model Loss -0.09914408322253258, View Loss -2.1423034527722526, Reg 0.37760792877159866
09-Aug-26 19:55:38 - Epoch 190, Model Loss -0.09735884308035857, View Loss -2.1532576208800274, Reg 0.3764026233183792
09-Aug-26 19:55:44 - Epoch 190: Train_acc 0.8594771241830066 Val_acc 0.5620915032679739 Test_acc 0.6073298429319371 Test_auc 0.6218681318681318
09-Aug-26 19:56:42 - Epoch 191, Model Loss -0.100012077615152, View Loss -2.149333508186091, Reg 0.379721002641067
09-Aug-26 19:57:39 - Epoch 192, Model Loss -0.09498285546022303, View Loss -2.1510699325137668, Reg 0.3774786973311231
09-Aug-26 19:58:37 - Epoch 193, Model Loss -0.09630122936629003, View Loss -2.1534110424565336, Reg 0.3754140814534979
09-Aug-26 19:59:35 - Epoch 194, Model Loss -0.09811829683048273, View Loss -2.139862136903152, Reg 0.3783207607814689
09-Aug-26 20:00:32 - Epoch 195, Model Loss -0.09926379837241828, View Loss -2.13832285824944, Reg 0.3760269673821194
09-Aug-26 20:00:40 - Epoch 195: Train_acc 0.8627450980392157 Val_acc 0.5555555555555556 Test_acc 0.6178010471204188 Test_auc 0.617912087912088
09-Aug-26 20:01:38 - Epoch 196, Model Loss -0.09936363303583431, View Loss -2.1380145144618417, Reg 0.3757263556414959
09-Aug-26 20:02:36 - Epoch 197, Model Loss -0.10475036755106808, View Loss -2.1422283197540084, Reg 0.3763595124085744
09-Aug-26 20:03:33 - Epoch 198, Model Loss -0.10011984924085779, View Loss -2.1431365683187846, Reg 0.3761917870808271
09-Aug-26 20:04:31 - Epoch 199, Model Loss -0.09672808647155762, View Loss -2.1396598067938113, Reg 0.3756561405908049
09-Aug-26 20:05:29 - Epoch 200, Model Loss -0.09602391641903547, View Loss -2.1392401978860494, Reg 0.3751971392460119
09-Aug-26 20:05:35 - Epoch 200: Train_acc 0.7892156862745098 Val_acc 0.6209150326797386 Test_acc 0.6387434554973822 Test_auc 0.6361538461538462
09-Aug-26 20:06:32 - Epoch 201, Model Loss -0.09734019422842786, View Loss -2.1418052561142864, Reg 0.37586237558352403
09-Aug-26 20:07:30 - Epoch 202, Model Loss -0.10214805914685617, View Loss -2.1446843568016503, Reg 0.37455885063589006
09-Aug-26 20:08:27 - Epoch 203, Model Loss -0.10131874855826883, View Loss -2.1537436348160885, Reg 0.37452665614146813
09-Aug-26 20:09:25 - Epoch 204, Model Loss -0.10026140968784009, View Loss -2.153567058588165, Reg 0.3749498652866463
09-Aug-26 20:10:22 - Epoch 205, Model Loss -0.10212927686622719, View Loss -2.147139701967925, Reg 0.37467194889106004
09-Aug-26 20:10:31 - Epoch 205: Train_acc 0.7892156862745098 Val_acc 0.6143790849673203 Test_acc 0.6387434554973822 Test_auc 0.6325274725274723
09-Aug-26 20:11:29 - Epoch 206, Model Loss -0.10136460030780119, View Loss -2.1386115660075267, Reg 0.3738429842431561
09-Aug-26 20:12:27 - Epoch 207, Model Loss -0.10322365223192702, View Loss -2.1399119882022632, Reg 0.3738178790005204
09-Aug-26 20:13:25 - Epoch 208, Model Loss -0.10231715596579259, View Loss -2.137161873524485, Reg 0.3739749752228556
09-Aug-26 20:14:22 - Epoch 209, Model Loss -0.09911890201319278, View Loss -2.137561202828401, Reg 0.37299785836070193
09-Aug-26 20:15:20 - Epoch 210, Model Loss -0.09953610004942401, View Loss -2.1384982797834606, Reg 0.3738212203667834
09-Aug-26 20:15:27 - Epoch 210: Train_acc 0.8611111111111112 Val_acc 0.5620915032679739 Test_acc 0.6178010471204188 Test_auc 0.6246153846153846
09-Aug-26 20:16:25 - Epoch 211, Model Loss -0.0963376367014218, View Loss -2.1362554730932697, Reg 0.37436266818077735
09-Aug-26 20:17:22 - Epoch 212, Model Loss -0.10049959997725642, View Loss -2.1405783603393953, Reg 0.37255733971502264
09-Aug-26 20:18:20 - Epoch 213, Model Loss -0.10441725705963334, View Loss -2.1421473197687684, Reg 0.372735078038733
09-Aug-26 20:19:17 - Epoch 214, Model Loss -0.10321555398648082, View Loss -2.1434551267062916, Reg 0.37285608423301597
09-Aug-26 20:20:14 - Epoch 215, Model Loss -0.10116877002653733, View Loss -2.1394341880199956, Reg 0.373801358969383
09-Aug-26 20:20:21 - Epoch 215: Train_acc 0.7892156862745098 Val_acc 0.6274509803921569 Test_acc 0.6387434554973822 Test_auc 0.6364835164835165
09-Aug-26 20:21:18 - Epoch 216, Model Loss -0.10375843289630865, View Loss -2.138001750497257, Reg 0.3714163200138441
09-Aug-26 20:22:15 - Epoch 217, Model Loss -0.1058486088428622, View Loss -2.137601740220014, Reg 0.37181061642621854
09-Aug-26 20:23:12 - Epoch 218, Model Loss -0.10489635101330826, View Loss -2.1366793345781714, Reg 0.37375102810610356
09-Aug-26 20:24:10 - Epoch 219, Model Loss -0.1013593638644499, View Loss -2.133846557218265, Reg 0.37093908919228447
09-Aug-26 20:25:06 - Epoch 220, Model Loss -0.10624294012200598, View Loss -2.154110841501772, Reg 0.3716074541892881
09-Aug-26 20:25:12 - Epoch 220: Train_acc 0.7924836601307189 Val_acc 0.6013071895424836 Test_acc 0.6387434554973822 Test_auc 0.6358241758241758
09-Aug-26 20:26:09 - Epoch 221, Model Loss -0.10298815505956513, View Loss -2.152572962193707, Reg 0.37163736267027514
09-Aug-26 20:27:07 - Epoch 222, Model Loss -0.10461356807378383, View Loss -2.150710629481895, Reg 0.3730270408726985
09-Aug-26 20:28:04 - Epoch 223, Model Loss -0.1050865135940851, View Loss -2.146563115462758, Reg 0.37103284009141857
09-Aug-26 20:29:01 - Epoch 224, Model Loss -0.09993707159765405, View Loss -2.1325728285546397, Reg 0.37246102055692987
09-Aug-26 20:29:58 - Epoch 225, Model Loss -0.10400640399627437, View Loss -2.140211867351158, Reg 0.37089939892681595
09-Aug-26 20:30:04 - Epoch 225: Train_acc 0.7908496732026143 Val_acc 0.6274509803921569 Test_acc 0.6335078534031413 Test_auc 0.6323076923076922
09-Aug-26 20:31:01 - Epoch 226, Model Loss -0.10343227160522361, View Loss -2.16056878738154, Reg 0.3708868340339536
09-Aug-26 20:31:58 - Epoch 227, Model Loss -0.11066670394411274, View Loss -2.152674576815437, Reg 0.371986431623596
09-Aug-26 20:32:55 - Epoch 228, Model Loss -0.107806008236081, View Loss -2.135483397377862, Reg 0.37039849551674586
09-Aug-26 20:33:52 - Epoch 229, Model Loss -0.10286395534191256, View Loss -2.13130658592274, Reg 0.3704746131803475
09-Aug-26 20:34:50 - Epoch 230, Model Loss -0.10691982312919268, View Loss -2.133630264818279, Reg 0.37176688629038196
09-Aug-26 20:35:00 - Epoch 230: Train_acc 0.7875816993464052 Val_acc 0.6274509803921569 Test_acc 0.6387434554973822 Test_auc 0.6350549450549451
09-Aug-26 20:35:58 - Epoch 231, Model Loss -0.10401043003680659, View Loss -2.1336214791715533, Reg 0.3702068360023249
09-Aug-26 20:36:55 - Epoch 232, Model Loss -0.10412308554244197, View Loss -2.1401259322571597, Reg 0.3709101768490536
09-Aug-26 20:37:53 - Epoch 233, Model Loss -0.10405886484906564, View Loss -2.1376425020055834, Reg 0.37106533903701633
09-Aug-26 20:38:50 - Epoch 234, Model Loss -0.10838786760965984, View Loss -2.132661861531875, Reg 0.3697120662218605
09-Aug-26 20:39:48 - Epoch 235, Model Loss -0.10573105815968482, View Loss -2.1320904127133438, Reg 0.3706204030248854
09-Aug-26 20:39:54 - Epoch 235: Train_acc 0.7941176470588235 Val_acc 0.6274509803921569 Test_acc 0.6387434554973822 Test_auc 0.6387912087912089
09-Aug-26 20:40:52 - Epoch 236, Model Loss -0.10834451769691666, View Loss -2.133885048573313, Reg 0.37114300194129446
09-Aug-26 20:41:49 - Epoch 237, Model Loss -0.10599497681349711, View Loss -2.13715624653436, Reg 0.36934609253422107
09-Aug-26 20:42:47 - Epoch 238, Model Loss -0.10555335236530677, View Loss -2.130928531970853, Reg 0.37073981236009035
09-Aug-26 20:43:44 - Epoch 239, Model Loss -0.10846984737059649, View Loss -2.1423352154251796, Reg 0.36894504034441283
09-Aug-26 20:44:41 - Epoch 240, Model Loss -0.10879511517636917, View Loss -2.143677906273237, Reg 0.3710721992199717
09-Aug-26 20:44:47 - Epoch 240: Train_acc 0.7924836601307189 Val_acc 0.6274509803921569 Test_acc 0.6387434554973822 Test_auc 0.6389010989010989
09-Aug-26 20:45:44 - Epoch 241, Model Loss -0.10763338558814105, View Loss -2.134438536525552, Reg 0.36925136731340996
09-Aug-26 20:46:42 - Epoch 242, Model Loss -0.11098988344466765, View Loss -2.1356478095833773, Reg 0.36973515464589485
09-Aug-26 20:47:39 - Epoch 243, Model Loss -0.10797945229835759, View Loss -2.134507702846153, Reg 0.3708665760514004
09-Aug-26 20:48:36 - Epoch 244, Model Loss -0.1094759375441308, View Loss -2.1341917732961817, Reg 0.3686167178979886
09-Aug-26 20:49:33 - Epoch 245, Model Loss -0.11060035306643816, View Loss -2.137034151289198, Reg 0.3700694952135772
09-Aug-26 20:49:41 - Epoch 245: Train_acc 0.795751633986928 Val_acc 0.6013071895424836 Test_acc 0.6282722513089005 Test_auc 0.6373626373626373
09-Aug-26 20:50:38 - Epoch 246, Model Loss -0.10607173668792824, View Loss -2.129498417860542, Reg 0.3690778350128847
09-Aug-26 20:51:36 - Epoch 247, Model Loss -0.10605993418911704, View Loss -2.1341794347451404, Reg 0.3693041257998523
09-Aug-26 20:52:33 - Epoch 248, Model Loss -0.10557517974205266, View Loss -2.137473042494331, Reg 0.3696477847551209
09-Aug-26 20:53:31 - Epoch 249, Model Loss -0.11003447708740734, View Loss -2.140122613096549, Reg 0.36960429225871766
09-Aug-26 20:54:28 - Epoch 250, Model Loss -0.11154131484187506, View Loss -2.133039645899355, Reg 0.36784539697996155
09-Aug-26 20:54:35 - Epoch 250: Train_acc 0.7875816993464052 Val_acc 0.6209150326797386 Test_acc 0.6387434554973822 Test_auc 0.639010989010989
09-Aug-26 20:55:32 - Epoch 251, Model Loss -0.11059463102053972, View Loss -2.1326608564339433, Reg 0.3702084685073179
09-Aug-26 20:56:30 - Epoch 252, Model Loss -0.10583695457651725, View Loss -2.128475935630549, Reg 0.3687221160511565
09-Aug-26 20:57:27 - Epoch 253, Model Loss -0.11193107545765396, View Loss -2.1285139470318564, Reg 0.36981722770952713
09-Aug-26 20:58:24 - Epoch 254, Model Loss -0.10814705900117463, View Loss -2.1235284244312957, Reg 0.3697703375535853
09-Aug-26 20:59:22 - Epoch 255, Model Loss -0.1060808684701234, View Loss -2.123219963771845, Reg 0.3676227744108711
09-Aug-26 20:59:29 - Epoch 255: Train_acc 0.7892156862745098 Val_acc 0.6339869281045751 Test_acc 0.6335078534031413 Test_auc 0.6342857142857143
09-Aug-26 21:00:27 - Epoch 256, Model Loss -0.10783881104849523, View Loss -2.121899869706896, Reg 0.36967802729481963
09-Aug-26 21:01:24 - Epoch 257, Model Loss -0.10754607666551677, View Loss -2.1276316705092886, Reg 0.36921219147887885
09-Aug-26 21:02:21 - Epoch 258, Model Loss -0.10663188380353592, View Loss -2.133253960827597, Reg 0.3685956838863348
09-Aug-26 21:03:19 - Epoch 259, Model Loss -0.10972005401561463, View Loss -2.1299959725024653, Reg 0.3680098824251711
09-Aug-26 21:04:16 - Epoch 260, Model Loss -0.11600469413146473, View Loss -2.130271155849781, Reg 0.3702892253991046
09-Aug-26 21:04:22 - Epoch 260: Train_acc 0.7924836601307189 Val_acc 0.6143790849673203 Test_acc 0.6335078534031413 Test_auc 0.6356043956043956
09-Aug-26 21:05:20 - Epoch 261, Model Loss -0.10956957507756801, View Loss -2.128156523299373, Reg 0.3685450466240154
09-Aug-26 21:06:17 - Epoch 262, Model Loss -0.1100764181099686, View Loss -2.126688645556082, Reg 0.36813260663568587
09-Aug-26 21:07:14 - Epoch 263, Model Loss -0.112556219490525, View Loss -2.1283343274608937, Reg 0.3692108382976133
09-Aug-26 21:08:12 - Epoch 264, Model Loss -0.11288141912105036, View Loss -2.1302163616504544, Reg 0.36938966391912476
09-Aug-26 21:09:09 - Epoch 265, Model Loss -0.10986747578078625, View Loss -2.1309710530673756, Reg 0.36851149777960934
09-Aug-26 21:09:15 - Epoch 265: Train_acc 0.869281045751634 Val_acc 0.5555555555555556 Test_acc 0.6073298429319371 Test_auc 0.627142857142857
09-Aug-26 21:10:13 - Epoch 266, Model Loss -0.10997635281943029, View Loss -2.1217109970017973, Reg 0.36776940962847543
09-Aug-26 21:11:10 - Epoch 267, Model Loss -0.11117992525786356, View Loss -2.1316598209680295, Reg 0.37045101694811405
09-Aug-26 21:12:07 - Epoch 268, Model Loss -0.11146955435572106, View Loss -2.140223551419825, Reg 0.3681307129221025
09-Aug-26 21:13:05 - Epoch 269, Model Loss -0.10763779360484453, View Loss -2.129161094528398, Reg 0.36731694843254836
09-Aug-26 21:14:02 - Epoch 270, Model Loss -0.11022404206344505, View Loss -2.1353318909414454, Reg 0.3688143869630652
09-Aug-26 21:14:09 - Epoch 270: Train_acc 0.7859477124183006 Val_acc 0.6013071895424836 Test_acc 0.6335078534031413 Test_auc 0.6396703296703297
09-Aug-26 21:15:07 - Epoch 271, Model Loss -0.11062934566167446, View Loss -2.13988232768439, Reg 0.36998309380088756
09-Aug-26 21:16:04 - Epoch 272, Model Loss -0.11102803957228567, View Loss -2.1617790811202107, Reg 0.3662751568298714
09-Aug-26 21:17:02 - Epoch 273, Model Loss -0.11321945985158284, View Loss -2.1701068535349726, Reg 0.36741004348580353
09-Aug-26 21:17:59 - Epoch 274, Model Loss -0.11399056923155691, View Loss -2.229251693276798, Reg 0.36954792885998494
09-Aug-26 21:18:57 - Epoch 275, Model Loss -0.11732563551734476, View Loss -2.195168518552593, Reg 0.36956118193327214
09-Aug-26 21:19:04 - Epoch 275: Train_acc 0.7875816993464052 Val_acc 0.6209150326797386 Test_acc 0.6282722513089005 Test_auc 0.6384615384615384
09-Aug-26 21:20:01 - Epoch 276, Model Loss -0.11209059852400637, View Loss -2.1422754798839296, Reg 0.36807509341271094
09-Aug-26 21:20:59 - Epoch 277, Model Loss -0.11476357875306623, View Loss -2.1276938432182364, Reg 0.3685165357355978
09-Aug-26 21:21:56 - Epoch 278, Model Loss -0.11118657585063012, View Loss -2.130541042564741, Reg 0.3690706920000463
09-Aug-26 21:22:53 - Epoch 279, Model Loss -0.11270194077024273, View Loss -2.1301519387687735, Reg 0.36819205330867394
09-Aug-26 21:23:51 - Epoch 280, Model Loss -0.1125468993498609, View Loss -2.131325732648762, Reg 0.36770516809295206
09-Aug-26 21:23:59 - Epoch 280: Train_acc 0.7924836601307189 Val_acc 0.6339869281045751 Test_acc 0.6282722513089005 Test_auc 0.6386813186813187
09-Aug-26 21:24:56 - Epoch 281, Model Loss -0.11077484001521191, View Loss -2.128495693206787, Reg 0.3687465385673872
09-Aug-26 21:25:54 - Epoch 282, Model Loss -0.11439462463840161, View Loss -2.121402230917239, Reg 0.36883462488261703
09-Aug-26 21:26:51 - Epoch 283, Model Loss -0.1193316015932295, View Loss -2.136388666489545, Reg 0.3679501616876889
09-Aug-26 21:27:49 - Epoch 284, Model Loss -0.11432768433701758, View Loss -2.131883013482187, Reg 0.368496594086192
09-Aug-26 21:28:46 - Epoch 285, Model Loss -0.11715488535126829, View Loss -2.1324968291263953, Reg 0.3678085133920308
09-Aug-26 21:28:54 - Epoch 285: Train_acc 0.7826797385620915 Val_acc 0.6143790849673203 Test_acc 0.6230366492146597 Test_auc 0.6392307692307692
09-Aug-26 21:29:51 - Epoch 286, Model Loss -0.11591143175667408, View Loss -2.122263995650547, Reg 0.3677495819291258
09-Aug-26 21:30:49 - Epoch 287, Model Loss -0.11850789345167821, View Loss -2.1259264930400974, Reg 0.3682948898256215
09-Aug-26 21:31:46 - Epoch 288, Model Loss -0.11320101747325823, View Loss -2.1264075438181558, Reg 0.367219618138145
09-Aug-26 21:32:44 - Epoch 289, Model Loss -0.11296504229501961, View Loss -2.1230212286406873, Reg 0.36784787602673946
09-Aug-26 21:33:41 - Epoch 290, Model Loss -0.11020817846254585, View Loss -2.1227995165033278, Reg 0.3692638883793276
09-Aug-26 21:33:49 - Epoch 290: Train_acc 0.7908496732026143 Val_acc 0.6013071895424836 Test_acc 0.6230366492146597 Test_auc 0.6393406593406592
09-Aug-26 21:34:46 - Epoch 291, Model Loss -0.11578645893171721, View Loss -2.1267830920375252, Reg 0.3662732257172952
09-Aug-26 21:35:44 - Epoch 292, Model Loss -0.11734345204689924, View Loss -2.1357541395947823, Reg 0.36847566525920544
09-Aug-26 21:36:41 - Epoch 293, Model Loss -0.11558900159948013, View Loss -2.141646865146612, Reg 0.36800725748336394
09-Aug-26 21:37:39 - Epoch 294, Model Loss -0.11638710467643987, View Loss -2.128170725566889, Reg 0.3677436086087445
09-Aug-26 21:38:36 - Epoch 295, Model Loss -0.1159825221775404, View Loss -2.126981657314924, Reg 0.3676285258695191
09-Aug-26 21:38:44 - Epoch 295: Train_acc 0.7859477124183006 Val_acc 0.6209150326797386 Test_acc 0.6335078534031413 Test_auc 0.6421978021978021
09-Aug-26 21:39:42 - Epoch 296, Model Loss -0.11808793003263038, View Loss -2.1294538787766997, Reg 0.3688427866284364
09-Aug-26 21:40:39 - Epoch 297, Model Loss -0.1197917071822422, View Loss -2.1293122877482493, Reg 0.36719319477579954
09-Aug-26 21:41:37 - Epoch 298, Model Loss -0.11692518813937318, View Loss -2.1245697292627073, Reg 0.3676568766434987
09-Aug-26 21:42:34 - Epoch 299, Model Loss -0.1172117068876628, View Loss -2.12131591871673, Reg 0.36797717038322897
09-Aug-26 21:43:32 - Epoch 300, Model Loss -0.11451942351908466, View Loss -2.1218619393367395, Reg 0.3682825725063
09-Aug-26 21:43:42 - Epoch 300: Train_acc 0.7826797385620915 Val_acc 0.6209150326797386 Test_acc 0.6230366492146597 Test_auc 0.6420879120879122
09-Aug-26 21:43:42 - FinishedTraining! BestEpoch (eval-interval index): 16
09-Aug-26 21:43:42 - Wrote /users/3171356m/muhammad/GraSTIACL/nested_cv/results/combat__emb512_bs128__fold1.json
09-Aug-26 21:43:42 - {
  "emb_dim": 512,
  "batch_size": 128,
  "fold": 1,
  "combat": true,
  "n_train": 612,
  "n_val": 153,
  "n_test": 191,
  "best_val_epoch_idx": 16,
  "train_accuracy": 0.7826797385620915,
  "val_accuracy": 0.6862745098039216,
  "test_accuracy": 0.612565445026178,
  "train_f1": 0.7749576988155669,
  "val_f1": 0.6619718309859155,
  "test_f1": 0.5934065934065934,
  "train_sensitivity": 0.7869415780517471,
  "val_sensitivity": 0.6438356076186903,
  "test_sensitivity": 0.593406586885642,
  "train_specificity": 0.7788161969507283,
  "val_specificity": 0.7249999909375001,
  "test_specificity": 0.6299999937,
  "train_precision": 0.7633333333333333,
  "val_precision": 0.6811594202898551,
  "test_precision": 0.5934065934065934,
  "test_auc": 0.6208791208791208,
  "fin_reg": 0.39077986396995246
}
