Task 56: config=11 fold=1 batch_size=256 emb_dim=256 mij_source=alff_pcc combat=yes
The Zen of Python, by Tim Peters

Beautiful is better than ugly.
Explicit is better than implicit.
Simple is better than complex.
Complex is better than complicated.
Flat is better than nested.
Sparse is better than dense.
Readability counts.
Special cases aren't special enough to break the rules.
Although practicality beats purity.
Errors should never pass silently.
Unless explicitly silenced.
In the face of ambiguity, refuse the temptation to guess.
There should be one-- and preferably only one --obvious way to do it.
Although that way may not be obvious at first unless you're Dutch.
Now is better than never.
Although never is often better than *right* now.
If the implementation is hard to explain, it's a bad idea.
If the implementation is easy to explain, it may be a good idea.
Namespaces are one honking great idea -- let's do more of those!
validation time cost : 0.19000 sec
validation time cost : 0.19449 sec
validation time cost : 0.16045 sec
validation time cost : 0.19039 sec
validation time cost : 0.20436 sec
validation time cost : 0.25717 sec
validation time cost : 0.18669 sec
validation time cost : 0.15605 sec
validation time cost : 0.17691 sec
validation time cost : 0.19397 sec
validation time cost : 0.25986 sec
validation time cost : 0.18961 sec
validation time cost : 0.19953 sec
validation time cost : 0.16652 sec
validation time cost : 0.15196 sec
validation time cost : 0.15940 sec
validation time cost : 0.20009 sec
validation time cost : 0.15526 sec
validation time cost : 0.15765 sec
validation time cost : 0.13554 sec
validation time cost : 0.13598 sec
validation time cost : 0.14620 sec
validation time cost : 0.14785 sec
validation time cost : 0.17916 sec
validation time cost : 0.13639 sec
validation time cost : 0.18514 sec
validation time cost : 0.17787 sec
validation time cost : 0.13954 sec
validation time cost : 0.21329 sec
validation time cost : 0.19543 sec
validation time cost : 0.18978 sec
validation time cost : 0.16183 sec
validation time cost : 0.14094 sec
validation time cost : 0.16045 sec
validation time cost : 0.15821 sec
validation time cost : 0.15214 sec
validation time cost : 0.16076 sec
validation time cost : 0.16297 sec
validation time cost : 0.19412 sec
validation time cost : 0.18289 sec
validation time cost : 0.16297 sec
validation time cost : 0.20913 sec
validation time cost : 0.15862 sec
validation time cost : 0.17134 sec
validation time cost : 0.16813 sec
validation time cost : 0.21701 sec
validation time cost : 0.14293 sec
validation time cost : 0.15382 sec
validation time cost : 0.19371 sec
validation time cost : 0.15505 sec
validation time cost : 0.14164 sec
validation time cost : 0.14624 sec
validation time cost : 0.13448 sec
validation time cost : 0.15082 sec
validation time cost : 0.13331 sec
validation time cost : 0.14174 sec
validation time cost : 0.14181 sec
validation time cost : 0.14147 sec
validation time cost : 0.12482 sec
validation time cost : 0.12556 sec
