09-Aug-26 01:59:59 - Using Device: cuda
09-Aug-26 01:59:59 - Seed: 123, Fold: 4, ComBat: False
09-Aug-26 01:59:59 - Namespace(fold=4, combat=False, num_dyn_windows=3, model_lr=0.0005, view_lr=0.0005, num_gc_layers=2, pooling_type='standard', emb_dim=256, vib_hidden_dim=400, batch_size=128, drop_ratio=0.3, epochs=300, kld_lambda=0.003, reg_lambda=0.2, gamma_mode='paper_literal', node_feature_mode='alff_pcc', mij_source='alff', template=90, eval_interval=5, downstream_classifier='linear', ce_lambda=2.0, seed=123)
09-Aug-26 01:59:59 - Loading raw subject data...
09-Aug-26 02:04:00 - Loaded 956 subjects (455 ASD, 501 NC)
09-Aug-26 02:04:00 - alff_pcc scale stats (train_val_idx only): alff=[-3.5994,5.5910] pcc=[-0.6994,1.0000]
09-Aug-26 02:04:00 - Train/Val/Test sizes: 612/153/191
09-Aug-26 02:05:01 - Epoch 1, Model Loss 1.4712061648275339, View Loss -8.860743653540517, Reg 0.43875616029197095
09-Aug-26 02:06:01 - Epoch 2, Model Loss 0.6556749081884334, View Loss -6.270788323645498, Reg 0.3844872956572015
09-Aug-26 02:07:01 - Epoch 3, Model Loss 0.42998110829225555, View Loss -3.1568493250927894, Reg 0.4374367555761649
09-Aug-26 02:08:01 - Epoch 4, Model Loss 0.36238939329689623, View Loss -2.571691855885624, Reg 0.420057321880378
09-Aug-26 02:09:02 - Epoch 5, Model Loss 0.3455655960475697, View Loss -3.2801706931170296, Reg 0.4120696557113548
09-Aug-26 02:09:16 - Epoch 5: Train_acc 0.7434640522875817 Val_acc 0.6143790849673203 Test_acc 0.6178010471204188 Test_auc 0.6335164835164836
09-Aug-26 02:10:16 - Epoch 6, Model Loss 0.26987827824884447, View Loss -3.789397398630778, Reg 0.4089218054721558
09-Aug-26 02:11:16 - Epoch 7, Model Loss 0.2457660360907028, View Loss -3.715498070311702, Reg 0.4119859546228172
09-Aug-26 02:12:15 - Epoch 8, Model Loss 0.40137740950179257, View Loss -3.6336245786130816, Reg 0.4361736308905034
09-Aug-26 02:13:16 - Epoch 9, Model Loss 1.5095355089973002, View Loss -3.333025580138163, Reg 0.5411718616298601
09-Aug-26 02:14:16 - Epoch 10, Model Loss 3.8550725326039434, View Loss -2.368331807111603, Reg 0.4813625506715837
/users/3171356m/miniconda3/envs/grastiacl/lib/python3.12/site-packages/joblib/externals/loky/process_executor.py:782: UserWarning: A worker stopped while some jobs were given to the executor. This can be caused by a too short worker timeout or by a memory leak.
  warnings.warn(
09-Aug-26 02:14:31 - Epoch 10: Train_acc 0.7990196078431373 Val_acc 0.6405228758169934 Test_acc 0.6178010471204188 Test_auc 0.6562637362637364
09-Aug-26 02:15:30 - Epoch 11, Model Loss 4.126635554569219, View Loss -0.07247268841936698, Reg 0.4413306206659554
09-Aug-26 02:16:30 - Epoch 12, Model Loss 3.9805844188515658, View Loss 0.2946136169184267, Reg 0.43067652512999144
09-Aug-26 02:17:30 - Epoch 13, Model Loss 4.391870157391417, View Loss 0.439917650098115, Reg 0.41681137564135534
09-Aug-26 02:18:30 - Epoch 14, Model Loss 4.367074138977948, View Loss 0.4277121225992839, Reg 0.4293539576670703
09-Aug-26 02:19:30 - Epoch 15, Model Loss 4.1050550922069675, View Loss 0.4439122497645858, Reg 0.409085203035205
/users/3171356m/miniconda3/envs/grastiacl/lib/python3.12/site-packages/joblib/externals/loky/process_executor.py:782: UserWarning: A worker stopped while some jobs were given to the executor. This can be caused by a too short worker timeout or by a memory leak.
  warnings.warn(
09-Aug-26 02:19:46 - Epoch 15: Train_acc 0.7467320261437909 Val_acc 0.6601307189542484 Test_acc 0.612565445026178 Test_auc 0.6168131868131868
09-Aug-26 02:20:46 - Epoch 16, Model Loss 2.216694899633819, View Loss 0.5196410659091925, Reg 0.41459108723534477
09-Aug-26 02:21:46 - Epoch 17, Model Loss 1.0657515506339228, View Loss 0.7763296685187645, Reg 0.43517495935259304
09-Aug-26 02:22:46 - Epoch 18, Model Loss 0.4044819283329584, View Loss 1.1435428803263148, Reg 0.3986103986602983
09-Aug-26 02:23:46 - Epoch 19, Model Loss 0.38337166271373335, View Loss 1.4268937360227498, Reg 0.4483422825928607
09-Aug-26 02:24:46 - Epoch 20, Model Loss 0.3256888897979961, View Loss 1.5249901238609762, Reg 0.4305987073705087
09-Aug-26 02:24:59 - Epoch 20: Train_acc 0.7450980392156863 Val_acc 0.6013071895424836 Test_acc 0.6073298429319371 Test_auc 0.6343956043956044
09-Aug-26 02:25:59 - Epoch 21, Model Loss 0.2675546331732881, View Loss 1.48761835207347, Reg 0.42074013418621486
09-Aug-26 02:26:59 - Epoch 22, Model Loss 0.23585708734573296, View Loss 1.286477688480826, Reg 0.4414080254782259
09-Aug-26 02:27:59 - Epoch 23, Model Loss 0.19852516783121366, View Loss 0.7163019285482519, Reg 0.4253571563296848
09-Aug-26 02:28:59 - Epoch 24, Model Loss 0.17974194314549952, View Loss -0.2050558196173774, Reg 0.42303328673823987
09-Aug-26 02:29:59 - Epoch 25, Model Loss 0.1566219859166083, View Loss -1.1505695815179862, Reg 0.4255739247876834
/users/3171356m/miniconda3/envs/grastiacl/lib/python3.12/site-packages/joblib/externals/loky/process_executor.py:782: UserWarning: A worker stopped while some jobs were given to the executor. This can be caused by a too short worker timeout or by a memory leak.
  warnings.warn(
09-Aug-26 02:30:16 - Epoch 25: Train_acc 0.7009803921568627 Val_acc 0.5751633986928104 Test_acc 0.6387434554973822 Test_auc 0.6172527472527473
09-Aug-26 02:31:15 - Epoch 26, Model Loss 0.16038470973376356, View Loss -1.8629991447224337, Reg 0.41328198068282185
09-Aug-26 02:32:15 - Epoch 27, Model Loss 0.1498159649325352, View Loss -2.286232635086658, Reg 0.40576975096284956
09-Aug-26 02:33:15 - Epoch 28, Model Loss 0.1456318526875739, View Loss -2.442560032302258, Reg 0.4091014283544877
09-Aug-26 02:34:15 - Epoch 29, Model Loss 0.13762398249183605, View Loss -2.5036355529735292, Reg 0.40550560382456563
09-Aug-26 02:35:15 - Epoch 30, Model Loss 0.14573422926508522, View Loss -2.499556413662979, Reg 0.4033430890709746
/users/3171356m/miniconda3/envs/grastiacl/lib/python3.12/site-packages/joblib/externals/loky/process_executor.py:782: UserWarning: A worker stopped while some jobs were given to the executor. This can be caused by a too short worker timeout or by a memory leak.
  warnings.warn(
09-Aug-26 02:35:30 - Epoch 30: Train_acc 0.7205882352941176 Val_acc 0.5882352941176471 Test_acc 0.6020942408376964 Test_auc 0.6119780219780221
09-Aug-26 02:36:29 - Epoch 31, Model Loss 0.1313021519994424, View Loss -2.4890125982122484, Reg 0.4069553099426569
09-Aug-26 02:37:29 - Epoch 32, Model Loss 0.13722670613940247, View Loss -2.479112819908491, Reg 0.4068911239212635
09-Aug-26 02:38:29 - Epoch 33, Model Loss 0.16172081139547373, View Loss -2.433910796844881, Reg 0.4136568580577576
09-Aug-26 02:39:28 - Epoch 34, Model Loss 0.1962807114096054, View Loss -2.4219609366522894, Reg 0.4190207080903396
09-Aug-26 02:40:28 - Epoch 35, Model Loss 0.3499011695384979, View Loss -2.3415107649136213, Reg 0.4494025097563376
/users/3171356m/miniconda3/envs/grastiacl/lib/python3.12/site-packages/joblib/externals/loky/process_executor.py:782: UserWarning: A worker stopped while some jobs were given to the executor. This can be caused by a too short worker timeout or by a memory leak.
  warnings.warn(
09-Aug-26 02:40:41 - Epoch 35: Train_acc 0.8251633986928104 Val_acc 0.5751633986928104 Test_acc 0.5549738219895288 Test_auc 0.5878021978021979
09-Aug-26 02:41:41 - Epoch 36, Model Loss 0.862188788021312, View Loss -2.261860484391256, Reg 0.5210256545372258
09-Aug-26 02:42:40 - Epoch 37, Model Loss 1.0105808139626498, View Loss -2.3225916678609413, Reg 0.5261594812854443
09-Aug-26 02:43:40 - Epoch 38, Model Loss 0.8909039583081514, View Loss -2.305342763077979, Reg 0.5488818022939894
09-Aug-26 02:44:40 - Epoch 39, Model Loss 1.0757863630656324, View Loss -2.2300472773757636, Reg 0.5092403814683553
09-Aug-26 02:45:39 - Epoch 40, Model Loss 2.642263364168554, View Loss -1.4848027392929675, Reg 0.4898107416099972
/users/3171356m/miniconda3/envs/grastiacl/lib/python3.12/site-packages/joblib/externals/loky/process_executor.py:782: UserWarning: A worker stopped while some jobs were given to the executor. This can be caused by a too short worker timeout or by a memory leak.
  warnings.warn(
09-Aug-26 02:45:54 - Epoch 40: Train_acc 0.7810457516339869 Val_acc 0.6274509803921569 Test_acc 0.6649214659685864 Test_auc 0.6791208791208792
09-Aug-26 02:46:53 - Epoch 41, Model Loss 1.8571582401500029, View Loss -1.501928793059455, Reg 0.473641526270536
09-Aug-26 02:47:53 - Epoch 42, Model Loss 4.464645362367817, View Loss 0.7279264023101407, Reg 0.42462200335427824
09-Aug-26 02:48:53 - Epoch 43, Model Loss 3.920850819232417, View Loss 1.567515468285754, Reg 0.43650688084901546
09-Aug-26 02:49:52 - Epoch 44, Model Loss 4.380005450030557, View Loss 1.351675746877209, Reg 0.42465099887131086
09-Aug-26 02:50:51 - Epoch 45, Model Loss 4.353548972435247, View Loss 0.675716843869951, Reg 0.4345298343234592
/users/3171356m/miniconda3/envs/grastiacl/lib/python3.12/site-packages/joblib/externals/loky/process_executor.py:782: UserWarning: A worker stopped while some jobs were given to the executor. This can be caused by a too short worker timeout or by a memory leak.
  warnings.warn(
09-Aug-26 02:51:06 - Epoch 45: Train_acc 0.7516339869281046 Val_acc 0.6666666666666666 Test_acc 0.6073298429319371 Test_auc 0.6085714285714287
09-Aug-26 02:52:04 - Epoch 46, Model Loss 1.4238771044350917, View Loss 0.8231756675477121, Reg 0.4471305151001301
09-Aug-26 02:53:03 - Epoch 47, Model Loss 0.42564548990305734, View Loss 0.7013557845470952, Reg 0.42210812681640675
09-Aug-26 02:54:02 - Epoch 48, Model Loss 0.3625069509923848, View Loss 1.6769130042954987, Reg 0.4552501027101006
09-Aug-26 02:55:01 - Epoch 49, Model Loss 0.2726275471641737, View Loss 2.0271216888053742, Reg 0.46258196526882694
09-Aug-26 02:56:00 - Epoch 50, Model Loss 0.24702945726564507, View Loss 2.1609911388821073, Reg 0.39367204631855285
/users/3171356m/miniconda3/envs/grastiacl/lib/python3.12/site-packages/joblib/externals/loky/process_executor.py:782: UserWarning: A worker stopped while some jobs were given to the executor. This can be caused by a too short worker timeout or by a memory leak.
  warnings.warn(
09-Aug-26 02:56:10 - Epoch 50: Train_acc 0.75 Val_acc 0.6470588235294118 Test_acc 0.6020942408376964 Test_auc 0.6449450549450549
09-Aug-26 02:57:09 - Epoch 51, Model Loss 0.20767723854168568, View Loss 2.2309162601146824, Reg 0.4432508836384692
09-Aug-26 02:58:07 - Epoch 52, Model Loss 0.17540680091170704, View Loss 2.261376184575698, Reg 0.451130078508963
09-Aug-26 02:59:06 - Epoch 53, Model Loss 0.1533190017578259, View Loss 2.2944796474930507, Reg 0.4127933092756209
09-Aug-26 03:00:05 - Epoch 54, Model Loss 0.1549850639954112, View Loss 2.314998106239668, Reg 0.42807166346537523
09-Aug-26 03:01:04 - Epoch 55, Model Loss 0.1461590396033393, View Loss 2.3153946025698793, Reg 0.43566122514749667
09-Aug-26 03:01:09 - Epoch 55: Train_acc 0.7450980392156863 Val_acc 0.6209150326797386 Test_acc 0.6073298429319371 Test_auc 0.6402197802197802
09-Aug-26 03:02:08 - Epoch 56, Model Loss 0.145405868275298, View Loss 2.2910622334947774, Reg 0.42120880881945294
09-Aug-26 03:03:07 - Epoch 57, Model Loss 0.13059274642880447, View Loss 2.2197066000084473, Reg 0.4218252967385685
09-Aug-26 03:04:06 - Epoch 58, Model Loss 0.11473661193660661, View Loss 2.024976810598685, Reg 0.4288170512984781
09-Aug-26 03:05:04 - Epoch 59, Model Loss 0.11645523156800301, View Loss 1.5462133790932449, Reg 0.42247941427760655
09-Aug-26 03:06:03 - Epoch 60, Model Loss 0.1080258775965061, View Loss 0.6532917889991617, Reg 0.4192324734591191
09-Aug-26 03:06:10 - Epoch 60: Train_acc 0.8464052287581699 Val_acc 0.5490196078431373 Test_acc 0.612565445026178 Test_auc 0.6373626373626374
09-Aug-26 03:07:08 - Epoch 61, Model Loss 0.09696489212170147, View Loss -0.4598264468261619, Reg 0.41896866895014945
09-Aug-26 03:08:07 - Epoch 62, Model Loss 0.09449335903513666, View Loss -1.3325824441473468, Reg 0.40990786283623937
09-Aug-26 03:09:06 - Epoch 63, Model Loss 0.09844253236561819, View Loss -1.8258163321251963, Reg 0.4052567672885321
09-Aug-26 03:10:04 - Epoch 64, Model Loss 0.08757623991155936, View Loss -2.037382783453449, Reg 0.40578429839190316
09-Aug-26 03:11:03 - Epoch 65, Model Loss 0.09876398927246044, View Loss -2.129753023970361, Reg 0.4020073211270999
/users/3171356m/miniconda3/envs/grastiacl/lib/python3.12/site-packages/joblib/externals/loky/process_executor.py:782: UserWarning: A worker stopped while some jobs were given to the executor. This can be caused by a too short worker timeout or by a memory leak.
  warnings.warn(
09-Aug-26 03:11:12 - Epoch 65: Train_acc 0.7173202614379085 Val_acc 0.5947712418300654 Test_acc 0.6073298429319371 Test_auc 0.6225274725274725
09-Aug-26 03:12:10 - Epoch 66, Model Loss 0.09354718448289859, View Loss -2.145937243318246, Reg 0.40078890187288424
09-Aug-26 03:13:09 - Epoch 67, Model Loss 0.0883286937681678, View Loss -2.149474337210063, Reg 0.40080394873432085
09-Aug-26 03:14:08 - Epoch 68, Model Loss 0.08715067404547548, View Loss -2.148972045362385, Reg 0.4005891489826776
09-Aug-26 03:15:07 - Epoch 69, Model Loss 0.07949084958998985, View Loss -2.156008438347212, Reg 0.4011182027315003
09-Aug-26 03:16:06 - Epoch 70, Model Loss 0.09101964270367342, View Loss -2.1567094403933855, Reg 0.39968299748850805
09-Aug-26 03:16:15 - Epoch 70: Train_acc 0.7189542483660131 Val_acc 0.6143790849673203 Test_acc 0.6073298429319371 Test_auc 0.6185714285714285
09-Aug-26 03:17:14 - Epoch 71, Model Loss 0.0920812723293803, View Loss -2.1508051071291656, Reg 0.4000820879842721
09-Aug-26 03:18:12 - Epoch 72, Model Loss 0.08948556470130783, View Loss -2.14844483176088, Reg 0.401440842478883
09-Aug-26 03:19:11 - Epoch 73, Model Loss 0.0847569936825559, View Loss -2.144739118276858, Reg 0.4000674503691056
09-Aug-26 03:20:10 - Epoch 74, Model Loss 0.08716499104219325, View Loss -2.1505625060960356, Reg 0.40028124560717665
09-Aug-26 03:21:08 - Epoch 75, Model Loss 0.07711893378519545, View Loss -2.159072967915753, Reg 0.402733421793171
/users/3171356m/miniconda3/envs/grastiacl/lib/python3.12/site-packages/joblib/externals/loky/process_executor.py:782: UserWarning: A worker stopped while some jobs were given to the executor. This can be caused by a too short worker timeout or by a memory leak.
  warnings.warn(
09-Aug-26 03:21:20 - Epoch 75: Train_acc 0.7173202614379085 Val_acc 0.6078431372549019 Test_acc 0.6073298429319371 Test_auc 0.6121978021978022
09-Aug-26 03:22:18 - Epoch 76, Model Loss 0.07800661192999946, View Loss -2.1387367139454763, Reg 0.3992459655197617
09-Aug-26 03:23:17 - Epoch 77, Model Loss 0.07549345132961773, View Loss -2.143849446103464, Reg 0.40287742603058907
09-Aug-26 03:24:16 - Epoch 78, Model Loss 0.07729864665885376, View Loss -2.147686966104445, Reg 0.40131792348194745
09-Aug-26 03:25:14 - Epoch 79, Model Loss 0.07768386524487166, View Loss -2.1308414655573227, Reg 0.401109473572837
09-Aug-26 03:26:13 - Epoch 80, Model Loss 0.0737129026183895, View Loss -2.131733088711508, Reg 0.40587744136261783
/users/3171356m/miniconda3/envs/grastiacl/lib/python3.12/site-packages/joblib/externals/loky/process_executor.py:782: UserWarning: A worker stopped while some jobs were given to the executor. This can be caused by a too short worker timeout or by a memory leak.
  warnings.warn(
09-Aug-26 03:26:24 - Epoch 80: Train_acc 0.7271241830065359 Val_acc 0.6078431372549019 Test_acc 0.6020942408376964 Test_auc 0.6127472527472527
09-Aug-26 03:27:23 - Epoch 81, Model Loss 0.07541416887364356, View Loss -2.1372422034444374, Reg 0.40013812219395356
09-Aug-26 03:28:21 - Epoch 82, Model Loss 0.07468648537311678, View Loss -2.137223927803289, Reg 0.4044578928573459
09-Aug-26 03:29:20 - Epoch 83, Model Loss 0.07245081643653072, View Loss -2.1392144284217185, Reg 0.40002989944289713
09-Aug-26 03:30:18 - Epoch 84, Model Loss 0.07782096401149151, View Loss -2.1331698427013324, Reg 0.40581884454278383
09-Aug-26 03:31:16 - Epoch 85, Model Loss 0.07530509217891818, View Loss -2.137605391296686, Reg 0.40029217896897806
09-Aug-26 03:31:24 - Epoch 85: Train_acc 0.7238562091503268 Val_acc 0.6143790849673203 Test_acc 0.6073298429319371 Test_auc 0.6095604395604396
09-Aug-26 03:32:22 - Epoch 86, Model Loss 0.07006184785973792, View Loss -2.133711288177889, Reg 0.40532734775854873
09-Aug-26 03:33:21 - Epoch 87, Model Loss 0.06907772141344407, View Loss -2.128074578989565, Reg 0.4025289815625334
09-Aug-26 03:34:19 - Epoch 88, Model Loss 0.06508595043537664, View Loss -2.1191176838345, Reg 0.40444637143533996
09-Aug-26 03:35:17 - Epoch 89, Model Loss 0.06717436044823889, View Loss -2.1231023860133553, Reg 0.40254121044881985
09-Aug-26 03:36:16 - Epoch 90, Model Loss 0.06113010761784572, View Loss -2.131734661027497, Reg 0.4039475553565555
09-Aug-26 03:36:23 - Epoch 90: Train_acc 0.7238562091503268 Val_acc 0.6143790849673203 Test_acc 0.6020942408376964 Test_auc 0.6117582417582418
09-Aug-26 03:37:22 - Epoch 91, Model Loss 0.06255395544899835, View Loss -2.1379957354925816, Reg 0.4019019247270098
09-Aug-26 03:38:20 - Epoch 92, Model Loss 0.06428697374131945, View Loss -2.125974426082536, Reg 0.40208368714338816
09-Aug-26 03:39:19 - Epoch 93, Model Loss 0.0637822375188466, View Loss -2.1352953801747243, Reg 0.4050050492769752
09-Aug-26 03:40:17 - Epoch 94, Model Loss 0.06017111621650995, View Loss -2.1225874642141505, Reg 0.4011966572477927
09-Aug-26 03:41:15 - Epoch 95, Model Loss 0.05697352005765329, View Loss -2.127026416117849, Reg 0.4037911786752589
09-Aug-26 03:41:24 - Epoch 95: Train_acc 0.7238562091503268 Val_acc 0.6078431372549019 Test_acc 0.6073298429319371 Test_auc 0.611978021978022
09-Aug-26 03:42:22 - Epoch 96, Model Loss 0.0606076128147786, View Loss -2.12662633104262, Reg 0.40144138573821075
09-Aug-26 03:43:20 - Epoch 97, Model Loss 0.05432498406351002, View Loss -2.111805587033041, Reg 0.4017307771966348
09-Aug-26 03:44:19 - Epoch 98, Model Loss 0.052734889041364585, View Loss -2.1161652717714996, Reg 0.40253835371117186
09-Aug-26 03:45:17 - Epoch 99, Model Loss 0.04238226464371276, View Loss -2.122709448820625, Reg 0.39862380327742086
09-Aug-26 03:46:16 - Epoch 100, Model Loss 0.04830972528925129, View Loss -2.112891088124194, Reg 0.4042406493152668
09-Aug-26 03:46:24 - Epoch 100: Train_acc 0.7205882352941176 Val_acc 0.6143790849673203 Test_acc 0.6020942408376964 Test_auc 0.6058241758241758
09-Aug-26 03:47:22 - Epoch 101, Model Loss 0.05041026192552903, View Loss -2.1073402703977098, Reg 0.39809950523906285
09-Aug-26 03:48:20 - Epoch 102, Model Loss 0.0406755664769341, View Loss -2.1153219743491776, Reg 0.4007650424841962
09-Aug-26 03:49:19 - Epoch 103, Model Loss 0.03992012065220502, View Loss -2.1334270651823557, Reg 0.3987348964011747
09-Aug-26 03:50:18 - Epoch 104, Model Loss 0.04223694861714357, View Loss -2.1233994789372863, Reg 0.4014199851385129
09-Aug-26 03:51:16 - Epoch 105, Model Loss 0.03334880420585084, View Loss -2.122342658198737, Reg 0.39778777119380976
09-Aug-26 03:51:23 - Epoch 105: Train_acc 0.7222222222222222 Val_acc 0.6209150326797386 Test_acc 0.6073298429319371 Test_auc 0.6092307692307694
09-Aug-26 03:52:22 - Epoch 106, Model Loss 0.0399414515183642, View Loss -2.1265953600017076, Reg 0.40089497866194235
09-Aug-26 03:53:20 - Epoch 107, Model Loss 0.04211411639755847, View Loss -2.122681594362446, Reg 0.39667553332896016
09-Aug-26 03:54:19 - Epoch 108, Model Loss 0.03640060292349921, View Loss -2.131999056323681, Reg 0.40179016251190036
09-Aug-26 03:55:18 - Epoch 109, Model Loss 0.03454221794807833, View Loss -2.114470773273044, Reg 0.3978000719562855
09-Aug-26 03:56:16 - Epoch 110, Model Loss 0.032990646031167775, View Loss -2.124597181681714, Reg 0.3998624010413301
09-Aug-26 03:56:23 - Epoch 110: Train_acc 0.7271241830065359 Val_acc 0.6209150326797386 Test_acc 0.612565445026178 Test_auc 0.6061538461538462
09-Aug-26 03:57:22 - Epoch 111, Model Loss 0.03765781934744392, View Loss -2.119792009490767, Reg 0.3990291195367676
09-Aug-26 03:58:20 - Epoch 112, Model Loss 0.034669538241585876, View Loss -2.132707411946814, Reg 0.3989309084181692
09-Aug-26 03:59:19 - Epoch 113, Model Loss 0.042310331382003484, View Loss -2.1167690753936768, Reg 0.4004429187260422
09-Aug-26 04:00:17 - Epoch 114, Model Loss 0.04288772858825384, View Loss -2.1240292608348375, Reg 0.39830047320696266
09-Aug-26 04:01:16 - Epoch 115, Model Loss 0.041513749392204036, View Loss -2.1296146087397156, Reg 0.401604976334603
09-Aug-26 04:01:23 - Epoch 115: Train_acc 0.7205882352941176 Val_acc 0.6274509803921569 Test_acc 0.5916230366492147 Test_auc 0.6038461538461539
09-Aug-26 04:02:22 - Epoch 116, Model Loss 0.04212841001990574, View Loss -2.1092262751136728, Reg 0.39896946872761047
09-Aug-26 04:03:20 - Epoch 117, Model Loss 0.039339590890734806, View Loss -2.129454400804308, Reg 0.40099117159843445
09-Aug-26 04:04:19 - Epoch 118, Model Loss 0.033789337070938806, View Loss -2.1175685069140266, Reg 0.39879418471280265
09-Aug-26 04:05:17 - Epoch 119, Model Loss 0.03747501531068016, View Loss -2.1230079145992504, Reg 0.402103242336535
09-Aug-26 04:06:15 - Epoch 120, Model Loss 0.03131338583877663, View Loss -2.112296998890397, Reg 0.3987307418016047
09-Aug-26 04:06:26 - Epoch 120: Train_acc 0.7254901960784313 Val_acc 0.6209150326797386 Test_acc 0.5916230366492147 Test_auc 0.6091208791208792
09-Aug-26 04:07:24 - Epoch 121, Model Loss 0.0351616360393225, View Loss -2.1183279947517746, Reg 0.40098189450556937
09-Aug-26 04:08:23 - Epoch 122, Model Loss 0.037262848584480535, View Loss -2.1355958062838885, Reg 0.4000449842876858
09-Aug-26 04:09:21 - Epoch 123, Model Loss 0.029971158971973492, View Loss -2.126055935629053, Reg 0.4021272199605805
09-Aug-26 04:10:19 - Epoch 124, Model Loss 0.026607704902786057, View Loss -2.1194101252587014, Reg 0.3982849031491996
09-Aug-26 04:11:17 - Epoch 125, Model Loss 0.025090672806197523, View Loss -2.1114355286741566, Reg 0.402147267963372
/users/3171356m/miniconda3/envs/grastiacl/lib/python3.12/site-packages/joblib/externals/loky/process_executor.py:782: UserWarning: A worker stopped while some jobs were given to the executor. This can be caused by a too short worker timeout or by a memory leak.
  warnings.warn(
09-Aug-26 04:11:31 - Epoch 125: Train_acc 0.7222222222222222 Val_acc 0.6209150326797386 Test_acc 0.5968586387434555 Test_auc 0.6100000000000001
09-Aug-26 04:12:29 - Epoch 126, Model Loss 0.02954726865868163, View Loss -2.112347015368393, Reg 0.3975457009536768
09-Aug-26 04:13:27 - Epoch 127, Model Loss 0.02042563990050671, View Loss -2.1095659779567346, Reg 0.4003660721716538
09-Aug-26 04:14:26 - Epoch 128, Model Loss 0.024529676227008596, View Loss -2.1065833552990085, Reg 0.40115895360903026
09-Aug-26 04:15:24 - Epoch 129, Model Loss 0.0222024898123897, View Loss -2.112546286551781, Reg 0.39683499932289124
09-Aug-26 04:16:22 - Epoch 130, Model Loss 0.015925380529141893, View Loss -2.120851102218129, Reg 0.39954426806736615
09-Aug-26 04:16:34 - Epoch 130: Train_acc 0.7238562091503268 Val_acc 0.6209150326797386 Test_acc 0.6020942408376964 Test_auc 0.6078021978021978
09-Aug-26 04:17:32 - Epoch 131, Model Loss 0.02164322020960789, View Loss -2.1095150483199974, Reg 0.3976844839410844
09-Aug-26 04:18:30 - Epoch 132, Model Loss 0.017513590116126864, View Loss -2.105392509036594, Reg 0.3998345941110374
09-Aug-26 04:19:28 - Epoch 133, Model Loss 0.013351119226879544, View Loss -2.113152056737663, Reg 0.3969167422235402
09-Aug-26 04:20:26 - Epoch 134, Model Loss 0.011285387320456162, View Loss -2.108567429523842, Reg 0.39934130762916764
09-Aug-26 04:21:24 - Epoch 135, Model Loss 0.002562172856985354, View Loss -2.1066924388112587, Reg 0.39411839901232254
/users/3171356m/miniconda3/envs/grastiacl/lib/python3.12/site-packages/joblib/externals/loky/process_executor.py:782: UserWarning: A worker stopped while some jobs were given to the executor. This can be caused by a too short worker timeout or by a memory leak.
  warnings.warn(
09-Aug-26 04:21:36 - Epoch 135: Train_acc 0.7647058823529411 Val_acc 0.5882352941176471 Test_acc 0.5759162303664922 Test_auc 0.5967032967032966
09-Aug-26 04:22:34 - Epoch 136, Model Loss 0.007228086099905127, View Loss -2.1040521603004607, Reg 0.39948662959672265
09-Aug-26 04:23:32 - Epoch 137, Model Loss 0.0077070146799087524, View Loss -2.1052494220484315, Reg 0.3942224038582222
09-Aug-26 04:24:30 - Epoch 138, Model Loss 0.006203158229005103, View Loss -2.1025643037035575, Reg 0.39825022240090213
09-Aug-26 04:25:28 - Epoch 139, Model Loss 0.0014177099162457035, View Loss -2.100329846338509, Reg 0.39501650758038936
09-Aug-26 04:26:26 - Epoch 140, Model Loss 0.004902250821294348, View Loss -2.0993848002814, Reg 0.39629458056555855
09-Aug-26 04:26:36 - Epoch 140: Train_acc 0.7287581699346405 Val_acc 0.6274509803921569 Test_acc 0.5916230366492147 Test_auc 0.6049450549450549
09-Aug-26 04:27:34 - Epoch 141, Model Loss 0.0012784684016034493, View Loss -2.099786225487204, Reg 0.39601368004200505
09-Aug-26 04:28:32 - Epoch 142, Model Loss -0.00329817393246819, View Loss -2.0889694971196793, Reg 0.3953247549487095
09-Aug-26 04:29:31 - Epoch 143, Model Loss 0.001637597878774007, View Loss -2.105263119429545, Reg 0.39489100298850366
09-Aug-26 04:30:29 - Epoch 144, Model Loss -0.0024558594998191387, View Loss -2.1048065026601157, Reg 0.3964661560417001
09-Aug-26 04:31:27 - Epoch 145, Model Loss -0.0029836733356799956, View Loss -2.097540984745898, Reg 0.39352226685854347
09-Aug-26 04:31:34 - Epoch 145: Train_acc 0.8643790849673203 Val_acc 0.5490196078431373 Test_acc 0.5445026178010471 Test_auc 0.5513186813186812
09-Aug-26 04:32:32 - Epoch 146, Model Loss -0.0018072794465457693, View Loss -2.100113036585789, Reg 0.39438627650535185
09-Aug-26 04:33:30 - Epoch 147, Model Loss -0.0039633500809762995, View Loss -2.090925702861711, Reg 0.3950435190029394
09-Aug-26 04:34:29 - Epoch 148, Model Loss -0.002991290945632785, View Loss -2.093782744376488, Reg 0.39296361940358976
09-Aug-26 04:35:27 - Epoch 149, Model Loss -0.007933983421014026, View Loss -2.0945621502944847, Reg 0.3948105108114629
09-Aug-26 04:36:26 - Epoch 150, Model Loss -0.002727284930110757, View Loss -2.091841923645119, Reg 0.3928258983917486
09-Aug-26 04:36:33 - Epoch 150: Train_acc 0.7303921568627451 Val_acc 0.6339869281045751 Test_acc 0.6073298429319371 Test_auc 0.6079120879120878
09-Aug-26 04:37:31 - Epoch 151, Model Loss -0.0038957157555748433, View Loss -2.101499641642851, Reg 0.39306604940127704
09-Aug-26 04:38:30 - Epoch 152, Model Loss -0.006408214958664639, View Loss -2.095365859324636, Reg 0.3935186837623322
09-Aug-26 04:39:28 - Epoch 153, Model Loss -0.006043763819083669, View Loss -2.0981569819980197, Reg 0.3936266651730132
09-Aug-26 04:40:26 - Epoch 154, Model Loss -0.011585326268782024, View Loss -2.1006227334340415, Reg 0.3924512177510978
09-Aug-26 04:41:24 - Epoch 155, Model Loss -0.00015429733625424454, View Loss -2.0884422009287316, Reg 0.3916640784226212
09-Aug-26 04:41:31 - Epoch 155: Train_acc 0.8366013071895425 Val_acc 0.5032679738562091 Test_acc 0.5602094240837696 Test_auc 0.5715384615384616
09-Aug-26 04:42:29 - Epoch 156, Model Loss -0.011589740031684925, View Loss -2.1039977681403066, Reg 0.39318738945948534
09-Aug-26 04:43:27 - Epoch 157, Model Loss -0.009812643520193162, View Loss -2.1034819487652747, Reg 0.3925272758100547
09-Aug-26 04:44:25 - Epoch 158, Model Loss -0.012691500140171424, View Loss -2.0972172762054244, Reg 0.3918075294666041
09-Aug-26 04:45:24 - Epoch 159, Model Loss -0.00785759967916152, View Loss -2.0871731066236308, Reg 0.39144373232243107
09-Aug-26 04:46:22 - Epoch 160, Model Loss -0.006891984468192057, View Loss -2.089064406413658, Reg 0.39295197409742016
09-Aug-26 04:46:30 - Epoch 160: Train_acc 0.7320261437908496 Val_acc 0.6405228758169934 Test_acc 0.6020942408376964 Test_auc 0.6023076923076922
09-Aug-26 04:47:28 - Epoch 161, Model Loss -0.011099764237216874, View Loss -2.0906693405575223, Reg 0.3892187538489797
09-Aug-26 04:48:26 - Epoch 162, Model Loss -0.009016120550679225, View Loss -2.0876295628890493, Reg 0.3934159428855173
09-Aug-26 04:49:24 - Epoch 163, Model Loss -0.010875176760106305, View Loss -2.1057800015592885, Reg 0.389828938479517
09-Aug-26 04:50:23 - Epoch 164, Model Loss -0.016218420337228215, View Loss -2.1049954174390804, Reg 0.39188141896833784
09-Aug-26 04:51:21 - Epoch 165, Model Loss -0.013488378010544122, View Loss -2.0878812051286886, Reg 0.3905985082676208
09-Aug-26 04:51:29 - Epoch 165: Train_acc 0.7663398692810458 Val_acc 0.6013071895424836 Test_acc 0.5916230366492147 Test_auc 0.5958241758241759
09-Aug-26 04:52:27 - Epoch 166, Model Loss -0.015359146337883146, View Loss -2.091513225455689, Reg 0.3905796585908902
09-Aug-26 04:53:25 - Epoch 167, Model Loss -0.011814319814731872, View Loss -2.0924825730666616, Reg 0.3916654951042599
09-Aug-26 04:54:24 - Epoch 168, Model Loss -0.016674394895827848, View Loss -2.103190093258627, Reg 0.38879456823947384
09-Aug-26 04:55:22 - Epoch 169, Model Loss -0.02261752786200031, View Loss -2.0994192899442186, Reg 0.3922392211708368
09-Aug-26 04:56:20 - Epoch 170, Model Loss -0.0158447523911794, View Loss -2.1093350703420204, Reg 0.3879839801320843
09-Aug-26 04:56:29 - Epoch 170: Train_acc 0.7271241830065359 Val_acc 0.6274509803921569 Test_acc 0.5916230366492147 Test_auc 0.6027472527472528
09-Aug-26 04:57:27 - Epoch 171, Model Loss -0.01722835598428265, View Loss -2.1161531731973287, Reg 0.3916967368982976
09-Aug-26 04:58:25 - Epoch 172, Model Loss -0.016151425495646358, View Loss -2.1067411650240033, Reg 0.3892351840835771
09-Aug-26 04:59:23 - Epoch 173, Model Loss -0.018759284825885996, View Loss -2.10176210465774, Reg 0.38984501654026554
09-Aug-26 05:00:21 - Epoch 174, Model Loss -0.021038356267548856, View Loss -2.0847284248451783, Reg 0.3898199931079266
09-Aug-26 05:01:19 - Epoch 175, Model Loss -0.026661787352530785, View Loss -2.0928408164604035, Reg 0.3886849835417629
09-Aug-26 05:01:28 - Epoch 175: Train_acc 0.7254901960784313 Val_acc 0.6405228758169934 Test_acc 0.6020942408376964 Test_auc 0.5978021978021978
09-Aug-26 05:02:26 - Epoch 176, Model Loss -0.02291936656228857, View Loss -2.098625709807951, Reg 0.39053765270445084
09-Aug-26 05:03:24 - Epoch 177, Model Loss -0.01811488800578647, View Loss -2.105775202021879, Reg 0.38787781627349605
09-Aug-26 05:04:22 - Epoch 178, Model Loss -0.020163654696707632, View Loss -2.1252323287764407, Reg 0.38935568733932147
09-Aug-26 05:05:21 - Epoch 179, Model Loss -0.02586722335005118, View Loss -2.125107684166603, Reg 0.38991883825632484
09-Aug-26 05:06:19 - Epoch 180, Model Loss -0.018548300648047255, View Loss -2.126844798817354, Reg 0.38735989164682777
09-Aug-26 05:06:29 - Epoch 180: Train_acc 0.7254901960784313 Val_acc 0.6405228758169934 Test_acc 0.5968586387434555 Test_auc 0.6015384615384615
09-Aug-26 05:07:27 - Epoch 181, Model Loss -0.022860625795289583, View Loss -2.1539571815066867, Reg 0.3904493357620987
09-Aug-26 05:08:25 - Epoch 182, Model Loss -0.03356398047964557, View Loss -2.2663402385961, Reg 0.3866817571368872
09-Aug-26 05:09:23 - Epoch 183, Model Loss -0.01879963317727731, View Loss -2.171826080559126, Reg 0.39033698509721193
09-Aug-26 05:10:21 - Epoch 184, Model Loss -0.027170081835946228, View Loss -2.1431377323624354, Reg 0.38709279992222007
09-Aug-26 05:11:19 - Epoch 185, Model Loss -0.02755197911870246, View Loss -2.1676961253671085, Reg 0.38996508698058285
09-Aug-26 05:11:29 - Epoch 185: Train_acc 0.7173202614379085 Val_acc 0.6470588235294118 Test_acc 0.6020942408376964 Test_auc 0.6006593406593407
09-Aug-26 05:12:27 - Epoch 186, Model Loss -0.029891151715727413, View Loss -2.1668394531299864, Reg 0.38917380532408075
09-Aug-26 05:13:25 - Epoch 187, Model Loss -0.020320355697394977, View Loss -2.1309715376959906, Reg 0.3897285159506829
09-Aug-26 05:14:23 - Epoch 188, Model Loss -0.028193576078788907, View Loss -2.099180360245549, Reg 0.3880738158241596
09-Aug-26 05:15:21 - Epoch 189, Model Loss -0.02313594451916763, View Loss -2.089275364782296, Reg 0.3881705237759484
09-Aug-26 05:16:19 - Epoch 190, Model Loss -0.023931465312546373, View Loss -2.096570823706833, Reg 0.38986143547725055
/users/3171356m/miniconda3/envs/grastiacl/lib/python3.12/site-packages/joblib/externals/loky/process_executor.py:782: UserWarning: A worker stopped while some jobs were given to the executor. This can be caused by a too short worker timeout or by a memory leak.
  warnings.warn(
09-Aug-26 05:16:31 - Epoch 190: Train_acc 0.7303921568627451 Val_acc 0.6339869281045751 Test_acc 0.6020942408376964 Test_auc 0.5993406593406593
09-Aug-26 05:17:30 - Epoch 191, Model Loss -0.024643319105011184, View Loss -2.0927095693700455, Reg 0.38686448082425234
09-Aug-26 05:18:28 - Epoch 192, Model Loss -0.027400827680537903, View Loss -2.0965388787338157, Reg 0.38937897658815573
09-Aug-26 05:19:26 - Epoch 193, Model Loss -0.028200917676383375, View Loss -2.096532291836209, Reg 0.38822147328090045
09-Aug-26 05:20:25 - Epoch 194, Model Loss -0.03381405495034129, View Loss -2.098054474475337, Reg 0.38878541171940323
09-Aug-26 05:21:23 - Epoch 195, Model Loss -0.03396623528081607, View Loss -2.0950131135828354, Reg 0.387335191365161
09-Aug-26 05:21:37 - Epoch 195: Train_acc 0.7238562091503268 Val_acc 0.6405228758169934 Test_acc 0.5968586387434555 Test_auc 0.5963736263736263
09-Aug-26 05:22:35 - Epoch 196, Model Loss -0.032617383898278465, View Loss -2.0974350224912555, Reg 0.38963017724697885
09-Aug-26 05:23:34 - Epoch 197, Model Loss -0.03618353512746836, View Loss -2.0944470533358506, Reg 0.38694021164202225
09-Aug-26 05:24:32 - Epoch 198, Model Loss -0.026985389539618897, View Loss -2.092960719189613, Reg 0.3886326605977576
09-Aug-26 05:25:30 - Epoch 199, Model Loss -0.03387906784617823, View Loss -2.088522476308486, Reg 0.38872456199982586
09-Aug-26 05:26:28 - Epoch 200, Model Loss -0.03378266181334171, View Loss -2.0942102351219827, Reg 0.3869677211334503
09-Aug-26 05:26:43 - Epoch 200: Train_acc 0.7287581699346405 Val_acc 0.6339869281045751 Test_acc 0.5968586387434555 Test_auc 0.5989010989010989
09-Aug-26 05:27:42 - Epoch 201, Model Loss -0.03539413525388132, View Loss -2.092625175426209, Reg 0.3885073755301681
09-Aug-26 05:28:40 - Epoch 202, Model Loss -0.0319743984275394, View Loss -2.0942265317330953, Reg 0.38738666776738134
09-Aug-26 05:29:38 - Epoch 203, Model Loss -0.03710999792697383, View Loss -2.090038547328874, Reg 0.38768503810066024
09-Aug-26 05:30:36 - Epoch 204, Model Loss -0.034002903629751766, View Loss -2.0953281658147676, Reg 0.3883918730262058
09-Aug-26 05:31:35 - Epoch 205, Model Loss -0.02546841003536399, View Loss -2.0778041524824755, Reg 0.38701815971362047
09-Aug-26 05:31:47 - Epoch 205: Train_acc 0.7287581699346405 Val_acc 0.6274509803921569 Test_acc 0.5968586387434555 Test_auc 0.5993406593406593
09-Aug-26 05:32:45 - Epoch 206, Model Loss -0.033541051488296655, View Loss -2.086589130700803, Reg 0.3878454797797733
09-Aug-26 05:33:44 - Epoch 207, Model Loss -0.0360371695429671, View Loss -2.090046153349035, Reg 0.3888217818503286
09-Aug-26 05:34:42 - Epoch 208, Model Loss -0.034632904260279304, View Loss -2.0962590142792346, Reg 0.38659947565178465
09-Aug-26 05:35:40 - Epoch 209, Model Loss -0.03947485993111056, View Loss -2.0960428449842663, Reg 0.38772010900615866
09-Aug-26 05:36:38 - Epoch 210, Model Loss -0.03330322905303606, View Loss -2.0897299526563655, Reg 0.3883623671687506
09-Aug-26 05:36:47 - Epoch 210: Train_acc 0.7336601307189542 Val_acc 0.6274509803921569 Test_acc 0.6020942408376964 Test_auc 0.5984615384615384
09-Aug-26 05:37:45 - Epoch 211, Model Loss -0.035777543714038684, View Loss -2.0853262789109173, Reg 0.38648329626500993
09-Aug-26 05:38:44 - Epoch 212, Model Loss -0.040769970981903325, View Loss -2.087454357957528, Reg 0.38756735905323153
09-Aug-26 05:39:42 - Epoch 213, Model Loss -0.03787575574482188, View Loss -2.096534091662737, Reg 0.3881553014119466
09-Aug-26 05:40:40 - Epoch 214, Model Loss -0.038090696107912686, View Loss -2.0839944228627325, Reg 0.3873642032442529
09-Aug-26 05:41:38 - Epoch 215, Model Loss -0.04031716903148134, View Loss -2.080802069769965, Reg 0.38762813085824055
09-Aug-26 05:41:46 - Epoch 215: Train_acc 0.761437908496732 Val_acc 0.6013071895424836 Test_acc 0.5916230366492147 Test_auc 0.5879120879120879
09-Aug-26 05:42:44 - Epoch 216, Model Loss -0.037666517632459505, View Loss -2.083906753390443, Reg 0.38843205142644494
09-Aug-26 05:43:43 - Epoch 217, Model Loss -0.0427227947203552, View Loss -2.0856728226530787, Reg 0.38647304738269134
09-Aug-26 05:44:41 - Epoch 218, Model Loss -0.04379812525767906, View Loss -2.090822051553165, Reg 0.38806840290431105
09-Aug-26 05:45:39 - Epoch 219, Model Loss -0.04078648521814471, View Loss -2.0926725428088817, Reg 0.3870865597444422
09-Aug-26 05:46:37 - Epoch 220, Model Loss -0.0429136833431674, View Loss -2.0952946267096824, Reg 0.3872976864085478
09-Aug-26 05:46:47 - Epoch 220: Train_acc 0.7810457516339869 Val_acc 0.6013071895424836 Test_acc 0.581151832460733 Test_auc 0.5916483516483517
09-Aug-26 05:47:45 - Epoch 221, Model Loss -0.039572893794065984, View Loss -2.0964313301385618, Reg 0.38780103692042284
09-Aug-26 05:48:43 - Epoch 222, Model Loss -0.044340597063887356, View Loss -2.08843404639001, Reg 0.38695550841443677
09-Aug-26 05:49:42 - Epoch 223, Model Loss -0.04430766214367027, View Loss -2.0863808915506, Reg 0.3869908335162144
09-Aug-26 05:50:40 - Epoch 224, Model Loss -0.04481940175972733, View Loss -2.0865816290861643, Reg 0.38783800095514537
09-Aug-26 05:51:38 - Epoch 225, Model Loss -0.03696025630422667, View Loss -2.0871947995977465, Reg 0.3873789703923892
/users/3171356m/miniconda3/envs/grastiacl/lib/python3.12/site-packages/joblib/externals/loky/process_executor.py:782: UserWarning: A worker stopped while some jobs were given to the executor. This can be caused by a too short worker timeout or by a memory leak.
  warnings.warn(
09-Aug-26 05:51:52 - Epoch 225: Train_acc 0.8284313725490197 Val_acc 0.5294117647058824 Test_acc 0.5340314136125655 Test_auc 0.5692307692307692
09-Aug-26 05:52:50 - Epoch 226, Model Loss -0.04563827130919188, View Loss -2.0889976819356284, Reg 0.38696570217219833
09-Aug-26 05:53:48 - Epoch 227, Model Loss -0.0392043494369859, View Loss -2.088343420838998, Reg 0.3878257709001404
09-Aug-26 05:54:47 - Epoch 228, Model Loss -0.04354120157902537, View Loss -2.087943984012978, Reg 0.38685469222224617
09-Aug-26 05:55:45 - Epoch 229, Model Loss -0.046918301118744746, View Loss -2.0892349364710787, Reg 0.38635993218110276
09-Aug-26 05:56:43 - Epoch 230, Model Loss -0.045785941524443284, View Loss -2.093566631180009, Reg 0.3884844996181189
09-Aug-26 05:57:00 - Epoch 230: Train_acc 0.7320261437908496 Val_acc 0.6339869281045751 Test_acc 0.6073298429319371 Test_auc 0.5994505494505494
09-Aug-26 05:57:58 - Epoch 231, Model Loss -0.04303818980073617, View Loss -2.093696394776986, Reg 0.38692646868088665
09-Aug-26 05:58:56 - Epoch 232, Model Loss -0.045717669565693224, View Loss -2.1007920371161566, Reg 0.38784025872454925
09-Aug-26 05:59:55 - Epoch 233, Model Loss -0.047511067265778584, View Loss -2.105802495495167, Reg 0.386091418515623
09-Aug-26 06:00:53 - Epoch 234, Model Loss -0.04244143588870179, View Loss -2.1251244435902517, Reg 0.38844908277193707
09-Aug-26 06:01:52 - Epoch 235, Model Loss -0.04195228657301735, View Loss -2.105382378584419, Reg 0.3875603860889385
09-Aug-26 06:02:04 - Epoch 235: Train_acc 0.7205882352941176 Val_acc 0.6339869281045751 Test_acc 0.6073298429319371 Test_auc 0.5952747252747252
09-Aug-26 06:03:02 - Epoch 236, Model Loss -0.04361026626981162, View Loss -2.099765112197477, Reg 0.38532129163835566
09-Aug-26 06:04:00 - Epoch 237, Model Loss -0.05026682062086716, View Loss -2.0973553096546844, Reg 0.38904353937292413
09-Aug-26 06:04:59 - Epoch 238, Model Loss -0.04098808473231746, View Loss -2.095330495460361, Reg 0.3874227363689273
09-Aug-26 06:05:57 - Epoch 239, Model Loss -0.04356077931870043, View Loss -2.0900526015587104, Reg 0.3857300616557302
09-Aug-26 06:06:55 - Epoch 240, Model Loss -0.048777135174258864, View Loss -2.086952296736973, Reg 0.3890012660447289
09-Aug-26 06:07:13 - Epoch 240: Train_acc 0.7156862745098039 Val_acc 0.6405228758169934 Test_acc 0.6073298429319371 Test_auc 0.5985714285714286
09-Aug-26 06:08:11 - Epoch 241, Model Loss -0.04569168184317794, View Loss -2.0896554024390923, Reg 0.3861539134013107
09-Aug-26 06:09:09 - Epoch 242, Model Loss -0.047244753128562876, View Loss -2.091705334731956, Reg 0.38737434772105
09-Aug-26 06:10:08 - Epoch 243, Model Loss -0.047204702703002234, View Loss -2.0867529943877576, Reg 0.3880106545741262
09-Aug-26 06:11:06 - Epoch 244, Model Loss -0.05080689460623498, View Loss -2.098302838069941, Reg 0.3861209068423003
09-Aug-26 06:12:05 - Epoch 245, Model Loss -0.049999040082778806, View Loss -2.100436484891605, Reg 0.38775570505584767
/users/3171356m/miniconda3/envs/grastiacl/lib/python3.12/site-packages/joblib/externals/loky/process_executor.py:782: UserWarning: A worker stopped while some jobs were given to the executor. This can be caused by a too short worker timeout or by a memory leak.
  warnings.warn(
09-Aug-26 06:12:22 - Epoch 245: Train_acc 0.7222222222222222 Val_acc 0.6339869281045751 Test_acc 0.6073298429319371 Test_auc 0.6003296703296703
09-Aug-26 06:13:20 - Epoch 246, Model Loss -0.052511100578152274, View Loss -2.1041601779414156, Reg 0.3871023364705977
09-Aug-26 06:14:18 - Epoch 247, Model Loss -0.046544439469774566, View Loss -2.1161451199475456, Reg 0.3873996052866668
09-Aug-26 06:15:17 - Epoch 248, Model Loss -0.047087619653324676, View Loss -2.1074344644359515, Reg 0.3869521746448442
09-Aug-26 06:16:15 - Epoch 249, Model Loss -0.051272064544796166, View Loss -2.103117201063368, Reg 0.38715632211149126
09-Aug-26 06:17:13 - Epoch 250, Model Loss -0.05439781792023603, View Loss -2.101052278007557, Reg 0.3874518830402225
09-Aug-26 06:17:26 - Epoch 250: Train_acc 0.7222222222222222 Val_acc 0.6339869281045751 Test_acc 0.6020942408376964 Test_auc 0.6001098901098901
09-Aug-26 06:18:25 - Epoch 251, Model Loss -0.0497268696431241, View Loss -2.098032371670592, Reg 0.387271148122214
09-Aug-26 06:19:23 - Epoch 252, Model Loss -0.046122801484040965, View Loss -2.0879562867233177, Reg 0.3871995491140029
09-Aug-26 06:20:21 - Epoch 253, Model Loss -0.04719674265852161, View Loss -2.104263363320843, Reg 0.3877320671393201
09-Aug-26 06:21:20 - Epoch 254, Model Loss -0.05405546890364753, View Loss -2.1018829828773447, Reg 0.38627034269906335
09-Aug-26 06:22:19 - Epoch 255, Model Loss -0.05146668715025085, View Loss -2.0932100847655652, Reg 0.38660962012858174
09-Aug-26 06:22:34 - Epoch 255: Train_acc 0.7222222222222222 Val_acc 0.6339869281045751 Test_acc 0.6073298429319371 Test_auc 0.5974725274725274
09-Aug-26 06:23:32 - Epoch 256, Model Loss -0.053745295779377804, View Loss -2.0917500530193056, Reg 0.3881775972500346
09-Aug-26 06:24:30 - Epoch 257, Model Loss -0.05152379356178583, View Loss -2.090286861058154, Reg 0.3865617955821791
09-Aug-26 06:25:29 - Epoch 258, Model Loss -0.04868366267361672, View Loss -2.089734981262606, Reg 0.3869733253335641
09-Aug-26 06:26:27 - Epoch 259, Model Loss -0.05311149954065388, View Loss -2.092924490473629, Reg 0.3875972770787532
09-Aug-26 06:27:26 - Epoch 260, Model Loss -0.05094131880920697, View Loss -2.0956580529805104, Reg 0.38716482473354713
09-Aug-26 06:27:42 - Epoch 260: Train_acc 0.7696078431372549 Val_acc 0.6078431372549019 Test_acc 0.5706806282722513 Test_auc 0.5884615384615386
09-Aug-26 06:28:40 - Epoch 261, Model Loss -0.052070105655325785, View Loss -2.0950531429714627, Reg 0.3865872894237244
09-Aug-26 06:29:38 - Epoch 262, Model Loss -0.056339371243333505, View Loss -2.0967230453989862, Reg 0.38662772591597117
09-Aug-26 06:30:37 - Epoch 263, Model Loss -0.05372711509660957, View Loss -2.099411819495407, Reg 0.38593320266094083
09-Aug-26 06:31:36 - Epoch 264, Model Loss -0.054051248076694466, View Loss -2.092243546753927, Reg 0.38886990305645014
09-Aug-26 06:32:34 - Epoch 265, Model Loss -0.05409862695176617, View Loss -2.095804325116226, Reg 0.38478341523338766
09-Aug-26 06:32:46 - Epoch 265: Train_acc 0.7156862745098039 Val_acc 0.6470588235294118 Test_acc 0.6073298429319371 Test_auc 0.5952747252747252
09-Aug-26 06:33:44 - Epoch 266, Model Loss -0.053645258732870515, View Loss -2.0919144496419073, Reg 0.38812875922988443
09-Aug-26 06:34:42 - Epoch 267, Model Loss -0.05409484614733777, View Loss -2.0996979030908323, Reg 0.38734635399057976
09-Aug-26 06:35:40 - Epoch 268, Model Loss -0.053990003805047544, View Loss -2.0959838667726207, Reg 0.3851833664903454
09-Aug-26 06:36:38 - Epoch 269, Model Loss -0.051358051257195815, View Loss -2.092333756241144, Reg 0.38757411229844185
09-Aug-26 06:37:37 - Epoch 270, Model Loss -0.05663366937169842, View Loss -2.1003842322654975, Reg 0.38773800325549507
09-Aug-26 06:37:47 - Epoch 270: Train_acc 0.7254901960784313 Val_acc 0.6209150326797386 Test_acc 0.6073298429319371 Test_auc 0.5948351648351649
09-Aug-26 06:38:45 - Epoch 271, Model Loss -0.05485371086332533, View Loss -2.1108651223525503, Reg 0.38559017754068564
09-Aug-26 06:39:43 - Epoch 272, Model Loss -0.047906320615142, View Loss -2.1147164706311194, Reg 0.3871730957545486
09-Aug-26 06:40:42 - Epoch 273, Model Loss -0.05675052651782441, View Loss -2.119030729617948, Reg 0.3872201358960345
09-Aug-26 06:41:40 - Epoch 274, Model Loss -0.05782519504914876, View Loss -2.1587157358531077, Reg 0.38544324429985743
09-Aug-26 06:42:39 - Epoch 275, Model Loss -0.059871438476774425, View Loss -2.1725783425998064, Reg 0.38758792012345555
/users/3171356m/miniconda3/envs/grastiacl/lib/python3.12/site-packages/joblib/externals/loky/process_executor.py:782: UserWarning: A worker stopped while some jobs were given to the executor. This can be caused by a too short worker timeout or by a memory leak.
  warnings.warn(
09-Aug-26 06:42:51 - Epoch 275: Train_acc 0.7173202614379085 Val_acc 0.6274509803921569 Test_acc 0.612565445026178 Test_auc 0.5995604395604396
09-Aug-26 06:43:49 - Epoch 276, Model Loss -0.053986997580995746, View Loss -2.1858337782566846, Reg 0.3856465031508527
09-Aug-26 06:44:47 - Epoch 277, Model Loss -0.057923440255370794, View Loss -2.158378678988787, Reg 0.3891028393717373
09-Aug-26 06:45:45 - Epoch 278, Model Loss -0.05593631937612895, View Loss -2.1746359401279025, Reg 0.3843190679752749
09-Aug-26 06:46:43 - Epoch 279, Model Loss -0.05819805502112395, View Loss -2.160693110983356, Reg 0.38773912230348273
09-Aug-26 06:47:42 - Epoch 280, Model Loss -0.05601453586341509, View Loss -2.1737732450946483, Reg 0.3863287831054014
09-Aug-26 06:47:52 - Epoch 280: Train_acc 0.7745098039215687 Val_acc 0.6078431372549019 Test_acc 0.5863874345549738 Test_auc 0.5893406593406594
09-Aug-26 06:48:51 - Epoch 281, Model Loss -0.05975844170532975, View Loss -2.1347626829458997, Reg 0.38744550612237716
09-Aug-26 06:49:49 - Epoch 282, Model Loss -0.05505713908111348, View Loss -2.173882993997312, Reg 0.3861905108479893
09-Aug-26 06:50:47 - Epoch 283, Model Loss -0.059114244930884415, View Loss -2.129367681889752, Reg 0.3866610001115238
09-Aug-26 06:51:45 - Epoch 284, Model Loss -0.061980807313732074, View Loss -2.1196318451875173, Reg 0.3870834934166054
09-Aug-26 06:52:44 - Epoch 285, Model Loss -0.05969757231232387, View Loss -2.1042998024061617, Reg 0.38640936098846734
/users/3171356m/miniconda3/envs/grastiacl/lib/python3.12/site-packages/joblib/externals/loky/process_executor.py:782: UserWarning: A worker stopped while some jobs were given to the executor. This can be caused by a too short worker timeout or by a memory leak.
  warnings.warn(
09-Aug-26 06:52:55 - Epoch 285: Train_acc 0.8120915032679739 Val_acc 0.5555555555555556 Test_acc 0.5235602094240838 Test_auc 0.5796703296703296
09-Aug-26 06:53:53 - Epoch 286, Model Loss -0.05391683551221112, View Loss -2.103104552412345, Reg 0.387103623814053
09-Aug-26 06:54:51 - Epoch 287, Model Loss -0.05532315840908125, View Loss -2.0986346715416007, Reg 0.3870462654462827
09-Aug-26 06:55:49 - Epoch 288, Model Loss -0.06073633089564205, View Loss -2.1003057021720735, Reg 0.3858983931588192
09-Aug-26 06:56:47 - Epoch 289, Model Loss -0.062175976295097204, View Loss -2.0969536304473877, Reg 0.38715022159557716
09-Aug-26 06:57:46 - Epoch 290, Model Loss -0.06095220489439621, View Loss -2.0932200391308156, Reg 0.38656076048713883
09-Aug-26 06:57:54 - Epoch 290: Train_acc 0.7745098039215687 Val_acc 0.5882352941176471 Test_acc 0.5968586387434555 Test_auc 0.585934065934066
09-Aug-26 06:58:52 - Epoch 291, Model Loss -0.06369139575490765, View Loss -2.0920047588597717, Reg 0.38601770568517296
09-Aug-26 06:59:50 - Epoch 292, Model Loss -0.057676603396733604, View Loss -2.098116503821479, Reg 0.38697435906509947
09-Aug-26 07:00:48 - Epoch 293, Model Loss -0.05356625141271579, View Loss -2.094083715887631, Reg 0.38597215059535955
09-Aug-26 07:01:46 - Epoch 294, Model Loss -0.06174257534002167, View Loss -2.0965189029967863, Reg 0.3863484565339057
09-Aug-26 07:02:45 - Epoch 295, Model Loss -0.057434773523043964, View Loss -2.0925261678259357, Reg 0.3861774782729305
09-Aug-26 07:02:53 - Epoch 295: Train_acc 0.7140522875816994 Val_acc 0.6405228758169934 Test_acc 0.6073298429319371 Test_auc 0.5993406593406594
09-Aug-26 07:03:52 - Epoch 296, Model Loss -0.062083894131230374, View Loss -2.092502685933331, Reg 0.38647576738027184
09-Aug-26 07:04:50 - Epoch 297, Model Loss -0.05991758941824919, View Loss -2.0942883024028704, Reg 0.3864631678154266
09-Aug-26 07:05:48 - Epoch 298, Model Loss -0.0584991821666169, View Loss -2.090656891367794, Reg 0.38564256768600613
09-Aug-26 07:06:46 - Epoch 299, Model Loss -0.0633092758312724, View Loss -2.0900229301327973, Reg 0.38632455701921503
09-Aug-26 07:07:44 - Epoch 300, Model Loss -0.05907001331740735, View Loss -2.088601261961694, Reg 0.3861074322968527
09-Aug-26 07:07:59 - Epoch 300: Train_acc 0.7238562091503268 Val_acc 0.6470588235294118 Test_acc 0.5968586387434555 Test_auc 0.6012087912087912
09-Aug-26 07:07:59 - FinishedTraining! BestEpoch (eval-interval index): 8
09-Aug-26 07:07:59 - Wrote /users/3171356m/muhammad/GraSTIACL/nested_cv/results/nocombat__emb256_bs128__fold4.json
09-Aug-26 07:07:59 - {
  "emb_dim": 256,
  "batch_size": 128,
  "fold": 4,
  "combat": false,
  "n_train": 612,
  "n_val": 153,
  "n_test": 191,
  "best_val_epoch_idx": 8,
  "train_accuracy": 0.7516339869281046,
  "val_accuracy": 0.6666666666666666,
  "test_accuracy": 0.6073298429319371,
  "train_f1": 0.7397260273972602,
  "val_f1": 0.6577181208053692,
  "test_f1": 0.5562130177514792,
  "train_sensitivity": 0.7422680386863642,
  "val_sensitivity": 0.671232867517358,
  "test_sensitivity": 0.5164835108078735,
  "train_specificity": 0.7601246082239109,
  "val_specificity": 0.6624999917187501,
  "test_specificity": 0.6899999931,
  "train_precision": 0.7372013651877133,
  "val_precision": 0.6447368421052632,
  "test_precision": 0.6025641025641025,
  "test_auc": 0.6085714285714287,
  "fin_reg": 0.4345298343234592
}
