09-Aug-26 11:42:02 - Using Device: cuda
09-Aug-26 11:42:02 - Seed: 123, Fold: 0, ComBat: True
09-Aug-26 11:42:02 - Namespace(fold=0, combat=True, num_dyn_windows=3, model_lr=0.0005, view_lr=0.0005, num_gc_layers=2, pooling_type='standard', emb_dim=512, vib_hidden_dim=400, batch_size=32, drop_ratio=0.3, epochs=300, kld_lambda=0.003, reg_lambda=0.2, gamma_mode='paper_literal', node_feature_mode='alff_pcc', mij_source='alff_pcc', template=90, eval_interval=5, downstream_classifier='linear', ce_lambda=2.0, seed=123)
09-Aug-26 11:42:02 - Loading raw subject data...
09-Aug-26 11:42:53 - Loaded 956 subjects (455 ASD, 501 NC)
09-Aug-26 11:42:54 - alff_pcc scale stats (train_val_idx only): alff=[-3.4535,4.9657] pcc=[-0.6568,1.0117]
09-Aug-26 11:42:54 - Train/Val/Test sizes: 611/153/192
09-Aug-26 11:43:53 - Epoch 1, Model Loss -0.8471202124550378, View Loss -5.994427065997584, Reg 0.26732644914312564
09-Aug-26 11:44:52 - Epoch 2, Model Loss -1.254086695013967, View Loss -3.9626707382951354, Reg 0.18865160097759795
09-Aug-26 11:45:51 - Epoch 3, Model Loss -1.3115051694080209, View Loss -3.9512843656461873, Reg 0.17763653858496203
09-Aug-26 11:46:49 - Epoch 4, Model Loss -1.328074911027025, View Loss -3.863106320220398, Reg 0.1848437706353036
09-Aug-26 11:47:48 - Epoch 5, Model Loss -1.2962129315065674, View Loss -3.261929615819903, Reg 0.19835269158483526
09-Aug-26 11:48:05 - Epoch 5: Train_acc 0.7757774140752864 Val_acc 0.5620915032679739 Test_acc 0.6197916666666666 Test_auc 0.6361658143836363
09-Aug-26 11:49:03 - Epoch 6, Model Loss -1.3588524723209063, View Loss -2.9916065539158696, Reg 0.18339643748126522
09-Aug-26 11:50:02 - Epoch 7, Model Loss -1.351152547252549, View Loss -2.82727093314188, Reg 0.18305023836426182
09-Aug-26 11:51:01 - Epoch 8, Model Loss -1.3434163341740735, View Loss -2.8327939810807496, Reg 0.1920703735367171
09-Aug-26 11:51:59 - Epoch 9, Model Loss -1.3889048876036598, View Loss -2.7980815985784204, Reg 0.1847924971663425
09-Aug-26 11:52:58 - Epoch 10, Model Loss -1.3905037865896273, View Loss -2.7454377219641852, Reg 0.18594322647478695
09-Aug-26 11:53:05 - Epoch 10: Train_acc 0.9525368248772504 Val_acc 0.5359477124183006 Test_acc 0.546875 Test_auc 0.5601131541725601
09-Aug-26 11:54:04 - Epoch 11, Model Loss -1.3582537146910123, View Loss -2.5605917101796054, Reg 0.18049637288001477
09-Aug-26 11:55:02 - Epoch 12, Model Loss -1.390343556817737, View Loss -2.662660098505098, Reg 0.18838665294178963
09-Aug-26 11:56:01 - Epoch 13, Model Loss -1.3789563358512915, View Loss -2.5081868358992905, Reg 0.1851543411002807
09-Aug-26 11:57:00 - Epoch 14, Model Loss -1.4027587263166612, View Loss -2.6104762230294036, Reg 0.190111943869661
09-Aug-26 11:57:58 - Epoch 15, Model Loss -1.3970971115287119, View Loss -2.5568929842372965, Reg 0.1881904605221241
09-Aug-26 11:58:06 - Epoch 15: Train_acc 0.7463175122749591 Val_acc 0.5882352941176471 Test_acc 0.6302083333333334 Test_auc 0.6461756065716462
09-Aug-26 11:59:05 - Epoch 16, Model Loss -1.410188928563544, View Loss -2.574893302105843, Reg 0.1894385620537054
09-Aug-26 12:00:03 - Epoch 17, Model Loss -1.393568057670531, View Loss -2.450708077894295, Reg 0.1896717622510345
09-Aug-26 12:01:02 - Epoch 18, Model Loss -1.396941739096384, View Loss -2.504897241701666, Reg 0.1888026352453544
09-Aug-26 12:02:01 - Epoch 19, Model Loss -1.427906364153723, View Loss -2.5812968778532186, Reg 0.19016428391789064
09-Aug-26 12:02:59 - Epoch 20, Model Loss -1.4300715060944253, View Loss -2.499262349305098, Reg 0.1927024605036172
09-Aug-26 12:03:08 - Epoch 20: Train_acc 0.7495908346972177 Val_acc 0.5751633986928104 Test_acc 0.5885416666666666 Test_auc 0.6416059188336416
09-Aug-26 12:04:07 - Epoch 21, Model Loss -1.4327355313027939, View Loss -2.516869427919778, Reg 0.18957024576133286
09-Aug-26 12:05:06 - Epoch 22, Model Loss -1.4118003977886393, View Loss -2.446323070900725, Reg 0.19049371376560478
09-Aug-26 12:06:04 - Epoch 23, Model Loss -1.4132352226494571, View Loss -2.4101363929711077, Reg 0.19111126397908612
09-Aug-26 12:07:02 - Epoch 24, Model Loss -1.4100963066525622, View Loss -2.4445426819172313, Reg 0.19307300697176819
09-Aug-26 12:08:01 - Epoch 25, Model Loss -1.443085411371459, View Loss -2.4965497600661557, Reg 0.1929833162240623
/users/3171356m/miniconda3/envs/grastiacl/lib/python3.12/site-packages/joblib/externals/loky/process_executor.py:782: UserWarning: A worker stopped while some jobs were given to the executor. This can be caused by a too short worker timeout or by a memory leak.
  warnings.warn(
09-Aug-26 12:08:10 - Epoch 25: Train_acc 0.8199672667757774 Val_acc 0.5555555555555556 Test_acc 0.59375 Test_auc 0.6051572190186052
09-Aug-26 12:09:09 - Epoch 26, Model Loss -1.4550464227429778, View Loss -2.5212015130125756, Reg 0.19206881137799514
09-Aug-26 12:10:07 - Epoch 27, Model Loss -1.4543643528427899, View Loss -2.4874912346248346, Reg 0.1896445039056132
09-Aug-26 12:11:06 - Epoch 28, Model Loss -1.460475118577773, View Loss -2.523956853707371, Reg 0.1905480155968237
09-Aug-26 12:12:05 - Epoch 29, Model Loss -1.4518326979417067, View Loss -2.4249251368783304, Reg 0.19186029623456166
09-Aug-26 12:13:03 - Epoch 30, Model Loss -1.4647198870607367, View Loss -2.4717742877779147, Reg 0.18922823106598738
09-Aug-26 12:13:13 - Epoch 30: Train_acc 0.8363338788870703 Val_acc 0.5424836601307189 Test_acc 0.5572916666666666 Test_auc 0.5668588836905668
09-Aug-26 12:14:11 - Epoch 31, Model Loss -1.464295644806957, View Loss -2.45262329629127, Reg 0.19232153751065806
09-Aug-26 12:15:10 - Epoch 32, Model Loss -1.4694000109908234, View Loss -2.4642845721954996, Reg 0.19053260374771594
09-Aug-26 12:16:08 - Epoch 33, Model Loss -1.4355441076275566, View Loss -2.3812461242738214, Reg 0.19049772710437274
09-Aug-26 12:17:06 - Epoch 34, Model Loss -1.4640326952583076, View Loss -2.449337408312409, Reg 0.19100124238946042
09-Aug-26 12:18:05 - Epoch 35, Model Loss -1.451859361801522, View Loss -2.4344412293254645, Reg 0.18968621793823429
09-Aug-26 12:18:14 - Epoch 35: Train_acc 0.8379705400981997 Val_acc 0.5686274509803921 Test_acc 0.5885416666666666 Test_auc 0.5799151343705798
09-Aug-26 12:19:12 - Epoch 36, Model Loss -1.4002278260825698, View Loss -2.2962996058300162, Reg 0.19826747152692167
09-Aug-26 12:20:10 - Epoch 37, Model Loss -1.4161291559472218, View Loss -2.3016840713113886, Reg 0.1929282566041681
09-Aug-26 12:21:09 - Epoch 38, Model Loss -1.4439285741890315, View Loss -2.3605436209570954, Reg 0.18974276416235392
09-Aug-26 12:22:07 - Epoch 39, Model Loss -1.4540595407376704, View Loss -2.4042600641078917, Reg 0.19259359648545712
09-Aug-26 12:23:06 - Epoch 40, Model Loss -1.463498376200125, View Loss -2.393153484831465, Reg 0.1892192616400274
09-Aug-26 12:23:17 - Epoch 40: Train_acc 0.7528641571194763 Val_acc 0.5947712418300654 Test_acc 0.5572916666666666 Test_auc 0.611902948536612
09-Aug-26 12:24:15 - Epoch 41, Model Loss -1.4680636752451695, View Loss -2.438470955956392, Reg 0.19183653417468657
09-Aug-26 12:25:14 - Epoch 42, Model Loss -1.4783498995042668, View Loss -2.426345029946435, Reg 0.18783568399432443
09-Aug-26 12:26:12 - Epoch 43, Model Loss -1.4804808199893433, View Loss -2.453774851004543, Reg 0.19154117062517156
09-Aug-26 12:27:11 - Epoch 44, Model Loss -1.4842566382475257, View Loss -2.4506914315169066, Reg 0.1882719345110333
09-Aug-26 12:28:10 - Epoch 45, Model Loss -1.489097605360315, View Loss -2.4039411021917814, Reg 0.1899150003680621
09-Aug-26 12:28:19 - Epoch 45: Train_acc 0.8281505728314239 Val_acc 0.5620915032679739 Test_acc 0.546875 Test_auc 0.5627244043085627
09-Aug-26 12:29:18 - Epoch 46, Model Loss -1.4871811359486682, View Loss -2.39087333148513, Reg 0.19144500257925978
09-Aug-26 12:30:16 - Epoch 47, Model Loss -1.4727283187466635, View Loss -2.3747895493640057, Reg 0.18960102061007886
09-Aug-26 12:31:15 - Epoch 48, Model Loss -1.4757865938539396, View Loss -2.3691845283570734, Reg 0.1924664629851933
09-Aug-26 12:32:13 - Epoch 49, Model Loss -1.4876268686522438, View Loss -2.3663967057647954, Reg 0.1902567706209548
09-Aug-26 12:33:12 - Epoch 50, Model Loss -1.4751477280537157, View Loss -2.338028514443755, Reg 0.1900454031855307
/users/3171356m/miniconda3/envs/grastiacl/lib/python3.12/site-packages/joblib/externals/loky/process_executor.py:782: UserWarning: A worker stopped while some jobs were given to the executor. This can be caused by a too short worker timeout or by a memory leak.
  warnings.warn(
09-Aug-26 12:33:22 - Epoch 50: Train_acc 0.8281505728314239 Val_acc 0.5228758169934641 Test_acc 0.5572916666666666 Test_auc 0.557066695680557
09-Aug-26 12:34:21 - Epoch 51, Model Loss -1.4852871848011173, View Loss -2.3620913547696927, Reg 0.18998529638869477
09-Aug-26 12:35:19 - Epoch 52, Model Loss -1.4670338029752192, View Loss -2.3250391658901584, Reg 0.18956367250794084
09-Aug-26 12:36:18 - Epoch 53, Model Loss -1.476173264305252, View Loss -2.3619723249769446, Reg 0.1909958549246265
09-Aug-26 12:37:16 - Epoch 54, Model Loss -1.4711351901926892, View Loss -2.3901366953373735, Reg 0.1859773588892676
09-Aug-26 12:38:14 - Epoch 55, Model Loss -1.4249863772852722, View Loss -2.2104331264714365, Reg 0.19129151203433348
/users/3171356m/miniconda3/envs/grastiacl/lib/python3.12/site-packages/joblib/externals/loky/process_executor.py:782: UserWarning: A worker stopped while some jobs were given to the executor. This can be caused by a too short worker timeout or by a memory leak.
  warnings.warn(
09-Aug-26 12:38:23 - Epoch 55: Train_acc 0.7332242225859247 Val_acc 0.6209150326797386 Test_acc 0.6197916666666666 Test_auc 0.6235447720596236
09-Aug-26 12:39:21 - Epoch 56, Model Loss -1.4720559955228565, View Loss -2.3067093238893, Reg 0.18772970678958487
09-Aug-26 12:40:19 - Epoch 57, Model Loss -1.478308932090547, View Loss -2.3284101267688206, Reg 0.19091519281731495
09-Aug-26 12:41:18 - Epoch 58, Model Loss -1.4353079335389083, View Loss -2.187262004409016, Reg 0.1896621569527737
09-Aug-26 12:42:16 - Epoch 59, Model Loss -1.4603302170524035, View Loss -2.2527700602130296, Reg 0.1888046636323882
09-Aug-26 12:43:15 - Epoch 60, Model Loss -1.4566789110436573, View Loss -2.218958199902174, Reg 0.19038044199128001
09-Aug-26 12:43:22 - Epoch 60: Train_acc 0.7266775777414075 Val_acc 0.6013071895424836 Test_acc 0.6145833333333334 Test_auc 0.6385594603416386
09-Aug-26 12:44:21 - Epoch 61, Model Loss -1.4789484791982, View Loss -2.299525921941779, Reg 0.18956462117049191
09-Aug-26 12:45:19 - Epoch 62, Model Loss -1.4350378634301417, View Loss -2.122999503452532, Reg 0.18615361029943742
09-Aug-26 12:46:18 - Epoch 63, Model Loss -1.477256885722109, View Loss -2.305244238989248, Reg 0.1845567506507844
09-Aug-26 12:47:16 - Epoch 64, Model Loss -1.452615378141013, View Loss -2.304457830719394, Reg 0.1873811483870942
09-Aug-26 12:48:15 - Epoch 65, Model Loss -1.476980654190488, View Loss -2.3216005698358564, Reg 0.1872501521570983
09-Aug-26 12:48:23 - Epoch 65: Train_acc 0.8314238952536824 Val_acc 0.5555555555555556 Test_acc 0.5885416666666666 Test_auc 0.5985202915895985
09-Aug-26 12:49:21 - Epoch 66, Model Loss -1.445257503740526, View Loss -2.199877628132872, Reg 0.1853349034700378
09-Aug-26 12:50:20 - Epoch 67, Model Loss -1.4772475050631209, View Loss -2.276642400582371, Reg 0.19064052032273257
09-Aug-26 12:51:19 - Epoch 68, Model Loss -1.4812753703902475, View Loss -2.2709886922383657, Reg 0.18696688535072994
09-Aug-26 12:52:17 - Epoch 69, Model Loss -1.4447997104126575, View Loss -2.238382143591898, Reg 0.187857746456044
09-Aug-26 12:53:16 - Epoch 70, Model Loss -1.4816983444600955, View Loss -2.2846901623590097, Reg 0.18780305788969642
09-Aug-26 12:53:24 - Epoch 70: Train_acc 0.7217675941080196 Val_acc 0.6078431372549019 Test_acc 0.59375 Test_auc 0.6335545642476335
09-Aug-26 12:54:22 - Epoch 71, Model Loss -1.4493926449415142, View Loss -2.192713161537183, Reg 0.1857590379281832
09-Aug-26 12:55:21 - Epoch 72, Model Loss -1.4847563511025885, View Loss -2.253667329610272, Reg 0.18977455143647576
09-Aug-26 12:56:19 - Epoch 73, Model Loss -1.4878508041806384, View Loss -2.226296273464072, Reg 0.18683157322254587
09-Aug-26 12:57:18 - Epoch 74, Model Loss -1.4967104557493118, View Loss -2.2714940818749163, Reg 0.18623202531895738
09-Aug-26 12:58:16 - Epoch 75, Model Loss -1.5038907118202622, View Loss -2.284133286796108, Reg 0.18828892198112318
09-Aug-26 12:58:25 - Epoch 75: Train_acc 0.8150572831423896 Val_acc 0.5882352941176471 Test_acc 0.5885416666666666 Test_auc 0.5916657599825916
09-Aug-26 12:59:23 - Epoch 76, Model Loss -1.5031414617298082, View Loss -2.2772716141371405, Reg 0.18596064161551953
09-Aug-26 13:00:22 - Epoch 77, Model Loss -1.5068924508976662, View Loss -2.278620776880392, Reg 0.18675175929859694
09-Aug-26 13:01:20 - Epoch 78, Model Loss -1.5040106531445991, View Loss -2.2873791430858854, Reg 0.18551762131349156
09-Aug-26 13:02:19 - Epoch 79, Model Loss -1.5087443334576347, View Loss -2.2824867142397918, Reg 0.1870271370619682
09-Aug-26 13:03:17 - Epoch 80, Model Loss -1.4790487835723327, View Loss -2.219903425382124, Reg 0.18745540836048594
09-Aug-26 13:03:26 - Epoch 80: Train_acc 1.0 Val_acc 0.5294117647058824 Test_acc 0.4739583333333333 Test_auc 0.4696986182134697
09-Aug-26 13:04:24 - Epoch 81, Model Loss -1.5040793317429564, View Loss -2.2561284805085577, Reg 0.18668461801962843
09-Aug-26 13:05:23 - Epoch 82, Model Loss -1.4940688028663347, View Loss -2.2869079116908697, Reg 0.1911482998519014
09-Aug-26 13:06:21 - Epoch 83, Model Loss -1.510151544686425, View Loss -2.2828295749845364, Reg 0.18690034142297535
09-Aug-26 13:07:20 - Epoch 84, Model Loss -1.5023708281072188, View Loss -2.2438690104383103, Reg 0.18648878491061407
09-Aug-26 13:08:18 - Epoch 85, Model Loss -1.5072990751500606, View Loss -2.2639173423404975, Reg 0.18615874921241485
09-Aug-26 13:08:25 - Epoch 85: Train_acc 0.7364975450081833 Val_acc 0.6274509803921569 Test_acc 0.6145833333333334 Test_auc 0.6320313350016321
09-Aug-26 13:09:23 - Epoch 86, Model Loss -1.508630198464651, View Loss -2.283046942490798, Reg 0.1871958510087477
09-Aug-26 13:10:22 - Epoch 87, Model Loss -1.49605792087736, View Loss -2.221592543363181, Reg 0.18385218076542045
09-Aug-26 13:11:20 - Epoch 88, Model Loss -1.5094566079871745, View Loss -2.260116062851077, Reg 0.18789096179063114
09-Aug-26 13:12:19 - Epoch 89, Model Loss -1.5128818627465181, View Loss -2.278095612159142, Reg 0.18804328855730704
09-Aug-26 13:13:17 - Epoch 90, Model Loss -1.5057344647359145, View Loss -2.246918426988168, Reg 0.18724405043644132
09-Aug-26 13:13:26 - Epoch 90: Train_acc 0.7364975450081833 Val_acc 0.6143790849673203 Test_acc 0.6041666666666666 Test_auc 0.6398650854096399
09-Aug-26 13:14:25 - Epoch 91, Model Loss -1.494190445508192, View Loss -2.244852324359351, Reg 0.18651476463397473
09-Aug-26 13:15:23 - Epoch 92, Model Loss -1.5021434602877903, View Loss -2.2390783789114943, Reg 0.18708656757533454
09-Aug-26 13:16:22 - Epoch 93, Model Loss -1.5095426501697098, View Loss -2.2357903010716416, Reg 0.18724156462521874
09-Aug-26 13:17:20 - Epoch 94, Model Loss -1.5141590012270962, View Loss -2.255739222962025, Reg 0.1840336253765952
09-Aug-26 13:18:19 - Epoch 95, Model Loss -1.4672428535361532, View Loss -2.0853611287430733, Reg 0.18890524915314344
09-Aug-26 13:18:27 - Epoch 95: Train_acc 0.7135842880523732 Val_acc 0.5947712418300654 Test_acc 0.5885416666666666 Test_auc 0.6334457621586335
09-Aug-26 13:19:26 - Epoch 96, Model Loss -1.4928489004531587, View Loss -2.178485146130751, Reg 0.18649473288835752
09-Aug-26 13:20:24 - Epoch 97, Model Loss -1.5127041312559537, View Loss -2.262256217276016, Reg 0.1871125589074558
09-Aug-26 13:21:23 - Epoch 98, Model Loss -1.504508563227427, View Loss -2.2449382377724407, Reg 0.18720485082234573
09-Aug-26 13:22:21 - Epoch 99, Model Loss -1.48330521466494, View Loss -2.162094438524761, Reg 0.18413837571093378
09-Aug-26 13:23:19 - Epoch 100, Model Loss -1.506166195908467, View Loss -2.2589336440528083, Reg 0.18875655985502876
09-Aug-26 13:23:24 - Epoch 100: Train_acc 0.7315875613747954 Val_acc 0.5686274509803921 Test_acc 0.5833333333333334 Test_auc 0.6301816994886302
09-Aug-26 13:24:22 - Epoch 101, Model Loss -1.5127564475501227, View Loss -2.269398676783285, Reg 0.18620152778789376
09-Aug-26 13:25:19 - Epoch 102, Model Loss -1.4960946849442152, View Loss -2.2223983833325476, Reg 0.18687639591541697
09-Aug-26 13:26:16 - Epoch 103, Model Loss -1.5060006257164888, View Loss -2.237975110398962, Reg 0.18762937507633295
09-Aug-26 13:27:13 - Epoch 104, Model Loss -1.514184196334814, View Loss -2.259758092377658, Reg 0.18751490264887116
09-Aug-26 13:28:10 - Epoch 105, Model Loss -1.51164088116535, View Loss -2.2423082194039554, Reg 0.1875607685449666
09-Aug-26 13:28:16 - Epoch 105: Train_acc 0.7283142389525368 Val_acc 0.5424836601307189 Test_acc 0.5833333333333334 Test_auc 0.6313785224676314
09-Aug-26 13:29:13 - Epoch 106, Model Loss -1.5188848164584945, View Loss -2.270625409440011, Reg 0.1855882234786029
09-Aug-26 13:30:09 - Epoch 107, Model Loss -1.4839765561192788, View Loss -2.1048933261740226, Reg 0.18885087152354652
09-Aug-26 13:31:06 - Epoch 108, Model Loss -1.4881753960529833, View Loss -2.1543904224901467, Reg 0.1866494728383378
09-Aug-26 13:32:02 - Epoch 109, Model Loss -1.4996266981583766, View Loss -2.242952259394619, Reg 0.1883316229778889
09-Aug-26 13:32:59 - Epoch 110, Model Loss -1.5069692380689754, View Loss -2.2549317160136573, Reg 0.18606579971976833
09-Aug-26 13:33:09 - Epoch 110: Train_acc 0.7299509001636661 Val_acc 0.5947712418300654 Test_acc 0.59375 Test_auc 0.6511805026656512
09-Aug-26 13:34:05 - Epoch 111, Model Loss -1.4742718835509154, View Loss -2.133735011330213, Reg 0.18658039712769312
09-Aug-26 13:35:02 - Epoch 112, Model Loss -1.4727934206761237, View Loss -2.170592383745259, Reg 0.18884129049149745
09-Aug-26 13:35:59 - Epoch 113, Model Loss -1.5000789801539844, View Loss -2.2414182305531103, Reg 0.18770279434133083
09-Aug-26 13:36:56 - Epoch 114, Model Loss -1.5068951347650756, View Loss -2.2379580667873453, Reg 0.18561094979802834
09-Aug-26 13:37:53 - Epoch 115, Model Loss -1.4694769441008373, View Loss -2.079270963778082, Reg 0.18708542585616805
09-Aug-26 13:38:01 - Epoch 115: Train_acc 0.7152209492635024 Val_acc 0.6274509803921569 Test_acc 0.625 Test_auc 0.6685888369056686
09-Aug-26 13:38:58 - Epoch 116, Model Loss -1.50584535864098, View Loss -2.2370414015899507, Reg 0.18521355538828674
09-Aug-26 13:39:54 - Epoch 117, Model Loss -1.5076378464893896, View Loss -2.2299311750259023, Reg 0.18792477942722713
09-Aug-26 13:40:51 - Epoch 118, Model Loss -1.4985930416275748, View Loss -2.2210725247372194, Reg 0.18606997260583014
09-Aug-26 13:41:48 - Epoch 119, Model Loss -1.516384781870241, View Loss -2.25736540780325, Reg 0.187024916740174
09-Aug-26 13:42:45 - Epoch 120, Model Loss -1.5164655257754163, View Loss -2.2558210969166357, Reg 0.18528052252365212
09-Aug-26 13:42:52 - Epoch 120: Train_acc 0.7152209492635024 Val_acc 0.6013071895424836 Test_acc 0.625 Test_auc 0.6747905559786749
09-Aug-26 13:43:49 - Epoch 121, Model Loss -1.481640580828178, View Loss -2.127482647591449, Reg 0.18707636757197435
09-Aug-26 13:44:45 - Epoch 122, Model Loss -1.5126707635807717, View Loss -2.2592934820733954, Reg 0.18811795276432694
09-Aug-26 13:45:42 - Epoch 123, Model Loss -1.5110709608674244, View Loss -2.2482676108027833, Reg 0.18682720927969718
09-Aug-26 13:46:39 - Epoch 124, Model Loss -1.517771219856025, View Loss -2.2637366780282626, Reg 0.18551010556775108
09-Aug-26 13:47:36 - Epoch 125, Model Loss -1.5184193672017847, View Loss -2.267309897464933, Reg 0.18643551811258843
09-Aug-26 13:47:43 - Epoch 125: Train_acc 0.723404255319149 Val_acc 0.5947712418300654 Test_acc 0.5885416666666666 Test_auc 0.6470460232836471
09-Aug-26 13:48:40 - Epoch 126, Model Loss -1.5267100630727415, View Loss -2.257573029413551, Reg 0.18625026238920644
09-Aug-26 13:49:36 - Epoch 127, Model Loss -1.5211042725708208, View Loss -2.236570983393493, Reg 0.1862559885323145
09-Aug-26 13:50:33 - Epoch 128, Model Loss -1.5270973274243445, View Loss -2.261873139882439, Reg 0.18695159005260312
09-Aug-26 13:51:29 - Epoch 129, Model Loss -1.5235210893197066, View Loss -2.2283329432997885, Reg 0.18412915113612205
09-Aug-26 13:52:26 - Epoch 130, Model Loss -1.5276381981158218, View Loss -2.240725347921618, Reg 0.18726902414851024
09-Aug-26 13:52:32 - Epoch 130: Train_acc 0.734860883797054 Val_acc 0.6013071895424836 Test_acc 0.6041666666666666 Test_auc 0.6362746164726363
09-Aug-26 13:53:29 - Epoch 131, Model Loss -1.5261997029356011, View Loss -2.2513027487722046, Reg 0.18627345583930538
09-Aug-26 13:54:25 - Epoch 132, Model Loss -1.502990794454971, View Loss -2.1529964347127613, Reg 0.18720892849706003
09-Aug-26 13:55:22 - Epoch 133, Model Loss -1.5188695920079507, View Loss -2.2245684239751187, Reg 0.1862810552607972
09-Aug-26 13:56:19 - Epoch 134, Model Loss -1.4991885472436584, View Loss -2.178494241155696, Reg 0.18700002697212606
09-Aug-26 13:57:15 - Epoch 135, Model Loss -1.5025100427056295, View Loss -2.173596075045497, Reg 0.18522081380243582
09-Aug-26 13:57:22 - Epoch 135: Train_acc 0.8183306055646481 Val_acc 0.5751633986928104 Test_acc 0.59375 Test_auc 0.6150582091176151
09-Aug-26 13:58:19 - Epoch 136, Model Loss -1.5078063908653447, View Loss -2.199361602920557, Reg 0.18629244069908724
09-Aug-26 13:59:15 - Epoch 137, Model Loss -1.5118348703837043, View Loss -2.223440569863577, Reg 0.18470058820641763
09-Aug-26 14:00:12 - Epoch 138, Model Loss -1.5171087096443738, View Loss -2.182005183786495, Reg 0.1865634119257014
09-Aug-26 14:01:09 - Epoch 139, Model Loss -1.5145718844549552, View Loss -2.24342648994708, Reg 0.18518327081457098
09-Aug-26 14:02:05 - Epoch 140, Model Loss -1.5227991055739882, View Loss -2.2311086053739007, Reg 0.18653076296937446
09-Aug-26 14:02:11 - Epoch 140: Train_acc 0.7381342062193126 Val_acc 0.5882352941176471 Test_acc 0.59375 Test_auc 0.6313785224676315
09-Aug-26 14:03:07 - Epoch 141, Model Loss -1.5274480025233692, View Loss -2.2297162767713083, Reg 0.18579435163160782
09-Aug-26 14:04:04 - Epoch 142, Model Loss -1.5342146815722977, View Loss -2.2596551181836917, Reg 0.18385922177138384
09-Aug-26 14:05:01 - Epoch 143, Model Loss -1.5260240286344788, View Loss -2.255390509841095, Reg 0.18516042248121845
09-Aug-26 14:05:58 - Epoch 144, Model Loss -1.5338856701765045, View Loss -2.2571505017444466, Reg 0.18466411972397087
09-Aug-26 14:06:54 - Epoch 145, Model Loss -1.5261955432923062, View Loss -2.2191575459294546, Reg 0.18415768600622293
09-Aug-26 14:07:00 - Epoch 145: Train_acc 0.7283142389525368 Val_acc 0.6013071895424836 Test_acc 0.5885416666666666 Test_auc 0.6450875856816451
09-Aug-26 14:07:57 - Epoch 146, Model Loss -1.525889484074619, View Loss -2.220072756422327, Reg 0.18375283148011679
09-Aug-26 14:08:54 - Epoch 147, Model Loss -1.529147450935626, View Loss -2.246963221585887, Reg 0.18664028060221632
09-Aug-26 14:09:50 - Epoch 148, Model Loss -1.5114140885161105, View Loss -2.1852894523920288, Reg 0.1853393619291716
09-Aug-26 14:10:47 - Epoch 149, Model Loss -1.5145109429492107, View Loss -2.189791247809577, Reg 0.18606434660047635
09-Aug-26 14:11:44 - Epoch 150, Model Loss -1.5255288968499865, View Loss -2.220421825415179, Reg 0.18555791429724122
09-Aug-26 14:11:50 - Epoch 150: Train_acc 0.7299509001636661 Val_acc 0.6274509803921569 Test_acc 0.640625 Test_auc 0.6559677945816559
09-Aug-26 14:12:47 - Epoch 151, Model Loss -1.5170937700474516, View Loss -2.1943807968726525, Reg 0.18379048722660482
09-Aug-26 14:13:43 - Epoch 152, Model Loss -1.5278624130348917, View Loss -2.237570652594933, Reg 0.18656363839408574
09-Aug-26 14:14:40 - Epoch 153, Model Loss -1.5259662774892955, View Loss -2.234049319440526, Reg 0.18808635220590084
09-Aug-26 14:15:37 - Epoch 154, Model Loss -1.5350192752095173, View Loss -2.215476668993112, Reg 0.18899342025067725
09-Aug-26 14:16:34 - Epoch 155, Model Loss -1.5367137016134058, View Loss -2.246499565736362, Reg 0.18360326325737317
09-Aug-26 14:16:39 - Epoch 155: Train_acc 0.7217675941080196 Val_acc 0.6274509803921569 Test_acc 0.6302083333333334 Test_auc 0.6564030029376564
09-Aug-26 14:17:35 - Epoch 156, Model Loss -1.53693483699168, View Loss -2.237709415329654, Reg 0.18469296581128616
09-Aug-26 14:18:32 - Epoch 157, Model Loss -1.5259253849959802, View Loss -2.214818053081656, Reg 0.18603223691497808
09-Aug-26 14:19:28 - Epoch 158, Model Loss -1.519472337588546, View Loss -2.178666376248124, Reg 0.18456141101943296
09-Aug-26 14:20:25 - Epoch 159, Model Loss -1.5359493043340755, View Loss -2.2401559583098916, Reg 0.185796341704854
09-Aug-26 14:21:22 - Epoch 160, Model Loss -1.5305771960369303, View Loss -2.2057396120798765, Reg 0.18416186607459564
09-Aug-26 14:21:34 - Epoch 160: Train_acc 0.7283142389525368 Val_acc 0.6143790849673203 Test_acc 0.6145833333333334 Test_auc 0.65009248177565
09-Aug-26 14:22:30 - Epoch 161, Model Loss -1.5325559516194995, View Loss -2.234685725354134, Reg 0.1866977242737667
09-Aug-26 14:23:27 - Epoch 162, Model Loss -1.5416854149776278, View Loss -2.266318015303042, Reg 0.18286632306251902
09-Aug-26 14:24:24 - Epoch 163, Model Loss -1.5392782621805094, View Loss -2.2499562285340553, Reg 0.18721721217694728
09-Aug-26 14:25:20 - Epoch 164, Model Loss -1.5393026659414537, View Loss -2.2378123419179463, Reg 0.18348022883242748
09-Aug-26 14:26:17 - Epoch 165, Model Loss -1.5309951722914577, View Loss -2.1900045032782174, Reg 0.18468305502702678
09-Aug-26 14:26:24 - Epoch 165: Train_acc 0.7184942716857611 Val_acc 0.6013071895424836 Test_acc 0.640625 Test_auc 0.6599934718746601
09-Aug-26 14:27:21 - Epoch 166, Model Loss -1.5307519837799322, View Loss -2.1772230190458157, Reg 0.1859438988561521
09-Aug-26 14:28:18 - Epoch 167, Model Loss -1.533240854447485, View Loss -2.2480269531961743, Reg 0.18738515834810301
09-Aug-26 14:29:14 - Epoch 168, Model Loss -1.5351574924300424, View Loss -2.240571824306357, Reg 0.1853870509494151
09-Aug-26 14:30:11 - Epoch 169, Model Loss -1.5255136926903858, View Loss -2.230180780938331, Reg 0.18738435118561292
09-Aug-26 14:31:08 - Epoch 170, Model Loss -1.5354886593483084, View Loss -2.2029262244603833, Reg 0.1860946523918848
09-Aug-26 14:31:14 - Epoch 170: Train_acc 0.7250409165302782 Val_acc 0.6143790849673203 Test_acc 0.640625 Test_auc 0.649004460885649
09-Aug-26 14:32:10 - Epoch 171, Model Loss -1.522165765153601, View Loss -2.1779008653081964, Reg 0.18641639950817815
09-Aug-26 14:33:07 - Epoch 172, Model Loss -1.5376392651696837, View Loss -2.2454464072681684, Reg 0.18593988807814016
09-Aug-26 14:34:04 - Epoch 173, Model Loss -1.5201212349187723, View Loss -2.145093417596895, Reg 0.18470858056982292
09-Aug-26 14:35:01 - Epoch 174, Model Loss -1.5205600413870304, View Loss -2.1837704419699513, Reg 0.1866311850895078
09-Aug-26 14:35:57 - Epoch 175, Model Loss -1.5287374794580737, View Loss -2.206035805216788, Reg 0.18440415133430993
09-Aug-26 14:36:06 - Epoch 175: Train_acc 0.7201309328968903 Val_acc 0.6143790849673203 Test_acc 0.6354166666666666 Test_auc 0.6429115439016428
09-Aug-26 14:37:03 - Epoch 176, Model Loss -1.5357899345859958, View Loss -2.2231087895344985, Reg 0.1844490619830531
09-Aug-26 14:37:59 - Epoch 177, Model Loss -1.5228191819011483, View Loss -2.1646572610945634, Reg 0.18707483861772206
09-Aug-26 14:38:56 - Epoch 178, Model Loss -1.5147571306181813, View Loss -2.142523652402937, Reg 0.18440320407407765
09-Aug-26 14:39:53 - Epoch 179, Model Loss -1.5026228275704892, View Loss -2.134147117258874, Reg 0.1877680775479287
09-Aug-26 14:40:50 - Epoch 180, Model Loss -1.513450076263977, View Loss -2.1904421422368374, Reg 0.18686596151752285
09-Aug-26 14:40:56 - Epoch 180: Train_acc 0.7184942716857611 Val_acc 0.6405228758169934 Test_acc 0.625 Test_auc 0.6405178979436406
09-Aug-26 14:41:53 - Epoch 181, Model Loss -1.5256502078129694, View Loss -2.203877864999974, Reg 0.1844694464667144
09-Aug-26 14:42:50 - Epoch 182, Model Loss -1.5335882673872279, View Loss -2.2159799514932836, Reg 0.18655065521475922
09-Aug-26 14:43:46 - Epoch 183, Model Loss -1.5286201408373743, View Loss -2.2011579249767546, Reg 0.1852287592308416
09-Aug-26 14:44:43 - Epoch 184, Model Loss -1.5263806232258847, View Loss -2.1923449176032883, Reg 0.18277014766357924
09-Aug-26 14:45:40 - Epoch 185, Model Loss -1.5266376290891057, View Loss -2.182214734597214, Reg 0.185753259155442
09-Aug-26 14:45:49 - Epoch 185: Train_acc 0.7152209492635024 Val_acc 0.6143790849673203 Test_acc 0.6302083333333334 Test_auc 0.652921336089653
09-Aug-26 14:46:46 - Epoch 186, Model Loss -1.5184327951234609, View Loss -2.1554751364962366, Reg 0.18500217751473336
09-Aug-26 14:47:43 - Epoch 187, Model Loss -1.5227527813513424, View Loss -2.1918877088106594, Reg 0.18411475532183671
09-Aug-26 14:48:39 - Epoch 188, Model Loss -1.5244853008788464, View Loss -2.2187136901380975, Reg 0.18656103232488305
09-Aug-26 14:49:36 - Epoch 189, Model Loss -1.5147796481018565, View Loss -2.1612657010067506, Reg 0.18377087473771772
09-Aug-26 14:50:33 - Epoch 190, Model Loss -1.516768567885978, View Loss -2.1584462081547064, Reg 0.18620481706680136
09-Aug-26 14:50:40 - Epoch 190: Train_acc 0.7135842880523732 Val_acc 0.6339869281045751 Test_acc 0.6041666666666666 Test_auc 0.6394298770536394
09-Aug-26 14:51:37 - Epoch 191, Model Loss -1.5377585805964744, View Loss -2.221407276128591, Reg 0.18525199779902268
09-Aug-26 14:52:33 - Epoch 192, Model Loss -1.5376609952086904, View Loss -2.2315956098553396, Reg 0.1867856243823437
09-Aug-26 14:53:30 - Epoch 193, Model Loss -1.531543581848644, View Loss -2.2154503844178444, Reg 0.18406801101326356
09-Aug-26 14:54:27 - Epoch 194, Model Loss -1.541163614650795, View Loss -2.241940343828716, Reg 0.18545392165402538
09-Aug-26 14:55:24 - Epoch 195, Model Loss -1.5233531887909784, View Loss -2.1706290713308682, Reg 0.18404095069964077
09-Aug-26 14:55:30 - Epoch 195: Train_acc 0.7201309328968903 Val_acc 0.6209150326797386 Test_acc 0.6354166666666666 Test_auc 0.6385594603416386
09-Aug-26 14:56:27 - Epoch 196, Model Loss -1.5261388753713054, View Loss -2.194305512011539, Reg 0.18703992833092248
09-Aug-26 14:57:24 - Epoch 197, Model Loss -1.5269100763598753, View Loss -2.1781496283660737, Reg 0.18272069347763217
09-Aug-26 14:58:20 - Epoch 198, Model Loss -1.5353187063126634, View Loss -2.217686273072238, Reg 0.18431266849638006
09-Aug-26 14:59:17 - Epoch 199, Model Loss -1.5351920783422193, View Loss -2.20809427532939, Reg 0.1847060384707443
09-Aug-26 15:00:14 - Epoch 200, Model Loss -1.5283284577527334, View Loss -2.180641077544217, Reg 0.18429448234859347
09-Aug-26 15:00:22 - Epoch 200: Train_acc 0.7201309328968903 Val_acc 0.6143790849673203 Test_acc 0.6302083333333334 Test_auc 0.6495484713306495
09-Aug-26 15:01:18 - Epoch 201, Model Loss -1.5345168878520958, View Loss -2.2006028584294546, Reg 0.18367574087141383
09-Aug-26 15:02:15 - Epoch 202, Model Loss -1.5363525368773214, View Loss -2.217932687063264, Reg 0.18539032179087936
09-Aug-26 15:03:12 - Epoch 203, Model Loss -1.5285517556772685, View Loss -2.1895336511677495, Reg 0.18385681117322364
09-Aug-26 15:04:08 - Epoch 204, Model Loss -1.528452475995752, View Loss -2.1628237512029718, Reg 0.18400003730567896
09-Aug-26 15:05:05 - Epoch 205, Model Loss -1.5037824455923028, View Loss -2.1144468241939762, Reg 0.1881786771423493
09-Aug-26 15:05:11 - Epoch 205: Train_acc 0.8117839607201309 Val_acc 0.6339869281045751 Test_acc 0.5885416666666666 Test_auc 0.617016646719617
09-Aug-26 15:06:08 - Epoch 206, Model Loss -1.5321155741640082, View Loss -2.2145149376115314, Reg 0.182483754942343
09-Aug-26 15:07:05 - Epoch 207, Model Loss -1.537494425297564, View Loss -2.2224053915120576, Reg 0.1850366814583296
09-Aug-26 15:08:01 - Epoch 208, Model Loss -1.5350986611823598, View Loss -2.1953069613530087, Reg 0.18316395119832501
09-Aug-26 15:08:58 - Epoch 209, Model Loss -1.5374072694544316, View Loss -2.2071709562635657, Reg 0.18512606808577348
09-Aug-26 15:09:55 - Epoch 210, Model Loss -1.5364585063266285, View Loss -2.213632255841394, Reg 0.18478368215397026
09-Aug-26 15:10:00 - Epoch 210: Train_acc 0.7283142389525368 Val_acc 0.6274509803921569 Test_acc 0.5833333333333334 Test_auc 0.621042324012621
09-Aug-26 15:10:57 - Epoch 211, Model Loss -1.5175490792956563, View Loss -2.119248611837284, Reg 0.1843539693936974
09-Aug-26 15:11:54 - Epoch 212, Model Loss -1.527708212014306, View Loss -2.1791954102961015, Reg 0.18491464024089557
09-Aug-26 15:12:50 - Epoch 213, Model Loss -1.5339743166235191, View Loss -2.2162496391958184, Reg 0.18420811675476756
09-Aug-26 15:13:47 - Epoch 214, Model Loss -1.5406100621200036, View Loss -2.220276329989519, Reg 0.1843187330494926
09-Aug-26 15:14:43 - Epoch 215, Model Loss -1.5427127313691933, View Loss -2.211361515151303, Reg 0.18354781601218273
09-Aug-26 15:14:50 - Epoch 215: Train_acc 0.734860883797054 Val_acc 0.6405228758169934 Test_acc 0.5989583333333334 Test_auc 0.6348601893156349
09-Aug-26 15:15:47 - Epoch 216, Model Loss -1.532508517638361, View Loss -2.192691648455181, Reg 0.18431562082857236
09-Aug-26 15:16:44 - Epoch 217, Model Loss -1.5263066143529114, View Loss -2.2901854710180904, Reg 0.1863925607231752
09-Aug-26 15:17:41 - Epoch 218, Model Loss -1.5403338540010094, View Loss -2.3246038635116553, Reg 0.18643315387630618
09-Aug-26 15:18:38 - Epoch 219, Model Loss -1.5357879320260155, View Loss -2.198184682967815, Reg 0.18457543245118885
09-Aug-26 15:19:34 - Epoch 220, Model Loss -1.5440777468017979, View Loss -2.25701696080584, Reg 0.18348887404228778
09-Aug-26 15:19:40 - Epoch 220: Train_acc 0.7135842880523732 Val_acc 0.6535947712418301 Test_acc 0.6145833333333334 Test_auc 0.6347513872266347
09-Aug-26 15:20:37 - Epoch 221, Model Loss -1.5291890504902592, View Loss -2.191664959522004, Reg 0.18507643361040887
09-Aug-26 15:21:33 - Epoch 222, Model Loss -1.5181290108326415, View Loss -2.1190372075269734, Reg 0.1841631978750229
09-Aug-26 15:22:29 - Epoch 223, Model Loss -1.5342248208003817, View Loss -2.199345615218392, Reg 0.18429511290427705
09-Aug-26 15:23:25 - Epoch 224, Model Loss -1.5309202425218449, View Loss -2.1808862553485677, Reg 0.18449244200695555
09-Aug-26 15:24:21 - Epoch 225, Model Loss -1.5416471462593142, View Loss -2.196497106317998, Reg 0.18316755947426766
09-Aug-26 15:24:27 - Epoch 225: Train_acc 0.7266775777414075 Val_acc 0.5947712418300654 Test_acc 0.59375 Test_auc 0.6247415950386247
09-Aug-26 15:25:23 - Epoch 226, Model Loss -1.5279376643379075, View Loss -2.2183656083776597, Reg 0.18329988407815537
09-Aug-26 15:26:19 - Epoch 227, Model Loss -1.5286513826460768, View Loss -2.1474324482357443, Reg 0.18493135280773018
09-Aug-26 15:27:15 - Epoch 228, Model Loss -1.5308189243809875, View Loss -2.1950369474345455, Reg 0.18430735324486577
09-Aug-26 15:28:11 - Epoch 229, Model Loss -1.5353131169383147, View Loss -2.213831520704903, Reg 0.18481541181108174
09-Aug-26 15:29:07 - Epoch 230, Model Loss -1.5383841675354104, View Loss -2.1736533083814256, Reg 0.1835554450408917
09-Aug-26 15:29:14 - Epoch 230: Train_acc 0.723404255319149 Val_acc 0.6078431372549019 Test_acc 0.5885416666666666 Test_auc 0.6428027418126427
09-Aug-26 15:30:10 - Epoch 231, Model Loss -1.535039492012436, View Loss -2.1883486522980484, Reg 0.1843589566733365
09-Aug-26 15:31:06 - Epoch 232, Model Loss -1.5365482328761424, View Loss -2.1833364530397907, Reg 0.18523863713987135
09-Aug-26 15:32:03 - Epoch 233, Model Loss -1.5417365208390106, View Loss -2.219857467957292, Reg 0.18421515234656108
09-Aug-26 15:32:59 - Epoch 234, Model Loss -1.5361749146456805, View Loss -2.1909215087391156, Reg 0.1830561151773762
09-Aug-26 15:33:55 - Epoch 235, Model Loss -1.5304767855255577, View Loss -2.1473140178062327, Reg 0.18505047737283908
09-Aug-26 15:34:02 - Epoch 235: Train_acc 0.7250409165302782 Val_acc 0.6209150326797386 Test_acc 0.625 Test_auc 0.6462844086606464
09-Aug-26 15:34:58 - Epoch 236, Model Loss -1.5446745393319137, View Loss -2.2207686951819885, Reg 0.1831206377906612
09-Aug-26 15:35:54 - Epoch 237, Model Loss -1.531748610900779, View Loss -2.160410681254735, Reg 0.18365811696809559
09-Aug-26 15:36:51 - Epoch 238, Model Loss -1.5406691009596405, View Loss -2.2055173310437493, Reg 0.1834335894660747
09-Aug-26 15:37:47 - Epoch 239, Model Loss -1.5418359285095515, View Loss -2.209314112967633, Reg 0.1823675459077042
09-Aug-26 15:38:43 - Epoch 240, Model Loss -1.5484480108645076, View Loss -2.2194398920586766, Reg 0.18354596014693988
09-Aug-26 15:38:49 - Epoch 240: Train_acc 0.823240589198036 Val_acc 0.5882352941176471 Test_acc 0.5989583333333334 Test_auc 0.6283320639756282
09-Aug-26 15:39:46 - Epoch 241, Model Loss -1.5435860410649727, View Loss -2.2009082823845447, Reg 0.1839895143056267
09-Aug-26 15:40:42 - Epoch 242, Model Loss -1.5476918392212613, View Loss -2.2205505332072706, Reg 0.1840621742698838
09-Aug-26 15:41:39 - Epoch 243, Model Loss -1.5428772206782515, View Loss -2.20437741240581, Reg 0.1842066793902221
09-Aug-26 15:42:36 - Epoch 244, Model Loss -1.540485009819318, View Loss -2.1877252591222085, Reg 0.18248234640459382
09-Aug-26 15:43:32 - Epoch 245, Model Loss -1.5456682570437168, View Loss -2.212370383173666, Reg 0.18352275094209444
09-Aug-26 15:43:38 - Epoch 245: Train_acc 0.7250409165302782 Val_acc 0.6143790849673203 Test_acc 0.6041666666666666 Test_auc 0.6481340441736482
09-Aug-26 15:44:34 - Epoch 246, Model Loss -1.5494129685060092, View Loss -2.2315233015194655, Reg 0.18555061848386026
09-Aug-26 15:45:31 - Epoch 247, Model Loss -1.5459118154747395, View Loss -2.186516270895051, Reg 0.1827463779336302
09-Aug-26 15:46:28 - Epoch 248, Model Loss -1.5530771108774037, View Loss -2.214684270212576, Reg 0.1850902511815978
09-Aug-26 15:47:24 - Epoch 249, Model Loss -1.5513711077101686, View Loss -2.21018931674489, Reg 0.1840094838370668
09-Aug-26 15:48:20 - Epoch 250, Model Loss -1.545570826179267, View Loss -2.1999837497642503, Reg 0.18470106992120633
09-Aug-26 15:48:27 - Epoch 250: Train_acc 0.7315875613747954 Val_acc 0.5882352941176471 Test_acc 0.609375 Test_auc 0.6454139919486455
09-Aug-26 15:49:23 - Epoch 251, Model Loss -1.5489128084697816, View Loss -2.2191335003816945, Reg 0.18391280734695117
09-Aug-26 15:50:20 - Epoch 252, Model Loss -1.5347229735941037, View Loss -2.1404532285837026, Reg 0.18425367309204296
09-Aug-26 15:51:17 - Epoch 253, Model Loss -1.5434140339615692, View Loss -2.195647774273362, Reg 0.18296807804396423
09-Aug-26 15:52:13 - Epoch 254, Model Loss -1.5449816209009548, View Loss -2.215400041808083, Reg 0.18416379918931158
09-Aug-26 15:53:10 - Epoch 255, Model Loss -1.5515436415976667, View Loss -2.2163430836704086, Reg 0.1858154216296544
09-Aug-26 15:53:16 - Epoch 255: Train_acc 0.7299509001636661 Val_acc 0.6143790849673203 Test_acc 0.5885416666666666 Test_auc 0.6482428462626483
09-Aug-26 15:54:13 - Epoch 256, Model Loss -1.5449311058181787, View Loss -2.2048676111499144, Reg 0.18171029124536997
09-Aug-26 15:55:09 - Epoch 257, Model Loss -1.5497886116102753, View Loss -2.2054403479867988, Reg 0.18356382088360731
09-Aug-26 15:56:06 - Epoch 258, Model Loss -1.5498728877003571, View Loss -2.2007305805499735, Reg 0.18250607771100857
09-Aug-26 15:57:02 - Epoch 259, Model Loss -1.5477954057546763, View Loss -2.1977462066175897, Reg 0.18333315132292516
09-Aug-26 15:57:59 - Epoch 260, Model Loss -1.5501889792284678, View Loss -2.192048227338276, Reg 0.18498834538381737
09-Aug-26 15:58:06 - Epoch 260: Train_acc 0.7283142389525368 Val_acc 0.6078431372549019 Test_acc 0.6041666666666666 Test_auc 0.6410619083886411
09-Aug-26 15:59:02 - Epoch 261, Model Loss -1.5520026125806443, View Loss -2.206380300162857, Reg 0.1823509917175321
09-Aug-26 15:59:59 - Epoch 262, Model Loss -1.5424647971182914, View Loss -2.1821682620946006, Reg 0.1836803883509238
09-Aug-26 16:00:55 - Epoch 263, Model Loss -1.5384996487544134, View Loss -2.172519300651238, Reg 0.18343196236170256
09-Aug-26 16:01:52 - Epoch 264, Model Loss -1.5288010455192405, View Loss -2.096216872944184, Reg 0.18427338525530945
09-Aug-26 16:02:49 - Epoch 265, Model Loss -1.5439539291269455, View Loss -2.2020587967967833, Reg 0.18284911248960978
09-Aug-26 16:02:58 - Epoch 265: Train_acc 0.7479541734860884 Val_acc 0.6209150326797386 Test_acc 0.5989583333333334 Test_auc 0.6587966488956588
09-Aug-26 16:03:54 - Epoch 266, Model Loss -1.5374241975637584, View Loss -2.1505312989854577, Reg 0.18440575496508524
09-Aug-26 16:04:51 - Epoch 267, Model Loss -1.5433515573679524, View Loss -2.2016369863344685, Reg 0.18237104521738137
09-Aug-26 16:05:48 - Epoch 268, Model Loss -1.5480789646579474, View Loss -2.2326492318935363, Reg 0.18457331673018085
09-Aug-26 16:06:45 - Epoch 269, Model Loss -1.548489576861043, View Loss -2.2190600721418563, Reg 0.18442411435411332
09-Aug-26 16:07:41 - Epoch 270, Model Loss -1.551054512030169, View Loss -2.215516355736166, Reg 0.18088150053679847
09-Aug-26 16:07:46 - Epoch 270: Train_acc 0.7299509001636661 Val_acc 0.6078431372549019 Test_acc 0.6145833333333334 Test_auc 0.6597758676966599
09-Aug-26 16:08:43 - Epoch 271, Model Loss -1.5495863179333276, View Loss -2.212359064729631, Reg 0.18347337183507492
09-Aug-26 16:09:40 - Epoch 272, Model Loss -1.5533379384616783, View Loss -2.225598829272531, Reg 0.18375887751042747
09-Aug-26 16:10:37 - Epoch 273, Model Loss -1.5502975186037353, View Loss -2.2052806567053165, Reg 0.18201247060064793
09-Aug-26 16:11:33 - Epoch 274, Model Loss -1.5510458501388125, View Loss -2.1916994549053586, Reg 0.1844653133455353
09-Aug-26 16:12:30 - Epoch 275, Model Loss -1.5450451924250677, View Loss -2.21336377388912, Reg 0.18181752451312913
09-Aug-26 16:12:35 - Epoch 275: Train_acc 0.7299509001636661 Val_acc 0.6274509803921569 Test_acc 0.6041666666666666 Test_auc 0.6412795125666413
09-Aug-26 16:13:32 - Epoch 276, Model Loss -1.5336877460760687, View Loss -2.136870491133969, Reg 0.18401313064629043
09-Aug-26 16:14:29 - Epoch 277, Model Loss -1.5370047189990355, View Loss -2.157579333809511, Reg 0.18147039364675843
09-Aug-26 16:15:26 - Epoch 278, Model Loss -1.5120667443532991, View Loss -2.0543255579647184, Reg 0.1815121345185414
09-Aug-26 16:16:23 - Epoch 279, Model Loss -1.5320589561899438, View Loss -2.1608956324488364, Reg 0.1839525201121641
09-Aug-26 16:17:19 - Epoch 280, Model Loss -1.5341618712717109, View Loss -2.1997997116925476, Reg 0.1824939922351884
09-Aug-26 16:17:25 - Epoch 280: Train_acc 0.8314238952536824 Val_acc 0.5816993464052288 Test_acc 0.59375 Test_auc 0.6124469589816125
09-Aug-26 16:18:22 - Epoch 281, Model Loss -1.5218668296177142, View Loss -2.105509276475922, Reg 0.18555796541480893
09-Aug-26 16:19:19 - Epoch 282, Model Loss -1.534030742614047, View Loss -2.182883133084411, Reg 0.18295077157683926
09-Aug-26 16:20:15 - Epoch 283, Model Loss -1.5370515910771396, View Loss -2.1655910456044, Reg 0.1834704792294682
09-Aug-26 16:21:12 - Epoch 284, Model Loss -1.5213115507959345, View Loss -2.127233022948919, Reg 0.18406534333958757
09-Aug-26 16:22:09 - Epoch 285, Model Loss -1.5409997598239131, View Loss -2.1902446653175667, Reg 0.18367074690942092
09-Aug-26 16:22:14 - Epoch 285: Train_acc 0.7201309328968903 Val_acc 0.6013071895424836 Test_acc 0.5989583333333334 Test_auc 0.6356218039386357
09-Aug-26 16:23:11 - Epoch 286, Model Loss -1.535975534279881, View Loss -2.1976027317015903, Reg 0.18270051323255423
09-Aug-26 16:24:07 - Epoch 287, Model Loss -1.5438272114081, View Loss -2.1869902306414666, Reg 0.1846378337341908
09-Aug-26 16:25:04 - Epoch 288, Model Loss -1.5419155345610822, View Loss -2.1959102625932707, Reg 0.18132363240281807
09-Aug-26 16:26:01 - Epoch 289, Model Loss -1.5492962604653815, View Loss -2.1942597996388638, Reg 0.18316740423148276
09-Aug-26 16:26:58 - Epoch 290, Model Loss -1.547903198267161, View Loss -2.1839365787474887, Reg 0.1817783773091733
09-Aug-26 16:27:04 - Epoch 290: Train_acc 0.7201309328968903 Val_acc 0.6339869281045751 Test_acc 0.6354166666666666 Test_auc 0.6383418561636384
09-Aug-26 16:28:01 - Epoch 291, Model Loss -1.541375762702205, View Loss -2.1454711413032292, Reg 0.18348082096457677
09-Aug-26 16:28:58 - Epoch 292, Model Loss -1.5279920112872085, View Loss -2.0986121969020113, Reg 0.18443920805977135
09-Aug-26 16:29:55 - Epoch 293, Model Loss -1.5283234685220422, View Loss -2.1593622310657157, Reg 0.18348784786199393
09-Aug-26 16:30:52 - Epoch 294, Model Loss -1.5169955454949662, View Loss -2.115905552565954, Reg 0.18497771756348555
09-Aug-26 16:31:48 - Epoch 295, Model Loss -1.5340567118992783, View Loss -2.1863594421973596, Reg 0.1833110136847254
09-Aug-26 16:31:55 - Epoch 295: Train_acc 0.723404255319149 Val_acc 0.5947712418300654 Test_acc 0.6145833333333334 Test_auc 0.6511805026656512
09-Aug-26 16:32:52 - Epoch 296, Model Loss -1.5441561229100205, View Loss -2.2059135733571655, Reg 0.18187525924508582
09-Aug-26 16:33:49 - Epoch 297, Model Loss -1.5169896478543696, View Loss -2.0907332042625413, Reg 0.18301127253499633
09-Aug-26 16:34:45 - Epoch 298, Model Loss -1.5223883755273397, View Loss -2.1486509451109144, Reg 0.18291961456574315
09-Aug-26 16:35:42 - Epoch 299, Model Loss -1.5287870705225268, View Loss -2.1365409857317585, Reg 0.18416775355752674
09-Aug-26 16:36:39 - Epoch 300, Model Loss -1.5464572313374272, View Loss -2.203916257805208, Reg 0.18316325242897882
09-Aug-26 16:36:45 - Epoch 300: Train_acc 0.7283142389525368 Val_acc 0.6013071895424836 Test_acc 0.609375 Test_auc 0.641932325100642
09-Aug-26 16:36:45 - FinishedTraining! BestEpoch (eval-interval index): 43
09-Aug-26 16:36:45 - Wrote /users/3171356m/muhammad/GraSTIACL/nested_cv/results/combat__emb512_bs32__fold0.json
09-Aug-26 16:36:45 - {
  "emb_dim": 512,
  "batch_size": 32,
  "fold": 0,
  "combat": true,
  "n_train": 611,
  "n_val": 153,
  "n_test": 192,
  "best_val_epoch_idx": 43,
  "train_accuracy": 0.7135842880523732,
  "val_accuracy": 0.6535947712418301,
  "test_accuracy": 0.6145833333333334,
  "train_f1": 0.6935201401050788,
  "val_f1": 0.6187050359712231,
  "test_f1": 0.5888888888888889,
  "train_sensitivity": 0.6804123687958338,
  "val_sensitivity": 0.589041087821355,
  "test_sensitivity": 0.5824175760173893,
  "train_specificity": 0.7437499976757813,
  "val_specificity": 0.7124999910937502,
  "test_specificity": 0.6435643500637194,
  "train_precision": 0.7071428571428572,
  "val_precision": 0.6515151515151515,
  "test_precision": 0.5955056179775281,
  "test_auc": 0.6347513872266347,
  "fin_reg": 0.18348887404228778
}
