Task 28: config=5 fold=3 batch_size=128 emb_dim=512 mij_source=alff_pcc combat=yes
The Zen of Python, by Tim Peters

Beautiful is better than ugly.
Explicit is better than implicit.
Simple is better than complex.
Complex is better than complicated.
Flat is better than nested.
Sparse is better than dense.
Readability counts.
Special cases aren't special enough to break the rules.
Although practicality beats purity.
Errors should never pass silently.
Unless explicitly silenced.
In the face of ambiguity, refuse the temptation to guess.
There should be one-- and preferably only one --obvious way to do it.
Although that way may not be obvious at first unless you're Dutch.
Now is better than never.
Although never is often better than *right* now.
If the implementation is hard to explain, it's a bad idea.
If the implementation is easy to explain, it may be a good idea.
Namespaces are one honking great idea -- let's do more of those!
validation time cost : 0.20288 sec
validation time cost : 0.20677 sec
validation time cost : 0.19561 sec
validation time cost : 0.18907 sec
validation time cost : 0.19468 sec
validation time cost : 0.19137 sec
validation time cost : 0.19556 sec
validation time cost : 0.18872 sec
validation time cost : 0.19171 sec
validation time cost : 0.18533 sec
validation time cost : 0.18967 sec
validation time cost : 0.18466 sec
validation time cost : 0.18145 sec
validation time cost : 0.18729 sec
validation time cost : 0.18220 sec
validation time cost : 0.18377 sec
validation time cost : 0.18498 sec
validation time cost : 0.18775 sec
validation time cost : 0.19286 sec
validation time cost : 0.18755 sec
validation time cost : 0.18391 sec
validation time cost : 0.18558 sec
validation time cost : 0.18500 sec
validation time cost : 0.18603 sec
validation time cost : 0.18229 sec
validation time cost : 0.18475 sec
validation time cost : 0.18443 sec
validation time cost : 0.18919 sec
validation time cost : 0.18309 sec
validation time cost : 0.18303 sec
validation time cost : 0.18486 sec
validation time cost : 0.18627 sec
validation time cost : 0.18539 sec
validation time cost : 0.18330 sec
validation time cost : 0.18478 sec
validation time cost : 0.18396 sec
validation time cost : 0.18540 sec
validation time cost : 0.18208 sec
validation time cost : 0.18507 sec
validation time cost : 0.18131 sec
validation time cost : 0.18848 sec
validation time cost : 0.18539 sec
validation time cost : 0.18956 sec
validation time cost : 0.18555 sec
validation time cost : 0.18675 sec
validation time cost : 0.18655 sec
validation time cost : 0.18723 sec
validation time cost : 0.18445 sec
validation time cost : 0.19157 sec
validation time cost : 0.19316 sec
validation time cost : 0.19083 sec
validation time cost : 0.18214 sec
validation time cost : 0.18465 sec
validation time cost : 0.18625 sec
validation time cost : 0.18484 sec
validation time cost : 0.18624 sec
validation time cost : 0.18696 sec
validation time cost : 0.18415 sec
validation time cost : 0.18577 sec
validation time cost : 0.18561 sec
