09-Aug-26 00:06:58 - Using Device: cuda
09-Aug-26 00:06:58 - Seed: 123, Fold: 0, ComBat: False
09-Aug-26 00:06:58 - Namespace(fold=0, combat=False, num_dyn_windows=3, model_lr=0.0005, view_lr=0.0005, num_gc_layers=2, pooling_type='standard', emb_dim=256, vib_hidden_dim=400, batch_size=128, drop_ratio=0.3, epochs=300, kld_lambda=0.003, reg_lambda=0.2, gamma_mode='paper_literal', node_feature_mode='alff_pcc', mij_source='alff', template=90, eval_interval=5, downstream_classifier='linear', ce_lambda=2.0, seed=123)
09-Aug-26 00:06:58 - Loading raw subject data...
09-Aug-26 00:10:28 - Loaded 956 subjects (455 ASD, 501 NC)
09-Aug-26 00:10:28 - alff_pcc scale stats (train_val_idx only): alff=[-3.5994,5.6307] pcc=[-0.7600,1.0000]
09-Aug-26 00:10:28 - Train/Val/Test sizes: 611/153/192
09-Aug-26 00:11:30 - Epoch 1, Model Loss 1.637241459517159, View Loss -8.753731201596423, Reg 0.4386562605048553
09-Aug-26 00:12:29 - Epoch 2, Model Loss 0.730083138287165, View Loss -6.256549170286488, Reg 0.39407226492067016
09-Aug-26 00:13:29 - Epoch 3, Model Loss 0.43851041518237116, View Loss -3.186176978624784, Reg 0.43362498444348035
09-Aug-26 00:14:28 - Epoch 4, Model Loss 0.3363600664858976, View Loss -2.5995638456360215, Reg 0.4216848727431508
09-Aug-26 00:15:28 - Epoch 5, Model Loss 0.3036920061966011, View Loss -3.4516200441775657, Reg 0.4205707609653473
09-Aug-26 00:15:46 - Epoch 5: Train_acc 0.7086743044189853 Val_acc 0.6013071895424836 Test_acc 0.6041666666666666 Test_auc 0.6776194102926777
09-Aug-26 00:16:47 - Epoch 6, Model Loss 0.23899579207899138, View Loss -3.9592407588677787, Reg 0.41115027627070877
09-Aug-26 00:17:47 - Epoch 7, Model Loss 0.250289746464128, View Loss -3.8390770270664447, Reg 0.41275978937086616
09-Aug-26 00:18:47 - Epoch 8, Model Loss 0.4113710242675681, View Loss -3.768057352977572, Reg 0.4470421666014214
09-Aug-26 00:19:47 - Epoch 9, Model Loss 1.9201231002807617, View Loss -3.3436019666456356, Reg 0.5512445678297314
09-Aug-26 00:20:47 - Epoch 10, Model Loss 3.9678423892456656, View Loss -1.849068265499733, Reg 0.4475859680171879
09-Aug-26 00:21:03 - Epoch 10: Train_acc 0.7266775777414075 Val_acc 0.6601307189542484 Test_acc 0.6458333333333334 Test_auc 0.6986182134696987
09-Aug-26 00:22:06 - Epoch 11, Model Loss 4.4431637297285365, View Loss 0.020149818418849313, Reg 0.45313165342944345
09-Aug-26 00:23:06 - Epoch 12, Model Loss 3.40724204058733, View Loss 0.3486246729053179, Reg 0.41473616432831445
09-Aug-26 00:24:06 - Epoch 13, Model Loss 4.372478916680169, View Loss 0.3187278563769476, Reg 0.4109987562397303
09-Aug-26 00:25:06 - Epoch 14, Model Loss 4.622762442025342, View Loss 0.6160583652177927, Reg 0.4182093455143724
09-Aug-26 00:26:05 - Epoch 15, Model Loss 4.548976830296743, View Loss 0.42615541381648636, Reg 0.40544821865820063
09-Aug-26 00:26:25 - Epoch 15: Train_acc 0.7512274959083469 Val_acc 0.6601307189542484 Test_acc 0.640625 Test_auc 0.6549885757806551
09-Aug-26 00:27:26 - Epoch 16, Model Loss 4.330340910660264, View Loss 0.32948012632941265, Reg 0.4205249511376145
09-Aug-26 00:28:25 - Epoch 17, Model Loss 1.3503243560291547, View Loss 0.638523236819453, Reg 0.44195040528785967
09-Aug-26 00:29:25 - Epoch 18, Model Loss 0.7984285595569205, View Loss 0.8424467120545195, Reg 0.41883409706153185
09-Aug-26 00:30:25 - Epoch 19, Model Loss 0.3762603021682577, View Loss 1.1131475728779494, Reg 0.4080256531457074
09-Aug-26 00:31:24 - Epoch 20, Model Loss 0.34557632330055127, View Loss 1.3595831846839668, Reg 0.46190700042267285
/users/3171356m/miniconda3/envs/grastiacl/lib/python3.12/site-packages/joblib/externals/loky/process_executor.py:782: UserWarning: A worker stopped while some jobs were given to the executor. This can be caused by a too short worker timeout or by a memory leak.
  warnings.warn(
09-Aug-26 00:31:44 - Epoch 20: Train_acc 0.7561374795417348 Val_acc 0.6470588235294118 Test_acc 0.6979166666666666 Test_auc 0.7186377978457187
09-Aug-26 00:32:46 - Epoch 21, Model Loss 0.3033259018597158, View Loss 1.5147887290792261, Reg 0.44042362460528184
09-Aug-26 00:33:46 - Epoch 22, Model Loss 0.24188227611616767, View Loss 1.597144484910169, Reg 0.430938900102375
09-Aug-26 00:34:45 - Epoch 23, Model Loss 0.2114063649881881, View Loss 1.653107699317745, Reg 0.44671417214281234
09-Aug-26 00:35:45 - Epoch 24, Model Loss 0.18890478958279724, View Loss 1.6766307049609246, Reg 0.43399383700810945
09-Aug-26 00:36:45 - Epoch 25, Model Loss 0.20180845828254368, View Loss 1.653564466392155, Reg 0.4253999183103808
09-Aug-26 00:37:00 - Epoch 25: Train_acc 0.7119476268412439 Val_acc 0.6405228758169934 Test_acc 0.65625 Test_auc 0.6938309215536939
09-Aug-26 00:37:59 - Epoch 26, Model Loss 0.16872963843388566, View Loss 1.5035473016592174, Reg 0.43320419272307287
09-Aug-26 00:38:58 - Epoch 27, Model Loss 0.14858782245074864, View Loss 1.0971909243424474, Reg 0.4318439045924017
09-Aug-26 00:39:58 - Epoch 28, Model Loss 0.15341030441700143, View Loss 0.29817136058830784, Reg 0.43162828176579576
09-Aug-26 00:40:58 - Epoch 29, Model Loss 0.14175839103916857, View Loss -0.8038919151512184, Reg 0.4321208545989959
09-Aug-26 00:41:57 - Epoch 30, Model Loss 0.14350530528349104, View Loss -1.6502339051710213, Reg 0.4210815912085157
/users/3171356m/miniconda3/envs/grastiacl/lib/python3.12/site-packages/joblib/externals/loky/process_executor.py:782: UserWarning: A worker stopped while some jobs were given to the executor. This can be caused by a too short worker timeout or by a memory leak.
  warnings.warn(
09-Aug-26 00:42:14 - Epoch 30: Train_acc 0.6972176759410802 Val_acc 0.6078431372549019 Test_acc 0.609375 Test_auc 0.6422587313676423
09-Aug-26 00:43:14 - Epoch 31, Model Loss 0.12528781017285517, View Loss -2.157481390598753, Reg 0.4092305081175509
09-Aug-26 00:44:15 - Epoch 32, Model Loss 0.1283968448663304, View Loss -2.3613196929425926, Reg 0.40683887618458214
09-Aug-26 00:45:15 - Epoch 33, Model Loss 0.13132833433375615, View Loss -2.4332446209147403, Reg 0.407746318611888
09-Aug-26 00:46:14 - Epoch 34, Model Loss 0.1310653520927882, View Loss -2.444377691968178, Reg 0.40512962275948344
09-Aug-26 00:47:14 - Epoch 35, Model Loss 0.1627001497656741, View Loss -2.436538808279459, Reg 0.4136752662311404
09-Aug-26 00:47:31 - Epoch 35: Train_acc 0.7086743044189853 Val_acc 0.6078431372549019 Test_acc 0.609375 Test_auc 0.6495484713306495
09-Aug-26 00:48:31 - Epoch 36, Model Loss 0.2399457218750409, View Loss -2.3891088150917215, Reg 0.4236934453297754
09-Aug-26 00:49:31 - Epoch 37, Model Loss 0.45221546004524793, View Loss -2.353374956087278, Reg 0.4796046630743092
09-Aug-26 00:50:31 - Epoch 38, Model Loss 0.8748198631547282, View Loss -2.345368471941659, Reg 0.555774137060693
09-Aug-26 00:51:31 - Epoch 39, Model Loss 0.8896316085041253, View Loss -2.4048058081375596, Reg 0.540067923244595
09-Aug-26 00:52:30 - Epoch 40, Model Loss 1.616068909484314, View Loss -2.222622463238805, Reg 0.5401321535414838
/users/3171356m/miniconda3/envs/grastiacl/lib/python3.12/site-packages/joblib/externals/loky/process_executor.py:782: UserWarning: A worker stopped while some jobs were given to the executor. This can be caused by a too short worker timeout or by a memory leak.
  warnings.warn(
09-Aug-26 00:52:48 - Epoch 40: Train_acc 0.8788870703764321 Val_acc 0.5555555555555556 Test_acc 0.5364583333333334 Test_auc 0.5363942987705363
09-Aug-26 00:53:47 - Epoch 41, Model Loss 1.786738484268688, View Loss -1.8757180367671136, Reg 0.4722781500332484
09-Aug-26 00:54:47 - Epoch 42, Model Loss 3.0153820627839982, View Loss -1.5518420202057022, Reg 0.5110300829582246
09-Aug-26 00:55:47 - Epoch 43, Model Loss 2.901438091078288, View Loss 0.8019478159138107, Reg 0.4283236126657789
09-Aug-26 00:56:47 - Epoch 44, Model Loss 4.272836793659167, View Loss 1.0892731681978254, Reg 0.4570693461965227
09-Aug-26 00:57:47 - Epoch 45, Model Loss 2.876584837947852, View Loss 1.2418873150102832, Reg 0.44061850945414965
/users/3171356m/miniconda3/envs/grastiacl/lib/python3.12/site-packages/joblib/externals/loky/process_executor.py:782: UserWarning: A worker stopped while some jobs were given to the executor. This can be caused by a too short worker timeout or by a memory leak.
  warnings.warn(
09-Aug-26 00:58:02 - Epoch 45: Train_acc 0.7692307692307693 Val_acc 0.5947712418300654 Test_acc 0.6145833333333334 Test_auc 0.6626047220106627
09-Aug-26 00:59:03 - Epoch 46, Model Loss 0.48970698520126593, View Loss 1.3806835920252698, Reg 0.4467277066407149
09-Aug-26 01:00:03 - Epoch 47, Model Loss 0.3053689844260044, View Loss 1.5441384178917068, Reg 0.4286885875629325
09-Aug-26 01:01:03 - Epoch 48, Model Loss 0.24900872066446295, View Loss 1.9439962893578113, Reg 0.45039323411284415
09-Aug-26 01:02:03 - Epoch 49, Model Loss 0.23758253416750708, View Loss 2.0879106519655393, Reg 0.4328370425978191
09-Aug-26 01:03:02 - Epoch 50, Model Loss 0.19626839212622071, View Loss 2.158372792596708, Reg 0.42872491103342436
/users/3171356m/miniconda3/envs/grastiacl/lib/python3.12/site-packages/joblib/externals/loky/process_executor.py:782: UserWarning: A worker stopped while some jobs were given to the executor. This can be caused by a too short worker timeout or by a memory leak.
  warnings.warn(
09-Aug-26 01:03:18 - Epoch 50: Train_acc 0.7594108019639935 Val_acc 0.6470588235294118 Test_acc 0.6822916666666666 Test_auc 0.701991078228702
09-Aug-26 01:04:19 - Epoch 51, Model Loss 0.18535591320495948, View Loss 2.2122329225711854, Reg 0.43267381986307435
09-Aug-26 01:05:20 - Epoch 52, Model Loss 0.14518943207061036, View Loss 2.23532750836761, Reg 0.43228121943247494
09-Aug-26 01:06:20 - Epoch 53, Model Loss 0.14799476608804712, View Loss 2.226717451590368, Reg 0.43138778087745516
09-Aug-26 01:07:20 - Epoch 54, Model Loss 0.1538349383445106, View Loss 2.176331853515388, Reg 0.427375845696454
09-Aug-26 01:08:20 - Epoch 55, Model Loss 0.13229704917745388, View Loss 2.0277038186349574, Reg 0.4273684884249286
/users/3171356m/miniconda3/envs/grastiacl/lib/python3.12/site-packages/joblib/externals/loky/process_executor.py:782: UserWarning: A worker stopped while some jobs were given to the executor. This can be caused by a too short worker timeout or by a memory leak.
  warnings.warn(
09-Aug-26 01:08:39 - Epoch 55: Train_acc 0.6955810147299509 Val_acc 0.6078431372549019 Test_acc 0.6458333333333334 Test_auc 0.698944619736699
09-Aug-26 01:09:40 - Epoch 56, Model Loss 0.1251100090541153, View Loss 1.6552286491456476, Reg 0.42958107595552986
09-Aug-26 01:10:40 - Epoch 57, Model Loss 0.12819697126234025, View Loss 1.0277283317523775, Reg 0.43374151625531787
09-Aug-26 01:11:39 - Epoch 58, Model Loss 0.11401863374218418, View Loss 0.18471797461790657, Reg 0.43004133053575133
09-Aug-26 01:12:39 - Epoch 59, Model Loss 0.10264666193148118, View Loss -0.709525272030682, Reg 0.4239960256750572
09-Aug-26 01:13:39 - Epoch 60, Model Loss 0.10792659973015371, View Loss -1.3636458013724968, Reg 0.42027772038736044
/users/3171356m/miniconda3/envs/grastiacl/lib/python3.12/site-packages/joblib/externals/loky/process_executor.py:782: UserWarning: A worker stopped while some jobs were given to the executor. This can be caused by a too short worker timeout or by a memory leak.
  warnings.warn(
09-Aug-26 01:13:57 - Epoch 60: Train_acc 0.7054009819967266 Val_acc 0.5816993464052288 Test_acc 0.5989583333333334 Test_auc 0.6597758676966597
09-Aug-26 01:14:58 - Epoch 61, Model Loss 0.09713846638969431, View Loss -1.819236173567327, Reg 0.4131025072498134
09-Aug-26 01:15:58 - Epoch 62, Model Loss 0.08747075388357409, View Loss -2.04093415920551, Reg 0.40675093079939995
09-Aug-26 01:16:58 - Epoch 63, Model Loss 0.08934165770264187, View Loss -2.162061116504201, Reg 0.4054016389452689
09-Aug-26 01:17:58 - Epoch 64, Model Loss 0.09644988506008093, View Loss -2.189533282028673, Reg 0.40525810891204495
09-Aug-26 01:18:58 - Epoch 65, Model Loss 0.10364546520717796, View Loss -2.1877708017533424, Reg 0.4040583857440324
09-Aug-26 01:19:17 - Epoch 65: Train_acc 0.7119476268412439 Val_acc 0.5751633986928104 Test_acc 0.609375 Test_auc 0.6689152431726689
09-Aug-26 01:20:21 - Epoch 66, Model Loss 0.0923107007180025, View Loss -2.195869778650287, Reg 0.40304635326132643
09-Aug-26 01:21:21 - Epoch 67, Model Loss 0.08922232353355608, View Loss -2.1763544636740426, Reg 0.4045422210338268
09-Aug-26 01:22:22 - Epoch 68, Model Loss 0.0844457195355342, View Loss -2.1887344599940772, Reg 0.40285642940166927
09-Aug-26 01:23:21 - Epoch 69, Model Loss 0.09691626762699963, View Loss -2.1794635156953004, Reg 0.4028620246779509
09-Aug-26 01:24:21 - Epoch 70, Model Loss 0.07372020089879949, View Loss -2.184263177081918, Reg 0.4023408234216968
09-Aug-26 01:24:42 - Epoch 70: Train_acc 0.7168576104746317 Val_acc 0.5751633986928104 Test_acc 0.609375 Test_auc 0.6656511805026656
09-Aug-26 01:25:42 - Epoch 71, Model Loss 0.07950522412840161, View Loss -2.180400538561582, Reg 0.4046188383172655
09-Aug-26 01:26:41 - Epoch 72, Model Loss 0.08230887643639273, View Loss -2.180064968118496, Reg 0.4001384623799894
09-Aug-26 01:27:41 - Epoch 73, Model Loss 0.08156025609681337, View Loss -2.1677023228959054, Reg 0.40464098241832563
09-Aug-26 01:28:40 - Epoch 74, Model Loss 0.09351041388687252, View Loss -2.168975451573998, Reg 0.40084243303625167
09-Aug-26 01:29:40 - Epoch 75, Model Loss 0.0868889719077101, View Loss -2.1644046607072145, Reg 0.4056376340736539
09-Aug-26 01:30:01 - Epoch 75: Train_acc 0.7659574468085106 Val_acc 0.5686274509803921 Test_acc 0.5989583333333334 Test_auc 0.6398650854096398
09-Aug-26 01:31:01 - Epoch 76, Model Loss 0.10207441093098317, View Loss -2.1609805820421384, Reg 0.402509335849172
09-Aug-26 01:32:00 - Epoch 77, Model Loss 0.09083794645123708, View Loss -2.160464093650031, Reg 0.4093828334941021
09-Aug-26 01:33:00 - Epoch 78, Model Loss 0.10165925189828326, View Loss -2.1577933271660936, Reg 0.40449382406209766
09-Aug-26 01:34:01 - Epoch 79, Model Loss 0.1137336351331049, View Loss -2.144236746864506, Reg 0.4115221990110831
09-Aug-26 01:35:01 - Epoch 80, Model Loss 0.1195314007334155, View Loss -2.141922919918004, Reg 0.4163922368504607
09-Aug-26 01:35:18 - Epoch 80: Train_acc 0.7217675941080196 Val_acc 0.5816993464052288 Test_acc 0.6302083333333334 Test_auc 0.6644543575236644
09-Aug-26 01:36:20 - Epoch 81, Model Loss 0.14872555473724872, View Loss -2.14042249170731, Reg 0.41807664694255386
09-Aug-26 01:37:20 - Epoch 82, Model Loss 0.2128886798840266, View Loss -2.1331680874582593, Reg 0.43822492773716265
09-Aug-26 01:38:21 - Epoch 83, Model Loss 0.2971215725749877, View Loss -2.118471587738312, Reg 0.4528083789075455
09-Aug-26 01:39:20 - Epoch 84, Model Loss 0.46609294141372953, View Loss -2.111200812210233, Reg 0.4849147395689632
09-Aug-26 01:40:20 - Epoch 85, Model Loss 0.585117225658679, View Loss -2.1409787565908727, Reg 0.5126590043940442
09-Aug-26 01:40:42 - Epoch 85: Train_acc 0.7086743044189853 Val_acc 0.5882352941176471 Test_acc 0.609375 Test_auc 0.6621695136546621
09-Aug-26 01:41:43 - Epoch 86, Model Loss 0.5227603410933099, View Loss -2.1932619140893466, Reg 0.5053875364375388
09-Aug-26 01:42:44 - Epoch 87, Model Loss 0.30498312459725113, View Loss -2.1818501321071495, Reg 0.4621059463866994
09-Aug-26 01:43:44 - Epoch 88, Model Loss 0.17445776760334275, View Loss -2.1659094132300094, Reg 0.43403576107150016
09-Aug-26 01:44:43 - Epoch 89, Model Loss 0.1140109212937995, View Loss -2.1553518249243253, Reg 0.4200904127911538
09-Aug-26 01:45:44 - Epoch 90, Model Loss 0.09237334951636444, View Loss -2.147250195767017, Reg 0.4171624864572004
09-Aug-26 01:46:04 - Epoch 90: Train_acc 0.762684124386252 Val_acc 0.5555555555555556 Test_acc 0.609375 Test_auc 0.6541181590686541
09-Aug-26 01:47:04 - Epoch 91, Model Loss 0.0757800569169455, View Loss -2.146289111354347, Reg 0.4130134891761305
09-Aug-26 01:48:05 - Epoch 92, Model Loss 0.07488016367153723, View Loss -2.1573498479278115, Reg 0.41518512431611404
09-Aug-26 01:49:05 - Epoch 93, Model Loss 0.07555599242400031, View Loss -2.1606191043572807, Reg 0.41821592099928034
09-Aug-26 01:50:05 - Epoch 94, Model Loss 0.06729913460252328, View Loss -2.17381728963649, Reg 0.41266936917351815
09-Aug-26 01:51:05 - Epoch 95, Model Loss 0.056346878531326444, View Loss -2.1508030926537396, Reg 0.4130659188752088
09-Aug-26 01:51:26 - Epoch 95: Train_acc 0.7086743044189853 Val_acc 0.5882352941176471 Test_acc 0.609375 Test_auc 0.6603198781416604
09-Aug-26 01:52:26 - Epoch 96, Model Loss 0.06080559603321182, View Loss -2.138629843092199, Reg 0.4106668562623756
09-Aug-26 01:53:27 - Epoch 97, Model Loss 0.052341805176532016, View Loss -2.1319784060632734, Reg 0.4104392489025128
09-Aug-26 01:54:27 - Epoch 98, Model Loss 0.05720257220116067, View Loss -2.1263227310586483, Reg 0.4077253528488053
09-Aug-26 01:55:27 - Epoch 99, Model Loss 0.05208580798291145, View Loss -2.132754821824169, Reg 0.40917487430299365
09-Aug-26 01:56:26 - Epoch 100, Model Loss 0.041410461653469045, View Loss -2.129147747729687, Reg 0.4050199020708836
/users/3171356m/miniconda3/envs/grastiacl/lib/python3.12/site-packages/joblib/externals/loky/process_executor.py:782: UserWarning: A worker stopped while some jobs were given to the executor. This can be caused by a too short worker timeout or by a memory leak.
  warnings.warn(
09-Aug-26 01:56:50 - Epoch 100: Train_acc 0.7103109656301145 Val_acc 0.5816993464052288 Test_acc 0.609375 Test_auc 0.662060711565662
09-Aug-26 01:57:50 - Epoch 101, Model Loss 0.03734826263643911, View Loss -2.127589553545813, Reg 0.40726600955629116
09-Aug-26 01:58:51 - Epoch 102, Model Loss 0.04616572057947199, View Loss -2.134825800132439, Reg 0.404409755076207
09-Aug-26 01:59:51 - Epoch 103, Model Loss 0.04236443226154034, View Loss -2.1287148213425557, Reg 0.4043629095324128
09-Aug-26 02:00:51 - Epoch 104, Model Loss 0.04504758034224596, View Loss -2.1322352296982188, Reg 0.40349372021500296
09-Aug-26 02:01:50 - Epoch 105, Model Loss 0.04407985635260318, View Loss -2.12374225380768, Reg 0.40258988825857345
09-Aug-26 02:02:10 - Epoch 105: Train_acc 0.7774140752864157 Val_acc 0.5686274509803921 Test_acc 0.59375 Test_auc 0.6536829507126537
09-Aug-26 02:03:11 - Epoch 106, Model Loss 0.04383586693414885, View Loss -2.1242845760819953, Reg 0.402886467411163
09-Aug-26 02:04:11 - Epoch 107, Model Loss 0.033573956077890973, View Loss -2.12600696067373, Reg 0.40159821627378073
09-Aug-26 02:05:11 - Epoch 108, Model Loss 0.03966206670685408, View Loss -2.1205497342123727, Reg 0.40380989349220076
09-Aug-26 02:06:11 - Epoch 109, Model Loss 0.04349124868158038, View Loss -2.123267715379181, Reg 0.39969579936439587
09-Aug-26 02:07:11 - Epoch 110, Model Loss 0.03896000010682401, View Loss -2.1319593805728294, Reg 0.4049609737583541
09-Aug-26 02:07:35 - Epoch 110: Train_acc 0.7119476268412439 Val_acc 0.5947712418300654 Test_acc 0.609375 Test_auc 0.6623871178326625
09-Aug-26 02:08:36 - Epoch 111, Model Loss 0.039004655326251705, View Loss -2.127910551189791, Reg 0.3990709815302379
09-Aug-26 02:09:36 - Epoch 112, Model Loss 0.03975204052784634, View Loss -2.125825105049021, Reg 0.4068738813778773
09-Aug-26 02:10:36 - Epoch 113, Model Loss 0.036272146356476506, View Loss -2.1361774368098834, Reg 0.39923959989984764
09-Aug-26 02:11:36 - Epoch 114, Model Loss 0.04990032759118587, View Loss -2.131031034425901, Reg 0.40485018296639774
09-Aug-26 02:12:36 - Epoch 115, Model Loss 0.03634612630510096, View Loss -2.1197374994743083, Reg 0.4011266165688853
09-Aug-26 02:12:54 - Epoch 115: Train_acc 0.7119476268412439 Val_acc 0.6013071895424836 Test_acc 0.609375 Test_auc 0.664019149167664
09-Aug-26 02:13:54 - Epoch 116, Model Loss 0.04518091956644323, View Loss -2.1226359935517007, Reg 0.4055586837219919
09-Aug-26 02:14:54 - Epoch 117, Model Loss 0.044011610619565274, View Loss -2.114393804350383, Reg 0.4047641602943845
09-Aug-26 02:15:54 - Epoch 118, Model Loss 0.036949724300403254, View Loss -2.126062816176594, Reg 0.4027130785238138
09-Aug-26 02:16:53 - Epoch 119, Model Loss 0.044484795847032736, View Loss -2.118566346051455, Reg 0.40426031281827124
09-Aug-26 02:17:54 - Epoch 120, Model Loss 0.043855886997840994, View Loss -2.1278805323006087, Reg 0.40410730135421313
/users/3171356m/miniconda3/envs/grastiacl/lib/python3.12/site-packages/joblib/externals/loky/process_executor.py:782: UserWarning: A worker stopped while some jobs were given to the executor. This can be caused by a too short worker timeout or by a memory leak.
  warnings.warn(
09-Aug-26 02:18:14 - Epoch 120: Train_acc 0.7086743044189853 Val_acc 0.5947712418300654 Test_acc 0.609375 Test_auc 0.6633663366336634
09-Aug-26 02:19:14 - Epoch 121, Model Loss 0.03320926827806888, View Loss -2.1337950120385853, Reg 0.4022131454437337
09-Aug-26 02:20:15 - Epoch 122, Model Loss 0.03352528447117626, View Loss -2.119234250922445, Reg 0.40394057238355596
09-Aug-26 02:21:14 - Epoch 123, Model Loss 0.02969847397601351, View Loss -2.132647174469968, Reg 0.4026378368785065
09-Aug-26 02:22:14 - Epoch 124, Model Loss 0.030896754218981817, View Loss -2.141344267490843, Reg 0.4033521929856408
09-Aug-26 02:23:14 - Epoch 125, Model Loss 0.02821834895107438, View Loss -2.141788476812859, Reg 0.40234289441483306
/users/3171356m/miniconda3/envs/grastiacl/lib/python3.12/site-packages/joblib/externals/loky/process_executor.py:782: UserWarning: A worker stopped while some jobs were given to the executor. This can be caused by a too short worker timeout or by a memory leak.
  warnings.warn(
09-Aug-26 02:23:34 - Epoch 125: Train_acc 0.7135842880523732 Val_acc 0.6078431372549019 Test_acc 0.609375 Test_auc 0.6642367533456643
09-Aug-26 02:24:35 - Epoch 126, Model Loss 0.02932699963621149, View Loss -2.112049973732906, Reg 0.4004189002338291
09-Aug-26 02:25:35 - Epoch 127, Model Loss 0.023450478204143418, View Loss -2.12003489797127, Reg 0.4031215669090346
09-Aug-26 02:26:34 - Epoch 128, Model Loss 0.025857743040434467, View Loss -2.1187100223160416, Reg 0.40243819175492335
09-Aug-26 02:27:34 - Epoch 129, Model Loss 0.010539902944221434, View Loss -2.1262222495289755, Reg 0.39888963717875814
09-Aug-26 02:28:34 - Epoch 130, Model Loss 0.028005911217188484, View Loss -2.1170976232194665, Reg 0.40311388834798784
09-Aug-26 02:28:53 - Epoch 130: Train_acc 0.7103109656301145 Val_acc 0.5882352941176471 Test_acc 0.5989583333333334 Test_auc 0.6604286802306604
09-Aug-26 02:29:54 - Epoch 131, Model Loss 0.01977433198407512, View Loss -2.116744641196318, Reg 0.3989034187286458
09-Aug-26 02:30:54 - Epoch 132, Model Loss 0.014569660840760276, View Loss -2.1125019127335367, Reg 0.40143033384106164
09-Aug-26 02:31:53 - Epoch 133, Model Loss 0.011283227103821774, View Loss -2.11314859249783, Reg 0.3969500510177519
09-Aug-26 02:32:52 - Epoch 134, Model Loss 0.006008760774974542, View Loss -2.117958155474374, Reg 0.4009912790526345
09-Aug-26 02:33:51 - Epoch 135, Model Loss 0.012632861074956467, View Loss -2.1102442628233016, Reg 0.3967427868889904
/users/3171356m/miniconda3/envs/grastiacl/lib/python3.12/site-packages/joblib/externals/loky/process_executor.py:782: UserWarning: A worker stopped while some jobs were given to the executor. This can be caused by a too short worker timeout or by a memory leak.
  warnings.warn(
09-Aug-26 02:34:14 - Epoch 135: Train_acc 0.7054009819967266 Val_acc 0.6078431372549019 Test_acc 0.5989583333333334 Test_auc 0.6607550864976609
09-Aug-26 02:35:13 - Epoch 136, Model Loss 0.0016763661965215654, View Loss -2.11626079156629, Reg 0.3996750900183489
09-Aug-26 02:36:11 - Epoch 137, Model Loss 0.009847183713351061, View Loss -2.1181679899680828, Reg 0.39710900426496265
09-Aug-26 02:37:10 - Epoch 138, Model Loss 0.008477722076659507, View Loss -2.1217979272726906, Reg 0.3983440553303046
09-Aug-26 02:38:08 - Epoch 139, Model Loss 0.002603350582177432, View Loss -2.1099035334079823, Reg 0.3966190064304589
09-Aug-26 02:39:07 - Epoch 140, Model Loss 0.001977828686444147, View Loss -2.1174862599411886, Reg 0.39773608278330724
09-Aug-26 02:39:22 - Epoch 140: Train_acc 0.8134206219312602 Val_acc 0.5620915032679739 Test_acc 0.5989583333333334 Test_auc 0.6372538352736373
09-Aug-26 02:40:20 - Epoch 141, Model Loss -0.0018619939855584926, View Loss -2.118580232080188, Reg 0.3970783301636747
09-Aug-26 02:41:17 - Epoch 142, Model Loss 0.0005497901705009847, View Loss -2.125014170492144, Reg 0.39646383437119215
09-Aug-26 02:42:15 - Epoch 143, Model Loss 0.0026437832368766422, View Loss -2.1069164276123047, Reg 0.3961942907538625
09-Aug-26 02:43:13 - Epoch 144, Model Loss -0.0019436290338269622, View Loss -2.105421308604863, Reg 0.3959243139541676
09-Aug-26 02:44:10 - Epoch 145, Model Loss -0.00738319186356571, View Loss -2.1279119614103226, Reg 0.39684453655381835
09-Aug-26 02:44:26 - Epoch 145: Train_acc 0.7103109656301145 Val_acc 0.6078431372549019 Test_acc 0.59375 Test_auc 0.6607550864976608
09-Aug-26 02:45:24 - Epoch 146, Model Loss -0.003179486712925563, View Loss -2.1270060113916225, Reg 0.3950788692347157
09-Aug-26 02:46:21 - Epoch 147, Model Loss 0.003421851465823022, View Loss -2.1152763444741307, Reg 0.39508130156271976
09-Aug-26 02:47:19 - Epoch 148, Model Loss -0.0007691739672724822, View Loss -2.1057697700400593, Reg 0.3965183660851368
09-Aug-26 02:48:16 - Epoch 149, Model Loss -0.004599894127166798, View Loss -2.1118564761797067, Reg 0.3936108591220968
09-Aug-26 02:49:14 - Epoch 150, Model Loss -0.00700606330131743, View Loss -2.1123002609527637, Reg 0.3963047861077391
09-Aug-26 02:49:26 - Epoch 150: Train_acc 0.7823240589198036 Val_acc 0.5882352941176471 Test_acc 0.6197916666666666 Test_auc 0.6605374823196605
09-Aug-26 02:50:23 - Epoch 151, Model Loss -0.0043316851270959736, View Loss -2.118441373353699, Reg 0.3947496238589872
09-Aug-26 02:51:21 - Epoch 152, Model Loss -0.010872394578156417, View Loss -2.117003114250795, Reg 0.39532486292032093
09-Aug-26 02:52:19 - Epoch 153, Model Loss -0.004023783238156532, View Loss -2.1092332595694083, Reg 0.39333459193499704
09-Aug-26 02:53:16 - Epoch 154, Model Loss -0.00716508354278321, View Loss -2.114165721275217, Reg 0.3951953629522589
09-Aug-26 02:54:14 - Epoch 155, Model Loss -0.006159293183328282, View Loss -2.104051371447974, Reg 0.39432890110827507
09-Aug-26 02:54:28 - Epoch 155: Train_acc 0.8461538461538461 Val_acc 0.5424836601307189 Test_acc 0.5833333333333334 Test_auc 0.6319225329126319
09-Aug-26 02:55:26 - Epoch 156, Model Loss -0.012855775666510024, View Loss -2.1036190182799794, Reg 0.3935794936654611
09-Aug-26 02:56:23 - Epoch 157, Model Loss -0.005663022862323568, View Loss -2.0996869238620888, Reg 0.39490919910164
09-Aug-26 02:57:20 - Epoch 158, Model Loss -0.012872711872703314, View Loss -2.1061574261629445, Reg 0.3940538458172506
09-Aug-26 02:58:18 - Epoch 159, Model Loss -0.011304777548473127, View Loss -2.1145558712330272, Reg 0.39322092446289747
09-Aug-26 02:59:16 - Epoch 160, Model Loss -0.016745782571611544, View Loss -2.1161668355258123, Reg 0.3942815342433324
09-Aug-26 02:59:31 - Epoch 160: Train_acc 0.7021276595744681 Val_acc 0.6078431372549019 Test_acc 0.5989583333333334 Test_auc 0.6607550864976608
09-Aug-26 03:00:29 - Epoch 161, Model Loss -0.011416329445893558, View Loss -2.1060006388275596, Reg 0.3935814714958547
09-Aug-26 03:01:26 - Epoch 162, Model Loss -0.01202259072500438, View Loss -2.0986361765042068, Reg 0.39335888994891205
09-Aug-26 03:02:24 - Epoch 163, Model Loss -0.014539021175543728, View Loss -2.1174597716760712, Reg 0.3933229043518853
09-Aug-26 03:03:21 - Epoch 164, Model Loss -0.0067705512046813965, View Loss -2.1189510787177204, Reg 0.39362821558493444
09-Aug-26 03:04:19 - Epoch 165, Model Loss -0.012605051606064342, View Loss -2.1342430145962927, Reg 0.39377023413801737
09-Aug-26 03:04:30 - Epoch 165: Train_acc 0.7119476268412439 Val_acc 0.5882352941176471 Test_acc 0.6041666666666666 Test_auc 0.6575998259166577
09-Aug-26 03:05:28 - Epoch 166, Model Loss -0.01597443920500735, View Loss -2.0978617746193944, Reg 0.39219508233515216
09-Aug-26 03:06:25 - Epoch 167, Model Loss -0.012671722888751428, View Loss -2.091886676860129, Reg 0.3936817826986703
09-Aug-26 03:07:23 - Epoch 168, Model Loss -0.018896060738157718, View Loss -2.1076836730376396, Reg 0.3947871406905585
09-Aug-26 03:08:20 - Epoch 169, Model Loss -0.0198036819793979, View Loss -2.1072487577478936, Reg 0.3909281464430783
09-Aug-26 03:09:18 - Epoch 170, Model Loss -0.01574177274239629, View Loss -2.114179185486464, Reg 0.39413267754493875
09-Aug-26 03:09:28 - Epoch 170: Train_acc 0.7103109656301145 Val_acc 0.5947712418300654 Test_acc 0.5989583333333334 Test_auc 0.6583614405396583
09-Aug-26 03:10:25 - Epoch 171, Model Loss -0.023923550807122513, View Loss -2.1042937994393505, Reg 0.3929573409686112
09-Aug-26 03:11:22 - Epoch 172, Model Loss -0.014687592727658011, View Loss -2.1021181694224307, Reg 0.39151699492271913
09-Aug-26 03:12:20 - Epoch 173, Model Loss -0.018834635590960665, View Loss -2.1030281768492904, Reg 0.39447197761941466
09-Aug-26 03:13:17 - Epoch 174, Model Loss -0.01687991326452277, View Loss -2.1113675167439614, Reg 0.39126177227243464
09-Aug-26 03:14:15 - Epoch 175, Model Loss -0.022368667680776257, View Loss -2.1285184295985196, Reg 0.39216104886340625
09-Aug-26 03:14:27 - Epoch 175: Train_acc 0.7086743044189853 Val_acc 0.6078431372549019 Test_acc 0.59375 Test_auc 0.6574910238276575
09-Aug-26 03:15:25 - Epoch 176, Model Loss -0.01872902308665399, View Loss -2.1169643780603735, Reg 0.39383856588806926
09-Aug-26 03:16:22 - Epoch 177, Model Loss -0.028234310606692698, View Loss -2.1140492524335897, Reg 0.3896330744759736
09-Aug-26 03:17:20 - Epoch 178, Model Loss -0.02851933435995723, View Loss -2.103473374574352, Reg 0.3940214585945766
09-Aug-26 03:18:17 - Epoch 179, Model Loss -0.023732120247402285, View Loss -2.098249255928002, Reg 0.39029659889333573
09-Aug-26 03:19:15 - Epoch 180, Model Loss -0.02308455124229144, View Loss -2.099512365562826, Reg 0.3922328961656449
09-Aug-26 03:19:26 - Epoch 180: Train_acc 0.7103109656301145 Val_acc 0.5882352941176471 Test_acc 0.5885416666666666 Test_auc 0.6581438363616581
09-Aug-26 03:20:24 - Epoch 181, Model Loss -0.019553868694508328, View Loss -2.1051733072377656, Reg 0.39161080999967507
09-Aug-26 03:21:22 - Epoch 182, Model Loss -0.02344069104342921, View Loss -2.0969806454965996, Reg 0.39159963934784436
09-Aug-26 03:22:19 - Epoch 183, Model Loss -0.024098776171133287, View Loss -2.1110554837946416, Reg 0.39150507643257926
09-Aug-26 03:23:17 - Epoch 184, Model Loss -0.023983038193660555, View Loss -2.092929909545349, Reg 0.3920245834926537
09-Aug-26 03:24:15 - Epoch 185, Model Loss -0.021217122966646174, View Loss -2.1161095756555737, Reg 0.39076367771762094
09-Aug-26 03:24:28 - Epoch 185: Train_acc 0.7086743044189853 Val_acc 0.6078431372549019 Test_acc 0.609375 Test_auc 0.6611902948536612
09-Aug-26 03:25:25 - Epoch 186, Model Loss -0.03007789046401478, View Loss -2.111246353280525, Reg 0.3917535939017606
09-Aug-26 03:26:22 - Epoch 187, Model Loss -0.02480637022399278, View Loss -2.1078353977827704, Reg 0.38971550277329114
09-Aug-26 03:27:20 - Epoch 188, Model Loss -0.02745571393525737, View Loss -2.095938566273441, Reg 0.3921886961510841
09-Aug-26 03:28:17 - Epoch 189, Model Loss -0.02341510435953468, View Loss -2.091208384977425, Reg 0.39054175538244107
09-Aug-26 03:29:15 - Epoch 190, Model Loss -0.02450150900113407, View Loss -2.094567764020005, Reg 0.39058354506711135
09-Aug-26 03:29:28 - Epoch 190: Train_acc 0.7872340425531915 Val_acc 0.5882352941176471 Test_acc 0.625 Test_auc 0.6587966488956588
09-Aug-26 03:30:25 - Epoch 191, Model Loss -0.028582212260624, View Loss -2.0869597284376327, Reg 0.3908608407513795
09-Aug-26 03:31:22 - Epoch 192, Model Loss -0.03057085560503646, View Loss -2.097797412528929, Reg 0.39023792582721056
09-Aug-26 03:32:20 - Epoch 193, Model Loss -0.032451257280359094, View Loss -2.095779675703782, Reg 0.3906180177207079
09-Aug-26 03:33:17 - Epoch 194, Model Loss -0.026207544848493584, View Loss -2.097364055739682, Reg 0.38986194426416376
09-Aug-26 03:34:15 - Epoch 195, Model Loss -0.03048569393236001, View Loss -2.0963853974194064, Reg 0.3904862597023797
09-Aug-26 03:34:29 - Epoch 195: Train_acc 0.7184942716857611 Val_acc 0.6078431372549019 Test_acc 0.59375 Test_auc 0.6593406593406593
09-Aug-26 03:35:27 - Epoch 196, Model Loss -0.029062313894983594, View Loss -2.091199713721018, Reg 0.38985356547048167
09-Aug-26 03:36:24 - Epoch 197, Model Loss -0.030177792579959926, View Loss -2.0962579390811453, Reg 0.3905311931662396
09-Aug-26 03:37:21 - Epoch 198, Model Loss -0.03397183527532849, View Loss -2.1009126669451375, Reg 0.38971554033104605
09-Aug-26 03:38:19 - Epoch 199, Model Loss -0.0277887778859677, View Loss -2.1015834386922334, Reg 0.3895939435389155
09-Aug-26 03:39:16 - Epoch 200, Model Loss -0.03746403429395048, View Loss -2.091952341473044, Reg 0.38971053875994954
/users/3171356m/miniconda3/envs/grastiacl/lib/python3.12/site-packages/joblib/externals/loky/process_executor.py:782: UserWarning: A worker stopped while some jobs were given to the executor. This can be caused by a too short worker timeout or by a memory leak.
  warnings.warn(
09-Aug-26 03:39:32 - Epoch 200: Train_acc 0.707037643207856 Val_acc 0.6209150326797386 Test_acc 0.6041666666666666 Test_auc 0.6583614405396583
09-Aug-26 03:40:30 - Epoch 201, Model Loss -0.03475158853050925, View Loss -2.098132486234125, Reg 0.3896297625648605
09-Aug-26 03:41:27 - Epoch 202, Model Loss -0.028971880430480657, View Loss -2.095230307789754, Reg 0.39104779959700503
09-Aug-26 03:42:25 - Epoch 203, Model Loss -0.03854924803767384, View Loss -2.100533623937304, Reg 0.3878183863362002
09-Aug-26 03:43:22 - Epoch 204, Model Loss -0.03274173559026515, View Loss -2.0969986755602097, Reg 0.38937857561727984
09-Aug-26 03:44:20 - Epoch 205, Model Loss -0.03132318465097056, View Loss -2.1004887255436073, Reg 0.3904747921979564
09-Aug-26 03:44:33 - Epoch 205: Train_acc 0.7103109656301145 Val_acc 0.6143790849673203 Test_acc 0.609375 Test_auc 0.6595582635186595
09-Aug-26 03:45:31 - Epoch 206, Model Loss -0.036898904121839084, View Loss -2.0926506464688166, Reg 0.3888363640164002
09-Aug-26 03:46:28 - Epoch 207, Model Loss -0.03230175766148856, View Loss -2.103775918776392, Reg 0.3893524028860801
09-Aug-26 03:47:26 - Epoch 208, Model Loss -0.04037127693819336, View Loss -2.0982718565265013, Reg 0.39049855708685716
09-Aug-26 03:48:23 - Epoch 209, Model Loss -0.03663253413479769, View Loss -2.1051576953082547, Reg 0.38774835443925937
09-Aug-26 03:49:21 - Epoch 210, Model Loss -0.038787985833303826, View Loss -2.102501909783546, Reg 0.390069357209432
09-Aug-26 03:49:31 - Epoch 210: Train_acc 0.7086743044189853 Val_acc 0.6013071895424836 Test_acc 0.5989583333333334 Test_auc 0.6566206071156567
09-Aug-26 03:50:28 - Epoch 211, Model Loss -0.03549023701789531, View Loss -2.0897029316366793, Reg 0.3889678351812784
09-Aug-26 03:51:26 - Epoch 212, Model Loss -0.0363611642228601, View Loss -2.0917337803130454, Reg 0.3884884743858281
09-Aug-26 03:52:23 - Epoch 213, Model Loss -0.03748765300026502, View Loss -2.1035523285842372, Reg 0.3897630450378268
09-Aug-26 03:53:21 - Epoch 214, Model Loss -0.03741456419473389, View Loss -2.1070464398778985, Reg 0.38810562789927916
09-Aug-26 03:54:18 - Epoch 215, Model Loss -0.03692047280882853, View Loss -2.122390158242758, Reg 0.3900051637874297
09-Aug-26 03:54:29 - Epoch 215: Train_acc 0.7119476268412439 Val_acc 0.6143790849673203 Test_acc 0.609375 Test_auc 0.6602110760526602
09-Aug-26 03:55:26 - Epoch 216, Model Loss -0.03715744053673627, View Loss -2.199864396096837, Reg 0.38851601382909545
09-Aug-26 03:56:24 - Epoch 217, Model Loss -0.035626752945288116, View Loss -2.2094384921553094, Reg 0.38677494420552605
09-Aug-26 03:57:21 - Epoch 218, Model Loss -0.04041199323930054, View Loss -2.2519710141976415, Reg 0.39271418035713235
09-Aug-26 03:58:19 - Epoch 219, Model Loss -0.040459693356153424, View Loss -2.180529572569602, Reg 0.38508055209138
09-Aug-26 03:59:16 - Epoch 220, Model Loss -0.037842611731952226, View Loss -2.1239333726380343, Reg 0.39056254355099707
09-Aug-26 03:59:25 - Epoch 220: Train_acc 0.7135842880523732 Val_acc 0.6078431372549019 Test_acc 0.6041666666666666 Test_auc 0.6578174300946579
09-Aug-26 04:00:22 - Epoch 221, Model Loss -0.038731859768275936, View Loss -2.1063614718847696, Reg 0.38884713899484435
09-Aug-26 04:01:20 - Epoch 222, Model Loss -0.032117474293747825, View Loss -2.0952028471202193, Reg 0.38792224513723494
09-Aug-26 04:02:17 - Epoch 223, Model Loss -0.041967766911230386, View Loss -2.093062605288142, Reg 0.3894728354853616
09-Aug-26 04:03:15 - Epoch 224, Model Loss -0.039727390690442975, View Loss -2.095693054058743, Reg 0.389372810014141
09-Aug-26 04:04:13 - Epoch 225, Model Loss -0.03766755230493124, View Loss -2.0964242155540203, Reg 0.38770109863796326
09-Aug-26 04:04:24 - Epoch 225: Train_acc 0.7806873977086743 Val_acc 0.6078431372549019 Test_acc 0.625 Test_auc 0.6543357632466544
09-Aug-26 04:05:21 - Epoch 226, Model Loss -0.041267838298591576, View Loss -2.0856143960000644, Reg 0.38899893158781546
09-Aug-26 04:06:19 - Epoch 227, Model Loss -0.03623027575191617, View Loss -2.0852025741446036, Reg 0.389140316731801
09-Aug-26 04:07:17 - Epoch 228, Model Loss -0.04093166180991502, View Loss -2.094993617062483, Reg 0.38777212644950065
09-Aug-26 04:08:14 - Epoch 229, Model Loss -0.0380444596178598, View Loss -2.092126115059111, Reg 0.38854275734061694
09-Aug-26 04:09:12 - Epoch 230, Model Loss -0.038947393822006626, View Loss -2.089277252628058, Reg 0.3882735289157705
09-Aug-26 04:09:23 - Epoch 230: Train_acc 0.7103109656301145 Val_acc 0.6143790849673203 Test_acc 0.6197916666666666 Test_auc 0.6565118050266565
09-Aug-26 04:10:21 - Epoch 231, Model Loss -0.04543094535749985, View Loss -2.0947348041347125, Reg 0.3885090283305672
09-Aug-26 04:11:18 - Epoch 232, Model Loss -0.0425850919123172, View Loss -2.08549852339999, Reg 0.3872389985086875
09-Aug-26 04:12:16 - Epoch 233, Model Loss -0.040951980604087466, View Loss -2.0846936839301926, Reg 0.38889050971466665
09-Aug-26 04:13:13 - Epoch 234, Model Loss -0.041447845008681525, View Loss -2.087892323195837, Reg 0.3888920092446129
09-Aug-26 04:14:11 - Epoch 235, Model Loss -0.04502988076249043, View Loss -2.0916604999629644, Reg 0.3872180655720581
09-Aug-26 04:14:22 - Epoch 235: Train_acc 0.7119476268412439 Val_acc 0.6143790849673203 Test_acc 0.6145833333333334 Test_auc 0.6573822217386575
09-Aug-26 04:15:19 - Epoch 236, Model Loss -0.04164551703317271, View Loss -2.10093526169048, Reg 0.38828693781468754
09-Aug-26 04:16:17 - Epoch 237, Model Loss -0.041131161067957965, View Loss -2.096444189646045, Reg 0.3882381998965861
09-Aug-26 04:17:14 - Epoch 238, Model Loss -0.04646347758227597, View Loss -2.0958778112882874, Reg 0.3876000159403306
09-Aug-26 04:18:12 - Epoch 239, Model Loss -0.0456906712679543, View Loss -2.0906064143547645, Reg 0.3887109104818291
09-Aug-26 04:19:09 - Epoch 240, Model Loss -0.04805977996164375, View Loss -2.1035355163674114, Reg 0.3874468784870766
09-Aug-26 04:19:21 - Epoch 240: Train_acc 0.7184942716857611 Val_acc 0.6143790849673203 Test_acc 0.6145833333333334 Test_auc 0.6583614405396584
09-Aug-26 04:20:19 - Epoch 241, Model Loss -0.05154218269838249, View Loss -2.1012777400289933, Reg 0.3881583518658059
09-Aug-26 04:21:17 - Epoch 242, Model Loss -0.045888759842090635, View Loss -2.1106629274090456, Reg 0.3879886934878198
09-Aug-26 04:22:14 - Epoch 243, Model Loss -0.04414027136691073, View Loss -2.113801838723415, Reg 0.3869125584533679
09-Aug-26 04:23:12 - Epoch 244, Model Loss -0.04592019290268519, View Loss -2.100260301034306, Reg 0.388418718416445
09-Aug-26 04:24:09 - Epoch 245, Model Loss -0.046879129158104306, View Loss -2.1004550094105023, Reg 0.38854881028496885
09-Aug-26 04:24:24 - Epoch 245: Train_acc 0.7119476268412439 Val_acc 0.6013071895424836 Test_acc 0.609375 Test_auc 0.6593406593406593
09-Aug-26 04:25:21 - Epoch 246, Model Loss -0.050279489564427376, View Loss -2.0941368175606487, Reg 0.3872093516851603
09-Aug-26 04:26:19 - Epoch 247, Model Loss -0.04758182534438889, View Loss -2.093471550512236, Reg 0.3876763462239904
09-Aug-26 04:27:16 - Epoch 248, Model Loss -0.04555265890791061, View Loss -2.0857982686225403, Reg 0.38843151653847013
09-Aug-26 04:28:14 - Epoch 249, Model Loss -0.044177634040969874, View Loss -2.0901881173472554, Reg 0.38750689251138026
09-Aug-26 04:29:12 - Epoch 250, Model Loss -0.049152545374856256, View Loss -2.094297168687986, Reg 0.38797888471920244
/users/3171356m/miniconda3/envs/grastiacl/lib/python3.12/site-packages/joblib/externals/loky/process_executor.py:782: UserWarning: A worker stopped while some jobs were given to the executor. This can be caused by a too short worker timeout or by a memory leak.
  warnings.warn(
09-Aug-26 04:29:28 - Epoch 250: Train_acc 0.7086743044189853 Val_acc 0.6078431372549019 Test_acc 0.609375 Test_auc 0.655206179958655
09-Aug-26 04:30:25 - Epoch 251, Model Loss -0.04957085594217828, View Loss -2.099118282673987, Reg 0.3873541887282545
09-Aug-26 04:31:23 - Epoch 252, Model Loss -0.04936958203144042, View Loss -2.08957240078141, Reg 0.38773399825572186
09-Aug-26 04:32:21 - Epoch 253, Model Loss -0.047065665405822854, View Loss -2.0947561599619067, Reg 0.3878191575383594
09-Aug-26 04:33:18 - Epoch 254, Model Loss -0.0463499940456228, View Loss -2.0874851503075633, Reg 0.3872883284735797
09-Aug-26 04:34:15 - Epoch 255, Model Loss -0.049214561129943046, View Loss -2.0962853002470174, Reg 0.3878012477571172
09-Aug-26 04:34:23 - Epoch 255: Train_acc 0.7119476268412439 Val_acc 0.6078431372549019 Test_acc 0.609375 Test_auc 0.6554237841366555
09-Aug-26 04:35:21 - Epoch 256, Model Loss -0.044683248975273045, View Loss -2.0919749369988074, Reg 0.38763758740136356
09-Aug-26 04:36:18 - Epoch 257, Model Loss -0.04646929859529736, View Loss -2.0919993672940618, Reg 0.3870211896256417
09-Aug-26 04:37:16 - Epoch 258, Model Loss -0.05192672650279468, View Loss -2.095928513672075, Reg 0.3882765961649375
09-Aug-26 04:38:13 - Epoch 259, Model Loss -0.05296757685572348, View Loss -2.094905319853812, Reg 0.3875142337842776
09-Aug-26 04:39:11 - Epoch 260, Model Loss -0.04944819331461786, View Loss -2.096714688205875, Reg 0.38769526835744395
09-Aug-26 04:39:20 - Epoch 260: Train_acc 0.7152209492635024 Val_acc 0.6143790849673203 Test_acc 0.609375 Test_auc 0.6544445653356544
09-Aug-26 04:40:18 - Epoch 261, Model Loss -0.05081133208498237, View Loss -2.090529903452447, Reg 0.38664388476143885
09-Aug-26 04:41:15 - Epoch 262, Model Loss -0.05373393213787953, View Loss -2.0908562793669256, Reg 0.3883731672494579
09-Aug-26 04:42:13 - Epoch 263, Model Loss -0.051225050186369504, View Loss -2.0898921302414566, Reg 0.38704790660285326
09-Aug-26 04:43:10 - Epoch 264, Model Loss -0.04541629279693878, View Loss -2.0939990182555053, Reg 0.3876444903216073
09-Aug-26 04:44:07 - Epoch 265, Model Loss -0.052376159962187425, View Loss -2.0976220332268998, Reg 0.38714235196722313
09-Aug-26 04:44:18 - Epoch 265: Train_acc 0.7774140752864157 Val_acc 0.5882352941176471 Test_acc 0.625 Test_auc 0.64998367968665
09-Aug-26 04:45:15 - Epoch 266, Model Loss -0.0551891607855814, View Loss -2.100034801542466, Reg 0.3872866947600182
09-Aug-26 04:46:13 - Epoch 267, Model Loss -0.05122092927146075, View Loss -2.093082370617581, Reg 0.3874805662323722
09-Aug-26 04:47:11 - Epoch 268, Model Loss -0.05351133564099938, View Loss -2.0913994682986297, Reg 0.3877234058957638
09-Aug-26 04:48:08 - Epoch 269, Model Loss -0.05124988595904773, View Loss -2.088440083833061, Reg 0.3871252566527228
09-Aug-26 04:49:06 - Epoch 270, Model Loss -0.050835780055550235, View Loss -2.0931967272500946, Reg 0.38645172894683877
09-Aug-26 04:49:15 - Epoch 270: Train_acc 0.7086743044189853 Val_acc 0.5947712418300654 Test_acc 0.609375 Test_auc 0.6544445653356544
09-Aug-26 04:50:13 - Epoch 271, Model Loss -0.05436019748205444, View Loss -2.0972697469489665, Reg 0.38812407997548093
09-Aug-26 04:51:10 - Epoch 272, Model Loss -0.0534837843450899, View Loss -2.090953987280788, Reg 0.3875525375727546
09-Aug-26 04:52:08 - Epoch 273, Model Loss -0.04858996837404473, View Loss -2.0912431550689297, Reg 0.3869298709687547
09-Aug-26 04:53:05 - Epoch 274, Model Loss -0.05018071609559894, View Loss -2.088057498494849, Reg 0.3870810633205158
09-Aug-26 04:54:03 - Epoch 275, Model Loss -0.054095444039315134, View Loss -2.096590011287633, Reg 0.3871592704676177
09-Aug-26 04:54:18 - Epoch 275: Train_acc 0.7774140752864157 Val_acc 0.5816993464052288 Test_acc 0.6197916666666666 Test_auc 0.6476988358176476
09-Aug-26 04:55:15 - Epoch 276, Model Loss -0.05184760538528867, View Loss -2.086035491987063, Reg 0.38715030826055086
09-Aug-26 04:56:13 - Epoch 277, Model Loss -0.05343488616024414, View Loss -2.0941441663938734, Reg 0.38766787441389455
09-Aug-26 04:57:10 - Epoch 278, Model Loss -0.056151949930113, View Loss -2.09436947702386, Reg 0.3864715851953104
09-Aug-26 04:58:08 - Epoch 279, Model Loss -0.060399006460770455, View Loss -2.0933624550870906, Reg 0.3872993471384439
09-Aug-26 04:59:06 - Epoch 280, Model Loss -0.05669540557065299, View Loss -2.0968958406713707, Reg 0.3873151555389117
09-Aug-26 04:59:19 - Epoch 280: Train_acc 0.8428805237315876 Val_acc 0.5686274509803921 Test_acc 0.609375 Test_auc 0.6271352409966271
09-Aug-26 05:00:17 - Epoch 281, Model Loss -0.05219274993418867, View Loss -2.0863048000148394, Reg 0.38686487498142913
09-Aug-26 05:01:14 - Epoch 282, Model Loss -0.06176531217297243, View Loss -2.09385491783217, Reg 0.3869571545315257
09-Aug-26 05:02:11 - Epoch 283, Model Loss -0.05061600780428529, View Loss -2.0881960934390804, Reg 0.3879743177937603
09-Aug-26 05:03:09 - Epoch 284, Model Loss -0.056997343727102454, View Loss -2.091300604191232, Reg 0.38706866135964024
09-Aug-26 05:04:06 - Epoch 285, Model Loss -0.05655084899131288, View Loss -2.0912119667190576, Reg 0.38513933500174413
/users/3171356m/miniconda3/envs/grastiacl/lib/python3.12/site-packages/joblib/externals/loky/process_executor.py:782: UserWarning: A worker stopped while some jobs were given to the executor. This can be caused by a too short worker timeout or by a memory leak.
  warnings.warn(
09-Aug-26 05:04:18 - Epoch 285: Train_acc 0.7135842880523732 Val_acc 0.6013071895424836 Test_acc 0.5989583333333334 Test_auc 0.6573822217386573
09-Aug-26 05:05:15 - Epoch 286, Model Loss -0.05682987818546264, View Loss -2.1056658035409432, Reg 0.3884458528212752
09-Aug-26 05:06:13 - Epoch 287, Model Loss -0.05905187397024635, View Loss -2.094674631733746, Reg 0.38748820523583555
09-Aug-26 05:07:11 - Epoch 288, Model Loss -0.05528890293963412, View Loss -2.0958087186766527, Reg 0.3857974662230565
09-Aug-26 05:08:08 - Epoch 289, Model Loss -0.06148971795255346, View Loss -2.1047922386475357, Reg 0.3880817647261237
09-Aug-26 05:09:06 - Epoch 290, Model Loss -0.054780662742652204, View Loss -2.1012139515478756, Reg 0.38742141047593226
09-Aug-26 05:09:19 - Epoch 290: Train_acc 0.7152209492635024 Val_acc 0.6143790849673203 Test_acc 0.6145833333333334 Test_auc 0.6546621695136546
09-Aug-26 05:10:16 - Epoch 291, Model Loss -0.05418022203757603, View Loss -2.088821928161646, Reg 0.38566334728523477
09-Aug-26 05:11:14 - Epoch 292, Model Loss -0.06223434151292042, View Loss -2.087653812136861, Reg 0.3867218030552622
09-Aug-26 05:12:11 - Epoch 293, Model Loss -0.0561211341336589, View Loss -2.1025883589555705, Reg 0.3880397099910118
09-Aug-26 05:13:09 - Epoch 294, Model Loss -0.06069014368978148, View Loss -2.0897921196957854, Reg 0.387169253513973
09-Aug-26 05:14:06 - Epoch 295, Model Loss -0.058788241321638644, View Loss -2.1045772350361225, Reg 0.38568632038837564
09-Aug-26 05:14:13 - Epoch 295: Train_acc 0.7184942716857611 Val_acc 0.6143790849673203 Test_acc 0.6145833333333334 Test_auc 0.654009356979654
09-Aug-26 05:15:11 - Epoch 296, Model Loss -0.05775792899186404, View Loss -2.0964792278121225, Reg 0.386821464947905
09-Aug-26 05:16:08 - Epoch 297, Model Loss -0.06356089004908373, View Loss -2.094274711686929, Reg 0.3879153052445519
09-Aug-26 05:17:05 - Epoch 298, Model Loss -0.061476866420474265, View Loss -2.095547772858615, Reg 0.3861436845335359
09-Aug-26 05:18:03 - Epoch 299, Model Loss -0.06021366064755304, View Loss -2.0874424589441176, Reg 0.3862671905277989
09-Aug-26 05:19:00 - Epoch 300, Model Loss -0.06515824853300853, View Loss -2.09844801468857, Reg 0.38711567596210783
09-Aug-26 05:19:08 - Epoch 300: Train_acc 0.7184942716857611 Val_acc 0.6078431372549019 Test_acc 0.609375 Test_auc 0.6506364922206506
09-Aug-26 05:19:08 - FinishedTraining! BestEpoch (eval-interval index): 1
09-Aug-26 05:19:08 - Wrote /users/3171356m/muhammad/GraSTIACL/nested_cv/results/nocombat__emb256_bs128__fold0.json
09-Aug-26 05:19:08 - {
  "emb_dim": 256,
  "batch_size": 128,
  "fold": 0,
  "combat": false,
  "n_train": 611,
  "n_val": 153,
  "n_test": 192,
  "best_val_epoch_idx": 1,
  "train_accuracy": 0.7266775777414075,
  "val_accuracy": 0.6601307189542484,
  "test_accuracy": 0.6458333333333334,
  "train_f1": 0.7065026362038664,
  "val_f1": 0.6533333333333333,
  "test_f1": 0.6263736263736264,
  "train_sensitivity": 0.6907216471109222,
  "val_sensitivity": 0.671232867517358,
  "test_sensitivity": 0.6263736194903998,
  "train_specificity": 0.7593749976269532,
  "val_specificity": 0.6499999918750001,
  "test_specificity": 0.6633663300656799,
  "train_precision": 0.7230215827338129,
  "val_precision": 0.6363636363636364,
  "test_precision": 0.6263736263736264,
  "test_auc": 0.6986182134696987,
  "fin_reg": 0.4475859680171879
}
