Task 24: config=4 fold=4 batch_size=128 emb_dim=512 mij_source=alff combat=yes
The Zen of Python, by Tim Peters

Beautiful is better than ugly.
Explicit is better than implicit.
Simple is better than complex.
Complex is better than complicated.
Flat is better than nested.
Sparse is better than dense.
Readability counts.
Special cases aren't special enough to break the rules.
Although practicality beats purity.
Errors should never pass silently.
Unless explicitly silenced.
In the face of ambiguity, refuse the temptation to guess.
There should be one-- and preferably only one --obvious way to do it.
Although that way may not be obvious at first unless you're Dutch.
Now is better than never.
Although never is often better than *right* now.
If the implementation is hard to explain, it's a bad idea.
If the implementation is easy to explain, it may be a good idea.
Namespaces are one honking great idea -- let's do more of those!
validation time cost : 0.31328 sec
validation time cost : 0.28969 sec
validation time cost : 0.28924 sec
validation time cost : 0.28554 sec
validation time cost : 0.28495 sec
validation time cost : 0.28541 sec
validation time cost : 0.28365 sec
validation time cost : 0.28381 sec
validation time cost : 0.28412 sec
validation time cost : 0.28371 sec
validation time cost : 0.28464 sec
validation time cost : 0.28614 sec
validation time cost : 0.28199 sec
validation time cost : 0.28439 sec
validation time cost : 0.30904 sec
validation time cost : 0.28324 sec
validation time cost : 0.28936 sec
validation time cost : 0.28127 sec
validation time cost : 0.28895 sec
validation time cost : 0.28333 sec
validation time cost : 0.28252 sec
validation time cost : 0.28148 sec
validation time cost : 0.28901 sec
validation time cost : 0.28404 sec
validation time cost : 0.28422 sec
validation time cost : 0.29963 sec
validation time cost : 0.30213 sec
validation time cost : 0.28566 sec
validation time cost : 0.28384 sec
validation time cost : 0.28290 sec
validation time cost : 0.28622 sec
validation time cost : 0.28343 sec
validation time cost : 0.28647 sec
validation time cost : 0.28098 sec
validation time cost : 0.28848 sec
validation time cost : 0.28365 sec
validation time cost : 0.28636 sec
validation time cost : 0.28394 sec
validation time cost : 0.28362 sec
validation time cost : 0.28940 sec
validation time cost : 0.28833 sec
validation time cost : 0.28427 sec
validation time cost : 0.28363 sec
validation time cost : 0.28405 sec
validation time cost : 0.29709 sec
validation time cost : 0.28555 sec
validation time cost : 0.28389 sec
validation time cost : 0.27980 sec
validation time cost : 0.27998 sec
validation time cost : 0.28631 sec
validation time cost : 0.28942 sec
validation time cost : 0.28956 sec
validation time cost : 0.29020 sec
validation time cost : 0.28494 sec
validation time cost : 0.28300 sec
validation time cost : 0.28734 sec
validation time cost : 0.28900 sec
validation time cost : 0.28936 sec
validation time cost : 0.28891 sec
validation time cost : 0.28424 sec
