Task 9: config=1 fold=4 batch_size=32 emb_dim=512 mij_source=alff_pcc combat=yes
The Zen of Python, by Tim Peters

Beautiful is better than ugly.
Explicit is better than implicit.
Simple is better than complex.
Complex is better than complicated.
Flat is better than nested.
Sparse is better than dense.
Readability counts.
Special cases aren't special enough to break the rules.
Although practicality beats purity.
Errors should never pass silently.
Unless explicitly silenced.
In the face of ambiguity, refuse the temptation to guess.
There should be one-- and preferably only one --obvious way to do it.
Although that way may not be obvious at first unless you're Dutch.
Now is better than never.
Although never is often better than *right* now.
If the implementation is hard to explain, it's a bad idea.
If the implementation is easy to explain, it may be a good idea.
Namespaces are one honking great idea -- let's do more of those!
validation time cost : 0.21260 sec
validation time cost : 0.21484 sec
validation time cost : 0.23288 sec
validation time cost : 0.21046 sec
validation time cost : 0.21722 sec
validation time cost : 0.21218 sec
validation time cost : 0.19929 sec
validation time cost : 0.20861 sec
validation time cost : 0.20786 sec
validation time cost : 0.21058 sec
validation time cost : 0.21348 sec
validation time cost : 0.21175 sec
validation time cost : 0.19912 sec
validation time cost : 0.20796 sec
validation time cost : 0.19762 sec
validation time cost : 0.19691 sec
validation time cost : 0.19770 sec
validation time cost : 0.19770 sec
validation time cost : 0.19635 sec
validation time cost : 0.19738 sec
validation time cost : 0.19635 sec
validation time cost : 0.19663 sec
validation time cost : 0.19660 sec
validation time cost : 0.20853 sec
validation time cost : 0.19909 sec
validation time cost : 0.19681 sec
validation time cost : 0.20394 sec
validation time cost : 0.20056 sec
validation time cost : 0.19588 sec
validation time cost : 0.20202 sec
validation time cost : 0.19850 sec
validation time cost : 0.20018 sec
validation time cost : 0.19808 sec
validation time cost : 0.20167 sec
validation time cost : 0.19844 sec
validation time cost : 0.19892 sec
validation time cost : 0.20035 sec
validation time cost : 0.19493 sec
validation time cost : 0.19680 sec
validation time cost : 0.19858 sec
validation time cost : 0.19658 sec
validation time cost : 0.19524 sec
validation time cost : 0.19574 sec
validation time cost : 0.19574 sec
validation time cost : 0.19670 sec
validation time cost : 0.19580 sec
validation time cost : 0.19608 sec
validation time cost : 0.19603 sec
validation time cost : 0.19681 sec
validation time cost : 0.19476 sec
validation time cost : 0.19598 sec
validation time cost : 0.19662 sec
validation time cost : 0.19539 sec
validation time cost : 0.19546 sec
validation time cost : 0.19645 sec
validation time cost : 0.19567 sec
validation time cost : 0.19548 sec
validation time cost : 0.19655 sec
validation time cost : 0.19567 sec
validation time cost : 0.19556 sec
