Task 37: config=7 fold=2 batch_size=128 emb_dim=256 mij_source=alff_pcc combat=no
The Zen of Python, by Tim Peters

Beautiful is better than ugly.
Explicit is better than implicit.
Simple is better than complex.
Complex is better than complicated.
Flat is better than nested.
Sparse is better than dense.
Readability counts.
Special cases aren't special enough to break the rules.
Although practicality beats purity.
Errors should never pass silently.
Unless explicitly silenced.
In the face of ambiguity, refuse the temptation to guess.
There should be one-- and preferably only one --obvious way to do it.
Although that way may not be obvious at first unless you're Dutch.
Now is better than never.
Although never is often better than *right* now.
If the implementation is hard to explain, it's a bad idea.
If the implementation is easy to explain, it may be a good idea.
Namespaces are one honking great idea -- let's do more of those!
validation time cost : 0.18265 sec
validation time cost : 0.20081 sec
validation time cost : 0.19807 sec
validation time cost : 0.17986 sec
validation time cost : 0.19594 sec
validation time cost : 0.18124 sec
validation time cost : 0.17986 sec
validation time cost : 0.17774 sec
validation time cost : 0.19109 sec
validation time cost : 0.19462 sec
validation time cost : 0.20023 sec
validation time cost : 0.20090 sec
validation time cost : 0.17605 sec
validation time cost : 0.20178 sec
validation time cost : 0.19492 sec
validation time cost : 0.18119 sec
validation time cost : 0.17613 sec
validation time cost : 0.17071 sec
validation time cost : 0.18717 sec
validation time cost : 0.17459 sec
validation time cost : 0.17320 sec
validation time cost : 0.17825 sec
validation time cost : 0.20242 sec
validation time cost : 0.17920 sec
validation time cost : 0.20021 sec
validation time cost : 0.18768 sec
validation time cost : 0.19382 sec
validation time cost : 0.19947 sec
validation time cost : 0.17596 sec
validation time cost : 0.19560 sec
validation time cost : 0.19649 sec
validation time cost : 0.18843 sec
validation time cost : 0.19858 sec
validation time cost : 0.18022 sec
validation time cost : 0.20105 sec
validation time cost : 0.18394 sec
validation time cost : 0.20071 sec
validation time cost : 0.18192 sec
validation time cost : 0.18172 sec
validation time cost : 0.18040 sec
validation time cost : 0.18780 sec
validation time cost : 0.17422 sec
validation time cost : 0.19331 sec
validation time cost : 0.19183 sec
validation time cost : 0.17039 sec
validation time cost : 0.19258 sec
validation time cost : 0.17040 sec
validation time cost : 0.17932 sec
validation time cost : 0.17451 sec
validation time cost : 0.16701 sec
validation time cost : 0.17175 sec
validation time cost : 0.17632 sec
validation time cost : 0.16822 sec
validation time cost : 0.16531 sec
validation time cost : 0.16903 sec
validation time cost : 0.16745 sec
validation time cost : 0.16560 sec
validation time cost : 0.16526 sec
validation time cost : 0.16882 sec
validation time cost : 0.16484 sec
