08-Aug-26 22:39:27 - Using Device: cuda
08-Aug-26 22:39:27 - Seed: 123, Fold: 3, ComBat: False
08-Aug-26 22:39:27 - Namespace(fold=3, combat=False, num_dyn_windows=3, model_lr=0.0005, view_lr=0.0005, num_gc_layers=2, pooling_type='standard', emb_dim=512, vib_hidden_dim=400, batch_size=128, drop_ratio=0.3, epochs=300, kld_lambda=0.003, reg_lambda=0.2, gamma_mode='paper_literal', node_feature_mode='alff_pcc', mij_source='alff', template=90, eval_interval=5, downstream_classifier='linear', ce_lambda=2.0, seed=123)
08-Aug-26 22:39:27 - Loading raw subject data...
08-Aug-26 22:43:27 - Loaded 956 subjects (455 ASD, 501 NC)
08-Aug-26 22:43:27 - alff_pcc scale stats (train_val_idx only): alff=[-3.5994,5.6307] pcc=[-0.7600,1.0000]
08-Aug-26 22:43:27 - Train/Val/Test sizes: 612/153/191
08-Aug-26 22:44:30 - Epoch 1, Model Loss 1.2301928291912951, View Loss -8.658193195567412, Reg 0.4423130744812535
08-Aug-26 22:45:32 - Epoch 2, Model Loss 0.39027563243909597, View Loss -5.8669928631751365, Reg 0.3896317189814998
08-Aug-26 22:46:33 - Epoch 3, Model Loss 0.28288356429026795, View Loss -2.5200635132446787, Reg 0.43173709570192825
08-Aug-26 22:47:35 - Epoch 4, Model Loss 0.17179113268560053, View Loss -2.2772701160580504, Reg 0.4351189050799102
08-Aug-26 22:48:37 - Epoch 5, Model Loss 0.15536916665002412, View Loss -3.2512609039256777, Reg 0.4308199648763619
08-Aug-26 22:48:55 - Epoch 5: Train_acc 0.7810457516339869 Val_acc 0.6209150326797386 Test_acc 0.581151832460733 Test_auc 0.6012087912087912
08-Aug-26 22:49:57 - Epoch 6, Model Loss 0.09675992440943625, View Loss -3.8986653876460458, Reg 0.4147857501615886
08-Aug-26 22:50:58 - Epoch 7, Model Loss 0.08211393255034304, View Loss -3.893047494825974, Reg 0.4084755811426375
08-Aug-26 22:51:59 - Epoch 8, Model Loss 0.0683621199302424, View Loss -3.8164319805070464, Reg 0.407791124060263
08-Aug-26 22:53:01 - Epoch 9, Model Loss 0.06201744615252501, View Loss -3.7920877528346444, Reg 0.40694718462189816
08-Aug-26 22:54:02 - Epoch 10, Model Loss 0.08697856797112359, View Loss -3.708344861572864, Reg 0.40878796772240034
08-Aug-26 22:54:20 - Epoch 10: Train_acc 0.7843137254901961 Val_acc 0.6143790849673203 Test_acc 0.5654450261780105 Test_auc 0.6135164835164835
08-Aug-26 22:55:21 - Epoch 11, Model Loss 0.12732301131377813, View Loss -3.6031997905058017, Reg 0.4242812636630987
08-Aug-26 22:56:23 - Epoch 12, Model Loss 0.6642078059950686, View Loss -3.4054469812929242, Reg 0.4936958812420664
08-Aug-26 22:57:24 - Epoch 13, Model Loss 2.659692994909349, View Loss -2.9984206779330385, Reg 0.5508727507264006
08-Aug-26 22:58:25 - Epoch 14, Model Loss 2.6838185382045174, View Loss -1.5489528514201345, Reg 0.4416341902383792
08-Aug-26 22:59:27 - Epoch 15, Model Loss 3.2856033736584234, View Loss -0.5160067774891074, Reg 0.40382794519655063
08-Aug-26 23:00:00 - Epoch 15: Train_acc 0.7450980392156863 Val_acc 0.6339869281045751 Test_acc 0.6020942408376964 Test_auc 0.6648351648351648
08-Aug-26 23:00:59 - Epoch 16, Model Loss 4.052628567016202, View Loss 0.9073747310763091, Reg 0.4209512686417773
08-Aug-26 23:01:58 - Epoch 17, Model Loss 4.592403414981817, View Loss 1.136564991053413, Reg 0.4215933359136768
08-Aug-26 23:02:57 - Epoch 18, Model Loss 4.4703687842375315, View Loss 1.113648413443098, Reg 0.4058762516071594
08-Aug-26 23:03:56 - Epoch 19, Model Loss 2.7668775756374684, View Loss 0.991450169507195, Reg 0.4310949398022072
08-Aug-26 23:04:55 - Epoch 20, Model Loss 0.826922251118554, View Loss 1.1890572570507822, Reg 0.43659387188020093
/users/3171356m/miniconda3/envs/grastiacl/lib/python3.12/site-packages/joblib/externals/loky/process_executor.py:782: UserWarning: A worker stopped while some jobs were given to the executor. This can be caused by a too short worker timeout or by a memory leak.
  warnings.warn(
08-Aug-26 23:05:16 - Epoch 20: Train_acc 0.7761437908496732 Val_acc 0.6601307189542484 Test_acc 0.5706806282722513 Test_auc 0.6342857142857142
08-Aug-26 23:06:15 - Epoch 21, Model Loss 0.36943231961306405, View Loss 1.4620749194637623, Reg 0.4049458881608801
08-Aug-26 23:07:14 - Epoch 22, Model Loss 0.35670895557972343, View Loss 1.8289813535665376, Reg 0.43324829258170783
08-Aug-26 23:08:12 - Epoch 23, Model Loss 0.24454558119664785, View Loss 1.9550973091250152, Reg 0.43435946671791326
08-Aug-26 23:09:11 - Epoch 24, Model Loss 0.1865418253381268, View Loss 2.0411514628167247, Reg 0.4092647367053562
08-Aug-26 23:10:10 - Epoch 25, Model Loss 0.1325862228480819, View Loss 2.072594313839682, Reg 0.43101127883967233
/users/3171356m/miniconda3/envs/grastiacl/lib/python3.12/site-packages/joblib/externals/loky/process_executor.py:782: UserWarning: A worker stopped while some jobs were given to the executor. This can be caused by a too short worker timeout or by a memory leak.
  warnings.warn(
08-Aug-26 23:10:24 - Epoch 25: Train_acc 0.7728758169934641 Val_acc 0.6339869281045751 Test_acc 0.6387434554973822 Test_auc 0.6789010989010988
08-Aug-26 23:11:23 - Epoch 26, Model Loss 0.11569041422769136, View Loss 2.0496222357344784, Reg 0.4174083044715956
08-Aug-26 23:12:21 - Epoch 27, Model Loss 0.0983327217643557, View Loss 1.9386013309940013, Reg 0.41299425055778105
08-Aug-26 23:13:20 - Epoch 28, Model Loss 0.07721029426537308, View Loss 1.6220146012462042, Reg 0.4197784099313948
08-Aug-26 23:14:19 - Epoch 29, Model Loss 0.06478138063468185, View Loss 0.9248940457705579, Reg 0.42202585234361534
08-Aug-26 23:15:18 - Epoch 30, Model Loss 0.0648303716595656, View Loss -0.16967165859696132, Reg 0.4215613155583151
08-Aug-26 23:15:29 - Epoch 30: Train_acc 0.75 Val_acc 0.5686274509803921 Test_acc 0.5863874345549738 Test_auc 0.6315384615384616
08-Aug-26 23:16:28 - Epoch 31, Model Loss 0.06135644408222896, View Loss -1.2727328094781614, Reg 0.42344162394018736
08-Aug-26 23:17:27 - Epoch 32, Model Loss 0.04832026615641476, View Loss -1.9606299228917539, Reg 0.4109666181935204
08-Aug-26 23:18:26 - Epoch 33, Model Loss 0.05233938894630258, View Loss -2.252878860710493, Reg 0.4107429024830363
08-Aug-26 23:19:25 - Epoch 34, Model Loss 0.05525521223062004, View Loss -2.3298910770540924, Reg 0.4129299052010954
08-Aug-26 23:20:24 - Epoch 35, Model Loss 0.05523629496300143, View Loss -2.355781383763731, Reg 0.4093807421478571
08-Aug-26 23:20:38 - Epoch 35: Train_acc 0.8562091503267973 Val_acc 0.5555555555555556 Test_acc 0.5863874345549738 Test_auc 0.6117582417582418
08-Aug-26 23:21:37 - Epoch 36, Model Loss 0.044665084360471737, View Loss -2.3669363579718894, Reg 0.4102838093938391
08-Aug-26 23:22:36 - Epoch 37, Model Loss 0.06552447914298064, View Loss -2.3627256677041646, Reg 0.4193689160876804
08-Aug-26 23:23:35 - Epoch 38, Model Loss 0.06843059359033124, View Loss -2.3587735571892434, Reg 0.41524143117705203
08-Aug-26 23:24:34 - Epoch 39, Model Loss 0.061962078404582406, View Loss -2.3470473118077697, Reg 0.41945860120985246
08-Aug-26 23:25:33 - Epoch 40, Model Loss 0.06803406161420486, View Loss -2.3195722056370154, Reg 0.41774461452477896
/users/3171356m/miniconda3/envs/grastiacl/lib/python3.12/site-packages/joblib/externals/loky/process_executor.py:782: UserWarning: A worker stopped while some jobs were given to the executor. This can be caused by a too short worker timeout or by a memory leak.
  warnings.warn(
08-Aug-26 23:25:50 - Epoch 40: Train_acc 0.7728758169934641 Val_acc 0.5686274509803921 Test_acc 0.5916230366492147 Test_auc 0.6342857142857142
08-Aug-26 23:26:49 - Epoch 41, Model Loss 0.06581977555175232, View Loss -2.3176399430418324, Reg 0.4204791597291535
08-Aug-26 23:27:48 - Epoch 42, Model Loss 0.06097391793151307, View Loss -2.3102787086387084, Reg 0.4222373155986561
08-Aug-26 23:28:47 - Epoch 43, Model Loss 0.06995220394695506, View Loss -2.3049133634255603, Reg 0.42220745873607063
08-Aug-26 23:29:45 - Epoch 44, Model Loss 0.08869512856396194, View Loss -2.297458101721371, Reg 0.4273475694890116
08-Aug-26 23:30:44 - Epoch 45, Model Loss 0.13551249544994504, View Loss -2.279376511480294, Reg 0.4401649435361226
08-Aug-26 23:30:54 - Epoch 45: Train_acc 0.7745098039215687 Val_acc 0.5686274509803921 Test_acc 0.5759162303664922 Test_auc 0.6249450549450549
08-Aug-26 23:31:53 - Epoch 46, Model Loss 0.24738786247820635, View Loss -2.2911908829134275, Reg 0.4629734664960624
08-Aug-26 23:32:52 - Epoch 47, Model Loss 0.3595227808052418, View Loss -2.296739330478743, Reg 0.4782420053980709
08-Aug-26 23:33:51 - Epoch 48, Model Loss 0.30652788154829563, View Loss -2.30357938030966, Reg 0.4722650878959232
08-Aug-26 23:34:50 - Epoch 49, Model Loss 0.2017631001916586, View Loss -2.3117622550016916, Reg 0.46496890300239613
08-Aug-26 23:35:49 - Epoch 50, Model Loss 0.0799298535764607, View Loss -2.2935371211930815, Reg 0.4247879551516639
08-Aug-26 23:36:01 - Epoch 50: Train_acc 0.7679738562091504 Val_acc 0.5882352941176471 Test_acc 0.5654450261780105 Test_auc 0.6235164835164835
08-Aug-26 23:37:00 - Epoch 51, Model Loss 0.04135831021795086, View Loss -2.274566560009726, Reg 0.4130578718933405
08-Aug-26 23:37:58 - Epoch 52, Model Loss 0.018491683637394625, View Loss -2.2614814113168156, Reg 0.4204200476992364
08-Aug-26 23:38:57 - Epoch 53, Model Loss 0.013616934516071494, View Loss -2.2526970704396567, Reg 0.4128412853658589
08-Aug-26 23:39:56 - Epoch 54, Model Loss 0.004379584995749729, View Loss -2.2585446055418528, Reg 0.42066769486938427
08-Aug-26 23:40:55 - Epoch 55, Model Loss -0.0042033401969211555, View Loss -2.2469702483781804, Reg 0.4153647870799295
08-Aug-26 23:41:09 - Epoch 55: Train_acc 0.7647058823529411 Val_acc 0.5882352941176471 Test_acc 0.5706806282722513 Test_auc 0.6246153846153847
08-Aug-26 23:42:08 - Epoch 56, Model Loss -0.009107434866475124, View Loss -2.249717438143063, Reg 0.4168909986813863
08-Aug-26 23:43:07 - Epoch 57, Model Loss -0.012769606670523001, View Loss -2.237147990395041, Reg 0.41078339896950067
08-Aug-26 23:44:06 - Epoch 58, Model Loss -0.014515812295714236, View Loss -2.2447677858514723, Reg 0.4142294039134107
08-Aug-26 23:45:05 - Epoch 59, Model Loss -0.01894943737516216, View Loss -2.252225458232406, Reg 0.40633221623165156
08-Aug-26 23:46:03 - Epoch 60, Model Loss -0.015271883287460975, View Loss -2.240174636342167, Reg 0.4092231014974756
08-Aug-26 23:46:18 - Epoch 60: Train_acc 0.7663398692810458 Val_acc 0.5686274509803921 Test_acc 0.5706806282722513 Test_auc 0.6247252747252747
08-Aug-26 23:47:17 - Epoch 61, Model Loss -0.021751271743400424, View Loss -2.22734401896109, Reg 0.4052920990130481
08-Aug-26 23:48:16 - Epoch 62, Model Loss -0.020717557641415814, View Loss -2.236198981602987, Reg 0.40879499951219245
08-Aug-26 23:49:15 - Epoch 63, Model Loss -0.02330706477944368, View Loss -2.2235503991444907, Reg 0.4038972901362999
08-Aug-26 23:50:14 - Epoch 64, Model Loss -0.027222075785686767, View Loss -2.2273363552841485, Reg 0.404662910045362
08-Aug-26 23:51:13 - Epoch 65, Model Loss -0.023904831191293555, View Loss -2.2131931735020056, Reg 0.40438056615443013
08-Aug-26 23:51:28 - Epoch 65: Train_acc 0.7647058823529411 Val_acc 0.5751633986928104 Test_acc 0.5759162303664922 Test_auc 0.6295604395604396
08-Aug-26 23:52:27 - Epoch 66, Model Loss -0.022465542640561373, View Loss -2.215457858602985, Reg 0.40263448704301924
08-Aug-26 23:53:26 - Epoch 67, Model Loss -0.026497182698031654, View Loss -2.225098002190683, Reg 0.40556438900286856
08-Aug-26 23:54:25 - Epoch 68, Model Loss -0.027579491361488705, View Loss -2.2172125523386437, Reg 0.40112050354870316
08-Aug-26 23:55:24 - Epoch 69, Model Loss -0.029829850968192604, View Loss -2.236743341084399, Reg 0.40535236846387773
08-Aug-26 23:56:23 - Epoch 70, Model Loss -0.031613199539433895, View Loss -2.233718530804503, Reg 0.4041735917524575
/users/3171356m/miniconda3/envs/grastiacl/lib/python3.12/site-packages/joblib/externals/loky/process_executor.py:782: UserWarning: A worker stopped while some jobs were given to the executor. This can be caused by a too short worker timeout or by a memory leak.
  warnings.warn(
08-Aug-26 23:56:40 - Epoch 70: Train_acc 1.0 Val_acc 0.5751633986928104 Test_acc 0.5654450261780105 Test_auc 0.6076923076923076
08-Aug-26 23:57:39 - Epoch 71, Model Loss -0.03037374139781676, View Loss -2.2400441278819163, Reg 0.4020407293357101
08-Aug-26 23:58:38 - Epoch 72, Model Loss -0.031597871601192, View Loss -2.220452596938688, Reg 0.40150641128907794
08-Aug-26 23:59:36 - Epoch 73, Model Loss -0.03356369239052916, View Loss -2.213217007568459, Reg 0.4026830568422679
09-Aug-26 00:00:35 - Epoch 74, Model Loss -0.03569465661360548, View Loss -2.2010140029433507, Reg 0.4001164255188961
09-Aug-26 00:01:34 - Epoch 75, Model Loss -0.04072889291188296, View Loss -2.195307405945522, Reg 0.40517233536134356
09-Aug-26 00:01:48 - Epoch 75: Train_acc 0.7696078431372549 Val_acc 0.5620915032679739 Test_acc 0.581151832460733 Test_auc 0.6342857142857143
09-Aug-26 00:02:47 - Epoch 76, Model Loss -0.034612061565413195, View Loss -2.2021546145669775, Reg 0.40230363763235755
09-Aug-26 00:03:46 - Epoch 77, Model Loss -0.04240740514269062, View Loss -2.20609607727699, Reg 0.4013963943602992
09-Aug-26 00:04:45 - Epoch 78, Model Loss -0.03712863820830202, View Loss -2.2046333839690764, Reg 0.40334533223139696
09-Aug-26 00:05:44 - Epoch 79, Model Loss -0.039966356642300783, View Loss -2.19961721756879, Reg 0.4008389430887559
09-Aug-26 00:06:43 - Epoch 80, Model Loss -0.03559404253667476, View Loss -2.199787635429233, Reg 0.4042106570761188
09-Aug-26 00:06:54 - Epoch 80: Train_acc 0.7679738562091504 Val_acc 0.5620915032679739 Test_acc 0.5759162303664922 Test_auc 0.6386813186813187
09-Aug-26 00:07:52 - Epoch 81, Model Loss -0.039423458107741054, View Loss -2.201689062554852, Reg 0.4006790302547754
09-Aug-26 00:08:51 - Epoch 82, Model Loss -0.04761797326063019, View Loss -2.1964065654605043, Reg 0.4005257475609873
09-Aug-26 00:09:50 - Epoch 83, Model Loss -0.04515019458493376, View Loss -2.1983089493770227, Reg 0.40370523150450266
09-Aug-26 00:10:49 - Epoch 84, Model Loss -0.04324131829091926, View Loss -2.200663522957197, Reg 0.4000767471353992
09-Aug-26 00:11:48 - Epoch 85, Model Loss -0.04367530277741501, View Loss -2.2096992692137074, Reg 0.4022591869815502
09-Aug-26 00:12:00 - Epoch 85: Train_acc 0.7647058823529411 Val_acc 0.5555555555555556 Test_acc 0.581151832460733 Test_auc 0.6363736263736264
09-Aug-26 00:12:59 - Epoch 86, Model Loss -0.043516904359159905, View Loss -2.2022678119684356, Reg 0.40055135846917145
09-Aug-26 00:13:58 - Epoch 87, Model Loss -0.04526568014247745, View Loss -2.193620187784332, Reg 0.39948537478259966
09-Aug-26 00:14:57 - Epoch 88, Model Loss -0.04807685529874041, View Loss -2.1895751672632553, Reg 0.4031108027579738
09-Aug-26 00:15:56 - Epoch 89, Model Loss -0.04965392709557527, View Loss -2.195251189026178, Reg 0.3976298855021109
09-Aug-26 00:16:55 - Epoch 90, Model Loss -0.050496996258647224, View Loss -2.194773943595637, Reg 0.4028940226127899
09-Aug-26 00:17:02 - Epoch 90: Train_acc 0.7663398692810458 Val_acc 0.5686274509803921 Test_acc 0.581151832460733 Test_auc 0.6410989010989011
09-Aug-26 00:18:01 - Epoch 91, Model Loss -0.05599064939941456, View Loss -2.200125630384956, Reg 0.3976367961347493
09-Aug-26 00:19:00 - Epoch 92, Model Loss -0.05423250969718484, View Loss -2.208457909378351, Reg 0.4026392690496507
09-Aug-26 00:19:59 - Epoch 93, Model Loss -0.060024268973886574, View Loss -2.200201008054945, Reg 0.39885328622425303
09-Aug-26 00:20:58 - Epoch 94, Model Loss -0.05600693013543397, View Loss -2.2014387230467953, Reg 0.3993065495506611
09-Aug-26 00:21:57 - Epoch 95, Model Loss -0.06139092702491611, View Loss -2.207631352680181, Reg 0.40053992586977344
/users/3171356m/miniconda3/envs/grastiacl/lib/python3.12/site-packages/joblib/externals/loky/process_executor.py:782: UserWarning: A worker stopped while some jobs were given to the executor. This can be caused by a too short worker timeout or by a memory leak.
  warnings.warn(
09-Aug-26 00:22:06 - Epoch 95: Train_acc 0.7647058823529411 Val_acc 0.5686274509803921 Test_acc 0.581151832460733 Test_auc 0.6371428571428572
09-Aug-26 00:23:05 - Epoch 96, Model Loss -0.06120678334454306, View Loss -2.200946310766382, Reg 0.399177262790842
09-Aug-26 00:24:03 - Epoch 97, Model Loss -0.05769189939000248, View Loss -2.194068936740651, Reg 0.4005159244817846
09-Aug-26 00:25:02 - Epoch 98, Model Loss -0.06519375907050239, View Loss -2.1880156604293126, Reg 0.39891330517974555
09-Aug-26 00:26:01 - Epoch 99, Model Loss -0.055895782958448326, View Loss -2.1873440275005267, Reg 0.3995301466362149
09-Aug-26 00:27:00 - Epoch 100, Model Loss -0.05965780919673396, View Loss -2.1862794698453416, Reg 0.4001959009108201
09-Aug-26 00:27:08 - Epoch 100: Train_acc 0.7647058823529411 Val_acc 0.5555555555555556 Test_acc 0.5863874345549738 Test_auc 0.6407692307692308
09-Aug-26 00:28:07 - Epoch 101, Model Loss -0.05832679014579922, View Loss -2.184250811346216, Reg 0.3985674983146144
09-Aug-26 00:29:06 - Epoch 102, Model Loss -0.055988490289332817, View Loss -2.1850386445039236, Reg 0.4000157922311546
09-Aug-26 00:30:04 - Epoch 103, Model Loss -0.06033775008289643, View Loss -2.178608553082335, Reg 0.39883019838457795
09-Aug-26 00:31:03 - Epoch 104, Model Loss -0.060270177383048865, View Loss -2.1784418533050935, Reg 0.399983484955395
09-Aug-26 00:32:02 - Epoch 105, Model Loss -0.06178300131380168, View Loss -2.18677118089464, Reg 0.39741706887101813
/users/3171356m/miniconda3/envs/grastiacl/lib/python3.12/site-packages/joblib/externals/loky/process_executor.py:782: UserWarning: A worker stopped while some jobs were given to the executor. This can be caused by a too short worker timeout or by a memory leak.
  warnings.warn(
09-Aug-26 00:32:12 - Epoch 105: Train_acc 0.7647058823529411 Val_acc 0.5620915032679739 Test_acc 0.581151832460733 Test_auc 0.6372527472527474
09-Aug-26 00:33:11 - Epoch 106, Model Loss -0.06101224566596786, View Loss -2.181508720310685, Reg 0.39887743448120316
09-Aug-26 00:34:09 - Epoch 107, Model Loss -0.06439845819099277, View Loss -2.189909079495598, Reg 0.3981585251350029
09-Aug-26 00:35:08 - Epoch 108, Model Loss -0.06701797246932983, View Loss -2.1815247130549813, Reg 0.3995179921583413
09-Aug-26 00:36:07 - Epoch 109, Model Loss -0.06282634809126261, View Loss -2.18272005654628, Reg 0.39786480688581277
09-Aug-26 00:37:06 - Epoch 110, Model Loss -0.06945376497468138, View Loss -2.1870216139001784, Reg 0.3971614301983827
09-Aug-26 00:37:22 - Epoch 110: Train_acc 0.7647058823529411 Val_acc 0.5686274509803921 Test_acc 0.5863874345549738 Test_auc 0.6386813186813187
09-Aug-26 00:38:21 - Epoch 111, Model Loss -0.06758642469356263, View Loss -2.1851188715766456, Reg 0.40073347305939866
09-Aug-26 00:39:19 - Epoch 112, Model Loss -0.06508991492339988, View Loss -2.1828045408710155, Reg 0.3964059345083299
09-Aug-26 00:40:18 - Epoch 113, Model Loss -0.06901082883473315, View Loss -2.1857944719152513, Reg 0.39895380595151114
09-Aug-26 00:41:17 - Epoch 114, Model Loss -0.07386950807633742, View Loss -2.1852640887491064, Reg 0.3978619900793811
09-Aug-26 00:42:16 - Epoch 115, Model Loss -0.07113621515386245, View Loss -2.198648885963789, Reg 0.3970746060991599
09-Aug-26 00:42:41 - Epoch 115: Train_acc 0.7679738562091504 Val_acc 0.5686274509803921 Test_acc 0.5863874345549738 Test_auc 0.6418681318681319
09-Aug-26 00:43:40 - Epoch 116, Model Loss -0.07385457555452983, View Loss -2.1926699027516485, Reg 0.4005884939159443
09-Aug-26 00:44:39 - Epoch 117, Model Loss -0.07533198672961565, View Loss -2.19201368288277, Reg 0.39641544105959875
09-Aug-26 00:45:38 - Epoch 118, Model Loss -0.07111033680392247, View Loss -2.1912810537550182, Reg 0.3990276068254234
09-Aug-26 00:46:37 - Epoch 119, Model Loss -0.06850212442329506, View Loss -2.185998854294322, Reg 0.39749935736843184
09-Aug-26 00:47:36 - Epoch 120, Model Loss -0.07469399263656218, View Loss -2.1820541846206765, Reg 0.39748333404266756
09-Aug-26 00:47:54 - Epoch 120: Train_acc 0.7679738562091504 Val_acc 0.5751633986928104 Test_acc 0.5863874345549738 Test_auc 0.6385714285714286
09-Aug-26 00:48:53 - Epoch 121, Model Loss -0.07243493959015491, View Loss -2.1793271264219594, Reg 0.3995356339644762
09-Aug-26 00:49:52 - Epoch 122, Model Loss -0.07029200496237262, View Loss -2.190632587943981, Reg 0.396894633769989
09-Aug-26 00:50:51 - Epoch 123, Model Loss -0.07103824557042589, View Loss -2.185233240813212, Reg 0.39659272436223
09-Aug-26 00:51:49 - Epoch 124, Model Loss -0.07547946186626658, View Loss -2.1822822109546536, Reg 0.39921269755737454
09-Aug-26 00:52:48 - Epoch 125, Model Loss -0.07789892990604724, View Loss -2.187344406165329, Reg 0.3964788718940386
/users/3171356m/miniconda3/envs/grastiacl/lib/python3.12/site-packages/joblib/externals/loky/process_executor.py:782: UserWarning: A worker stopped while some jobs were given to the executor. This can be caused by a too short worker timeout or by a memory leak.
  warnings.warn(
09-Aug-26 00:53:04 - Epoch 125: Train_acc 0.7663398692810458 Val_acc 0.5816993464052288 Test_acc 0.5916230366492147 Test_auc 0.6359340659340659
09-Aug-26 00:54:03 - Epoch 126, Model Loss -0.0763417299276863, View Loss -2.1797194995132148, Reg 0.3975413126104018
09-Aug-26 00:55:01 - Epoch 127, Model Loss -0.07883500195796193, View Loss -2.1880739888334584, Reg 0.39761088934599187
09-Aug-26 00:56:00 - Epoch 128, Model Loss -0.07831668581058776, View Loss -2.1807107021606047, Reg 0.39646751915707307
09-Aug-26 00:56:59 - Epoch 129, Model Loss -0.07793931244245542, View Loss -2.1856400997810113, Reg 0.39806069969351776
09-Aug-26 00:57:58 - Epoch 130, Model Loss -0.07977136911130418, View Loss -2.180360370212131, Reg 0.3972773824641907
/users/3171356m/miniconda3/envs/grastiacl/lib/python3.12/site-packages/joblib/externals/loky/process_executor.py:782: UserWarning: A worker stopped while some jobs were given to the executor. This can be caused by a too short worker timeout or by a memory leak.
  warnings.warn(
09-Aug-26 00:58:12 - Epoch 130: Train_acc 1.0 Val_acc 0.5424836601307189 Test_acc 0.5497382198952879 Test_auc 0.584065934065934
09-Aug-26 00:59:11 - Epoch 131, Model Loss -0.07982730475905674, View Loss -2.172658789391611, Reg 0.3968319211130828
09-Aug-26 01:00:10 - Epoch 132, Model Loss -0.07821825828427582, View Loss -2.1750592686771566, Reg 0.3959214023125717
09-Aug-26 01:01:08 - Epoch 133, Model Loss -0.07627303245799993, View Loss -2.176228202246373, Reg 0.39693113129123364
09-Aug-26 01:02:07 - Epoch 134, Model Loss -0.07618836483924217, View Loss -2.1792704248740002, Reg 0.3979206895516589
09-Aug-26 01:03:06 - Epoch 135, Model Loss -0.07744402745190788, View Loss -2.1830944422802894, Reg 0.39504658182462055
/users/3171356m/miniconda3/envs/grastiacl/lib/python3.12/site-packages/joblib/externals/loky/process_executor.py:782: UserWarning: A worker stopped while some jobs were given to the executor. This can be caused by a too short worker timeout or by a memory leak.
  warnings.warn(
09-Aug-26 01:03:20 - Epoch 135: Train_acc 0.761437908496732 Val_acc 0.6013071895424836 Test_acc 0.5863874345549738 Test_auc 0.6341758241758241
09-Aug-26 01:04:18 - Epoch 136, Model Loss -0.07854533935684005, View Loss -2.1789143662047543, Reg 0.3976817210904913
09-Aug-26 01:05:17 - Epoch 137, Model Loss -0.0762977785144756, View Loss -2.1704260477053574, Reg 0.39606423919496975
09-Aug-26 01:06:16 - Epoch 138, Model Loss -0.07686261433401918, View Loss -2.1721652348836265, Reg 0.39482687481867723
09-Aug-26 01:07:15 - Epoch 139, Model Loss -0.08144938186103222, View Loss -2.1743191613091364, Reg 0.39732033462306254
09-Aug-26 01:08:14 - Epoch 140, Model Loss -0.0828990694744135, View Loss -2.174739962309794, Reg 0.3954536967417773
09-Aug-26 01:08:29 - Epoch 140: Train_acc 0.7663398692810458 Val_acc 0.5947712418300654 Test_acc 0.5916230366492147 Test_auc 0.6338461538461537
09-Aug-26 01:09:27 - Epoch 141, Model Loss -0.08260515040042353, View Loss -2.167283433714723, Reg 0.39634184821758395
09-Aug-26 01:10:26 - Epoch 142, Model Loss -0.0797168766361436, View Loss -2.179146475262112, Reg 0.3951092553294562
09-Aug-26 01:11:25 - Epoch 143, Model Loss -0.08313982607492434, View Loss -2.174682201123705, Reg 0.39604655570454067
09-Aug-26 01:12:24 - Epoch 144, Model Loss -0.0828450068928837, View Loss -2.1715599166022406, Reg 0.396555376403472
09-Aug-26 01:13:23 - Epoch 145, Model Loss -0.08301748871024138, View Loss -2.170270388422449, Reg 0.3955049956935683
09-Aug-26 01:13:35 - Epoch 145: Train_acc 0.7549019607843137 Val_acc 0.5882352941176471 Test_acc 0.5968586387434555 Test_auc 0.6376923076923077
09-Aug-26 01:14:34 - Epoch 146, Model Loss -0.08346966960850884, View Loss -2.1667480203840466, Reg 0.3967384799243578
09-Aug-26 01:15:32 - Epoch 147, Model Loss -0.08555051197413525, View Loss -2.179648139118369, Reg 0.39539196054919873
09-Aug-26 01:16:31 - Epoch 148, Model Loss -0.08587603027524512, View Loss -2.168246764762729, Reg 0.3952983311967912
09-Aug-26 01:17:30 - Epoch 149, Model Loss -0.08506795822405348, View Loss -2.167108052696278, Reg 0.39598003789490344
09-Aug-26 01:18:29 - Epoch 150, Model Loss -0.08752015018774793, View Loss -2.1704885414223267, Reg 0.39445942523432714
09-Aug-26 01:18:44 - Epoch 150: Train_acc 0.7581699346405228 Val_acc 0.6013071895424836 Test_acc 0.5863874345549738 Test_auc 0.6359340659340659
09-Aug-26 01:19:44 - Epoch 151, Model Loss -0.08283770006466536, View Loss -2.1694012919282604, Reg 0.3952340688191208
09-Aug-26 01:20:42 - Epoch 152, Model Loss -0.08432651189417621, View Loss -2.165609408048243, Reg 0.3953342026744793
09-Aug-26 01:21:41 - Epoch 153, Model Loss -0.0844037435413186, View Loss -2.1850656606013477, Reg 0.3947457462743996
09-Aug-26 01:22:40 - Epoch 154, Model Loss -0.08461929731119693, View Loss -2.1958483496522594, Reg 0.3952667393715553
09-Aug-26 01:23:40 - Epoch 155, Model Loss -0.08666963475981569, View Loss -2.1756610543120143, Reg 0.39481091713593675
09-Aug-26 01:23:51 - Epoch 155: Train_acc 0.7696078431372549 Val_acc 0.5947712418300654 Test_acc 0.5863874345549738 Test_auc 0.6326373626373626
09-Aug-26 01:24:50 - Epoch 156, Model Loss -0.08862852972317366, View Loss -2.1700244916030784, Reg 0.3945376991836074
09-Aug-26 01:25:49 - Epoch 157, Model Loss -0.08769682225059061, View Loss -2.187470649582109, Reg 0.39577081098276023
09-Aug-26 01:26:48 - Epoch 158, Model Loss -0.08928394863028931, View Loss -2.1761026491526683, Reg 0.3944488635250166
09-Aug-26 01:27:47 - Epoch 159, Model Loss -0.09092227228326735, View Loss -2.183889742770226, Reg 0.39344509423168655
09-Aug-26 01:28:46 - Epoch 160, Model Loss -0.09004959697816886, View Loss -2.1797628153383344, Reg 0.3965939088584551
09-Aug-26 01:29:01 - Epoch 160: Train_acc 0.761437908496732 Val_acc 0.5882352941176471 Test_acc 0.5968586387434555 Test_auc 0.6314285714285713
09-Aug-26 01:30:00 - Epoch 161, Model Loss -0.08987395280326893, View Loss -2.181223149393119, Reg 0.3934313393885793
09-Aug-26 01:30:59 - Epoch 162, Model Loss -0.08748651213116115, View Loss -2.1706400151346243, Reg 0.3937157261994929
09-Aug-26 01:31:58 - Epoch 163, Model Loss -0.08799498572069056, View Loss -2.16795148724824, Reg 0.39575518073599325
09-Aug-26 01:32:57 - Epoch 164, Model Loss -0.08819222255469927, View Loss -2.191886083752501, Reg 0.3927999579049403
09-Aug-26 01:33:56 - Epoch 165, Model Loss -0.08891648054122925, View Loss -2.180893294951495, Reg 0.3943886340054032
09-Aug-26 01:34:14 - Epoch 165: Train_acc 0.7598039215686274 Val_acc 0.5882352941176471 Test_acc 0.5916230366492147 Test_auc 0.6316483516483518
09-Aug-26 01:35:13 - Epoch 166, Model Loss -0.09168076086667629, View Loss -2.1884458735098247, Reg 0.3943611710679297
09-Aug-26 01:36:12 - Epoch 167, Model Loss -0.09035740529789645, View Loss -2.18113687147502, Reg 0.3930131292421054
09-Aug-26 01:37:11 - Epoch 168, Model Loss -0.09294558506385953, View Loss -2.1606280819263333, Reg 0.39411165881780236
09-Aug-26 01:38:12 - Epoch 169, Model Loss -0.09400486439661263, View Loss -2.171836893542919, Reg 0.3926929619187623
09-Aug-26 01:39:12 - Epoch 170, Model Loss -0.09216795462408876, View Loss -2.1732869023591084, Reg 0.3932684398944082
/users/3171356m/miniconda3/envs/grastiacl/lib/python3.12/site-packages/joblib/externals/loky/process_executor.py:782: UserWarning: A worker stopped while some jobs were given to the executor. This can be caused by a too short worker timeout or by a memory leak.
  warnings.warn(
09-Aug-26 01:39:27 - Epoch 170: Train_acc 0.7581699346405228 Val_acc 0.5947712418300654 Test_acc 0.5968586387434555 Test_auc 0.6359340659340659
09-Aug-26 01:40:26 - Epoch 171, Model Loss -0.09184778204151228, View Loss -2.1671482114230884, Reg 0.39329655361331367
09-Aug-26 01:41:24 - Epoch 172, Model Loss -0.09333081455791697, View Loss -2.1721564850776023, Reg 0.39305300552860584
09-Aug-26 01:42:23 - Epoch 173, Model Loss -0.08440543584574282, View Loss -2.1744450790430205, Reg 0.39221633649339865
09-Aug-26 01:43:22 - Epoch 174, Model Loss -0.09124709227505852, View Loss -2.180499617570366, Reg 0.39361705538494135
09-Aug-26 01:44:21 - Epoch 175, Model Loss -0.0928717103658938, View Loss -2.1754423668181975, Reg 0.39163773687057246
09-Aug-26 01:44:29 - Epoch 175: Train_acc 0.7581699346405228 Val_acc 0.6013071895424836 Test_acc 0.5968586387434555 Test_auc 0.6326373626373627
09-Aug-26 01:45:28 - Epoch 176, Model Loss -0.0901821723171309, View Loss -2.1677486912097805, Reg 0.39196110356087777
09-Aug-26 01:46:27 - Epoch 177, Model Loss -0.09058027972582898, View Loss -2.167267278908125, Reg 0.39272358585027306
09-Aug-26 01:47:30 - Epoch 178, Model Loss -0.0893923858411951, View Loss -2.164956552530426, Reg 0.39079123696470575
09-Aug-26 01:48:35 - Epoch 179, Model Loss -0.08980599415847679, View Loss -2.1692903696321975, Reg 0.39122769762487974
09-Aug-26 01:49:40 - Epoch 180, Model Loss -0.09236808033550487, View Loss -2.163595793293972, Reg 0.3923845485924116
09-Aug-26 01:50:00 - Epoch 180: Train_acc 0.7598039215686274 Val_acc 0.5882352941176471 Test_acc 0.5968586387434555 Test_auc 0.6321978021978022
09-Aug-26 01:51:05 - Epoch 181, Model Loss -0.09507366644790749, View Loss -2.163787047068278, Reg 0.39007646760909387
09-Aug-26 01:52:11 - Epoch 182, Model Loss -0.09167247192532409, View Loss -2.1597356733932993, Reg 0.3916860653294457
09-Aug-26 01:53:17 - Epoch 183, Model Loss -0.0932191117526659, View Loss -2.167007877935771, Reg 0.3907811752721375
09-Aug-26 01:54:22 - Epoch 184, Model Loss -0.09238824209356619, View Loss -2.15846295450248, Reg 0.38977087011524275
09-Aug-26 01:55:28 - Epoch 185, Model Loss -0.09808246469965168, View Loss -2.152066112343782, Reg 0.3901394021277334
09-Aug-26 01:55:52 - Epoch 185: Train_acc 0.7549019607843137 Val_acc 0.5882352941176471 Test_acc 0.581151832460733 Test_auc 0.6303296703296704
09-Aug-26 01:56:57 - Epoch 186, Model Loss -0.09271129712559818, View Loss -2.1646885762806813, Reg 0.3909668254306893
09-Aug-26 01:58:01 - Epoch 187, Model Loss -0.09900365390029608, View Loss -2.173846682691886, Reg 0.38929905377182306
09-Aug-26 01:59:01 - Epoch 188, Model Loss -0.0956289916256674, View Loss -2.1726089303010427, Reg 0.3893931880106334
09-Aug-26 02:00:00 - Epoch 189, Model Loss -0.09412840632052204, View Loss -2.1807801255992816, Reg 0.39025697871750475
09-Aug-26 02:01:00 - Epoch 190, Model Loss -0.09679560022416457, View Loss -2.168324850743113, Reg 0.3880060367724475
09-Aug-26 02:01:17 - Epoch 190: Train_acc 0.8611111111111112 Val_acc 0.5816993464052288 Test_acc 0.5654450261780105 Test_auc 0.5993406593406594
09-Aug-26 02:02:16 - Epoch 191, Model Loss -0.09779300272854324, View Loss -2.1705455187878577, Reg 0.38936616217388825
09-Aug-26 02:03:15 - Epoch 192, Model Loss -0.10336860800101087, View Loss -2.1808527108111413, Reg 0.3892791292636223
09-Aug-26 02:04:14 - Epoch 193, Model Loss -0.09447287305507784, View Loss -2.1601332340365142, Reg 0.38803278172717376
09-Aug-26 02:05:13 - Epoch 194, Model Loss -0.09521353420089274, View Loss -2.1564739763347154, Reg 0.38873278860952337
09-Aug-26 02:06:12 - Epoch 195, Model Loss -0.09883772878865012, View Loss -2.1676369882097433, Reg 0.38798124474637646
/users/3171356m/miniconda3/envs/grastiacl/lib/python3.12/site-packages/joblib/externals/loky/process_executor.py:782: UserWarning: A worker stopped while some jobs were given to the executor. This can be caused by a too short worker timeout or by a memory leak.
  warnings.warn(
09-Aug-26 02:06:28 - Epoch 195: Train_acc 0.7565359477124183 Val_acc 0.5882352941176471 Test_acc 0.5863874345549738 Test_auc 0.628021978021978
09-Aug-26 02:07:27 - Epoch 196, Model Loss -0.10149388258753259, View Loss -2.1570132105958226, Reg 0.387739629722109
09-Aug-26 02:08:26 - Epoch 197, Model Loss -0.09959142932704851, View Loss -2.160007677826227, Reg 0.38765159931058196
09-Aug-26 02:09:25 - Epoch 198, Model Loss -0.09841458820829205, View Loss -2.1476022745269576, Reg 0.3875053885325887
09-Aug-26 02:10:24 - Epoch 199, Model Loss -0.09052373381221995, View Loss -2.1507757535946914, Reg 0.38607665662672
09-Aug-26 02:11:23 - Epoch 200, Model Loss -0.09460793094697341, View Loss -2.145968868841533, Reg 0.38812198319466285
09-Aug-26 02:11:42 - Epoch 200: Train_acc 0.761437908496732 Val_acc 0.6013071895424836 Test_acc 0.5863874345549738 Test_auc 0.6294505494505495
09-Aug-26 02:12:41 - Epoch 201, Model Loss -0.09713904627787522, View Loss -2.1609500794628866, Reg 0.3858635632041233
09-Aug-26 02:13:40 - Epoch 202, Model Loss -0.09880932289011338, View Loss -2.172892938252368, Reg 0.38690291510687935
09-Aug-26 02:14:39 - Epoch 203, Model Loss -0.10044570802863127, View Loss -2.1698308816922256, Reg 0.38586462907541813
09-Aug-26 02:15:38 - Epoch 204, Model Loss -0.10409752761616427, View Loss -2.154519600026748, Reg 0.3865399985921149
09-Aug-26 02:16:37 - Epoch 205, Model Loss -0.10185663957221835, View Loss -2.1551172608643574, Reg 0.38657033053878087
/users/3171356m/miniconda3/envs/grastiacl/lib/python3.12/site-packages/joblib/externals/loky/process_executor.py:782: UserWarning: A worker stopped while some jobs were given to the executor. This can be caused by a too short worker timeout or by a memory leak.
  warnings.warn(
09-Aug-26 02:16:52 - Epoch 205: Train_acc 0.8578431372549019 Val_acc 0.5816993464052288 Test_acc 0.5759162303664922 Test_auc 0.6043956043956044
09-Aug-26 02:17:51 - Epoch 206, Model Loss -0.10171278454119863, View Loss -2.1545236500260097, Reg 0.3856597907013363
09-Aug-26 02:18:50 - Epoch 207, Model Loss -0.09848064651676253, View Loss -2.1530787383808807, Reg 0.38627127202507716
09-Aug-26 02:19:49 - Epoch 208, Model Loss -0.10050008148928873, View Loss -2.158052040860544, Reg 0.38489776635481643
09-Aug-26 02:20:48 - Epoch 209, Model Loss -0.09935782275168724, View Loss -2.15784095003714, Reg 0.38604559949020933
09-Aug-26 02:21:47 - Epoch 210, Model Loss -0.10121355765785267, View Loss -2.153553334716099, Reg 0.38465922174890055
/users/3171356m/miniconda3/envs/grastiacl/lib/python3.12/site-packages/joblib/externals/loky/process_executor.py:782: UserWarning: A worker stopped while some jobs were given to the executor. This can be caused by a too short worker timeout or by a memory leak.
  warnings.warn(
09-Aug-26 02:21:58 - Epoch 210: Train_acc 1.0 Val_acc 0.5751633986928104 Test_acc 0.5759162303664922 Test_auc 0.613956043956044
09-Aug-26 02:22:57 - Epoch 211, Model Loss -0.10294821215610878, View Loss -2.1598862479714787, Reg 0.3846600766665016
09-Aug-26 02:23:56 - Epoch 212, Model Loss -0.10192151611147363, View Loss -2.160930229947458, Reg 0.385658910656287
09-Aug-26 02:24:55 - Epoch 213, Model Loss -0.10570390882834889, View Loss -2.154896343455595, Reg 0.3843531647538827
09-Aug-26 02:25:54 - Epoch 214, Model Loss -0.10278298730164571, View Loss -2.153286556792415, Reg 0.38456421155555576
09-Aug-26 02:26:53 - Epoch 215, Model Loss -0.10568461386986028, View Loss -2.1467859667111067, Reg 0.3845519550095976
09-Aug-26 02:27:04 - Epoch 215: Train_acc 0.7598039215686274 Val_acc 0.6013071895424836 Test_acc 0.5968586387434555 Test_auc 0.6291208791208792
09-Aug-26 02:28:03 - Epoch 216, Model Loss -0.1075787065075893, View Loss -2.1529564717236687, Reg 0.38349363480518067
09-Aug-26 02:29:02 - Epoch 217, Model Loss -0.1043749732129714, View Loss -2.1437223253686444, Reg 0.3843505053348791
09-Aug-26 02:30:01 - Epoch 218, Model Loss -0.10073970267975252, View Loss -2.1603775507484384, Reg 0.38436878837791144
09-Aug-26 02:31:00 - Epoch 219, Model Loss -0.10098029468573776, View Loss -2.162319803549573, Reg 0.383595825994716
09-Aug-26 02:31:59 - Epoch 220, Model Loss -0.10599520705104654, View Loss -2.1667849300733577, Reg 0.38372707386422
09-Aug-26 02:32:13 - Epoch 220: Train_acc 0.75 Val_acc 0.6078431372549019 Test_acc 0.5863874345549738 Test_auc 0.6303296703296702
09-Aug-26 02:33:12 - Epoch 221, Model Loss -0.10576493697228774, View Loss -2.1613050629110897, Reg 0.3834954856657514
09-Aug-26 02:34:11 - Epoch 222, Model Loss -0.10466002541429856, View Loss -2.162978184768577, Reg 0.3834515901562435
09-Aug-26 02:35:10 - Epoch 223, Model Loss -0.10158427439483941, View Loss -2.1562200589896805, Reg 0.383349933460647
09-Aug-26 02:36:09 - Epoch 224, Model Loss -0.10163373904290542, View Loss -2.1570788271286907, Reg 0.38323987095184575
09-Aug-26 02:37:08 - Epoch 225, Model Loss -0.10502394196254755, View Loss -2.149276887669283, Reg 0.38323808242292967
09-Aug-26 02:37:24 - Epoch 225: Train_acc 0.7630718954248366 Val_acc 0.6013071895424836 Test_acc 0.581151832460733 Test_auc 0.6216483516483516
09-Aug-26 02:38:23 - Epoch 226, Model Loss -0.10103086883725684, View Loss -2.1442000897102105, Reg 0.3829266107549854
09-Aug-26 02:39:22 - Epoch 227, Model Loss -0.10487712033433852, View Loss -2.155364158106785, Reg 0.3819079165365182
09-Aug-26 02:40:21 - Epoch 228, Model Loss -0.10342484595728856, View Loss -2.1527612739139133, Reg 0.38372111223102395
09-Aug-26 02:41:20 - Epoch 229, Model Loss -0.10161710876265383, View Loss -2.15559040331373, Reg 0.3821858987699147
09-Aug-26 02:42:19 - Epoch 230, Model Loss -0.10518123082865298, View Loss -2.1551280208662447, Reg 0.3818759610450346
/users/3171356m/miniconda3/envs/grastiacl/lib/python3.12/site-packages/joblib/externals/loky/process_executor.py:782: UserWarning: A worker stopped while some jobs were given to the executor. This can be caused by a too short worker timeout or by a memory leak.
  warnings.warn(
09-Aug-26 02:42:32 - Epoch 230: Train_acc 0.7565359477124183 Val_acc 0.5947712418300654 Test_acc 0.581151832460733 Test_auc 0.6276923076923077
09-Aug-26 02:43:31 - Epoch 231, Model Loss -0.10316579637963788, View Loss -2.154360944149541, Reg 0.38266567077512054
09-Aug-26 02:44:30 - Epoch 232, Model Loss -0.1027275409573823, View Loss -2.1725596773858165, Reg 0.3823266627352222
09-Aug-26 02:45:29 - Epoch 233, Model Loss -0.10619819826549953, View Loss -2.1622055636511908, Reg 0.38232733903367533
09-Aug-26 02:46:28 - Epoch 234, Model Loss -0.10695407203599519, View Loss -2.147465230592715, Reg 0.3813099304055856
09-Aug-26 02:47:27 - Epoch 235, Model Loss -0.10676634272718741, View Loss -2.1504962693632037, Reg 0.3828092905041439
09-Aug-26 02:47:42 - Epoch 235: Train_acc 0.7581699346405228 Val_acc 0.6078431372549019 Test_acc 0.5916230366492147 Test_auc 0.6238461538461538
09-Aug-26 02:48:40 - Epoch 236, Model Loss -0.1048117011201148, View Loss -2.160853446698656, Reg 0.3814923085418402
09-Aug-26 02:49:39 - Epoch 237, Model Loss -0.1112341873006883, View Loss -2.151936524833729, Reg 0.38200890608862337
09-Aug-26 02:50:38 - Epoch 238, Model Loss -0.10936380172866622, View Loss -2.1603173570695264, Reg 0.3818838645040599
09-Aug-26 02:51:37 - Epoch 239, Model Loss -0.10402980213071786, View Loss -2.1643443092022068, Reg 0.3817409228265675
09-Aug-26 02:52:36 - Epoch 240, Model Loss -0.10533866266799129, View Loss -2.1703214660968655, Reg 0.3823794221955966
09-Aug-26 02:52:56 - Epoch 240: Train_acc 0.7565359477124183 Val_acc 0.6078431372549019 Test_acc 0.5968586387434555 Test_auc 0.6278021978021978
09-Aug-26 02:53:55 - Epoch 241, Model Loss -0.10988232045391806, View Loss -2.1844720466464174, Reg 0.3802492951645571
09-Aug-26 02:54:54 - Epoch 242, Model Loss -0.10651865387274549, View Loss -2.1789260409236735, Reg 0.3822576898375368
09-Aug-26 02:55:54 - Epoch 243, Model Loss -0.11096404970081802, View Loss -2.169976638033499, Reg 0.38214388684509626
09-Aug-26 02:56:53 - Epoch 244, Model Loss -0.1078130585305831, View Loss -2.1793806817796497, Reg 0.379876557908027
09-Aug-26 02:57:52 - Epoch 245, Model Loss -0.10853610611429401, View Loss -2.169971614102133, Reg 0.38190963260488575
09-Aug-26 02:58:12 - Epoch 245: Train_acc 0.7565359477124183 Val_acc 0.6078431372549019 Test_acc 0.5863874345549738 Test_auc 0.6265934065934066
09-Aug-26 02:59:11 - Epoch 246, Model Loss -0.10664577149098216, View Loss -2.169487328311197, Reg 0.382307754427779
09-Aug-26 03:00:10 - Epoch 247, Model Loss -0.10624806008307762, View Loss -2.1529667174894045, Reg 0.38015956933202305
09-Aug-26 03:01:09 - Epoch 248, Model Loss -0.1103770503031662, View Loss -2.145551745408501, Reg 0.38183364018895266
09-Aug-26 03:02:08 - Epoch 249, Model Loss -0.10361821121639675, View Loss -2.1426463485543246, Reg 0.3798933781050389
09-Aug-26 03:03:07 - Epoch 250, Model Loss -0.10819082458813985, View Loss -2.14724808424906, Reg 0.38189000962606445
/users/3171356m/miniconda3/envs/grastiacl/lib/python3.12/site-packages/joblib/externals/loky/process_executor.py:782: UserWarning: A worker stopped while some jobs were given to the executor. This can be caused by a too short worker timeout or by a memory leak.
  warnings.warn(
09-Aug-26 03:03:25 - Epoch 250: Train_acc 0.761437908496732 Val_acc 0.6209150326797386 Test_acc 0.5916230366492147 Test_auc 0.6251648351648352
09-Aug-26 03:04:24 - Epoch 251, Model Loss -0.10175834294238122, View Loss -2.146651978586234, Reg 0.38015811719925574
09-Aug-26 03:05:23 - Epoch 252, Model Loss -0.10962162687887553, View Loss -2.139841847949558, Reg 0.38037502376082677
09-Aug-26 03:06:22 - Epoch 253, Model Loss -0.10856134653870576, View Loss -2.1456976310879576, Reg 0.38111777535451
09-Aug-26 03:07:21 - Epoch 254, Model Loss -0.10430568846222622, View Loss -2.1483573570750116, Reg 0.3795934788931429
09-Aug-26 03:08:20 - Epoch 255, Model Loss -0.10813040846313526, View Loss -2.1407679483002306, Reg 0.3804964727046443
/users/3171356m/miniconda3/envs/grastiacl/lib/python3.12/site-packages/joblib/externals/loky/process_executor.py:782: UserWarning: A worker stopped while some jobs were given to the executor. This can be caused by a too short worker timeout or by a memory leak.
  warnings.warn(
09-Aug-26 03:08:41 - Epoch 255: Train_acc 0.7598039215686274 Val_acc 0.6143790849673203 Test_acc 0.5863874345549738 Test_auc 0.6276923076923077
09-Aug-26 03:09:39 - Epoch 256, Model Loss -0.1134173011078554, View Loss -2.1521683378157275, Reg 0.38113588873856985
09-Aug-26 03:10:38 - Epoch 257, Model Loss -0.10911666373022241, View Loss -2.1445499339134866, Reg 0.379388014670291
09-Aug-26 03:11:37 - Epoch 258, Model Loss -0.10858769354477428, View Loss -2.148780001534356, Reg 0.3807901233629464
09-Aug-26 03:12:36 - Epoch 259, Model Loss -0.11079038299766242, View Loss -2.1443412226009992, Reg 0.3801812743828967
09-Aug-26 03:13:35 - Epoch 260, Model Loss -0.11123985207937902, View Loss -2.147614890453862, Reg 0.38025545625904805
/users/3171356m/miniconda3/envs/grastiacl/lib/python3.12/site-packages/joblib/externals/loky/process_executor.py:782: UserWarning: A worker stopped while some jobs were given to the executor. This can be caused by a too short worker timeout or by a memory leak.
  warnings.warn(
09-Aug-26 03:13:52 - Epoch 260: Train_acc 0.7581699346405228 Val_acc 0.6143790849673203 Test_acc 0.5916230366492147 Test_auc 0.6274725274725276
09-Aug-26 03:14:50 - Epoch 261, Model Loss -0.11044428044674444, View Loss -2.145614172118941, Reg 0.38054274597199134
09-Aug-26 03:15:49 - Epoch 262, Model Loss -0.10438825141370686, View Loss -2.1524737473406823, Reg 0.38014499034756927
09-Aug-26 03:16:48 - Epoch 263, Model Loss -0.1090599150439493, View Loss -2.146320213679395, Reg 0.3793385484639336
09-Aug-26 03:17:47 - Epoch 264, Model Loss -0.11177513295528936, View Loss -2.149705427144867, Reg 0.38035137065095836
09-Aug-26 03:18:46 - Epoch 265, Model Loss -0.11195790767669678, View Loss -2.1576400317397773, Reg 0.3803391483874103
/users/3171356m/miniconda3/envs/grastiacl/lib/python3.12/site-packages/joblib/externals/loky/process_executor.py:782: UserWarning: A worker stopped while some jobs were given to the executor. This can be caused by a too short worker timeout or by a memory leak.
  warnings.warn(
09-Aug-26 03:19:00 - Epoch 265: Train_acc 0.761437908496732 Val_acc 0.6209150326797386 Test_acc 0.581151832460733 Test_auc 0.6213186813186813
09-Aug-26 03:19:59 - Epoch 266, Model Loss -0.11122881353291031, View Loss -2.1552893725875157, Reg 0.37955769701720843
09-Aug-26 03:20:58 - Epoch 267, Model Loss -0.10905894753979702, View Loss -2.1434784138124754, Reg 0.38035985963796476
09-Aug-26 03:21:57 - Epoch 268, Model Loss -0.11312494928540748, View Loss -2.1519281334347196, Reg 0.38003448742667056
09-Aug-26 03:22:55 - Epoch 269, Model Loss -0.1115148589501973, View Loss -2.1463154219334424, Reg 0.3791059830219917
09-Aug-26 03:23:55 - Epoch 270, Model Loss -0.10968723484114104, View Loss -2.1440828204934115, Reg 0.38019851492900475
09-Aug-26 03:24:07 - Epoch 270: Train_acc 0.7679738562091504 Val_acc 0.6078431372549019 Test_acc 0.5968586387434555 Test_auc 0.6192307692307693
09-Aug-26 03:25:06 - Epoch 271, Model Loss -0.11298229842404135, View Loss -2.1449623918221667, Reg 0.38007952321588606
09-Aug-26 03:26:05 - Epoch 272, Model Loss -0.11547139832396912, View Loss -2.1416506580277983, Reg 0.37945127448225335
09-Aug-26 03:27:04 - Epoch 273, Model Loss -0.11582277530159046, View Loss -2.1455539379244537, Reg 0.3800128275662466
09-Aug-26 03:28:03 - Epoch 274, Model Loss -0.11584448853349374, View Loss -2.154408768111584, Reg 0.3799284803711511
09-Aug-26 03:29:02 - Epoch 275, Model Loss -0.11413538572834987, View Loss -2.1598135973113815, Reg 0.3796018778888229
09-Aug-26 03:29:16 - Epoch 275: Train_acc 0.9591503267973857 Val_acc 0.5947712418300654 Test_acc 0.5916230366492147 Test_auc 0.6226373626373626
09-Aug-26 03:30:15 - Epoch 276, Model Loss -0.11180943990844527, View Loss -2.14689860001109, Reg 0.3801937570758894
09-Aug-26 03:31:14 - Epoch 277, Model Loss -0.11351932809243795, View Loss -2.1499338913587183, Reg 0.37935052782881495
09-Aug-26 03:32:12 - Epoch 278, Model Loss -0.1124330478556016, View Loss -2.1550219292734183, Reg 0.37957168112393297
09-Aug-26 03:33:11 - Epoch 279, Model Loss -0.11549249038197636, View Loss -2.158796661040362, Reg 0.37999840928059
09-Aug-26 03:34:10 - Epoch 280, Model Loss -0.11688252368004494, View Loss -2.147801360273673, Reg 0.37896094602697034
/users/3171356m/miniconda3/envs/grastiacl/lib/python3.12/site-packages/joblib/externals/loky/process_executor.py:782: UserWarning: A worker stopped while some jobs were given to the executor. This can be caused by a too short worker timeout or by a memory leak.
  warnings.warn(
09-Aug-26 03:34:31 - Epoch 280: Train_acc 0.7565359477124183 Val_acc 0.6143790849673203 Test_acc 0.5916230366492147 Test_auc 0.6330769230769231
09-Aug-26 03:35:30 - Epoch 281, Model Loss -0.11320904676431144, View Loss -2.150533609140932, Reg 0.37912547744177527
09-Aug-26 03:36:29 - Epoch 282, Model Loss -0.10970368845010894, View Loss -2.141810269137613, Reg 0.37983355802648205
09-Aug-26 03:37:28 - Epoch 283, Model Loss -0.11403448558321186, View Loss -2.155798428978016, Reg 0.37920237425106024
09-Aug-26 03:38:26 - Epoch 284, Model Loss -0.11601169728765301, View Loss -2.15480249847462, Reg 0.3796434326499116
09-Aug-26 03:39:25 - Epoch 285, Model Loss -0.11664479970932007, View Loss -2.144269115784589, Reg 0.37887182208447673
/users/3171356m/miniconda3/envs/grastiacl/lib/python3.12/site-packages/joblib/externals/loky/process_executor.py:782: UserWarning: A worker stopped while some jobs were given to the executor. This can be caused by a too short worker timeout or by a memory leak.
  warnings.warn(
09-Aug-26 03:39:45 - Epoch 285: Train_acc 0.7565359477124183 Val_acc 0.6209150326797386 Test_acc 0.5863874345549738 Test_auc 0.6215384615384616
09-Aug-26 03:40:44 - Epoch 286, Model Loss -0.11318517861023449, View Loss -2.141219464782017, Reg 0.3788406393107246
09-Aug-26 03:41:42 - Epoch 287, Model Loss -0.11393287057190939, View Loss -2.145528989679673, Reg 0.3800165164314844
09-Aug-26 03:42:42 - Epoch 288, Model Loss -0.11476050443898618, View Loss -2.143606896493949, Reg 0.3780277632420359
09-Aug-26 03:43:40 - Epoch 289, Model Loss -0.11227326747638727, View Loss -2.1388185741075505, Reg 0.3800996261484483
09-Aug-26 03:44:39 - Epoch 290, Model Loss -0.11163561484392952, View Loss -2.1385700094933604, Reg 0.3792053903240004
/users/3171356m/miniconda3/envs/grastiacl/lib/python3.12/site-packages/joblib/externals/loky/process_executor.py:782: UserWarning: A worker stopped while some jobs were given to the executor. This can be caused by a too short worker timeout or by a memory leak.
  warnings.warn(
09-Aug-26 03:45:00 - Epoch 290: Train_acc 0.7516339869281046 Val_acc 0.6143790849673203 Test_acc 0.5863874345549738 Test_auc 0.6317582417582418
09-Aug-26 03:45:59 - Epoch 291, Model Loss -0.11764218643599865, View Loss -2.1401659086638807, Reg 0.3784666624334123
09-Aug-26 03:46:57 - Epoch 292, Model Loss -0.11814670547161227, View Loss -2.1520232390734106, Reg 0.3787139317179038
09-Aug-26 03:47:56 - Epoch 293, Model Loss -0.11663501831441143, View Loss -2.1534619736515617, Reg 0.379632838021696
09-Aug-26 03:48:55 - Epoch 294, Model Loss -0.11134043024256339, View Loss -2.1533589285183576, Reg 0.3786550142796211
09-Aug-26 03:49:54 - Epoch 295, Model Loss -0.1164888529216542, View Loss -2.1437771180096794, Reg 0.3791814413335588
09-Aug-26 03:50:13 - Epoch 295: Train_acc 1.0 Val_acc 0.5359477124183006 Test_acc 0.5863874345549738 Test_auc 0.5983516483516482
09-Aug-26 03:51:12 - Epoch 296, Model Loss -0.10861479495865067, View Loss -2.146006135379567, Reg 0.37745025578667135
09-Aug-26 03:52:11 - Epoch 297, Model Loss -0.10823156747942657, View Loss -2.145427368824778, Reg 0.38043375595722323
09-Aug-26 03:53:10 - Epoch 298, Model Loss -0.11233922897600661, View Loss -2.1403966417499616, Reg 0.37788518659429615
09-Aug-26 03:54:08 - Epoch 299, Model Loss -0.11689634728275873, View Loss -2.1437768032348234, Reg 0.37918757398923236
09-Aug-26 03:55:07 - Epoch 300, Model Loss -0.11432883396647335, View Loss -2.1463081213383894, Reg 0.379558990983402
09-Aug-26 03:55:31 - Epoch 300: Train_acc 0.7598039215686274 Val_acc 0.6209150326797386 Test_acc 0.5916230366492147 Test_auc 0.6285714285714286
09-Aug-26 03:55:31 - FinishedTraining! BestEpoch (eval-interval index): 3
09-Aug-26 03:55:31 - Wrote /users/3171356m/muhammad/GraSTIACL/nested_cv/results/nocombat__emb512_bs128__fold3.json
09-Aug-26 03:55:31 - {
  "emb_dim": 512,
  "batch_size": 128,
  "fold": 3,
  "combat": false,
  "n_train": 612,
  "n_val": 153,
  "n_test": 191,
  "best_val_epoch_idx": 3,
  "train_accuracy": 0.7761437908496732,
  "val_accuracy": 0.6601307189542484,
  "test_accuracy": 0.5706806282722513,
  "train_f1": 0.7609075043630017,
  "val_f1": 0.6338028169014085,
  "test_f1": 0.5393258426966292,
  "train_sensitivity": 0.7491408908964231,
  "val_sensitivity": 0.6164383477200227,
  "test_sensitivity": 0.5274725216761261,
  "train_specificity": 0.8006230504653488,
  "val_specificity": 0.6999999912500001,
  "test_specificity": 0.6099999939,
  "train_precision": 0.7730496453900709,
  "val_precision": 0.6521739130434783,
  "test_precision": 0.5517241379310345,
  "test_auc": 0.6342857142857142,
  "fin_reg": 0.43659387188020093
}
