Task 3: config=0 fold=3 batch_size=32 emb_dim=512 mij_source=alff combat=no
The Zen of Python, by Tim Peters

Beautiful is better than ugly.
Explicit is better than implicit.
Simple is better than complex.
Complex is better than complicated.
Flat is better than nested.
Sparse is better than dense.
Readability counts.
Special cases aren't special enough to break the rules.
Although practicality beats purity.
Errors should never pass silently.
Unless explicitly silenced.
In the face of ambiguity, refuse the temptation to guess.
There should be one-- and preferably only one --obvious way to do it.
Although that way may not be obvious at first unless you're Dutch.
Now is better than never.
Although never is often better than *right* now.
If the implementation is hard to explain, it's a bad idea.
If the implementation is easy to explain, it may be a good idea.
Namespaces are one honking great idea -- let's do more of those!
validation time cost : 0.34494 sec
validation time cost : 0.33980 sec
validation time cost : 0.35244 sec
validation time cost : 0.33943 sec
validation time cost : 0.35106 sec
validation time cost : 0.33753 sec
validation time cost : 0.35097 sec
validation time cost : 0.39826 sec
validation time cost : 0.34003 sec
validation time cost : 0.35360 sec
validation time cost : 0.35320 sec
validation time cost : 0.36231 sec
validation time cost : 0.34105 sec
validation time cost : 0.35589 sec
validation time cost : 0.37979 sec
validation time cost : 0.35528 sec
validation time cost : 0.33855 sec
validation time cost : 0.35508 sec
validation time cost : 0.35138 sec
validation time cost : 0.37673 sec
validation time cost : 0.33906 sec
validation time cost : 0.34560 sec
validation time cost : 0.37058 sec
validation time cost : 0.35622 sec
validation time cost : 0.34121 sec
validation time cost : 0.35973 sec
validation time cost : 0.33815 sec
validation time cost : 0.34635 sec
validation time cost : 0.36417 sec
validation time cost : 0.33902 sec
validation time cost : 0.34293 sec
validation time cost : 0.34040 sec
validation time cost : 0.35292 sec
validation time cost : 0.34003 sec
validation time cost : 0.33941 sec
validation time cost : 0.34317 sec
validation time cost : 0.34359 sec
validation time cost : 0.35295 sec
validation time cost : 0.34001 sec
validation time cost : 0.39206 sec
validation time cost : 0.35843 sec
validation time cost : 0.36317 sec
validation time cost : 0.35365 sec
validation time cost : 0.35146 sec
validation time cost : 0.34084 sec
validation time cost : 0.35513 sec
validation time cost : 0.34674 sec
validation time cost : 0.36195 sec
validation time cost : 0.33819 sec
validation time cost : 0.34757 sec
validation time cost : 0.34024 sec
validation time cost : 0.34040 sec
validation time cost : 0.33979 sec
validation time cost : 0.33968 sec
validation time cost : 0.34185 sec
validation time cost : 0.34010 sec
validation time cost : 0.33897 sec
validation time cost : 0.34233 sec
validation time cost : 0.33577 sec
validation time cost : 0.33530 sec
