08-Aug-26 23:49:58 - Using Device: cuda
08-Aug-26 23:49:58 - Seed: 123, Fold: 4, ComBat: False
08-Aug-26 23:49:58 - Namespace(fold=4, combat=False, num_dyn_windows=3, model_lr=0.0005, view_lr=0.0005, num_gc_layers=2, pooling_type='standard', emb_dim=512, vib_hidden_dim=400, batch_size=128, drop_ratio=0.3, epochs=300, kld_lambda=0.003, reg_lambda=0.2, gamma_mode='paper_literal', node_feature_mode='alff_pcc', mij_source='alff_pcc', template=90, eval_interval=5, downstream_classifier='linear', ce_lambda=2.0, seed=123)
08-Aug-26 23:49:58 - Loading raw subject data...
08-Aug-26 23:54:36 - Loaded 956 subjects (455 ASD, 501 NC)
08-Aug-26 23:54:36 - alff_pcc scale stats (train_val_idx only): alff=[-3.5994,5.5910] pcc=[-0.6994,1.0000]
08-Aug-26 23:54:36 - Train/Val/Test sizes: 612/153/191
08-Aug-26 23:55:39 - Epoch 1, Model Loss 1.2258809017979242, View Loss -8.444647580190422, Reg 0.3892681997975493
08-Aug-26 23:56:41 - Epoch 2, Model Loss 0.43175095222354715, View Loss -5.5250995486390355, Reg 0.1347512308678596
08-Aug-26 23:57:42 - Epoch 3, Model Loss 0.2999001424881368, View Loss -1.9937316841549344, Reg 0.20085329674427804
08-Aug-26 23:58:43 - Epoch 4, Model Loss 0.1853358402142143, View Loss -1.312024567641464, Reg 0.2816119011905458
08-Aug-26 23:59:44 - Epoch 5, Model Loss 0.16225143614547705, View Loss -2.2433235536213796, Reg 0.1569806082186356
09-Aug-26 00:00:04 - Epoch 5: Train_acc 0.7941176470588235 Val_acc 0.5490196078431373 Test_acc 0.5916230366492147 Test_auc 0.6157142857142858
09-Aug-26 00:01:05 - Epoch 6, Model Loss 0.10189355422858319, View Loss -2.7770548147313736, Reg 0.20170299367966996
09-Aug-26 00:02:06 - Epoch 7, Model Loss 0.09049411760825737, View Loss -2.7463373904134714, Reg 0.16426710881828482
09-Aug-26 00:03:07 - Epoch 8, Model Loss 0.07336084515440698, View Loss -2.6390527712753395, Reg 0.17203810177986917
09-Aug-26 00:04:08 - Epoch 9, Model Loss 0.06184210672098048, View Loss -2.547550241931591, Reg 0.16464086471040265
09-Aug-26 00:05:09 - Epoch 10, Model Loss 0.05000489365820791, View Loss -2.447793131560282, Reg 0.1632939939405404
09-Aug-26 00:05:26 - Epoch 10: Train_acc 0.7810457516339869 Val_acc 0.5947712418300654 Test_acc 0.6073298429319371 Test_auc 0.6302197802197802
09-Aug-26 00:06:27 - Epoch 11, Model Loss 0.037946439256855084, View Loss -2.331484398810692, Reg 0.163730809891146
09-Aug-26 00:07:28 - Epoch 12, Model Loss 0.027798716538871816, View Loss -2.1862631841422684, Reg 0.16445622968128304
09-Aug-26 00:08:29 - Epoch 13, Model Loss 0.032124524315198265, View Loss -2.015604046435138, Reg 0.1575567799261193
09-Aug-26 00:09:29 - Epoch 14, Model Loss 0.017931192918540607, View Loss -1.9007723830104652, Reg 0.17722406730153203
09-Aug-26 00:10:31 - Epoch 15, Model Loss 0.0103345690599454, View Loss -1.7579329528060614, Reg 0.15186889479362886
09-Aug-26 00:10:47 - Epoch 15: Train_acc 0.7924836601307189 Val_acc 0.5882352941176471 Test_acc 0.612565445026178 Test_auc 0.6294505494505495
09-Aug-26 00:11:48 - Epoch 16, Model Loss -0.0024389994689841678, View Loss -1.6661218038571426, Reg 0.16231437504681107
09-Aug-26 00:12:49 - Epoch 17, Model Loss -0.0024294681798398884, View Loss -1.6463800567427491, Reg 0.15899561598799586
09-Aug-26 00:13:50 - Epoch 18, Model Loss -0.008305275167515076, View Loss -1.611041848176445, Reg 0.15433757250605065
09-Aug-26 00:14:51 - Epoch 19, Model Loss -0.002753617424590915, View Loss -1.5788224070679908, Reg 0.16180364310351852
09-Aug-26 00:15:52 - Epoch 20, Model Loss -0.005099679422534369, View Loss -1.5622880116007687, Reg 0.1600258178960264
09-Aug-26 00:16:10 - Epoch 20: Train_acc 0.7761437908496732 Val_acc 0.5947712418300654 Test_acc 0.6282722513089005 Test_auc 0.6357142857142858
09-Aug-26 00:17:10 - Epoch 21, Model Loss -0.015114277990814906, View Loss -1.5393337439867407, Reg 0.16362804992526186
09-Aug-26 00:18:11 - Epoch 22, Model Loss -0.011931585525375566, View Loss -1.5108265378116783, Reg 0.16526487177493526
09-Aug-26 00:19:12 - Epoch 23, Model Loss -0.01879641267598844, View Loss -1.502421929166208, Reg 0.15497089094585842
09-Aug-26 00:20:13 - Epoch 24, Model Loss -0.02392593931918051, View Loss -1.4868171425426708, Reg 0.15999940758437112
09-Aug-26 00:21:14 - Epoch 25, Model Loss -0.02531986493690341, View Loss -1.4793262606352762, Reg 0.1638042842056237
09-Aug-26 00:21:31 - Epoch 25: Train_acc 0.7859477124183006 Val_acc 0.6013071895424836 Test_acc 0.6230366492146597 Test_auc 0.6292307692307693
09-Aug-26 00:22:32 - Epoch 26, Model Loss -0.03492313428641924, View Loss -1.4701231741437726, Reg 0.15785962547741683
09-Aug-26 00:23:33 - Epoch 27, Model Loss -0.034417725953401306, View Loss -1.4568108125449786, Reg 0.15614879063141893
09-Aug-26 00:24:34 - Epoch 28, Model Loss -0.032072714730805044, View Loss -1.4366800224079805, Reg 0.1599014614726983
09-Aug-26 00:25:35 - Epoch 29, Model Loss -0.03284639762897117, View Loss -1.420967757312301, Reg 0.15838582394948972
09-Aug-26 00:26:36 - Epoch 30, Model Loss -0.03697927534775017, View Loss -1.4144044857399136, Reg 0.16231131855568853
09-Aug-26 00:26:55 - Epoch 30: Train_acc 0.8856209150326797 Val_acc 0.6078431372549019 Test_acc 0.5916230366492147 Test_auc 0.6060439560439561
09-Aug-26 00:27:56 - Epoch 31, Model Loss -0.04111563652948616, View Loss -1.422117245742698, Reg 0.16066841712964128
09-Aug-26 00:28:56 - Epoch 32, Model Loss -0.04711436124798519, View Loss -1.3984472751617432, Reg 0.1584174922283958
09-Aug-26 00:29:57 - Epoch 33, Model Loss -0.04486503976768528, View Loss -1.395656562318989, Reg 0.1585203835777208
09-Aug-26 00:30:58 - Epoch 34, Model Loss -0.046933783376528544, View Loss -1.3778900336595923, Reg 0.16266699563833623
09-Aug-26 00:32:00 - Epoch 35, Model Loss -0.04707374000081829, View Loss -1.3766979407640845, Reg 0.16431438504091275
09-Aug-26 00:32:18 - Epoch 35: Train_acc 0.7875816993464052 Val_acc 0.6078431372549019 Test_acc 0.6230366492146597 Test_auc 0.6363736263736264
09-Aug-26 00:33:19 - Epoch 36, Model Loss -0.05216389777613621, View Loss -1.3599268494088665, Reg 0.16146698340870977
09-Aug-26 00:34:20 - Epoch 37, Model Loss -0.05484337900199142, View Loss -1.356496392511854, Reg 0.1629644840760948
09-Aug-26 00:35:21 - Epoch 38, Model Loss -0.05268828222357662, View Loss -1.3412953280155955, Reg 0.16561318534651612
09-Aug-26 00:36:22 - Epoch 39, Model Loss -0.06201318432303036, View Loss -1.3341150135775797, Reg 0.1651187846863192
09-Aug-26 00:37:23 - Epoch 40, Model Loss -0.05524940555002175, View Loss -1.3194292659073874, Reg 0.16425650698297165
09-Aug-26 00:37:39 - Epoch 40: Train_acc 0.7810457516339869 Val_acc 0.6078431372549019 Test_acc 0.6230366492146597 Test_auc 0.6302197802197802
09-Aug-26 00:38:40 - Epoch 41, Model Loss -0.056700239773669274, View Loss -1.3192550123127458, Reg 0.16569508962771473
09-Aug-26 00:39:41 - Epoch 42, Model Loss -0.06206508243785185, View Loss -1.307870941224441, Reg 0.16499588789503558
09-Aug-26 00:40:41 - Epoch 43, Model Loss -0.05856576464534585, View Loss -1.2959681149401696, Reg 0.16648526431298724
09-Aug-26 00:41:42 - Epoch 44, Model Loss -0.0595050160012214, View Loss -1.304794802385218, Reg 0.16667588873236788
09-Aug-26 00:42:44 - Epoch 45, Model Loss -0.05938652230828416, View Loss -1.2853303999682657, Reg 0.16509614875114043
09-Aug-26 00:43:00 - Epoch 45: Train_acc 0.7859477124183006 Val_acc 0.6143790849673203 Test_acc 0.6020942408376964 Test_auc 0.6323076923076923
09-Aug-26 00:44:01 - Epoch 46, Model Loss -0.06538247010287117, View Loss -1.278379741057851, Reg 0.1666723625137915
09-Aug-26 00:45:02 - Epoch 47, Model Loss -0.06600001649139753, View Loss -1.2751614595550338, Reg 0.169182450553171
09-Aug-26 00:46:03 - Epoch 48, Model Loss -0.0647220699226155, View Loss -1.2732197007322623, Reg 0.16647261585675033
09-Aug-26 00:47:04 - Epoch 49, Model Loss -0.07029044141177258, View Loss -1.2654472238877241, Reg 0.1663837057897468
09-Aug-26 00:48:06 - Epoch 50, Model Loss -0.07230641444524129, View Loss -1.2582115456948872, Reg 0.1677588740595026
09-Aug-26 00:48:25 - Epoch 50: Train_acc 0.7859477124183006 Val_acc 0.6078431372549019 Test_acc 0.5968586387434555 Test_auc 0.6316483516483516
09-Aug-26 00:49:26 - Epoch 51, Model Loss -0.07245416111416286, View Loss -1.2643815193300934, Reg 0.1675024786416222
09-Aug-26 00:50:27 - Epoch 52, Model Loss -0.07035823702033049, View Loss -1.2438121402964872, Reg 0.1684732267669603
09-Aug-26 00:51:28 - Epoch 53, Model Loss -0.06943622757406796, View Loss -1.2423334106121189, Reg 0.16788894327637416
09-Aug-26 00:52:30 - Epoch 54, Model Loss -0.07273038773754843, View Loss -1.2347554513831545, Reg 0.16877534644666062
09-Aug-26 00:53:31 - Epoch 55, Model Loss -0.07474307102315567, View Loss -1.2287911480548335, Reg 0.16388815164176468
09-Aug-26 00:53:47 - Epoch 55: Train_acc 0.7761437908496732 Val_acc 0.6078431372549019 Test_acc 0.5968586387434555 Test_auc 0.6362637362637362
09-Aug-26 00:54:48 - Epoch 56, Model Loss -0.0739160002836215, View Loss -1.2273052159477682, Reg 0.16928868015217624
09-Aug-26 00:55:49 - Epoch 57, Model Loss -0.07722954072204291, View Loss -1.232216602836559, Reg 0.17136785280860328
09-Aug-26 00:56:50 - Epoch 58, Model Loss -0.07631312086691264, View Loss -1.2502622877071106, Reg 0.1649006116234399
09-Aug-26 00:57:51 - Epoch 59, Model Loss -0.07794247733222114, View Loss -1.229309477837257, Reg 0.16665928046298184
09-Aug-26 00:58:52 - Epoch 60, Model Loss -0.075122570290285, View Loss -1.2245265494764241, Reg 0.1668900150099611
09-Aug-26 00:59:09 - Epoch 60: Train_acc 0.7810457516339869 Val_acc 0.6143790849673203 Test_acc 0.5968586387434555 Test_auc 0.629010989010989
09-Aug-26 01:00:10 - Epoch 61, Model Loss -0.08185061422827976, View Loss -1.2195236371233573, Reg 0.16565620782328586
09-Aug-26 01:01:11 - Epoch 62, Model Loss -0.08097166095683778, View Loss -1.2061565763810103, Reg 0.16942565746946273
09-Aug-26 01:02:12 - Epoch 63, Model Loss -0.08254253377322278, View Loss -1.1959283873925801, Reg 0.16762785331096525
09-Aug-26 01:03:13 - Epoch 64, Model Loss -0.08283173180873098, View Loss -1.2003784483554316, Reg 0.16607633749254389
09-Aug-26 01:04:14 - Epoch 65, Model Loss -0.08330389350847481, View Loss -1.1941481501448388, Reg 0.16756952101109074
09-Aug-26 01:04:31 - Epoch 65: Train_acc 0.7941176470588235 Val_acc 0.6013071895424836 Test_acc 0.6073298429319371 Test_auc 0.6296703296703295
09-Aug-26 01:05:32 - Epoch 66, Model Loss -0.08194867380304274, View Loss -1.1863459309721305, Reg 0.1649557715342715
09-Aug-26 01:06:33 - Epoch 67, Model Loss -0.08418641273492301, View Loss -1.1976725977230696, Reg 0.1669041657564687
09-Aug-26 01:07:34 - Epoch 68, Model Loss -0.08740310731276967, View Loss -1.2009581280689614, Reg 0.16808819147496443
09-Aug-26 01:08:35 - Epoch 69, Model Loss -0.08874166790955985, View Loss -1.198932549532722, Reg 0.1662570897465438
09-Aug-26 01:09:36 - Epoch 70, Model Loss -0.08906112737904966, View Loss -1.2031009695888344, Reg 0.16726838247059217
09-Aug-26 01:09:55 - Epoch 70: Train_acc 0.8823529411764706 Val_acc 0.5882352941176471 Test_acc 0.5602094240837696 Test_auc 0.5845054945054945
09-Aug-26 01:10:56 - Epoch 71, Model Loss -0.08905591216741823, View Loss -1.1994891322516148, Reg 0.1673242366976208
09-Aug-26 01:11:56 - Epoch 72, Model Loss -0.08571316525827047, View Loss -1.1935273105022954, Reg 0.16642158746329788
09-Aug-26 01:12:57 - Epoch 73, Model Loss -0.08453462014790454, View Loss -1.1802262091169171, Reg 0.1703351235467624
09-Aug-26 01:13:58 - Epoch 74, Model Loss -0.09047641220435597, View Loss -1.1924991070055495, Reg 0.16846087263300527
09-Aug-26 01:14:59 - Epoch 75, Model Loss -0.09130896968779222, View Loss -1.1834164865655836, Reg 0.16636103761741539
09-Aug-26 01:15:17 - Epoch 75: Train_acc 0.8774509803921569 Val_acc 0.6143790849673203 Test_acc 0.5497382198952879 Test_auc 0.579010989010989
09-Aug-26 01:16:18 - Epoch 76, Model Loss -0.09006164899838516, View Loss -1.1826324088900697, Reg 0.16873563173549627
09-Aug-26 01:17:19 - Epoch 77, Model Loss -0.09215164301442165, View Loss -1.1816795604680879, Reg 0.1701340581856522
09-Aug-26 01:18:20 - Epoch 78, Model Loss -0.09403144884732814, View Loss -1.1695949540418737, Reg 0.17061133400287504
09-Aug-26 01:19:21 - Epoch 79, Model Loss -0.09004922552046433, View Loss -1.1654944045870912, Reg 0.1710757081415139
09-Aug-26 01:20:22 - Epoch 80, Model Loss -0.08919122230772879, View Loss -1.152773864908156, Reg 0.16839347994015888
09-Aug-26 01:20:41 - Epoch 80: Train_acc 0.7908496732026143 Val_acc 0.6209150326797386 Test_acc 0.5863874345549738 Test_auc 0.6248351648351649
09-Aug-26 01:21:41 - Epoch 81, Model Loss -0.09055639384618772, View Loss -1.1463064742244147, Reg 0.1669547710738151
09-Aug-26 01:22:42 - Epoch 82, Model Loss -0.0963359510197359, View Loss -1.140346518529007, Reg 0.16578830427983227
09-Aug-26 01:23:43 - Epoch 83, Model Loss -0.0935577052870607, View Loss -1.1383685831930124, Reg 0.16578351175473408
09-Aug-26 01:24:44 - Epoch 84, Model Loss -0.09147840348723667, View Loss -1.128464462710362, Reg 0.16646183384399788
09-Aug-26 01:25:45 - Epoch 85, Model Loss -0.09280616317699159, View Loss -1.133091865022198, Reg 0.16722654088649874
09-Aug-26 01:26:03 - Epoch 85: Train_acc 0.7875816993464052 Val_acc 0.6274509803921569 Test_acc 0.5968586387434555 Test_auc 0.6245054945054945
09-Aug-26 01:27:04 - Epoch 86, Model Loss -0.092545096975526, View Loss -1.1323850302914389, Reg 0.16670186905299916
09-Aug-26 01:28:04 - Epoch 87, Model Loss -0.09472088622891046, View Loss -1.1306344636904648, Reg 0.16846472209964702
09-Aug-26 01:29:05 - Epoch 88, Model Loss -0.0977588038818509, View Loss -1.1256698697221046, Reg 0.1704550539356431
09-Aug-26 01:30:06 - Epoch 89, Model Loss -0.0937873191303677, View Loss -1.1277552414563745, Reg 0.16579176982243857
09-Aug-26 01:31:07 - Epoch 90, Model Loss -0.10100840002882715, View Loss -1.1252614049350513, Reg 0.16645495418240042
09-Aug-26 01:31:23 - Epoch 90: Train_acc 0.8758169934640523 Val_acc 0.6013071895424836 Test_acc 0.5759162303664922 Test_auc 0.5906593406593408
09-Aug-26 01:32:24 - Epoch 91, Model Loss -0.09924233602542504, View Loss -1.127172678124671, Reg 0.16360974633226208
09-Aug-26 01:33:25 - Epoch 92, Model Loss -0.09875420398182339, View Loss -1.112022896218144, Reg 0.16655493639653024
09-Aug-26 01:34:27 - Epoch 93, Model Loss -0.1036707081046759, View Loss -1.1046097590253243, Reg 0.1657557337502249
09-Aug-26 01:35:28 - Epoch 94, Model Loss -0.10303399025225173, View Loss -1.1061285391352536, Reg 0.1663887113137962
09-Aug-26 01:36:29 - Epoch 95, Model Loss -0.10219638117777756, View Loss -1.1129403387019836, Reg 0.1667928554458556
09-Aug-26 01:36:44 - Epoch 95: Train_acc 0.7859477124183006 Val_acc 0.6274509803921569 Test_acc 0.5968586387434555 Test_auc 0.6287912087912089
09-Aug-26 01:37:45 - Epoch 96, Model Loss -0.0996523185882693, View Loss -1.1255198257421357, Reg 0.17075225331035315
09-Aug-26 01:38:46 - Epoch 97, Model Loss -0.1023712278970706, View Loss -1.1157453722423978, Reg 0.16554512560757156
09-Aug-26 01:39:47 - Epoch 98, Model Loss -0.10268290019502826, View Loss -1.1089787226097256, Reg 0.1638437021596759
09-Aug-26 01:40:47 - Epoch 99, Model Loss -0.10326273651684031, View Loss -1.1237393960454105, Reg 0.1623657360380771
09-Aug-26 01:41:49 - Epoch 100, Model Loss -0.10337872345463123, View Loss -1.1023462784835716, Reg 0.16809887609450647
09-Aug-26 01:42:06 - Epoch 100: Train_acc 0.7908496732026143 Val_acc 0.6209150326797386 Test_acc 0.5916230366492147 Test_auc 0.6248351648351649
09-Aug-26 01:43:07 - Epoch 101, Model Loss -0.10064208351708705, View Loss -1.1003110252953823, Reg 0.16772184136256674
09-Aug-26 01:44:08 - Epoch 102, Model Loss -0.09980721976242814, View Loss -1.0833041021247316, Reg 0.16634198945332196
09-Aug-26 01:45:09 - Epoch 103, Model Loss -0.10469777580180199, View Loss -1.0835559391507916, Reg 0.16559528077349944
09-Aug-26 01:46:09 - Epoch 104, Model Loss -0.10512879588245566, View Loss -1.0978041832743128, Reg 0.1677264661765566
09-Aug-26 01:47:09 - Epoch 105, Model Loss -0.1040871466686523, View Loss -1.0784357030407277, Reg 0.16667751422504973
09-Aug-26 01:47:26 - Epoch 105: Train_acc 0.7941176470588235 Val_acc 0.6143790849673203 Test_acc 0.6230366492146597 Test_auc 0.6356043956043956
09-Aug-26 01:48:26 - Epoch 106, Model Loss -0.1037876177457423, View Loss -1.0804228735905068, Reg 0.16731811855353562
09-Aug-26 01:49:26 - Epoch 107, Model Loss -0.10336560010910034, View Loss -1.076151172320048, Reg 0.1669538307423685
09-Aug-26 01:50:26 - Epoch 108, Model Loss -0.1055535666303697, View Loss -1.0743625771765615, Reg 0.16666914931699342
09-Aug-26 01:51:25 - Epoch 109, Model Loss -0.10512605640623304, View Loss -1.0720310670877593, Reg 0.16573668646267037
09-Aug-26 01:52:26 - Epoch 110, Model Loss -0.10580969402213501, View Loss -1.0737576858670104, Reg 0.16565040201922648
/users/3171356m/miniconda3/envs/grastiacl/lib/python3.12/site-packages/joblib/externals/loky/process_executor.py:782: UserWarning: A worker stopped while some jobs were given to the executor. This can be caused by a too short worker timeout or by a memory leak.
  warnings.warn(
09-Aug-26 01:52:46 - Epoch 110: Train_acc 0.7892156862745098 Val_acc 0.6013071895424836 Test_acc 0.6020942408376964 Test_auc 0.627912087912088
09-Aug-26 01:53:46 - Epoch 111, Model Loss -0.10756600682252372, View Loss -1.0721626203823713, Reg 0.16414785550700295
09-Aug-26 01:54:46 - Epoch 112, Model Loss -0.10443531064426198, View Loss -1.0562602250404607, Reg 0.1677028136510475
09-Aug-26 01:55:45 - Epoch 113, Model Loss -0.10830545074799482, View Loss -1.0578096170051425, Reg 0.1668656660743009
09-Aug-26 01:56:45 - Epoch 114, Model Loss -0.10861111037871417, View Loss -1.0641450430053512, Reg 0.1653104669907514
09-Aug-26 01:57:44 - Epoch 115, Model Loss -0.10750596546659283, View Loss -1.0559972244150497, Reg 0.16796223663426693
09-Aug-26 01:58:01 - Epoch 115: Train_acc 0.8725490196078431 Val_acc 0.6078431372549019 Test_acc 0.5654450261780105 Test_auc 0.5765934065934065
09-Aug-26 01:59:00 - Epoch 116, Model Loss -0.109896283913282, View Loss -1.0679718014461543, Reg 0.16446304496596842
09-Aug-26 01:59:59 - Epoch 117, Model Loss -0.10610913412243712, View Loss -1.0749810147129633, Reg 0.16756215087728563
09-Aug-26 02:00:58 - Epoch 118, Model Loss -0.11145149609621834, View Loss -1.1503231696833194, Reg 0.1653054850358589
09-Aug-26 02:01:58 - Epoch 119, Model Loss -0.10906535932441162, View Loss -1.147359929053612, Reg 0.16248029470443726
09-Aug-26 02:02:57 - Epoch 120, Model Loss -0.10881402173073464, View Loss -1.13627510756449, Reg 0.16867122492369482
/users/3171356m/miniconda3/envs/grastiacl/lib/python3.12/site-packages/joblib/externals/loky/process_executor.py:782: UserWarning: A worker stopped while some jobs were given to the executor. This can be caused by a too short worker timeout or by a memory leak.
  warnings.warn(
09-Aug-26 02:03:10 - Epoch 120: Train_acc 0.795751633986928 Val_acc 0.6274509803921569 Test_acc 0.5863874345549738 Test_auc 0.6346153846153847
09-Aug-26 02:04:09 - Epoch 121, Model Loss -0.11022086120119282, View Loss -1.0847294470843147, Reg 0.17190369048149756
09-Aug-26 02:05:09 - Epoch 122, Model Loss -0.1070671720442429, View Loss -1.048304237571417, Reg 0.16753487795396568
09-Aug-26 02:06:08 - Epoch 123, Model Loss -0.10915644768795936, View Loss -1.046634796398138, Reg 0.16539976254008174
09-Aug-26 02:07:07 - Epoch 124, Model Loss -0.10859615896262374, View Loss -1.0419244766235352, Reg 0.1640508921902164
09-Aug-26 02:08:07 - Epoch 125, Model Loss -0.1105473397993574, View Loss -1.0366604133369097, Reg 0.1670277059273003
09-Aug-26 02:08:18 - Epoch 125: Train_acc 0.9624183006535948 Val_acc 0.5359477124183006 Test_acc 0.5759162303664922 Test_auc 0.5612087912087912
09-Aug-26 02:09:17 - Epoch 126, Model Loss -0.11096782505122665, View Loss -1.0279444705427083, Reg 0.16671468298030057
09-Aug-26 02:10:15 - Epoch 127, Model Loss -0.10999057709781174, View Loss -1.0249890852597803, Reg 0.16519839068253836
09-Aug-26 02:11:14 - Epoch 128, Model Loss -0.1096095633662604, View Loss -1.0406901555902817, Reg 0.16636240998514337
09-Aug-26 02:12:13 - Epoch 129, Model Loss -0.11142217840244567, View Loss -1.0346807038861943, Reg 0.1649380903812795
09-Aug-26 02:13:11 - Epoch 130, Model Loss -0.11665534310870701, View Loss -1.035956596237382, Reg 0.16589464422534494
09-Aug-26 02:13:21 - Epoch 130: Train_acc 0.7924836601307189 Val_acc 0.6143790849673203 Test_acc 0.5968586387434555 Test_auc 0.6294505494505495
09-Aug-26 02:14:20 - Epoch 131, Model Loss -0.11331190373383317, View Loss -1.0174172267415165, Reg 0.16473965093590856
09-Aug-26 02:15:19 - Epoch 132, Model Loss -0.11495539779756583, View Loss -1.0186148157306747, Reg 0.1645405336337931
09-Aug-26 02:16:17 - Epoch 133, Model Loss -0.11624265009281683, View Loss -1.0131991509518592, Reg 0.16576671590602476
09-Aug-26 02:17:16 - Epoch 134, Model Loss -0.1134645097395953, View Loss -1.0115708852905074, Reg 0.16550160642542872
09-Aug-26 02:18:14 - Epoch 135, Model Loss -0.11529821391199149, View Loss -1.01338953753702, Reg 0.16361202056111854
/users/3171356m/miniconda3/envs/grastiacl/lib/python3.12/site-packages/joblib/externals/loky/process_executor.py:782: UserWarning: A worker stopped while some jobs were given to the executor. This can be caused by a too short worker timeout or by a memory leak.
  warnings.warn(
09-Aug-26 02:18:24 - Epoch 135: Train_acc 0.795751633986928 Val_acc 0.6339869281045751 Test_acc 0.5916230366492147 Test_auc 0.6308791208791209
09-Aug-26 02:19:23 - Epoch 136, Model Loss -0.11641826777676352, View Loss -1.0101472770466524, Reg 0.1644150555328606
09-Aug-26 02:20:22 - Epoch 137, Model Loss -0.11517005710819968, View Loss -1.0156317692176968, Reg 0.1661161322609272
09-Aug-26 02:21:21 - Epoch 138, Model Loss -0.11695348865845624, View Loss -1.0082843802333656, Reg 0.16496437057560565
09-Aug-26 02:22:19 - Epoch 139, Model Loss -0.11477033141391729, View Loss -1.0023335670334061, Reg 0.16456683077453788
09-Aug-26 02:23:18 - Epoch 140, Model Loss -0.11705831336040123, View Loss -0.9923815462324355, Reg 0.16421296725086137
09-Aug-26 02:23:28 - Epoch 140: Train_acc 0.7892156862745098 Val_acc 0.6405228758169934 Test_acc 0.6020942408376964 Test_auc 0.62989010989011
09-Aug-26 02:24:26 - Epoch 141, Model Loss -0.1173544931255914, View Loss -0.9996005694071451, Reg 0.16399501916629816
09-Aug-26 02:25:25 - Epoch 142, Model Loss -0.11153364707441892, View Loss -1.028204573525323, Reg 0.1649247333894368
09-Aug-26 02:26:24 - Epoch 143, Model Loss -0.11339188303822785, View Loss -1.0306426512649636, Reg 0.16487041846209882
09-Aug-26 02:27:23 - Epoch 144, Model Loss -0.11421334198097778, View Loss -1.1098147498236761, Reg 0.16601233836872126
09-Aug-26 02:28:21 - Epoch 145, Model Loss -0.11603495264365003, View Loss -1.007005566865011, Reg 0.16223589520828396
/users/3171356m/miniconda3/envs/grastiacl/lib/python3.12/site-packages/joblib/externals/loky/process_executor.py:782: UserWarning: A worker stopped while some jobs were given to the executor. This can be caused by a too short worker timeout or by a memory leak.
  warnings.warn(
09-Aug-26 02:28:32 - Epoch 145: Train_acc 0.7859477124183006 Val_acc 0.6339869281045751 Test_acc 0.612565445026178 Test_auc 0.6307692307692307
09-Aug-26 02:29:30 - Epoch 146, Model Loss -0.11809903558562784, View Loss -1.007332796364828, Reg 0.16482142363887986
09-Aug-26 02:30:29 - Epoch 147, Model Loss -0.1190293791636922, View Loss -1.0036159644719043, Reg 0.1626503034160028
09-Aug-26 02:31:28 - Epoch 148, Model Loss -0.11906025417489943, View Loss -0.9892193289364085, Reg 0.16542981574737947
09-Aug-26 02:32:26 - Epoch 149, Model Loss -0.11885837830749213, View Loss -0.9941293110255323, Reg 0.16512086179131777
09-Aug-26 02:33:25 - Epoch 150, Model Loss -0.11855365988475824, View Loss -1.048192993488187, Reg 0.1681255329083773
09-Aug-26 02:33:32 - Epoch 150: Train_acc 0.7777777777777778 Val_acc 0.6274509803921569 Test_acc 0.6020942408376964 Test_auc 0.624945054945055
09-Aug-26 02:34:30 - Epoch 151, Model Loss -0.11583727208617466, View Loss -1.0908310865265092, Reg 0.1624504900446125
09-Aug-26 02:35:30 - Epoch 152, Model Loss -0.11653601383072099, View Loss -1.0808056515026716, Reg 0.15737569994396633
09-Aug-26 02:36:28 - Epoch 153, Model Loss -0.11863825095245262, View Loss -1.019611248003891, Reg 0.16139368605769538
09-Aug-26 02:37:27 - Epoch 154, Model Loss -0.11776591165393006, View Loss -1.0634222903282813, Reg 0.16650868387393702
09-Aug-26 02:38:26 - Epoch 155, Model Loss -0.11496466281367283, View Loss -1.0346743593028946, Reg 0.1646535969248005
09-Aug-26 02:38:35 - Epoch 155: Train_acc 0.7908496732026143 Val_acc 0.6601307189542484 Test_acc 0.5968586387434555 Test_auc 0.6287912087912088
09-Aug-26 02:39:33 - Epoch 156, Model Loss -0.11865714328740937, View Loss -1.0393837222865983, Reg 0.15819268025993521
09-Aug-26 02:40:32 - Epoch 157, Model Loss -0.11784565273453207, View Loss -1.0399828759673375, Reg 0.1622579408432144
09-Aug-26 02:41:31 - Epoch 158, Model Loss -0.11989117447846855, View Loss -0.999708297985052, Reg 0.16652594380129396
09-Aug-26 02:42:29 - Epoch 159, Model Loss -0.12070450654216841, View Loss -0.9815131799847472, Reg 0.16279947894071442
09-Aug-26 02:43:28 - Epoch 160, Model Loss -0.11878720451803769, View Loss -0.9873859118791967, Reg 0.16323921006489422
/users/3171356m/miniconda3/envs/grastiacl/lib/python3.12/site-packages/joblib/externals/loky/process_executor.py:782: UserWarning: A worker stopped while some jobs were given to the executor. This can be caused by a too short worker timeout or by a memory leak.
  warnings.warn(
09-Aug-26 02:43:39 - Epoch 160: Train_acc 0.9705882352941176 Val_acc 0.5620915032679739 Test_acc 0.5445026178010471 Test_auc 0.5393406593406593
09-Aug-26 02:44:38 - Epoch 161, Model Loss -0.11997312619016061, View Loss -0.9826171257916618, Reg 0.16411565244197845
09-Aug-26 02:45:36 - Epoch 162, Model Loss -0.11777610404818666, View Loss -0.9780211324006124, Reg 0.16391705521960664
09-Aug-26 02:46:36 - Epoch 163, Model Loss -0.12056858555164213, View Loss -0.9682779966616163, Reg 0.164495557741402
09-Aug-26 02:47:34 - Epoch 164, Model Loss -0.12072223191167794, View Loss -0.9679888307658675, Reg 0.1633974135506387
09-Aug-26 02:48:33 - Epoch 165, Model Loss -0.12102533516541027, View Loss -0.9721931047688902, Reg 0.1642006798312555
09-Aug-26 02:48:43 - Epoch 165: Train_acc 0.7892156862745098 Val_acc 0.6470588235294118 Test_acc 0.6178010471204188 Test_auc 0.6227472527472527
09-Aug-26 02:49:41 - Epoch 166, Model Loss -0.12180727603388768, View Loss -0.9692722971922432, Reg 0.16256553499527227
09-Aug-26 02:50:40 - Epoch 167, Model Loss -0.11838957160906075, View Loss -0.9720218976338705, Reg 0.16379456114924812
09-Aug-26 02:51:39 - Epoch 168, Model Loss -0.11956060692375782, View Loss -0.9739485908957088, Reg 0.16556772823427238
09-Aug-26 02:52:37 - Epoch 169, Model Loss -0.1220449341668023, View Loss -0.9763572036830428, Reg 0.16336509585380554
09-Aug-26 02:53:36 - Epoch 170, Model Loss -0.12552811585220636, View Loss -0.9847370370540743, Reg 0.16339368465679144
09-Aug-26 02:53:43 - Epoch 170: Train_acc 0.869281045751634 Val_acc 0.6013071895424836 Test_acc 0.5445026178010471 Test_auc 0.5743956043956043
09-Aug-26 02:54:41 - Epoch 171, Model Loss -0.12170824856539957, View Loss -0.965534874816346, Reg 0.1627005504237281
09-Aug-26 02:55:40 - Epoch 172, Model Loss -0.12119109685124915, View Loss -0.9624560284458734, Reg 0.16271434617198371
09-Aug-26 02:56:39 - Epoch 173, Model Loss -0.11973781250660716, View Loss -0.9692295953339222, Reg 0.16474495000309414
09-Aug-26 02:57:38 - Epoch 174, Model Loss -0.120503755371555, View Loss -0.952413701543621, Reg 0.16495495557395462
09-Aug-26 02:58:36 - Epoch 175, Model Loss -0.12382512992503596, View Loss -0.958139576943092, Reg 0.16232969723885354
09-Aug-26 02:58:46 - Epoch 175: Train_acc 1.0 Val_acc 0.5751633986928104 Test_acc 0.5549738219895288 Test_auc 0.54
09-Aug-26 02:59:44 - Epoch 176, Model Loss -0.12209688915925868, View Loss -0.9626226658914604, Reg 0.16458467437940486
09-Aug-26 03:00:43 - Epoch 177, Model Loss -0.12038829825282876, View Loss -0.9618784220390071, Reg 0.16210790309641096
09-Aug-26 03:01:41 - Epoch 178, Model Loss -0.12061737097945868, View Loss -0.9612090369455175, Reg 0.16366642898593853
09-Aug-26 03:02:40 - Epoch 179, Model Loss -0.12308426892835331, View Loss -0.9649223034677942, Reg 0.16446839029492896
09-Aug-26 03:03:38 - Epoch 180, Model Loss -0.12128141152313332, View Loss -0.956215528101703, Reg 0.16322541860193987
09-Aug-26 03:03:46 - Epoch 180: Train_acc 0.7777777777777778 Val_acc 0.6209150326797386 Test_acc 0.6020942408376964 Test_auc 0.6291208791208791
09-Aug-26 03:04:45 - Epoch 181, Model Loss -0.12730515568084966, View Loss -0.9654243919584486, Reg 0.16141834134369895
09-Aug-26 03:05:43 - Epoch 182, Model Loss -0.12354644918753431, View Loss -0.958464220458386, Reg 0.1637091132160885
09-Aug-26 03:06:42 - Epoch 183, Model Loss -0.12440004224091573, View Loss -0.951982796581742, Reg 0.1635451288589465
09-Aug-26 03:07:41 - Epoch 184, Model Loss -0.12198956749018501, View Loss -0.9546436445385802, Reg 0.16368553509899214
09-Aug-26 03:08:39 - Epoch 185, Model Loss -0.1275354654960383, View Loss -0.9580804740681368, Reg 0.16228978442989922
09-Aug-26 03:08:46 - Epoch 185: Train_acc 0.8709150326797386 Val_acc 0.6078431372549019 Test_acc 0.5654450261780105 Test_auc 0.5914285714285714
09-Aug-26 03:09:45 - Epoch 186, Model Loss -0.12469285921333662, View Loss -0.962832643315683, Reg 0.16414282076499043
09-Aug-26 03:10:43 - Epoch 187, Model Loss -0.12650608198315488, View Loss -0.9575590238072513, Reg 0.16296670425171947
09-Aug-26 03:11:42 - Epoch 188, Model Loss -0.12467387493918924, View Loss -0.9726058805690092, Reg 0.16430694517356897
09-Aug-26 03:12:41 - Epoch 189, Model Loss -0.12492850598166971, View Loss -0.9671494041393006, Reg 0.1635456150458529
09-Aug-26 03:13:39 - Epoch 190, Model Loss -0.1273780749514212, View Loss -0.9694519767574236, Reg 0.15987195103776222
09-Aug-26 03:13:46 - Epoch 190: Train_acc 0.7826797385620915 Val_acc 0.6470588235294118 Test_acc 0.5916230366492147 Test_auc 0.6248351648351649
09-Aug-26 03:14:44 - Epoch 191, Model Loss -0.12323481740515216, View Loss -0.9589325657077864, Reg 0.1637806969335656
09-Aug-26 03:15:43 - Epoch 192, Model Loss -0.12502880073061176, View Loss -0.9592354952120313, Reg 0.16609465082486471
09-Aug-26 03:16:42 - Epoch 193, Model Loss -0.12529428644117965, View Loss -0.9541253794252483, Reg 0.1613024374823165
09-Aug-26 03:17:41 - Epoch 194, Model Loss -0.1264322216993843, View Loss -0.9594428804185655, Reg 0.16298486048879188
09-Aug-26 03:18:39 - Epoch 195, Model Loss -0.12774430692585464, View Loss -0.9635159992704204, Reg 0.1648505296972063
09-Aug-26 03:18:45 - Epoch 195: Train_acc 0.9640522875816994 Val_acc 0.5816993464052288 Test_acc 0.5287958115183246 Test_auc 0.541098901098901
09-Aug-26 03:19:43 - Epoch 196, Model Loss -0.12980776362948948, View Loss -0.9628500447553747, Reg 0.15990383397130406
09-Aug-26 03:20:42 - Epoch 197, Model Loss -0.12712793841081507, View Loss -0.954989045274024, Reg 0.1661706465521669
09-Aug-26 03:21:41 - Epoch 198, Model Loss -0.12815190023846096, View Loss -0.9555847894132526, Reg 0.16274563364343705
09-Aug-26 03:22:39 - Epoch 199, Model Loss -0.12558304386980393, View Loss -0.9493565871045481, Reg 0.162547909259017
09-Aug-26 03:23:38 - Epoch 200, Model Loss -0.12474150478450302, View Loss -0.9492421415117052, Reg 0.16410722598141314
09-Aug-26 03:23:45 - Epoch 200: Train_acc 0.7859477124183006 Val_acc 0.6405228758169934 Test_acc 0.5916230366492147 Test_auc 0.6247252747252746
09-Aug-26 03:24:44 - Epoch 201, Model Loss -0.12449270954319075, View Loss -0.9439554588467467, Reg 0.16465826761099248
09-Aug-26 03:25:42 - Epoch 202, Model Loss -0.1253186479892606, View Loss -0.9462374970803853, Reg 0.16002829742977043
09-Aug-26 03:26:41 - Epoch 203, Model Loss -0.12389159397362104, View Loss -0.9437983456779929, Reg 0.16431157261717552
09-Aug-26 03:27:40 - Epoch 204, Model Loss -0.1277306192840626, View Loss -0.9457432951023376, Reg 0.1656778680732827
09-Aug-26 03:28:38 - Epoch 205, Model Loss -0.1291654164495032, View Loss -0.9553797447603513, Reg 0.160732596820476
09-Aug-26 03:28:45 - Epoch 205: Train_acc 0.7810457516339869 Val_acc 0.6470588235294118 Test_acc 0.6282722513089005 Test_auc 0.6347252747252747
09-Aug-26 03:29:44 - Epoch 206, Model Loss -0.12702315812017403, View Loss -0.9459181237064935, Reg 0.16412525706821018
09-Aug-26 03:30:43 - Epoch 207, Model Loss -0.12721044448466082, View Loss -0.9456682711644889, Reg 0.16301638735275642
09-Aug-26 03:31:41 - Epoch 208, Model Loss -0.12622672416805442, View Loss -0.9500588809742647, Reg 0.16274768094611325
09-Aug-26 03:32:40 - Epoch 209, Model Loss -0.12889979672587776, View Loss -0.9475051273707471, Reg 0.16290805376822654
09-Aug-26 03:33:39 - Epoch 210, Model Loss -0.12845964875875734, View Loss -0.9483525994556402, Reg 0.16530014233651505
09-Aug-26 03:33:46 - Epoch 210: Train_acc 0.869281045751634 Val_acc 0.6078431372549019 Test_acc 0.5445026178010471 Test_auc 0.5748351648351648
09-Aug-26 03:34:45 - Epoch 211, Model Loss -0.1261732383491167, View Loss -0.9479111697938707, Reg 0.16105380595899096
09-Aug-26 03:35:44 - Epoch 212, Model Loss -0.1264443679962283, View Loss -0.9444758923225154, Reg 0.16484018069466735
09-Aug-26 03:36:42 - Epoch 213, Model Loss -0.13010126586053886, View Loss -0.9466957508348951, Reg 0.16102881895171273
09-Aug-26 03:37:41 - Epoch 214, Model Loss -0.12942497597800362, View Loss -0.9446680826299331, Reg 0.16384266414283927
09-Aug-26 03:38:40 - Epoch 215, Model Loss -0.1305186144666734, View Loss -0.9411932533862544, Reg 0.16153377859421025
09-Aug-26 03:38:46 - Epoch 215: Train_acc 0.7892156862745098 Val_acc 0.6535947712418301 Test_acc 0.5863874345549738 Test_auc 0.6197802197802198
09-Aug-26 03:39:45 - Epoch 216, Model Loss -0.13013571773479188, View Loss -0.9496381625630497, Reg 0.16421008859974107
09-Aug-26 03:40:44 - Epoch 217, Model Loss -0.1293837244993721, View Loss -0.9481578535503812, Reg 0.1631014513618806
09-Aug-26 03:41:42 - Epoch 218, Model Loss -0.1291230172892801, View Loss -0.9476637863645366, Reg 0.16222981923545887
09-Aug-26 03:42:41 - Epoch 219, Model Loss -0.12851222473032334, View Loss -0.9410338308296952, Reg 0.16565281298815035
09-Aug-26 03:43:40 - Epoch 220, Model Loss -0.1308862783160864, View Loss -0.9542069403953801, Reg 0.15912279350305694
09-Aug-26 03:43:53 - Epoch 220: Train_acc 0.7843137254901961 Val_acc 0.6274509803921569 Test_acc 0.6020942408376964 Test_auc 0.6276923076923078
09-Aug-26 03:44:51 - Epoch 221, Model Loss -0.13163330761435765, View Loss -0.9492844530180389, Reg 0.1659732667449253
09-Aug-26 03:45:50 - Epoch 222, Model Loss -0.13079902412844638, View Loss -0.9504354163712146, Reg 0.16333429778323455
09-Aug-26 03:46:49 - Epoch 223, Model Loss -0.1293538138757344, View Loss -0.9461332582959942, Reg 0.1603306353676553
09-Aug-26 03:47:47 - Epoch 224, Model Loss -0.12645684874135685, View Loss -0.9468513805102678, Reg 0.16303980457626915
09-Aug-26 03:48:46 - Epoch 225, Model Loss -0.1287326984156191, View Loss -0.9571634569978402, Reg 0.16527583454948624
09-Aug-26 03:49:00 - Epoch 225: Train_acc 0.7810457516339869 Val_acc 0.6535947712418301 Test_acc 0.6178010471204188 Test_auc 0.6350549450549451
09-Aug-26 03:49:59 - Epoch 226, Model Loss -0.12944289905573028, View Loss -0.9554277432510276, Reg 0.16303169707846799
09-Aug-26 03:50:57 - Epoch 227, Model Loss -0.1306829261623956, View Loss -0.9569181515500437, Reg 0.1598384911133573
09-Aug-26 03:51:56 - Epoch 228, Model Loss -0.12816336984727897, View Loss -0.9510383341047499, Reg 0.166976720192074
09-Aug-26 03:52:55 - Epoch 229, Model Loss -0.1280036498518551, View Loss -0.9539672401216295, Reg 0.16268674717619527
09-Aug-26 03:53:54 - Epoch 230, Model Loss -0.12938098969802359, View Loss -0.9430089028053035, Reg 0.15980554415899165
09-Aug-26 03:54:07 - Epoch 230: Train_acc 0.7810457516339869 Val_acc 0.6535947712418301 Test_acc 0.6178010471204188 Test_auc 0.63
09-Aug-26 03:55:06 - Epoch 231, Model Loss -0.12690088542458278, View Loss -0.9354082657620798, Reg 0.1641178714488846
09-Aug-26 03:56:04 - Epoch 232, Model Loss -0.1293676544248668, View Loss -0.9436289220074423, Reg 0.1639895811190013
09-Aug-26 03:57:03 - Epoch 233, Model Loss -0.12949106467315574, View Loss -0.93940320124034, Reg 0.16225453675572388
09-Aug-26 03:58:02 - Epoch 234, Model Loss -0.13241191549238815, View Loss -0.9521005613351959, Reg 0.16282936229425318
09-Aug-26 03:59:00 - Epoch 235, Model Loss -0.13116773748709484, View Loss -0.9516761006872638, Reg 0.1627912943074906
09-Aug-26 03:59:14 - Epoch 235: Train_acc 0.8790849673202614 Val_acc 0.6013071895424836 Test_acc 0.5654450261780105 Test_auc 0.5798901098901098
09-Aug-26 04:00:12 - Epoch 236, Model Loss -0.1308862847440383, View Loss -0.9565320233114405, Reg 0.1628723892511106
09-Aug-26 04:01:11 - Epoch 237, Model Loss -0.1347583820617277, View Loss -0.9528024773192562, Reg 0.16403581328641356
09-Aug-26 04:02:10 - Epoch 238, Model Loss -0.13102468965100308, View Loss -0.9467683563045427, Reg 0.16236217826410057
09-Aug-26 04:03:09 - Epoch 239, Model Loss -0.12920667864138785, View Loss -0.9489671046437781, Reg 0.16093740909317739
09-Aug-26 04:04:07 - Epoch 240, Model Loss -0.1327286857405519, View Loss -0.9564677204181945, Reg 0.1647875108360465
09-Aug-26 04:04:22 - Epoch 240: Train_acc 0.7892156862745098 Val_acc 0.6405228758169934 Test_acc 0.612565445026178 Test_auc 0.6329670329670329
09-Aug-26 04:05:21 - Epoch 241, Model Loss -0.13282647125082078, View Loss -0.9428973649841508, Reg 0.16225832768904616
09-Aug-26 04:06:19 - Epoch 242, Model Loss -0.13119864658592573, View Loss -0.9356594553180769, Reg 0.1613170229921154
09-Aug-26 04:07:18 - Epoch 243, Model Loss -0.13080191300585378, View Loss -0.9420686578438953, Reg 0.1654780839198555
09-Aug-26 04:08:17 - Epoch 244, Model Loss -0.1322887095750547, View Loss -0.9471866274191663, Reg 0.15989681571916817
09-Aug-26 04:09:16 - Epoch 245, Model Loss -0.13419387270422542, View Loss -0.940206950786067, Reg 0.1645030815616932
09-Aug-26 04:09:26 - Epoch 245: Train_acc 0.7777777777777778 Val_acc 0.6339869281045751 Test_acc 0.5968586387434555 Test_auc 0.6148351648351649
09-Aug-26 04:10:24 - Epoch 246, Model Loss -0.12920881018919103, View Loss -0.9368941332000533, Reg 0.16371778403621873
09-Aug-26 04:11:23 - Epoch 247, Model Loss -0.1310127957973605, View Loss -0.9384563163994184, Reg 0.16218022982669034
09-Aug-26 04:12:22 - Epoch 248, Model Loss -0.13436995884951422, View Loss -0.9360206306370256, Reg 0.16071982925234277
09-Aug-26 04:13:21 - Epoch 249, Model Loss -0.13335302491593204, View Loss -0.9384887093812032, Reg 0.16655343391147315
09-Aug-26 04:14:19 - Epoch 250, Model Loss -0.13188280720336765, View Loss -0.9427675499635584, Reg 0.1605514170102824
/users/3171356m/miniconda3/envs/grastiacl/lib/python3.12/site-packages/joblib/externals/loky/process_executor.py:782: UserWarning: A worker stopped while some jobs were given to the executor. This can be caused by a too short worker timeout or by a memory leak.
  warnings.warn(
09-Aug-26 04:14:32 - Epoch 250: Train_acc 0.7810457516339869 Val_acc 0.6339869281045751 Test_acc 0.6178010471204188 Test_auc 0.6246153846153846
09-Aug-26 04:15:30 - Epoch 251, Model Loss -0.12880583350954491, View Loss -0.9388803734498865, Reg 0.16158802037924722
09-Aug-26 04:16:29 - Epoch 252, Model Loss -0.13324025916118248, View Loss -0.9408325813954173, Reg 0.16248882664184944
09-Aug-26 04:17:28 - Epoch 253, Model Loss -0.13426637415792428, View Loss -0.9407846109539855, Reg 0.16251247546641656
09-Aug-26 04:18:26 - Epoch 254, Model Loss -0.13340329461627537, View Loss -0.9425167032316619, Reg 0.16567152202908508
09-Aug-26 04:19:25 - Epoch 255, Model Loss -0.1349347899941837, View Loss -0.9545814437803879, Reg 0.15970650850947388
09-Aug-26 04:19:31 - Epoch 255: Train_acc 0.7908496732026143 Val_acc 0.6405228758169934 Test_acc 0.5916230366492147 Test_auc 0.6194505494505494
09-Aug-26 04:20:29 - Epoch 256, Model Loss -0.13564871845681684, View Loss -0.939812606456233, Reg 0.16215003686013565
09-Aug-26 04:21:28 - Epoch 257, Model Loss -0.1330683979333616, View Loss -0.9414602354461071, Reg 0.1654819964972976
09-Aug-26 04:22:27 - Epoch 258, Model Loss -0.13198995823953666, View Loss -0.9419154918271732, Reg 0.16283222769989686
09-Aug-26 04:23:26 - Epoch 259, Model Loss -0.13579249245668548, View Loss -0.9537957782059713, Reg 0.16112000957813138
09-Aug-26 04:24:24 - Epoch 260, Model Loss -0.13569641697640514, View Loss -0.9643257490170547, Reg 0.16170576867324854
09-Aug-26 04:24:32 - Epoch 260: Train_acc 0.7794117647058824 Val_acc 0.6666666666666666 Test_acc 0.612565445026178 Test_auc 0.6235164835164835
09-Aug-26 04:25:31 - Epoch 261, Model Loss -0.1333496194649366, View Loss -0.9700414698108349, Reg 0.16450447827772377
09-Aug-26 04:26:29 - Epoch 262, Model Loss -0.13102325134807163, View Loss -1.0687999335768956, Reg 0.1610539551653893
09-Aug-26 04:27:28 - Epoch 263, Model Loss -0.13517802758933672, View Loss -1.2081887706432468, Reg 0.15726701886046165
09-Aug-26 04:28:27 - Epoch 264, Model Loss -0.13452263010872734, View Loss -1.3084514312494815, Reg 0.17477134566486272
09-Aug-26 04:29:25 - Epoch 265, Model Loss -0.12913053507119224, View Loss -1.3144217394535838, Reg 0.19529757186088686
09-Aug-26 04:29:36 - Epoch 265: Train_acc 0.7859477124183006 Val_acc 0.6405228758169934 Test_acc 0.6020942408376964 Test_auc 0.6282417582417583
09-Aug-26 04:30:34 - Epoch 266, Model Loss -0.12967377472547145, View Loss -1.19831415718677, Reg 0.1880285816839318
09-Aug-26 04:31:33 - Epoch 267, Model Loss -0.13228407248952032, View Loss -1.064158027468164, Reg 0.1660701289675594
09-Aug-26 04:32:32 - Epoch 268, Model Loss -0.13372137188132294, View Loss -1.023793261035595, Reg 0.16232516085789875
09-Aug-26 04:33:31 - Epoch 269, Model Loss -0.13370681802431741, View Loss -0.9864261033488255, Reg 0.15558055841844845
09-Aug-26 04:34:29 - Epoch 270, Model Loss -0.13310512179642722, View Loss -0.9553390710182439, Reg 0.15352431553251603
/users/3171356m/miniconda3/envs/grastiacl/lib/python3.12/site-packages/joblib/externals/loky/process_executor.py:782: UserWarning: A worker stopped while some jobs were given to the executor. This can be caused by a too short worker timeout or by a memory leak.
  warnings.warn(
09-Aug-26 04:34:42 - Epoch 270: Train_acc 0.869281045751634 Val_acc 0.6274509803921569 Test_acc 0.5497382198952879 Test_auc 0.5714285714285714
09-Aug-26 04:35:40 - Epoch 271, Model Loss -0.1354448791422875, View Loss -0.9506545588861104, Reg 0.1622379979276969
09-Aug-26 04:36:39 - Epoch 272, Model Loss -0.13642497974283554, View Loss -0.9430732555638731, Reg 0.16826528086771372
09-Aug-26 04:37:37 - Epoch 273, Model Loss -0.13773384768199298, View Loss -0.9422652051339742, Reg 0.16936079339653837
09-Aug-26 04:38:36 - Epoch 274, Model Loss -0.13849622342321607, View Loss -0.9422637411192352, Reg 0.1635512861551023
09-Aug-26 04:39:34 - Epoch 275, Model Loss -0.13781102206192763, View Loss -0.9483721973070132, Reg 0.1632762764598809
09-Aug-26 04:39:42 - Epoch 275: Train_acc 0.7924836601307189 Val_acc 0.6535947712418301 Test_acc 0.6073298429319371 Test_auc 0.6215384615384615
09-Aug-26 04:40:41 - Epoch 276, Model Loss -0.1364196472697788, View Loss -0.9530732429105472, Reg 0.1643497264073565
09-Aug-26 04:41:39 - Epoch 277, Model Loss -0.1370585590016608, View Loss -0.9546423612856397, Reg 0.1620612830118416
09-Aug-26 04:42:38 - Epoch 278, Model Loss -0.13603264424535963, View Loss -0.9503690386130139, Reg 0.1617997023794386
09-Aug-26 04:43:36 - Epoch 279, Model Loss -0.13761465222227806, View Loss -0.9493307186887155, Reg 0.16461572469839084
09-Aug-26 04:44:35 - Epoch 280, Model Loss -0.13709896101671107, View Loss -0.9446820270002277, Reg 0.16457946579051175
09-Aug-26 04:44:45 - Epoch 280: Train_acc 0.7843137254901961 Val_acc 0.6535947712418301 Test_acc 0.6073298429319371 Test_auc 0.6206593406593406
09-Aug-26 04:45:43 - Epoch 281, Model Loss -0.13647089986240163, View Loss -0.9468469604168063, Reg 0.16626880079313042
09-Aug-26 04:46:42 - Epoch 282, Model Loss -0.13705125353694741, View Loss -0.9417613035713146, Reg 0.16282986347971398
09-Aug-26 04:47:41 - Epoch 283, Model Loss -0.13511552023731804, View Loss -0.951231822468876, Reg 0.16214461244788825
09-Aug-26 04:48:40 - Epoch 284, Model Loss -0.13750768058440266, View Loss -0.953603591794282, Reg 0.16130612410751044
09-Aug-26 04:49:38 - Epoch 285, Model Loss -0.1371897324627521, View Loss -0.9487174593545253, Reg 0.16392756482354956
/users/3171356m/miniconda3/envs/grastiacl/lib/python3.12/site-packages/joblib/externals/loky/process_executor.py:782: UserWarning: A worker stopped while some jobs were given to the executor. This can be caused by a too short worker timeout or by a memory leak.
  warnings.warn(
09-Aug-26 04:49:51 - Epoch 285: Train_acc 0.7810457516339869 Val_acc 0.6470588235294118 Test_acc 0.612565445026178 Test_auc 0.6261538461538461
09-Aug-26 04:50:49 - Epoch 286, Model Loss -0.1364489318498599, View Loss -0.9384301745034511, Reg 0.1650208963288201
09-Aug-26 04:51:48 - Epoch 287, Model Loss -0.13606727590747908, View Loss -0.9363374445173476, Reg 0.16388563500120748
09-Aug-26 04:52:47 - Epoch 288, Model Loss -0.13762238485361236, View Loss -0.9416356585384195, Reg 0.16388530289035996
09-Aug-26 04:53:46 - Epoch 289, Model Loss -0.13811158744338292, View Loss -0.9380442449469971, Reg 0.16242966221438515
09-Aug-26 04:54:44 - Epoch 290, Model Loss -0.13675054732490988, View Loss -0.932162179666407, Reg 0.16146272927327873
09-Aug-26 04:54:51 - Epoch 290: Train_acc 0.7777777777777778 Val_acc 0.6405228758169934 Test_acc 0.612565445026178 Test_auc 0.6228571428571428
09-Aug-26 04:55:50 - Epoch 291, Model Loss -0.13736231225767945, View Loss -0.9337741058636335, Reg 0.16279199612296485
09-Aug-26 04:56:48 - Epoch 292, Model Loss -0.1381174754473119, View Loss -0.9348209574331645, Reg 0.16226309985896342
09-Aug-26 04:57:47 - Epoch 293, Model Loss -0.1402417951160007, View Loss -0.9369776100894205, Reg 0.16300876721058016
09-Aug-26 04:58:46 - Epoch 294, Model Loss -0.13716577977136848, View Loss -0.9369702580707525, Reg 0.16232277345813179
09-Aug-26 04:59:44 - Epoch 295, Model Loss -0.1388511622653288, View Loss -0.9365844072080126, Reg 0.163705236089775
09-Aug-26 04:59:54 - Epoch 295: Train_acc 0.7859477124183006 Val_acc 0.6535947712418301 Test_acc 0.6073298429319371 Test_auc 0.6142857142857142
09-Aug-26 05:00:53 - Epoch 296, Model Loss -0.1359699072401508, View Loss -0.9358290729959027, Reg 0.1641191812901715
09-Aug-26 05:01:52 - Epoch 297, Model Loss -0.13642689371420666, View Loss -0.9318444573022182, Reg 0.16319135123608158
09-Aug-26 05:02:50 - Epoch 298, Model Loss -0.13530091873181413, View Loss -0.9320112653807098, Reg 0.1629999670522665
09-Aug-26 05:03:49 - Epoch 299, Model Loss -0.1379362547319699, View Loss -0.9351345565583971, Reg 0.16253911621040767
09-Aug-26 05:04:47 - Epoch 300, Model Loss -0.13584017286113664, View Loss -0.9278816171720916, Reg 0.1616691795049929
/users/3171356m/miniconda3/envs/grastiacl/lib/python3.12/site-packages/joblib/externals/loky/process_executor.py:782: UserWarning: A worker stopped while some jobs were given to the executor. This can be caused by a too short worker timeout or by a memory leak.
  warnings.warn(
09-Aug-26 05:05:01 - Epoch 300: Train_acc 0.7810457516339869 Val_acc 0.6470588235294118 Test_acc 0.5968586387434555 Test_auc 0.6153846153846154
09-Aug-26 05:05:01 - FinishedTraining! BestEpoch (eval-interval index): 51
09-Aug-26 05:05:01 - Wrote /users/3171356m/muhammad/GraSTIACL/nested_cv/results/nocombat__emb512_bs128__fold4.json
09-Aug-26 05:05:01 - {
  "emb_dim": 512,
  "batch_size": 128,
  "fold": 4,
  "combat": false,
  "n_train": 612,
  "n_val": 153,
  "n_test": 191,
  "best_val_epoch_idx": 51,
  "train_accuracy": 0.7794117647058824,
  "val_accuracy": 0.6666666666666666,
  "test_accuracy": 0.612565445026178,
  "train_f1": 0.7668393782383419,
  "val_f1": 0.6577181208053692,
  "test_f1": 0.5934065934065934,
  "train_sensitivity": 0.7628865953165409,
  "val_sensitivity": 0.671232867517358,
  "test_sensitivity": 0.593406586885642,
  "train_specificity": 0.7943925208897429,
  "val_specificity": 0.6624999917187501,
  "test_specificity": 0.6299999937,
  "train_precision": 0.7708333333333334,
  "val_precision": 0.6447368421052632,
  "test_precision": 0.5934065934065934,
  "test_auc": 0.6235164835164835,
  "fin_reg": 0.16170576867324854
}
