Task 33: config=6 fold=3 batch_size=128 emb_dim=256 mij_source=alff combat=yes
The Zen of Python, by Tim Peters

Beautiful is better than ugly.
Explicit is better than implicit.
Simple is better than complex.
Complex is better than complicated.
Flat is better than nested.
Sparse is better than dense.
Readability counts.
Special cases aren't special enough to break the rules.
Although practicality beats purity.
Errors should never pass silently.
Unless explicitly silenced.
In the face of ambiguity, refuse the temptation to guess.
There should be one-- and preferably only one --obvious way to do it.
Although that way may not be obvious at first unless you're Dutch.
Now is better than never.
Although never is often better than *right* now.
If the implementation is hard to explain, it's a bad idea.
If the implementation is easy to explain, it may be a good idea.
Namespaces are one honking great idea -- let's do more of those!
validation time cost : 0.18987 sec
validation time cost : 0.19342 sec
validation time cost : 0.20165 sec
validation time cost : 0.21601 sec
validation time cost : 0.19510 sec
validation time cost : 0.18930 sec
validation time cost : 0.20952 sec
validation time cost : 0.19250 sec
validation time cost : 0.20190 sec
validation time cost : 0.18364 sec
validation time cost : 0.18811 sec
validation time cost : 0.18545 sec
validation time cost : 0.18162 sec
validation time cost : 0.17846 sec
validation time cost : 0.17394 sec
validation time cost : 0.17858 sec
validation time cost : 0.18003 sec
validation time cost : 0.17423 sec
validation time cost : 0.17980 sec
validation time cost : 0.18352 sec
validation time cost : 0.18317 sec
validation time cost : 0.18139 sec
validation time cost : 0.17552 sec
validation time cost : 0.17929 sec
validation time cost : 0.17886 sec
validation time cost : 0.17887 sec
validation time cost : 0.18027 sec
validation time cost : 0.17609 sec
validation time cost : 0.17626 sec
validation time cost : 0.18049 sec
validation time cost : 0.18244 sec
validation time cost : 0.17963 sec
validation time cost : 0.17861 sec
validation time cost : 0.18190 sec
validation time cost : 0.18234 sec
validation time cost : 0.18304 sec
validation time cost : 0.17828 sec
validation time cost : 0.17283 sec
validation time cost : 0.18169 sec
validation time cost : 0.18346 sec
validation time cost : 0.17626 sec
validation time cost : 0.17645 sec
validation time cost : 0.18052 sec
validation time cost : 0.17633 sec
validation time cost : 0.17934 sec
validation time cost : 0.18049 sec
validation time cost : 0.17693 sec
validation time cost : 0.17859 sec
validation time cost : 0.17943 sec
validation time cost : 0.18261 sec
validation time cost : 0.17899 sec
validation time cost : 0.18072 sec
validation time cost : 0.18471 sec
validation time cost : 0.18457 sec
validation time cost : 0.18258 sec
validation time cost : 0.18002 sec
validation time cost : 0.17636 sec
validation time cost : 0.17369 sec
validation time cost : 0.17603 sec
validation time cost : 0.17719 sec
