03-Aug-26 11:48:45 - Using Device: cuda
03-Aug-26 11:48:45 - Seed: 123, Fold: 1, ComBat: True
03-Aug-26 11:48:45 - Namespace(fold=1, combat=True, num_dyn_windows=3, model_lr=0.0005, view_lr=0.0005, num_gc_layers=1, pooling_type='standard', emb_dim=128, vib_hidden_dim=400, batch_size=32, drop_ratio=0.3, epochs=100, kld_lambda=0.003, eval_interval=5, downstream_classifier='linear', ce_lambda=2.0, seed=123)
03-Aug-26 11:48:45 - Loading raw subject data...
03-Aug-26 11:48:48 - Loaded 956 subjects (455 ASD, 501 NC)
03-Aug-26 11:48:49 - Train/Val/Test sizes: 612/153/191
03-Aug-26 11:50:37 - Epoch 1, Model Loss 5.660407923405467, View Loss -2.8815354163350624
03-Aug-26 11:52:23 - Epoch 2, Model Loss 5.3845195552102885, View Loss 1.6156394894606148
03-Aug-26 11:54:09 - Epoch 3, Model Loss 5.410502592722575, View Loss 1.8965542082693063
03-Aug-26 11:55:55 - Epoch 4, Model Loss 5.252031885720546, View Loss 2.5855418622883315
03-Aug-26 11:57:41 - Epoch 5, Model Loss 5.325957625519996, View Loss 2.882368262589367
03-Aug-26 11:57:44 - Epoch 5: Train_acc 0.5343137254901961 Val_acc 0.5294117647058824 Test_acc 0.5549738219895288 Test_auc 0.5618681318681319
03-Aug-26 11:59:31 - Epoch 6, Model Loss 5.327525550243902, View Loss 2.9494124051013024
03-Aug-26 12:01:17 - Epoch 7, Model Loss 5.3382321354610465, View Loss 2.9676057170419132
03-Aug-26 12:03:02 - Epoch 8, Model Loss 5.300914692722894, View Loss 3.003491193640466
03-Aug-26 12:04:46 - Epoch 9, Model Loss 5.267301148059321, View Loss 2.9483188951716706
03-Aug-26 12:06:30 - Epoch 10, Model Loss 5.275869553385217, View Loss 3.0061315079919653
03-Aug-26 12:06:32 - Epoch 10: Train_acc 0.5408496732026143 Val_acc 0.5163398692810458 Test_acc 0.5340314136125655 Test_auc 0.5568131868131868
03-Aug-26 12:08:17 - Epoch 11, Model Loss 5.280947538762311, View Loss 2.9654027422269187
03-Aug-26 12:10:00 - Epoch 12, Model Loss 5.223929662330478, View Loss 3.050005397765465
03-Aug-26 12:11:44 - Epoch 13, Model Loss 5.223838841993045, View Loss 3.005514002313801
03-Aug-26 12:13:28 - Epoch 14, Model Loss 5.1450489159503014, View Loss 2.9877149435429793
03-Aug-26 12:15:12 - Epoch 15, Model Loss 5.174012265174217, View Loss 2.972933092927621
03-Aug-26 12:15:14 - Epoch 15: Train_acc 0.5343137254901961 Val_acc 0.5228758169934641 Test_acc 0.5340314136125655 Test_auc 0.56010989010989
03-Aug-26 12:16:58 - Epoch 16, Model Loss 5.226255896823858, View Loss 3.0531496767904245
03-Aug-26 12:18:42 - Epoch 17, Model Loss 5.191143724653456, View Loss 3.020976847682903
03-Aug-26 12:20:25 - Epoch 18, Model Loss 5.825726493511325, View Loss 2.8377399280959485
03-Aug-26 12:22:09 - Epoch 19, Model Loss 5.290533411736582, View Loss 3.082127445663502
03-Aug-26 12:23:52 - Epoch 20, Model Loss 5.190922846201977, View Loss 3.0755183127970476
03-Aug-26 12:23:55 - Epoch 20: Train_acc 0.5326797385620915 Val_acc 0.5359477124183006 Test_acc 0.5549738219895288 Test_auc 0.5624175824175824
03-Aug-26 12:25:39 - Epoch 21, Model Loss 5.124017852583742, View Loss 3.039737349242167
03-Aug-26 12:27:22 - Epoch 22, Model Loss 5.143779153138205, View Loss 3.027251166455886
03-Aug-26 12:29:06 - Epoch 23, Model Loss 5.1619229254379775, View Loss 3.0456871511110295
03-Aug-26 12:30:50 - Epoch 24, Model Loss 5.14421363437877, View Loss 3.0793075031704373
03-Aug-26 12:32:33 - Epoch 25, Model Loss 5.08698309558669, View Loss 3.067337408954022
03-Aug-26 12:32:36 - Epoch 25: Train_acc 0.5294117647058824 Val_acc 0.5490196078431373 Test_acc 0.581151832460733 Test_auc 0.5613186813186815
03-Aug-26 12:34:20 - Epoch 26, Model Loss 5.087531237820395, View Loss 3.030547460699393
03-Aug-26 12:36:03 - Epoch 27, Model Loss 5.065276853399339, View Loss 3.034054039350522
03-Aug-26 12:37:47 - Epoch 28, Model Loss 5.07416933346418, View Loss 2.9674094455694062
03-Aug-26 12:39:30 - Epoch 29, Model Loss 4.996946284973544, View Loss 2.9950869352209804
03-Aug-26 12:41:13 - Epoch 30, Model Loss 5.052024701062371, View Loss 2.998924569366804
03-Aug-26 12:41:16 - Epoch 30: Train_acc 0.5326797385620915 Val_acc 0.5424836601307189 Test_acc 0.581151832460733 Test_auc 0.5650549450549451
03-Aug-26 12:43:00 - Epoch 31, Model Loss 4.995924887314342, View Loss 3.0551591815512165
03-Aug-26 12:44:44 - Epoch 32, Model Loss 5.063861684861526, View Loss 3.0587753143185883
03-Aug-26 12:46:27 - Epoch 33, Model Loss 5.0592437959184835, View Loss 3.0425553438710233
03-Aug-26 12:48:11 - Epoch 34, Model Loss 5.053096070009119, View Loss 3.016170600660486
03-Aug-26 12:49:54 - Epoch 35, Model Loss 5.006550439822129, View Loss 3.02150789195416
03-Aug-26 12:49:57 - Epoch 35: Train_acc 0.5294117647058824 Val_acc 0.5228758169934641 Test_acc 0.5340314136125655 Test_auc 0.5618681318681319
03-Aug-26 12:51:41 - Epoch 36, Model Loss 5.091121827854829, View Loss 3.0885473637799032
03-Aug-26 12:53:24 - Epoch 37, Model Loss 4.983997588064156, View Loss 3.053674898895563
03-Aug-26 12:55:08 - Epoch 38, Model Loss 5.007678856257519, View Loss 3.048200567563375
03-Aug-26 12:56:51 - Epoch 39, Model Loss 5.013207856346579, View Loss 3.087830457422468
03-Aug-26 12:58:35 - Epoch 40, Model Loss 5.185397004769518, View Loss 3.0885549886943466
03-Aug-26 12:58:38 - Epoch 40: Train_acc 0.5310457516339869 Val_acc 0.5424836601307189 Test_acc 0.581151832460733 Test_auc 0.5671428571428572
03-Aug-26 13:00:22 - Epoch 41, Model Loss 5.051043435639026, View Loss 3.0943895383597977
03-Aug-26 13:02:05 - Epoch 42, Model Loss 5.027387882369796, View Loss 3.112609941195818
03-Aug-26 13:03:49 - Epoch 43, Model Loss 4.969709346496981, View Loss 3.104331848473331
03-Aug-26 13:05:32 - Epoch 44, Model Loss 4.981850910810084, View Loss 3.088906207894967
03-Aug-26 13:07:16 - Epoch 45, Model Loss 4.979551037931754, View Loss 3.0672900618291368
03-Aug-26 13:07:19 - Epoch 45: Train_acc 0.5343137254901961 Val_acc 0.5294117647058824 Test_acc 0.5497382198952879 Test_auc 0.5614285714285715
03-Aug-26 13:09:03 - Epoch 46, Model Loss 4.924655306573007, View Loss 3.0647622911758674
03-Aug-26 13:10:46 - Epoch 47, Model Loss 4.981841171489043, View Loss 3.0707927953963186
03-Aug-26 13:12:30 - Epoch 48, Model Loss 4.968307471742817, View Loss 3.084223973595239
03-Aug-26 13:14:13 - Epoch 49, Model Loss 4.934955841575572, View Loss 3.089938688122369
03-Aug-26 13:15:57 - Epoch 50, Model Loss 4.940296852510739, View Loss 3.057072776984545
03-Aug-26 13:16:00 - Epoch 50: Train_acc 0.5326797385620915 Val_acc 0.5294117647058824 Test_acc 0.5497382198952879 Test_auc 0.5623076923076924
03-Aug-26 13:17:44 - Epoch 51, Model Loss 4.935944158267351, View Loss 3.0499036491306777
03-Aug-26 13:19:27 - Epoch 52, Model Loss 4.943115991704604, View Loss 3.10003486217237
03-Aug-26 13:21:11 - Epoch 53, Model Loss 4.932467906303655, View Loss 3.068260030029646
03-Aug-26 13:22:55 - Epoch 54, Model Loss 4.944326823053796, View Loss 3.1497371204538283
03-Aug-26 13:24:38 - Epoch 55, Model Loss 4.934356187683305, View Loss 3.0873608900830636
03-Aug-26 13:24:41 - Epoch 55: Train_acc 0.5310457516339869 Val_acc 0.5424836601307189 Test_acc 0.581151832460733 Test_auc 0.565934065934066
03-Aug-26 13:26:25 - Epoch 56, Model Loss 4.976655484804141, View Loss 3.086707127639671
03-Aug-26 13:28:08 - Epoch 57, Model Loss 4.984901309792512, View Loss 3.1272250098340653
03-Aug-26 13:29:52 - Epoch 58, Model Loss 4.89880768380134, View Loss 3.115974659185394
03-Aug-26 13:31:36 - Epoch 59, Model Loss 4.916193095687168, View Loss 3.051200673860662
03-Aug-26 13:33:19 - Epoch 60, Model Loss 5.023909172980614, View Loss 3.171930876432681
03-Aug-26 13:33:22 - Epoch 60: Train_acc 0.5375816993464052 Val_acc 0.5163398692810458 Test_acc 0.5340314136125655 Test_auc 0.5669230769230769
03-Aug-26 13:35:05 - Epoch 61, Model Loss 4.9966996635486876, View Loss 3.1530734931721405
03-Aug-26 13:36:49 - Epoch 62, Model Loss 4.901616397246816, View Loss 3.094460016372157
03-Aug-26 13:38:32 - Epoch 63, Model Loss 4.9271217015833635, View Loss 3.0190124079292895
03-Aug-26 13:40:16 - Epoch 64, Model Loss 5.084413721670512, View Loss 3.097008527883517
03-Aug-26 13:41:59 - Epoch 65, Model Loss 4.909642263175615, View Loss 3.1128305169491988
03-Aug-26 13:42:02 - Epoch 65: Train_acc 0.5277777777777778 Val_acc 0.5163398692810458 Test_acc 0.5340314136125655 Test_auc 0.5624175824175823
03-Aug-26 13:43:46 - Epoch 66, Model Loss 4.883547121403264, View Loss 3.10860778323186
03-Aug-26 13:45:29 - Epoch 67, Model Loss 4.89058225450952, View Loss 3.1042249241685558
03-Aug-26 13:47:13 - Epoch 68, Model Loss 4.950048479379392, View Loss 3.166507349879134
03-Aug-26 13:48:56 - Epoch 69, Model Loss 4.878950299780353, View Loss 3.0500936643555274
03-Aug-26 13:50:39 - Epoch 70, Model Loss 4.9430977752785275, View Loss 3.1108914839676003
03-Aug-26 13:50:42 - Epoch 70: Train_acc 0.5245098039215687 Val_acc 0.5228758169934641 Test_acc 0.5235602094240838 Test_auc 0.5606593406593406
03-Aug-26 13:52:26 - Epoch 71, Model Loss 4.875699557510077, View Loss 3.1338936055407807
03-Aug-26 13:54:10 - Epoch 72, Model Loss 4.830841017704384, View Loss 3.072662065621295
03-Aug-26 13:55:53 - Epoch 73, Model Loss 5.096887149062812, View Loss 3.1478503786660488
03-Aug-26 13:57:37 - Epoch 74, Model Loss 4.932643862331615, View Loss 3.1071740381078783
03-Aug-26 13:59:20 - Epoch 75, Model Loss 4.895818326987472, View Loss 3.117172199916216
03-Aug-26 13:59:23 - Epoch 75: Train_acc 0.5359477124183006 Val_acc 0.5163398692810458 Test_acc 0.5392670157068062 Test_auc 0.5657142857142856
03-Aug-26 14:01:07 - Epoch 76, Model Loss 4.9523490316727585, View Loss 3.168087540888319
03-Aug-26 14:02:51 - Epoch 77, Model Loss 4.886532881680657, View Loss 3.1648792295284522
03-Aug-26 14:04:35 - Epoch 78, Model Loss 4.919461192648395, View Loss 3.112026795842289
03-Aug-26 14:06:18 - Epoch 79, Model Loss 4.938929617015365, View Loss 3.1339849781951092
03-Aug-26 14:08:02 - Epoch 80, Model Loss 4.835950147092732, View Loss 3.019788436640322
03-Aug-26 14:08:05 - Epoch 80: Train_acc 0.5343137254901961 Val_acc 0.5294117647058824 Test_acc 0.5549738219895288 Test_auc 0.5616483516483517
03-Aug-26 14:09:49 - Epoch 81, Model Loss 4.872639699699053, View Loss 3.120571079986547
03-Aug-26 14:11:32 - Epoch 82, Model Loss 4.796404372632893, View Loss 3.1075399936803807
03-Aug-26 14:13:16 - Epoch 83, Model Loss 4.840818423071718, View Loss 3.070520119924171
03-Aug-26 14:15:00 - Epoch 84, Model Loss 4.954171670028587, View Loss 3.166496714735343
03-Aug-26 14:16:44 - Epoch 85, Model Loss 4.864910953185138, View Loss 3.1142222959231707
03-Aug-26 14:16:47 - Epoch 85: Train_acc 0.5326797385620915 Val_acc 0.5294117647058824 Test_acc 0.5497382198952879 Test_auc 0.5623076923076923
03-Aug-26 14:18:31 - Epoch 86, Model Loss 4.832114260181103, View Loss 3.099787746379578
03-Aug-26 14:20:15 - Epoch 87, Model Loss 4.852394156985813, View Loss 3.1321258341370064
03-Aug-26 14:21:58 - Epoch 88, Model Loss 4.843020355000215, View Loss 3.1507916010283177
03-Aug-26 14:23:42 - Epoch 89, Model Loss 4.8660339529997385, View Loss 3.149332297783272
03-Aug-26 14:25:26 - Epoch 90, Model Loss 4.960379522610334, View Loss 3.206460448261959
03-Aug-26 14:25:29 - Epoch 90: Train_acc 0.5277777777777778 Val_acc 0.5163398692810458 Test_acc 0.5340314136125655 Test_auc 0.5625274725274725
03-Aug-26 14:27:13 - Epoch 91, Model Loss 4.873111606423372, View Loss 3.1868566586301217
03-Aug-26 14:28:56 - Epoch 92, Model Loss 4.824046926560745, View Loss 3.1871560352300508
03-Aug-26 14:30:40 - Epoch 93, Model Loss 4.76980405539469, View Loss 3.165067976206736
03-Aug-26 14:32:23 - Epoch 94, Model Loss 4.833344232023152, View Loss 3.0244857848080153
03-Aug-26 14:34:07 - Epoch 95, Model Loss 4.8904255418216485, View Loss 3.125339599995831
03-Aug-26 14:34:09 - Epoch 95: Train_acc 0.5375816993464052 Val_acc 0.5294117647058824 Test_acc 0.5392670157068062 Test_auc 0.5624175824175823
03-Aug-26 14:35:53 - Epoch 96, Model Loss 4.885546403772691, View Loss 3.198515465446547
03-Aug-26 14:37:37 - Epoch 97, Model Loss 4.888541517694012, View Loss 3.1797584303064284
03-Aug-26 14:39:20 - Epoch 98, Model Loss 4.8868896228815215, View Loss 3.1122348709823258
03-Aug-26 14:41:04 - Epoch 99, Model Loss 4.848740524715847, View Loss 3.1779747910651506
03-Aug-26 14:42:47 - Epoch 100, Model Loss 4.908200472788094, View Loss 3.181586973807391
03-Aug-26 14:42:50 - Epoch 100: Train_acc 0.5277777777777778 Val_acc 0.5163398692810458 Test_acc 0.5392670157068062 Test_auc 0.5623076923076923
03-Aug-26 14:42:50 - FinishedTraining! BestEpoch (eval-interval index): 4
03-Aug-26 14:42:50 - Wrote /users/3171356m/muhammad/GraSTIACL/nested_cv/results/combat__emb128_bs32__fold1.json
03-Aug-26 14:42:50 - {
  "emb_dim": 128,
  "batch_size": 32,
  "fold": 1,
  "combat": true,
  "n_train": 612,
  "n_val": 153,
  "n_test": 191,
  "best_val_epoch_idx": 4,
  "train_accuracy": 0.5294117647058824,
  "val_accuracy": 0.5490196078431373,
  "test_accuracy": 0.581151832460733,
  "train_f1": 0.07692307692307693,
  "val_f1": 0.1686746987951807,
  "test_f1": 0.21568627450980393,
  "train_sensitivity": 0.041237113260353564,
  "val_sensitivity": 0.09589040964533686,
  "test_sensitivity": 0.12087911955077892,
  "train_specificity": 0.971962613794509,
  "val_specificity": 0.9624999879687501,
  "test_specificity": 0.9999999900000002,
  "train_precision": 0.5714285714285714,
  "val_precision": 0.7,
  "test_precision": 1.0,
  "test_auc": 0.5613186813186815
}
