Task 15: emb_dim=32 batch_size=128 fold=0 combat=yes
The Zen of Python, by Tim Peters

Beautiful is better than ugly.
Explicit is better than implicit.
Simple is better than complex.
Complex is better than complicated.
Flat is better than nested.
Sparse is better than dense.
Readability counts.
Special cases aren't special enough to break the rules.
Although practicality beats purity.
Errors should never pass silently.
Unless explicitly silenced.
In the face of ambiguity, refuse the temptation to guess.
There should be one-- and preferably only one --obvious way to do it.
Although that way may not be obvious at first unless you're Dutch.
Now is better than never.
Although never is often better than *right* now.
If the implementation is hard to explain, it's a bad idea.
If the implementation is easy to explain, it may be a good idea.
Namespaces are one honking great idea -- let's do more of those!
validation time cost : 0.19170 sec
validation time cost : 0.15452 sec
validation time cost : 0.15373 sec
validation time cost : 0.14247 sec
validation time cost : 0.14526 sec
validation time cost : 0.15811 sec
validation time cost : 0.15861 sec
validation time cost : 0.14193 sec
validation time cost : 0.15717 sec
validation time cost : 0.15923 sec
validation time cost : 0.14369 sec
validation time cost : 0.14462 sec
validation time cost : 0.14718 sec
validation time cost : 0.15771 sec
validation time cost : 0.16567 sec
validation time cost : 0.14288 sec
validation time cost : 0.15885 sec
validation time cost : 0.14960 sec
validation time cost : 0.14631 sec
validation time cost : 0.14781 sec
