03-Aug-26 11:33:20 - Using Device: cuda
03-Aug-26 11:33:20 - Seed: 123, Fold: 3, ComBat: True
03-Aug-26 11:33:20 - Namespace(fold=3, combat=True, num_dyn_windows=3, model_lr=0.0005, view_lr=0.0005, num_gc_layers=1, pooling_type='standard', emb_dim=32, vib_hidden_dim=400, batch_size=32, drop_ratio=0.3, epochs=100, kld_lambda=0.003, eval_interval=5, downstream_classifier='linear', ce_lambda=2.0, seed=123)
03-Aug-26 11:33:20 - Loading raw subject data...
03-Aug-26 11:33:23 - Loaded 956 subjects (455 ASD, 501 NC)
03-Aug-26 11:33:24 - Train/Val/Test sizes: 612/153/191
03-Aug-26 11:35:10 - Epoch 1, Model Loss 5.863974312551661, View Loss -2.76469602927663
03-Aug-26 11:36:55 - Epoch 2, Model Loss 5.810969737620136, View Loss 1.7661132142434712
03-Aug-26 11:38:40 - Epoch 3, Model Loss 5.522727579852335, View Loss 1.982175069696763
03-Aug-26 11:40:25 - Epoch 4, Model Loss 5.398049323387395, View Loss 2.571138620376587
03-Aug-26 11:42:10 - Epoch 5, Model Loss 5.399163595212051, View Loss 2.9945198118297105
03-Aug-26 11:42:13 - Epoch 5: Train_acc 0.5424836601307189 Val_acc 0.5228758169934641 Test_acc 0.5340314136125655 Test_auc 0.4957142857142857
03-Aug-26 11:44:00 - Epoch 6, Model Loss 5.428880308188644, View Loss 3.011891070534201
03-Aug-26 11:45:46 - Epoch 7, Model Loss 5.390216389512704, View Loss 3.020537203433467
03-Aug-26 11:47:31 - Epoch 8, Model Loss 5.399416689779244, View Loss 3.0465799050003874
03-Aug-26 11:49:16 - Epoch 9, Model Loss 5.352942176893646, View Loss 3.06242263706681
03-Aug-26 11:51:01 - Epoch 10, Model Loss 5.3335643375621125, View Loss 3.063429174080394
03-Aug-26 11:51:04 - Epoch 10: Train_acc 0.5408496732026143 Val_acc 0.5228758169934641 Test_acc 0.5287958115183246 Test_auc 0.4932967032967034
03-Aug-26 11:52:51 - Epoch 11, Model Loss 5.316599817836986, View Loss 3.032012704345915
03-Aug-26 11:54:37 - Epoch 12, Model Loss 5.29433054238363, View Loss 3.0471091671706803
03-Aug-26 11:56:22 - Epoch 13, Model Loss 5.32073698635974, View Loss 3.0716162507050955
03-Aug-26 11:58:08 - Epoch 14, Model Loss 5.259404462926528, View Loss 3.083013936585071
03-Aug-26 11:59:53 - Epoch 15, Model Loss 5.314528817444845, View Loss 3.13314694516799
03-Aug-26 11:59:56 - Epoch 15: Train_acc 0.5506535947712419 Val_acc 0.5163398692810458 Test_acc 0.5392670157068062 Test_auc 0.5021978021978021
03-Aug-26 12:01:43 - Epoch 16, Model Loss 5.239698329003029, View Loss 3.0777227465623342
03-Aug-26 12:03:28 - Epoch 17, Model Loss 5.350214660557267, View Loss 3.1414448517599918
03-Aug-26 12:05:14 - Epoch 18, Model Loss 5.265670913496828, View Loss 3.132956100445168
03-Aug-26 12:06:59 - Epoch 19, Model Loss 5.258838206334831, View Loss 3.111814258145351
03-Aug-26 12:08:44 - Epoch 20, Model Loss 5.595868350633609, View Loss 2.9266174642089147
03-Aug-26 12:08:47 - Epoch 20: Train_acc 0.553921568627451 Val_acc 0.5163398692810458 Test_acc 0.5392670157068062 Test_auc 0.4917582417582418
03-Aug-26 12:10:34 - Epoch 21, Model Loss 5.265097611869862, View Loss 3.0881948743770327
03-Aug-26 12:12:19 - Epoch 22, Model Loss 5.220795612709195, View Loss 3.107611201167886
03-Aug-26 12:14:05 - Epoch 23, Model Loss 5.193056302912095, View Loss 3.0884814219537122
03-Aug-26 12:15:50 - Epoch 24, Model Loss 5.215198611901476, View Loss 3.089448811961155
03-Aug-26 12:17:36 - Epoch 25, Model Loss 5.203518127304276, View Loss 3.088639397636738
03-Aug-26 12:17:39 - Epoch 25: Train_acc 0.5506535947712419 Val_acc 0.5163398692810458 Test_acc 0.5392670157068062 Test_auc 0.5016483516483516
03-Aug-26 12:19:24 - Epoch 26, Model Loss 5.195574978597803, View Loss 3.118947005739399
03-Aug-26 12:21:09 - Epoch 27, Model Loss 5.172872498144511, View Loss 3.072814734932644
03-Aug-26 12:22:55 - Epoch 28, Model Loss 5.204884212780622, View Loss 3.1013315608298857
03-Aug-26 12:24:40 - Epoch 29, Model Loss 5.153351473652459, View Loss 3.1047169040231144
03-Aug-26 12:26:25 - Epoch 30, Model Loss 5.2210830847422285, View Loss 3.092582335659102
03-Aug-26 12:26:28 - Epoch 30: Train_acc 0.5522875816993464 Val_acc 0.5163398692810458 Test_acc 0.5340314136125655 Test_auc 0.5007692307692309
03-Aug-26 12:28:15 - Epoch 31, Model Loss 5.112693809995465, View Loss 3.104456000857883
03-Aug-26 12:30:02 - Epoch 32, Model Loss 5.097578047147763, View Loss 3.1102676678911534
03-Aug-26 12:31:47 - Epoch 33, Model Loss 5.156706647935256, View Loss 3.147778408200133
03-Aug-26 12:33:32 - Epoch 34, Model Loss 5.149710246940065, View Loss 3.1381018824047513
03-Aug-26 12:35:18 - Epoch 35, Model Loss 5.137221824109944, View Loss 3.1368716733128417
03-Aug-26 12:35:21 - Epoch 35: Train_acc 0.5506535947712419 Val_acc 0.5163398692810458 Test_acc 0.5392670157068062 Test_auc 0.5023076923076922
03-Aug-26 12:37:08 - Epoch 36, Model Loss 5.125738053539999, View Loss 3.0917923703692316
03-Aug-26 12:38:54 - Epoch 37, Model Loss 5.110210742825776, View Loss 3.179280914512335
03-Aug-26 12:40:40 - Epoch 38, Model Loss 5.098257466858509, View Loss 3.109792635721319
03-Aug-26 12:42:25 - Epoch 39, Model Loss 5.115045697081323, View Loss 3.18509880312128
03-Aug-26 12:44:11 - Epoch 40, Model Loss 5.08929182189742, View Loss 3.114587082192789
03-Aug-26 12:44:14 - Epoch 40: Train_acc 0.5506535947712419 Val_acc 0.5163398692810458 Test_acc 0.5392670157068062 Test_auc 0.5023076923076922
03-Aug-26 12:46:02 - Epoch 41, Model Loss 5.113752047220866, View Loss 3.169617433173984
03-Aug-26 12:47:48 - Epoch 42, Model Loss 5.161706993003297, View Loss 3.1670659320806367
03-Aug-26 12:49:34 - Epoch 43, Model Loss 5.0349934926999165, View Loss 3.1477946541667765
03-Aug-26 12:51:19 - Epoch 44, Model Loss 5.3284037222270095, View Loss 3.0409489246754866
03-Aug-26 12:53:04 - Epoch 45, Model Loss 5.082416063819835, View Loss 3.1799721343844545
03-Aug-26 12:53:07 - Epoch 45: Train_acc 0.5506535947712419 Val_acc 0.5163398692810458 Test_acc 0.5392670157068062 Test_auc 0.502087912087912
03-Aug-26 12:54:52 - Epoch 46, Model Loss 5.047983760148092, View Loss 3.2085381621628803
03-Aug-26 12:56:37 - Epoch 47, Model Loss 5.056198347627727, View Loss 3.1897244122293262
03-Aug-26 12:58:22 - Epoch 48, Model Loss 5.130991586672715, View Loss 3.239524304477218
03-Aug-26 13:00:07 - Epoch 49, Model Loss 5.022998114816503, View Loss 3.174025439748577
03-Aug-26 13:01:52 - Epoch 50, Model Loss 5.042105257121566, View Loss 3.1171471979103837
03-Aug-26 13:01:55 - Epoch 50: Train_acc 0.5522875816993464 Val_acc 0.5163398692810458 Test_acc 0.5340314136125655 Test_auc 0.5002197802197803
03-Aug-26 13:03:42 - Epoch 51, Model Loss 5.012057905882791, View Loss 3.1800582588108535
03-Aug-26 13:05:28 - Epoch 52, Model Loss 5.021298946118822, View Loss 3.1946802411983217
03-Aug-26 13:07:13 - Epoch 53, Model Loss 5.004992193645901, View Loss 3.1770295819231107
03-Aug-26 13:08:59 - Epoch 54, Model Loss 5.008024736167559, View Loss 3.1298159758249917
03-Aug-26 13:10:44 - Epoch 55, Model Loss 5.0025167963863195, View Loss 3.1693333219858557
03-Aug-26 13:10:47 - Epoch 55: Train_acc 0.5130718954248366 Val_acc 0.5228758169934641 Test_acc 0.5078534031413613 Test_auc 0.470989010989011
03-Aug-26 13:12:35 - Epoch 56, Model Loss 5.024680770300572, View Loss 3.2155610186601775
03-Aug-26 13:14:20 - Epoch 57, Model Loss 5.016821267558079, View Loss 3.190872803622601
03-Aug-26 13:16:06 - Epoch 58, Model Loss 4.979003533818363, View Loss 3.1921628415584564
03-Aug-26 13:17:51 - Epoch 59, Model Loss 4.999535043255176, View Loss 3.1532069639442795
03-Aug-26 13:19:36 - Epoch 60, Model Loss 5.061789428486543, View Loss 3.2085834320853737
03-Aug-26 13:19:39 - Epoch 60: Train_acc 0.5392156862745098 Val_acc 0.5294117647058824 Test_acc 0.5235602094240838 Test_auc 0.49000000000000005
03-Aug-26 13:21:27 - Epoch 61, Model Loss 5.02995430566127, View Loss 3.145993848252141
03-Aug-26 13:23:12 - Epoch 62, Model Loss 5.007334029752444, View Loss 3.140025171579099
03-Aug-26 13:24:56 - Epoch 63, Model Loss 4.92882848097608, View Loss 3.185261788711049
03-Aug-26 13:26:40 - Epoch 64, Model Loss 5.01444202622557, View Loss 3.0778278466922786
03-Aug-26 13:28:23 - Epoch 65, Model Loss 4.983032803130306, View Loss 3.2174332254852347
03-Aug-26 13:28:26 - Epoch 65: Train_acc 0.5506535947712419 Val_acc 0.5163398692810458 Test_acc 0.5340314136125655 Test_auc 0.50010989010989
03-Aug-26 13:30:09 - Epoch 66, Model Loss 4.966999175501805, View Loss 3.1974618138830646
03-Aug-26 13:31:51 - Epoch 67, Model Loss 5.0136059935576, View Loss 3.2089738331589044
03-Aug-26 13:33:34 - Epoch 68, Model Loss 4.9649139915416445, View Loss 3.1667964435091207
03-Aug-26 13:35:16 - Epoch 69, Model Loss 4.98319850248449, View Loss 3.2243260782138976
03-Aug-26 13:36:58 - Epoch 70, Model Loss 4.972338894613428, View Loss 3.2106618889017042
03-Aug-26 13:37:01 - Epoch 70: Train_acc 0.5359477124183006 Val_acc 0.5359477124183006 Test_acc 0.5235602094240838 Test_auc 0.48681318681318686
03-Aug-26 13:38:44 - Epoch 71, Model Loss 4.929059288860146, View Loss 3.1582712942089133
03-Aug-26 13:40:27 - Epoch 72, Model Loss 4.924818235285142, View Loss 3.159913495085598
03-Aug-26 13:42:10 - Epoch 73, Model Loss 4.9362291744331905, View Loss 3.200036522609736
03-Aug-26 13:43:53 - Epoch 74, Model Loss 4.967411845338111, View Loss 3.1777042775761846
03-Aug-26 13:45:36 - Epoch 75, Model Loss 4.952866454529606, View Loss 3.18443194323895
03-Aug-26 13:45:38 - Epoch 75: Train_acc 0.5506535947712419 Val_acc 0.5163398692810458 Test_acc 0.5340314136125655 Test_auc 0.50010989010989
03-Aug-26 13:47:22 - Epoch 76, Model Loss 5.028694193347607, View Loss 3.2535201511741465
03-Aug-26 13:49:05 - Epoch 77, Model Loss 4.934906789679933, View Loss 3.2352408365486496
03-Aug-26 13:50:48 - Epoch 78, Model Loss 4.942163925544889, View Loss 3.2130894793404474
03-Aug-26 13:52:30 - Epoch 79, Model Loss 4.998572359677234, View Loss 3.2194182639028512
03-Aug-26 13:54:13 - Epoch 80, Model Loss 4.937270742615843, View Loss 3.228908134052177
03-Aug-26 13:54:15 - Epoch 80: Train_acc 0.5506535947712419 Val_acc 0.5163398692810458 Test_acc 0.5392670157068062 Test_auc 0.49956043956043955
03-Aug-26 13:55:59 - Epoch 81, Model Loss 4.9461865674436485, View Loss 3.2344581730225506
03-Aug-26 13:57:42 - Epoch 82, Model Loss 4.930218024970659, View Loss 3.2125260892257193
03-Aug-26 13:59:25 - Epoch 83, Model Loss 4.927185912537419, View Loss 3.217177100430906
03-Aug-26 14:01:07 - Epoch 84, Model Loss 4.919831118552513, View Loss 3.03654011226947
03-Aug-26 14:02:50 - Epoch 85, Model Loss 4.900200192445244, View Loss 3.165701670194763
03-Aug-26 14:02:53 - Epoch 85: Train_acc 0.5441176470588235 Val_acc 0.5294117647058824 Test_acc 0.5287958115183246 Test_auc 0.49164835164835163
03-Aug-26 14:04:35 - Epoch 86, Model Loss 4.975485955967622, View Loss 3.223696849704568
03-Aug-26 14:06:18 - Epoch 87, Model Loss 4.974390721788593, View Loss 3.2632206358940774
03-Aug-26 14:08:00 - Epoch 88, Model Loss 4.962581713994344, View Loss 3.2226775089899697
03-Aug-26 14:09:43 - Epoch 89, Model Loss 4.960062524072485, View Loss 3.2553498928063833
03-Aug-26 14:11:25 - Epoch 90, Model Loss 4.936930834078321, View Loss 3.2254717322736006
03-Aug-26 14:11:28 - Epoch 90: Train_acc 0.5506535947712419 Val_acc 0.5163398692810458 Test_acc 0.5392670157068062 Test_auc 0.5023076923076922
03-Aug-26 14:13:10 - Epoch 91, Model Loss 4.9505973594640595, View Loss 3.2641279783124237
03-Aug-26 14:14:53 - Epoch 92, Model Loss 5.00332727619246, View Loss 3.2851096789042153
03-Aug-26 14:16:35 - Epoch 93, Model Loss 4.942190248202654, View Loss 3.226336640859741
03-Aug-26 14:18:17 - Epoch 94, Model Loss 4.899113485236573, View Loss 3.2061154628111646
03-Aug-26 14:20:00 - Epoch 95, Model Loss 4.968661878623214, View Loss 3.2913992030947816
03-Aug-26 14:20:03 - Epoch 95: Train_acc 0.5343137254901961 Val_acc 0.5359477124183006 Test_acc 0.5235602094240838 Test_auc 0.4857142857142857
03-Aug-26 14:21:45 - Epoch 96, Model Loss 4.962156418881385, View Loss 3.2440953281969804
03-Aug-26 14:23:27 - Epoch 97, Model Loss 4.96076588848837, View Loss 3.2424094341938794
03-Aug-26 14:25:10 - Epoch 98, Model Loss 5.035769249099532, View Loss 3.2080713148210562
03-Aug-26 14:26:52 - Epoch 99, Model Loss 4.932714077382306, View Loss 3.2104758109921723
03-Aug-26 14:28:35 - Epoch 100, Model Loss 4.927154802808575, View Loss 3.24015822948194
03-Aug-26 14:28:37 - Epoch 100: Train_acc 0.5522875816993464 Val_acc 0.5163398692810458 Test_acc 0.5392670157068062 Test_auc 0.5025274725274725
03-Aug-26 14:28:37 - FinishedTraining! BestEpoch (eval-interval index): 13
03-Aug-26 14:28:37 - Wrote /users/3171356m/muhammad/GraSTIACL/nested_cv/results/combat__emb32_bs32__fold3.json
03-Aug-26 14:28:37 - {
  "emb_dim": 32,
  "batch_size": 32,
  "fold": 3,
  "combat": true,
  "n_train": 612,
  "n_val": 153,
  "n_test": 191,
  "best_val_epoch_idx": 13,
  "train_accuracy": 0.5359477124183006,
  "val_accuracy": 0.5359477124183006,
  "test_accuracy": 0.5235602094240838,
  "train_f1": 0.09554140127388536,
  "val_f1": 0.16470588235294117,
  "test_f1": 0.11650485436893204,
  "train_sensitivity": 0.051546391575441955,
  "val_sensitivity": 0.09589040964533686,
  "test_sensitivity": 0.06593406520951577,
  "train_specificity": 0.9750778785823119,
  "val_specificity": 0.9374999882812501,
  "test_specificity": 0.9399999906000002,
  "train_precision": 0.6521739130434783,
  "val_precision": 0.5833333333333334,
  "test_precision": 0.5,
  "test_auc": 0.48681318681318686
}
