Task 18: emb_dim=32 batch_size=128 fold=3 combat=no
The Zen of Python, by Tim Peters

Beautiful is better than ugly.
Explicit is better than implicit.
Simple is better than complex.
Complex is better than complicated.
Flat is better than nested.
Sparse is better than dense.
Readability counts.
Special cases aren't special enough to break the rules.
Although practicality beats purity.
Errors should never pass silently.
Unless explicitly silenced.
In the face of ambiguity, refuse the temptation to guess.
There should be one-- and preferably only one --obvious way to do it.
Although that way may not be obvious at first unless you're Dutch.
Now is better than never.
Although never is often better than *right* now.
If the implementation is hard to explain, it's a bad idea.
If the implementation is easy to explain, it may be a good idea.
Namespaces are one honking great idea -- let's do more of those!
validation time cost : 0.21339 sec
validation time cost : 0.24604 sec
validation time cost : 0.24342 sec
validation time cost : 0.24629 sec
validation time cost : 0.24285 sec
validation time cost : 0.24502 sec
validation time cost : 0.24797 sec
validation time cost : 0.24600 sec
validation time cost : 0.24469 sec
validation time cost : 0.24504 sec
validation time cost : 0.24591 sec
validation time cost : 0.24798 sec
validation time cost : 0.24580 sec
validation time cost : 0.24686 sec
validation time cost : 0.24486 sec
validation time cost : 0.24497 sec
validation time cost : 0.24893 sec
validation time cost : 0.24692 sec
validation time cost : 0.24815 sec
validation time cost : 0.24659 sec
