03-Aug-26 02:39:49 - Using Device: cuda
03-Aug-26 02:39:49 - Seed: 123, Fold: 4, ComBat: False
03-Aug-26 02:39:49 - Namespace(fold=4, combat=False, num_dyn_windows=3, model_lr=0.0005, view_lr=0.0005, num_gc_layers=1, pooling_type='standard', emb_dim=128, vib_hidden_dim=400, batch_size=32, drop_ratio=0.3, epochs=100, kld_lambda=0.003, eval_interval=5, downstream_classifier='linear', ce_lambda=2.0, seed=123)
03-Aug-26 02:39:49 - Loading raw subject data...
03-Aug-26 02:39:51 - Loaded 956 subjects (455 ASD, 501 NC)
03-Aug-26 02:39:51 - Train/Val/Test sizes: 612/153/191
03-Aug-26 02:41:37 - Epoch 1, Model Loss 5.899123924230438, View Loss -2.7288264153050443
03-Aug-26 02:43:21 - Epoch 2, Model Loss 5.62807380919363, View Loss 1.688739899716346
03-Aug-26 02:45:05 - Epoch 3, Model Loss 5.435512678295958, View Loss 2.0136742599649367
03-Aug-26 02:46:50 - Epoch 4, Model Loss 5.394068351758071, View Loss 2.5837198114083484
03-Aug-26 02:48:34 - Epoch 5, Model Loss 5.4459787942225635, View Loss 2.986295732018215
03-Aug-26 02:48:37 - Epoch 5: Train_acc 0.5310457516339869 Val_acc 0.49673202614379086 Test_acc 0.5287958115183246 Test_auc 0.5115384615384615
03-Aug-26 02:50:21 - Epoch 6, Model Loss 5.440204205855824, View Loss 3.068628424912496
03-Aug-26 02:52:05 - Epoch 7, Model Loss 5.428807909971749, View Loss 3.0819927298165615
03-Aug-26 02:53:49 - Epoch 8, Model Loss 5.416682837056179, View Loss 3.050144424235899
03-Aug-26 02:55:34 - Epoch 9, Model Loss 5.378337479884328, View Loss 3.1305676897366843
03-Aug-26 02:57:18 - Epoch 10, Model Loss 5.364496310551961, View Loss 3.1035486023410472
03-Aug-26 02:57:21 - Epoch 10: Train_acc 0.5441176470588235 Val_acc 0.5098039215686274 Test_acc 0.5130890052356021 Test_auc 0.5117582417582418
03-Aug-26 02:59:06 - Epoch 11, Model Loss 5.331858357572867, View Loss 3.1003756819207684
03-Aug-26 03:00:51 - Epoch 12, Model Loss 5.304181363847521, View Loss 3.106856494168051
03-Aug-26 03:02:36 - Epoch 13, Model Loss 5.307364953109642, View Loss 3.136346662745756
03-Aug-26 03:04:21 - Epoch 14, Model Loss 5.287777216605891, View Loss 3.143526111942491
03-Aug-26 03:06:05 - Epoch 15, Model Loss 5.24523161906822, View Loss 3.1740528415231144
03-Aug-26 03:06:08 - Epoch 15: Train_acc 0.5408496732026143 Val_acc 0.5032679738562091 Test_acc 0.5130890052356021 Test_auc 0.5114285714285713
03-Aug-26 03:07:53 - Epoch 16, Model Loss 5.253002447240493, View Loss 3.167817982193691
03-Aug-26 03:09:37 - Epoch 17, Model Loss 5.241833982903973, View Loss 3.1452369545799455
03-Aug-26 03:11:22 - Epoch 18, Model Loss 5.355285825293048, View Loss 3.0411444731007995
03-Aug-26 03:13:06 - Epoch 19, Model Loss 5.279822659648322, View Loss 3.1741045284894556
03-Aug-26 03:14:50 - Epoch 20, Model Loss 5.238412713692858, View Loss 3.1858857305221306
03-Aug-26 03:14:53 - Epoch 20: Train_acc 0.5326797385620915 Val_acc 0.477124183006536 Test_acc 0.5235602094240838 Test_auc 0.517912087912088
03-Aug-26 03:16:38 - Epoch 21, Model Loss 5.260335147770402, View Loss 3.1530903897254294
03-Aug-26 03:18:22 - Epoch 22, Model Loss 5.20797198738148, View Loss 3.142879930197024
03-Aug-26 03:20:07 - Epoch 23, Model Loss 5.212394452562519, View Loss 3.1880133284462824
03-Aug-26 03:21:51 - Epoch 24, Model Loss 5.1844996128206935, View Loss 3.1415288117196827
03-Aug-26 03:23:36 - Epoch 25, Model Loss 5.0999792931126615, View Loss 3.153683531518076
03-Aug-26 03:23:39 - Epoch 25: Train_acc 0.5424836601307189 Val_acc 0.477124183006536 Test_acc 0.5392670157068062 Test_auc 0.5256043956043956
03-Aug-26 03:25:25 - Epoch 26, Model Loss 5.221719618716271, View Loss 3.192288351604362
03-Aug-26 03:27:10 - Epoch 27, Model Loss 5.150354912078458, View Loss 3.1637977622692883
03-Aug-26 03:28:54 - Epoch 28, Model Loss 5.310105189778446, View Loss 3.20420162934883
03-Aug-26 03:30:39 - Epoch 29, Model Loss 5.16717750574249, View Loss 3.1766621053608413
03-Aug-26 03:32:23 - Epoch 30, Model Loss 5.119259239022249, View Loss 3.1365290362071367
03-Aug-26 03:32:26 - Epoch 30: Train_acc 0.5424836601307189 Val_acc 0.49019607843137253 Test_acc 0.5130890052356021 Test_auc 0.513956043956044
03-Aug-26 03:34:12 - Epoch 31, Model Loss 5.0914757563397774, View Loss 3.1245547758987526
03-Aug-26 03:35:59 - Epoch 32, Model Loss 5.146015732896094, View Loss 3.1728736738753476
03-Aug-26 03:37:43 - Epoch 33, Model Loss 5.129088538924074, View Loss 3.218625420059254
03-Aug-26 03:39:27 - Epoch 34, Model Loss 5.145531520344853, View Loss 3.2267445797234577
03-Aug-26 03:41:10 - Epoch 35, Model Loss 5.10233672148262, View Loss 3.103917887008268
03-Aug-26 03:41:13 - Epoch 35: Train_acc 0.5392156862745098 Val_acc 0.47058823529411764 Test_acc 0.5392670157068062 Test_auc 0.526043956043956
03-Aug-26 03:42:57 - Epoch 36, Model Loss 5.235872929392297, View Loss 3.1804148745692635
03-Aug-26 03:44:40 - Epoch 37, Model Loss 5.096793473935595, View Loss 3.170322031367059
03-Aug-26 03:46:22 - Epoch 38, Model Loss 5.110235424602733, View Loss 3.169627933720358
03-Aug-26 03:48:03 - Epoch 39, Model Loss 5.1099537073397165, View Loss 3.1885300652653563
03-Aug-26 03:49:45 - Epoch 40, Model Loss 5.084630760492063, View Loss 3.1587291141740637
03-Aug-26 03:49:48 - Epoch 40: Train_acc 0.5392156862745098 Val_acc 0.5032679738562091 Test_acc 0.5130890052356021 Test_auc 0.5115384615384615
03-Aug-26 03:51:30 - Epoch 41, Model Loss 5.132990972668517, View Loss 3.1887891775642343
03-Aug-26 03:53:12 - Epoch 42, Model Loss 5.163913316976011, View Loss 3.182497688368255
03-Aug-26 03:54:53 - Epoch 43, Model Loss 5.0938483157189065, View Loss 3.2219834078371137
03-Aug-26 03:56:35 - Epoch 44, Model Loss 5.187954734353458, View Loss 3.176251428579193
03-Aug-26 03:58:17 - Epoch 45, Model Loss 5.086711690316792, View Loss 3.1697923899476046
03-Aug-26 03:58:20 - Epoch 45: Train_acc 0.5408496732026143 Val_acc 0.5032679738562091 Test_acc 0.5130890052356021 Test_auc 0.5121978021978022
03-Aug-26 04:00:02 - Epoch 46, Model Loss 5.054871841193804, View Loss 3.193284800239638
03-Aug-26 04:01:44 - Epoch 47, Model Loss 5.07400498514861, View Loss 3.195043516314887
03-Aug-26 04:03:26 - Epoch 48, Model Loss 5.081733024198245, View Loss 3.2227725028212553
03-Aug-26 04:05:08 - Epoch 49, Model Loss 5.0758325165393305, View Loss 3.2301624311146395
03-Aug-26 04:06:50 - Epoch 50, Model Loss 5.078414119147007, View Loss 3.2374421471084647
03-Aug-26 04:06:53 - Epoch 50: Train_acc 0.5310457516339869 Val_acc 0.5032679738562091 Test_acc 0.5287958115183246 Test_auc 0.5115384615384615
03-Aug-26 04:08:35 - Epoch 51, Model Loss 5.090600322274601, View Loss 3.1812582343232396
03-Aug-26 04:10:17 - Epoch 52, Model Loss 5.086006815916573, View Loss 3.2188075028992946
03-Aug-26 04:11:59 - Epoch 53, Model Loss 5.086685009252012, View Loss 3.2384359154825897
03-Aug-26 04:13:41 - Epoch 54, Model Loss 5.058518683988284, View Loss 3.2224850467607085
03-Aug-26 04:15:23 - Epoch 55, Model Loss 5.048587783489352, View Loss 3.2124026998195774
03-Aug-26 04:15:26 - Epoch 55: Train_acc 0.5310457516339869 Val_acc 0.5032679738562091 Test_acc 0.5340314136125655 Test_auc 0.5116483516483517
03-Aug-26 04:17:07 - Epoch 56, Model Loss 5.059848252464743, View Loss 3.2031273296455933
03-Aug-26 04:18:49 - Epoch 57, Model Loss 5.049082911871617, View Loss 3.2327268185958364
03-Aug-26 04:20:31 - Epoch 58, Model Loss 5.053651388953714, View Loss 3.2286347166385525
03-Aug-26 04:22:12 - Epoch 59, Model Loss 4.982958885579327, View Loss 3.126668979919035
03-Aug-26 04:23:54 - Epoch 60, Model Loss 5.061197418013429, View Loss 3.2875715612975602
03-Aug-26 04:23:57 - Epoch 60: Train_acc 0.5392156862745098 Val_acc 0.5032679738562091 Test_acc 0.5130890052356021 Test_auc 0.5117582417582418
03-Aug-26 04:25:39 - Epoch 61, Model Loss 5.042382445989871, View Loss 3.17269082786211
03-Aug-26 04:27:21 - Epoch 62, Model Loss 5.061041551477769, View Loss 3.1813538912075017
03-Aug-26 04:29:03 - Epoch 63, Model Loss 5.042188605451895, View Loss 3.2257787082709517
03-Aug-26 04:30:45 - Epoch 64, Model Loss 5.0313116865220415, View Loss 3.2389351012660006
03-Aug-26 04:32:26 - Epoch 65, Model Loss 5.004291186924854, View Loss 3.174774875827864
03-Aug-26 04:32:29 - Epoch 65: Train_acc 0.5441176470588235 Val_acc 0.5098039215686274 Test_acc 0.5130890052356021 Test_auc 0.5116483516483517
03-Aug-26 04:34:11 - Epoch 66, Model Loss 5.035434914570229, View Loss 3.2040735428629357
03-Aug-26 04:35:53 - Epoch 67, Model Loss 5.064318653804804, View Loss 3.2237130902171915
03-Aug-26 04:37:35 - Epoch 68, Model Loss 5.036337774563459, View Loss 3.209569595802843
03-Aug-26 04:39:17 - Epoch 69, Model Loss 5.036836848539465, View Loss 3.248393285508249
03-Aug-26 04:40:59 - Epoch 70, Model Loss 5.04996409914852, View Loss 3.2175798735587424
03-Aug-26 04:41:02 - Epoch 70: Train_acc 0.5441176470588235 Val_acc 0.49019607843137253 Test_acc 0.5130890052356021 Test_auc 0.5128571428571429
03-Aug-26 04:42:44 - Epoch 71, Model Loss 4.977240528156555, View Loss 3.1680929302390104
03-Aug-26 04:44:26 - Epoch 72, Model Loss 5.0107569289363285, View Loss 3.2095356295311372
03-Aug-26 04:46:08 - Epoch 73, Model Loss 5.008395472383188, View Loss 3.1911125658384334
03-Aug-26 04:47:49 - Epoch 74, Model Loss 4.99925305173288, View Loss 3.1610279281934104
03-Aug-26 04:49:31 - Epoch 75, Model Loss 4.957335277320513, View Loss 3.207548680648305
03-Aug-26 04:49:34 - Epoch 75: Train_acc 0.5294117647058824 Val_acc 0.49673202614379086 Test_acc 0.5287958115183246 Test_auc 0.5114285714285713
03-Aug-26 04:51:16 - Epoch 76, Model Loss 4.995089325250364, View Loss 3.2112895889219897
03-Aug-26 04:52:58 - Epoch 77, Model Loss 4.9806321259417565, View Loss 3.1762427311707166
03-Aug-26 04:54:40 - Epoch 78, Model Loss 4.970883249457366, View Loss 3.2772097127889497
03-Aug-26 04:56:21 - Epoch 79, Model Loss 4.980437013838026, View Loss 3.200602554417903
03-Aug-26 04:58:03 - Epoch 80, Model Loss 5.051850399939842, View Loss 3.199580600838256
03-Aug-26 04:58:06 - Epoch 80: Train_acc 0.5441176470588235 Val_acc 0.5098039215686274 Test_acc 0.5130890052356021 Test_auc 0.5117582417582418
03-Aug-26 04:59:47 - Epoch 81, Model Loss 5.063213610181622, View Loss 3.221277483927658
03-Aug-26 05:01:29 - Epoch 82, Model Loss 4.95041919222065, View Loss 3.1359707381990223
03-Aug-26 05:03:10 - Epoch 83, Model Loss 5.002842463699042, View Loss 3.2180204609640284
03-Aug-26 05:04:51 - Epoch 84, Model Loss 5.052020247465645, View Loss 3.187900414653853
03-Aug-26 05:06:33 - Epoch 85, Model Loss 4.991343775605844, View Loss 3.2377227840859906
03-Aug-26 05:06:36 - Epoch 85: Train_acc 0.5375816993464052 Val_acc 0.5032679738562091 Test_acc 0.5130890052356021 Test_auc 0.5120879120879122
03-Aug-26 05:08:18 - Epoch 86, Model Loss 5.068696508220598, View Loss 3.227978155503865
03-Aug-26 05:09:59 - Epoch 87, Model Loss 4.989194231095657, View Loss 3.2343779856862587
03-Aug-26 05:11:41 - Epoch 88, Model Loss 4.946624509649339, View Loss 3.2611482618680965
03-Aug-26 05:13:23 - Epoch 89, Model Loss 4.986286842745114, View Loss 3.133346812397826
03-Aug-26 05:15:04 - Epoch 90, Model Loss 4.996479558009727, View Loss 3.2392968796437085
03-Aug-26 05:15:07 - Epoch 90: Train_acc 0.5424836601307189 Val_acc 0.49019607843137253 Test_acc 0.5130890052356021 Test_auc 0.5132967032967033
03-Aug-26 05:16:49 - Epoch 91, Model Loss 4.939113221137352, View Loss 3.160173722341949
03-Aug-26 05:18:30 - Epoch 92, Model Loss 4.933770616070118, View Loss 3.171092650567005
03-Aug-26 05:20:11 - Epoch 93, Model Loss 4.969404482374005, View Loss 3.1483627738905886
03-Aug-26 05:21:52 - Epoch 94, Model Loss 4.908606465345894, View Loss 3.133594001040739
03-Aug-26 05:23:34 - Epoch 95, Model Loss 5.04108140359517, View Loss 3.2610960696257796
03-Aug-26 05:23:37 - Epoch 95: Train_acc 0.5310457516339869 Val_acc 0.5032679738562091 Test_acc 0.5340314136125655 Test_auc 0.5114285714285713
03-Aug-26 05:25:19 - Epoch 96, Model Loss 4.954715850306492, View Loss 3.194060659096911
03-Aug-26 05:27:01 - Epoch 97, Model Loss 4.940769158157647, View Loss 3.1706265709758585
03-Aug-26 05:28:43 - Epoch 98, Model Loss 4.993044384164748, View Loss 3.1876179653834673
03-Aug-26 05:30:25 - Epoch 99, Model Loss 4.973013862285739, View Loss 3.204114733957777
03-Aug-26 05:32:07 - Epoch 100, Model Loss 4.998865747763441, View Loss 3.143132613375296
03-Aug-26 05:32:10 - Epoch 100: Train_acc 0.5326797385620915 Val_acc 0.477124183006536 Test_acc 0.5235602094240838 Test_auc 0.5253846153846153
03-Aug-26 05:32:10 - FinishedTraining! BestEpoch (eval-interval index): 1
03-Aug-26 05:32:10 - Wrote /users/3171356m/muhammad/GraSTIACL/nested_cv/results/nocombat__emb128_bs32__fold4.json
03-Aug-26 05:32:10 - {
  "emb_dim": 128,
  "batch_size": 32,
  "fold": 4,
  "combat": false,
  "n_train": 612,
  "n_val": 153,
  "n_test": 191,
  "best_val_epoch_idx": 1,
  "train_accuracy": 0.5441176470588235,
  "val_accuracy": 0.5098039215686274,
  "test_accuracy": 0.5130890052356021,
  "train_f1": 0.41995841995842,
  "val_f1": 0.4094488188976378,
  "test_f1": 0.39215686274509803,
  "train_sensitivity": 0.34707903660797584,
  "val_sensitivity": 0.35616437868267975,
  "test_sensitivity": 0.32967032604757884,
  "train_specificity": 0.722741430770276,
  "val_specificity": 0.6499999918750001,
  "test_specificity": 0.6799999932,
  "train_precision": 0.531578947368421,
  "val_precision": 0.48148148148148145,
  "test_precision": 0.4838709677419355,
  "test_auc": 0.5117582417582418
}
