03-Aug-26 19:34:06 - Using Device: cuda
03-Aug-26 19:34:06 - Seed: 123, Fold: 1, ComBat: True
03-Aug-26 19:34:06 - Namespace(fold=1, combat=True, num_dyn_windows=3, model_lr=0.0005, view_lr=0.0005, num_gc_layers=1, pooling_type='standard', emb_dim=128, vib_hidden_dim=400, batch_size=128, drop_ratio=0.3, epochs=100, kld_lambda=0.003, eval_interval=5, downstream_classifier='linear', ce_lambda=2.0, seed=123)
03-Aug-26 19:34:06 - Loading raw subject data...
03-Aug-26 19:34:23 - Loaded 956 subjects (455 ASD, 501 NC)
03-Aug-26 19:34:24 - Train/Val/Test sizes: 612/153/191
03-Aug-26 19:36:12 - Epoch 1, Model Loss 6.749734563765183, View Loss -5.7659595963222525
03-Aug-26 19:37:58 - Epoch 2, Model Loss 6.499961488387164, View Loss -3.158001659742368
03-Aug-26 19:39:44 - Epoch 3, Model Loss 6.773038540011138, View Loss 1.77115031784656
03-Aug-26 19:41:30 - Epoch 4, Model Loss 6.53421921823539, View Loss 2.331637151880202
03-Aug-26 19:43:16 - Epoch 5, Model Loss 6.737726816164902, View Loss 2.8251865860683467
03-Aug-26 19:43:19 - Epoch 5: Train_acc 0.5343137254901961 Val_acc 0.5294117647058824 Test_acc 0.5497382198952879 Test_auc 0.5623076923076923
03-Aug-26 19:45:05 - Epoch 6, Model Loss 6.668135100719976, View Loss 2.999633351182626
03-Aug-26 19:46:52 - Epoch 7, Model Loss 6.404248430837993, View Loss 2.925570436552459
03-Aug-26 19:48:38 - Epoch 8, Model Loss 6.494258877498652, View Loss 3.0798341994192087
03-Aug-26 19:50:24 - Epoch 9, Model Loss 6.513719985687655, View Loss 3.2137195690005433
03-Aug-26 19:52:11 - Epoch 10, Model Loss 6.555823070551056, View Loss 3.4106171645370185
03-Aug-26 19:52:14 - Epoch 10: Train_acc 0.5359477124183006 Val_acc 0.5163398692810458 Test_acc 0.5287958115183246 Test_auc 0.5565934065934065
03-Aug-26 19:54:00 - Epoch 11, Model Loss 6.59516643075382, View Loss 3.570773528292288
03-Aug-26 19:55:46 - Epoch 12, Model Loss 6.520991481207554, View Loss 3.714780096914254
03-Aug-26 19:57:32 - Epoch 13, Model Loss 6.545723441379522, View Loss 3.846292908674751
03-Aug-26 19:59:19 - Epoch 14, Model Loss 6.496870321386001, View Loss 4.015457676906212
03-Aug-26 20:01:06 - Epoch 15, Model Loss 6.5625686240352055, View Loss 4.08305733188305
03-Aug-26 20:01:09 - Epoch 15: Train_acc 0.5359477124183006 Val_acc 0.5163398692810458 Test_acc 0.5287958115183246 Test_auc 0.557032967032967
03-Aug-26 20:03:02 - Epoch 16, Model Loss 6.572112189398871, View Loss 4.14024882378921
03-Aug-26 20:04:51 - Epoch 17, Model Loss 6.57182468464172, View Loss 4.169262052361482
03-Aug-26 20:06:38 - Epoch 18, Model Loss 6.594034830729167, View Loss 4.248550492953631
03-Aug-26 20:08:24 - Epoch 19, Model Loss 6.528654640796137, View Loss 4.2371959436952675
03-Aug-26 20:10:12 - Epoch 20, Model Loss 6.622131394404991, View Loss 4.287236297831816
03-Aug-26 20:10:15 - Epoch 20: Train_acc 0.5343137254901961 Val_acc 0.5359477124183006 Test_acc 0.5549738219895288 Test_auc 0.5621978021978022
03-Aug-26 20:12:08 - Epoch 21, Model Loss 6.622859518512402, View Loss 4.2896246317944495
03-Aug-26 20:13:55 - Epoch 22, Model Loss 6.6283533869225995, View Loss 4.323384066812353
03-Aug-26 20:15:43 - Epoch 23, Model Loss 6.645495174757016, View Loss 4.287828037162233
03-Aug-26 20:17:29 - Epoch 24, Model Loss 6.556734889161353, View Loss 4.294040826411029
03-Aug-26 20:19:15 - Epoch 25, Model Loss 6.590071553498312, View Loss 4.302705029256983
03-Aug-26 20:19:17 - Epoch 25: Train_acc 0.5294117647058824 Val_acc 0.5490196078431373 Test_acc 0.581151832460733 Test_auc 0.5617582417582417
03-Aug-26 20:21:04 - Epoch 26, Model Loss 6.595736531650319, View Loss 4.358882255803525
03-Aug-26 20:22:51 - Epoch 27, Model Loss 6.566845360924216, View Loss 4.290556022544313
03-Aug-26 20:24:37 - Epoch 28, Model Loss 6.57386074814142, View Loss 4.355420034695295
03-Aug-26 20:26:24 - Epoch 29, Model Loss 6.533662194520041, View Loss 4.322952273624395
03-Aug-26 20:28:10 - Epoch 30, Model Loss 6.508395597046497, View Loss 4.305418369816799
03-Aug-26 20:28:13 - Epoch 30: Train_acc 0.5392156862745098 Val_acc 0.5228758169934641 Test_acc 0.5340314136125655 Test_auc 0.5568131868131868
03-Aug-26 20:30:06 - Epoch 31, Model Loss 6.527229891883002, View Loss 4.315068678139082
03-Aug-26 20:31:55 - Epoch 32, Model Loss 6.510953339096767, View Loss 4.326269028233547
03-Aug-26 20:33:42 - Epoch 33, Model Loss 6.5025350252787275, View Loss 4.300935274635265
03-Aug-26 20:35:28 - Epoch 34, Model Loss 6.507076758964389, View Loss 4.3176227052227345
03-Aug-26 20:37:14 - Epoch 35, Model Loss 6.468318839478337, View Loss 4.340459577398362
03-Aug-26 20:37:17 - Epoch 35: Train_acc 0.5310457516339869 Val_acc 0.5294117647058824 Test_acc 0.5445026178010471 Test_auc 0.5618681318681319
03-Aug-26 20:39:10 - Epoch 36, Model Loss 6.494712206273297, View Loss 4.320426030875811
03-Aug-26 20:40:58 - Epoch 37, Model Loss 6.506154805227043, View Loss 4.3473922847922335
03-Aug-26 20:42:46 - Epoch 38, Model Loss 6.514247071509268, View Loss 4.363555820938808
03-Aug-26 20:44:32 - Epoch 39, Model Loss 6.531058236664417, View Loss 4.36837267408184
03-Aug-26 20:46:18 - Epoch 40, Model Loss 6.503958907781863, View Loss 4.336020793790132
03-Aug-26 20:46:21 - Epoch 40: Train_acc 0.5294117647058824 Val_acc 0.5424836601307189 Test_acc 0.5759162303664922 Test_auc 0.560989010989011
03-Aug-26 20:48:15 - Epoch 41, Model Loss 6.48787176842783, View Loss 4.3457383423848865
03-Aug-26 20:50:02 - Epoch 42, Model Loss 6.437907112969293, View Loss 4.365065272337471
03-Aug-26 20:51:50 - Epoch 43, Model Loss 6.49143426870209, View Loss 4.3307083073784325
03-Aug-26 20:53:37 - Epoch 44, Model Loss 6.488701321720298, View Loss 4.363937265732709
03-Aug-26 20:55:24 - Epoch 45, Model Loss 6.490100259095236, View Loss 4.380453680075851
03-Aug-26 20:55:27 - Epoch 45: Train_acc 0.5294117647058824 Val_acc 0.5228758169934641 Test_acc 0.5392670157068062 Test_auc 0.561978021978022
03-Aug-26 20:57:14 - Epoch 46, Model Loss 6.482068716310987, View Loss 4.392252454570696
03-Aug-26 20:59:01 - Epoch 47, Model Loss 6.495546344058965, View Loss 4.387697958478741
03-Aug-26 21:00:48 - Epoch 48, Model Loss 6.505247935750126, View Loss 4.354650282392315
03-Aug-26 21:02:34 - Epoch 49, Model Loss 6.526413412655101, View Loss 4.3497165542802
03-Aug-26 21:04:20 - Epoch 50, Model Loss 6.470401851180332, View Loss 4.360979429257461
03-Aug-26 21:04:23 - Epoch 50: Train_acc 0.5343137254901961 Val_acc 0.5294117647058824 Test_acc 0.5497382198952879 Test_auc 0.5624175824175824
03-Aug-26 21:06:10 - Epoch 51, Model Loss 6.438392639160156, View Loss 4.354959444282881
03-Aug-26 21:07:56 - Epoch 52, Model Loss 6.4488905146231055, View Loss 4.412828221040614
03-Aug-26 21:09:41 - Epoch 53, Model Loss 6.434947948829801, View Loss 4.410607581045113
03-Aug-26 21:11:26 - Epoch 54, Model Loss 6.454869993371902, View Loss 4.359190735162473
03-Aug-26 21:13:11 - Epoch 55, Model Loss 6.4457848804448945, View Loss 4.369064670762206
03-Aug-26 21:13:14 - Epoch 55: Train_acc 0.5277777777777778 Val_acc 0.5490196078431373 Test_acc 0.5759162303664922 Test_auc 0.5609890109890111
03-Aug-26 21:15:01 - Epoch 56, Model Loss 6.447027773638956, View Loss 4.363531792085935
03-Aug-26 21:16:45 - Epoch 57, Model Loss 6.454688739153295, View Loss 4.411716218088188
03-Aug-26 21:18:30 - Epoch 58, Model Loss 6.47917035358404, View Loss 4.415727927014719
03-Aug-26 21:20:13 - Epoch 59, Model Loss 6.464746406654906, View Loss 4.394986386392631
03-Aug-26 21:21:57 - Epoch 60, Model Loss 6.466471341700336, View Loss 4.436826176113552
03-Aug-26 21:22:00 - Epoch 60: Train_acc 0.5408496732026143 Val_acc 0.5359477124183006 Test_acc 0.5235602094240838 Test_auc 0.5559340659340659
03-Aug-26 21:23:43 - Epoch 61, Model Loss 6.465035915374756, View Loss 4.438648731879939
03-Aug-26 21:25:26 - Epoch 62, Model Loss 6.437508062599531, View Loss 4.415901461457895
03-Aug-26 21:27:10 - Epoch 63, Model Loss 6.402553355771731, View Loss 4.415611475900887
03-Aug-26 21:28:53 - Epoch 64, Model Loss 6.410432382346758, View Loss 4.408372882144903
03-Aug-26 21:30:36 - Epoch 65, Model Loss 6.40471206926832, View Loss 4.385158775678647
03-Aug-26 21:30:39 - Epoch 65: Train_acc 0.5277777777777778 Val_acc 0.5228758169934641 Test_acc 0.5340314136125655 Test_auc 0.5623076923076923
03-Aug-26 21:32:22 - Epoch 66, Model Loss 6.3982899859060645, View Loss 4.36617722230799
03-Aug-26 21:34:06 - Epoch 67, Model Loss 6.406821191700455, View Loss 4.41727422888762
03-Aug-26 21:35:49 - Epoch 68, Model Loss 6.392147871403912, View Loss 4.369955022350635
03-Aug-26 21:37:33 - Epoch 69, Model Loss 6.362579205456902, View Loss 4.342220630521089
03-Aug-26 21:39:17 - Epoch 70, Model Loss 6.423396291296466, View Loss 4.405675152547999
03-Aug-26 21:39:20 - Epoch 70: Train_acc 0.5245098039215687 Val_acc 0.5228758169934641 Test_acc 0.5235602094240838 Test_auc 0.5602197802197803
03-Aug-26 21:41:03 - Epoch 71, Model Loss 6.4296734660279515, View Loss 4.41668521033393
03-Aug-26 21:42:46 - Epoch 72, Model Loss 6.386292884552401, View Loss 4.417370179120232
03-Aug-26 21:44:29 - Epoch 73, Model Loss 6.390373295428706, View Loss 4.416425499261594
03-Aug-26 21:46:13 - Epoch 74, Model Loss 6.3570190410988, View Loss 4.417486798529532
03-Aug-26 21:47:56 - Epoch 75, Model Loss 6.322553351034526, View Loss 4.37622707653669
03-Aug-26 21:47:59 - Epoch 75: Train_acc 0.5408496732026143 Val_acc 0.5163398692810458 Test_acc 0.5287958115183246 Test_auc 0.5603296703296703
03-Aug-26 21:49:43 - Epoch 76, Model Loss 6.343183676401774, View Loss 4.398664767446082
03-Aug-26 21:51:26 - Epoch 77, Model Loss 6.357663251216115, View Loss 4.398604090696846
03-Aug-26 21:53:10 - Epoch 78, Model Loss 6.347851821799684, View Loss 4.430221903557871
03-Aug-26 21:54:54 - Epoch 79, Model Loss 6.352787734636294, View Loss 4.432960569468978
03-Aug-26 21:56:37 - Epoch 80, Model Loss 6.353345387901356, View Loss 4.369221007901858
03-Aug-26 21:56:40 - Epoch 80: Train_acc 0.5343137254901961 Val_acc 0.5294117647058824 Test_acc 0.5549738219895288 Test_auc 0.5613186813186812
03-Aug-26 21:58:23 - Epoch 81, Model Loss 6.402944502487681, View Loss 4.401648138083663
03-Aug-26 22:00:07 - Epoch 82, Model Loss 6.357429965648776, View Loss 4.384535724041509
03-Aug-26 22:01:50 - Epoch 83, Model Loss 6.343243287279715, View Loss 4.376272070641611
03-Aug-26 22:03:33 - Epoch 84, Model Loss 6.348930630029416, View Loss 4.411187203101862
03-Aug-26 22:05:16 - Epoch 85, Model Loss 6.342988475475436, View Loss 4.434259720097959
03-Aug-26 22:05:19 - Epoch 85: Train_acc 0.5310457516339869 Val_acc 0.5294117647058824 Test_acc 0.5497382198952879 Test_auc 0.5624175824175824
03-Aug-26 22:07:03 - Epoch 86, Model Loss 6.335279633017147, View Loss 4.399043295118544
03-Aug-26 22:08:46 - Epoch 87, Model Loss 6.344050223531287, View Loss 4.434979575911378
03-Aug-26 22:10:29 - Epoch 88, Model Loss 6.334068952822218, View Loss 4.422671221440135
03-Aug-26 22:12:13 - Epoch 89, Model Loss 6.328716574151532, View Loss 4.432403548870211
03-Aug-26 22:13:56 - Epoch 90, Model Loss 6.309376710380604, View Loss 4.450063004213221
03-Aug-26 22:13:59 - Epoch 90: Train_acc 0.5245098039215687 Val_acc 0.5228758169934641 Test_acc 0.5235602094240838 Test_auc 0.5607692307692308
03-Aug-26 22:15:42 - Epoch 91, Model Loss 6.317793977026846, View Loss 4.411335686453028
03-Aug-26 22:17:25 - Epoch 92, Model Loss 6.423878435995064, View Loss 4.415794173097299
03-Aug-26 22:19:08 - Epoch 93, Model Loss 6.391590155807196, View Loss 4.465673926609014
03-Aug-26 22:20:51 - Epoch 94, Model Loss 6.365992115993126, View Loss 4.47617408964369
03-Aug-26 22:22:34 - Epoch 95, Model Loss 6.406184043759614, View Loss 4.490833865271674
03-Aug-26 22:22:37 - Epoch 95: Train_acc 0.5245098039215687 Val_acc 0.5228758169934641 Test_acc 0.5235602094240838 Test_auc 0.5602197802197803
03-Aug-26 22:24:20 - Epoch 96, Model Loss 6.365323964287253, View Loss 4.482169946034749
03-Aug-26 22:26:04 - Epoch 97, Model Loss 6.336113340714398, View Loss 4.491111216202281
03-Aug-26 22:27:47 - Epoch 98, Model Loss 6.316336996415082, View Loss 4.492507460849737
03-Aug-26 22:29:30 - Epoch 99, Model Loss 6.269420611312966, View Loss 4.470420195386301
03-Aug-26 22:31:13 - Epoch 100, Model Loss 6.327369315951478, View Loss 4.376359141730015
03-Aug-26 22:31:16 - Epoch 100: Train_acc 0.5326797385620915 Val_acc 0.5163398692810458 Test_acc 0.518324607329843 Test_auc 0.557142857142857
03-Aug-26 22:31:16 - FinishedTraining! BestEpoch (eval-interval index): 4
03-Aug-26 22:31:16 - Wrote /users/3171356m/muhammad/GraSTIACL/nested_cv/results/combat__emb128_bs128__fold1.json
03-Aug-26 22:31:16 - {
  "emb_dim": 128,
  "batch_size": 128,
  "fold": 1,
  "combat": true,
  "n_train": 612,
  "n_val": 153,
  "n_test": 191,
  "best_val_epoch_idx": 4,
  "train_accuracy": 0.5294117647058824,
  "val_accuracy": 0.5490196078431373,
  "test_accuracy": 0.581151832460733,
  "train_f1": 0.07692307692307693,
  "val_f1": 0.1686746987951807,
  "test_f1": 0.21568627450980393,
  "train_sensitivity": 0.041237113260353564,
  "val_sensitivity": 0.09589040964533686,
  "test_sensitivity": 0.12087911955077892,
  "train_specificity": 0.971962613794509,
  "val_specificity": 0.9624999879687501,
  "test_specificity": 0.9999999900000002,
  "train_precision": 0.5714285714285714,
  "val_precision": 0.7,
  "test_precision": 1.0,
  "test_auc": 0.5617582417582417
}
