03-Aug-26 23:47:09 - Using Device: cuda
03-Aug-26 23:47:09 - Seed: 123, Fold: 2, ComBat: True
03-Aug-26 23:47:09 - Namespace(fold=2, combat=True, num_dyn_windows=3, model_lr=0.0005, view_lr=0.0005, num_gc_layers=1, pooling_type='standard', emb_dim=256, vib_hidden_dim=400, batch_size=128, drop_ratio=0.3, epochs=100, kld_lambda=0.003, eval_interval=5, downstream_classifier='linear', ce_lambda=2.0, seed=123)
03-Aug-26 23:47:09 - Loading raw subject data...
03-Aug-26 23:47:12 - Loaded 956 subjects (455 ASD, 501 NC)
03-Aug-26 23:47:13 - Train/Val/Test sizes: 612/153/191
03-Aug-26 23:49:00 - Epoch 1, Model Loss 6.877011554693085, View Loss -5.753452070398269
03-Aug-26 23:50:45 - Epoch 2, Model Loss 6.815886304269429, View Loss -3.2100469364839443
03-Aug-26 23:52:31 - Epoch 3, Model Loss 6.908382359672995, View Loss 1.6806978696312
03-Aug-26 23:54:16 - Epoch 4, Model Loss 6.667557301864125, View Loss 2.474435525781968
03-Aug-26 23:56:01 - Epoch 5, Model Loss 6.797402388130138, View Loss 2.8436772838916653
03-Aug-26 23:56:04 - Epoch 5: Train_acc 0.5522875816993464 Val_acc 0.5098039215686274 Test_acc 0.5078534031413613 Test_auc 0.5159340659340659
03-Aug-26 23:57:54 - Epoch 6, Model Loss 6.593609544965956, View Loss 2.8875006117851907
03-Aug-26 23:59:41 - Epoch 7, Model Loss 6.548010184094797, View Loss 3.010097260568656
04-Aug-26 00:01:27 - Epoch 8, Model Loss 6.4869426527833625, View Loss 3.0757329012054244
04-Aug-26 00:03:12 - Epoch 9, Model Loss 6.581850457035638, View Loss 3.2982766067280487
04-Aug-26 00:04:57 - Epoch 10, Model Loss 6.557131948034748, View Loss 3.421063895319022
04-Aug-26 00:05:00 - Epoch 10: Train_acc 0.5555555555555556 Val_acc 0.5098039215686274 Test_acc 0.5026178010471204 Test_auc 0.5147252747252747
04-Aug-26 00:06:50 - Epoch 11, Model Loss 6.374014960394965, View Loss 3.4912865083981184
04-Aug-26 00:08:36 - Epoch 12, Model Loss 6.512376124562781, View Loss 3.8139910838183235
04-Aug-26 00:10:20 - Epoch 13, Model Loss 6.565115377014759, View Loss 4.02728293144625
04-Aug-26 00:12:04 - Epoch 14, Model Loss 6.724623511819279, View Loss 4.272840163286994
04-Aug-26 00:13:47 - Epoch 15, Model Loss 6.570022885316337, View Loss 4.216058196585163
04-Aug-26 00:13:50 - Epoch 15: Train_acc 0.553921568627451 Val_acc 0.5098039215686274 Test_acc 0.5026178010471204 Test_auc 0.5154945054945055
04-Aug-26 00:15:34 - Epoch 16, Model Loss 6.551236464307199, View Loss 4.260956022474501
04-Aug-26 00:17:16 - Epoch 17, Model Loss 6.649868893467523, View Loss 4.223690646925783
04-Aug-26 00:18:59 - Epoch 18, Model Loss 6.626104591718686, View Loss 4.322018829046511
04-Aug-26 00:20:41 - Epoch 19, Model Loss 6.57151153975842, View Loss 4.271364748088363
04-Aug-26 00:22:23 - Epoch 20, Model Loss 6.542298500833947, View Loss 4.226864303638733
04-Aug-26 00:22:26 - Epoch 20: Train_acc 0.5506535947712419 Val_acc 0.5098039215686274 Test_acc 0.5026178010471204 Test_auc 0.5151648351648351
04-Aug-26 00:24:08 - Epoch 21, Model Loss 6.520303585950066, View Loss 4.225972946952371
04-Aug-26 00:25:50 - Epoch 22, Model Loss 6.578373469558417, View Loss 4.2799672955781025
04-Aug-26 00:27:32 - Epoch 23, Model Loss 6.572279126036401, View Loss 4.3003597384184795
04-Aug-26 00:29:13 - Epoch 24, Model Loss 6.538683916229049, View Loss 4.273776356690849
04-Aug-26 00:30:55 - Epoch 25, Model Loss 6.548406476288839, View Loss 4.244465453951967
04-Aug-26 00:30:58 - Epoch 25: Train_acc 0.545751633986928 Val_acc 0.49019607843137253 Test_acc 0.5130890052356021 Test_auc 0.5004395604395605
04-Aug-26 00:32:40 - Epoch 26, Model Loss 6.554047942940706, View Loss 4.309187181634841
04-Aug-26 00:34:22 - Epoch 27, Model Loss 6.546860461141549, View Loss 4.335707181419423
04-Aug-26 00:36:04 - Epoch 28, Model Loss 6.554704737819098, View Loss 4.242443976059459
04-Aug-26 00:37:45 - Epoch 29, Model Loss 6.524735936931536, View Loss 4.261536618463354
04-Aug-26 00:39:27 - Epoch 30, Model Loss 6.500163015976451, View Loss 4.309766635396122
04-Aug-26 00:39:30 - Epoch 30: Train_acc 0.5408496732026143 Val_acc 0.5424836601307189 Test_acc 0.5287958115183246 Test_auc 0.5175824175824176
04-Aug-26 00:41:12 - Epoch 31, Model Loss 6.516182843376608, View Loss 4.315126054427203
04-Aug-26 00:42:53 - Epoch 32, Model Loss 6.477289181129605, View Loss 4.272118858262604
04-Aug-26 00:44:35 - Epoch 33, Model Loss 6.527974113140231, View Loss 4.324616679958269
04-Aug-26 00:46:17 - Epoch 34, Model Loss 6.5397804640477, View Loss 4.265131277196548
04-Aug-26 00:47:59 - Epoch 35, Model Loss 6.477798399582408, View Loss 4.296460737589917
04-Aug-26 00:48:02 - Epoch 35: Train_acc 0.5424836601307189 Val_acc 0.49019607843137253 Test_acc 0.5078534031413613 Test_auc 0.49813186813186816
04-Aug-26 00:49:44 - Epoch 36, Model Loss 6.478918306188645, View Loss 4.253547132404801
04-Aug-26 00:51:25 - Epoch 37, Model Loss 6.436100168165818, View Loss 4.272485119065428
04-Aug-26 00:53:07 - Epoch 38, Model Loss 6.400150913039064, View Loss 4.220297715243171
04-Aug-26 00:54:49 - Epoch 39, Model Loss 6.443144455454708, View Loss 4.2748309366064134
04-Aug-26 00:56:31 - Epoch 40, Model Loss 6.400005097482719, View Loss 4.242254375632292
04-Aug-26 00:56:34 - Epoch 40: Train_acc 0.545751633986928 Val_acc 0.49019607843137253 Test_acc 0.5130890052356021 Test_auc 0.49912087912087916
04-Aug-26 00:58:16 - Epoch 41, Model Loss 6.427226290983312, View Loss 4.216448721542857
04-Aug-26 00:59:57 - Epoch 42, Model Loss 6.541101362190995, View Loss 4.385365417580199
04-Aug-26 01:01:38 - Epoch 43, Model Loss 6.377376662360297, View Loss 4.320425906212502
04-Aug-26 01:03:20 - Epoch 44, Model Loss 6.339015661501417, View Loss 4.227413529664084
04-Aug-26 01:05:01 - Epoch 45, Model Loss 6.397630548165514, View Loss 4.2431564549215475
04-Aug-26 01:05:04 - Epoch 45: Train_acc 0.5555555555555556 Val_acc 0.5098039215686274 Test_acc 0.5078534031413613 Test_auc 0.5150549450549451
04-Aug-26 01:06:46 - Epoch 46, Model Loss 6.426763444164999, View Loss 4.326701510186289
04-Aug-26 01:08:27 - Epoch 47, Model Loss 6.52700668222764, View Loss 4.334811297896641
04-Aug-26 01:10:08 - Epoch 48, Model Loss 6.502613002178716, View Loss 4.381633883208231
04-Aug-26 01:11:50 - Epoch 49, Model Loss 6.409845688763787, View Loss 4.339806491253423
04-Aug-26 01:13:31 - Epoch 50, Model Loss 6.415658339955448, View Loss 4.271776648128734
04-Aug-26 01:13:34 - Epoch 50: Train_acc 0.5506535947712419 Val_acc 0.5163398692810458 Test_acc 0.5078534031413613 Test_auc 0.5151648351648351
04-Aug-26 01:15:16 - Epoch 51, Model Loss 6.385515867495069, View Loss 4.324052245009179
04-Aug-26 01:16:57 - Epoch 52, Model Loss 6.399080052095301, View Loss 4.279296887466331
04-Aug-26 01:18:39 - Epoch 53, Model Loss 6.337666533351723, View Loss 4.28029797435586
04-Aug-26 01:20:21 - Epoch 54, Model Loss 6.366131651635263, View Loss 4.276678887847202
04-Aug-26 01:22:03 - Epoch 55, Model Loss 6.292708992178923, View Loss 4.267951218910467
04-Aug-26 01:22:06 - Epoch 55: Train_acc 0.5506535947712419 Val_acc 0.5098039215686274 Test_acc 0.5026178010471204 Test_auc 0.5151648351648351
04-Aug-26 01:23:47 - Epoch 56, Model Loss 6.322692029616412, View Loss 4.207160212635215
04-Aug-26 01:25:29 - Epoch 57, Model Loss 6.446677360659331, View Loss 4.309753037745656
04-Aug-26 01:27:10 - Epoch 58, Model Loss 6.351108822168088, View Loss 4.295943603016972
04-Aug-26 01:28:52 - Epoch 59, Model Loss 6.336676943535898, View Loss 4.258723149891773
04-Aug-26 01:30:33 - Epoch 60, Model Loss 6.32163326724682, View Loss 4.283553252812305
04-Aug-26 01:30:36 - Epoch 60: Train_acc 0.5473856209150327 Val_acc 0.49019607843137253 Test_acc 0.518324607329843 Test_auc 0.4995604395604396
04-Aug-26 01:32:18 - Epoch 61, Model Loss 6.365157866010479, View Loss 4.293140105951846
04-Aug-26 01:33:59 - Epoch 62, Model Loss 6.266595871619929, View Loss 4.300405521018832
04-Aug-26 01:35:40 - Epoch 63, Model Loss 6.500445618348963, View Loss 4.651240772671169
04-Aug-26 01:37:22 - Epoch 64, Model Loss 6.604010457306906, View Loss 4.782196337880652
04-Aug-26 01:39:03 - Epoch 65, Model Loss 6.566415646496941, View Loss 4.524448812397477
04-Aug-26 01:39:06 - Epoch 65: Train_acc 0.553921568627451 Val_acc 0.5163398692810458 Test_acc 0.5078534031413613 Test_auc 0.5165934065934066
04-Aug-26 01:40:48 - Epoch 66, Model Loss 6.424057592753491, View Loss 4.4431656357509635
04-Aug-26 01:42:29 - Epoch 67, Model Loss 6.352160883884804, View Loss 4.323599887050055
04-Aug-26 01:44:11 - Epoch 68, Model Loss 6.370313899968964, View Loss 4.377018582587149
04-Aug-26 01:45:52 - Epoch 69, Model Loss 6.370535925322888, View Loss 4.390951084934808
04-Aug-26 01:47:33 - Epoch 70, Model Loss 6.399483325434666, View Loss 4.353674664216883
04-Aug-26 01:47:36 - Epoch 70: Train_acc 0.5522875816993464 Val_acc 0.5163398692810458 Test_acc 0.5078534031413613 Test_auc 0.516043956043956
04-Aug-26 01:49:18 - Epoch 71, Model Loss 6.391231203390882, View Loss 4.3211261088552035
04-Aug-26 01:51:00 - Epoch 72, Model Loss 6.412546675189648, View Loss 4.343157325694763
04-Aug-26 01:52:42 - Epoch 73, Model Loss 6.283077028062609, View Loss 4.33542866177029
04-Aug-26 01:54:23 - Epoch 74, Model Loss 6.383690117231382, View Loss 4.3330380714017585
04-Aug-26 01:56:05 - Epoch 75, Model Loss 6.353856326707827, View Loss 4.3781649552139585
04-Aug-26 01:56:08 - Epoch 75: Train_acc 0.5441176470588235 Val_acc 0.48366013071895425 Test_acc 0.5026178010471204 Test_auc 0.4997802197802198
04-Aug-26 01:57:50 - Epoch 76, Model Loss 6.313443127800436, View Loss 4.349178762996898
04-Aug-26 01:59:32 - Epoch 77, Model Loss 6.277562957963133, View Loss 4.366468479430753
04-Aug-26 02:01:14 - Epoch 78, Model Loss 6.276200687184053, View Loss 4.399772173438976
04-Aug-26 02:02:56 - Epoch 79, Model Loss 6.278459299623576, View Loss 4.3281996951383706
04-Aug-26 02:04:38 - Epoch 80, Model Loss 6.2413737820644, View Loss 4.2968840162738475
04-Aug-26 02:04:41 - Epoch 80: Train_acc 0.5424836601307189 Val_acc 0.48366013071895425 Test_acc 0.5026178010471204 Test_auc 0.5
04-Aug-26 02:06:22 - Epoch 81, Model Loss 6.23018467971702, View Loss 4.2839663293626575
04-Aug-26 02:08:04 - Epoch 82, Model Loss 6.247455534592174, View Loss 4.220804298625273
04-Aug-26 02:09:45 - Epoch 83, Model Loss 6.264411729924819, View Loss 4.290497571035148
04-Aug-26 02:11:27 - Epoch 84, Model Loss 6.355313547296462, View Loss 4.372285883411084
04-Aug-26 02:13:08 - Epoch 85, Model Loss 6.287835358015073, View Loss 4.377963059867909
04-Aug-26 02:13:11 - Epoch 85: Train_acc 0.545751633986928 Val_acc 0.477124183006536 Test_acc 0.5130890052356021 Test_auc 0.5001098901098902
04-Aug-26 02:14:53 - Epoch 86, Model Loss 6.307582643296984, View Loss 4.341003848057167
04-Aug-26 02:16:34 - Epoch 87, Model Loss 6.301388110989839, View Loss 4.387649860257417
04-Aug-26 02:18:16 - Epoch 88, Model Loss 6.313955743328418, View Loss 4.395059286379347
04-Aug-26 02:19:58 - Epoch 89, Model Loss 6.3196980968799465, View Loss 4.345830671148362
04-Aug-26 02:21:39 - Epoch 90, Model Loss 6.279332519356721, View Loss 4.359183473524705
04-Aug-26 02:21:42 - Epoch 90: Train_acc 0.5408496732026143 Val_acc 0.5424836601307189 Test_acc 0.5235602094240838 Test_auc 0.5172527472527473
04-Aug-26 02:23:24 - Epoch 91, Model Loss 6.2708561778847685, View Loss 4.329863936293359
04-Aug-26 02:25:05 - Epoch 92, Model Loss 6.279064614788379, View Loss 4.30695842294132
04-Aug-26 02:26:47 - Epoch 93, Model Loss 6.2650301627863465, View Loss 4.380579234727847
04-Aug-26 02:28:29 - Epoch 94, Model Loss 6.272785810084125, View Loss 4.301533287646723
04-Aug-26 02:30:10 - Epoch 95, Model Loss 6.283637807260152, View Loss 4.332344507080277
04-Aug-26 02:30:13 - Epoch 95: Train_acc 0.5571895424836601 Val_acc 0.5163398692810458 Test_acc 0.5130890052356021 Test_auc 0.5169230769230769
04-Aug-26 02:31:54 - Epoch 96, Model Loss 6.26158306645412, View Loss 4.35659662882487
04-Aug-26 02:33:36 - Epoch 97, Model Loss 6.297598065893634, View Loss 4.349216168222863
04-Aug-26 02:35:17 - Epoch 98, Model Loss 6.365106666789336, View Loss 4.396265195086111
04-Aug-26 02:36:59 - Epoch 99, Model Loss 6.274600150538426, View Loss 4.368563387129042
04-Aug-26 02:38:40 - Epoch 100, Model Loss 6.264753226361243, View Loss 4.4216527596018675
04-Aug-26 02:38:43 - Epoch 100: Train_acc 0.5571895424836601 Val_acc 0.5163398692810458 Test_acc 0.5130890052356021 Test_auc 0.5174725274725275
04-Aug-26 02:38:43 - FinishedTraining! BestEpoch (eval-interval index): 5
04-Aug-26 02:38:43 - Wrote /users/3171356m/muhammad/GraSTIACL/nested_cv/results/combat__emb256_bs128__fold2.json
04-Aug-26 02:38:43 - {
  "emb_dim": 256,
  "batch_size": 128,
  "fold": 2,
  "combat": true,
  "n_train": 612,
  "n_val": 153,
  "n_test": 191,
  "best_val_epoch_idx": 5,
  "train_accuracy": 0.5408496732026143,
  "val_accuracy": 0.5424836601307189,
  "test_accuracy": 0.5287958115183246,
  "train_f1": 0.39828693790149894,
  "val_f1": 0.39655172413793105,
  "test_f1": 0.40789473684210525,
  "train_sensitivity": 0.31958762776774013,
  "val_sensitivity": 0.31506848883467825,
  "test_sensitivity": 0.34065933691583145,
  "train_specificity": 0.7414330194970934,
  "val_specificity": 0.7499999906250001,
  "test_specificity": 0.699999993,
  "train_precision": 0.5284090909090909,
  "val_precision": 0.5348837209302325,
  "test_precision": 0.5081967213114754,
  "test_auc": 0.5175824175824176
}
