Task 14: emb_dim=256 batch_size=32 fold=4 combat=yes
The Zen of Python, by Tim Peters

Beautiful is better than ugly.
Explicit is better than implicit.
Simple is better than complex.
Complex is better than complicated.
Flat is better than nested.
Sparse is better than dense.
Readability counts.
Special cases aren't special enough to break the rules.
Although practicality beats purity.
Errors should never pass silently.
Unless explicitly silenced.
In the face of ambiguity, refuse the temptation to guess.
There should be one-- and preferably only one --obvious way to do it.
Although that way may not be obvious at first unless you're Dutch.
Now is better than never.
Although never is often better than *right* now.
If the implementation is hard to explain, it's a bad idea.
If the implementation is easy to explain, it may be a good idea.
Namespaces are one honking great idea -- let's do more of those!
validation time cost : 0.14604 sec
validation time cost : 0.14203 sec
validation time cost : 0.13486 sec
validation time cost : 0.13460 sec
validation time cost : 0.13404 sec
validation time cost : 0.13552 sec
validation time cost : 0.13732 sec
validation time cost : 0.13939 sec
validation time cost : 0.13578 sec
validation time cost : 0.13550 sec
validation time cost : 0.13560 sec
validation time cost : 0.13546 sec
validation time cost : 0.14117 sec
validation time cost : 0.14182 sec
validation time cost : 0.13304 sec
validation time cost : 0.13186 sec
validation time cost : 0.13979 sec
validation time cost : 0.13889 sec
validation time cost : 0.13952 sec
validation time cost : 0.13978 sec
