03-Aug-26 15:42:58 - Using Device: cuda
03-Aug-26 15:42:58 - Seed: 123, Fold: 1, ComBat: True
03-Aug-26 15:42:58 - Namespace(fold=1, combat=True, num_dyn_windows=3, model_lr=0.0005, view_lr=0.0005, num_gc_layers=1, pooling_type='standard', emb_dim=32, vib_hidden_dim=400, batch_size=128, drop_ratio=0.3, epochs=100, kld_lambda=0.003, eval_interval=5, downstream_classifier='linear', ce_lambda=2.0, seed=123)
03-Aug-26 15:42:58 - Loading raw subject data...
03-Aug-26 15:43:02 - Loaded 956 subjects (455 ASD, 501 NC)
03-Aug-26 15:43:03 - Train/Val/Test sizes: 612/153/191
03-Aug-26 15:44:51 - Epoch 1, Model Loss 6.841555492550719, View Loss -5.684530183380725
03-Aug-26 15:46:38 - Epoch 2, Model Loss 7.102484441271015, View Loss -2.592272612004498
03-Aug-26 15:48:23 - Epoch 3, Model Loss 7.472819717880947, View Loss 2.0201659405153563
03-Aug-26 15:50:10 - Epoch 4, Model Loss 7.0321260464736834, View Loss 2.79089377129
03-Aug-26 15:51:55 - Epoch 5, Model Loss 7.042277881522584, View Loss 3.044141753826266
03-Aug-26 15:51:58 - Epoch 5: Train_acc 0.5294117647058824 Val_acc 0.5228758169934641 Test_acc 0.5340314136125655 Test_auc 0.5625274725274726
03-Aug-26 15:53:43 - Epoch 6, Model Loss 6.867634925966948, View Loss 3.1341729164123535
03-Aug-26 15:55:28 - Epoch 7, Model Loss 6.945172409606136, View Loss 3.2672675793467003
03-Aug-26 15:57:13 - Epoch 8, Model Loss 6.890727647768906, View Loss 3.3352554358688056
03-Aug-26 15:58:58 - Epoch 9, Model Loss 6.798062075197307, View Loss 3.4742619975719577
03-Aug-26 16:00:43 - Epoch 10, Model Loss 6.7608955389533945, View Loss 3.577907489016165
03-Aug-26 16:00:46 - Epoch 10: Train_acc 0.5294117647058824 Val_acc 0.5294117647058824 Test_acc 0.5340314136125655 Test_auc 0.5624175824175823
03-Aug-26 16:02:31 - Epoch 11, Model Loss 6.807723194945092, View Loss 3.7832810598261215
03-Aug-26 16:04:17 - Epoch 12, Model Loss 6.730489755767623, View Loss 3.901507856019961
03-Aug-26 16:06:02 - Epoch 13, Model Loss 6.7110392875920715, View Loss 4.105655553294163
03-Aug-26 16:07:48 - Epoch 14, Model Loss 6.794515821668837, View Loss 4.234188123466143
03-Aug-26 16:09:33 - Epoch 15, Model Loss 6.779714366189794, View Loss 4.366450244305181
03-Aug-26 16:09:36 - Epoch 15: Train_acc 0.5326797385620915 Val_acc 0.5490196078431373 Test_acc 0.5759162303664922 Test_auc 0.5613186813186813
03-Aug-26 16:11:25 - Epoch 16, Model Loss 6.769498513414969, View Loss 4.399939995186002
03-Aug-26 16:13:13 - Epoch 17, Model Loss 6.8078631918414745, View Loss 4.420593888151879
03-Aug-26 16:14:59 - Epoch 18, Model Loss 6.793569209528904, View Loss 4.428663705688676
03-Aug-26 16:16:45 - Epoch 19, Model Loss 6.760170110690049, View Loss 4.415165103338902
03-Aug-26 16:18:31 - Epoch 20, Model Loss 6.746869804033267, View Loss 4.459385519713358
03-Aug-26 16:18:32 - Epoch 20: Train_acc 0.5277777777777778 Val_acc 0.5228758169934641 Test_acc 0.5340314136125655 Test_auc 0.5627472527472528
03-Aug-26 16:20:16 - Epoch 21, Model Loss 6.752870999130548, View Loss 4.4645399797975625
03-Aug-26 16:22:02 - Epoch 22, Model Loss 6.745223011066711, View Loss 4.475138848123986
03-Aug-26 16:23:47 - Epoch 23, Model Loss 6.771128140243829, View Loss 4.4792413431055405
03-Aug-26 16:25:31 - Epoch 24, Model Loss 6.747961848389869, View Loss 4.447773042067983
03-Aug-26 16:27:15 - Epoch 25, Model Loss 6.7113823890686035, View Loss 4.486263256446988
03-Aug-26 16:27:18 - Epoch 25: Train_acc 0.5277777777777778 Val_acc 0.5163398692810458 Test_acc 0.5392670157068062 Test_auc 0.5624175824175823
03-Aug-26 16:29:05 - Epoch 26, Model Loss 6.741554509580525, View Loss 4.483344944473965
03-Aug-26 16:30:48 - Epoch 27, Model Loss 6.708341601627325, View Loss 4.460365656933753
03-Aug-26 16:32:32 - Epoch 28, Model Loss 6.730119075650483, View Loss 4.526789509393032
03-Aug-26 16:34:15 - Epoch 29, Model Loss 6.708516591514638, View Loss 4.474971415949803
03-Aug-26 16:35:58 - Epoch 30, Model Loss 6.739058980754778, View Loss 4.509066332399455
03-Aug-26 16:36:01 - Epoch 30: Train_acc 0.5245098039215687 Val_acc 0.5228758169934641 Test_acc 0.5235602094240838 Test_auc 0.5465934065934065
03-Aug-26 16:37:47 - Epoch 31, Model Loss 6.684750133090549, View Loss 4.496219790838902
03-Aug-26 16:39:30 - Epoch 32, Model Loss 6.665014276317522, View Loss 4.48904629314647
03-Aug-26 16:41:14 - Epoch 33, Model Loss 6.655503915026297, View Loss 4.4322247661017125
03-Aug-26 16:42:57 - Epoch 34, Model Loss 6.688887147342458, View Loss 4.491720582924637
03-Aug-26 16:44:40 - Epoch 35, Model Loss 6.676659418866525, View Loss 4.4947713247311665
03-Aug-26 16:44:43 - Epoch 35: Train_acc 0.5343137254901961 Val_acc 0.5294117647058824 Test_acc 0.5497382198952879 Test_auc 0.5618681318681319
03-Aug-26 16:46:29 - Epoch 36, Model Loss 6.705644747790168, View Loss 4.485682228811426
03-Aug-26 16:48:14 - Epoch 37, Model Loss 6.654219156776378, View Loss 4.453261260113685
03-Aug-26 16:49:58 - Epoch 38, Model Loss 6.684453116522895, View Loss 4.516452627244338
03-Aug-26 16:51:42 - Epoch 39, Model Loss 6.659051206376818, View Loss 4.527047945783029
03-Aug-26 16:53:25 - Epoch 40, Model Loss 6.653125619576647, View Loss 4.488918824912676
03-Aug-26 16:53:28 - Epoch 40: Train_acc 0.5277777777777778 Val_acc 0.5163398692810458 Test_acc 0.5392670157068062 Test_auc 0.5619780219780219
03-Aug-26 16:55:14 - Epoch 41, Model Loss 6.622541340347988, View Loss 4.476950109394547
03-Aug-26 16:56:57 - Epoch 42, Model Loss 6.640037355859295, View Loss 4.476549503850002
03-Aug-26 16:58:41 - Epoch 43, Model Loss 6.596220670961866, View Loss 4.519990864922018
03-Aug-26 17:00:25 - Epoch 44, Model Loss 6.656262541128919, View Loss 4.537565561681012
03-Aug-26 17:02:08 - Epoch 45, Model Loss 6.633753633187487, View Loss 4.526447716881247
03-Aug-26 17:02:11 - Epoch 45: Train_acc 0.5343137254901961 Val_acc 0.5294117647058824 Test_acc 0.5497382198952879 Test_auc 0.5618681318681319
03-Aug-26 17:03:57 - Epoch 46, Model Loss 6.6269946441151735, View Loss 4.518882866778405
03-Aug-26 17:05:40 - Epoch 47, Model Loss 6.587384959451513, View Loss 4.479585996640274
03-Aug-26 17:07:24 - Epoch 48, Model Loss 6.6251805997362325, View Loss 4.516333629882413
03-Aug-26 17:09:07 - Epoch 49, Model Loss 6.580994500054254, View Loss 4.508695409188863
03-Aug-26 17:10:50 - Epoch 50, Model Loss 6.6053405649521775, View Loss 4.489518869936076
03-Aug-26 17:10:53 - Epoch 50: Train_acc 0.5277777777777778 Val_acc 0.5163398692810458 Test_acc 0.5392670157068062 Test_auc 0.5621978021978021
03-Aug-26 17:12:38 - Epoch 51, Model Loss 6.599849485883526, View Loss 4.502571869519801
03-Aug-26 17:14:22 - Epoch 52, Model Loss 6.573552016339271, View Loss 4.4936650282417245
03-Aug-26 17:16:05 - Epoch 53, Model Loss 6.579368797003054, View Loss 4.511448853935292
03-Aug-26 17:17:48 - Epoch 54, Model Loss 6.60857987871357, View Loss 4.526020324308108
03-Aug-26 17:19:31 - Epoch 55, Model Loss 6.6120167401881, View Loss 4.554989830341214
03-Aug-26 17:19:34 - Epoch 55: Train_acc 0.5245098039215687 Val_acc 0.5228758169934641 Test_acc 0.5235602094240838 Test_auc 0.5483516483516484
03-Aug-26 17:21:19 - Epoch 56, Model Loss 6.624894045536815, View Loss 4.5720883257248826
03-Aug-26 17:23:03 - Epoch 57, Model Loss 6.553747174007441, View Loss 4.502667336682089
03-Aug-26 17:24:47 - Epoch 58, Model Loss 6.5979836407829735, View Loss 4.51746509589401
03-Aug-26 17:26:30 - Epoch 59, Model Loss 6.608141032698887, View Loss 4.565153710982379
03-Aug-26 17:28:14 - Epoch 60, Model Loss 6.55758098527497, View Loss 4.517117029701183
03-Aug-26 17:28:17 - Epoch 60: Train_acc 0.5245098039215687 Val_acc 0.5228758169934641 Test_acc 0.5235602094240838 Test_auc 0.5480219780219779
03-Aug-26 17:30:01 - Epoch 61, Model Loss 6.570558479408812, View Loss 4.52579580880458
03-Aug-26 17:31:44 - Epoch 62, Model Loss 6.525531612969692, View Loss 4.486572490018957
03-Aug-26 17:33:27 - Epoch 63, Model Loss 6.502390069899216, View Loss 4.512198177038455
03-Aug-26 17:35:09 - Epoch 64, Model Loss 6.544203384249818, View Loss 4.506660822949378
03-Aug-26 17:36:52 - Epoch 65, Model Loss 6.5528236121134045, View Loss 4.504988483354157
03-Aug-26 17:36:55 - Epoch 65: Train_acc 0.5343137254901961 Val_acc 0.5359477124183006 Test_acc 0.5549738219895288 Test_auc 0.5617582417582417
03-Aug-26 17:38:38 - Epoch 66, Model Loss 6.5125037018769705, View Loss 4.528830562541687
03-Aug-26 17:40:20 - Epoch 67, Model Loss 6.521061669767293, View Loss 4.523878032085943
03-Aug-26 17:42:03 - Epoch 68, Model Loss 6.506096793156044, View Loss 4.496083356196584
03-Aug-26 17:43:45 - Epoch 69, Model Loss 6.518207353704116, View Loss 4.516090405532737
03-Aug-26 17:45:28 - Epoch 70, Model Loss 6.510842575746424, View Loss 4.5258395749759055
03-Aug-26 17:45:31 - Epoch 70: Train_acc 0.5310457516339869 Val_acc 0.5424836601307189 Test_acc 0.5863874345549738 Test_auc 0.5620879120879121
03-Aug-26 17:47:13 - Epoch 71, Model Loss 6.518061990052267, View Loss 4.523063787447861
03-Aug-26 17:48:55 - Epoch 72, Model Loss 6.491167261709575, View Loss 4.517208688399371
03-Aug-26 17:50:37 - Epoch 73, Model Loss 6.483027545455235, View Loss 4.462576894199147
03-Aug-26 17:52:19 - Epoch 74, Model Loss 6.507876916648516, View Loss 4.495246129877427
03-Aug-26 17:54:02 - Epoch 75, Model Loss 6.5252523983226105, View Loss 4.5222901176003845
03-Aug-26 17:54:04 - Epoch 75: Train_acc 0.5245098039215687 Val_acc 0.5228758169934641 Test_acc 0.5235602094240838 Test_auc 0.5493406593406593
03-Aug-26 17:55:47 - Epoch 76, Model Loss 6.517901629404305, View Loss 4.498962330662347
03-Aug-26 17:57:30 - Epoch 77, Model Loss 6.514044867621528, View Loss 4.500119100209155
03-Aug-26 17:59:13 - Epoch 78, Model Loss 6.4951189265531655, View Loss 4.484872655930862
03-Aug-26 18:00:56 - Epoch 79, Model Loss 6.477124594395457, View Loss 4.494952547783945
03-Aug-26 18:02:38 - Epoch 80, Model Loss 6.479100127625309, View Loss 4.508644914315417
03-Aug-26 18:02:41 - Epoch 80: Train_acc 0.5277777777777778 Val_acc 0.5163398692810458 Test_acc 0.5392670157068062 Test_auc 0.5631868131868132
03-Aug-26 18:04:24 - Epoch 81, Model Loss 6.454873836118411, View Loss 4.530660230349871
03-Aug-26 18:06:07 - Epoch 82, Model Loss 6.459162447187635, View Loss 4.506323745827269
03-Aug-26 18:07:50 - Epoch 83, Model Loss 6.434094547446257, View Loss 4.496836120007085
03-Aug-26 18:09:33 - Epoch 84, Model Loss 6.470585851108327, View Loss 4.538842784033881
03-Aug-26 18:11:15 - Epoch 85, Model Loss 6.469934563231624, View Loss 4.504391408434101
03-Aug-26 18:11:18 - Epoch 85: Train_acc 0.5294117647058824 Val_acc 0.5294117647058824 Test_acc 0.5445026178010471 Test_auc 0.5615384615384615
03-Aug-26 18:13:00 - Epoch 86, Model Loss 6.454552631752164, View Loss 4.538186169917287
03-Aug-26 18:14:43 - Epoch 87, Model Loss 6.445330900304458, View Loss 4.50752535053328
03-Aug-26 18:16:25 - Epoch 88, Model Loss 6.419771263022828, View Loss 4.523008471220926
03-Aug-26 18:18:07 - Epoch 89, Model Loss 6.419451127644458, View Loss 4.519097085092582
03-Aug-26 18:19:50 - Epoch 90, Model Loss 6.423753922281701, View Loss 4.5444831100164675
03-Aug-26 18:19:53 - Epoch 90: Train_acc 0.5326797385620915 Val_acc 0.5359477124183006 Test_acc 0.5549738219895288 Test_auc 0.5614285714285715
03-Aug-26 18:21:35 - Epoch 91, Model Loss 6.427974862990037, View Loss 4.515728722989949
03-Aug-26 18:23:17 - Epoch 92, Model Loss 6.448926349091374, View Loss 4.535828552994073
03-Aug-26 18:25:04 - Epoch 93, Model Loss 6.471683065875683, View Loss 4.572890686833001
03-Aug-26 18:26:48 - Epoch 94, Model Loss 6.453030143687927, View Loss 4.532828418257969
03-Aug-26 18:28:30 - Epoch 95, Model Loss 6.437892461913863, View Loss 4.534683264938056
03-Aug-26 18:28:33 - Epoch 95: Train_acc 0.5245098039215687 Val_acc 0.5228758169934641 Test_acc 0.5235602094240838 Test_auc 0.5486813186813186
03-Aug-26 18:30:16 - Epoch 96, Model Loss 6.405203781875909, View Loss 4.5745462623297
03-Aug-26 18:31:58 - Epoch 97, Model Loss 6.421252942552753, View Loss 4.555200399137011
03-Aug-26 18:33:40 - Epoch 98, Model Loss 6.378668719646978, View Loss 4.536580481560402
03-Aug-26 18:35:22 - Epoch 99, Model Loss 6.436652825548758, View Loss 4.552071322023479
03-Aug-26 18:37:04 - Epoch 100, Model Loss 6.393570155100106, View Loss 4.539954662322998
03-Aug-26 18:37:07 - Epoch 100: Train_acc 0.5326797385620915 Val_acc 0.5359477124183006 Test_acc 0.5549738219895288 Test_auc 0.5616483516483517
03-Aug-26 18:37:07 - FinishedTraining! BestEpoch (eval-interval index): 2
03-Aug-26 18:37:07 - Wrote /users/3171356m/muhammad/GraSTIACL/nested_cv/results/combat__emb32_bs128__fold1.json
03-Aug-26 18:37:07 - {
  "emb_dim": 32,
  "batch_size": 128,
  "fold": 1,
  "combat": true,
  "n_train": 612,
  "n_val": 153,
  "n_test": 191,
  "best_val_epoch_idx": 2,
  "train_accuracy": 0.5326797385620915,
  "val_accuracy": 0.5490196078431373,
  "test_accuracy": 0.5759162303664922,
  "train_f1": 0.08917197452229299,
  "val_f1": 0.18823529411764706,
  "test_f1": 0.19801980198019803,
  "train_sensitivity": 0.04810996547041249,
  "val_sensitivity": 0.1095890395946707,
  "test_sensitivity": 0.10989010868252629,
  "train_specificity": 0.971962613794509,
  "val_specificity": 0.9499999881250002,
  "test_specificity": 0.9999999900000002,
  "train_precision": 0.6086956521739131,
  "val_precision": 0.6666666666666666,
  "test_precision": 1.0,
  "test_auc": 0.5613186813186813
}
