Task 13: emb_dim=256 batch_size=32 fold=3 combat=yes
The Zen of Python, by Tim Peters

Beautiful is better than ugly.
Explicit is better than implicit.
Simple is better than complex.
Complex is better than complicated.
Flat is better than nested.
Sparse is better than dense.
Readability counts.
Special cases aren't special enough to break the rules.
Although practicality beats purity.
Errors should never pass silently.
Unless explicitly silenced.
In the face of ambiguity, refuse the temptation to guess.
There should be one-- and preferably only one --obvious way to do it.
Although that way may not be obvious at first unless you're Dutch.
Now is better than never.
Although never is often better than *right* now.
If the implementation is hard to explain, it's a bad idea.
If the implementation is easy to explain, it may be a good idea.
Namespaces are one honking great idea -- let's do more of those!
validation time cost : 0.13957 sec
validation time cost : 0.13155 sec
validation time cost : 0.13253 sec
validation time cost : 0.13248 sec
validation time cost : 0.13373 sec
validation time cost : 0.13561 sec
validation time cost : 0.13544 sec
validation time cost : 0.13948 sec
validation time cost : 0.13459 sec
validation time cost : 0.13584 sec
validation time cost : 0.13688 sec
validation time cost : 0.13685 sec
validation time cost : 0.13474 sec
validation time cost : 0.14068 sec
validation time cost : 0.13435 sec
validation time cost : 0.13462 sec
validation time cost : 0.13390 sec
validation time cost : 0.13422 sec
validation time cost : 0.13396 sec
validation time cost : 0.13463 sec
