03-Aug-26 02:15:23 - Using Device: cuda
03-Aug-26 02:15:23 - Seed: 123, Fold: 4, ComBat: False
03-Aug-26 02:15:23 - Namespace(fold=4, combat=False, num_dyn_windows=3, model_lr=0.0005, view_lr=0.0005, num_gc_layers=1, pooling_type='standard', emb_dim=32, vib_hidden_dim=400, batch_size=32, drop_ratio=0.3, epochs=100, kld_lambda=0.003, eval_interval=5, downstream_classifier='linear', ce_lambda=2.0, seed=123)
03-Aug-26 02:15:23 - Loading raw subject data...
03-Aug-26 02:15:28 - Loaded 956 subjects (455 ASD, 501 NC)
03-Aug-26 02:15:29 - Train/Val/Test sizes: 612/153/191
03-Aug-26 02:17:15 - Epoch 1, Model Loss 6.143284598207162, View Loss -2.8727137294470095
03-Aug-26 02:19:00 - Epoch 2, Model Loss 5.965753125209434, View Loss 1.7446589356933544
03-Aug-26 02:20:46 - Epoch 3, Model Loss 5.7599590899897555, View Loss 2.001331827219795
03-Aug-26 02:22:31 - Epoch 4, Model Loss 5.753809081183539, View Loss 2.3431398712731655
03-Aug-26 02:24:16 - Epoch 5, Model Loss 5.6473592995039, View Loss 2.79525556751326
03-Aug-26 02:24:20 - Epoch 5: Train_acc 0.5359477124183006 Val_acc 0.49673202614379086 Test_acc 0.518324607329843 Test_auc 0.5128571428571428
03-Aug-26 02:26:05 - Epoch 6, Model Loss 5.643242284363391, View Loss 2.8575120899412365
03-Aug-26 02:27:50 - Epoch 7, Model Loss 5.617460107491686, View Loss 2.990215844967786
03-Aug-26 02:29:35 - Epoch 8, Model Loss 5.891057709463282, View Loss 2.924829833258211
03-Aug-26 02:31:20 - Epoch 9, Model Loss 5.56330758450078, View Loss 3.061562905903735
03-Aug-26 02:33:05 - Epoch 10, Model Loss 5.5282190001867955, View Loss 3.1131209548002756
03-Aug-26 02:33:09 - Epoch 10: Train_acc 0.5375816993464052 Val_acc 0.49673202614379086 Test_acc 0.518324607329843 Test_auc 0.5126373626373626
03-Aug-26 02:34:54 - Epoch 11, Model Loss 5.478423586078718, View Loss 3.1063771181636386
03-Aug-26 02:36:39 - Epoch 12, Model Loss 5.4544664270737595, View Loss 3.1521920316359577
03-Aug-26 02:38:25 - Epoch 13, Model Loss 5.47079648535236, View Loss 3.1761416005932426
03-Aug-26 02:40:10 - Epoch 14, Model Loss 5.434719828998341, View Loss 3.1205093315224244
03-Aug-26 02:41:56 - Epoch 15, Model Loss 5.430769914115956, View Loss 3.1907068292299905
03-Aug-26 02:41:59 - Epoch 15: Train_acc 0.5343137254901961 Val_acc 0.5163398692810458 Test_acc 0.518324607329843 Test_auc 0.5124175824175824
03-Aug-26 02:43:44 - Epoch 16, Model Loss 5.438492672116149, View Loss 3.189551867690741
03-Aug-26 02:45:30 - Epoch 17, Model Loss 5.424795929902519, View Loss 3.215658354603387
03-Aug-26 02:47:16 - Epoch 18, Model Loss 5.3806999056947, View Loss 3.1866549619662217
03-Aug-26 02:49:01 - Epoch 19, Model Loss 5.386164319281485, View Loss 3.1931988063201406
03-Aug-26 02:50:47 - Epoch 20, Model Loss 5.357163365370308, View Loss 3.1888910641078074
03-Aug-26 02:50:50 - Epoch 20: Train_acc 0.5359477124183006 Val_acc 0.5163398692810458 Test_acc 0.518324607329843 Test_auc 0.5124175824175823
03-Aug-26 02:52:36 - Epoch 21, Model Loss 5.366908344567991, View Loss 3.20490085143669
03-Aug-26 02:54:21 - Epoch 22, Model Loss 5.364442593131969, View Loss 3.2218186551449346
03-Aug-26 02:56:07 - Epoch 23, Model Loss 5.372181269078473, View Loss 3.167927701488819
03-Aug-26 02:57:52 - Epoch 24, Model Loss 5.33359289792628, View Loss 3.1822428477355857
03-Aug-26 02:59:37 - Epoch 25, Model Loss 5.296923207301719, View Loss 3.1664294947206586
03-Aug-26 02:59:40 - Epoch 25: Train_acc 0.5375816993464052 Val_acc 0.5032679738562091 Test_acc 0.518324607329843 Test_auc 0.5127472527472527
03-Aug-26 03:01:26 - Epoch 26, Model Loss 5.317294404397603, View Loss 3.230978691110424
03-Aug-26 03:03:12 - Epoch 27, Model Loss 5.315097057741452, View Loss 3.221521947898117
03-Aug-26 03:04:58 - Epoch 28, Model Loss 5.278028933830511, View Loss 3.2040020628692276
03-Aug-26 03:06:43 - Epoch 29, Model Loss 5.28563189818189, View Loss 3.219039056036207
03-Aug-26 03:08:28 - Epoch 30, Model Loss 5.265304188323177, View Loss 3.2246887637119666
03-Aug-26 03:08:31 - Epoch 30: Train_acc 0.5359477124183006 Val_acc 0.47058823529411764 Test_acc 0.5235602094240838 Test_auc 0.5209890109890111
03-Aug-26 03:10:17 - Epoch 31, Model Loss 5.254044657439188, View Loss 3.2069011420206306
03-Aug-26 03:12:02 - Epoch 32, Model Loss 5.272883979323643, View Loss 3.215046482538086
03-Aug-26 03:13:47 - Epoch 33, Model Loss 5.242246864667905, View Loss 3.269894843008004
03-Aug-26 03:15:31 - Epoch 34, Model Loss 5.2213518868863975, View Loss 3.2504086432114145
03-Aug-26 03:17:16 - Epoch 35, Model Loss 5.226778725393458, View Loss 3.238726694599476
03-Aug-26 03:17:19 - Epoch 35: Train_acc 0.5441176470588235 Val_acc 0.5098039215686274 Test_acc 0.518324607329843 Test_auc 0.5113186813186813
03-Aug-26 03:19:04 - Epoch 36, Model Loss 5.213369593900793, View Loss 3.2368546264623506
03-Aug-26 03:20:49 - Epoch 37, Model Loss 5.20513779197643, View Loss 3.2433083072986477
03-Aug-26 03:22:34 - Epoch 38, Model Loss 5.226946037579206, View Loss 3.247399970596912
03-Aug-26 03:24:19 - Epoch 39, Model Loss 5.208936335993748, View Loss 3.2827244412665273
03-Aug-26 03:26:05 - Epoch 40, Model Loss 5.197795157339058, View Loss 3.257112302811317
03-Aug-26 03:26:08 - Epoch 40: Train_acc 0.5359477124183006 Val_acc 0.5032679738562091 Test_acc 0.518324607329843 Test_auc 0.5127472527472527
03-Aug-26 03:27:53 - Epoch 41, Model Loss 5.192213931114845, View Loss 3.261289291911655
03-Aug-26 03:29:38 - Epoch 42, Model Loss 5.176670562208089, View Loss 3.237389178447474
03-Aug-26 03:31:23 - Epoch 43, Model Loss 5.170087764465731, View Loss 3.254678867221658
03-Aug-26 03:33:08 - Epoch 44, Model Loss 5.159889922422521, View Loss 3.239699031013289
03-Aug-26 03:34:53 - Epoch 45, Model Loss 5.158091136832643, View Loss 3.235365277801464
03-Aug-26 03:34:56 - Epoch 45: Train_acc 0.5392156862745098 Val_acc 0.49019607843137253 Test_acc 0.5130890052356021 Test_auc 0.5142857142857143
03-Aug-26 03:36:41 - Epoch 46, Model Loss 5.152425245521894, View Loss 3.0772074889513403
03-Aug-26 03:38:26 - Epoch 47, Model Loss 5.174966712403141, View Loss 3.254200936142915
03-Aug-26 03:40:11 - Epoch 48, Model Loss 5.142347633449081, View Loss 3.2466978341146233
03-Aug-26 03:41:56 - Epoch 49, Model Loss 5.139252212312487, View Loss 3.28464053230348
03-Aug-26 03:43:41 - Epoch 50, Model Loss 5.1267540906769, View Loss 3.2735361063402464
03-Aug-26 03:43:44 - Epoch 50: Train_acc 0.5359477124183006 Val_acc 0.5032679738562091 Test_acc 0.518324607329843 Test_auc 0.5132967032967033
03-Aug-26 03:45:28 - Epoch 51, Model Loss 5.160531818477157, View Loss 3.278540362330044
03-Aug-26 03:47:13 - Epoch 52, Model Loss 5.143602695340425, View Loss 3.277628417498146
03-Aug-26 03:48:58 - Epoch 53, Model Loss 5.125641458174762, View Loss 3.1977005075005924
03-Aug-26 03:50:43 - Epoch 54, Model Loss 5.1473615995419575, View Loss 3.2940380207074234
03-Aug-26 03:52:27 - Epoch 55, Model Loss 5.123997703876371, View Loss 3.266436026766409
03-Aug-26 03:52:30 - Epoch 55: Train_acc 0.5441176470588235 Val_acc 0.5098039215686274 Test_acc 0.5235602094240838 Test_auc 0.5115384615384615
03-Aug-26 03:54:16 - Epoch 56, Model Loss 5.111440021228167, View Loss 3.260064112594704
03-Aug-26 03:56:00 - Epoch 57, Model Loss 5.119439202975603, View Loss 3.256209671107772
03-Aug-26 03:57:45 - Epoch 58, Model Loss 5.10396922180076, View Loss 3.303941535404305
03-Aug-26 03:59:30 - Epoch 59, Model Loss 5.104164827882854, View Loss 3.285892674735948
03-Aug-26 04:01:14 - Epoch 60, Model Loss 5.08726933890698, View Loss 3.3032658953292695
03-Aug-26 04:01:17 - Epoch 60: Train_acc 0.5441176470588235 Val_acc 0.47058823529411764 Test_acc 0.5340314136125655 Test_auc 0.5226373626373626
03-Aug-26 04:03:03 - Epoch 61, Model Loss 5.100973428464403, View Loss 3.217442963637558
03-Aug-26 04:04:48 - Epoch 62, Model Loss 5.1361197926639734, View Loss 3.2482606149187276
03-Aug-26 04:06:33 - Epoch 63, Model Loss 5.0993196839600605, View Loss 3.2648746811486538
03-Aug-26 04:08:18 - Epoch 64, Model Loss 5.118212146696702, View Loss 3.248760284162035
03-Aug-26 04:10:02 - Epoch 65, Model Loss 5.079505032184077, View Loss 3.2844803052790024
03-Aug-26 04:10:05 - Epoch 65: Train_acc 0.5343137254901961 Val_acc 0.5032679738562091 Test_acc 0.518324607329843 Test_auc 0.5131868131868131
03-Aug-26 04:11:50 - Epoch 66, Model Loss 5.101999395033893, View Loss 3.2541310459959742
03-Aug-26 04:13:34 - Epoch 67, Model Loss 5.063042260462941, View Loss 3.2654915339027353
03-Aug-26 04:15:19 - Epoch 68, Model Loss 5.050774167565739, View Loss 3.2299181955312593
03-Aug-26 04:17:03 - Epoch 69, Model Loss 5.084020544500912, View Loss 3.3194139369952134
03-Aug-26 04:18:48 - Epoch 70, Model Loss 5.108081530901342, View Loss 3.2415518534728904
03-Aug-26 04:18:50 - Epoch 70: Train_acc 0.5343137254901961 Val_acc 0.5032679738562091 Test_acc 0.518324607329843 Test_auc 0.5130769230769231
03-Aug-26 04:20:35 - Epoch 71, Model Loss 5.043152643964182, View Loss 3.2210651363422667
03-Aug-26 04:22:19 - Epoch 72, Model Loss 5.065329215105842, View Loss 3.3039937436191087
03-Aug-26 04:24:04 - Epoch 73, Model Loss 5.0865655895931265, View Loss 3.318878680272819
03-Aug-26 04:25:47 - Epoch 74, Model Loss 5.090564922569624, View Loss 3.2500723467932806
03-Aug-26 04:27:31 - Epoch 75, Model Loss 5.066900742599388, View Loss 3.2741420261220995
03-Aug-26 04:27:34 - Epoch 75: Train_acc 0.5408496732026143 Val_acc 0.49019607843137253 Test_acc 0.5130890052356021 Test_auc 0.513956043956044
03-Aug-26 04:29:19 - Epoch 76, Model Loss 5.060226403030694, View Loss 3.264626470266604
03-Aug-26 04:31:03 - Epoch 77, Model Loss 5.0983063192928535, View Loss 3.3042392037273234
03-Aug-26 04:32:47 - Epoch 78, Model Loss 5.050973616394342, View Loss 3.2937796879438013
03-Aug-26 04:34:31 - Epoch 79, Model Loss 5.068226387298185, View Loss 3.3030131728041408
03-Aug-26 04:36:16 - Epoch 80, Model Loss 5.066795275881399, View Loss 3.1605470819410937
03-Aug-26 04:36:18 - Epoch 80: Train_acc 0.5343137254901961 Val_acc 0.5163398692810458 Test_acc 0.518324607329843 Test_auc 0.5124175824175824
03-Aug-26 04:38:03 - Epoch 81, Model Loss 5.094866712108936, View Loss 3.218532781195796
03-Aug-26 04:39:47 - Epoch 82, Model Loss 5.03528249341678, View Loss 3.2498937880291656
03-Aug-26 04:41:31 - Epoch 83, Model Loss 5.118179325963936, View Loss 3.2687731280046353
03-Aug-26 04:43:15 - Epoch 84, Model Loss 5.121962184220358, View Loss 3.286525684634065
03-Aug-26 04:44:59 - Epoch 85, Model Loss 5.069042807311014, View Loss 3.2746732577778936
03-Aug-26 04:45:02 - Epoch 85: Train_acc 0.5375816993464052 Val_acc 0.5163398692810458 Test_acc 0.518324607329843 Test_auc 0.5123076923076924
03-Aug-26 04:46:46 - Epoch 86, Model Loss 5.090125172745948, View Loss 3.1704333849202575
03-Aug-26 04:48:31 - Epoch 87, Model Loss 5.040387736426459, View Loss 3.3076268029368783
03-Aug-26 04:50:15 - Epoch 88, Model Loss 5.034063992157481, View Loss 3.3264730264937956
03-Aug-26 04:51:59 - Epoch 89, Model Loss 5.094524888431325, View Loss 3.3201875819100275
03-Aug-26 04:53:43 - Epoch 90, Model Loss 5.009825332492006, View Loss 3.248543681662067
03-Aug-26 04:53:46 - Epoch 90: Train_acc 0.5359477124183006 Val_acc 0.49019607843137253 Test_acc 0.5235602094240838 Test_auc 0.5123076923076922
03-Aug-26 04:55:30 - Epoch 91, Model Loss 5.003157893037485, View Loss 3.300874778258255
03-Aug-26 04:57:14 - Epoch 92, Model Loss 5.032984423481561, View Loss 3.285475430924908
03-Aug-26 04:58:58 - Epoch 93, Model Loss 5.08315942490023, View Loss 3.2655016744838044
03-Aug-26 05:00:42 - Epoch 94, Model Loss 5.000190209719091, View Loss 3.2778056283402286
03-Aug-26 05:02:26 - Epoch 95, Model Loss 5.119061819089004, View Loss 3.300905210519928
03-Aug-26 05:02:29 - Epoch 95: Train_acc 0.5310457516339869 Val_acc 0.49673202614379086 Test_acc 0.5235602094240838 Test_auc 0.5123076923076924
03-Aug-26 05:04:14 - Epoch 96, Model Loss 5.03511598998425, View Loss 3.3320351371578143
03-Aug-26 05:05:58 - Epoch 97, Model Loss 5.140655012691722, View Loss 3.2745030604156793
03-Aug-26 05:07:42 - Epoch 98, Model Loss 5.094376535976634, View Loss 3.2984342462097116
03-Aug-26 05:09:26 - Epoch 99, Model Loss 5.065344014198952, View Loss 3.2983375413745057
03-Aug-26 05:11:10 - Epoch 100, Model Loss 5.065784750421063, View Loss 3.293091455316232
03-Aug-26 05:11:13 - Epoch 100: Train_acc 0.5343137254901961 Val_acc 0.5032679738562091 Test_acc 0.5235602094240838 Test_auc 0.5126373626373626
03-Aug-26 05:11:13 - FinishedTraining! BestEpoch (eval-interval index): 2
03-Aug-26 05:11:13 - Wrote /users/3171356m/muhammad/GraSTIACL/nested_cv/results/nocombat__emb32_bs32__fold4.json
03-Aug-26 05:11:13 - {
  "emb_dim": 32,
  "batch_size": 32,
  "fold": 4,
  "combat": false,
  "n_train": 612,
  "n_val": 153,
  "n_test": 191,
  "best_val_epoch_idx": 2,
  "train_accuracy": 0.5343137254901961,
  "val_accuracy": 0.5163398692810458,
  "test_accuracy": 0.518324607329843,
  "train_f1": 0.4171779141104294,
  "val_f1": 0.421875,
  "test_f1": 0.41025641025641024,
  "train_sensitivity": 0.35051546271300527,
  "val_sensitivity": 0.3698630086320136,
  "test_sensitivity": 0.3516483477840841,
  "train_specificity": 0.7009345772556556,
  "val_specificity": 0.6499999918750001,
  "test_specificity": 0.6699999933,
  "train_precision": 0.5151515151515151,
  "val_precision": 0.4909090909090909,
  "test_precision": 0.49230769230769234,
  "test_auc": 0.5124175824175824
}
