03-Aug-26 13:58:24 - Using Device: cuda
03-Aug-26 13:58:24 - Seed: 123, Fold: 1, ComBat: True
03-Aug-26 13:58:24 - Namespace(fold=1, combat=True, num_dyn_windows=3, model_lr=0.0005, view_lr=0.0005, num_gc_layers=1, pooling_type='standard', emb_dim=256, vib_hidden_dim=400, batch_size=32, drop_ratio=0.3, epochs=100, kld_lambda=0.003, eval_interval=5, downstream_classifier='linear', ce_lambda=2.0, seed=123)
03-Aug-26 13:58:24 - Loading raw subject data...
03-Aug-26 13:58:27 - Loaded 956 subjects (455 ASD, 501 NC)
03-Aug-26 13:58:28 - Train/Val/Test sizes: 612/153/191
03-Aug-26 14:00:15 - Epoch 1, Model Loss 5.54976186097837, View Loss -2.618625890195759
03-Aug-26 14:01:59 - Epoch 2, Model Loss 5.446394114712485, View Loss 1.550336758295695
03-Aug-26 14:03:44 - Epoch 3, Model Loss 5.323837900473402, View Loss 1.5028560535580504
03-Aug-26 14:05:29 - Epoch 4, Model Loss 5.233460296992383, View Loss 2.2857604583883595
03-Aug-26 14:07:13 - Epoch 5, Model Loss 5.310369429245494, View Loss 2.822768680605234
03-Aug-26 14:07:17 - Epoch 5: Train_acc 0.5343137254901961 Val_acc 0.5359477124183006 Test_acc 0.5549738219895288 Test_auc 0.5614285714285715
03-Aug-26 14:09:03 - Epoch 6, Model Loss 5.357556276072085, View Loss 2.9039022096621445
03-Aug-26 14:10:48 - Epoch 7, Model Loss 5.3120307766534145, View Loss 2.9617747185277006
03-Aug-26 14:12:33 - Epoch 8, Model Loss 5.33900548274221, View Loss 2.977357133541232
03-Aug-26 14:14:18 - Epoch 9, Model Loss 5.374935773463031, View Loss 3.010077028492697
03-Aug-26 14:16:03 - Epoch 10, Model Loss 5.286845528222377, View Loss 3.01838607414096
03-Aug-26 14:16:06 - Epoch 10: Train_acc 0.5359477124183006 Val_acc 0.5228758169934641 Test_acc 0.5340314136125655 Test_auc 0.5528571428571427
03-Aug-26 14:17:53 - Epoch 11, Model Loss 5.2457448844037025, View Loss 2.991750781053032
03-Aug-26 14:19:38 - Epoch 12, Model Loss 5.238529317519244, View Loss 3.0156466953115526
03-Aug-26 14:21:23 - Epoch 13, Model Loss 5.240337290795021, View Loss 3.076140384658489
03-Aug-26 14:23:07 - Epoch 14, Model Loss 5.209608582889333, View Loss 3.0498004298584136
03-Aug-26 14:24:52 - Epoch 15, Model Loss 5.202524802264045, View Loss 2.9903901083017486
03-Aug-26 14:24:55 - Epoch 15: Train_acc 0.5326797385620915 Val_acc 0.5620915032679739 Test_acc 0.581151832460733 Test_auc 0.5620879120879122
03-Aug-26 14:26:42 - Epoch 16, Model Loss 5.206451574961345, View Loss 3.011249472113217
03-Aug-26 14:28:27 - Epoch 17, Model Loss 5.270822378545025, View Loss 3.091639097219978
03-Aug-26 14:30:12 - Epoch 18, Model Loss 5.201403237635793, View Loss 3.0894030519560274
03-Aug-26 14:31:57 - Epoch 19, Model Loss 5.2808952191296745, View Loss 3.0212536574968327
03-Aug-26 14:33:42 - Epoch 20, Model Loss 5.187819836186428, View Loss 3.080712007346496
03-Aug-26 14:33:45 - Epoch 20: Train_acc 0.5294117647058824 Val_acc 0.5686274509803921 Test_acc 0.5759162303664922 Test_auc 0.5635164835164835
03-Aug-26 14:35:31 - Epoch 21, Model Loss 5.174850040011936, View Loss 3.015406023832708
03-Aug-26 14:37:17 - Epoch 22, Model Loss 5.238987790213691, View Loss 3.0139992611080992
03-Aug-26 14:39:02 - Epoch 23, Model Loss 5.114053317923951, View Loss 3.063755674689424
03-Aug-26 14:40:47 - Epoch 24, Model Loss 5.076345992244147, View Loss 3.0369811494366017
03-Aug-26 14:42:32 - Epoch 25, Model Loss 5.1369984819998145, View Loss 3.0794164020251604
03-Aug-26 14:42:35 - Epoch 25: Train_acc 0.5310457516339869 Val_acc 0.5359477124183006 Test_acc 0.5549738219895288 Test_auc 0.5596703296703297
03-Aug-26 14:44:22 - Epoch 26, Model Loss 5.059956983803144, View Loss 3.0446062754182255
03-Aug-26 14:46:07 - Epoch 27, Model Loss 5.030720515188828, View Loss 3.002363111750752
03-Aug-26 14:47:52 - Epoch 28, Model Loss 5.066045563205395, View Loss 2.9580864952085846
03-Aug-26 14:49:37 - Epoch 29, Model Loss 5.015878021327499, View Loss 3.029789632441951
03-Aug-26 14:51:22 - Epoch 30, Model Loss 5.1329121651992295, View Loss 3.0432805239764695
03-Aug-26 14:51:25 - Epoch 30: Train_acc 0.5343137254901961 Val_acc 0.5359477124183006 Test_acc 0.5549738219895288 Test_auc 0.5614285714285715
03-Aug-26 14:53:13 - Epoch 31, Model Loss 5.02573756610646, View Loss 3.079354611097598
03-Aug-26 14:55:02 - Epoch 32, Model Loss 5.020872097389371, View Loss 2.9683219241160974
03-Aug-26 14:56:49 - Epoch 33, Model Loss 5.054229617897981, View Loss 3.0780634319081024
03-Aug-26 14:58:35 - Epoch 34, Model Loss 5.036329341090583, View Loss 3.046543384883918
03-Aug-26 15:00:23 - Epoch 35, Model Loss 5.009524385913525, View Loss 3.0759957510661455
03-Aug-26 15:00:26 - Epoch 35: Train_acc 0.5326797385620915 Val_acc 0.5686274509803921 Test_acc 0.581151832460733 Test_auc 0.5650549450549451
03-Aug-26 15:02:12 - Epoch 36, Model Loss 5.111433828578276, View Loss 3.032812304356519
03-Aug-26 15:03:58 - Epoch 37, Model Loss 5.018816855997821, View Loss 3.0678354470558418
03-Aug-26 15:05:43 - Epoch 38, Model Loss 5.057448909173604, View Loss 3.0124189573175766
03-Aug-26 15:07:29 - Epoch 39, Model Loss 4.983740143526614, View Loss 3.0495740814146655
03-Aug-26 15:09:13 - Epoch 40, Model Loss 4.975333871405109, View Loss 3.0444364563312405
03-Aug-26 15:09:16 - Epoch 40: Train_acc 0.5343137254901961 Val_acc 0.5294117647058824 Test_acc 0.5497382198952879 Test_auc 0.5620879120879122
03-Aug-26 15:11:03 - Epoch 41, Model Loss 4.994558044508392, View Loss 3.081777753783207
03-Aug-26 15:12:49 - Epoch 42, Model Loss 5.06219626096339, View Loss 3.1348150212780324
03-Aug-26 15:14:34 - Epoch 43, Model Loss 5.093713892830743, View Loss 3.1025444721084794
03-Aug-26 15:16:19 - Epoch 44, Model Loss 5.017487987194186, View Loss 3.1041443519342957
03-Aug-26 15:18:05 - Epoch 45, Model Loss 4.993645418703166, View Loss 3.0880525287459877
03-Aug-26 15:18:08 - Epoch 45: Train_acc 0.5310457516339869 Val_acc 0.5294117647058824 Test_acc 0.5497382198952879 Test_auc 0.5621978021978022
03-Aug-26 15:19:53 - Epoch 46, Model Loss 4.941710185381322, View Loss 3.056040223127876
03-Aug-26 15:21:37 - Epoch 47, Model Loss 4.9765402320163705, View Loss 3.0441572385675766
03-Aug-26 15:23:22 - Epoch 48, Model Loss 4.9882176374298295, View Loss 3.1188095145755343
03-Aug-26 15:25:07 - Epoch 49, Model Loss 4.955133558098787, View Loss 3.078168650078618
03-Aug-26 15:26:52 - Epoch 50, Model Loss 4.92470517033845, View Loss 3.0298498625459236
03-Aug-26 15:26:55 - Epoch 50: Train_acc 0.5326797385620915 Val_acc 0.5620915032679739 Test_acc 0.5759162303664922 Test_auc 0.5646153846153847
03-Aug-26 15:28:40 - Epoch 51, Model Loss 4.924434693031062, View Loss 3.075746299784168
03-Aug-26 15:30:24 - Epoch 52, Model Loss 4.8765261734233185, View Loss 3.0799250793612862
03-Aug-26 15:32:09 - Epoch 53, Model Loss 5.020009419497321, View Loss 3.087153328789605
03-Aug-26 15:33:53 - Epoch 54, Model Loss 4.888179632573346, View Loss 3.0396473473972745
03-Aug-26 15:35:38 - Epoch 55, Model Loss 4.9560957905513785, View Loss 3.080467346446966
03-Aug-26 15:35:41 - Epoch 55: Train_acc 0.5310457516339869 Val_acc 0.5359477124183006 Test_acc 0.5549738219895288 Test_auc 0.5601098901098901
03-Aug-26 15:37:28 - Epoch 56, Model Loss 4.944061121909447, View Loss 3.0553141516797684
03-Aug-26 15:39:13 - Epoch 57, Model Loss 4.963927172367869, View Loss 3.0537096698299733
03-Aug-26 15:40:58 - Epoch 58, Model Loss 4.949369249780194, View Loss 3.135268524191738
03-Aug-26 15:42:44 - Epoch 59, Model Loss 5.051739159752341, View Loss 3.2376318106464312
03-Aug-26 15:44:32 - Epoch 60, Model Loss 4.967021222208061, View Loss 3.1491971888573342
03-Aug-26 15:44:35 - Epoch 60: Train_acc 0.5326797385620915 Val_acc 0.5620915032679739 Test_acc 0.581151832460733 Test_auc 0.5645054945054946
03-Aug-26 15:46:21 - Epoch 61, Model Loss 5.017433157154158, View Loss 3.1806826700572093
03-Aug-26 15:48:06 - Epoch 62, Model Loss 4.957156178218867, View Loss 3.162854899378384
03-Aug-26 15:49:53 - Epoch 63, Model Loss 4.929187745050667, View Loss 3.1487811663571526
03-Aug-26 15:51:38 - Epoch 64, Model Loss 5.018212309070662, View Loss 2.8936156034469604
03-Aug-26 15:53:23 - Epoch 65, Model Loss 4.961472533107583, View Loss 3.139742118860382
03-Aug-26 15:53:26 - Epoch 65: Train_acc 0.5294117647058824 Val_acc 0.5686274509803921 Test_acc 0.5759162303664922 Test_auc 0.5661538461538462
03-Aug-26 15:55:13 - Epoch 66, Model Loss 4.941698926726198, View Loss 3.147797944109424
03-Aug-26 15:56:58 - Epoch 67, Model Loss 4.956376244040096, View Loss 3.1342361729129466
03-Aug-26 15:58:43 - Epoch 68, Model Loss 4.996265969245262, View Loss 3.2151815957493253
03-Aug-26 16:00:28 - Epoch 69, Model Loss 4.90852495346194, View Loss 3.13764462790458
03-Aug-26 16:02:13 - Epoch 70, Model Loss 4.894225732952941, View Loss 3.0265485624861874
03-Aug-26 16:02:16 - Epoch 70: Train_acc 0.5310457516339869 Val_acc 0.5359477124183006 Test_acc 0.5549738219895288 Test_auc 0.559120879120879
03-Aug-26 16:04:02 - Epoch 71, Model Loss 4.913066910762413, View Loss 3.1657077362334807
03-Aug-26 16:05:48 - Epoch 72, Model Loss 4.925411222806943, View Loss 3.120270642969343
03-Aug-26 16:07:33 - Epoch 73, Model Loss 4.92804452173071, View Loss 3.181551552286335
03-Aug-26 16:09:19 - Epoch 74, Model Loss 5.15836690453922, View Loss 3.3504998407332724
03-Aug-26 16:11:04 - Epoch 75, Model Loss 4.997506587333929, View Loss 3.2534993458417505
03-Aug-26 16:11:07 - Epoch 75: Train_acc 0.5326797385620915 Val_acc 0.5686274509803921 Test_acc 0.581151832460733 Test_auc 0.566923076923077
03-Aug-26 16:12:54 - Epoch 76, Model Loss 4.958786362916037, View Loss 3.1807632539786543
03-Aug-26 16:14:40 - Epoch 77, Model Loss 4.926657310498306, View Loss 3.2325138578227923
03-Aug-26 16:16:25 - Epoch 78, Model Loss 4.961581794265049, View Loss 3.2258732466915854
03-Aug-26 16:18:10 - Epoch 79, Model Loss 4.954641251782187, View Loss 3.2185083538099053
03-Aug-26 16:19:57 - Epoch 80, Model Loss 4.951278324999841, View Loss 3.0986880402938994
03-Aug-26 16:20:00 - Epoch 80: Train_acc 0.5294117647058824 Val_acc 0.5228758169934641 Test_acc 0.5392670157068062 Test_auc 0.5621978021978022
03-Aug-26 16:21:46 - Epoch 81, Model Loss 5.029610320633533, View Loss 3.256331284840902
03-Aug-26 16:23:31 - Epoch 82, Model Loss 4.944021224975586, View Loss 3.2537464121587916
03-Aug-26 16:25:19 - Epoch 83, Model Loss 4.943222519619013, View Loss 3.2486938210873824
03-Aug-26 16:27:05 - Epoch 84, Model Loss 4.9011695073320976, View Loss 3.2038987352957133
03-Aug-26 16:28:50 - Epoch 85, Model Loss 4.906910043915892, View Loss 3.165938156102997
03-Aug-26 16:28:53 - Epoch 85: Train_acc 0.5310457516339869 Val_acc 0.5686274509803921 Test_acc 0.5759162303664922 Test_auc 0.5692307692307692
03-Aug-26 16:30:41 - Epoch 86, Model Loss 4.894932941673628, View Loss 3.1892166722054576
03-Aug-26 16:32:26 - Epoch 87, Model Loss 4.874841210109736, View Loss 3.205158393367443
03-Aug-26 16:34:10 - Epoch 88, Model Loss 4.9289164543151855, View Loss 3.200320667690701
03-Aug-26 16:35:55 - Epoch 89, Model Loss 4.964088070626352, View Loss 3.1456691574037463
03-Aug-26 16:37:39 - Epoch 90, Model Loss 4.951509893330094, View Loss 3.237396807647219
03-Aug-26 16:37:42 - Epoch 90: Train_acc 0.5310457516339869 Val_acc 0.5620915032679739 Test_acc 0.5759162303664922 Test_auc 0.5656043956043957
03-Aug-26 16:39:28 - Epoch 91, Model Loss 4.927317973055871, View Loss 3.183865175138112
03-Aug-26 16:41:13 - Epoch 92, Model Loss 4.941349359898785, View Loss 3.249051157945122
03-Aug-26 16:42:57 - Epoch 93, Model Loss 4.925507101358152, View Loss 3.1807840774261873
03-Aug-26 16:44:40 - Epoch 94, Model Loss 4.934945616067624, View Loss 3.2499904375450286
03-Aug-26 16:46:22 - Epoch 95, Model Loss 4.918713122411491, View Loss 3.1951121185340132
03-Aug-26 16:46:25 - Epoch 95: Train_acc 0.5294117647058824 Val_acc 0.5228758169934641 Test_acc 0.5392670157068062 Test_auc 0.5615384615384615
03-Aug-26 16:48:07 - Epoch 96, Model Loss 4.995708507650039, View Loss 3.2129474032938092
03-Aug-26 16:49:49 - Epoch 97, Model Loss 4.94628849216536, View Loss 3.2899839193408007
03-Aug-26 16:51:31 - Epoch 98, Model Loss 4.919425686979605, View Loss 3.1866065696174024
03-Aug-26 16:53:13 - Epoch 99, Model Loss 4.944477944592245, View Loss 3.202303623841479
03-Aug-26 16:54:55 - Epoch 100, Model Loss 4.973942750419667, View Loss 3.216883723252739
03-Aug-26 16:54:58 - Epoch 100: Train_acc 0.5326797385620915 Val_acc 0.5294117647058824 Test_acc 0.5497382198952879 Test_auc 0.5623076923076923
03-Aug-26 16:54:58 - FinishedTraining! BestEpoch (eval-interval index): 3
03-Aug-26 16:54:58 - Wrote /users/3171356m/muhammad/GraSTIACL/nested_cv/results/combat__emb256_bs32__fold1.json
03-Aug-26 16:54:58 - {
  "emb_dim": 256,
  "batch_size": 32,
  "fold": 1,
  "combat": true,
  "n_train": 612,
  "n_val": 153,
  "n_test": 191,
  "best_val_epoch_idx": 3,
  "train_accuracy": 0.5294117647058824,
  "val_accuracy": 0.5686274509803921,
  "test_accuracy": 0.5759162303664922,
  "train_f1": 0.1111111111111111,
  "val_f1": 0.2826086956521739,
  "test_f1": 0.24299065420560748,
  "train_sensitivity": 0.061855669890530346,
  "val_sensitivity": 0.17808218934133987,
  "test_sensitivity": 0.14285714128728416,
  "train_specificity": 0.9532710250676916,
  "val_specificity": 0.9249999884375002,
  "test_specificity": 0.9699999903000002,
  "train_precision": 0.5454545454545454,
  "val_precision": 0.6842105263157895,
  "test_precision": 0.8125,
  "test_auc": 0.5635164835164835
}
