03-Aug-26 02:23:04 - Using Device: cuda
03-Aug-26 02:23:04 - Seed: 123, Fold: 1, ComBat: False
03-Aug-26 02:23:04 - Namespace(fold=1, combat=False, num_dyn_windows=3, model_lr=0.0005, view_lr=0.0005, num_gc_layers=1, pooling_type='standard', emb_dim=128, vib_hidden_dim=400, batch_size=32, drop_ratio=0.3, epochs=100, kld_lambda=0.003, eval_interval=5, downstream_classifier='linear', ce_lambda=2.0, seed=123)
03-Aug-26 02:23:04 - Loading raw subject data...
03-Aug-26 02:23:07 - Loaded 956 subjects (455 ASD, 501 NC)
03-Aug-26 02:23:07 - Train/Val/Test sizes: 612/153/191
03-Aug-26 02:24:51 - Epoch 1, Model Loss 5.930629125607559, View Loss -2.739191970014884
03-Aug-26 02:26:35 - Epoch 2, Model Loss 5.609925067502688, View Loss 1.6259756953108544
03-Aug-26 02:28:18 - Epoch 3, Model Loss 5.448023948794097, View Loss 1.9113566879353492
03-Aug-26 02:30:01 - Epoch 4, Model Loss 5.460545123792162, View Loss 2.4100961981256024
03-Aug-26 02:31:44 - Epoch 5, Model Loss 5.474582584854824, View Loss 2.874139090768652
03-Aug-26 02:31:48 - Epoch 5: Train_acc 0.5261437908496732 Val_acc 0.5228758169934641 Test_acc 0.5549738219895288 Test_auc 0.5283516483516483
03-Aug-26 02:33:32 - Epoch 6, Model Loss 5.440633469936895, View Loss 3.0383882288839303
03-Aug-26 02:35:15 - Epoch 7, Model Loss 5.4126840572731165, View Loss 3.070606104299134
03-Aug-26 02:36:59 - Epoch 8, Model Loss 5.388826973298016, View Loss 3.072380589114295
03-Aug-26 02:38:42 - Epoch 9, Model Loss 5.400883757211025, View Loss 3.091050344354966
03-Aug-26 02:40:26 - Epoch 10, Model Loss 5.371902353623334, View Loss 3.066006315299888
03-Aug-26 02:40:29 - Epoch 10: Train_acc 0.5408496732026143 Val_acc 0.5359477124183006 Test_acc 0.5287958115183246 Test_auc 0.5171428571428571
03-Aug-26 02:42:19 - Epoch 11, Model Loss 5.327755741044586, View Loss 3.0494749041554194
03-Aug-26 02:44:02 - Epoch 12, Model Loss 5.318546184527329, View Loss 3.1045448854078654
03-Aug-26 02:45:45 - Epoch 13, Model Loss 5.337421471776526, View Loss 3.1427172204248266
03-Aug-26 02:47:29 - Epoch 14, Model Loss 5.287834882736206, View Loss 3.140776748361151
03-Aug-26 02:49:13 - Epoch 15, Model Loss 5.292136891994601, View Loss 3.174846025853375
03-Aug-26 02:49:16 - Epoch 15: Train_acc 0.5179738562091504 Val_acc 0.5294117647058824 Test_acc 0.5549738219895288 Test_auc 0.5274725274725274
03-Aug-26 02:50:59 - Epoch 16, Model Loss 5.260651794134402, View Loss 3.1327196994638133
03-Aug-26 02:52:43 - Epoch 17, Model Loss 5.286071975246753, View Loss 3.167405819581225
03-Aug-26 02:54:27 - Epoch 18, Model Loss 5.226465203403648, View Loss 3.1915747410331674
03-Aug-26 02:56:10 - Epoch 19, Model Loss 5.2914388257693625, View Loss 3.2215154015160854
03-Aug-26 02:57:53 - Epoch 20, Model Loss 5.229265786463918, View Loss 3.1260023417036518
03-Aug-26 02:57:56 - Epoch 20: Train_acc 0.5245098039215687 Val_acc 0.5294117647058824 Test_acc 0.5445026178010471 Test_auc 0.5294505494505495
03-Aug-26 02:59:40 - Epoch 21, Model Loss 5.286781332851235, View Loss 3.117868113361932
03-Aug-26 03:01:24 - Epoch 22, Model Loss 5.2313716583002625, View Loss 3.163305558215559
03-Aug-26 03:03:07 - Epoch 23, Model Loss 5.212891865399928, View Loss 3.166173699634527
03-Aug-26 03:04:49 - Epoch 24, Model Loss 5.189392147500531, View Loss 3.1961764985439824
03-Aug-26 03:06:30 - Epoch 25, Model Loss 5.177015959047804, View Loss 3.169804496702805
03-Aug-26 03:06:33 - Epoch 25: Train_acc 0.5196078431372549 Val_acc 0.5294117647058824 Test_acc 0.5392670157068062 Test_auc 0.5073626373626373
03-Aug-26 03:08:17 - Epoch 26, Model Loss 5.177034058602028, View Loss 3.1593212267152624
03-Aug-26 03:10:00 - Epoch 27, Model Loss 5.158094686620376, View Loss 3.163311185790043
03-Aug-26 03:11:43 - Epoch 28, Model Loss 5.18458625226239, View Loss 3.180336474593169
03-Aug-26 03:13:25 - Epoch 29, Model Loss 5.165642347211152, View Loss 3.169966294095407
03-Aug-26 03:15:07 - Epoch 30, Model Loss 5.132555730981765, View Loss 3.161326751210331
03-Aug-26 03:15:10 - Epoch 30: Train_acc 0.5392156862745098 Val_acc 0.5359477124183006 Test_acc 0.5235602094240838 Test_auc 0.5181318681318682
03-Aug-26 03:16:52 - Epoch 31, Model Loss 5.056100315517849, View Loss 3.1109041427475175
03-Aug-26 03:18:34 - Epoch 32, Model Loss 5.190366335164487, View Loss 3.1701163637871836
03-Aug-26 03:20:16 - Epoch 33, Model Loss 5.137429441501892, View Loss 3.2014044118083382
03-Aug-26 03:21:57 - Epoch 34, Model Loss 5.168523836759181, View Loss 3.123579633002188
03-Aug-26 03:23:39 - Epoch 35, Model Loss 5.111949565363865, View Loss 3.1208054107778214
03-Aug-26 03:23:42 - Epoch 35: Train_acc 0.5228758169934641 Val_acc 0.5294117647058824 Test_acc 0.5497382198952879 Test_auc 0.5271428571428571
03-Aug-26 03:25:23 - Epoch 36, Model Loss 5.10280134475309, View Loss 3.1793770844640297
03-Aug-26 03:27:05 - Epoch 37, Model Loss 5.101032093459485, View Loss 3.1763174900042466
03-Aug-26 03:28:46 - Epoch 38, Model Loss 5.159925555871203, View Loss 3.1216122839185925
03-Aug-26 03:30:29 - Epoch 39, Model Loss 5.1441654940835795, View Loss 3.210830926505569
03-Aug-26 03:32:12 - Epoch 40, Model Loss 5.2257888737846825, View Loss 3.2122176005170235
03-Aug-26 03:32:15 - Epoch 40: Train_acc 0.5261437908496732 Val_acc 0.5294117647058824 Test_acc 0.5445026178010471 Test_auc 0.5102197802197802
03-Aug-26 03:33:57 - Epoch 41, Model Loss 5.152763759388643, View Loss 3.1982536105548633
03-Aug-26 03:35:39 - Epoch 42, Model Loss 5.10939363093158, View Loss 3.2261205483106226
03-Aug-26 03:37:23 - Epoch 43, Model Loss 5.080748399098714, View Loss 3.202409029006958
03-Aug-26 03:39:05 - Epoch 44, Model Loss 5.043127332637512, View Loss 3.208603966469858
03-Aug-26 03:40:47 - Epoch 45, Model Loss 5.092961448469972, View Loss 3.1763560904396906
03-Aug-26 03:40:50 - Epoch 45: Train_acc 0.5245098039215687 Val_acc 0.5359477124183006 Test_acc 0.5392670157068062 Test_auc 0.5286813186813186
03-Aug-26 03:42:32 - Epoch 46, Model Loss 5.1107786870470235, View Loss 3.181529536356334
03-Aug-26 03:44:14 - Epoch 47, Model Loss 5.1000438001420765, View Loss 3.209730243760776
03-Aug-26 03:45:56 - Epoch 48, Model Loss 5.086952144024419, View Loss 3.1363159059699064
03-Aug-26 03:47:38 - Epoch 49, Model Loss 5.022068444420309, View Loss 3.210970331251232
03-Aug-26 03:49:21 - Epoch 50, Model Loss 5.082090751797545, View Loss 3.1867918516296188
03-Aug-26 03:49:24 - Epoch 50: Train_acc 0.5343137254901961 Val_acc 0.5228758169934641 Test_acc 0.5445026178010471 Test_auc 0.5058241758241758
03-Aug-26 03:51:07 - Epoch 51, Model Loss 5.091074203354081, View Loss 3.1814962095684476
03-Aug-26 03:52:49 - Epoch 52, Model Loss 5.090993203368842, View Loss 3.2222174094393363
03-Aug-26 03:54:31 - Epoch 53, Model Loss 5.088497489106421, View Loss 3.2249707271850188
03-Aug-26 03:56:13 - Epoch 54, Model Loss 5.102840348785999, View Loss 3.2593966399142946
03-Aug-26 03:57:56 - Epoch 55, Model Loss 5.024934815425499, View Loss 3.1171855774580264
03-Aug-26 03:57:59 - Epoch 55: Train_acc 0.5228758169934641 Val_acc 0.5294117647058824 Test_acc 0.5445026178010471 Test_auc 0.5089010989010989
03-Aug-26 03:59:41 - Epoch 56, Model Loss 5.0754846404580505, View Loss 3.1586714608996522
03-Aug-26 04:01:23 - Epoch 57, Model Loss 5.03316149680443, View Loss 3.1716175326724456
03-Aug-26 04:03:05 - Epoch 58, Model Loss 5.053021898456648, View Loss 3.1663148940778245
03-Aug-26 04:04:48 - Epoch 59, Model Loss 5.007343046026292, View Loss 3.1864724326757043
03-Aug-26 04:06:30 - Epoch 60, Model Loss 5.025551764793645, View Loss 3.2382377541922276
03-Aug-26 04:06:33 - Epoch 60: Train_acc 0.5424836601307189 Val_acc 0.5424836601307189 Test_acc 0.5235602094240838 Test_auc 0.5168131868131868
03-Aug-26 04:08:15 - Epoch 61, Model Loss 4.996292731341193, View Loss 3.1413003323124906
03-Aug-26 04:09:58 - Epoch 62, Model Loss 5.0753127484539755, View Loss 3.16787706636915
03-Aug-26 04:11:40 - Epoch 63, Model Loss 5.099839060914283, View Loss 3.1890923805486144
03-Aug-26 04:13:22 - Epoch 64, Model Loss 5.029590870040694, View Loss 3.1362266384698207
03-Aug-26 04:15:03 - Epoch 65, Model Loss 4.988932567484238, View Loss 3.160512670582416
03-Aug-26 04:15:07 - Epoch 65: Train_acc 0.5277777777777778 Val_acc 0.5294117647058824 Test_acc 0.5445026178010471 Test_auc 0.5296703296703296
03-Aug-26 04:16:48 - Epoch 66, Model Loss 5.009355055740456, View Loss 3.1683160487343285
03-Aug-26 04:18:29 - Epoch 67, Model Loss 4.976586891934763, View Loss 3.2490807343152612
03-Aug-26 04:20:10 - Epoch 68, Model Loss 5.152771663042455, View Loss 3.1842454780940135
03-Aug-26 04:21:51 - Epoch 69, Model Loss 5.013088036206812, View Loss 3.2133727751526178
03-Aug-26 04:23:32 - Epoch 70, Model Loss 5.0078395067476755, View Loss 3.1382038825088077
03-Aug-26 04:23:35 - Epoch 70: Train_acc 0.5294117647058824 Val_acc 0.5228758169934641 Test_acc 0.5445026178010471 Test_auc 0.5308791208791208
03-Aug-26 04:25:16 - Epoch 71, Model Loss 4.952926109039706, View Loss 3.193458201059329
03-Aug-26 04:26:57 - Epoch 72, Model Loss 5.065113204756593, View Loss 3.1904047665253183
03-Aug-26 04:28:38 - Epoch 73, Model Loss 5.058020490446901, View Loss 3.2149867894602755
03-Aug-26 04:30:19 - Epoch 74, Model Loss 5.020960969862595, View Loss 3.1865625922975975
03-Aug-26 04:32:00 - Epoch 75, Model Loss 5.013627136454863, View Loss 3.2263212071524725
03-Aug-26 04:32:03 - Epoch 75: Train_acc 0.5277777777777778 Val_acc 0.5359477124183006 Test_acc 0.518324607329843 Test_auc 0.504835164835165
03-Aug-26 04:33:44 - Epoch 76, Model Loss 4.953403613146613, View Loss 3.189943315156924
03-Aug-26 04:35:25 - Epoch 77, Model Loss 5.0719611597996135, View Loss 3.1705358903002896
03-Aug-26 04:37:06 - Epoch 78, Model Loss 4.895715900495941, View Loss 3.091749803303114
03-Aug-26 04:38:46 - Epoch 79, Model Loss 5.105532476325441, View Loss 3.148831327756246
03-Aug-26 04:40:27 - Epoch 80, Model Loss 5.002196919684317, View Loss 3.1722965587198346
03-Aug-26 04:40:30 - Epoch 80: Train_acc 0.5277777777777778 Val_acc 0.5294117647058824 Test_acc 0.5445026178010471 Test_auc 0.5295604395604395
03-Aug-26 04:42:11 - Epoch 81, Model Loss 5.0210106513079475, View Loss 3.2577771637953963
03-Aug-26 04:43:52 - Epoch 82, Model Loss 5.031007748024137, View Loss 3.2226510647854774
03-Aug-26 04:45:33 - Epoch 83, Model Loss 5.014101336984074, View Loss 3.245646529727512
03-Aug-26 04:47:14 - Epoch 84, Model Loss 4.992429811190935, View Loss 3.123341775407978
03-Aug-26 04:48:54 - Epoch 85, Model Loss 4.967052305445952, View Loss 3.180028287413853
03-Aug-26 04:48:57 - Epoch 85: Train_acc 0.5228758169934641 Val_acc 0.5359477124183006 Test_acc 0.5340314136125655 Test_auc 0.5025274725274724
03-Aug-26 04:50:38 - Epoch 86, Model Loss 4.984168295766793, View Loss 3.186540635582668
03-Aug-26 04:52:19 - Epoch 87, Model Loss 4.967925838395661, View Loss 3.209911924561644
03-Aug-26 04:54:00 - Epoch 88, Model Loss 4.889425159279817, View Loss 3.2486099250176372
03-Aug-26 04:55:41 - Epoch 89, Model Loss 4.979690309443505, View Loss 3.1011179617417404
03-Aug-26 04:57:22 - Epoch 90, Model Loss 4.891606265423345, View Loss 3.142261195026971
03-Aug-26 04:57:25 - Epoch 90: Train_acc 0.5212418300653595 Val_acc 0.5359477124183006 Test_acc 0.5392670157068062 Test_auc 0.5081318681318681
03-Aug-26 04:59:06 - Epoch 91, Model Loss 4.946715398551592, View Loss 3.1441470045669404
03-Aug-26 05:00:47 - Epoch 92, Model Loss 4.898413980708403, View Loss 3.147451949275397
03-Aug-26 05:02:28 - Epoch 93, Model Loss 4.9913813584770255, View Loss 3.159578903827792
03-Aug-26 05:04:09 - Epoch 94, Model Loss 4.846474600773232, View Loss 3.11776671222612
03-Aug-26 05:05:50 - Epoch 95, Model Loss 5.0137023956947075, View Loss 3.1998820951561524
03-Aug-26 05:05:53 - Epoch 95: Train_acc 0.5294117647058824 Val_acc 0.5294117647058824 Test_acc 0.5497382198952879 Test_auc 0.5299999999999999
03-Aug-26 05:07:34 - Epoch 96, Model Loss 4.9636380921781456, View Loss 3.215470176506666
03-Aug-26 05:09:15 - Epoch 97, Model Loss 4.969770927055209, View Loss 3.203861792103138
03-Aug-26 05:10:55 - Epoch 98, Model Loss 4.962484831903495, View Loss 3.1479446580207426
03-Aug-26 05:12:36 - Epoch 99, Model Loss 4.950824603535771, View Loss 3.2193996062855317
03-Aug-26 05:14:17 - Epoch 100, Model Loss 4.956385911679735, View Loss 3.1203463474909463
03-Aug-26 05:14:20 - Epoch 100: Train_acc 0.5424836601307189 Val_acc 0.5424836601307189 Test_acc 0.5235602094240838 Test_auc 0.5213186813186814
03-Aug-26 05:14:20 - FinishedTraining! BestEpoch (eval-interval index): 11
03-Aug-26 05:14:20 - Wrote /users/3171356m/muhammad/GraSTIACL/nested_cv/results/nocombat__emb128_bs32__fold1.json
03-Aug-26 05:14:20 - {
  "emb_dim": 128,
  "batch_size": 32,
  "fold": 1,
  "combat": false,
  "n_train": 612,
  "n_val": 153,
  "n_test": 191,
  "best_val_epoch_idx": 11,
  "train_accuracy": 0.5424836601307189,
  "val_accuracy": 0.5424836601307189,
  "test_accuracy": 0.5235602094240838,
  "train_f1": 0.388646288209607,
  "val_f1": 0.39655172413793105,
  "test_f1": 0.32592592592592595,
  "train_sensitivity": 0.3058419233476223,
  "val_sensitivity": 0.31506848883467825,
  "test_sensitivity": 0.24175823910155783,
  "train_specificity": 0.7570093434361079,
  "val_specificity": 0.7499999906250001,
  "test_specificity": 0.7799999922,
  "train_precision": 0.5329341317365269,
  "val_precision": 0.5348837209302325,
  "test_precision": 0.5,
  "test_auc": 0.5168131868131868
}
