03-Aug-26 18:00:05 - Using Device: cuda
03-Aug-26 18:00:05 - Seed: 123, Fold: 4, ComBat: True
03-Aug-26 18:00:05 - Namespace(fold=4, combat=True, num_dyn_windows=3, model_lr=0.0005, view_lr=0.0005, num_gc_layers=1, pooling_type='standard', emb_dim=32, vib_hidden_dim=400, batch_size=128, drop_ratio=0.3, epochs=100, kld_lambda=0.003, eval_interval=5, downstream_classifier='linear', ce_lambda=2.0, seed=123)
03-Aug-26 18:00:05 - Loading raw subject data...
03-Aug-26 18:00:08 - Loaded 956 subjects (455 ASD, 501 NC)
03-Aug-26 18:00:09 - Train/Val/Test sizes: 612/153/191
03-Aug-26 18:01:56 - Epoch 1, Model Loss 6.854951341167774, View Loss -5.6431092218635905
03-Aug-26 18:03:41 - Epoch 2, Model Loss 6.99022622201957, View Loss -2.8086424247891295
03-Aug-26 18:05:27 - Epoch 3, Model Loss 7.232914672178381, View Loss 1.7797861566730575
03-Aug-26 18:07:11 - Epoch 4, Model Loss 6.825083713905484, View Loss 2.7476303078769857
03-Aug-26 18:08:56 - Epoch 5, Model Loss 7.162217688716315, View Loss 3.021462331410327
03-Aug-26 18:09:00 - Epoch 5: Train_acc 0.5375816993464052 Val_acc 0.477124183006536 Test_acc 0.5130890052356021 Test_auc 0.47846153846153844
03-Aug-26 18:10:50 - Epoch 6, Model Loss 6.875670115152995, View Loss 3.1436423834632423
03-Aug-26 18:12:37 - Epoch 7, Model Loss 7.031713797376047, View Loss 3.3053460760054247
03-Aug-26 18:14:23 - Epoch 8, Model Loss 7.127598123612747, View Loss 3.5163720698138468
03-Aug-26 18:16:09 - Epoch 9, Model Loss 6.864332660350924, View Loss 3.446148177377539
03-Aug-26 18:17:54 - Epoch 10, Model Loss 6.770068442899417, View Loss 3.578733400581709
03-Aug-26 18:17:57 - Epoch 10: Train_acc 0.5277777777777778 Val_acc 0.48366013071895425 Test_acc 0.5078534031413613 Test_auc 0.477032967032967
03-Aug-26 18:19:43 - Epoch 11, Model Loss 6.782638580970515, View Loss 3.7080381025675853
03-Aug-26 18:21:28 - Epoch 12, Model Loss 6.755665701199201, View Loss 3.8137644225475835
03-Aug-26 18:23:13 - Epoch 13, Model Loss 6.703833072014104, View Loss 3.9337304557850157
03-Aug-26 18:24:58 - Epoch 14, Model Loss 6.719412772484075, View Loss 4.104430491628211
03-Aug-26 18:26:43 - Epoch 15, Model Loss 6.7621772180195725, View Loss 4.292130526374368
03-Aug-26 18:26:46 - Epoch 15: Train_acc 0.5359477124183006 Val_acc 0.477124183006536 Test_acc 0.5130890052356021 Test_auc 0.4787912087912088
03-Aug-26 18:28:36 - Epoch 16, Model Loss 6.737608488868265, View Loss 4.300929125617532
03-Aug-26 18:30:22 - Epoch 17, Model Loss 6.768106466804454, View Loss 4.373424417832318
03-Aug-26 18:32:07 - Epoch 18, Model Loss 6.800125483593909, View Loss 4.376587129106708
03-Aug-26 18:33:53 - Epoch 19, Model Loss 6.723284415949404, View Loss 4.3992330046261054
03-Aug-26 18:35:38 - Epoch 20, Model Loss 6.712000335743225, View Loss 4.404607501684451
03-Aug-26 18:35:41 - Epoch 20: Train_acc 0.5228758169934641 Val_acc 0.5098039215686274 Test_acc 0.5130890052356021 Test_auc 0.4706593406593407
03-Aug-26 18:37:27 - Epoch 21, Model Loss 6.717308539970248, View Loss 4.404854129342472
03-Aug-26 18:39:12 - Epoch 22, Model Loss 6.6942953034943224, View Loss 4.433545106376698
03-Aug-26 18:40:57 - Epoch 23, Model Loss 6.710814223569982, View Loss 4.435658224267898
03-Aug-26 18:42:43 - Epoch 24, Model Loss 6.714133730121687, View Loss 4.387076920154048
03-Aug-26 18:44:27 - Epoch 25, Model Loss 6.697894916035771, View Loss 4.449785148396211
03-Aug-26 18:44:31 - Epoch 25: Train_acc 0.5359477124183006 Val_acc 0.47058823529411764 Test_acc 0.518324607329843 Test_auc 0.4782417582417582
03-Aug-26 18:46:15 - Epoch 26, Model Loss 6.7195338112076906, View Loss 4.455172675886964
03-Aug-26 18:48:00 - Epoch 27, Model Loss 6.683135518840715, View Loss 4.440766328300526
03-Aug-26 18:49:43 - Epoch 28, Model Loss 6.6953141081566905, View Loss 4.495825826732162
03-Aug-26 18:51:27 - Epoch 29, Model Loss 6.653865259457258, View Loss 4.457142914042754
03-Aug-26 18:53:10 - Epoch 30, Model Loss 6.642327878989425, View Loss 4.435709716447818
03-Aug-26 18:53:13 - Epoch 30: Train_acc 0.5359477124183006 Val_acc 0.477124183006536 Test_acc 0.5130890052356021 Test_auc 0.4787912087912088
03-Aug-26 18:54:57 - Epoch 31, Model Loss 6.638632250767128, View Loss 4.457967116162668
03-Aug-26 18:56:40 - Epoch 32, Model Loss 6.6742979311475565, View Loss 4.460840857886021
03-Aug-26 18:58:23 - Epoch 33, Model Loss 6.702336763244828, View Loss 4.46152277865441
03-Aug-26 19:00:05 - Epoch 34, Model Loss 6.6863591998231175, View Loss 4.50456685022591
03-Aug-26 19:01:47 - Epoch 35, Model Loss 6.633137980317758, View Loss 4.487061541064892
03-Aug-26 19:01:50 - Epoch 35: Train_acc 0.5228758169934641 Val_acc 0.49019607843137253 Test_acc 0.5130890052356021 Test_auc 0.47593406593406595
03-Aug-26 19:03:32 - Epoch 36, Model Loss 6.677263577779134, View Loss 4.473960820366354
03-Aug-26 19:05:14 - Epoch 37, Model Loss 6.659070382710376, View Loss 4.437185767429327
03-Aug-26 19:06:56 - Epoch 38, Model Loss 6.648904108533673, View Loss 4.502843710332135
03-Aug-26 19:08:37 - Epoch 39, Model Loss 6.651809605118496, View Loss 4.491705202588848
03-Aug-26 19:10:19 - Epoch 40, Model Loss 6.606777359457577, View Loss 4.43691408244613
03-Aug-26 19:10:22 - Epoch 40: Train_acc 0.5359477124183006 Val_acc 0.477124183006536 Test_acc 0.5130890052356021 Test_auc 0.4787912087912088
03-Aug-26 19:12:04 - Epoch 41, Model Loss 6.630439976461573, View Loss 4.471993405834522
03-Aug-26 19:13:45 - Epoch 42, Model Loss 6.611314985487196, View Loss 4.441089302885766
03-Aug-26 19:15:27 - Epoch 43, Model Loss 6.636709852156296, View Loss 4.486010417439579
03-Aug-26 19:17:08 - Epoch 44, Model Loss 6.620978305542391, View Loss 4.462181739557803
03-Aug-26 19:18:50 - Epoch 45, Model Loss 6.663061394410975, View Loss 4.517575070748921
03-Aug-26 19:18:53 - Epoch 45: Train_acc 0.5228758169934641 Val_acc 0.5098039215686274 Test_acc 0.518324607329843 Test_auc 0.469010989010989
03-Aug-26 19:20:34 - Epoch 46, Model Loss 6.653879199931824, View Loss 4.497542272206226
03-Aug-26 19:22:16 - Epoch 47, Model Loss 6.6144690544776665, View Loss 4.465929028255488
03-Aug-26 19:23:58 - Epoch 48, Model Loss 6.615422653996087, View Loss 4.458898101756775
03-Aug-26 19:25:39 - Epoch 49, Model Loss 6.575009489371107, View Loss 4.4934988614001306
03-Aug-26 19:27:21 - Epoch 50, Model Loss 6.599773675008537, View Loss 4.470613523246416
03-Aug-26 19:27:24 - Epoch 50: Train_acc 0.5359477124183006 Val_acc 0.477124183006536 Test_acc 0.5130890052356021 Test_auc 0.4787912087912088
03-Aug-26 19:29:05 - Epoch 51, Model Loss 6.579438851549734, View Loss 4.470358711442137
03-Aug-26 19:30:46 - Epoch 52, Model Loss 6.547083066179861, View Loss 4.470944719376907
03-Aug-26 19:32:27 - Epoch 53, Model Loss 6.575590083801669, View Loss 4.474524915607926
03-Aug-26 19:34:09 - Epoch 54, Model Loss 6.644923154045554, View Loss 4.525569682027779
03-Aug-26 19:35:50 - Epoch 55, Model Loss 6.600006739298503, View Loss 4.540155610227896
03-Aug-26 19:35:53 - Epoch 55: Train_acc 0.5228758169934641 Val_acc 0.5098039215686274 Test_acc 0.5130890052356021 Test_auc 0.4689010989010989
03-Aug-26 19:37:34 - Epoch 56, Model Loss 6.600841939838883, View Loss 4.507317197089102
03-Aug-26 19:39:16 - Epoch 57, Model Loss 6.586018253775204, View Loss 4.46539593989553
03-Aug-26 19:40:57 - Epoch 58, Model Loss 6.57890621197769, View Loss 4.535345457737742
03-Aug-26 19:42:39 - Epoch 59, Model Loss 6.564972565844168, View Loss 4.506342245862375
03-Aug-26 19:44:20 - Epoch 60, Model Loss 6.592466647328894, View Loss 4.511860925387713
03-Aug-26 19:44:23 - Epoch 60: Train_acc 0.5375816993464052 Val_acc 0.477124183006536 Test_acc 0.5130890052356021 Test_auc 0.478021978021978
03-Aug-26 19:46:05 - Epoch 61, Model Loss 6.541878625458362, View Loss 4.496743828642602
03-Aug-26 19:47:46 - Epoch 62, Model Loss 6.53379991942761, View Loss 4.502767880757649
03-Aug-26 19:49:28 - Epoch 63, Model Loss 6.494766416113361, View Loss 4.508218961603501
03-Aug-26 19:51:09 - Epoch 64, Model Loss 6.534514632879519, View Loss 4.493406891043669
03-Aug-26 19:52:50 - Epoch 65, Model Loss 6.533956677305932, View Loss 4.530993072036045
03-Aug-26 19:52:53 - Epoch 65: Train_acc 0.5245098039215687 Val_acc 0.49019607843137253 Test_acc 0.5130890052356021 Test_auc 0.4759340659340659
03-Aug-26 19:54:35 - Epoch 66, Model Loss 6.497692033356311, View Loss 4.510929353876052
03-Aug-26 19:56:16 - Epoch 67, Model Loss 6.488517063115936, View Loss 4.485448687684302
03-Aug-26 19:57:58 - Epoch 68, Model Loss 6.48454562043832, View Loss 4.493477902381248
03-Aug-26 19:59:40 - Epoch 69, Model Loss 6.520947867748784, View Loss 4.497139734380386
03-Aug-26 20:01:21 - Epoch 70, Model Loss 6.507449723536672, View Loss 4.492499086591932
03-Aug-26 20:01:24 - Epoch 70: Train_acc 0.5228758169934641 Val_acc 0.5098039215686274 Test_acc 0.5130890052356021 Test_auc 0.4685714285714286
03-Aug-26 20:03:05 - Epoch 71, Model Loss 6.464292831670225, View Loss 4.485644293766396
03-Aug-26 20:04:46 - Epoch 72, Model Loss 6.498361138736501, View Loss 4.519887026618509
03-Aug-26 20:06:28 - Epoch 73, Model Loss 6.486060036553277, View Loss 4.488474097906375
03-Aug-26 20:08:09 - Epoch 74, Model Loss 6.503694577933916, View Loss 4.494479896196353
03-Aug-26 20:09:51 - Epoch 75, Model Loss 6.5019546084933815, View Loss 4.519733294942021
03-Aug-26 20:09:54 - Epoch 75: Train_acc 0.5375816993464052 Val_acc 0.477124183006536 Test_acc 0.5130890052356021 Test_auc 0.47813186813186814
03-Aug-26 20:11:36 - Epoch 76, Model Loss 6.481467377905752, View Loss 4.485940428341136
03-Aug-26 20:13:17 - Epoch 77, Model Loss 6.5157110208000235, View Loss 4.532770745894489
03-Aug-26 20:14:59 - Epoch 78, Model Loss 6.468382162206313, View Loss 4.48287715787202
03-Aug-26 20:16:41 - Epoch 79, Model Loss 6.465025668050728, View Loss 4.464404187171287
03-Aug-26 20:18:22 - Epoch 80, Model Loss 6.4681842654359105, View Loss 4.5061787156497735
03-Aug-26 20:18:25 - Epoch 80: Train_acc 0.5228758169934641 Val_acc 0.49019607843137253 Test_acc 0.5130890052356021 Test_auc 0.4760439560439561
03-Aug-26 20:20:07 - Epoch 81, Model Loss 6.432411854563195, View Loss 4.464024306901919
03-Aug-26 20:21:48 - Epoch 82, Model Loss 6.438854195713218, View Loss 4.48187946805767
03-Aug-26 20:23:30 - Epoch 83, Model Loss 6.494557704800874, View Loss 4.521263883004781
03-Aug-26 20:25:12 - Epoch 84, Model Loss 6.47056412229351, View Loss 4.523903806225147
03-Aug-26 20:26:54 - Epoch 85, Model Loss 6.4420692032458735, View Loss 4.49491401435503
03-Aug-26 20:26:56 - Epoch 85: Train_acc 0.5245098039215687 Val_acc 0.5098039215686274 Test_acc 0.5130890052356021 Test_auc 0.46901098901098903
03-Aug-26 20:28:38 - Epoch 86, Model Loss 6.443830349866082, View Loss 4.517631262735604
03-Aug-26 20:30:19 - Epoch 87, Model Loss 6.442536173303143, View Loss 4.501467548943813
03-Aug-26 20:32:00 - Epoch 88, Model Loss 6.413603978998521, View Loss 4.513175387787663
03-Aug-26 20:33:41 - Epoch 89, Model Loss 6.424984557955873, View Loss 4.512495904186972
03-Aug-26 20:35:23 - Epoch 90, Model Loss 6.460140159706664, View Loss 4.554085924734477
03-Aug-26 20:35:26 - Epoch 90: Train_acc 0.5359477124183006 Val_acc 0.477124183006536 Test_acc 0.5130890052356021 Test_auc 0.4787912087912088
03-Aug-26 20:37:07 - Epoch 91, Model Loss 6.4611798298904315, View Loss 4.553056941312902
03-Aug-26 20:38:48 - Epoch 92, Model Loss 6.447137072195415, View Loss 4.522312846838259
03-Aug-26 20:40:30 - Epoch 93, Model Loss 6.489311249427546, View Loss 4.567127399195254
03-Aug-26 20:42:11 - Epoch 94, Model Loss 6.467090924580892, View Loss 4.557944827609592
03-Aug-26 20:43:52 - Epoch 95, Model Loss 6.485411896425135, View Loss 4.540650096594119
03-Aug-26 20:43:55 - Epoch 95: Train_acc 0.5261437908496732 Val_acc 0.5098039215686274 Test_acc 0.5130890052356021 Test_auc 0.4693406593406594
03-Aug-26 20:45:37 - Epoch 96, Model Loss 6.434928619783689, View Loss 4.545231775520674
03-Aug-26 20:47:18 - Epoch 97, Model Loss 6.414255226359648, View Loss 4.52122288124234
03-Aug-26 20:49:00 - Epoch 98, Model Loss 6.38330531899446, View Loss 4.528556627385757
03-Aug-26 20:50:42 - Epoch 99, Model Loss 6.431816892686233, View Loss 4.549671746546926
03-Aug-26 20:52:24 - Epoch 100, Model Loss 6.423841426575106, View Loss 4.507841602649564
03-Aug-26 20:52:27 - Epoch 100: Train_acc 0.5245098039215687 Val_acc 0.49019607843137253 Test_acc 0.5130890052356021 Test_auc 0.47560439560439555
03-Aug-26 20:52:27 - FinishedTraining! BestEpoch (eval-interval index): 3
03-Aug-26 20:52:27 - Wrote /users/3171356m/muhammad/GraSTIACL/nested_cv/results/combat__emb32_bs128__fold4.json
03-Aug-26 20:52:27 - {
  "emb_dim": 32,
  "batch_size": 128,
  "fold": 4,
  "combat": true,
  "n_train": 612,
  "n_val": 153,
  "n_test": 191,
  "best_val_epoch_idx": 3,
  "train_accuracy": 0.5228758169934641,
  "val_accuracy": 0.5098039215686274,
  "test_accuracy": 0.5130890052356021,
  "train_f1": 0.41832669322709165,
  "val_f1": 0.4186046511627907,
  "test_f1": 0.4,
  "train_sensitivity": 0.3608247410280937,
  "val_sensitivity": 0.3698630086320136,
  "test_sensitivity": 0.34065933691583145,
  "train_specificity": 0.6697819293776264,
  "val_specificity": 0.6374999920312501,
  "test_specificity": 0.6699999933,
  "train_precision": 0.4976303317535545,
  "val_precision": 0.48214285714285715,
  "test_precision": 0.484375,
  "test_auc": 0.4706593406593407
}
