03-Aug-26 08:32:45 - Using Device: cuda
03-Aug-26 08:32:45 - Seed: 123, Fold: 1, ComBat: False
03-Aug-26 08:32:45 - Namespace(fold=1, combat=False, num_dyn_windows=3, model_lr=0.0005, view_lr=0.0005, num_gc_layers=1, pooling_type='standard', emb_dim=256, vib_hidden_dim=400, batch_size=128, drop_ratio=0.3, epochs=100, kld_lambda=0.003, eval_interval=5, downstream_classifier='linear', ce_lambda=2.0, seed=123)
03-Aug-26 08:32:45 - Loading raw subject data...
03-Aug-26 08:32:48 - Loaded 956 subjects (455 ASD, 501 NC)
03-Aug-26 08:32:48 - Train/Val/Test sizes: 612/153/191
03-Aug-26 08:34:37 - Epoch 1, Model Loss 7.461867310642417, View Loss -5.205613759608051
03-Aug-26 08:36:25 - Epoch 2, Model Loss 6.835570357204262, View Loss -2.791240022073384
03-Aug-26 08:38:12 - Epoch 3, Model Loss 7.21308648975846, View Loss 2.086410368190092
03-Aug-26 08:40:00 - Epoch 4, Model Loss 7.04056574628244, View Loss 2.8573709812039643
03-Aug-26 08:41:47 - Epoch 5, Model Loss 6.931433983098447, View Loss 3.0021169045392204
03-Aug-26 08:41:51 - Epoch 5: Train_acc 0.5310457516339869 Val_acc 0.5424836601307189 Test_acc 0.5340314136125655 Test_auc 0.5074725274725276
03-Aug-26 08:43:42 - Epoch 6, Model Loss 6.873160926345127, View Loss 3.1486284826316084
03-Aug-26 08:45:30 - Epoch 7, Model Loss 6.789004706089793, View Loss 3.2608537970025555
03-Aug-26 08:47:18 - Epoch 8, Model Loss 6.712846472372417, View Loss 3.29354983217576
03-Aug-26 08:49:06 - Epoch 9, Model Loss 6.751067485684663, View Loss 3.4058390910329384
03-Aug-26 08:50:54 - Epoch 10, Model Loss 6.704428922117146, View Loss 3.5818658591875066
03-Aug-26 08:50:57 - Epoch 10: Train_acc 0.5212418300653595 Val_acc 0.5359477124183006 Test_acc 0.5392670157068062 Test_auc 0.508021978021978
03-Aug-26 08:52:44 - Epoch 11, Model Loss 6.729014683393092, View Loss 3.7602286572549857
03-Aug-26 08:54:32 - Epoch 12, Model Loss 6.7274934170292875, View Loss 3.814822094113219
03-Aug-26 08:56:19 - Epoch 13, Model Loss 6.753217407301361, View Loss 4.034831184187746
03-Aug-26 08:58:07 - Epoch 14, Model Loss 6.739328253502939, View Loss 4.183828787086836
03-Aug-26 08:59:54 - Epoch 15, Model Loss 6.756259756150588, View Loss 4.267859941993663
03-Aug-26 08:59:57 - Epoch 15: Train_acc 0.5408496732026143 Val_acc 0.5359477124183006 Test_acc 0.5497382198952879 Test_auc 0.5299999999999999
03-Aug-26 09:01:45 - Epoch 16, Model Loss 6.722859675588172, View Loss 4.296898386836831
03-Aug-26 09:03:32 - Epoch 17, Model Loss 6.712208704231611, View Loss 4.325417923771478
03-Aug-26 09:05:20 - Epoch 18, Model Loss 6.767355220769745, View Loss 4.533774450713513
03-Aug-26 09:07:08 - Epoch 19, Model Loss 6.660178402670069, View Loss 4.412162509619021
03-Aug-26 09:08:56 - Epoch 20, Model Loss 6.6807079128190585, View Loss 4.434764824661554
03-Aug-26 09:08:59 - Epoch 20: Train_acc 0.5261437908496732 Val_acc 0.5490196078431373 Test_acc 0.5287958115183246 Test_auc 0.516043956043956
03-Aug-26 09:10:46 - Epoch 21, Model Loss 6.649466009700999, View Loss 4.35166770648333
03-Aug-26 09:12:34 - Epoch 22, Model Loss 6.69831016640258, View Loss 4.371382747600281
03-Aug-26 09:14:22 - Epoch 23, Model Loss 6.732451448253557, View Loss 4.42841978634105
03-Aug-26 09:16:10 - Epoch 24, Model Loss 6.739381057764191, View Loss 4.3857314945046415
03-Aug-26 09:17:57 - Epoch 25, Model Loss 6.729753790338055, View Loss 4.451923728768342
03-Aug-26 09:18:00 - Epoch 25: Train_acc 0.5294117647058824 Val_acc 0.5359477124183006 Test_acc 0.5340314136125655 Test_auc 0.5147252747252747
03-Aug-26 09:19:52 - Epoch 26, Model Loss 6.730205841313779, View Loss 4.509293861638486
03-Aug-26 09:21:40 - Epoch 27, Model Loss 6.6811986374699215, View Loss 4.455116605447008
03-Aug-26 09:23:27 - Epoch 28, Model Loss 6.6699480729944565, View Loss 4.451450955634024
03-Aug-26 09:25:15 - Epoch 29, Model Loss 6.629113886091444, View Loss 4.465484640956704
03-Aug-26 09:27:02 - Epoch 30, Model Loss 6.615185104943569, View Loss 4.402430038826139
03-Aug-26 09:27:06 - Epoch 30: Train_acc 0.5196078431372549 Val_acc 0.5424836601307189 Test_acc 0.5445026178010471 Test_auc 0.5096703296703297
03-Aug-26 09:28:53 - Epoch 31, Model Loss 6.6347677505094245, View Loss 4.5197047501607654
03-Aug-26 09:30:41 - Epoch 32, Model Loss 6.610739991555806, View Loss 4.4397949330946975
03-Aug-26 09:32:28 - Epoch 33, Model Loss 6.640965380699806, View Loss 4.442567370296303
03-Aug-26 09:34:16 - Epoch 34, Model Loss 6.687846071579877, View Loss 4.381144501804527
03-Aug-26 09:36:04 - Epoch 35, Model Loss 6.640183093501072, View Loss 4.45763896805009
03-Aug-26 09:36:07 - Epoch 35: Train_acc 0.5261437908496732 Val_acc 0.5359477124183006 Test_acc 0.5602094240837696 Test_auc 0.5318681318681319
03-Aug-26 09:37:55 - Epoch 36, Model Loss 6.554481493881325, View Loss 4.461550460142248
03-Aug-26 09:39:42 - Epoch 37, Model Loss 6.701543122335197, View Loss 4.442343945596733
03-Aug-26 09:41:30 - Epoch 38, Model Loss 6.590538991042991, View Loss 4.538144445107653
03-Aug-26 09:43:17 - Epoch 39, Model Loss 6.6521771873523985, View Loss 4.401077619565078
03-Aug-26 09:45:05 - Epoch 40, Model Loss 6.666092239953334, View Loss 4.531610217748904
03-Aug-26 09:45:08 - Epoch 40: Train_acc 0.5261437908496732 Val_acc 0.5882352941176471 Test_acc 0.5392670157068062 Test_auc 0.5163736263736264
03-Aug-26 09:46:55 - Epoch 41, Model Loss 6.612049495472627, View Loss 4.5358209329492905
03-Aug-26 09:48:43 - Epoch 42, Model Loss 6.57807255102918, View Loss 4.475617654962478
03-Aug-26 09:50:30 - Epoch 43, Model Loss 6.6263503093345495, View Loss 4.44224784576815
03-Aug-26 09:52:18 - Epoch 44, Model Loss 6.552258747075897, View Loss 4.501172149882597
03-Aug-26 09:54:05 - Epoch 45, Model Loss 6.516541088328642, View Loss 4.492066751118579
03-Aug-26 09:54:08 - Epoch 45: Train_acc 0.5245098039215687 Val_acc 0.5228758169934641 Test_acc 0.5497382198952879 Test_auc 0.5158241758241758
03-Aug-26 09:55:57 - Epoch 46, Model Loss 6.5852375840829085, View Loss 4.462694323919957
03-Aug-26 09:57:45 - Epoch 47, Model Loss 6.5265155991697625, View Loss 4.510565723469055
03-Aug-26 09:59:32 - Epoch 48, Model Loss 6.579051946502885, View Loss 4.452236798853656
03-Aug-26 10:01:20 - Epoch 49, Model Loss 6.523732590519525, View Loss 4.4997347445269815
03-Aug-26 10:03:07 - Epoch 50, Model Loss 6.629860017813888, View Loss 4.4987333241631005
03-Aug-26 10:03:10 - Epoch 50: Train_acc 0.5310457516339869 Val_acc 0.5294117647058824 Test_acc 0.5445026178010471 Test_auc 0.5181318681318682
03-Aug-26 10:05:02 - Epoch 51, Model Loss 6.598731028488259, View Loss 4.522421674790725
03-Aug-26 10:06:50 - Epoch 52, Model Loss 6.546165160883486, View Loss 4.511672531078064
03-Aug-26 10:08:37 - Epoch 53, Model Loss 6.458064771166034, View Loss 4.468956592036228
03-Aug-26 10:10:25 - Epoch 54, Model Loss 6.732971503064523, View Loss 4.646425468469757
03-Aug-26 10:12:12 - Epoch 55, Model Loss 6.550561534033881, View Loss 4.5039030960182735
03-Aug-26 10:12:15 - Epoch 55: Train_acc 0.5310457516339869 Val_acc 0.5294117647058824 Test_acc 0.5445026178010471 Test_auc 0.5170329670329671
03-Aug-26 10:14:03 - Epoch 56, Model Loss 6.622237205505371, View Loss 4.606291287864735
03-Aug-26 10:15:51 - Epoch 57, Model Loss 6.525931931788625, View Loss 4.567185414382835
03-Aug-26 10:17:38 - Epoch 58, Model Loss 6.521508734210644, View Loss 4.587649170869316
03-Aug-26 10:19:26 - Epoch 59, Model Loss 6.447595639945635, View Loss 4.596813133339476
03-Aug-26 10:21:14 - Epoch 60, Model Loss 6.518993564680511, View Loss 4.536513471915052
03-Aug-26 10:21:17 - Epoch 60: Train_acc 0.5277777777777778 Val_acc 0.5555555555555556 Test_acc 0.5445026178010471 Test_auc 0.5076923076923077
03-Aug-26 10:23:04 - Epoch 61, Model Loss 6.480097427866817, View Loss 4.48182248134239
03-Aug-26 10:24:52 - Epoch 62, Model Loss 6.516794232761159, View Loss 4.512522357741212
03-Aug-26 10:26:39 - Epoch 63, Model Loss 6.5004616967992845, View Loss 4.517765197878569
03-Aug-26 10:28:26 - Epoch 64, Model Loss 6.410825317981196, View Loss 4.55661375070709
03-Aug-26 10:30:14 - Epoch 65, Model Loss 6.333158119052064, View Loss 4.517968271292892
03-Aug-26 10:30:17 - Epoch 65: Train_acc 0.5277777777777778 Val_acc 0.5490196078431373 Test_acc 0.5497382198952879 Test_auc 0.5052747252747254
03-Aug-26 10:32:06 - Epoch 66, Model Loss 6.798456469392465, View Loss 4.523629101273281
03-Aug-26 10:33:54 - Epoch 67, Model Loss 6.61911288429709, View Loss 4.565677627239352
03-Aug-26 10:35:41 - Epoch 68, Model Loss 6.6012241700116325, View Loss 4.637433039596657
03-Aug-26 10:37:29 - Epoch 69, Model Loss 6.524428411246904, View Loss 4.580696881986132
03-Aug-26 10:39:16 - Epoch 70, Model Loss 6.456616482703514, View Loss 4.513610172895045
03-Aug-26 10:39:19 - Epoch 70: Train_acc 0.5359477124183006 Val_acc 0.5359477124183006 Test_acc 0.5392670157068062 Test_auc 0.5147252747252747
03-Aug-26 10:41:07 - Epoch 71, Model Loss 6.402435863719267, View Loss 4.569783460081013
03-Aug-26 10:42:54 - Epoch 72, Model Loss 6.463244824627646, View Loss 4.563577891954409
03-Aug-26 10:44:42 - Epoch 73, Model Loss 6.608460575926538, View Loss 4.497527642966875
03-Aug-26 10:46:30 - Epoch 74, Model Loss 6.484847174750434, View Loss 4.531200465034036
03-Aug-26 10:48:17 - Epoch 75, Model Loss 6.4251431608511735, View Loss 4.5163037325042525
03-Aug-26 10:48:20 - Epoch 75: Train_acc 0.5261437908496732 Val_acc 0.5359477124183006 Test_acc 0.5445026178010471 Test_auc 0.5294505494505495
03-Aug-26 10:50:07 - Epoch 76, Model Loss 6.373893095776926, View Loss 4.631296787386626
03-Aug-26 10:51:55 - Epoch 77, Model Loss 6.433937664904626, View Loss 4.4872575678856546
03-Aug-26 10:53:42 - Epoch 78, Model Loss 6.35014663958082, View Loss 4.543993161394705
03-Aug-26 10:55:30 - Epoch 79, Model Loss 6.285758990867465, View Loss 4.6545002413731
03-Aug-26 10:57:17 - Epoch 80, Model Loss 6.304009777268553, View Loss 4.445404679167504
03-Aug-26 10:57:21 - Epoch 80: Train_acc 0.5261437908496732 Val_acc 0.5359477124183006 Test_acc 0.5445026178010471 Test_auc 0.5291208791208791
03-Aug-26 10:59:14 - Epoch 81, Model Loss 6.407798193638621, View Loss 4.574959025663488
03-Aug-26 11:01:02 - Epoch 82, Model Loss 6.268796933242698, View Loss 4.404964316125009
03-Aug-26 11:02:49 - Epoch 83, Model Loss 6.3221944204342915, View Loss 4.502170276018529
03-Aug-26 11:04:37 - Epoch 84, Model Loss 6.323288356556612, View Loss 4.4467532743815505
03-Aug-26 11:06:24 - Epoch 85, Model Loss 6.305987174214881, View Loss 4.465216833002427
03-Aug-26 11:06:27 - Epoch 85: Train_acc 0.5261437908496732 Val_acc 0.5947712418300654 Test_acc 0.5602094240837696 Test_auc 0.5235164835164835
03-Aug-26 11:08:16 - Epoch 86, Model Loss 6.364121521220488, View Loss 4.470028116812114
03-Aug-26 11:10:05 - Epoch 87, Model Loss 6.559914193122215, View Loss 4.432124829759784
03-Aug-26 11:11:53 - Epoch 88, Model Loss 6.484859397987914, View Loss 4.62327479069529
03-Aug-26 11:13:41 - Epoch 89, Model Loss 6.370417884751862, View Loss 4.501052993574953
03-Aug-26 11:15:28 - Epoch 90, Model Loss 6.325017271478192, View Loss 4.662031644310048
03-Aug-26 11:15:31 - Epoch 90: Train_acc 0.5343137254901961 Val_acc 0.5294117647058824 Test_acc 0.5392670157068062 Test_auc 0.511978021978022
03-Aug-26 11:17:19 - Epoch 91, Model Loss 6.2479717404234645, View Loss 4.377861627566269
03-Aug-26 11:19:06 - Epoch 92, Model Loss 6.57764158685223, View Loss 4.562028314553055
03-Aug-26 11:20:53 - Epoch 93, Model Loss 6.428317758772108, View Loss 4.601293619941263
03-Aug-26 11:22:41 - Epoch 94, Model Loss 6.363011475482018, View Loss 4.46616917030484
03-Aug-26 11:24:28 - Epoch 95, Model Loss 6.449072198930129, View Loss 4.533056377585417
03-Aug-26 11:24:32 - Epoch 95: Train_acc 0.5277777777777778 Val_acc 0.5294117647058824 Test_acc 0.5445026178010471 Test_auc 0.5292307692307692
03-Aug-26 11:26:19 - Epoch 96, Model Loss 6.334064891914916, View Loss 4.456040217206369
03-Aug-26 11:28:06 - Epoch 97, Model Loss 6.376734951742335, View Loss 4.464019049226848
03-Aug-26 11:29:53 - Epoch 98, Model Loss 6.4981666296915295, View Loss 4.473900679669349
03-Aug-26 11:31:41 - Epoch 99, Model Loss 6.369032560610304, View Loss 4.584446383457558
03-Aug-26 11:33:28 - Epoch 100, Model Loss 6.413510509565765, View Loss 4.4695166045544195
03-Aug-26 11:33:31 - Epoch 100: Train_acc 0.5277777777777778 Val_acc 0.5359477124183006 Test_acc 0.5340314136125655 Test_auc 0.5186813186813187
03-Aug-26 11:33:31 - FinishedTraining! BestEpoch (eval-interval index): 16
03-Aug-26 11:33:31 - Wrote /users/3171356m/muhammad/GraSTIACL/nested_cv/results/nocombat__emb256_bs128__fold1.json
03-Aug-26 11:33:31 - {
  "emb_dim": 256,
  "batch_size": 128,
  "fold": 1,
  "combat": false,
  "n_train": 612,
  "n_val": 153,
  "n_test": 191,
  "best_val_epoch_idx": 16,
  "train_accuracy": 0.5261437908496732,
  "val_accuracy": 0.5947712418300654,
  "test_accuracy": 0.5602094240837696,
  "train_f1": 0.42231075697211157,
  "val_f1": 0.5230769230769231,
  "test_f1": 0.43243243243243246,
  "train_sensitivity": 0.3642611671331231,
  "val_sensitivity": 0.46575341827735045,
  "test_sensitivity": 0.3516483477840841,
  "train_specificity": 0.6728971941654293,
  "val_specificity": 0.7124999910937502,
  "test_specificity": 0.7499999925,
  "train_precision": 0.5023696682464455,
  "val_precision": 0.5964912280701754,
  "test_precision": 0.5614035087719298,
  "test_auc": 0.5235164835164835
}
