Task 7: emb_dim=128 batch_size=32 fold=2 combat=yes
The Zen of Python, by Tim Peters

Beautiful is better than ugly.
Explicit is better than implicit.
Simple is better than complex.
Complex is better than complicated.
Flat is better than nested.
Sparse is better than dense.
Readability counts.
Special cases aren't special enough to break the rules.
Although practicality beats purity.
Errors should never pass silently.
Unless explicitly silenced.
In the face of ambiguity, refuse the temptation to guess.
There should be one-- and preferably only one --obvious way to do it.
Although that way may not be obvious at first unless you're Dutch.
Now is better than never.
Although never is often better than *right* now.
If the implementation is hard to explain, it's a bad idea.
If the implementation is easy to explain, it may be a good idea.
Namespaces are one honking great idea -- let's do more of those!
validation time cost : 0.12013 sec
validation time cost : 0.10946 sec
validation time cost : 0.10881 sec
validation time cost : 0.10604 sec
validation time cost : 0.10731 sec
validation time cost : 0.10785 sec
validation time cost : 0.10738 sec
validation time cost : 0.10803 sec
validation time cost : 0.10606 sec
validation time cost : 0.10462 sec
validation time cost : 0.10420 sec
validation time cost : 0.10488 sec
validation time cost : 0.10630 sec
validation time cost : 0.10634 sec
validation time cost : 0.10512 sec
validation time cost : 0.10592 sec
validation time cost : 0.10394 sec
validation time cost : 0.10681 sec
validation time cost : 0.10624 sec
validation time cost : 0.10658 sec
