Task 16: emb_dim=32 batch_size=128 fold=1 combat=yes
The Zen of Python, by Tim Peters

Beautiful is better than ugly.
Explicit is better than implicit.
Simple is better than complex.
Complex is better than complicated.
Flat is better than nested.
Sparse is better than dense.
Readability counts.
Special cases aren't special enough to break the rules.
Although practicality beats purity.
Errors should never pass silently.
Unless explicitly silenced.
In the face of ambiguity, refuse the temptation to guess.
There should be one-- and preferably only one --obvious way to do it.
Although that way may not be obvious at first unless you're Dutch.
Now is better than never.
Although never is often better than *right* now.
If the implementation is hard to explain, it's a bad idea.
If the implementation is easy to explain, it may be a good idea.
Namespaces are one honking great idea -- let's do more of those!
validation time cost : 0.13997 sec
validation time cost : 0.13195 sec
validation time cost : 0.13176 sec
validation time cost : 0.13165 sec
validation time cost : 0.12658 sec
validation time cost : 0.12375 sec
validation time cost : 0.12876 sec
validation time cost : 0.12807 sec
validation time cost : 0.12901 sec
validation time cost : 0.12411 sec
validation time cost : 0.12624 sec
validation time cost : 0.12536 sec
validation time cost : 0.12313 sec
validation time cost : 0.12419 sec
validation time cost : 0.12391 sec
validation time cost : 0.12376 sec
validation time cost : 0.12382 sec
validation time cost : 0.12317 sec
validation time cost : 0.12642 sec
validation time cost : 0.12704 sec
