03-Aug-26 14:44:11 - Using Device: cuda
03-Aug-26 14:44:11 - Seed: 123, Fold: 2, ComBat: True
03-Aug-26 14:44:11 - Namespace(fold=2, combat=True, num_dyn_windows=3, model_lr=0.0005, view_lr=0.0005, num_gc_layers=1, pooling_type='standard', emb_dim=256, vib_hidden_dim=400, batch_size=32, drop_ratio=0.3, epochs=100, kld_lambda=0.003, eval_interval=5, downstream_classifier='linear', ce_lambda=2.0, seed=123)
03-Aug-26 14:44:11 - Loading raw subject data...
03-Aug-26 14:44:19 - Loaded 956 subjects (455 ASD, 501 NC)
03-Aug-26 14:44:20 - Train/Val/Test sizes: 612/153/191
03-Aug-26 14:46:08 - Epoch 1, Model Loss 5.6378805730857104, View Loss -2.7699640926971933
03-Aug-26 14:47:54 - Epoch 2, Model Loss 5.420982081905689, View Loss 1.3821589229932798
03-Aug-26 14:49:40 - Epoch 3, Model Loss 5.311838268454558, View Loss 1.8259968095355563
03-Aug-26 14:51:27 - Epoch 4, Model Loss 5.19101031465468, View Loss 2.075173065163731
03-Aug-26 14:53:14 - Epoch 5, Model Loss 5.230170184490728, View Loss 2.723058042962567
03-Aug-26 14:53:17 - Epoch 5: Train_acc 0.545751633986928 Val_acc 0.48366013071895425 Test_acc 0.518324607329843 Test_auc 0.5006593406593407
03-Aug-26 14:55:06 - Epoch 6, Model Loss 5.343640302520951, View Loss 2.8626556937990624
03-Aug-26 14:56:53 - Epoch 7, Model Loss 5.272928861231586, View Loss 2.9005279295584736
03-Aug-26 14:58:39 - Epoch 8, Model Loss 5.252080113280053, View Loss 2.944871478318389
03-Aug-26 15:00:26 - Epoch 9, Model Loss 5.22077917585186, View Loss 2.9106971937067367
03-Aug-26 15:02:12 - Epoch 10, Model Loss 5.174496812758103, View Loss 2.8660192263671775
03-Aug-26 15:02:15 - Epoch 10: Train_acc 0.5522875816993464 Val_acc 0.5098039215686274 Test_acc 0.4973821989528796 Test_auc 0.515054945054945
03-Aug-26 15:04:00 - Epoch 11, Model Loss 5.325272581935708, View Loss 3.0170696782909965
03-Aug-26 15:05:46 - Epoch 12, Model Loss 5.218599665398691, View Loss 2.9994704224704916
03-Aug-26 15:07:32 - Epoch 13, Model Loss 5.147615347033232, View Loss 3.032452094399072
03-Aug-26 15:09:18 - Epoch 14, Model Loss 5.095545291900635, View Loss 2.9513265829460296
03-Aug-26 15:11:04 - Epoch 15, Model Loss 5.254051083832785, View Loss 2.9957174300368314
03-Aug-26 15:11:07 - Epoch 15: Train_acc 0.5555555555555556 Val_acc 0.5163398692810458 Test_acc 0.5130890052356021 Test_auc 0.5162637362637362
03-Aug-26 15:12:52 - Epoch 16, Model Loss 5.240374019722533, View Loss 3.020714336750554
03-Aug-26 15:14:38 - Epoch 17, Model Loss 5.128437031328288, View Loss 2.998844410858902
03-Aug-26 15:16:23 - Epoch 18, Model Loss 5.2207879864312465, View Loss 2.995742166353986
03-Aug-26 15:18:09 - Epoch 19, Model Loss 5.146113146364299, View Loss 3.020663512493271
03-Aug-26 15:19:54 - Epoch 20, Model Loss 5.180932012258792, View Loss 3.0091248851975583
03-Aug-26 15:19:57 - Epoch 20: Train_acc 0.5571895424836601 Val_acc 0.5163398692810458 Test_acc 0.5078534031413613 Test_auc 0.516043956043956
03-Aug-26 15:21:43 - Epoch 21, Model Loss 5.076237798516267, View Loss 2.9886418764108145
03-Aug-26 15:23:28 - Epoch 22, Model Loss 5.093736604927412, View Loss 2.943583911150889
03-Aug-26 15:25:14 - Epoch 23, Model Loss 5.099208543503207, View Loss 3.034734162629819
03-Aug-26 15:26:59 - Epoch 24, Model Loss 5.136135995777604, View Loss 3.092370391476388
03-Aug-26 15:28:45 - Epoch 25, Model Loss 5.0686925330193215, View Loss 3.0260198755201952
03-Aug-26 15:28:48 - Epoch 25: Train_acc 0.5473856209150327 Val_acc 0.48366013071895425 Test_acc 0.5130890052356021 Test_auc 0.4993406593406594
03-Aug-26 15:30:35 - Epoch 26, Model Loss 5.054889951656067, View Loss 2.9373344777066723
03-Aug-26 15:32:21 - Epoch 27, Model Loss 5.055798141005772, View Loss 3.0119346380233765
03-Aug-26 15:34:06 - Epoch 28, Model Loss 5.104826172972037, View Loss 3.000875234603882
03-Aug-26 15:35:52 - Epoch 29, Model Loss 5.069605055977316, View Loss 3.141823361512103
03-Aug-26 15:37:38 - Epoch 30, Model Loss 5.101879622422013, View Loss 3.0692315697669983
03-Aug-26 15:37:41 - Epoch 30: Train_acc 0.5408496732026143 Val_acc 0.5424836601307189 Test_acc 0.5287958115183246 Test_auc 0.5180219780219781
03-Aug-26 15:39:27 - Epoch 31, Model Loss 5.056428532195247, View Loss 3.0335482132980247
03-Aug-26 15:41:13 - Epoch 32, Model Loss 5.1598681343926325, View Loss 2.8602682009241938
03-Aug-26 15:42:58 - Epoch 33, Model Loss 5.075347183576596, View Loss 3.088186595175001
03-Aug-26 15:44:44 - Epoch 34, Model Loss 5.082973785649717, View Loss 3.093400301496967
03-Aug-26 15:46:29 - Epoch 35, Model Loss 5.065024369682362, View Loss 3.1098302062235628
03-Aug-26 15:46:32 - Epoch 35: Train_acc 0.5588235294117647 Val_acc 0.5098039215686274 Test_acc 0.5130890052356021 Test_auc 0.5162637362637362
03-Aug-26 15:48:18 - Epoch 36, Model Loss 5.046100477767147, View Loss 3.0609311714671015
03-Aug-26 15:50:03 - Epoch 37, Model Loss 5.019100321663751, View Loss 3.1529564031588486
03-Aug-26 15:51:49 - Epoch 38, Model Loss 4.929909240186604, View Loss 3.054383005971223
03-Aug-26 15:53:34 - Epoch 39, Model Loss 5.037499401304457, View Loss 3.086177306919316
03-Aug-26 15:55:20 - Epoch 40, Model Loss 4.988432025597765, View Loss 3.057307171665765
03-Aug-26 15:55:23 - Epoch 40: Train_acc 0.5424836601307189 Val_acc 0.477124183006536 Test_acc 0.5026178010471204 Test_auc 0.49978021978021975
03-Aug-26 15:57:09 - Epoch 41, Model Loss 5.014324524823357, View Loss 3.0647750500760047
03-Aug-26 15:58:55 - Epoch 42, Model Loss 4.965713504093145, View Loss 3.092074352931353
03-Aug-26 16:00:41 - Epoch 43, Model Loss 5.094087447995454, View Loss 3.0416751850664228
03-Aug-26 16:02:27 - Epoch 44, Model Loss 4.995176985372905, View Loss 3.028770189659268
03-Aug-26 16:04:13 - Epoch 45, Model Loss 5.029536836287555, View Loss 3.1496399555330963
03-Aug-26 16:04:16 - Epoch 45: Train_acc 0.5571895424836601 Val_acc 0.5098039215686274 Test_acc 0.5130890052356021 Test_auc 0.5158241758241758
03-Aug-26 16:06:01 - Epoch 46, Model Loss 4.934585490257912, View Loss 3.040057088035384
03-Aug-26 16:07:47 - Epoch 47, Model Loss 4.971084883010465, View Loss 3.0904779130337285
03-Aug-26 16:09:33 - Epoch 48, Model Loss 5.007501302980909, View Loss 3.1252201624165954
03-Aug-26 16:11:18 - Epoch 49, Model Loss 4.950857206107744, View Loss 3.0764151397678585
03-Aug-26 16:13:04 - Epoch 50, Model Loss 4.955356105480319, View Loss 3.0741690490760054
03-Aug-26 16:13:07 - Epoch 50: Train_acc 0.553921568627451 Val_acc 0.5098039215686274 Test_acc 0.5078534031413613 Test_auc 0.5137362637362638
03-Aug-26 16:14:53 - Epoch 51, Model Loss 4.9517980027042965, View Loss 3.084199344410616
03-Aug-26 16:16:38 - Epoch 52, Model Loss 4.897817907769696, View Loss 3.0787041070414523
03-Aug-26 16:18:24 - Epoch 53, Model Loss 4.90537829025119, View Loss 3.11031383314943
03-Aug-26 16:20:10 - Epoch 54, Model Loss 4.978057425006543, View Loss 3.063333115303049
03-Aug-26 16:21:55 - Epoch 55, Model Loss 4.912087465423385, View Loss 3.1001017132615734
03-Aug-26 16:21:58 - Epoch 55: Train_acc 0.5522875816993464 Val_acc 0.5098039215686274 Test_acc 0.5078534031413613 Test_auc 0.5137362637362637
03-Aug-26 16:23:45 - Epoch 56, Model Loss 4.878630335814034, View Loss 3.023510422387154
03-Aug-26 16:25:31 - Epoch 57, Model Loss 4.9558907645979735, View Loss 3.0556229758106803
03-Aug-26 16:27:17 - Epoch 58, Model Loss 4.900723879633386, View Loss 3.0324365921269836
03-Aug-26 16:29:02 - Epoch 59, Model Loss 4.992452744564979, View Loss 3.145515289961123
03-Aug-26 16:30:48 - Epoch 60, Model Loss 4.954568845773834, View Loss 3.154600550146664
03-Aug-26 16:30:51 - Epoch 60: Train_acc 0.5392156862745098 Val_acc 0.477124183006536 Test_acc 0.5130890052356021 Test_auc 0.5003296703296704
03-Aug-26 16:32:37 - Epoch 61, Model Loss 4.964091235516118, View Loss 3.1434785637980194
03-Aug-26 16:34:23 - Epoch 62, Model Loss 4.945814949235106, View Loss 3.1371978116191293
03-Aug-26 16:36:09 - Epoch 63, Model Loss 4.889942047642727, View Loss 3.0860951453252556
03-Aug-26 16:37:54 - Epoch 64, Model Loss 5.0552354342018075, View Loss 3.1542645303252477
03-Aug-26 16:39:39 - Epoch 65, Model Loss 4.925711807861827, View Loss 3.1531407587668476
03-Aug-26 16:39:42 - Epoch 65: Train_acc 0.5571895424836601 Val_acc 0.5098039215686274 Test_acc 0.5078534031413613 Test_auc 0.5153846153846154
03-Aug-26 16:41:30 - Epoch 66, Model Loss 4.948518631505031, View Loss 3.196733293580074
03-Aug-26 16:43:16 - Epoch 67, Model Loss 4.878612437279396, View Loss 3.078528300609464
03-Aug-26 16:45:02 - Epoch 68, Model Loss 4.9396776249206145, View Loss 3.1471419552572413
03-Aug-26 16:46:48 - Epoch 69, Model Loss 4.910386624679067, View Loss 3.1274588006773807
03-Aug-26 16:48:33 - Epoch 70, Model Loss 4.946666797002156, View Loss 3.1748970953467626
03-Aug-26 16:48:36 - Epoch 70: Train_acc 0.5555555555555556 Val_acc 0.5163398692810458 Test_acc 0.5078534031413613 Test_auc 0.5148351648351649
03-Aug-26 16:50:22 - Epoch 71, Model Loss 4.844380712197497, View Loss 3.166646777804381
03-Aug-26 16:52:07 - Epoch 72, Model Loss 4.9311479119693535, View Loss 3.1303800196429483
03-Aug-26 16:53:53 - Epoch 73, Model Loss 4.9251605326833285, View Loss 3.191848188054328
03-Aug-26 16:55:38 - Epoch 74, Model Loss 4.929653794157739, View Loss 3.17483618874955
03-Aug-26 16:57:24 - Epoch 75, Model Loss 4.924730681126414, View Loss 3.1694230242492325
03-Aug-26 16:57:27 - Epoch 75: Train_acc 0.5343137254901961 Val_acc 0.477124183006536 Test_acc 0.518324607329843 Test_auc 0.5006593406593407
03-Aug-26 16:59:13 - Epoch 76, Model Loss 4.862328188092101, View Loss 3.195484872103906
03-Aug-26 17:00:59 - Epoch 77, Model Loss 4.869432446224238, View Loss 3.1795449050423366
03-Aug-26 17:02:45 - Epoch 78, Model Loss 4.882171353483511, View Loss 3.1483862442907946
03-Aug-26 17:04:30 - Epoch 79, Model Loss 4.9339807906181985, View Loss 3.0836592336106143
03-Aug-26 17:06:16 - Epoch 80, Model Loss 5.000025149264367, View Loss 3.0942884886186888
03-Aug-26 17:06:19 - Epoch 80: Train_acc 0.5555555555555556 Val_acc 0.5163398692810458 Test_acc 0.5130890052356021 Test_auc 0.5142857142857143
03-Aug-26 17:08:06 - Epoch 81, Model Loss 4.981221354864781, View Loss 3.267347285950106
03-Aug-26 17:09:52 - Epoch 82, Model Loss 4.921680875852997, View Loss 3.2276009360170055
03-Aug-26 17:11:37 - Epoch 83, Model Loss 4.9253153442557345, View Loss 3.226715631734312
03-Aug-26 17:13:23 - Epoch 84, Model Loss 4.868863922318602, View Loss 3.2233493550151002
03-Aug-26 17:15:08 - Epoch 85, Model Loss 4.989808818094091, View Loss 3.202352290060006
03-Aug-26 17:15:11 - Epoch 85: Train_acc 0.5588235294117647 Val_acc 0.5032679738562091 Test_acc 0.5287958115183246 Test_auc 0.5032967032967032
03-Aug-26 17:16:57 - Epoch 86, Model Loss 4.888332114500158, View Loss 3.1818327077853135
03-Aug-26 17:18:43 - Epoch 87, Model Loss 4.862063847336114, View Loss 3.164496223910961
03-Aug-26 17:20:29 - Epoch 88, Model Loss 4.8744894741407405, View Loss 3.1498341349994434
03-Aug-26 17:22:14 - Epoch 89, Model Loss 4.880190344417796, View Loss 3.1257605396844204
03-Aug-26 17:24:00 - Epoch 90, Model Loss 4.921531018088846, View Loss 3.2301347614113802
03-Aug-26 17:24:03 - Epoch 90: Train_acc 0.5408496732026143 Val_acc 0.5359477124183006 Test_acc 0.5287958115183246 Test_auc 0.518021978021978
03-Aug-26 17:25:50 - Epoch 91, Model Loss 5.0259217093972595, View Loss 3.2595597657502866
03-Aug-26 17:27:37 - Epoch 92, Model Loss 4.904967423357995, View Loss 3.257619715204426
03-Aug-26 17:29:22 - Epoch 93, Model Loss 4.840916677238115, View Loss 3.1867285343556624
03-Aug-26 17:31:08 - Epoch 94, Model Loss 4.870195423076355, View Loss 3.246465194459055
03-Aug-26 17:32:53 - Epoch 95, Model Loss 4.985502052930445, View Loss 3.2039286350113114
03-Aug-26 17:32:56 - Epoch 95: Train_acc 0.5408496732026143 Val_acc 0.5424836601307189 Test_acc 0.5287958115183246 Test_auc 0.5180219780219781
03-Aug-26 17:34:43 - Epoch 96, Model Loss 4.944530119303784, View Loss 3.2270588454078224
03-Aug-26 17:36:29 - Epoch 97, Model Loss 4.9213862341213845, View Loss 3.2509000761057036
03-Aug-26 17:38:14 - Epoch 98, Model Loss 4.9095773821562725, View Loss 3.232299322006749
03-Aug-26 17:40:01 - Epoch 99, Model Loss 4.9466246343126485, View Loss 3.223776675517263
03-Aug-26 17:41:46 - Epoch 100, Model Loss 4.915308724821004, View Loss 3.2214616412430805
03-Aug-26 17:41:49 - Epoch 100: Train_acc 0.553921568627451 Val_acc 0.5032679738562091 Test_acc 0.5078534031413613 Test_auc 0.5167032967032966
03-Aug-26 17:41:49 - FinishedTraining! BestEpoch (eval-interval index): 5
03-Aug-26 17:41:49 - Wrote /users/3171356m/muhammad/GraSTIACL/nested_cv/results/combat__emb256_bs32__fold2.json
03-Aug-26 17:41:49 - {
  "emb_dim": 256,
  "batch_size": 32,
  "fold": 2,
  "combat": true,
  "n_train": 612,
  "n_val": 153,
  "n_test": 191,
  "best_val_epoch_idx": 5,
  "train_accuracy": 0.5408496732026143,
  "val_accuracy": 0.5424836601307189,
  "test_accuracy": 0.5287958115183246,
  "train_f1": 0.39828693790149894,
  "val_f1": 0.39655172413793105,
  "test_f1": 0.40789473684210525,
  "train_sensitivity": 0.31958762776774013,
  "val_sensitivity": 0.31506848883467825,
  "test_sensitivity": 0.34065933691583145,
  "train_specificity": 0.7414330194970934,
  "val_specificity": 0.7499999906250001,
  "test_specificity": 0.699999993,
  "train_precision": 0.5284090909090909,
  "val_precision": 0.5348837209302325,
  "test_precision": 0.5081967213114754,
  "test_auc": 0.5180219780219781
}
