Task 5: emb_dim=128 batch_size=32 fold=0 combat=no
The Zen of Python, by Tim Peters

Beautiful is better than ugly.
Explicit is better than implicit.
Simple is better than complex.
Complex is better than complicated.
Flat is better than nested.
Sparse is better than dense.
Readability counts.
Special cases aren't special enough to break the rules.
Although practicality beats purity.
Errors should never pass silently.
Unless explicitly silenced.
In the face of ambiguity, refuse the temptation to guess.
There should be one-- and preferably only one --obvious way to do it.
Although that way may not be obvious at first unless you're Dutch.
Now is better than never.
Although never is often better than *right* now.
If the implementation is hard to explain, it's a bad idea.
If the implementation is easy to explain, it may be a good idea.
Namespaces are one honking great idea -- let's do more of those!
validation time cost : 0.14537 sec
validation time cost : 0.15100 sec
validation time cost : 0.15072 sec
validation time cost : 0.14943 sec
validation time cost : 0.15939 sec
validation time cost : 0.14230 sec
validation time cost : 0.13746 sec
validation time cost : 0.13734 sec
validation time cost : 0.13817 sec
validation time cost : 0.13822 sec
validation time cost : 0.13605 sec
validation time cost : 0.13625 sec
validation time cost : 0.13609 sec
validation time cost : 0.13698 sec
validation time cost : 0.13931 sec
validation time cost : 0.13667 sec
validation time cost : 0.13696 sec
validation time cost : 0.13689 sec
validation time cost : 0.13613 sec
validation time cost : 0.13618 sec
