03-Aug-26 08:32:30 - Using Device: cuda
03-Aug-26 08:32:30 - Seed: 123, Fold: 0, ComBat: False
03-Aug-26 08:32:30 - Namespace(fold=0, combat=False, num_dyn_windows=3, model_lr=0.0005, view_lr=0.0005, num_gc_layers=1, pooling_type='standard', emb_dim=256, vib_hidden_dim=400, batch_size=128, drop_ratio=0.3, epochs=100, kld_lambda=0.003, eval_interval=5, downstream_classifier='linear', ce_lambda=2.0, seed=123)
03-Aug-26 08:32:30 - Loading raw subject data...
03-Aug-26 08:32:33 - Loaded 956 subjects (455 ASD, 501 NC)
03-Aug-26 08:32:33 - Train/Val/Test sizes: 611/153/192
03-Aug-26 08:34:22 - Epoch 1, Model Loss 7.6217669660252945, View Loss -5.1565455235357955
03-Aug-26 08:36:10 - Epoch 2, Model Loss 6.954390570301861, View Loss -3.0162470391456115
03-Aug-26 08:37:57 - Epoch 3, Model Loss 7.228249248623262, View Loss 1.9911495800299261
03-Aug-26 08:39:44 - Epoch 4, Model Loss 6.919025811353019, View Loss 2.827087887765538
03-Aug-26 08:41:31 - Epoch 5, Model Loss 6.899285680143415, View Loss 3.0287106134692503
03-Aug-26 08:41:34 - Epoch 5: Train_acc 0.5220949263502455 Val_acc 0.48366013071895425 Test_acc 0.5572916666666666 Test_auc 0.5397671635295398
03-Aug-26 08:43:24 - Epoch 6, Model Loss 6.846479011635538, View Loss 3.112489027204373
03-Aug-26 08:45:10 - Epoch 7, Model Loss 6.781553561870869, View Loss 3.1345461815741955
03-Aug-26 08:46:56 - Epoch 8, Model Loss 6.751598862306186, View Loss 3.290044654605822
03-Aug-26 08:48:42 - Epoch 9, Model Loss 6.713288353234773, View Loss 3.4986848823372547
03-Aug-26 08:50:27 - Epoch 10, Model Loss 6.699824203641052, View Loss 3.6150824945609035
03-Aug-26 08:50:30 - Epoch 10: Train_acc 0.5351882160392799 Val_acc 0.5163398692810458 Test_acc 0.5416666666666666 Test_auc 0.5158307039495158
03-Aug-26 08:52:15 - Epoch 11, Model Loss 6.690132746719885, View Loss 3.82649653359833
03-Aug-26 08:54:00 - Epoch 12, Model Loss 6.7025061699450506, View Loss 4.0844618294711195
03-Aug-26 08:55:44 - Epoch 13, Model Loss 6.7426377372929, View Loss 4.201840853339911
03-Aug-26 08:57:28 - Epoch 14, Model Loss 6.742705316278236, View Loss 4.274148023655294
03-Aug-26 08:59:12 - Epoch 15, Model Loss 6.749678002246664, View Loss 4.2952549051731195
03-Aug-26 08:59:15 - Epoch 15: Train_acc 0.5335515548281505 Val_acc 0.5424836601307189 Test_acc 0.5260416666666666 Test_auc 0.5103905994995104
03-Aug-26 09:00:59 - Epoch 16, Model Loss 6.69758841410011, View Loss 4.322302101871971
03-Aug-26 09:02:43 - Epoch 17, Model Loss 6.649435089379793, View Loss 4.443622898938417
03-Aug-26 09:04:26 - Epoch 18, Model Loss 6.6429078996474145, View Loss 4.305094624502179
03-Aug-26 09:06:10 - Epoch 19, Model Loss 6.952564659368387, View Loss 4.352688218099591
03-Aug-26 09:07:54 - Epoch 20, Model Loss 6.746759805663713, View Loss 4.444161754583181
03-Aug-26 09:07:57 - Epoch 20: Train_acc 0.5270049099836334 Val_acc 0.49019607843137253 Test_acc 0.546875 Test_auc 0.5405287781525405
03-Aug-26 09:09:41 - Epoch 21, Model Loss 6.705558449078699, View Loss 4.437817699975546
03-Aug-26 09:11:25 - Epoch 22, Model Loss 6.7698673577628625, View Loss 4.400249363357619
03-Aug-26 09:13:09 - Epoch 23, Model Loss 6.735626113005043, View Loss 4.458310532296738
03-Aug-26 09:14:53 - Epoch 24, Model Loss 6.657942870244652, View Loss 4.434171238819628
03-Aug-26 09:16:37 - Epoch 25, Model Loss 6.68794917357924, View Loss 4.4187726139436965
03-Aug-26 09:16:40 - Epoch 25: Train_acc 0.5270049099836334 Val_acc 0.49019607843137253 Test_acc 0.5520833333333334 Test_auc 0.5387879447285389
03-Aug-26 09:18:24 - Epoch 26, Model Loss 6.657781361362938, View Loss 4.5096512980234795
03-Aug-26 09:20:08 - Epoch 27, Model Loss 6.608449619842629, View Loss 4.389400973842889
03-Aug-26 09:21:52 - Epoch 28, Model Loss 6.702300926277173, View Loss 4.472080518688196
03-Aug-26 09:23:36 - Epoch 29, Model Loss 6.649209520430495, View Loss 4.451903954270233
03-Aug-26 09:25:20 - Epoch 30, Model Loss 6.637775895638474, View Loss 4.447079791960271
03-Aug-26 09:25:23 - Epoch 30: Train_acc 0.5106382978723404 Val_acc 0.5294117647058824 Test_acc 0.5625 Test_auc 0.526928517027527
03-Aug-26 09:27:07 - Epoch 31, Model Loss 6.640920255071013, View Loss 4.430957112101603
03-Aug-26 09:28:51 - Epoch 32, Model Loss 6.736540280855619, View Loss 4.455798995865543
03-Aug-26 09:30:36 - Epoch 33, Model Loss 6.673352493592057, View Loss 4.50352297515994
03-Aug-26 09:32:19 - Epoch 34, Model Loss 6.644470060320415, View Loss 4.50015648219082
03-Aug-26 09:34:03 - Epoch 35, Model Loss 6.627477491350689, View Loss 4.503195143760519
03-Aug-26 09:34:06 - Epoch 35: Train_acc 0.5286415711947627 Val_acc 0.49673202614379086 Test_acc 0.546875 Test_auc 0.5367207050375367
03-Aug-26 09:35:50 - Epoch 36, Model Loss 6.609745121626534, View Loss 4.5232605075680095
03-Aug-26 09:37:34 - Epoch 37, Model Loss 6.63595631079666, View Loss 4.483305768763765
03-Aug-26 09:39:18 - Epoch 38, Model Loss 6.615938278735172, View Loss 4.513222734198438
03-Aug-26 09:41:02 - Epoch 39, Model Loss 6.542254468227955, View Loss 4.555383608891414
03-Aug-26 09:42:46 - Epoch 40, Model Loss 6.681695003166136, View Loss 4.541081239665979
03-Aug-26 09:42:49 - Epoch 40: Train_acc 0.5368248772504092 Val_acc 0.5424836601307189 Test_acc 0.5364583333333334 Test_auc 0.5093025786095093
03-Aug-26 09:44:33 - Epoch 41, Model Loss 6.572781069579179, View Loss 4.518922833881285
03-Aug-26 09:46:17 - Epoch 42, Model Loss 6.5367763678492965, View Loss 4.520607405130289
03-Aug-26 09:48:02 - Epoch 43, Model Loss 6.581700340620625, View Loss 4.470358865741037
03-Aug-26 09:49:46 - Epoch 44, Model Loss 6.52449572339971, View Loss 4.527976022024202
03-Aug-26 09:51:30 - Epoch 45, Model Loss 6.5171082882170985, View Loss 4.491886734377148
03-Aug-26 09:51:33 - Epoch 45: Train_acc 0.5204582651391162 Val_acc 0.5228758169934641 Test_acc 0.5572916666666666 Test_auc 0.5317158089435318
03-Aug-26 09:53:17 - Epoch 46, Model Loss 6.447528086005178, View Loss 4.640739572028677
03-Aug-26 09:55:01 - Epoch 47, Model Loss 6.528646744604782, View Loss 4.397823690392577
03-Aug-26 09:56:44 - Epoch 48, Model Loss 6.649655724508283, View Loss 4.49115459813619
03-Aug-26 09:58:28 - Epoch 49, Model Loss 6.515889693008897, View Loss 4.513379221852205
03-Aug-26 10:00:12 - Epoch 50, Model Loss 6.4661259495099905, View Loss 4.45741241614284
03-Aug-26 10:00:15 - Epoch 50: Train_acc 0.5368248772504092 Val_acc 0.5163398692810458 Test_acc 0.5416666666666666 Test_auc 0.5153954955935154
03-Aug-26 10:01:59 - Epoch 51, Model Loss 6.610310729318672, View Loss 4.402942141612501
03-Aug-26 10:03:43 - Epoch 52, Model Loss 6.473941156790026, View Loss 4.531149320243423
03-Aug-26 10:05:28 - Epoch 53, Model Loss 6.502796421269543, View Loss 4.507336949755829
03-Aug-26 10:07:12 - Epoch 54, Model Loss 6.49791757486846, View Loss 4.537224515955499
03-Aug-26 10:08:56 - Epoch 55, Model Loss 6.5750883714266966, View Loss 4.574088708468623
03-Aug-26 10:08:59 - Epoch 55: Train_acc 0.5384615384615384 Val_acc 0.5163398692810458 Test_acc 0.5364583333333334 Test_auc 0.5168099227505168
03-Aug-26 10:10:43 - Epoch 56, Model Loss 6.459375788849426, View Loss 4.5254521853795024
03-Aug-26 10:12:27 - Epoch 57, Model Loss 6.47677452396449, View Loss 4.53647509339203
03-Aug-26 10:14:11 - Epoch 58, Model Loss 6.4041691567815855, View Loss 4.710290156487748
03-Aug-26 10:15:56 - Epoch 59, Model Loss 6.384858687068359, View Loss 4.288160642508399
03-Aug-26 10:17:40 - Epoch 60, Model Loss 6.539031220731095, View Loss 4.640661174068669
03-Aug-26 10:17:43 - Epoch 60: Train_acc 0.5204582651391162 Val_acc 0.5163398692810458 Test_acc 0.5520833333333334 Test_auc 0.5318246110325319
03-Aug-26 10:19:27 - Epoch 61, Model Loss 6.511070018119001, View Loss 4.51719726009962
03-Aug-26 10:21:11 - Epoch 62, Model Loss 6.534808632589987, View Loss 4.518770289694229
03-Aug-26 10:22:55 - Epoch 63, Model Loss 6.594081273055505, View Loss 4.568739368950677
03-Aug-26 10:24:39 - Epoch 64, Model Loss 6.469942306730829, View Loss 4.517376802947049
03-Aug-26 10:26:22 - Epoch 65, Model Loss 6.446991126783155, View Loss 4.526122708172338
03-Aug-26 10:26:25 - Epoch 65: Train_acc 0.5384615384615384 Val_acc 0.5424836601307189 Test_acc 0.5364583333333334 Test_auc 0.5076705472745078
03-Aug-26 10:28:09 - Epoch 66, Model Loss 6.502514541051587, View Loss 4.5232128839445975
03-Aug-26 10:29:53 - Epoch 67, Model Loss 6.4848192124437, View Loss 4.553716171782848
03-Aug-26 10:31:37 - Epoch 68, Model Loss 6.408111639381821, View Loss 4.532569843111179
03-Aug-26 10:33:21 - Epoch 69, Model Loss 6.640306581256823, View Loss 4.654905078844236
03-Aug-26 10:35:04 - Epoch 70, Model Loss 6.501990102121756, View Loss 4.60536353990021
03-Aug-26 10:35:08 - Epoch 70: Train_acc 0.5400981996726678 Val_acc 0.5490196078431373 Test_acc 0.5260416666666666 Test_auc 0.5125666412795126
03-Aug-26 10:36:51 - Epoch 71, Model Loss 6.450482532357623, View Loss 4.602291299161271
03-Aug-26 10:38:35 - Epoch 72, Model Loss 6.429519956123614, View Loss 4.571886039989865
03-Aug-26 10:40:19 - Epoch 73, Model Loss 6.469846838624895, View Loss 4.568068644809254
03-Aug-26 10:42:03 - Epoch 74, Model Loss 6.4756196048568, View Loss 4.492017599252554
03-Aug-26 10:43:47 - Epoch 75, Model Loss 6.482130770207232, View Loss 4.588574578055773
03-Aug-26 10:43:50 - Epoch 75: Train_acc 0.5433715220949263 Val_acc 0.5163398692810458 Test_acc 0.5364583333333334 Test_auc 0.5134370579915134
03-Aug-26 10:45:33 - Epoch 76, Model Loss 6.442280859876966, View Loss 4.553083147432917
03-Aug-26 10:47:17 - Epoch 77, Model Loss 6.449319664663261, View Loss 4.490461987091164
03-Aug-26 10:49:01 - Epoch 78, Model Loss 6.450356332057821, View Loss 4.615449318519006
03-Aug-26 10:50:45 - Epoch 79, Model Loss 6.4208784571646085, View Loss 4.5654899633067325
03-Aug-26 10:52:29 - Epoch 80, Model Loss 6.414588016691067, View Loss 4.59125683467634
03-Aug-26 10:52:32 - Epoch 80: Train_acc 0.5368248772504092 Val_acc 0.5163398692810458 Test_acc 0.5416666666666666 Test_auc 0.5118050266565117
03-Aug-26 10:54:16 - Epoch 81, Model Loss 6.5268301331665235, View Loss 4.646489425883941
03-Aug-26 10:56:00 - Epoch 82, Model Loss 6.454782351729523, View Loss 4.5777631890754265
03-Aug-26 10:57:44 - Epoch 83, Model Loss 6.386703274253932, View Loss 4.594306431503421
03-Aug-26 10:59:28 - Epoch 84, Model Loss 6.367395547720102, View Loss 4.510570824243823
03-Aug-26 11:01:12 - Epoch 85, Model Loss 6.42800536054246, View Loss 4.6155487659910115
03-Aug-26 11:01:16 - Epoch 85: Train_acc 0.5417348608837971 Val_acc 0.5163398692810458 Test_acc 0.5364583333333334 Test_auc 0.5145250788815146
03-Aug-26 11:02:59 - Epoch 86, Model Loss 6.481026214000246, View Loss 4.490162837719956
03-Aug-26 11:04:43 - Epoch 87, Model Loss 6.468224310055497, View Loss 4.6107554381100515
03-Aug-26 11:06:27 - Epoch 88, Model Loss 6.407241034624815, View Loss 4.582701625293288
03-Aug-26 11:08:10 - Epoch 89, Model Loss 6.487001689093008, View Loss 4.575786080180916
03-Aug-26 11:09:54 - Epoch 90, Model Loss 6.468228594566133, View Loss 4.584813664275574
03-Aug-26 11:09:57 - Epoch 90: Train_acc 0.5368248772504092 Val_acc 0.5424836601307189 Test_acc 0.5260416666666666 Test_auc 0.5082145577195083
03-Aug-26 11:11:41 - Epoch 91, Model Loss 6.390189743666329, View Loss 4.529511426747723
03-Aug-26 11:13:25 - Epoch 92, Model Loss 6.373711541514545, View Loss 4.5049127291540465
03-Aug-26 11:15:09 - Epoch 93, Model Loss 6.390323559313086, View Loss 4.515398700576757
03-Aug-26 11:16:53 - Epoch 94, Model Loss 6.313674148678194, View Loss 4.548125463694871
03-Aug-26 11:18:37 - Epoch 95, Model Loss 6.295945727883696, View Loss 4.5466194831798195
03-Aug-26 11:18:40 - Epoch 95: Train_acc 0.5417348608837971 Val_acc 0.5098039215686274 Test_acc 0.5364583333333334 Test_auc 0.5140898705255141
03-Aug-26 11:20:24 - Epoch 96, Model Loss 6.312099416985644, View Loss 4.4999309702122465
03-Aug-26 11:22:08 - Epoch 97, Model Loss 6.489599782004099, View Loss 4.680908581629128
03-Aug-26 11:23:52 - Epoch 98, Model Loss 6.421255771930401, View Loss 4.546155576815192
03-Aug-26 11:25:36 - Epoch 99, Model Loss 6.367602940667085, View Loss 4.485710760575465
03-Aug-26 11:27:20 - Epoch 100, Model Loss 6.415700419249589, View Loss 4.464632216920244
03-Aug-26 11:27:23 - Epoch 100: Train_acc 0.5270049099836334 Val_acc 0.49019607843137253 Test_acc 0.546875 Test_auc 0.5403111739745403
03-Aug-26 11:27:23 - FinishedTraining! BestEpoch (eval-interval index): 13
03-Aug-26 11:27:23 - Wrote /users/3171356m/muhammad/GraSTIACL/nested_cv/results/nocombat__emb256_bs128__fold0.json
03-Aug-26 11:27:23 - {
  "emb_dim": 256,
  "batch_size": 128,
  "fold": 0,
  "combat": false,
  "n_train": 611,
  "n_val": 153,
  "n_test": 192,
  "best_val_epoch_idx": 13,
  "train_accuracy": 0.5400981996726678,
  "val_accuracy": 0.5490196078431373,
  "test_accuracy": 0.5260416666666666,
  "train_f1": 0.3877995642701525,
  "val_f1": 0.35514018691588783,
  "test_f1": 0.40522875816993464,
  "train_sensitivity": 0.3058419233476223,
  "val_sensitivity": 0.2602739690373429,
  "test_sensitivity": 0.34065933691583145,
  "train_specificity": 0.7531249976464844,
  "val_specificity": 0.8124999898437502,
  "test_specificity": 0.6930693000686208,
  "train_precision": 0.5297619047619048,
  "val_precision": 0.5588235294117647,
  "test_precision": 0.5,
  "test_auc": 0.5125666412795126
}
