03-Aug-26 10:54:45 - Using Device: cuda
03-Aug-26 10:54:45 - Seed: 123, Fold: 0, ComBat: True
03-Aug-26 10:54:45 - Namespace(fold=0, combat=True, num_dyn_windows=3, model_lr=0.0005, view_lr=0.0005, num_gc_layers=1, pooling_type='standard', emb_dim=32, vib_hidden_dim=400, batch_size=32, drop_ratio=0.3, epochs=100, kld_lambda=0.003, eval_interval=5, downstream_classifier='linear', ce_lambda=2.0, seed=123)
03-Aug-26 10:54:45 - Loading raw subject data...
03-Aug-26 10:54:53 - Loaded 956 subjects (455 ASD, 501 NC)
03-Aug-26 10:54:54 - Train/Val/Test sizes: 611/153/192
03-Aug-26 10:56:40 - Epoch 1, Model Loss 5.936659560851302, View Loss -2.7173055975214746
03-Aug-26 10:58:27 - Epoch 2, Model Loss 6.30383536468356, View Loss 1.3240052434309415
03-Aug-26 11:00:12 - Epoch 3, Model Loss 5.604441902641383, View Loss 1.9448247826040863
03-Aug-26 11:01:58 - Epoch 4, Model Loss 5.405492825515922, View Loss 2.3913857704196158
03-Aug-26 11:03:44 - Epoch 5, Model Loss 5.426123120390647, View Loss 2.658868336443425
03-Aug-26 11:03:47 - Epoch 5: Train_acc 0.5433715220949263 Val_acc 0.477124183006536 Test_acc 0.5416666666666666 Test_auc 0.5419432053095419
03-Aug-26 11:05:34 - Epoch 6, Model Loss 5.394138172293256, View Loss 2.744742512702942
03-Aug-26 11:07:19 - Epoch 7, Model Loss 5.357722068574347, View Loss 2.805792359254169
03-Aug-26 11:09:04 - Epoch 8, Model Loss 5.334543258585828, View Loss 2.7751707982899902
03-Aug-26 11:10:49 - Epoch 9, Model Loss 5.362895724035909, View Loss 2.746405205632973
03-Aug-26 11:12:35 - Epoch 10, Model Loss 5.388406746126041, View Loss 2.9012432828082195
03-Aug-26 11:12:38 - Epoch 10: Train_acc 0.5450081833060556 Val_acc 0.477124183006536 Test_acc 0.5416666666666666 Test_auc 0.541943205309542
03-Aug-26 11:14:22 - Epoch 11, Model Loss 5.268658505719149, View Loss 2.879812352688535
03-Aug-26 11:16:07 - Epoch 12, Model Loss 5.275836821273579, View Loss 2.9194223712977334
03-Aug-26 11:17:50 - Epoch 13, Model Loss 5.241500137090293, View Loss 2.9596192565077457
03-Aug-26 11:19:33 - Epoch 14, Model Loss 5.256556907769311, View Loss 2.9324696994647264
03-Aug-26 11:21:15 - Epoch 15, Model Loss 5.232012645312495, View Loss 3.01066326246324
03-Aug-26 11:21:18 - Epoch 15: Train_acc 0.5400981996726678 Val_acc 0.48366013071895425 Test_acc 0.5416666666666666 Test_auc 0.5409639865085409
03-Aug-26 11:23:01 - Epoch 16, Model Loss 5.288304875603284, View Loss 2.9635681127565388
03-Aug-26 11:24:44 - Epoch 17, Model Loss 5.242704728621312, View Loss 2.9922583251947663
03-Aug-26 11:26:27 - Epoch 18, Model Loss 5.193391275874136, View Loss 2.9663870869213547
03-Aug-26 11:28:10 - Epoch 19, Model Loss 5.186646949640077, View Loss 3.0155279832463804
03-Aug-26 11:29:53 - Epoch 20, Model Loss 5.189809938109253, View Loss 3.021358669291932
03-Aug-26 11:29:56 - Epoch 20: Train_acc 0.5482815057283142 Val_acc 0.48366013071895425 Test_acc 0.5416666666666666 Test_auc 0.5316070068545317
03-Aug-26 11:31:39 - Epoch 21, Model Loss 5.178523291932776, View Loss 3.000680880294884
03-Aug-26 11:33:22 - Epoch 22, Model Loss 5.1807070377415405, View Loss 3.0802389385510973
03-Aug-26 11:35:05 - Epoch 23, Model Loss 5.1505645016016235, View Loss 3.069191266308537
03-Aug-26 11:36:48 - Epoch 24, Model Loss 5.144414859980881, View Loss 3.1245286903677907
03-Aug-26 11:38:31 - Epoch 25, Model Loss 5.115701930612667, View Loss 3.105034271063079
03-Aug-26 11:38:34 - Epoch 25: Train_acc 0.5400981996726678 Val_acc 0.477124183006536 Test_acc 0.5416666666666666 Test_auc 0.5415079969535416
03-Aug-26 11:40:17 - Epoch 26, Model Loss 5.127970551117743, View Loss 3.084150742587013
03-Aug-26 11:42:00 - Epoch 27, Model Loss 5.195875475332507, View Loss 3.11535802664031
03-Aug-26 11:43:43 - Epoch 28, Model Loss 5.135027417184483, View Loss 3.1379572094559864
03-Aug-26 11:45:26 - Epoch 29, Model Loss 5.13796500488506, View Loss 3.144341050310338
03-Aug-26 11:47:09 - Epoch 30, Model Loss 5.1749344176434455, View Loss 3.1865231686450066
03-Aug-26 11:47:12 - Epoch 30: Train_acc 0.5384615384615384 Val_acc 0.477124183006536 Test_acc 0.5416666666666666 Test_auc 0.5412903927755413
03-Aug-26 11:48:54 - Epoch 31, Model Loss 5.142622901648039, View Loss 3.206584439730293
03-Aug-26 11:50:37 - Epoch 32, Model Loss 5.159344179930741, View Loss 3.1041395517886174
03-Aug-26 11:52:20 - Epoch 33, Model Loss 5.1262800759847735, View Loss 3.1463778649141276
03-Aug-26 11:54:03 - Epoch 34, Model Loss 5.096883041378714, View Loss 3.1721247430713984
03-Aug-26 11:55:46 - Epoch 35, Model Loss 5.123542336902525, View Loss 3.1815799407404888
03-Aug-26 11:55:49 - Epoch 35: Train_acc 0.5400981996726678 Val_acc 0.48366013071895425 Test_acc 0.5416666666666666 Test_auc 0.5406375802415406
03-Aug-26 11:57:32 - Epoch 36, Model Loss 5.092730712578456, View Loss 3.163924087527926
03-Aug-26 11:59:15 - Epoch 37, Model Loss 5.064613738738964, View Loss 3.214345791921288
03-Aug-26 12:00:57 - Epoch 38, Model Loss 5.067818749360679, View Loss 3.2080527957888556
03-Aug-26 12:02:40 - Epoch 39, Model Loss 5.055143522357785, View Loss 3.210334545169056
03-Aug-26 12:04:23 - Epoch 40, Model Loss 5.056805694161772, View Loss 3.1518809684169664
03-Aug-26 12:04:26 - Epoch 40: Train_acc 0.5400981996726678 Val_acc 0.49019607843137253 Test_acc 0.53125 Test_auc 0.5337830486345339
03-Aug-26 12:06:08 - Epoch 41, Model Loss 5.110133818050453, View Loss 3.1540161752661784
03-Aug-26 12:07:51 - Epoch 42, Model Loss 5.062369552259555, View Loss 3.225100979477216
03-Aug-26 12:09:34 - Epoch 43, Model Loss 5.060373452603329, View Loss 3.2430972077452416
03-Aug-26 12:11:17 - Epoch 44, Model Loss 5.100532605488055, View Loss 3.1690463053029023
03-Aug-26 12:12:59 - Epoch 45, Model Loss 5.043525437091259, View Loss 3.2219600359468727
03-Aug-26 12:13:02 - Epoch 45: Train_acc 0.5319148936170213 Val_acc 0.45098039215686275 Test_acc 0.5625 Test_auc 0.5233380480905233
03-Aug-26 12:14:45 - Epoch 46, Model Loss 5.028826259357059, View Loss 3.1952529666661826
03-Aug-26 12:16:28 - Epoch 47, Model Loss 5.02274425603364, View Loss 3.1537511288241746
03-Aug-26 12:18:11 - Epoch 48, Model Loss 5.030331608511617, View Loss 3.187201493890703
03-Aug-26 12:19:54 - Epoch 49, Model Loss 5.001913325876339, View Loss 3.1796991231008365
03-Aug-26 12:21:36 - Epoch 50, Model Loss 5.011338272968798, View Loss 3.2199794691537678
03-Aug-26 12:21:39 - Epoch 50: Train_acc 0.5433715220949263 Val_acc 0.49673202614379086 Test_acc 0.5260416666666666 Test_auc 0.5328038298335328
03-Aug-26 12:23:22 - Epoch 51, Model Loss 5.026356349014807, View Loss 3.2199226800236493
03-Aug-26 12:25:05 - Epoch 52, Model Loss 5.04151452036419, View Loss 3.2688054892610996
03-Aug-26 12:26:48 - Epoch 53, Model Loss 5.024700386044241, View Loss 3.176064514489494
03-Aug-26 12:28:30 - Epoch 54, Model Loss 5.0313246269663106, View Loss 3.2450533028320088
03-Aug-26 12:30:13 - Epoch 55, Model Loss 5.049501017540839, View Loss 3.2743890562175535
03-Aug-26 12:30:13 - Epoch 55: Train_acc 0.5319148936170213 Val_acc 0.45098039215686275 Test_acc 0.5572916666666666 Test_auc 0.5236644543575236
03-Aug-26 12:31:56 - Epoch 56, Model Loss 5.004626298692145, View Loss 3.2416353217903797
03-Aug-26 12:33:39 - Epoch 57, Model Loss 4.999858567835656, View Loss 3.2890850347504874
03-Aug-26 12:35:22 - Epoch 58, Model Loss 5.067176333035658, View Loss 3.2768534787743064
03-Aug-26 12:37:05 - Epoch 59, Model Loss 5.018436780342689, View Loss 3.239620602852779
03-Aug-26 12:38:48 - Epoch 60, Model Loss 5.050445719358379, View Loss 3.2902078218392283
03-Aug-26 12:38:51 - Epoch 60: Train_acc 0.5450081833060556 Val_acc 0.49673202614379086 Test_acc 0.5260416666666666 Test_auc 0.5320422152105321
03-Aug-26 12:40:34 - Epoch 61, Model Loss 5.000271736112242, View Loss 3.236968519388654
03-Aug-26 12:42:17 - Epoch 62, Model Loss 4.96028892283744, View Loss 3.238337971696877
03-Aug-26 12:43:59 - Epoch 63, Model Loss 5.014669197866062, View Loss 3.2414995437753182
03-Aug-26 12:45:42 - Epoch 64, Model Loss 5.069856632750866, View Loss 3.2659292767851715
03-Aug-26 12:47:25 - Epoch 65, Model Loss 5.034212192029687, View Loss 3.238549001088119
03-Aug-26 12:47:28 - Epoch 65: Train_acc 0.546644844517185 Val_acc 0.49673202614379086 Test_acc 0.5260416666666666 Test_auc 0.5322598193885323
03-Aug-26 12:49:11 - Epoch 66, Model Loss 4.9961930093905735, View Loss 3.125090599255164
03-Aug-26 12:50:54 - Epoch 67, Model Loss 4.985701740861134, View Loss 3.254283366855935
03-Aug-26 12:52:37 - Epoch 68, Model Loss 4.984726478152111, View Loss 3.266037712803449
03-Aug-26 12:54:20 - Epoch 69, Model Loss 4.942930881598577, View Loss 3.250827050638277
03-Aug-26 12:56:02 - Epoch 70, Model Loss 4.977848291397095, View Loss 3.2854663814904255
03-Aug-26 12:56:05 - Epoch 70: Train_acc 0.5253682487725041 Val_acc 0.45098039215686275 Test_acc 0.5572916666666666 Test_auc 0.5236644543575237
03-Aug-26 12:57:48 - Epoch 71, Model Loss 4.961821391032292, View Loss 3.188445330897739
03-Aug-26 12:59:31 - Epoch 72, Model Loss 5.013063882259613, View Loss 3.2590545994365274
03-Aug-26 13:01:14 - Epoch 73, Model Loss 4.995077393449074, View Loss 3.251470259675808
03-Aug-26 13:02:57 - Epoch 74, Model Loss 4.951768576611084, View Loss 3.2626305335184558
03-Aug-26 13:04:40 - Epoch 75, Model Loss 4.989521909267344, View Loss 3.2695505187866534
03-Aug-26 13:04:43 - Epoch 75: Train_acc 0.5450081833060556 Val_acc 0.477124183006536 Test_acc 0.5416666666666666 Test_auc 0.5417256011315418
03-Aug-26 13:06:26 - Epoch 76, Model Loss 5.005601760408492, View Loss 3.2922327394083557
03-Aug-26 13:08:09 - Epoch 77, Model Loss 4.97563054635755, View Loss 3.234229996678482
03-Aug-26 13:09:52 - Epoch 78, Model Loss 4.952337899106614, View Loss 3.238379900076971
03-Aug-26 13:11:34 - Epoch 79, Model Loss 4.964748827018051, View Loss 3.255649793411433
03-Aug-26 13:13:17 - Epoch 80, Model Loss 4.944352972136777, View Loss 3.264585301450739
03-Aug-26 13:13:20 - Epoch 80: Train_acc 0.5368248772504092 Val_acc 0.477124183006536 Test_acc 0.546875 Test_auc 0.5415079969535415
03-Aug-26 13:15:03 - Epoch 81, Model Loss 4.961180217137313, View Loss 3.3023173728082846
03-Aug-26 13:16:46 - Epoch 82, Model Loss 4.968601286118628, View Loss 3.286139550946543
03-Aug-26 13:18:29 - Epoch 83, Model Loss 4.955240373330499, View Loss 3.268315358876987
03-Aug-26 13:20:12 - Epoch 84, Model Loss 4.969759585619363, View Loss 3.2624084485142983
03-Aug-26 13:21:54 - Epoch 85, Model Loss 4.978987288748184, View Loss 3.0580472265981418
03-Aug-26 13:21:57 - Epoch 85: Train_acc 0.5368248772504092 Val_acc 0.477124183006536 Test_acc 0.546875 Test_auc 0.5418344032205418
03-Aug-26 13:23:40 - Epoch 86, Model Loss 4.988195509840345, View Loss 3.2563462817337236
03-Aug-26 13:25:23 - Epoch 87, Model Loss 4.979179139613325, View Loss 3.292625586842164
03-Aug-26 13:27:05 - Epoch 88, Model Loss 4.956291946373673, View Loss 3.257101095444637
03-Aug-26 13:28:48 - Epoch 89, Model Loss 4.936285136764451, View Loss 3.271217586756143
03-Aug-26 13:30:31 - Epoch 90, Model Loss 4.977770968466851, View Loss 3.276325111108209
03-Aug-26 13:30:34 - Epoch 90: Train_acc 0.5499181669394435 Val_acc 0.49019607843137253 Test_acc 0.53125 Test_auc 0.5298661734305299
03-Aug-26 13:32:17 - Epoch 91, Model Loss 4.955647811952082, View Loss 3.2920503222708226
03-Aug-26 13:33:59 - Epoch 92, Model Loss 4.969390786416012, View Loss 3.29104971319876
03-Aug-26 13:35:42 - Epoch 93, Model Loss 4.94813872281151, View Loss 3.2953784410184808
03-Aug-26 13:37:25 - Epoch 94, Model Loss 4.939996308078547, View Loss 3.274720463542033
03-Aug-26 13:39:08 - Epoch 95, Model Loss 4.964024121554511, View Loss 3.2734803145236158
03-Aug-26 13:39:11 - Epoch 95: Train_acc 0.5450081833060556 Val_acc 0.48366013071895425 Test_acc 0.5416666666666666 Test_auc 0.5405287781525405
03-Aug-26 13:40:54 - Epoch 96, Model Loss 4.959725321022071, View Loss 3.256065483374213
03-Aug-26 13:42:36 - Epoch 97, Model Loss 4.988641697139085, View Loss 3.269268922544345
03-Aug-26 13:44:19 - Epoch 98, Model Loss 4.951185407302969, View Loss 3.2619107350731444
03-Aug-26 13:46:02 - Epoch 99, Model Loss 4.928844335621585, View Loss 3.274383741880595
03-Aug-26 13:47:45 - Epoch 100, Model Loss 4.9740062641824325, View Loss 3.283531587955019
03-Aug-26 13:47:48 - Epoch 100: Train_acc 0.5384615384615384 Val_acc 0.48366013071895425 Test_acc 0.5520833333333334 Test_auc 0.5416167990425416
03-Aug-26 13:47:48 - FinishedTraining! BestEpoch (eval-interval index): 9
03-Aug-26 13:47:48 - Wrote /users/3171356m/muhammad/GraSTIACL/nested_cv/results/combat__emb32_bs32__fold0.json
03-Aug-26 13:47:48 - {
  "emb_dim": 32,
  "batch_size": 32,
  "fold": 0,
  "combat": true,
  "n_train": 611,
  "n_val": 153,
  "n_test": 192,
  "best_val_epoch_idx": 9,
  "train_accuracy": 0.5433715220949263,
  "val_accuracy": 0.49673202614379086,
  "test_accuracy": 0.5260416666666666,
  "train_f1": 0.36446469248291574,
  "val_f1": 0.3063063063063063,
  "test_f1": 0.3973509933774834,
  "train_sensitivity": 0.2749140884023571,
  "val_sensitivity": 0.23287670913867523,
  "test_sensitivity": 0.32967032604757884,
  "train_specificity": 0.7874999975390625,
  "val_specificity": 0.7374999907812502,
  "test_specificity": 0.7029702900696011,
  "train_precision": 0.5405405405405406,
  "val_precision": 0.4473684210526316,
  "test_precision": 0.5,
  "test_auc": 0.5328038298335328
}
