03-Aug-26 12:18:10 - Using Device: cuda
03-Aug-26 12:18:10 - Seed: 123, Fold: 2, ComBat: True
03-Aug-26 12:18:10 - Namespace(fold=2, combat=True, num_dyn_windows=3, model_lr=0.0005, view_lr=0.0005, num_gc_layers=1, pooling_type='standard', emb_dim=128, vib_hidden_dim=400, batch_size=32, drop_ratio=0.3, epochs=100, kld_lambda=0.003, eval_interval=5, downstream_classifier='linear', ce_lambda=2.0, seed=123)
03-Aug-26 12:18:10 - Loading raw subject data...
03-Aug-26 12:18:13 - Loaded 956 subjects (455 ASD, 501 NC)
03-Aug-26 12:18:14 - Train/Val/Test sizes: 612/153/191
03-Aug-26 12:19:59 - Epoch 1, Model Loss 5.586502159343047, View Loss -2.886774983281404
03-Aug-26 12:21:44 - Epoch 2, Model Loss 5.420543958938199, View Loss 1.5208470946043924
03-Aug-26 12:23:28 - Epoch 3, Model Loss 5.278545613382377, View Loss 1.3431568831400154
03-Aug-26 12:25:12 - Epoch 4, Model Loss 5.193539525948319, View Loss 2.2286540784087836
03-Aug-26 12:26:57 - Epoch 5, Model Loss 5.227190256118774, View Loss 2.7281556267753926
03-Aug-26 12:27:00 - Epoch 5: Train_acc 0.5408496732026143 Val_acc 0.5424836601307189 Test_acc 0.5287958115183246 Test_auc 0.5178021978021978
03-Aug-26 12:28:46 - Epoch 6, Model Loss 5.240864791122138, View Loss 2.8109884051715626
03-Aug-26 12:30:30 - Epoch 7, Model Loss 5.2889232261508115, View Loss 2.8746834288235585
03-Aug-26 12:32:14 - Epoch 8, Model Loss 5.249218610377094, View Loss 2.8927931499247457
03-Aug-26 12:33:58 - Epoch 9, Model Loss 5.2375353707207575, View Loss 2.890524793684093
03-Aug-26 12:35:42 - Epoch 10, Model Loss 5.168291113735024, View Loss 2.8723460989060743
03-Aug-26 12:35:45 - Epoch 10: Train_acc 0.5522875816993464 Val_acc 0.5294117647058824 Test_acc 0.5078534031413613 Test_auc 0.5158241758241758
03-Aug-26 12:37:29 - Epoch 11, Model Loss 5.289825732411902, View Loss 2.9182241909644184
03-Aug-26 12:39:12 - Epoch 12, Model Loss 5.139683316735661, View Loss 2.952149281314775
03-Aug-26 12:40:55 - Epoch 13, Model Loss 5.165034158557069, View Loss 2.836698401208017
03-Aug-26 12:42:38 - Epoch 14, Model Loss 5.1753555170071674, View Loss 2.987204957631678
03-Aug-26 12:44:19 - Epoch 15, Model Loss 5.211630747988333, View Loss 2.9840695125604766
03-Aug-26 12:44:22 - Epoch 15: Train_acc 0.5424836601307189 Val_acc 0.49019607843137253 Test_acc 0.5130890052356021 Test_auc 0.5023076923076923
03-Aug-26 12:46:04 - Epoch 16, Model Loss 5.266398923848969, View Loss 2.984473826059329
03-Aug-26 12:47:46 - Epoch 17, Model Loss 5.489088837617363, View Loss 3.0214570203637767
03-Aug-26 12:49:27 - Epoch 18, Model Loss 5.247568086861006, View Loss 2.91525651933321
03-Aug-26 12:51:09 - Epoch 19, Model Loss 5.170979842640995, View Loss 2.9869402925563016
03-Aug-26 12:52:50 - Epoch 20, Model Loss 5.196456242230982, View Loss 3.0193996733310176
03-Aug-26 12:52:53 - Epoch 20: Train_acc 0.5522875816993464 Val_acc 0.49019607843137253 Test_acc 0.5130890052356021 Test_auc 0.5002197802197802
03-Aug-26 12:54:35 - Epoch 21, Model Loss 5.093772641973557, View Loss 2.9633419422152776
03-Aug-26 12:56:17 - Epoch 22, Model Loss 5.237048423368167, View Loss 3.036656727198682
03-Aug-26 12:57:58 - Epoch 23, Model Loss 5.137093787099801, View Loss 3.0441570028760077
03-Aug-26 12:59:40 - Epoch 24, Model Loss 5.122149037379844, View Loss 2.963011895909029
03-Aug-26 13:01:22 - Epoch 25, Model Loss 5.07350772969863, View Loss 2.998000934622646
03-Aug-26 13:01:25 - Epoch 25: Train_acc 0.5473856209150327 Val_acc 0.48366013071895425 Test_acc 0.518324607329843 Test_auc 0.5012087912087912
03-Aug-26 13:03:06 - Epoch 26, Model Loss 5.032178238326428, View Loss 2.8447713026034287
03-Aug-26 13:04:48 - Epoch 27, Model Loss 5.120482831219443, View Loss 2.994165469228832
03-Aug-26 13:06:29 - Epoch 28, Model Loss 5.069508032081953, View Loss 2.9916425004504084
03-Aug-26 13:08:11 - Epoch 29, Model Loss 5.056647476807139, View Loss 3.014816321968253
03-Aug-26 13:09:53 - Epoch 30, Model Loss 5.0447071611491685, View Loss 3.0182895874665454
03-Aug-26 13:09:56 - Epoch 30: Train_acc 0.5392156862745098 Val_acc 0.5424836601307189 Test_acc 0.518324607329843 Test_auc 0.5169230769230769
03-Aug-26 13:11:38 - Epoch 31, Model Loss 5.0602924574434365, View Loss 3.101638292954638
03-Aug-26 13:13:20 - Epoch 32, Model Loss 5.080685422311421, View Loss 3.0059341554548227
03-Aug-26 13:15:01 - Epoch 33, Model Loss 5.095221288843093, View Loss 3.0565185235216727
03-Aug-26 13:16:43 - Epoch 34, Model Loss 5.044760309792812, View Loss 3.0731497157632917
03-Aug-26 13:18:25 - Epoch 35, Model Loss 4.985147998223897, View Loss 2.9934696370090537
03-Aug-26 13:18:28 - Epoch 35: Train_acc 0.545751633986928 Val_acc 0.477124183006536 Test_acc 0.518324607329843 Test_auc 0.5032967032967033
03-Aug-26 13:20:09 - Epoch 36, Model Loss 5.038125518100713, View Loss 3.0428969213385986
03-Aug-26 13:21:50 - Epoch 37, Model Loss 5.016886260774401, View Loss 3.061942282455419
03-Aug-26 13:23:32 - Epoch 38, Model Loss 4.987092675726398, View Loss 3.0097888189982744
03-Aug-26 13:25:13 - Epoch 39, Model Loss 5.032014209460589, View Loss 3.0545402110791673
03-Aug-26 13:26:54 - Epoch 40, Model Loss 4.996744645187278, View Loss 3.0575749983195384
03-Aug-26 13:26:57 - Epoch 40: Train_acc 0.5473856209150327 Val_acc 0.48366013071895425 Test_acc 0.518324607329843 Test_auc 0.49846153846153846
03-Aug-26 13:28:39 - Epoch 41, Model Loss 4.979604273839714, View Loss 3.10026022382811
03-Aug-26 13:30:20 - Epoch 42, Model Loss 4.996304702135473, View Loss 3.0659662024452796
03-Aug-26 13:32:01 - Epoch 43, Model Loss 5.167852330051995, View Loss 3.0773111873982
03-Aug-26 13:33:43 - Epoch 44, Model Loss 4.983803583905588, View Loss 3.069489827732635
03-Aug-26 13:35:24 - Epoch 45, Model Loss 5.037515069924149, View Loss 3.127958226048089
03-Aug-26 13:35:27 - Epoch 45: Train_acc 0.5522875816993464 Val_acc 0.5294117647058824 Test_acc 0.5130890052356021 Test_auc 0.517912087912088
03-Aug-26 13:37:08 - Epoch 46, Model Loss 4.979631818197911, View Loss 3.1413185113395743
03-Aug-26 13:38:50 - Epoch 47, Model Loss 5.034777183158725, View Loss 3.087051921420627
03-Aug-26 13:40:31 - Epoch 48, Model Loss 4.987500694062975, View Loss 3.1111156866441365
03-Aug-26 13:42:13 - Epoch 49, Model Loss 4.934866839764165, View Loss 3.0678273501739004
03-Aug-26 13:43:55 - Epoch 50, Model Loss 4.957200664320802, View Loss 3.156511115092857
03-Aug-26 13:43:57 - Epoch 50: Train_acc 0.5424836601307189 Val_acc 0.5424836601307189 Test_acc 0.5287958115183246 Test_auc 0.517912087912088
03-Aug-26 13:45:39 - Epoch 51, Model Loss 4.960597382651435, View Loss 3.0475893390724083
03-Aug-26 13:47:20 - Epoch 52, Model Loss 4.9607109369016165, View Loss 3.0487540695402355
03-Aug-26 13:49:02 - Epoch 53, Model Loss 4.955220153908324, View Loss 3.15659521374048
03-Aug-26 13:50:43 - Epoch 54, Model Loss 4.9564427799648705, View Loss 3.126905957078622
03-Aug-26 13:52:25 - Epoch 55, Model Loss 4.941073878917819, View Loss 3.1470219091652267
03-Aug-26 13:52:28 - Epoch 55: Train_acc 0.5555555555555556 Val_acc 0.5294117647058824 Test_acc 0.5130890052356021 Test_auc 0.5181318681318682
03-Aug-26 13:54:09 - Epoch 56, Model Loss 4.911882057688595, View Loss 3.11723605012582
03-Aug-26 13:55:51 - Epoch 57, Model Loss 4.900874673930648, View Loss 3.1189789857739716
03-Aug-26 13:57:33 - Epoch 58, Model Loss 4.972836189020693, View Loss 3.1153363016695756
03-Aug-26 13:59:14 - Epoch 59, Model Loss 5.008206688500698, View Loss 3.073450481190401
03-Aug-26 14:00:56 - Epoch 60, Model Loss 4.979640270370284, View Loss 3.1442248381041233
03-Aug-26 14:00:59 - Epoch 60: Train_acc 0.5424836601307189 Val_acc 0.49019607843137253 Test_acc 0.518324607329843 Test_auc 0.505054945054945
03-Aug-26 14:02:40 - Epoch 61, Model Loss 4.976318767647338, View Loss 3.1350163681055205
03-Aug-26 14:04:21 - Epoch 62, Model Loss 4.972761272604949, View Loss 3.1254673736547334
03-Aug-26 14:06:02 - Epoch 63, Model Loss 4.9288000795576306, View Loss 3.1278533999826394
03-Aug-26 14:07:44 - Epoch 64, Model Loss 4.9330677066753115, View Loss 3.158147980964262
03-Aug-26 14:09:25 - Epoch 65, Model Loss 4.93156405991199, View Loss 3.15324553788877
03-Aug-26 14:09:28 - Epoch 65: Train_acc 0.553921568627451 Val_acc 0.5294117647058824 Test_acc 0.5130890052356021 Test_auc 0.5190109890109891
03-Aug-26 14:11:09 - Epoch 66, Model Loss 4.91252507103814, View Loss 3.149373626397326
03-Aug-26 14:12:51 - Epoch 67, Model Loss 4.965896564371445, View Loss 2.9289221303914887
03-Aug-26 14:14:32 - Epoch 68, Model Loss 4.991983656789742, View Loss 3.1728582409472246
03-Aug-26 14:16:14 - Epoch 69, Model Loss 4.902539211160996, View Loss 3.096933741974675
03-Aug-26 14:17:55 - Epoch 70, Model Loss 4.945219225353664, View Loss 3.155600363522573
03-Aug-26 14:17:56 - Epoch 70: Train_acc 0.5375816993464052 Val_acc 0.48366013071895425 Test_acc 0.5130890052356021 Test_auc 0.5041758241758242
03-Aug-26 14:19:37 - Epoch 71, Model Loss 4.846426941990074, View Loss 3.1317793547717576
03-Aug-26 14:21:18 - Epoch 72, Model Loss 4.923966214547749, View Loss 3.0898432750133127
03-Aug-26 14:22:59 - Epoch 73, Model Loss 4.97940180348415, View Loss 3.1819217633577734
03-Aug-26 14:24:41 - Epoch 74, Model Loss 4.9343391119265085, View Loss 3.1767937712420045
03-Aug-26 14:26:22 - Epoch 75, Model Loss 4.917069159302057, View Loss 3.1739811375250224
03-Aug-26 14:26:25 - Epoch 75: Train_acc 0.5473856209150327 Val_acc 0.477124183006536 Test_acc 0.5287958115183246 Test_auc 0.5013186813186814
03-Aug-26 14:28:06 - Epoch 76, Model Loss 4.94935469689712, View Loss 3.169612085507586
03-Aug-26 14:29:48 - Epoch 77, Model Loss 4.91654745114395, View Loss 3.245753589798422
03-Aug-26 14:31:29 - Epoch 78, Model Loss 4.924929251078686, View Loss 3.223691350104762
03-Aug-26 14:33:11 - Epoch 79, Model Loss 4.909826450098574, View Loss 3.1923052434827768
03-Aug-26 14:34:52 - Epoch 80, Model Loss 4.897638904502968, View Loss 3.170902714230656
03-Aug-26 14:34:55 - Epoch 80: Train_acc 0.5424836601307189 Val_acc 0.5424836601307189 Test_acc 0.5235602094240838 Test_auc 0.517912087912088
03-Aug-26 14:36:37 - Epoch 81, Model Loss 4.933028548371558, View Loss 3.1764382396648134
03-Aug-26 14:38:18 - Epoch 82, Model Loss 4.853326719570783, View Loss 2.8035697009828358
03-Aug-26 14:40:00 - Epoch 83, Model Loss 4.883342518525965, View Loss 3.0813088140456504
03-Aug-26 14:41:41 - Epoch 84, Model Loss 4.905594046598946, View Loss 3.191689825525471
03-Aug-26 14:43:23 - Epoch 85, Model Loss 4.888676761801726, View Loss 3.10417323798136
03-Aug-26 14:43:26 - Epoch 85: Train_acc 0.545751633986928 Val_acc 0.5098039215686274 Test_acc 0.5026178010471204 Test_auc 0.5029670329670329
03-Aug-26 14:45:07 - Epoch 86, Model Loss 4.866955672993379, View Loss 3.1559461425332462
03-Aug-26 14:46:48 - Epoch 87, Model Loss 4.8821131076688085, View Loss 3.1683536616026187
03-Aug-26 14:48:29 - Epoch 88, Model Loss 4.848005983564589, View Loss 3.0985030032621297
03-Aug-26 14:50:11 - Epoch 89, Model Loss 4.888218069388197, View Loss 3.1725916971568187
03-Aug-26 14:51:52 - Epoch 90, Model Loss 4.904863909179089, View Loss 3.2196542137588553
03-Aug-26 14:51:55 - Epoch 90: Train_acc 0.5490196078431373 Val_acc 0.5294117647058824 Test_acc 0.5130890052356021 Test_auc 0.5180219780219781
03-Aug-26 14:53:36 - Epoch 91, Model Loss 4.908003819534202, View Loss 3.203807552655538
03-Aug-26 14:55:18 - Epoch 92, Model Loss 4.882238511166541, View Loss 3.1810119128694723
03-Aug-26 14:56:59 - Epoch 93, Model Loss 4.881622501448089, View Loss 3.1826473077138266
03-Aug-26 14:58:40 - Epoch 94, Model Loss 4.8824998662362695, View Loss 3.1658445974580602
03-Aug-26 15:00:21 - Epoch 95, Model Loss 4.95711809981103, View Loss 3.2270541043063394
03-Aug-26 15:00:24 - Epoch 95: Train_acc 0.5506535947712419 Val_acc 0.5228758169934641 Test_acc 0.5130890052356021 Test_auc 0.5171428571428572
03-Aug-26 15:02:05 - Epoch 96, Model Loss 4.890388946907193, View Loss 3.2359125532355963
03-Aug-26 15:03:47 - Epoch 97, Model Loss 4.907691502103619, View Loss 3.2383335766449473
03-Aug-26 15:05:28 - Epoch 98, Model Loss 4.851475670446757, View Loss 3.169913553724102
03-Aug-26 15:07:09 - Epoch 99, Model Loss 4.91971101636201, View Loss 3.214405422117196
03-Aug-26 15:08:51 - Epoch 100, Model Loss 4.906531754662009, View Loss 3.071986840051763
03-Aug-26 15:08:54 - Epoch 100: Train_acc 0.5343137254901961 Val_acc 0.5490196078431373 Test_acc 0.5026178010471204 Test_auc 0.5169230769230769
03-Aug-26 15:08:54 - FinishedTraining! BestEpoch (eval-interval index): 19
03-Aug-26 15:08:54 - Wrote /users/3171356m/muhammad/GraSTIACL/nested_cv/results/combat__emb128_bs32__fold2.json
03-Aug-26 15:08:54 - {
  "emb_dim": 128,
  "batch_size": 32,
  "fold": 2,
  "combat": true,
  "n_train": 612,
  "n_val": 153,
  "n_test": 191,
  "best_val_epoch_idx": 19,
  "train_accuracy": 0.5343137254901961,
  "val_accuracy": 0.5490196078431373,
  "test_accuracy": 0.5026178010471204,
  "train_f1": 0.35374149659863946,
  "val_f1": 0.3669724770642202,
  "test_f1": 0.31654676258992803,
  "train_sensitivity": 0.26804123619229814,
  "val_sensitivity": 0.27397259898667675,
  "test_sensitivity": 0.24175823910155783,
  "train_specificity": 0.7757009321629255,
  "val_specificity": 0.7999999900000001,
  "test_specificity": 0.7399999926,
  "train_precision": 0.52,
  "val_precision": 0.5555555555555556,
  "test_precision": 0.4583333333333333,
  "test_auc": 0.5169230769230769
}
