Task 26: emb_dim=256 batch_size=128 fold=1 combat=yes
The Zen of Python, by Tim Peters

Beautiful is better than ugly.
Explicit is better than implicit.
Simple is better than complex.
Complex is better than complicated.
Flat is better than nested.
Sparse is better than dense.
Readability counts.
Special cases aren't special enough to break the rules.
Although practicality beats purity.
Errors should never pass silently.
Unless explicitly silenced.
In the face of ambiguity, refuse the temptation to guess.
There should be one-- and preferably only one --obvious way to do it.
Although that way may not be obvious at first unless you're Dutch.
Now is better than never.
Although never is often better than *right* now.
If the implementation is hard to explain, it's a bad idea.
If the implementation is easy to explain, it may be a good idea.
Namespaces are one honking great idea -- let's do more of those!
validation time cost : 0.21327 sec
validation time cost : 0.21817 sec
validation time cost : 0.21535 sec
validation time cost : 0.19190 sec
validation time cost : 0.20599 sec
validation time cost : 0.20425 sec
validation time cost : 0.23524 sec
validation time cost : 0.20333 sec
validation time cost : 0.20953 sec
validation time cost : 0.18798 sec
validation time cost : 0.18116 sec
validation time cost : 0.19151 sec
validation time cost : 0.20382 sec
validation time cost : 0.19432 sec
validation time cost : 0.20538 sec
validation time cost : 0.19384 sec
validation time cost : 0.21118 sec
validation time cost : 0.19225 sec
validation time cost : 0.21584 sec
validation time cost : 0.18977 sec
