Task 3: emb_dim=32 batch_size=32 fold=3 combat=no
The Zen of Python, by Tim Peters

Beautiful is better than ugly.
Explicit is better than implicit.
Simple is better than complex.
Complex is better than complicated.
Flat is better than nested.
Sparse is better than dense.
Readability counts.
Special cases aren't special enough to break the rules.
Although practicality beats purity.
Errors should never pass silently.
Unless explicitly silenced.
In the face of ambiguity, refuse the temptation to guess.
There should be one-- and preferably only one --obvious way to do it.
Although that way may not be obvious at first unless you're Dutch.
Now is better than never.
Although never is often better than *right* now.
If the implementation is hard to explain, it's a bad idea.
If the implementation is easy to explain, it may be a good idea.
Namespaces are one honking great idea -- let's do more of those!
validation time cost : 0.11730 sec
validation time cost : 0.11256 sec
validation time cost : 0.11338 sec
validation time cost : 0.11311 sec
validation time cost : 0.11164 sec
validation time cost : 0.11290 sec
validation time cost : 0.11190 sec
validation time cost : 0.11035 sec
validation time cost : 0.11245 sec
validation time cost : 0.11036 sec
validation time cost : 0.11138 sec
validation time cost : 0.11150 sec
validation time cost : 0.11046 sec
validation time cost : 0.11064 sec
validation time cost : 0.11113 sec
validation time cost : 0.11000 sec
validation time cost : 0.11160 sec
validation time cost : 0.11141 sec
validation time cost : 0.11204 sec
validation time cost : 0.11057 sec
