03-Aug-26 03:52:38 - Using Device: cuda
03-Aug-26 03:52:38 - Seed: 123, Fold: 1, ComBat: False
03-Aug-26 03:52:38 - Namespace(fold=1, combat=False, num_dyn_windows=3, model_lr=0.0005, view_lr=0.0005, num_gc_layers=1, pooling_type='standard', emb_dim=256, vib_hidden_dim=400, batch_size=32, drop_ratio=0.3, epochs=100, kld_lambda=0.003, eval_interval=5, downstream_classifier='linear', ce_lambda=2.0, seed=123)
03-Aug-26 03:52:38 - Loading raw subject data...
03-Aug-26 03:52:40 - Loaded 956 subjects (455 ASD, 501 NC)
03-Aug-26 03:52:40 - Train/Val/Test sizes: 612/153/191
03-Aug-26 03:54:26 - Epoch 1, Model Loss 5.710505918739668, View Loss -2.4992886150584503
03-Aug-26 03:56:11 - Epoch 2, Model Loss 5.524104102764254, View Loss 1.6367901820762485
03-Aug-26 03:57:56 - Epoch 3, Model Loss 5.345638399809793, View Loss 1.4249146596279019
03-Aug-26 03:59:41 - Epoch 4, Model Loss 5.330555725720973, View Loss 2.2232030454803917
03-Aug-26 04:01:26 - Epoch 5, Model Loss 5.348805708043716, View Loss 2.7894141261094534
03-Aug-26 04:01:29 - Epoch 5: Train_acc 0.5196078431372549 Val_acc 0.5359477124183006 Test_acc 0.5392670157068062 Test_auc 0.5090109890109891
03-Aug-26 04:03:14 - Epoch 6, Model Loss 5.43741399478289, View Loss 2.9522626127292906
03-Aug-26 04:04:59 - Epoch 7, Model Loss 5.420863040911606, View Loss 3.0148585676367765
03-Aug-26 04:06:44 - Epoch 8, Model Loss 5.420462416667564, View Loss 3.0111745821884255
03-Aug-26 04:08:29 - Epoch 9, Model Loss 5.3783316098007505, View Loss 3.1120872719615114
03-Aug-26 04:10:14 - Epoch 10, Model Loss 5.357091599819707, View Loss 3.0616818822287266
03-Aug-26 04:10:17 - Epoch 10: Train_acc 0.5343137254901961 Val_acc 0.5424836601307189 Test_acc 0.5287958115183246 Test_auc 0.5103296703296704
03-Aug-26 04:12:03 - Epoch 11, Model Loss 5.32852266972361, View Loss 3.0858155933080935
03-Aug-26 04:13:48 - Epoch 12, Model Loss 5.302996191323972, View Loss 3.0503608023419098
03-Aug-26 04:15:33 - Epoch 13, Model Loss 5.3072737743651945, View Loss 3.0674941333290797
03-Aug-26 04:17:18 - Epoch 14, Model Loss 5.298204007491567, View Loss 3.126055138173446
03-Aug-26 04:19:03 - Epoch 15, Model Loss 5.252528011409286, View Loss 3.1245694238375994
03-Aug-26 04:19:06 - Epoch 15: Train_acc 0.5294117647058824 Val_acc 0.5294117647058824 Test_acc 0.5392670157068062 Test_auc 0.5156043956043956
03-Aug-26 04:20:52 - Epoch 16, Model Loss 5.267320514504426, View Loss 3.1215297903110777
03-Aug-26 04:22:37 - Epoch 17, Model Loss 5.243094383501539, View Loss 3.128700195574293
03-Aug-26 04:24:22 - Epoch 18, Model Loss 5.179966907875211, View Loss 3.2172517016822217
03-Aug-26 04:26:07 - Epoch 19, Model Loss 5.260655054079941, View Loss 3.0652625007567065
03-Aug-26 04:27:52 - Epoch 20, Model Loss 5.205413996004591, View Loss 3.1337743880702
03-Aug-26 04:27:55 - Epoch 20: Train_acc 0.5228758169934641 Val_acc 0.5555555555555556 Test_acc 0.5287958115183246 Test_auc 0.5142857142857145
03-Aug-26 04:29:41 - Epoch 21, Model Loss 5.230264352038016, View Loss 3.1109977173649406
03-Aug-26 04:31:26 - Epoch 22, Model Loss 5.220633304197024, View Loss 3.119833713750434
03-Aug-26 04:33:11 - Epoch 23, Model Loss 5.203573127198063, View Loss 3.1875465640834735
03-Aug-26 04:34:56 - Epoch 24, Model Loss 5.208219453400257, View Loss 3.095379305820839
03-Aug-26 04:36:41 - Epoch 25, Model Loss 5.105531201643102, View Loss 3.110365405581356
03-Aug-26 04:36:44 - Epoch 25: Train_acc 0.5261437908496732 Val_acc 0.5294117647058824 Test_acc 0.5392670157068062 Test_auc 0.515054945054945
03-Aug-26 04:38:30 - Epoch 26, Model Loss 5.1924400158177795, View Loss 3.1646926808201408
03-Aug-26 04:40:15 - Epoch 27, Model Loss 5.195641706192416, View Loss 3.12477226935181
03-Aug-26 04:42:00 - Epoch 28, Model Loss 5.16827586429571, View Loss 3.149146089366838
03-Aug-26 04:43:46 - Epoch 29, Model Loss 5.135096152623494, View Loss 3.1196526191592997
03-Aug-26 04:45:31 - Epoch 30, Model Loss 5.102989919824538, View Loss 3.217992479699889
03-Aug-26 04:45:34 - Epoch 30: Train_acc 0.5277777777777778 Val_acc 0.5163398692810458 Test_acc 0.5392670157068062 Test_auc 0.5081318681318682
03-Aug-26 04:47:20 - Epoch 31, Model Loss 5.08846756835389, View Loss 3.114598250077441
03-Aug-26 04:49:05 - Epoch 32, Model Loss 5.133779168908113, View Loss 3.1080295385098924
03-Aug-26 04:50:50 - Epoch 33, Model Loss 5.142262792275622, View Loss 3.1703745757832245
03-Aug-26 04:52:35 - Epoch 34, Model Loss 5.159798993004693, View Loss 3.1960133446587458
03-Aug-26 04:54:20 - Epoch 35, Model Loss 5.1016061835818824, View Loss 3.1772173728818207
03-Aug-26 04:54:23 - Epoch 35: Train_acc 0.5277777777777778 Val_acc 0.5294117647058824 Test_acc 0.5445026178010471 Test_auc 0.5136263736263736
03-Aug-26 04:56:08 - Epoch 36, Model Loss 5.086062172659083, View Loss 3.134072462717692
03-Aug-26 04:57:52 - Epoch 37, Model Loss 5.063882871390947, View Loss 3.130412513134526
03-Aug-26 04:59:35 - Epoch 38, Model Loss 5.077834902246014, View Loss 3.0874660194309707
03-Aug-26 05:01:18 - Epoch 39, Model Loss 5.101382090375314, View Loss 3.1730691774997837
03-Aug-26 05:03:01 - Epoch 40, Model Loss 5.070391044118046, View Loss 3.1793811297884176
03-Aug-26 05:03:04 - Epoch 40: Train_acc 0.5310457516339869 Val_acc 0.5490196078431373 Test_acc 0.5392670157068062 Test_auc 0.5267032967032966
03-Aug-26 05:04:48 - Epoch 41, Model Loss 5.167036103267296, View Loss 3.182218037789164
03-Aug-26 05:06:31 - Epoch 42, Model Loss 5.1525659311830605, View Loss 3.239726800155016
03-Aug-26 05:08:14 - Epoch 43, Model Loss 5.110543257270763, View Loss 3.262670543458727
03-Aug-26 05:09:57 - Epoch 44, Model Loss 5.000388482037713, View Loss 3.2059671532094867
03-Aug-26 05:11:40 - Epoch 45, Model Loss 5.096404549343134, View Loss 3.0750725234256073
03-Aug-26 05:11:43 - Epoch 45: Train_acc 0.5261437908496732 Val_acc 0.5294117647058824 Test_acc 0.5445026178010471 Test_auc 0.5153846153846153
03-Aug-26 05:13:26 - Epoch 46, Model Loss 5.036996241488488, View Loss 3.189993244760177
03-Aug-26 05:15:09 - Epoch 47, Model Loss 5.067440032958984, View Loss 3.1793701111101638
03-Aug-26 05:16:52 - Epoch 48, Model Loss 5.108969906576319, View Loss 3.2071625323467003
03-Aug-26 05:18:35 - Epoch 49, Model Loss 5.019654515521978, View Loss 3.16742838714637
03-Aug-26 05:20:18 - Epoch 50, Model Loss 5.042864076452317, View Loss 3.1842810410300113
03-Aug-26 05:20:21 - Epoch 50: Train_acc 0.5245098039215687 Val_acc 0.5359477124183006 Test_acc 0.5392670157068062 Test_auc 0.5145054945054945
03-Aug-26 05:22:04 - Epoch 51, Model Loss 5.103033446018992, View Loss 3.2052278619965695
03-Aug-26 05:23:47 - Epoch 52, Model Loss 5.073948894450867, View Loss 3.209604132409189
03-Aug-26 05:25:30 - Epoch 53, Model Loss 5.081916101617751, View Loss 3.193769824271109
03-Aug-26 05:27:13 - Epoch 54, Model Loss 5.051988381965487, View Loss 3.237307994973426
03-Aug-26 05:28:56 - Epoch 55, Model Loss 5.048451467277178, View Loss 3.228944905443129
03-Aug-26 05:29:00 - Epoch 55: Train_acc 0.5294117647058824 Val_acc 0.5359477124183006 Test_acc 0.5340314136125655 Test_auc 0.5180219780219779
03-Aug-26 05:30:42 - Epoch 56, Model Loss 5.086535918167214, View Loss 3.2128184675391203
03-Aug-26 05:32:25 - Epoch 57, Model Loss 5.066497874415778, View Loss 3.238158140307158
03-Aug-26 05:34:08 - Epoch 58, Model Loss 5.064335355571672, View Loss 3.2164639125462453
03-Aug-26 05:35:51 - Epoch 59, Model Loss 5.021908090005513, View Loss 3.20376203262728
03-Aug-26 05:37:34 - Epoch 60, Model Loss 5.026129083695754, View Loss 3.2585649782536077
03-Aug-26 05:37:37 - Epoch 60: Train_acc 0.5277777777777778 Val_acc 0.5620915032679739 Test_acc 0.5287958115183246 Test_auc 0.5017582417582418
03-Aug-26 05:39:21 - Epoch 61, Model Loss 4.997855900159848, View Loss 3.1573030972013285
03-Aug-26 05:41:04 - Epoch 62, Model Loss 5.013299991881925, View Loss 3.0787828591913957
03-Aug-26 05:42:47 - Epoch 63, Model Loss 5.044389917959575, View Loss 3.230362815794602
03-Aug-26 05:44:31 - Epoch 64, Model Loss 5.0693303634917815, View Loss 3.2274946219780865
03-Aug-26 05:46:14 - Epoch 65, Model Loss 5.032279475841647, View Loss 3.1514524127922807
03-Aug-26 05:46:17 - Epoch 65: Train_acc 0.5277777777777778 Val_acc 0.5359477124183006 Test_acc 0.5340314136125655 Test_auc 0.519010989010989
03-Aug-26 05:48:00 - Epoch 66, Model Loss 5.022147150600658, View Loss 3.1754957445306715
03-Aug-26 05:49:43 - Epoch 67, Model Loss 4.951042190875882, View Loss 3.193700713269851
03-Aug-26 05:51:26 - Epoch 68, Model Loss 5.088748645159154, View Loss 3.2189696762296887
03-Aug-26 05:53:09 - Epoch 69, Model Loss 5.0253714954151825, View Loss 3.2251167048036664
03-Aug-26 05:54:52 - Epoch 70, Model Loss 5.042541343402239, View Loss 3.1328109198925542
03-Aug-26 05:54:55 - Epoch 70: Train_acc 0.5392156862745098 Val_acc 0.49019607843137253 Test_acc 0.5340314136125655 Test_auc 0.5197802197802198
03-Aug-26 05:56:39 - Epoch 71, Model Loss 4.964784273135117, View Loss 3.196146908928366
03-Aug-26 05:58:22 - Epoch 72, Model Loss 5.008144936530418, View Loss 3.212678446489222
03-Aug-26 06:00:05 - Epoch 73, Model Loss 5.055275399700489, View Loss 3.292141618681889
03-Aug-26 06:01:49 - Epoch 74, Model Loss 5.023556774737788, View Loss 3.1257482026916703
03-Aug-26 06:03:32 - Epoch 75, Model Loss 5.035553128111596, View Loss 3.2133239055770675
03-Aug-26 06:03:35 - Epoch 75: Train_acc 0.5310457516339869 Val_acc 0.5490196078431373 Test_acc 0.5392670157068062 Test_auc 0.5268131868131869
03-Aug-26 06:05:18 - Epoch 76, Model Loss 4.998504542057811, View Loss 3.180627753142438
03-Aug-26 06:07:01 - Epoch 77, Model Loss 5.012388340008804, View Loss 3.1861256473983817
03-Aug-26 06:08:44 - Epoch 78, Model Loss 4.969631294799007, View Loss 3.2114259709719737
03-Aug-26 06:10:27 - Epoch 79, Model Loss 4.960220121869854, View Loss 3.159717759665321
03-Aug-26 06:12:10 - Epoch 80, Model Loss 4.993219481574164, View Loss 2.8491472033114214
03-Aug-26 06:12:13 - Epoch 80: Train_acc 0.5326797385620915 Val_acc 0.5163398692810458 Test_acc 0.5392670157068062 Test_auc 0.5165934065934067
03-Aug-26 06:13:56 - Epoch 81, Model Loss 5.121586754431132, View Loss 3.0023776090223024
03-Aug-26 06:15:39 - Epoch 82, Model Loss 4.968083179074954, View Loss 3.1201202129226884
03-Aug-26 06:17:23 - Epoch 83, Model Loss 4.9650984971351875, View Loss 3.164185181747075
03-Aug-26 06:19:05 - Epoch 84, Model Loss 5.049931682013218, View Loss 3.1544310664818958
03-Aug-26 06:20:49 - Epoch 85, Model Loss 5.08474371635836, View Loss 3.210120614837198
03-Aug-26 06:20:52 - Epoch 85: Train_acc 0.5261437908496732 Val_acc 0.5424836601307189 Test_acc 0.5602094240837696 Test_auc 0.5127472527472527
03-Aug-26 06:22:35 - Epoch 86, Model Loss 5.068732309964747, View Loss 3.161415888593088
03-Aug-26 06:24:18 - Epoch 87, Model Loss 4.958531787972045, View Loss 3.211479984077753
03-Aug-26 06:26:01 - Epoch 88, Model Loss 4.913392229017869, View Loss 3.2374260230781204
03-Aug-26 06:27:44 - Epoch 89, Model Loss 5.170019059399374, View Loss 3.0937049548610362
03-Aug-26 06:29:27 - Epoch 90, Model Loss 4.97511309424257, View Loss 3.1922115142049354
03-Aug-26 06:29:30 - Epoch 90: Train_acc 0.5228758169934641 Val_acc 0.5555555555555556 Test_acc 0.5287958115183246 Test_auc 0.51
03-Aug-26 06:31:14 - Epoch 91, Model Loss 4.899281327241386, View Loss 3.161166953495125
03-Aug-26 06:32:57 - Epoch 92, Model Loss 4.917409142637564, View Loss 3.162667809748182
03-Aug-26 06:34:41 - Epoch 93, Model Loss 5.124898929221957, View Loss 3.2120463185840182
03-Aug-26 06:36:24 - Epoch 94, Model Loss 4.885244229260613, View Loss 3.117938734347524
03-Aug-26 06:38:08 - Epoch 95, Model Loss 5.009779549891652, View Loss 3.163876886850868
03-Aug-26 06:38:11 - Epoch 95: Train_acc 0.5261437908496732 Val_acc 0.5294117647058824 Test_acc 0.5445026178010471 Test_auc 0.529010989010989
03-Aug-26 06:39:54 - Epoch 96, Model Loss 4.972722951103659, View Loss 3.1910971629074196
03-Aug-26 06:41:37 - Epoch 97, Model Loss 5.000898439120623, View Loss 3.171241734542099
03-Aug-26 06:43:20 - Epoch 98, Model Loss 4.9995132552252874, View Loss 3.207345884609846
03-Aug-26 06:45:04 - Epoch 99, Model Loss 4.9333357655144985, View Loss 3.1616447941929686
03-Aug-26 06:46:47 - Epoch 100, Model Loss 5.03693080727571, View Loss 3.149401914060505
03-Aug-26 06:46:50 - Epoch 100: Train_acc 0.5359477124183006 Val_acc 0.5032679738562091 Test_acc 0.5130890052356021 Test_auc 0.4995604395604396
03-Aug-26 06:46:50 - FinishedTraining! BestEpoch (eval-interval index): 11
03-Aug-26 06:46:50 - Wrote /users/3171356m/muhammad/GraSTIACL/nested_cv/results/nocombat__emb256_bs32__fold1.json
03-Aug-26 06:46:50 - {
  "emb_dim": 256,
  "batch_size": 32,
  "fold": 1,
  "combat": false,
  "n_train": 612,
  "n_val": 153,
  "n_test": 191,
  "best_val_epoch_idx": 11,
  "train_accuracy": 0.5277777777777778,
  "val_accuracy": 0.5620915032679739,
  "test_accuracy": 0.5287958115183246,
  "train_f1": 0.3966597077244259,
  "val_f1": 0.4369747899159664,
  "test_f1": 0.375,
  "train_sensitivity": 0.32646047997779903,
  "val_sensitivity": 0.35616437868267975,
  "test_sensitivity": 0.296703293442821,
  "train_specificity": 0.7102803716190643,
  "val_specificity": 0.7499999906250001,
  "test_specificity": 0.7399999926,
  "train_precision": 0.5053191489361702,
  "val_precision": 0.5652173913043478,
  "test_precision": 0.5094339622641509,
  "test_auc": 0.5017582417582418
}
