03-Aug-26 06:30:29 - Using Device: cuda
03-Aug-26 06:30:29 - Seed: 123, Fold: 4, ComBat: False
03-Aug-26 06:30:29 - Namespace(fold=4, combat=False, num_dyn_windows=3, model_lr=0.0005, view_lr=0.0005, num_gc_layers=1, pooling_type='standard', emb_dim=32, vib_hidden_dim=400, batch_size=128, drop_ratio=0.3, epochs=100, kld_lambda=0.003, eval_interval=5, downstream_classifier='linear', ce_lambda=2.0, seed=123)
03-Aug-26 06:30:29 - Loading raw subject data...
03-Aug-26 06:30:31 - Loaded 956 subjects (455 ASD, 501 NC)
03-Aug-26 06:30:31 - Train/Val/Test sizes: 612/153/191
03-Aug-26 06:32:20 - Epoch 1, Model Loss 7.434536803002451, View Loss -5.0702108433044035
03-Aug-26 06:34:07 - Epoch 2, Model Loss 7.454667964012795, View Loss -2.1748015865001804
03-Aug-26 06:35:53 - Epoch 3, Model Loss 7.678117181740555, View Loss 2.304690993689244
03-Aug-26 06:37:40 - Epoch 4, Model Loss 7.2664436920016415, View Loss 2.973838781219682
03-Aug-26 06:39:26 - Epoch 5, Model Loss 7.4552057365966, View Loss 3.3211895001480003
03-Aug-26 06:39:29 - Epoch 5: Train_acc 0.5343137254901961 Val_acc 0.49673202614379086 Test_acc 0.518324607329843 Test_auc 0.5128571428571428
03-Aug-26 06:41:17 - Epoch 6, Model Loss 7.4037563037249, View Loss 3.2888741524390923
03-Aug-26 06:43:05 - Epoch 7, Model Loss 7.148455429700465, View Loss 3.39729459301319
03-Aug-26 06:44:51 - Epoch 8, Model Loss 7.260372884912429, View Loss 3.589051126654631
03-Aug-26 06:46:37 - Epoch 9, Model Loss 7.079524046455333, View Loss 3.611762263416465
03-Aug-26 06:48:23 - Epoch 10, Model Loss 6.98776198991763, View Loss 3.737528885112089
03-Aug-26 06:48:26 - Epoch 10: Train_acc 0.5359477124183006 Val_acc 0.49673202614379086 Test_acc 0.518324607329843 Test_auc 0.5124175824175825
03-Aug-26 06:50:15 - Epoch 11, Model Loss 7.00074040344338, View Loss 3.9533529842601105
03-Aug-26 06:52:02 - Epoch 12, Model Loss 6.935004337161195, View Loss 4.062585931977416
03-Aug-26 06:53:48 - Epoch 13, Model Loss 6.934211799521852, View Loss 4.212184971454096
03-Aug-26 06:55:34 - Epoch 14, Model Loss 7.013245034062005, View Loss 4.270675391153572
03-Aug-26 06:57:21 - Epoch 15, Model Loss 7.014421020457947, View Loss 4.464643861733231
03-Aug-26 06:57:24 - Epoch 15: Train_acc 0.5424836601307189 Val_acc 0.477124183006536 Test_acc 0.5287958115183246 Test_auc 0.5204395604395604
03-Aug-26 06:59:12 - Epoch 16, Model Loss 6.925149936302035, View Loss 4.481325405095917
03-Aug-26 07:00:59 - Epoch 17, Model Loss 6.929247457217547, View Loss 4.477759526445975
03-Aug-26 07:02:46 - Epoch 18, Model Loss 6.983519597770342, View Loss 4.532084932514265
03-Aug-26 07:04:32 - Epoch 19, Model Loss 6.8935153499927395, View Loss 4.487253980698928
03-Aug-26 07:06:18 - Epoch 20, Model Loss 6.926062147601757, View Loss 4.525325768913319
03-Aug-26 07:06:21 - Epoch 20: Train_acc 0.5359477124183006 Val_acc 0.5163398692810458 Test_acc 0.518324607329843 Test_auc 0.5125274725274725
03-Aug-26 07:08:10 - Epoch 21, Model Loss 6.905841369254916, View Loss 4.512388996049469
03-Aug-26 07:09:57 - Epoch 22, Model Loss 6.865074070450527, View Loss 4.578851802676332
03-Aug-26 07:11:43 - Epoch 23, Model Loss 6.904100486655641, View Loss 4.544826012031705
03-Aug-26 07:13:29 - Epoch 24, Model Loss 6.873290043251187, View Loss 4.510215001947739
03-Aug-26 07:15:15 - Epoch 25, Model Loss 6.827631476657842, View Loss 4.563961842480828
03-Aug-26 07:15:18 - Epoch 25: Train_acc 0.5359477124183006 Val_acc 0.49673202614379086 Test_acc 0.518324607329843 Test_auc 0.5129670329670329
03-Aug-26 07:17:07 - Epoch 26, Model Loss 6.892775647780475, View Loss 4.540996040394104
03-Aug-26 07:18:53 - Epoch 27, Model Loss 6.825761408587686, View Loss 4.538500069013608
03-Aug-26 07:20:39 - Epoch 28, Model Loss 6.892064861222809, View Loss 4.58928054610109
03-Aug-26 07:22:25 - Epoch 29, Model Loss 6.818782793930153, View Loss 4.545125425251481
03-Aug-26 07:24:11 - Epoch 30, Model Loss 6.8195354611265895, View Loss 4.58723883847006
03-Aug-26 07:24:14 - Epoch 30: Train_acc 0.5441176470588235 Val_acc 0.5098039215686274 Test_acc 0.5235602094240838 Test_auc 0.5114285714285713
03-Aug-26 07:26:01 - Epoch 31, Model Loss 6.764718479580349, View Loss 4.523686025656906
03-Aug-26 07:27:48 - Epoch 32, Model Loss 6.831603187361574, View Loss 4.561291005876329
03-Aug-26 07:29:34 - Epoch 33, Model Loss 6.805164327808455, View Loss 4.562387983783398
03-Aug-26 07:31:21 - Epoch 34, Model Loss 6.796350130068711, View Loss 4.557360353033527
03-Aug-26 07:33:07 - Epoch 35, Model Loss 6.755936460557327, View Loss 4.642582008262086
03-Aug-26 07:33:10 - Epoch 35: Train_acc 0.5441176470588235 Val_acc 0.5098039215686274 Test_acc 0.5235602094240838 Test_auc 0.5114285714285713
03-Aug-26 07:34:58 - Epoch 36, Model Loss 6.881988157633862, View Loss 4.492097885780085
03-Aug-26 07:36:44 - Epoch 37, Model Loss 6.773995349609774, View Loss 4.56961861778708
03-Aug-26 07:38:31 - Epoch 38, Model Loss 6.779816153781866, View Loss 4.563793506497651
03-Aug-26 07:40:17 - Epoch 39, Model Loss 6.78678170372458, View Loss 4.542192854912453
03-Aug-26 07:42:03 - Epoch 40, Model Loss 6.821979052101085, View Loss 4.545808602002711
03-Aug-26 07:42:06 - Epoch 40: Train_acc 0.5424836601307189 Val_acc 0.49019607843137253 Test_acc 0.5130890052356021 Test_auc 0.513956043956044
03-Aug-26 07:43:56 - Epoch 41, Model Loss 6.7837843053481155, View Loss 4.587354441873388
03-Aug-26 07:45:43 - Epoch 42, Model Loss 6.760981092266008, View Loss 4.533881075241986
03-Aug-26 07:47:30 - Epoch 43, Model Loss 6.737807607339098, View Loss 4.6419773070640815
03-Aug-26 07:49:16 - Epoch 44, Model Loss 6.769251100378098, View Loss 4.608814208336126
03-Aug-26 07:51:02 - Epoch 45, Model Loss 6.74967452903199, View Loss 4.627042125253117
03-Aug-26 07:51:05 - Epoch 45: Train_acc 0.5424836601307189 Val_acc 0.49019607843137253 Test_acc 0.5130890052356021 Test_auc 0.5138461538461538
03-Aug-26 07:52:56 - Epoch 46, Model Loss 6.81352537441877, View Loss 4.5784514869739805
03-Aug-26 07:54:42 - Epoch 47, Model Loss 6.759380636651532, View Loss 4.586697014328701
03-Aug-26 07:56:29 - Epoch 48, Model Loss 6.858850815716912, View Loss 4.555190438538595
03-Aug-26 07:58:15 - Epoch 49, Model Loss 6.778896618512721, View Loss 4.644131298937829
03-Aug-26 08:00:01 - Epoch 50, Model Loss 6.718732188729679, View Loss 4.582785257327012
03-Aug-26 08:00:04 - Epoch 50: Train_acc 0.5359477124183006 Val_acc 0.5163398692810458 Test_acc 0.518324607329843 Test_auc 0.5121978021978022
03-Aug-26 08:01:53 - Epoch 51, Model Loss 6.731997627058839, View Loss 4.620818540161731
03-Aug-26 08:03:39 - Epoch 52, Model Loss 6.740218611324535, View Loss 4.581714617660622
03-Aug-26 08:05:26 - Epoch 53, Model Loss 6.7327787548887965, View Loss 4.608220134685242
03-Aug-26 08:07:12 - Epoch 54, Model Loss 6.678811522091136, View Loss 4.595230479645573
03-Aug-26 08:08:57 - Epoch 55, Model Loss 6.687680889578426, View Loss 4.601062522215002
03-Aug-26 08:09:00 - Epoch 55: Train_acc 0.5441176470588235 Val_acc 0.5098039215686274 Test_acc 0.5235602094240838 Test_auc 0.5114285714285715
03-Aug-26 08:10:49 - Epoch 56, Model Loss 6.7540022532145185, View Loss 4.604670144374074
03-Aug-26 08:12:35 - Epoch 57, Model Loss 6.722552015890483, View Loss 4.5774464046253875
03-Aug-26 08:14:21 - Epoch 58, Model Loss 6.692759208429873, View Loss 4.677916093589434
03-Aug-26 08:16:07 - Epoch 59, Model Loss 6.759203508788464, View Loss 4.582163539587283
03-Aug-26 08:17:53 - Epoch 60, Model Loss 6.705361222909167, View Loss 4.5718743754368205
03-Aug-26 08:17:56 - Epoch 60: Train_acc 0.5424836601307189 Val_acc 0.49019607843137253 Test_acc 0.5130890052356021 Test_auc 0.5137362637362638
03-Aug-26 08:19:45 - Epoch 61, Model Loss 6.720645069296843, View Loss 4.60193942886552
03-Aug-26 08:21:32 - Epoch 62, Model Loss 6.729430747187995, View Loss 4.618584433412241
03-Aug-26 08:23:18 - Epoch 63, Model Loss 6.661541888916415, View Loss 4.624429004644257
03-Aug-26 08:25:03 - Epoch 64, Model Loss 6.6803999071806865, View Loss 4.578016302944008
03-Aug-26 08:26:50 - Epoch 65, Model Loss 6.723431499954922, View Loss 4.637154279970655
03-Aug-26 08:26:53 - Epoch 65: Train_acc 0.5359477124183006 Val_acc 0.49673202614379086 Test_acc 0.518324607329843 Test_auc 0.5128571428571429
03-Aug-26 08:28:39 - Epoch 66, Model Loss 6.609647286483665, View Loss 4.605688668543996
03-Aug-26 08:30:25 - Epoch 67, Model Loss 6.662996644288107, View Loss 4.579776642369289
03-Aug-26 08:32:11 - Epoch 68, Model Loss 6.625090359083188, View Loss 4.598040518417857
03-Aug-26 08:33:57 - Epoch 69, Model Loss 6.670174371183308, View Loss 4.613070958580067
03-Aug-26 08:35:43 - Epoch 70, Model Loss 6.713372436224246, View Loss 4.575666941848456
03-Aug-26 08:35:46 - Epoch 70: Train_acc 0.5359477124183006 Val_acc 0.49673202614379086 Test_acc 0.518324607329843 Test_auc 0.5127472527472527
03-Aug-26 08:37:33 - Epoch 71, Model Loss 6.6321995118085075, View Loss 4.593784930659275
03-Aug-26 08:39:19 - Epoch 72, Model Loss 6.672563222498676, View Loss 4.623225452074038
03-Aug-26 08:41:05 - Epoch 73, Model Loss 6.6640679727192795, View Loss 4.596246438867905
03-Aug-26 08:42:52 - Epoch 74, Model Loss 6.620122538672553, View Loss 4.621990431367961
03-Aug-26 08:44:38 - Epoch 75, Model Loss 6.677893202289257, View Loss 4.588107642005472
03-Aug-26 08:44:41 - Epoch 75: Train_acc 0.5375816993464052 Val_acc 0.477124183006536 Test_acc 0.5235602094240838 Test_auc 0.5202197802197802
03-Aug-26 08:46:31 - Epoch 76, Model Loss 6.655059870551614, View Loss 4.606702455508164
03-Aug-26 08:48:18 - Epoch 77, Model Loss 6.659427312464496, View Loss 4.633897182988186
03-Aug-26 08:50:04 - Epoch 78, Model Loss 6.660115902719934, View Loss 4.604192902060116
03-Aug-26 08:51:50 - Epoch 79, Model Loss 6.625032262864456, View Loss 4.629634062449138
03-Aug-26 08:53:36 - Epoch 80, Model Loss 6.6270013447680505, View Loss 4.628218180213878
03-Aug-26 08:53:39 - Epoch 80: Train_acc 0.5359477124183006 Val_acc 0.5163398692810458 Test_acc 0.518324607329843 Test_auc 0.5123076923076922
03-Aug-26 08:55:28 - Epoch 81, Model Loss 6.645905528972351, View Loss 4.628434408723918
03-Aug-26 08:57:16 - Epoch 82, Model Loss 6.637805754842322, View Loss 4.659076955583361
03-Aug-26 08:59:03 - Epoch 83, Model Loss 6.618010131362217, View Loss 4.637743625765532
03-Aug-26 09:00:49 - Epoch 84, Model Loss 6.615331861707899, View Loss 4.614198946485333
03-Aug-26 09:02:36 - Epoch 85, Model Loss 6.608012483010884, View Loss 4.659764573464986
03-Aug-26 09:02:39 - Epoch 85: Train_acc 0.5359477124183006 Val_acc 0.5163398692810458 Test_acc 0.518324607329843 Test_auc 0.512087912087912
03-Aug-26 09:04:27 - Epoch 86, Model Loss 6.582008558161118, View Loss 4.61190612955031
03-Aug-26 09:06:13 - Epoch 87, Model Loss 6.578898037181181, View Loss 4.6038903348586135
03-Aug-26 09:07:59 - Epoch 88, Model Loss 6.579184061561534, View Loss 4.6270821421754125
03-Aug-26 09:09:46 - Epoch 89, Model Loss 6.609944661458333, View Loss 4.666913269392026
03-Aug-26 09:11:32 - Epoch 90, Model Loss 6.559809391794641, View Loss 4.613561430787729
03-Aug-26 09:11:35 - Epoch 90: Train_acc 0.5359477124183006 Val_acc 0.49673202614379086 Test_acc 0.518324607329843 Test_auc 0.5125274725274724
03-Aug-26 09:13:24 - Epoch 91, Model Loss 6.581814441805571, View Loss 4.6091244516809
03-Aug-26 09:15:09 - Epoch 92, Model Loss 6.584255393034493, View Loss 4.65640827253753
03-Aug-26 09:16:56 - Epoch 93, Model Loss 6.520561336691863, View Loss 4.593193157046449
03-Aug-26 09:18:42 - Epoch 94, Model Loss 6.575227456934312, View Loss 4.603616147259482
03-Aug-26 09:20:27 - Epoch 95, Model Loss 6.552322552874197, View Loss 4.621381980920929
03-Aug-26 09:20:31 - Epoch 95: Train_acc 0.5359477124183006 Val_acc 0.49673202614379086 Test_acc 0.518324607329843 Test_auc 0.5126373626373626
03-Aug-26 09:22:19 - Epoch 96, Model Loss 6.552817650090635, View Loss 4.572425505694221
03-Aug-26 09:24:05 - Epoch 97, Model Loss 6.591502040040259, View Loss 4.582100210626141
03-Aug-26 09:25:51 - Epoch 98, Model Loss 6.525709588543262, View Loss 4.672074043672849
03-Aug-26 09:27:37 - Epoch 99, Model Loss 6.497734895718643, View Loss 4.639904714098163
03-Aug-26 09:29:23 - Epoch 100, Model Loss 6.518177381527969, View Loss 4.585106827854331
03-Aug-26 09:29:26 - Epoch 100: Train_acc 0.5359477124183006 Val_acc 0.5163398692810458 Test_acc 0.518324607329843 Test_auc 0.5124175824175823
03-Aug-26 09:29:26 - FinishedTraining! BestEpoch (eval-interval index): 3
03-Aug-26 09:29:26 - Wrote /users/3171356m/muhammad/GraSTIACL/nested_cv/results/nocombat__emb32_bs128__fold4.json
03-Aug-26 09:29:26 - {
  "emb_dim": 32,
  "batch_size": 128,
  "fold": 4,
  "combat": false,
  "n_train": 612,
  "n_val": 153,
  "n_test": 191,
  "best_val_epoch_idx": 3,
  "train_accuracy": 0.5359477124183006,
  "val_accuracy": 0.5163398692810458,
  "test_accuracy": 0.518324607329843,
  "train_f1": 0.4204081632653061,
  "val_f1": 0.421875,
  "test_f1": 0.41025641025641024,
  "train_sensitivity": 0.35395188881803474,
  "val_sensitivity": 0.3698630086320136,
  "test_sensitivity": 0.3516483477840841,
  "train_specificity": 0.7009345772556556,
  "val_specificity": 0.6499999918750001,
  "test_specificity": 0.6699999933,
  "train_precision": 0.5175879396984925,
  "val_precision": 0.4909090909090909,
  "test_precision": 0.49230769230769234,
  "test_auc": 0.5125274725274725
}
