Task 1: emb_dim=32 batch_size=32 fold=1 combat=no
The Zen of Python, by Tim Peters

Beautiful is better than ugly.
Explicit is better than implicit.
Simple is better than complex.
Complex is better than complicated.
Flat is better than nested.
Sparse is better than dense.
Readability counts.
Special cases aren't special enough to break the rules.
Although practicality beats purity.
Errors should never pass silently.
Unless explicitly silenced.
In the face of ambiguity, refuse the temptation to guess.
There should be one-- and preferably only one --obvious way to do it.
Although that way may not be obvious at first unless you're Dutch.
Now is better than never.
Although never is often better than *right* now.
If the implementation is hard to explain, it's a bad idea.
If the implementation is easy to explain, it may be a good idea.
Namespaces are one honking great idea -- let's do more of those!
validation time cost : 0.18081 sec
validation time cost : 0.17877 sec
validation time cost : 0.13093 sec
validation time cost : 0.13071 sec
validation time cost : 0.13015 sec
validation time cost : 0.13252 sec
validation time cost : 0.13030 sec
validation time cost : 0.19199 sec
validation time cost : 0.18795 sec
validation time cost : 0.18713 sec
validation time cost : 0.16448 sec
validation time cost : 0.18523 sec
validation time cost : 0.11664 sec
validation time cost : 0.11405 sec
validation time cost : 0.11383 sec
validation time cost : 0.12166 sec
validation time cost : 0.11513 sec
validation time cost : 0.11616 sec
validation time cost : 0.11502 sec
validation time cost : 0.11512 sec
