03-Aug-26 02:15:52 - Using Device: cuda
03-Aug-26 02:15:52 - Seed: 123, Fold: 0, ComBat: False
03-Aug-26 02:15:52 - Namespace(fold=0, combat=False, num_dyn_windows=3, model_lr=0.0005, view_lr=0.0005, num_gc_layers=1, pooling_type='standard', emb_dim=128, vib_hidden_dim=400, batch_size=32, drop_ratio=0.3, epochs=100, kld_lambda=0.003, eval_interval=5, downstream_classifier='linear', ce_lambda=2.0, seed=123)
03-Aug-26 02:15:52 - Loading raw subject data...
03-Aug-26 02:15:55 - Loaded 956 subjects (455 ASD, 501 NC)
03-Aug-26 02:15:55 - Train/Val/Test sizes: 611/153/192
03-Aug-26 02:17:40 - Epoch 1, Model Loss 5.799211306969975, View Loss -2.4920378265911545
03-Aug-26 02:19:24 - Epoch 2, Model Loss 5.610254221774162, View Loss 1.613594060248517
03-Aug-26 02:21:08 - Epoch 3, Model Loss 5.424461053358162, View Loss 1.9414969009580472
03-Aug-26 02:22:52 - Epoch 4, Model Loss 5.39462348950475, View Loss 2.614055786263533
03-Aug-26 02:24:36 - Epoch 5, Model Loss 5.475835495026334, View Loss 2.933740321430949
03-Aug-26 02:24:39 - Epoch 5: Train_acc 0.5270049099836334 Val_acc 0.49673202614379086 Test_acc 0.5572916666666666 Test_auc 0.5392231530845393
03-Aug-26 02:26:25 - Epoch 6, Model Loss 5.431565701863965, View Loss 3.010432612096034
03-Aug-26 02:28:09 - Epoch 7, Model Loss 5.425916183209458, View Loss 3.0749702536045236
03-Aug-26 02:29:54 - Epoch 8, Model Loss 5.3992616283522885, View Loss 3.0921636579860055
03-Aug-26 02:31:39 - Epoch 9, Model Loss 5.3696917016455465, View Loss 3.093112898243625
03-Aug-26 02:33:23 - Epoch 10, Model Loss 5.364581775353114, View Loss 3.0877383558625286
03-Aug-26 02:33:26 - Epoch 10: Train_acc 0.5270049099836334 Val_acc 0.49019607843137253 Test_acc 0.5520833333333334 Test_auc 0.523011641823523
03-Aug-26 02:35:11 - Epoch 11, Model Loss 5.328616718223559, View Loss 3.1285649981660657
03-Aug-26 02:36:55 - Epoch 12, Model Loss 5.342384991981394, View Loss 3.137649299567733
03-Aug-26 02:38:39 - Epoch 13, Model Loss 5.276718988356145, View Loss 3.143230136404646
03-Aug-26 02:40:23 - Epoch 14, Model Loss 5.3437435225066885, View Loss 3.134331846393267
03-Aug-26 02:42:08 - Epoch 15, Model Loss 5.2052079070414345, View Loss 3.0046102488489668
03-Aug-26 02:42:11 - Epoch 15: Train_acc 0.5417348608837971 Val_acc 0.5359477124183006 Test_acc 0.515625 Test_auc 0.5168099227505168
03-Aug-26 02:43:55 - Epoch 16, Model Loss 5.331969244780595, View Loss 3.1241878163795036
03-Aug-26 02:45:40 - Epoch 17, Model Loss 5.4822428245981465, View Loss 3.120145840555088
03-Aug-26 02:47:24 - Epoch 18, Model Loss 5.250597075042475, View Loss 3.1074726797164756
03-Aug-26 02:49:08 - Epoch 19, Model Loss 5.23344243567821, View Loss 3.1411925050904044
03-Aug-26 02:50:52 - Epoch 20, Model Loss 5.237856402139617, View Loss 3.1433382055763333
03-Aug-26 02:50:55 - Epoch 20: Train_acc 0.530278232405892 Val_acc 0.49673202614379086 Test_acc 0.5572916666666666 Test_auc 0.5206179958655206
03-Aug-26 02:52:42 - Epoch 21, Model Loss 5.188266728006291, View Loss 3.102352244130133
03-Aug-26 02:54:26 - Epoch 22, Model Loss 5.1631200262840755, View Loss 2.982258513886878
03-Aug-26 02:56:11 - Epoch 23, Model Loss 5.184117088146179, View Loss 3.1578570393610703
03-Aug-26 02:57:55 - Epoch 24, Model Loss 5.26406566601143, View Loss 3.156766410642677
03-Aug-26 02:59:40 - Epoch 25, Model Loss 5.112022775284787, View Loss 3.1212471517476628
03-Aug-26 02:59:43 - Epoch 25: Train_acc 0.55810147299509 Val_acc 0.49673202614379086 Test_acc 0.5260416666666666 Test_auc 0.5019040365575019
03-Aug-26 03:01:29 - Epoch 26, Model Loss 5.159593394852309, View Loss 3.106858926982224
03-Aug-26 03:03:14 - Epoch 27, Model Loss 5.124011915366115, View Loss 3.1086321086813307
03-Aug-26 03:04:59 - Epoch 28, Model Loss 5.144661690911763, View Loss 3.150568555058902
03-Aug-26 03:06:43 - Epoch 29, Model Loss 5.12606042028449, View Loss 3.0034564926659417
03-Aug-26 03:08:28 - Epoch 30, Model Loss 5.168564005491191, View Loss 3.109169296713
03-Aug-26 03:08:31 - Epoch 30: Train_acc 0.55810147299509 Val_acc 0.49673202614379086 Test_acc 0.5364583333333334 Test_auc 0.5234468501795235
03-Aug-26 03:10:15 - Epoch 31, Model Loss 5.146121821895169, View Loss 3.120293820304293
03-Aug-26 03:11:59 - Epoch 32, Model Loss 5.392001223056875, View Loss 3.1395870692015864
03-Aug-26 03:13:43 - Epoch 33, Model Loss 5.104168487258511, View Loss 3.1656794583153607
03-Aug-26 03:15:26 - Epoch 34, Model Loss 5.204770703947876, View Loss 3.25320483644153
03-Aug-26 03:17:08 - Epoch 35, Model Loss 5.103683450998534, View Loss 3.192684787189902
03-Aug-26 03:17:11 - Epoch 35: Train_acc 0.5270049099836334 Val_acc 0.49673202614379086 Test_acc 0.5572916666666666 Test_auc 0.5385703405505385
03-Aug-26 03:18:53 - Epoch 36, Model Loss 5.087035761527266, View Loss 3.2035477292127967
03-Aug-26 03:20:35 - Epoch 37, Model Loss 5.0762960633747705, View Loss 3.1969247590110266
03-Aug-26 03:22:17 - Epoch 38, Model Loss 5.07862890137393, View Loss 3.087439988034056
03-Aug-26 03:23:59 - Epoch 39, Model Loss 5.062562622142111, View Loss 3.1688973013000674
03-Aug-26 03:25:41 - Epoch 40, Model Loss 5.030754180274501, View Loss 3.1170550689174386
03-Aug-26 03:25:44 - Epoch 40: Train_acc 0.5106382978723404 Val_acc 0.5163398692810458 Test_acc 0.5520833333333334 Test_auc 0.5234468501795234
03-Aug-26 03:27:26 - Epoch 41, Model Loss 5.077971092807876, View Loss 3.157113698129763
03-Aug-26 03:29:08 - Epoch 42, Model Loss 5.095089717699541, View Loss 3.210792426489379
03-Aug-26 03:30:50 - Epoch 43, Model Loss 5.060913554970449, View Loss 3.1717803706514074
03-Aug-26 03:32:32 - Epoch 44, Model Loss 5.06427608808402, View Loss 3.0798695906874785
03-Aug-26 03:34:14 - Epoch 45, Model Loss 5.053920962806615, View Loss 3.1813687857746493
03-Aug-26 03:34:17 - Epoch 45: Train_acc 0.5270049099836334 Val_acc 0.49019607843137253 Test_acc 0.546875 Test_auc 0.5395495593515396
03-Aug-26 03:35:59 - Epoch 46, Model Loss 5.044984566209359, View Loss 3.1668645836620204
03-Aug-26 03:37:41 - Epoch 47, Model Loss 5.060094020565676, View Loss 3.206895391650364
03-Aug-26 03:39:23 - Epoch 48, Model Loss 4.959327901053546, View Loss 3.17195314578651
03-Aug-26 03:41:05 - Epoch 49, Model Loss 5.020986297516893, View Loss 3.058729301010138
03-Aug-26 03:42:47 - Epoch 50, Model Loss 5.0827530222516595, View Loss 3.17894727235535
03-Aug-26 03:42:50 - Epoch 50: Train_acc 0.5270049099836334 Val_acc 0.49019607843137253 Test_acc 0.546875 Test_auc 0.5407463823305408
03-Aug-26 03:44:32 - Epoch 51, Model Loss 5.008721494830767, View Loss 3.1425992641140708
03-Aug-26 03:46:14 - Epoch 52, Model Loss 4.978867429172934, View Loss 3.1497948341400845
03-Aug-26 03:47:56 - Epoch 53, Model Loss 5.071212785723947, View Loss 3.192672378741778
03-Aug-26 03:49:38 - Epoch 54, Model Loss 5.024787035394223, View Loss 3.170863842417878
03-Aug-26 03:51:20 - Epoch 55, Model Loss 5.041568418181274, View Loss 3.1897446126379867
03-Aug-26 03:51:23 - Epoch 55: Train_acc 0.5368248772504092 Val_acc 0.5424836601307189 Test_acc 0.5364583333333334 Test_auc 0.5113698183005114
03-Aug-26 03:53:05 - Epoch 56, Model Loss 5.075103850294447, View Loss 3.2226976256226165
03-Aug-26 03:54:47 - Epoch 57, Model Loss 4.978570951767717, View Loss 3.303572063067541
03-Aug-26 03:56:29 - Epoch 58, Model Loss 5.103686217200346, View Loss 3.129564744165798
03-Aug-26 03:58:11 - Epoch 59, Model Loss 5.034353175061814, View Loss 3.1661810096469134
03-Aug-26 03:59:53 - Epoch 60, Model Loss 4.971190905219794, View Loss 3.1294497105181707
03-Aug-26 03:59:56 - Epoch 60: Train_acc 0.5286415711947627 Val_acc 0.5032679738562091 Test_acc 0.5520833333333334 Test_auc 0.5239908606245239
03-Aug-26 04:01:38 - Epoch 61, Model Loss 5.019553300011568, View Loss 3.0775896621023575
03-Aug-26 04:03:20 - Epoch 62, Model Loss 4.904650157875398, View Loss 3.10920178656102
03-Aug-26 04:05:02 - Epoch 63, Model Loss 4.972535652146597, View Loss 3.1316313538243064
03-Aug-26 04:06:44 - Epoch 64, Model Loss 4.945225599354496, View Loss 3.139204338119775
03-Aug-26 04:08:26 - Epoch 65, Model Loss 4.892474746157807, View Loss 3.1450346434174894
03-Aug-26 04:08:29 - Epoch 65: Train_acc 0.5400981996726678 Val_acc 0.5294117647058824 Test_acc 0.5 Test_auc 0.5135458600805136
03-Aug-26 04:10:11 - Epoch 66, Model Loss 4.9558748155100645, View Loss 3.1843692659843965
03-Aug-26 04:11:53 - Epoch 67, Model Loss 4.958230784989028, View Loss 3.1380428878648385
03-Aug-26 04:13:35 - Epoch 68, Model Loss 5.020352983630816, View Loss 3.1699816521909545
03-Aug-26 04:15:17 - Epoch 69, Model Loss 4.944557895441883, View Loss 3.161836865783323
03-Aug-26 04:16:59 - Epoch 70, Model Loss 5.018548030314781, View Loss 3.0923039649785444
03-Aug-26 04:17:02 - Epoch 70: Train_acc 0.5270049099836334 Val_acc 0.49673202614379086 Test_acc 0.5572916666666666 Test_auc 0.5390055489065391
03-Aug-26 04:18:44 - Epoch 71, Model Loss 5.009197265153626, View Loss 3.181040279311166
03-Aug-26 04:20:26 - Epoch 72, Model Loss 4.861303656073912, View Loss 3.140153868596409
03-Aug-26 04:22:08 - Epoch 73, Model Loss 5.343313182824567, View Loss 3.297276556491852
03-Aug-26 04:23:51 - Epoch 74, Model Loss 5.078986810974521, View Loss 3.228761229304362
03-Aug-26 04:25:33 - Epoch 75, Model Loss 4.976106718206952, View Loss 3.1854998362532614
03-Aug-26 04:25:36 - Epoch 75: Train_acc 0.5270049099836334 Val_acc 0.49673202614379086 Test_acc 0.5572916666666666 Test_auc 0.5391143509955392
03-Aug-26 04:27:18 - Epoch 76, Model Loss 5.008183735287131, View Loss 3.1885472429023047
03-Aug-26 04:29:00 - Epoch 77, Model Loss 5.009464969416492, View Loss 3.1671611150626076
03-Aug-26 04:30:42 - Epoch 78, Model Loss 5.007834809306406, View Loss 3.223922417299447
03-Aug-26 04:32:25 - Epoch 79, Model Loss 4.879407463214206, View Loss 3.196530013685092
03-Aug-26 04:34:07 - Epoch 80, Model Loss 4.965374618427258, View Loss 3.0822844815039594
03-Aug-26 04:34:10 - Epoch 80: Train_acc 0.5286415711947627 Val_acc 0.49673202614379086 Test_acc 0.5520833333333334 Test_auc 0.5226852355565227
03-Aug-26 04:35:52 - Epoch 81, Model Loss 4.898865460959277, View Loss 3.1260102539522947
03-Aug-26 04:37:34 - Epoch 82, Model Loss 4.993651704975509, View Loss 3.176829651083474
03-Aug-26 04:39:16 - Epoch 83, Model Loss 4.95707827777207, View Loss 3.098553199107635
03-Aug-26 04:40:58 - Epoch 84, Model Loss 5.0236666216202535, View Loss 3.174621647586604
03-Aug-26 04:42:40 - Epoch 85, Model Loss 4.995016563348411, View Loss 3.175594031713208
03-Aug-26 04:42:43 - Epoch 85: Train_acc 0.5122749590834698 Val_acc 0.5098039215686274 Test_acc 0.5520833333333334 Test_auc 0.5183331519965183
03-Aug-26 04:44:25 - Epoch 86, Model Loss 4.9641754318961535, View Loss 3.1588689215639802
03-Aug-26 04:46:07 - Epoch 87, Model Loss 4.907170820158164, View Loss 3.1525832860442504
03-Aug-26 04:47:49 - Epoch 88, Model Loss 4.935970890931724, View Loss 3.1679563182855786
03-Aug-26 04:49:31 - Epoch 89, Model Loss 4.867386789836977, View Loss 3.0659793969457163
03-Aug-26 04:51:13 - Epoch 90, Model Loss 5.006729550915732, View Loss 3.148937310919824
03-Aug-26 04:51:16 - Epoch 90: Train_acc 0.5368248772504092 Val_acc 0.5424836601307189 Test_acc 0.515625 Test_auc 0.5126754433685128
03-Aug-26 04:52:58 - Epoch 91, Model Loss 5.004566832572076, View Loss 3.1907250706088135
03-Aug-26 04:54:40 - Epoch 92, Model Loss 4.967616366871836, View Loss 3.188053834067624
03-Aug-26 04:56:22 - Epoch 93, Model Loss 4.946643841442227, View Loss 3.044593639732773
03-Aug-26 04:58:04 - Epoch 94, Model Loss 4.876894664842446, View Loss 3.165857239801638
03-Aug-26 04:59:46 - Epoch 95, Model Loss 5.146467582683907, View Loss 3.264114393540178
03-Aug-26 04:59:49 - Epoch 95: Train_acc 0.5237315875613748 Val_acc 0.49019607843137253 Test_acc 0.5520833333333334 Test_auc 0.5402023718855402
03-Aug-26 05:01:31 - Epoch 96, Model Loss 5.028860704013057, View Loss 3.2130654414722457
03-Aug-26 05:03:13 - Epoch 97, Model Loss 4.989032420120926, View Loss 3.215149011316598
03-Aug-26 05:04:55 - Epoch 98, Model Loss 4.975881354508346, View Loss 3.187725783345547
03-Aug-26 05:06:37 - Epoch 99, Model Loss 4.932629022972868, View Loss 3.2070512701368568
03-Aug-26 05:08:19 - Epoch 100, Model Loss 4.990560952653277, View Loss 3.1934333147081726
03-Aug-26 05:08:22 - Epoch 100: Train_acc 0.5270049099836334 Val_acc 0.49673202614379086 Test_acc 0.5520833333333334 Test_auc 0.5386791426395386
03-Aug-26 05:08:22 - FinishedTraining! BestEpoch (eval-interval index): 10
03-Aug-26 05:08:22 - Wrote /users/3171356m/muhammad/GraSTIACL/nested_cv/results/nocombat__emb128_bs32__fold0.json
03-Aug-26 05:08:22 - {
  "emb_dim": 128,
  "batch_size": 32,
  "fold": 0,
  "combat": false,
  "n_train": 611,
  "n_val": 153,
  "n_test": 192,
  "best_val_epoch_idx": 10,
  "train_accuracy": 0.5368248772504092,
  "val_accuracy": 0.5424836601307189,
  "test_accuracy": 0.5364583333333334,
  "train_f1": 0.37527593818984545,
  "val_f1": 0.35185185185185186,
  "test_f1": 0.4105960264900662,
  "train_sensitivity": 0.2920962189275044,
  "val_sensitivity": 0.2602739690373429,
  "test_sensitivity": 0.34065933691583145,
  "train_specificity": 0.7593749976269532,
  "val_specificity": 0.7999999900000001,
  "test_specificity": 0.7128712800705814,
  "train_precision": 0.5246913580246914,
  "val_precision": 0.5428571428571428,
  "test_precision": 0.5166666666666667,
  "test_auc": 0.5113698183005114
}
