03-Aug-26 22:31:38 - Using Device: cuda
03-Aug-26 22:31:38 - Seed: 123, Fold: 0, ComBat: True
03-Aug-26 22:31:38 - Namespace(fold=0, combat=True, num_dyn_windows=3, model_lr=0.0005, view_lr=0.0005, num_gc_layers=1, pooling_type='standard', emb_dim=256, vib_hidden_dim=400, batch_size=128, drop_ratio=0.3, epochs=100, kld_lambda=0.003, eval_interval=5, downstream_classifier='linear', ce_lambda=2.0, seed=123)
03-Aug-26 22:31:38 - Loading raw subject data...
03-Aug-26 22:31:42 - Loaded 956 subjects (455 ASD, 501 NC)
03-Aug-26 22:31:43 - Train/Val/Test sizes: 611/153/192
03-Aug-26 22:33:32 - Epoch 1, Model Loss 6.726894517577026, View Loss -5.862516393052771
03-Aug-26 22:35:18 - Epoch 2, Model Loss 6.530610335048794, View Loss -3.3393626712543094
03-Aug-26 22:37:06 - Epoch 3, Model Loss 6.744173664898412, View Loss 1.6824564621608502
03-Aug-26 22:38:52 - Epoch 4, Model Loss 6.570076939322164, View Loss 2.520785432790578
03-Aug-26 22:40:39 - Epoch 5, Model Loss 6.721203912494616, View Loss 2.8005852831951334
03-Aug-26 22:40:42 - Epoch 5: Train_acc 0.5515548281505729 Val_acc 0.45751633986928103 Test_acc 0.515625 Test_auc 0.5217060167555216
03-Aug-26 22:42:34 - Epoch 6, Model Loss 6.5896484777697175, View Loss 2.906087304098126
03-Aug-26 22:44:22 - Epoch 7, Model Loss 6.5079043087124235, View Loss 2.962481393361443
03-Aug-26 22:46:10 - Epoch 8, Model Loss 6.5578715305671755, View Loss 3.164486888192484
03-Aug-26 22:47:56 - Epoch 9, Model Loss 6.518764732317137, View Loss 3.2855059437197673
03-Aug-26 22:49:44 - Epoch 10, Model Loss 6.534350093960176, View Loss 3.45718604843277
03-Aug-26 22:49:47 - Epoch 10: Train_acc 0.546644844517185 Val_acc 0.48366013071895425 Test_acc 0.546875 Test_auc 0.5309541943205309
03-Aug-26 22:51:34 - Epoch 11, Model Loss 6.482289409481367, View Loss 3.5874180216250755
03-Aug-26 22:53:21 - Epoch 12, Model Loss 6.515097989583366, View Loss 3.8033973374655514
03-Aug-26 22:55:09 - Epoch 13, Model Loss 6.4847823032185605, View Loss 3.972348055550783
03-Aug-26 22:56:56 - Epoch 14, Model Loss 6.544717865177535, View Loss 4.119114501971855
03-Aug-26 22:58:43 - Epoch 15, Model Loss 6.516744904744449, View Loss 4.118896027438574
03-Aug-26 22:58:47 - Epoch 15: Train_acc 0.5433715220949263 Val_acc 0.477124183006536 Test_acc 0.546875 Test_auc 0.5421608094875422
03-Aug-26 23:00:38 - Epoch 16, Model Loss 6.523839599372127, View Loss 4.188533089945242
03-Aug-26 23:02:27 - Epoch 17, Model Loss 6.5495930155053275, View Loss 4.179335630466817
03-Aug-26 23:04:15 - Epoch 18, Model Loss 6.549024399290693, View Loss 4.231065629937254
03-Aug-26 23:06:03 - Epoch 19, Model Loss 6.560830643836488, View Loss 4.242977044781374
03-Aug-26 23:07:51 - Epoch 20, Model Loss 6.530167959715848, View Loss 4.236673216187622
03-Aug-26 23:07:54 - Epoch 20: Train_acc 0.5450081833060556 Val_acc 0.49019607843137253 Test_acc 0.546875 Test_auc 0.5297573713415298
03-Aug-26 23:09:41 - Epoch 21, Model Loss 6.563021186135599, View Loss 4.181463982196564
03-Aug-26 23:11:29 - Epoch 22, Model Loss 6.537493039270079, View Loss 4.291004891091204
03-Aug-26 23:13:17 - Epoch 23, Model Loss 6.571781670403364, View Loss 4.275279290937558
03-Aug-26 23:15:04 - Epoch 24, Model Loss 6.531492006173891, View Loss 4.248663822679785
03-Aug-26 23:16:50 - Epoch 25, Model Loss 6.574613789684839, View Loss 4.259034870104002
03-Aug-26 23:16:54 - Epoch 25: Train_acc 0.5531914893617021 Val_acc 0.49019607843137253 Test_acc 0.5208333333333334 Test_auc 0.5147426830595148
03-Aug-26 23:18:40 - Epoch 26, Model Loss 6.544858202021173, View Loss 4.33722877112231
03-Aug-26 23:20:27 - Epoch 27, Model Loss 6.52750610563837, View Loss 4.27241364438483
03-Aug-26 23:22:14 - Epoch 28, Model Loss 6.528185354317073, View Loss 4.293528564627939
03-Aug-26 23:24:02 - Epoch 29, Model Loss 6.509345252072948, View Loss 4.2961365017680215
03-Aug-26 23:25:48 - Epoch 30, Model Loss 6.578429695041987, View Loss 4.302379361541298
03-Aug-26 23:25:51 - Epoch 30: Train_acc 0.563011456628478 Val_acc 0.49019607843137253 Test_acc 0.4947916666666667 Test_auc 0.5187683603525188
03-Aug-26 23:27:42 - Epoch 31, Model Loss 6.489898381959007, View Loss 4.309184682349722
03-Aug-26 23:29:29 - Epoch 32, Model Loss 6.478747527064747, View Loss 4.248830677444533
03-Aug-26 23:31:14 - Epoch 33, Model Loss 6.53468532452997, View Loss 4.359023241676793
03-Aug-26 23:33:00 - Epoch 34, Model Loss 6.511393355074569, View Loss 4.321298084165383
03-Aug-26 23:34:45 - Epoch 35, Model Loss 6.594430600367669, View Loss 4.2737220242839005
03-Aug-26 23:34:48 - Epoch 35: Train_acc 0.5761047463175123 Val_acc 0.45751633986928103 Test_acc 0.5052083333333334 Test_auc 0.5014688282015014
03-Aug-26 23:36:33 - Epoch 36, Model Loss 6.580801346493236, View Loss 4.335857392918264
03-Aug-26 23:38:17 - Epoch 37, Model Loss 6.520606995409327, View Loss 4.305369776711721
03-Aug-26 23:40:01 - Epoch 38, Model Loss 6.569785188340907, View Loss 4.363158097243738
03-Aug-26 23:41:44 - Epoch 39, Model Loss 6.561188025092142, View Loss 4.435195673116881
03-Aug-26 23:43:28 - Epoch 40, Model Loss 6.445736114014971, View Loss 4.33828405311572
03-Aug-26 23:43:31 - Epoch 40: Train_acc 0.5433715220949263 Val_acc 0.477124183006536 Test_acc 0.5416666666666666 Test_auc 0.5416167990425416
03-Aug-26 23:45:14 - Epoch 41, Model Loss 6.476620338552322, View Loss 4.287508982488254
03-Aug-26 23:46:58 - Epoch 42, Model Loss 6.440918380031804, View Loss 4.359455638548356
03-Aug-26 23:48:41 - Epoch 43, Model Loss 6.4411709140833775, View Loss 4.314128540151443
03-Aug-26 23:50:25 - Epoch 44, Model Loss 6.507049978072046, View Loss 4.286405315961073
03-Aug-26 23:52:08 - Epoch 45, Model Loss 6.55036513192759, View Loss 4.363538211379231
03-Aug-26 23:52:11 - Epoch 45: Train_acc 0.563011456628478 Val_acc 0.46405228758169936 Test_acc 0.53125 Test_auc 0.5172451311065173
03-Aug-26 23:53:55 - Epoch 46, Model Loss 6.492905313956952, View Loss 4.371427387730775
03-Aug-26 23:55:38 - Epoch 47, Model Loss 6.469812539907602, View Loss 4.354262068696967
03-Aug-26 23:57:21 - Epoch 48, Model Loss 6.445251985384478, View Loss 4.306389200706919
03-Aug-26 23:59:04 - Epoch 49, Model Loss 6.445442692933028, View Loss 4.336302025228397
04-Aug-26 00:00:48 - Epoch 50, Model Loss 6.44427200542144, View Loss 4.3914328963783875
04-Aug-26 00:00:51 - Epoch 50: Train_acc 0.5515548281505729 Val_acc 0.46405228758169936 Test_acc 0.515625 Test_auc 0.5186595582635187
04-Aug-26 00:02:34 - Epoch 51, Model Loss 6.413319556490684, View Loss 4.4001047209319815
04-Aug-26 00:04:17 - Epoch 52, Model Loss 6.42368880426435, View Loss 4.4155075686653
04-Aug-26 00:06:00 - Epoch 53, Model Loss 6.465061914315981, View Loss 4.386254874852207
04-Aug-26 00:07:43 - Epoch 54, Model Loss 6.391036396526081, View Loss 4.318097565646258
04-Aug-26 00:09:26 - Epoch 55, Model Loss 6.422746620864993, View Loss 4.3686293923523145
04-Aug-26 00:09:29 - Epoch 55: Train_acc 0.5564648117839607 Val_acc 0.45751633986928103 Test_acc 0.4947916666666667 Test_auc 0.502883255358503
04-Aug-26 00:11:12 - Epoch 56, Model Loss 6.434387179716519, View Loss 4.408935450102811
04-Aug-26 00:12:55 - Epoch 57, Model Loss 6.38182416250975, View Loss 4.362069636436999
04-Aug-26 00:14:38 - Epoch 58, Model Loss 6.41692187626116, View Loss 4.373401996156783
04-Aug-26 00:16:21 - Epoch 59, Model Loss 6.426515049317855, View Loss 4.356357124940463
04-Aug-26 00:18:05 - Epoch 60, Model Loss 6.420498365661321, View Loss 4.397369614989785
04-Aug-26 00:18:08 - Epoch 60: Train_acc 0.5613747954173486 Val_acc 0.477124183006536 Test_acc 0.4791666666666667 Test_auc 0.4821020563594821
04-Aug-26 00:19:51 - Epoch 61, Model Loss 6.416355741784928, View Loss 4.373769746864681
04-Aug-26 00:21:34 - Epoch 62, Model Loss 6.3934425019983765, View Loss 4.420303619434713
04-Aug-26 00:23:17 - Epoch 63, Model Loss 6.3488376682986996, View Loss 4.300211747227245
04-Aug-26 00:25:00 - Epoch 64, Model Loss 6.475889878655416, View Loss 4.455754141955836
04-Aug-26 00:26:43 - Epoch 65, Model Loss 6.397285015805458, View Loss 4.3859207431150145
04-Aug-26 00:26:46 - Epoch 65: Train_acc 0.5433715220949263 Val_acc 0.49673202614379086 Test_acc 0.53125 Test_auc 0.5276901316505277
04-Aug-26 00:28:29 - Epoch 66, Model Loss 6.405829933778354, View Loss 4.449570873560179
04-Aug-26 00:30:13 - Epoch 67, Model Loss 6.34383875726678, View Loss 4.367998303446169
04-Aug-26 00:31:56 - Epoch 68, Model Loss 6.327367521932199, View Loss 4.355563796678658
04-Aug-26 00:33:39 - Epoch 69, Model Loss 6.330548015631942, View Loss 4.368743802833869
04-Aug-26 00:35:22 - Epoch 70, Model Loss 6.3082297328255965, View Loss 4.355959862616956
04-Aug-26 00:35:25 - Epoch 70: Train_acc 0.5450081833060556 Val_acc 0.49673202614379086 Test_acc 0.5416666666666666 Test_auc 0.5282341420955283
04-Aug-26 00:37:08 - Epoch 71, Model Loss 6.360303922487749, View Loss 4.3820926358773935
04-Aug-26 00:38:51 - Epoch 72, Model Loss 6.339538788054071, View Loss 4.3526054193462365
04-Aug-26 00:40:34 - Epoch 73, Model Loss 6.3678008085772175, View Loss 4.3456731896158525
04-Aug-26 00:42:17 - Epoch 74, Model Loss 6.327313821171387, View Loss 4.404172624191559
04-Aug-26 00:44:00 - Epoch 75, Model Loss 6.37610975224921, View Loss 4.366704605214919
04-Aug-26 00:44:03 - Epoch 75: Train_acc 0.5662847790507365 Val_acc 0.48366013071895425 Test_acc 0.4739583333333333 Test_auc 0.4821020563594821
04-Aug-26 00:45:46 - Epoch 76, Model Loss 6.297643241632589, View Loss 4.39416691675514
04-Aug-26 00:47:30 - Epoch 77, Model Loss 6.370944650590713, View Loss 4.341107823454612
04-Aug-26 00:49:13 - Epoch 78, Model Loss 6.327237122968059, View Loss 4.37795749857851
04-Aug-26 00:50:56 - Epoch 79, Model Loss 6.346210820780253, View Loss 4.396676367901741
04-Aug-26 00:52:39 - Epoch 80, Model Loss 6.269025020630582, View Loss 4.386016648256642
04-Aug-26 00:52:42 - Epoch 80: Train_acc 0.5711947626841244 Val_acc 0.46405228758169936 Test_acc 0.4739583333333333 Test_auc 0.47731476444347737
04-Aug-26 00:54:25 - Epoch 81, Model Loss 6.262044645955637, View Loss 4.382228963698966
04-Aug-26 00:56:09 - Epoch 82, Model Loss 6.323638878555423, View Loss 4.37787023815898
04-Aug-26 00:57:52 - Epoch 83, Model Loss 6.351887815322502, View Loss 4.379102187148873
04-Aug-26 00:59:36 - Epoch 84, Model Loss 6.319021950767005, View Loss 4.413957261805058
04-Aug-26 01:01:19 - Epoch 85, Model Loss 6.341444781095814, View Loss 4.415128697740271
04-Aug-26 01:01:22 - Epoch 85: Train_acc 0.5777414075286416 Val_acc 0.477124183006536 Test_acc 0.515625 Test_auc 0.5084321618975085
04-Aug-26 01:03:05 - Epoch 86, Model Loss 6.328382954074591, View Loss 4.406833974117148
04-Aug-26 01:04:48 - Epoch 87, Model Loss 6.283743582848832, View Loss 4.395142570064813
04-Aug-26 01:06:32 - Epoch 88, Model Loss 6.3603786399828826, View Loss 4.481352654689657
04-Aug-26 01:08:15 - Epoch 89, Model Loss 6.329495447942356, View Loss 4.397111387767885
04-Aug-26 01:09:58 - Epoch 90, Model Loss 6.308561350046711, View Loss 4.404064675594898
04-Aug-26 01:10:01 - Epoch 90: Train_acc 0.5711947626841244 Val_acc 0.46405228758169936 Test_acc 0.4947916666666667 Test_auc 0.5083233598085083
04-Aug-26 01:11:44 - Epoch 91, Model Loss 6.239893326392541, View Loss 4.31301273417746
04-Aug-26 01:13:28 - Epoch 92, Model Loss 6.274018715329334, View Loss 4.33764660846192
04-Aug-26 01:15:11 - Epoch 93, Model Loss 6.279789507876831, View Loss 4.401425036978214
04-Aug-26 01:16:55 - Epoch 94, Model Loss 6.38171748209702, View Loss 4.442852591531756
04-Aug-26 01:18:38 - Epoch 95, Model Loss 6.301268750829119, View Loss 4.402619528107089
04-Aug-26 01:18:41 - Epoch 95: Train_acc 0.5450081833060556 Val_acc 0.477124183006536 Test_acc 0.546875 Test_auc 0.5415079969535415
04-Aug-26 01:20:25 - Epoch 96, Model Loss 6.241720222997587, View Loss 4.408370901441808
04-Aug-26 01:22:08 - Epoch 97, Model Loss 6.233054061177905, View Loss 4.3789844910954105
04-Aug-26 01:23:51 - Epoch 98, Model Loss 6.273778465882846, View Loss 4.395090616666353
04-Aug-26 01:25:35 - Epoch 99, Model Loss 6.276120987344296, View Loss 4.338280225931721
04-Aug-26 01:27:18 - Epoch 100, Model Loss 6.239976246111132, View Loss 4.401824141095001
04-Aug-26 01:27:21 - Epoch 100: Train_acc 0.5400981996726678 Val_acc 0.48366013071895425 Test_acc 0.5572916666666666 Test_auc 0.541072788597541
04-Aug-26 01:27:21 - FinishedTraining! BestEpoch (eval-interval index): 12
04-Aug-26 01:27:21 - Wrote /users/3171356m/muhammad/GraSTIACL/nested_cv/results/combat__emb256_bs128__fold0.json
04-Aug-26 01:27:21 - {
  "emb_dim": 256,
  "batch_size": 128,
  "fold": 0,
  "combat": true,
  "n_train": 611,
  "n_val": 153,
  "n_test": 192,
  "best_val_epoch_idx": 12,
  "train_accuracy": 0.5433715220949263,
  "val_accuracy": 0.49673202614379086,
  "test_accuracy": 0.53125,
  "train_f1": 0.37020316027088035,
  "val_f1": 0.2803738317757009,
  "test_f1": 0.375,
  "train_sensitivity": 0.281786940612416,
  "val_sensitivity": 0.20547944924000755,
  "test_sensitivity": 0.296703293442821,
  "train_specificity": 0.7812499975585938,
  "val_specificity": 0.7624999904687502,
  "test_specificity": 0.7425742500735223,
  "train_precision": 0.5394736842105263,
  "val_precision": 0.4411764705882353,
  "test_precision": 0.5094339622641509,
  "test_auc": 0.5276901316505277
}
