Task 21: emb_dim=128 batch_size=128 fold=1 combat=no
The Zen of Python, by Tim Peters

Beautiful is better than ugly.
Explicit is better than implicit.
Simple is better than complex.
Complex is better than complicated.
Flat is better than nested.
Sparse is better than dense.
Readability counts.
Special cases aren't special enough to break the rules.
Although practicality beats purity.
Errors should never pass silently.
Unless explicitly silenced.
In the face of ambiguity, refuse the temptation to guess.
There should be one-- and preferably only one --obvious way to do it.
Although that way may not be obvious at first unless you're Dutch.
Now is better than never.
Although never is often better than *right* now.
If the implementation is hard to explain, it's a bad idea.
If the implementation is easy to explain, it may be a good idea.
Namespaces are one honking great idea -- let's do more of those!
validation time cost : 0.21369 sec
validation time cost : 0.20962 sec
validation time cost : 0.20454 sec
validation time cost : 0.19899 sec
validation time cost : 0.19711 sec
validation time cost : 0.20063 sec
validation time cost : 0.19689 sec
validation time cost : 0.19989 sec
validation time cost : 0.19874 sec
validation time cost : 0.19940 sec
validation time cost : 0.20197 sec
validation time cost : 0.19900 sec
validation time cost : 0.19890 sec
validation time cost : 0.19763 sec
validation time cost : 0.20021 sec
validation time cost : 0.19921 sec
validation time cost : 0.19911 sec
validation time cost : 0.20019 sec
validation time cost : 0.20038 sec
validation time cost : 0.19693 sec
