03-Aug-26 05:34:04 - Using Device: cuda
03-Aug-26 05:34:04 - Seed: 123, Fold: 2, ComBat: False
03-Aug-26 05:34:04 - Namespace(fold=2, combat=False, num_dyn_windows=3, model_lr=0.0005, view_lr=0.0005, num_gc_layers=1, pooling_type='standard', emb_dim=32, vib_hidden_dim=400, batch_size=128, drop_ratio=0.3, epochs=100, kld_lambda=0.003, eval_interval=5, downstream_classifier='linear', ce_lambda=2.0, seed=123)
03-Aug-26 05:34:04 - Loading raw subject data...
03-Aug-26 05:34:07 - Loaded 956 subjects (455 ASD, 501 NC)
03-Aug-26 05:34:07 - Train/Val/Test sizes: 612/153/191
03-Aug-26 05:35:56 - Epoch 1, Model Loss 7.320538156172809, View Loss -5.14923469693053
03-Aug-26 05:37:43 - Epoch 2, Model Loss 7.580581814635034, View Loss -2.3599505736157784
03-Aug-26 05:39:29 - Epoch 3, Model Loss 7.676774417652803, View Loss 1.9751176506865258
03-Aug-26 05:41:15 - Epoch 4, Model Loss 7.292101355159984, View Loss 2.978020990596098
03-Aug-26 05:43:01 - Epoch 5, Model Loss 7.49964045854955, View Loss 3.270875774956996
03-Aug-26 05:43:04 - Epoch 5: Train_acc 0.5571895424836601 Val_acc 0.5163398692810458 Test_acc 0.46596858638743455 Test_auc 0.4695604395604395
03-Aug-26 05:44:55 - Epoch 6, Model Loss 7.345041754978155, View Loss 3.257204116559496
03-Aug-26 05:46:42 - Epoch 7, Model Loss 7.243203412473592, View Loss 3.428855322544871
03-Aug-26 05:48:28 - Epoch 8, Model Loss 7.2106649673062995, View Loss 3.3715611345627727
03-Aug-26 05:50:14 - Epoch 9, Model Loss 7.04925504073598, View Loss 3.4931125095467164
03-Aug-26 05:51:59 - Epoch 10, Model Loss 6.99389992819892, View Loss 3.593824995888604
03-Aug-26 05:52:02 - Epoch 10: Train_acc 0.5359477124183006 Val_acc 0.5620915032679739 Test_acc 0.4607329842931937 Test_auc 0.46989010989010993
03-Aug-26 05:53:53 - Epoch 11, Model Loss 7.0020450018589795, View Loss 3.710927449020685
03-Aug-26 05:55:40 - Epoch 12, Model Loss 6.9244819341921335, View Loss 3.831053715126187
03-Aug-26 05:57:27 - Epoch 13, Model Loss 6.864467969906875, View Loss 4.042522299523447
03-Aug-26 05:59:13 - Epoch 14, Model Loss 6.985329322565615, View Loss 4.154452283397998
03-Aug-26 06:00:59 - Epoch 15, Model Loss 6.964025796628466, View Loss 4.351331065682804
03-Aug-26 06:01:02 - Epoch 15: Train_acc 0.5555555555555556 Val_acc 0.5163398692810458 Test_acc 0.46596858638743455 Test_auc 0.4692307692307692
03-Aug-26 06:02:50 - Epoch 16, Model Loss 6.89719553243101, View Loss 4.429654906777775
03-Aug-26 06:04:38 - Epoch 17, Model Loss 6.954733505747677, View Loss 4.46443851009693
03-Aug-26 06:06:24 - Epoch 18, Model Loss 7.044331628512713, View Loss 4.480289481044594
03-Aug-26 06:08:10 - Epoch 19, Model Loss 6.865490751328811, View Loss 4.464819269242629
03-Aug-26 06:09:56 - Epoch 20, Model Loss 6.902001150293288, View Loss 4.533070520637861
03-Aug-26 06:09:59 - Epoch 20: Train_acc 0.5424836601307189 Val_acc 0.5294117647058824 Test_acc 0.46596858638743455 Test_auc 0.46593406593406594
03-Aug-26 06:11:48 - Epoch 21, Model Loss 6.8923725489697425, View Loss 4.497191756379371
03-Aug-26 06:13:34 - Epoch 22, Model Loss 6.868264351015776, View Loss 4.574905744565078
03-Aug-26 06:15:21 - Epoch 23, Model Loss 6.9429694032357405, View Loss 4.529241979511735
03-Aug-26 06:17:07 - Epoch 24, Model Loss 6.845727128920212, View Loss 4.4471921733781405
03-Aug-26 06:18:52 - Epoch 25, Model Loss 6.821931895087747, View Loss 4.58542518366396
03-Aug-26 06:18:55 - Epoch 25: Train_acc 0.553921568627451 Val_acc 0.5228758169934641 Test_acc 0.46596858638743455 Test_auc 0.4693406593406594
03-Aug-26 06:20:44 - Epoch 26, Model Loss 6.90245002858779, View Loss 4.537313910091624
03-Aug-26 06:22:31 - Epoch 27, Model Loss 6.854180460661844, View Loss 4.538235271678252
03-Aug-26 06:24:17 - Epoch 28, Model Loss 6.858189863317153, View Loss 4.60666167813968
03-Aug-26 06:26:02 - Epoch 29, Model Loss 6.848087977739721, View Loss 4.528576258740394
03-Aug-26 06:27:48 - Epoch 30, Model Loss 6.842601321101967, View Loss 4.55800215403239
03-Aug-26 06:27:51 - Epoch 30: Train_acc 0.5343137254901961 Val_acc 0.5555555555555556 Test_acc 0.45549738219895286 Test_auc 0.47329670329670337
03-Aug-26 06:29:41 - Epoch 31, Model Loss 6.736070056366764, View Loss 4.492011051551969
03-Aug-26 06:31:28 - Epoch 32, Model Loss 6.8076133790358995, View Loss 4.555741917853262
03-Aug-26 06:33:14 - Epoch 33, Model Loss 6.816972888373082, View Loss 4.529478951996448
03-Aug-26 06:35:00 - Epoch 34, Model Loss 6.808076783722522, View Loss 4.576692821153628
03-Aug-26 06:36:46 - Epoch 35, Model Loss 6.7466876304227545, View Loss 4.614774055730283
03-Aug-26 06:36:49 - Epoch 35: Train_acc 0.5392156862745098 Val_acc 0.5294117647058824 Test_acc 0.4607329842931937 Test_auc 0.46604395604395604
03-Aug-26 06:38:40 - Epoch 36, Model Loss 6.89650541193345, View Loss 4.479283653832729
03-Aug-26 06:40:27 - Epoch 37, Model Loss 6.757030717687669, View Loss 4.591324154847587
03-Aug-26 06:42:14 - Epoch 38, Model Loss 6.763167125726837, View Loss 4.552583021276138
03-Aug-26 06:43:59 - Epoch 39, Model Loss 6.792426396039576, View Loss 4.568693400987613
03-Aug-26 06:45:45 - Epoch 40, Model Loss 6.825972067764382, View Loss 4.515285529342353
03-Aug-26 06:45:48 - Epoch 40: Train_acc 0.5310457516339869 Val_acc 0.5555555555555556 Test_acc 0.4607329842931937 Test_auc 0.47274725274725277
03-Aug-26 06:47:35 - Epoch 41, Model Loss 6.784194600348379, View Loss 4.5569608756919315
03-Aug-26 06:49:22 - Epoch 42, Model Loss 6.756595281214496, View Loss 4.511585101582646
03-Aug-26 06:51:09 - Epoch 43, Model Loss 6.743747770396713, View Loss 4.627861337724075
03-Aug-26 06:52:55 - Epoch 44, Model Loss 6.7077607734530575, View Loss 4.550634845409518
03-Aug-26 06:54:40 - Epoch 45, Model Loss 6.727139148836821, View Loss 4.614437726588031
03-Aug-26 06:54:43 - Epoch 45: Train_acc 0.5310457516339869 Val_acc 0.5555555555555556 Test_acc 0.4607329842931937 Test_auc 0.4723076923076923
03-Aug-26 06:56:34 - Epoch 46, Model Loss 6.813055094550638, View Loss 4.56967039357603
03-Aug-26 06:58:21 - Epoch 47, Model Loss 6.734324000240151, View Loss 4.575791234284445
03-Aug-26 07:00:07 - Epoch 48, Model Loss 6.864911091873069, View Loss 4.532977278715645
03-Aug-26 07:01:53 - Epoch 49, Model Loss 6.805948992959814, View Loss 4.652756737727745
03-Aug-26 07:03:39 - Epoch 50, Model Loss 6.739040761212118, View Loss 4.56037512635873
03-Aug-26 07:03:42 - Epoch 50: Train_acc 0.5506535947712419 Val_acc 0.5228758169934641 Test_acc 0.46596858638743455 Test_auc 0.46835164835164833
03-Aug-26 07:05:27 - Epoch 51, Model Loss 6.760902928371055, View Loss 4.587898961858811
03-Aug-26 07:07:13 - Epoch 52, Model Loss 6.748543321696761, View Loss 4.535776496712678
03-Aug-26 07:08:58 - Epoch 53, Model Loss 6.745677957347795, View Loss 4.5687102679333655
03-Aug-26 07:10:44 - Epoch 54, Model Loss 6.6703751881917315, View Loss 4.516411363688949
03-Aug-26 07:12:29 - Epoch 55, Model Loss 6.66030489853005, View Loss 4.567827383677165
03-Aug-26 07:12:33 - Epoch 55: Train_acc 0.5522875816993464 Val_acc 0.5228758169934641 Test_acc 0.46596858638743455 Test_auc 0.4694505494505494
03-Aug-26 07:14:20 - Epoch 56, Model Loss 6.751172595553928, View Loss 4.579087266735002
03-Aug-26 07:16:07 - Epoch 57, Model Loss 6.736855837254742, View Loss 4.578214205947577
03-Aug-26 07:17:54 - Epoch 58, Model Loss 6.7206631454766965, View Loss 4.699027419869417
03-Aug-26 07:19:39 - Epoch 59, Model Loss 6.768087792240716, View Loss 4.607127040040259
03-Aug-26 07:21:25 - Epoch 60, Model Loss 6.696018056931838, View Loss 4.556485958348691
03-Aug-26 07:21:28 - Epoch 60: Train_acc 0.5522875816993464 Val_acc 0.5228758169934641 Test_acc 0.46596858638743455 Test_auc 0.4689010989010989
03-Aug-26 07:23:14 - Epoch 61, Model Loss 6.71445193010218, View Loss 4.595171030829935
03-Aug-26 07:25:00 - Epoch 62, Model Loss 6.728696533277923, View Loss 4.607147160698386
03-Aug-26 07:26:45 - Epoch 63, Model Loss 6.636066548964557, View Loss 4.604202413870619
03-Aug-26 07:28:29 - Epoch 64, Model Loss 6.659035529965669, View Loss 4.597203441694671
03-Aug-26 07:30:13 - Epoch 65, Model Loss 6.734443103565889, View Loss 4.611707338320664
03-Aug-26 07:30:16 - Epoch 65: Train_acc 0.5506535947712419 Val_acc 0.5228758169934641 Test_acc 0.46596858638743455 Test_auc 0.46989010989010993
03-Aug-26 07:32:01 - Epoch 66, Model Loss 6.63097851572473, View Loss 4.584642438327565
03-Aug-26 07:33:44 - Epoch 67, Model Loss 6.66007912704368, View Loss 4.552501971425574
03-Aug-26 07:35:28 - Epoch 68, Model Loss 6.653332591835969, View Loss 4.632433021769804
03-Aug-26 07:37:11 - Epoch 69, Model Loss 6.707841199987075, View Loss 4.591373742795458
03-Aug-26 07:38:54 - Epoch 70, Model Loss 6.7239364518059626, View Loss 4.582558956021577
03-Aug-26 07:38:57 - Epoch 70: Train_acc 0.5392156862745098 Val_acc 0.5294117647058824 Test_acc 0.46596858638743455 Test_auc 0.46571428571428575
03-Aug-26 07:40:40 - Epoch 71, Model Loss 6.652564603518816, View Loss 4.575187789069282
03-Aug-26 07:42:22 - Epoch 72, Model Loss 6.659102885551702, View Loss 4.614429667105083
03-Aug-26 07:44:05 - Epoch 73, Model Loss 6.697355806437972, View Loss 4.61622840594622
03-Aug-26 07:45:47 - Epoch 74, Model Loss 6.639419215956544, View Loss 4.652186063380023
03-Aug-26 07:47:30 - Epoch 75, Model Loss 6.706922752405304, View Loss 4.5935558742947045
03-Aug-26 07:47:33 - Epoch 75: Train_acc 0.5588235294117647 Val_acc 0.5228758169934641 Test_acc 0.46596858638743455 Test_auc 0.46901098901098903
03-Aug-26 07:49:15 - Epoch 76, Model Loss 6.6460348546894545, View Loss 4.60446056976817
03-Aug-26 07:50:58 - Epoch 77, Model Loss 6.640776001550014, View Loss 4.62913579566806
03-Aug-26 07:52:40 - Epoch 78, Model Loss 6.667458649554284, View Loss 4.591015441744935
03-Aug-26 07:54:23 - Epoch 79, Model Loss 6.640600846483816, View Loss 4.597358317157022
03-Aug-26 07:56:05 - Epoch 80, Model Loss 6.620865167356005, View Loss 4.626543437733369
03-Aug-26 07:56:08 - Epoch 80: Train_acc 0.5408496732026143 Val_acc 0.5620915032679739 Test_acc 0.45549738219895286 Test_auc 0.46659340659340665
03-Aug-26 07:57:50 - Epoch 81, Model Loss 6.621812035055721, View Loss 4.6350782462974
03-Aug-26 07:59:33 - Epoch 82, Model Loss 6.646360048281601, View Loss 4.621349182004243
03-Aug-26 08:01:15 - Epoch 83, Model Loss 6.609558647754145, View Loss 4.659033887526569
03-Aug-26 08:02:57 - Epoch 84, Model Loss 6.6135250727335615, View Loss 4.640690127229379
03-Aug-26 08:04:40 - Epoch 85, Model Loss 6.586847629422456, View Loss 4.643930298051024
03-Aug-26 08:04:43 - Epoch 85: Train_acc 0.5571895424836601 Val_acc 0.5163398692810458 Test_acc 0.46596858638743455 Test_auc 0.4697802197802198
03-Aug-26 08:06:25 - Epoch 86, Model Loss 6.584592735066133, View Loss 4.660763955583759
03-Aug-26 08:08:07 - Epoch 87, Model Loss 6.557580081465977, View Loss 4.633970347884434
03-Aug-26 08:09:49 - Epoch 88, Model Loss 6.570522398730509, View Loss 4.634703312044829
03-Aug-26 08:11:32 - Epoch 89, Model Loss 6.595505274978339, View Loss 4.6336294560650595
03-Aug-26 08:13:14 - Epoch 90, Model Loss 6.566350631464541, View Loss 4.631229179357391
03-Aug-26 08:13:17 - Epoch 90: Train_acc 0.5555555555555556 Val_acc 0.5163398692810458 Test_acc 0.46596858638743455 Test_auc 0.4696703296703297
03-Aug-26 08:14:59 - Epoch 91, Model Loss 6.572402879303577, View Loss 4.60819024665683
03-Aug-26 08:16:42 - Epoch 92, Model Loss 6.5757719862694834, View Loss 4.651712196325165
03-Aug-26 08:18:24 - Epoch 93, Model Loss 6.523489141775892, View Loss 4.652694889143402
03-Aug-26 08:20:06 - Epoch 94, Model Loss 6.55175230549831, View Loss 4.6549533301708745
03-Aug-26 08:21:49 - Epoch 95, Model Loss 6.564715503867156, View Loss 4.662734137641059
03-Aug-26 08:21:52 - Epoch 95: Train_acc 0.5408496732026143 Val_acc 0.5294117647058824 Test_acc 0.4712041884816754 Test_auc 0.4662637362637363
03-Aug-26 08:23:34 - Epoch 96, Model Loss 6.555573282678143, View Loss 4.617251548891753
03-Aug-26 08:25:16 - Epoch 97, Model Loss 6.61113710652769, View Loss 4.583033739351759
03-Aug-26 08:26:59 - Epoch 98, Model Loss 6.532683896083458, View Loss 4.512592605516022
03-Aug-26 08:28:41 - Epoch 99, Model Loss 6.496873188642115, View Loss 4.406280536277621
03-Aug-26 08:30:23 - Epoch 100, Model Loss 6.54595600701625, View Loss 4.568205967448116
03-Aug-26 08:30:24 - Epoch 100: Train_acc 0.5588235294117647 Val_acc 0.5163398692810458 Test_acc 0.46596858638743455 Test_auc 0.4697802197802198
03-Aug-26 08:30:24 - FinishedTraining! BestEpoch (eval-interval index): 1
03-Aug-26 08:30:24 - Wrote /users/3171356m/muhammad/GraSTIACL/nested_cv/results/nocombat__emb32_bs128__fold2.json
03-Aug-26 08:30:24 - {
  "emb_dim": 32,
  "batch_size": 128,
  "fold": 2,
  "combat": false,
  "n_train": 612,
  "n_val": 153,
  "n_test": 191,
  "best_val_epoch_idx": 1,
  "train_accuracy": 0.5359477124183006,
  "val_accuracy": 0.5620915032679739,
  "test_accuracy": 0.4607329842931937,
  "train_f1": 0.4365079365079365,
  "val_f1": 0.48854961832061067,
  "test_f1": 0.37575757575757573,
  "train_sensitivity": 0.378006871553241,
  "val_sensitivity": 0.4383561583786828,
  "test_sensitivity": 0.34065933691583145,
  "train_specificity": 0.6791277237410351,
  "val_specificity": 0.6749999915625001,
  "test_specificity": 0.5699999943,
  "train_precision": 0.5164319248826291,
  "val_precision": 0.5517241379310345,
  "test_precision": 0.4189189189189189,
  "test_auc": 0.46989010989010993
}
