03-Aug-26 15:08:59 - Using Device: cuda
03-Aug-26 15:08:59 - Seed: 123, Fold: 3, ComBat: True
03-Aug-26 15:08:59 - Namespace(fold=3, combat=True, num_dyn_windows=3, model_lr=0.0005, view_lr=0.0005, num_gc_layers=1, pooling_type='standard', emb_dim=256, vib_hidden_dim=400, batch_size=32, drop_ratio=0.3, epochs=100, kld_lambda=0.003, eval_interval=5, downstream_classifier='linear', ce_lambda=2.0, seed=123)
03-Aug-26 15:08:59 - Loading raw subject data...
03-Aug-26 15:09:02 - Loaded 956 subjects (455 ASD, 501 NC)
03-Aug-26 15:09:03 - Train/Val/Test sizes: 612/153/191
03-Aug-26 15:10:48 - Epoch 1, Model Loss 5.578425153408175, View Loss -2.7000721439816595
03-Aug-26 15:12:33 - Epoch 2, Model Loss 5.368152249093149, View Loss 1.5276621182759602
03-Aug-26 15:14:17 - Epoch 3, Model Loss 5.242950735528485, View Loss 1.8206024053050023
03-Aug-26 15:16:02 - Epoch 4, Model Loss 5.228055218465967, View Loss 2.260311062819038
03-Aug-26 15:17:46 - Epoch 5, Model Loss 5.264063567117928, View Loss 2.788155404570835
03-Aug-26 15:17:49 - Epoch 5: Train_acc 0.5473856209150327 Val_acc 0.5163398692810458 Test_acc 0.5445026178010471 Test_auc 0.4987912087912088
03-Aug-26 15:19:33 - Epoch 6, Model Loss 5.3514828588448315, View Loss 2.8705364600116132
03-Aug-26 15:21:17 - Epoch 7, Model Loss 5.303905655356014, View Loss 2.974144091793135
03-Aug-26 15:23:01 - Epoch 8, Model Loss 5.249594669716031, View Loss 2.929434206750658
03-Aug-26 15:24:43 - Epoch 9, Model Loss 5.249846368054159, View Loss 2.9598961414075364
03-Aug-26 15:26:25 - Epoch 10, Model Loss 5.191457246643266, View Loss 2.948792534715989
03-Aug-26 15:26:28 - Epoch 10: Train_acc 0.5506535947712419 Val_acc 0.5163398692810458 Test_acc 0.5392670157068062 Test_auc 0.5025274725274725
03-Aug-26 15:28:10 - Epoch 11, Model Loss 5.222214784497529, View Loss 2.9340283792782453
03-Aug-26 15:29:51 - Epoch 12, Model Loss 5.174966179467495, View Loss 2.9743122984381283
03-Aug-26 15:31:33 - Epoch 13, Model Loss 5.135049664117153, View Loss 2.9151732267117967
03-Aug-26 15:33:14 - Epoch 14, Model Loss 5.200437368131151, View Loss 3.051101601396511
03-Aug-26 15:34:56 - Epoch 15, Model Loss 5.214286459816827, View Loss 3.0153806479343404
03-Aug-26 15:34:59 - Epoch 15: Train_acc 0.5490196078431373 Val_acc 0.477124183006536 Test_acc 0.5026178010471204 Test_auc 0.4584615384615385
03-Aug-26 15:36:40 - Epoch 16, Model Loss 5.214976672253577, View Loss 2.970125486648161
03-Aug-26 15:38:22 - Epoch 17, Model Loss 5.121629917543698, View Loss 3.021858317010543
03-Aug-26 15:40:03 - Epoch 18, Model Loss 5.213578351962021, View Loss 3.0213091926637037
03-Aug-26 15:41:45 - Epoch 19, Model Loss 5.150360609191695, View Loss 3.073603583317177
03-Aug-26 15:43:26 - Epoch 20, Model Loss 5.287880810257656, View Loss 3.182991283781388
03-Aug-26 15:43:29 - Epoch 20: Train_acc 0.5310457516339869 Val_acc 0.5294117647058824 Test_acc 0.4973821989528796 Test_auc 0.4784615384615385
03-Aug-26 15:45:11 - Epoch 21, Model Loss 5.142685014438006, View Loss 3.110492847324197
03-Aug-26 15:46:53 - Epoch 22, Model Loss 5.151478719087987, View Loss 3.055335082454619
03-Aug-26 15:48:34 - Epoch 23, Model Loss 5.0993879075143855, View Loss 3.1141744291081146
03-Aug-26 15:50:16 - Epoch 24, Model Loss 5.156156253191381, View Loss 3.1058965687658273
03-Aug-26 15:51:57 - Epoch 25, Model Loss 5.149190148496939, View Loss 3.124784795287388
03-Aug-26 15:52:00 - Epoch 25: Train_acc 0.5441176470588235 Val_acc 0.5424836601307189 Test_acc 0.4869109947643979 Test_auc 0.48395604395604397
03-Aug-26 15:53:42 - Epoch 26, Model Loss 5.050294893239838, View Loss 3.056226389470443
03-Aug-26 15:55:23 - Epoch 27, Model Loss 5.09699147666981, View Loss 3.0887385926215476
03-Aug-26 15:57:04 - Epoch 28, Model Loss 5.1080784314598136, View Loss 3.121275998213712
03-Aug-26 15:58:46 - Epoch 29, Model Loss 5.067743779787051, View Loss 3.1303273447198805
03-Aug-26 16:00:27 - Epoch 30, Model Loss 5.194345265432121, View Loss 3.2151314068853467
03-Aug-26 16:00:30 - Epoch 30: Train_acc 0.5522875816993464 Val_acc 0.5098039215686274 Test_acc 0.5078534031413613 Test_auc 0.4701098901098901
03-Aug-26 16:02:11 - Epoch 31, Model Loss 5.096900890076083, View Loss 3.1875807794870115
03-Aug-26 16:03:53 - Epoch 32, Model Loss 5.112232792611215, View Loss 3.0800876110986946
03-Aug-26 16:05:34 - Epoch 33, Model Loss 5.114492748297897, View Loss 3.115687063316894
03-Aug-26 16:07:16 - Epoch 34, Model Loss 5.065848540636449, View Loss 3.1450567929183735
03-Aug-26 16:08:57 - Epoch 35, Model Loss 5.0087908015531655, View Loss 3.097356373578115
03-Aug-26 16:09:00 - Epoch 35: Train_acc 0.5277777777777778 Val_acc 0.5163398692810458 Test_acc 0.5026178010471204 Test_auc 0.47813186813186814
03-Aug-26 16:10:41 - Epoch 36, Model Loss 5.032601546617895, View Loss 3.10501697795843
03-Aug-26 16:12:23 - Epoch 37, Model Loss 5.024298911001168, View Loss 3.159590091580659
03-Aug-26 16:14:04 - Epoch 38, Model Loss 4.967422538333469, View Loss 3.1109348917319104
03-Aug-26 16:15:46 - Epoch 39, Model Loss 5.065540301254372, View Loss 3.0883446402019925
03-Aug-26 16:17:27 - Epoch 40, Model Loss 5.032024475484112, View Loss 3.165138413313947
03-Aug-26 16:17:30 - Epoch 40: Train_acc 0.5277777777777778 Val_acc 0.5163398692810458 Test_acc 0.5130890052356021 Test_auc 0.4762637362637363
03-Aug-26 16:19:12 - Epoch 41, Model Loss 5.044942354065141, View Loss 3.1943362530540016
03-Aug-26 16:20:54 - Epoch 42, Model Loss 5.054312201107249, View Loss 3.160018073187934
03-Aug-26 16:22:36 - Epoch 43, Model Loss 4.991561688628852, View Loss 3.1612629187262917
03-Aug-26 16:24:17 - Epoch 44, Model Loss 5.075055828281477, View Loss 3.1619464338215346
03-Aug-26 16:25:59 - Epoch 45, Model Loss 5.011214332642898, View Loss 3.165384113399032
03-Aug-26 16:26:02 - Epoch 45: Train_acc 0.5555555555555556 Val_acc 0.5098039215686274 Test_acc 0.5287958115183246 Test_auc 0.49098901098901104
03-Aug-26 16:27:44 - Epoch 46, Model Loss 4.969189210654863, View Loss 3.168911492902469
03-Aug-26 16:29:25 - Epoch 47, Model Loss 5.032555845048693, View Loss 3.1606103713605918
03-Aug-26 16:31:07 - Epoch 48, Model Loss 5.017184277765112, View Loss 3.106439297982291
03-Aug-26 16:32:49 - Epoch 49, Model Loss 4.998802852007299, View Loss 3.1140434060221405
03-Aug-26 16:34:30 - Epoch 50, Model Loss 4.986820880883659, View Loss 3.154914201620747
03-Aug-26 16:34:34 - Epoch 50: Train_acc 0.553921568627451 Val_acc 0.5163398692810458 Test_acc 0.5287958115183246 Test_auc 0.49329670329670333
03-Aug-26 16:36:15 - Epoch 51, Model Loss 4.9838454785689805, View Loss 3.203273424136093
03-Aug-26 16:37:57 - Epoch 52, Model Loss 4.933053984361536, View Loss 3.1753831003226485
03-Aug-26 16:39:39 - Epoch 53, Model Loss 4.930406495636585, View Loss 3.1490664731443316
03-Aug-26 16:41:21 - Epoch 54, Model Loss 5.041030129576041, View Loss 3.1363005914719277
03-Aug-26 16:43:02 - Epoch 55, Model Loss 4.976130895365298, View Loss 3.1750859259779936
03-Aug-26 16:43:05 - Epoch 55: Train_acc 0.553921568627451 Val_acc 0.5163398692810458 Test_acc 0.5392670157068062 Test_auc 0.49527472527472527
03-Aug-26 16:44:47 - Epoch 56, Model Loss 4.955718280443179, View Loss 3.1826405751159768
03-Aug-26 16:46:29 - Epoch 57, Model Loss 5.043180180530922, View Loss 3.186131000518799
03-Aug-26 16:48:11 - Epoch 58, Model Loss 5.006205406064302, View Loss 3.0892769846261716
03-Aug-26 16:49:53 - Epoch 59, Model Loss 5.011282344269596, View Loss 3.2201289795582593
03-Aug-26 16:51:34 - Epoch 60, Model Loss 4.951280603221819, View Loss 3.2152270226696738
03-Aug-26 16:51:37 - Epoch 60: Train_acc 0.5522875816993464 Val_acc 0.5163398692810458 Test_acc 0.5392670157068062 Test_auc 0.5025274725274725
03-Aug-26 16:53:19 - Epoch 61, Model Loss 4.954334245008581, View Loss 3.200939456232233
03-Aug-26 16:55:01 - Epoch 62, Model Loss 5.029272057651695, View Loss 3.200063585066328
03-Aug-26 16:56:43 - Epoch 63, Model Loss 4.98885711579541, View Loss 3.120726414755279
03-Aug-26 16:58:24 - Epoch 64, Model Loss 4.956764570248672, View Loss 3.16324211374607
03-Aug-26 17:00:06 - Epoch 65, Model Loss 4.965171781240725, View Loss 3.2054945148673712
03-Aug-26 17:00:09 - Epoch 65: Train_acc 0.5506535947712419 Val_acc 0.5163398692810458 Test_acc 0.5392670157068062 Test_auc 0.5024175824175824
03-Aug-26 17:01:51 - Epoch 66, Model Loss 4.915036731296116, View Loss 3.2115185502307866
03-Aug-26 17:03:33 - Epoch 67, Model Loss 4.970714562858632, View Loss 3.183394287146774
03-Aug-26 17:05:15 - Epoch 68, Model Loss 4.967377868353152, View Loss 3.2893668691706814
03-Aug-26 17:06:57 - Epoch 69, Model Loss 4.954162424685908, View Loss 3.2021697397325553
03-Aug-26 17:08:38 - Epoch 70, Model Loss 4.911188477784201, View Loss 3.085009032215168
03-Aug-26 17:08:41 - Epoch 70: Train_acc 0.5522875816993464 Val_acc 0.5163398692810458 Test_acc 0.5392670157068062 Test_auc 0.5021978021978022
03-Aug-26 17:10:23 - Epoch 71, Model Loss 4.92510852938384, View Loss 3.219207729486858
03-Aug-26 17:12:05 - Epoch 72, Model Loss 4.986933126948238, View Loss 3.1530775634291905
03-Aug-26 17:13:47 - Epoch 73, Model Loss 4.9340336447447735, View Loss 3.1990227364247144
03-Aug-26 17:15:29 - Epoch 74, Model Loss 4.92085916855756, View Loss 3.1637539201312594
03-Aug-26 17:17:10 - Epoch 75, Model Loss 4.952627989201764, View Loss 3.2420713776856465
03-Aug-26 17:17:13 - Epoch 75: Train_acc 0.5392156862745098 Val_acc 0.5228758169934641 Test_acc 0.5340314136125655 Test_auc 0.4953846153846154
03-Aug-26 17:18:55 - Epoch 76, Model Loss 4.948191865596896, View Loss 3.2325784645828546
03-Aug-26 17:20:36 - Epoch 77, Model Loss 4.894446045744653, View Loss 3.2356432185453525
03-Aug-26 17:22:18 - Epoch 78, Model Loss 4.960047746795455, View Loss 3.2714782910409315
03-Aug-26 17:23:59 - Epoch 79, Model Loss 4.9975524011001085, View Loss 3.1690125938724067
03-Aug-26 17:25:41 - Epoch 80, Model Loss 4.957175466749403, View Loss 3.210111749717613
03-Aug-26 17:25:44 - Epoch 80: Train_acc 0.5555555555555556 Val_acc 0.5163398692810458 Test_acc 0.5235602094240838 Test_auc 0.502087912087912
03-Aug-26 17:27:26 - Epoch 81, Model Loss 4.9331152517032, View Loss 3.1953515741560192
03-Aug-26 17:29:07 - Epoch 82, Model Loss 4.8806100678599735, View Loss 3.180815461414312
03-Aug-26 17:30:49 - Epoch 83, Model Loss 4.897761965109632, View Loss 3.1940436978745304
03-Aug-26 17:32:30 - Epoch 84, Model Loss 4.9017047866497165, View Loss 3.20393241036172
03-Aug-26 17:34:11 - Epoch 85, Model Loss 4.85050531462127, View Loss 3.197970006201002
03-Aug-26 17:34:14 - Epoch 85: Train_acc 0.5522875816993464 Val_acc 0.49673202614379086 Test_acc 0.5287958115183246 Test_auc 0.4808791208791209
03-Aug-26 17:35:56 - Epoch 86, Model Loss 4.845160942451627, View Loss 3.2182086269839916
03-Aug-26 17:37:37 - Epoch 87, Model Loss 4.966370775808696, View Loss 3.282232808910943
03-Aug-26 17:39:19 - Epoch 88, Model Loss 4.984452256969377, View Loss 3.2964384322072946
03-Aug-26 17:41:00 - Epoch 89, Model Loss 4.954552267111984, View Loss 3.239822618322435
03-Aug-26 17:42:41 - Epoch 90, Model Loss 4.95331726198882, View Loss 3.261216601904701
03-Aug-26 17:42:44 - Epoch 90: Train_acc 0.5522875816993464 Val_acc 0.5163398692810458 Test_acc 0.5392670157068062 Test_auc 0.5023076923076923
03-Aug-26 17:44:25 - Epoch 91, Model Loss 4.954650797875099, View Loss 3.2090987683900822
03-Aug-26 17:46:06 - Epoch 92, Model Loss 4.917691981870364, View Loss 3.243883691971598
03-Aug-26 17:47:48 - Epoch 93, Model Loss 4.938521802814957, View Loss 3.1666748009476007
03-Aug-26 17:49:29 - Epoch 94, Model Loss 4.926205261080873, View Loss 3.2493129158331677
03-Aug-26 17:51:10 - Epoch 95, Model Loss 4.934351088953953, View Loss 3.2495950273438994
03-Aug-26 17:51:13 - Epoch 95: Train_acc 0.5506535947712419 Val_acc 0.5163398692810458 Test_acc 0.5392670157068062 Test_auc 0.5023076923076922
03-Aug-26 17:52:54 - Epoch 96, Model Loss 4.921874138264874, View Loss 3.2184531353657544
03-Aug-26 17:54:35 - Epoch 97, Model Loss 4.9506663730721066, View Loss 3.2607205537409563
03-Aug-26 17:56:17 - Epoch 98, Model Loss 4.9394917612761455, View Loss 3.212890075702293
03-Aug-26 17:57:59 - Epoch 99, Model Loss 4.936953712912167, View Loss 3.250803090388479
03-Aug-26 17:59:40 - Epoch 100, Model Loss 4.918898752312255, View Loss 3.267329085106943
03-Aug-26 17:59:43 - Epoch 100: Train_acc 0.5506535947712419 Val_acc 0.5163398692810458 Test_acc 0.5392670157068062 Test_auc 0.5027472527472527
03-Aug-26 17:59:43 - FinishedTraining! BestEpoch (eval-interval index): 4
03-Aug-26 17:59:43 - Wrote /users/3171356m/muhammad/GraSTIACL/nested_cv/results/combat__emb256_bs32__fold3.json
03-Aug-26 17:59:43 - {
  "emb_dim": 256,
  "batch_size": 32,
  "fold": 3,
  "combat": true,
  "n_train": 612,
  "n_val": 153,
  "n_test": 191,
  "best_val_epoch_idx": 4,
  "train_accuracy": 0.5441176470588235,
  "val_accuracy": 0.5424836601307189,
  "test_accuracy": 0.4869109947643979,
  "train_f1": 0.3404255319148936,
  "val_f1": 0.33962264150943394,
  "test_f1": 0.24615384615384617,
  "train_sensitivity": 0.24742267956212138,
  "val_sensitivity": 0.24657533908800905,
  "test_sensitivity": 0.17582417389204205,
  "train_specificity": 0.8130841096165604,
  "val_specificity": 0.8124999898437502,
  "test_specificity": 0.7699999923,
  "train_precision": 0.5454545454545454,
  "val_precision": 0.5454545454545454,
  "test_precision": 0.41025641025641024,
  "test_auc": 0.48395604395604397
}
