03-Aug-26 13:47:53 - Using Device: cuda
03-Aug-26 13:47:53 - Seed: 123, Fold: 0, ComBat: True
03-Aug-26 13:47:53 - Namespace(fold=0, combat=True, num_dyn_windows=3, model_lr=0.0005, view_lr=0.0005, num_gc_layers=1, pooling_type='standard', emb_dim=256, vib_hidden_dim=400, batch_size=32, drop_ratio=0.3, epochs=100, kld_lambda=0.003, eval_interval=5, downstream_classifier='linear', ce_lambda=2.0, seed=123)
03-Aug-26 13:47:53 - Loading raw subject data...
03-Aug-26 13:47:59 - Loaded 956 subjects (455 ASD, 501 NC)
03-Aug-26 13:47:59 - Train/Val/Test sizes: 611/153/192
03-Aug-26 13:49:45 - Epoch 1, Model Loss 5.5672929962020845, View Loss -2.7848405389270687
03-Aug-26 13:51:29 - Epoch 2, Model Loss 5.384446770391761, View Loss 1.631574583326736
03-Aug-26 13:53:14 - Epoch 3, Model Loss 5.223732455077226, View Loss 1.9488884154006034
03-Aug-26 13:54:58 - Epoch 4, Model Loss 5.215203111573639, View Loss 2.3495348077358864
03-Aug-26 13:56:42 - Epoch 5, Model Loss 5.440939247705737, View Loss 2.706383155820413
03-Aug-26 13:56:45 - Epoch 5: Train_acc 0.546644844517185 Val_acc 0.48366013071895425 Test_acc 0.546875 Test_auc 0.5295397671635295
03-Aug-26 13:58:31 - Epoch 6, Model Loss 5.287021764951915, View Loss 2.74765615133529
03-Aug-26 14:00:17 - Epoch 7, Model Loss 5.229382982035511, View Loss 2.8701346502464062
03-Aug-26 14:02:02 - Epoch 8, Model Loss 5.26436174325584, View Loss 2.8128021383344053
03-Aug-26 14:03:46 - Epoch 9, Model Loss 5.325296851890177, View Loss 2.983415772306158
03-Aug-26 14:05:31 - Epoch 10, Model Loss 5.273997142935346, View Loss 2.946286993653021
03-Aug-26 14:05:34 - Epoch 10: Train_acc 0.5531914893617021 Val_acc 0.48366013071895425 Test_acc 0.5416666666666666 Test_auc 0.5288869546295288
03-Aug-26 14:07:18 - Epoch 11, Model Loss 5.209812090166657, View Loss 2.948584941619742
03-Aug-26 14:09:03 - Epoch 12, Model Loss 5.24115250777886, View Loss 2.921505891408546
03-Aug-26 14:10:47 - Epoch 13, Model Loss 5.209549615894324, View Loss 2.971279201989478
03-Aug-26 14:12:31 - Epoch 14, Model Loss 5.20481337619101, View Loss 3.0131517477004306
03-Aug-26 14:14:14 - Epoch 15, Model Loss 5.184210556423605, View Loss 2.98894228899635
03-Aug-26 14:14:17 - Epoch 15: Train_acc 0.5499181669394435 Val_acc 0.45751633986928103 Test_acc 0.5052083333333334 Test_auc 0.5181155478185181
03-Aug-26 14:15:59 - Epoch 16, Model Loss 5.296706038879295, View Loss 2.9980795694646196
03-Aug-26 14:17:41 - Epoch 17, Model Loss 5.217530682122064, View Loss 2.9594942940042372
03-Aug-26 14:19:23 - Epoch 18, Model Loss 5.172202853251206, View Loss 3.0187086719537914
03-Aug-26 14:21:05 - Epoch 19, Model Loss 5.113343743177561, View Loss 3.009457758034895
03-Aug-26 14:22:47 - Epoch 20, Model Loss 5.15651512926417, View Loss 3.026941029803062
03-Aug-26 14:22:50 - Epoch 20: Train_acc 0.5515548281505729 Val_acc 0.47058823529411764 Test_acc 0.5364583333333334 Test_auc 0.5296485692525297
03-Aug-26 14:24:32 - Epoch 21, Model Loss 5.167665234954384, View Loss 2.9828577464516544
03-Aug-26 14:26:14 - Epoch 22, Model Loss 5.163611424535074, View Loss 3.0292764472883382
03-Aug-26 14:27:56 - Epoch 23, Model Loss 5.145767632170707, View Loss 3.0485255599217016
03-Aug-26 14:29:38 - Epoch 24, Model Loss 5.147399151773968, View Loss 3.04876807673473
03-Aug-26 14:31:20 - Epoch 25, Model Loss 5.0897805031309735, View Loss 3.052509004472711
03-Aug-26 14:31:23 - Epoch 25: Train_acc 0.5515548281505729 Val_acc 0.47058823529411764 Test_acc 0.53125 Test_auc 0.5272549232945273
03-Aug-26 14:33:04 - Epoch 26, Model Loss 5.142989379489481, View Loss 3.079965555141093
03-Aug-26 14:34:46 - Epoch 27, Model Loss 5.125012027456405, View Loss 3.0825111327019146
03-Aug-26 14:36:28 - Epoch 28, Model Loss 5.09355426927245, View Loss 3.0516118812092783
03-Aug-26 14:38:10 - Epoch 29, Model Loss 5.07252542496508, View Loss 3.0635170457601157
03-Aug-26 14:39:52 - Epoch 30, Model Loss 5.106268910456406, View Loss 3.0357342272167704
03-Aug-26 14:39:55 - Epoch 30: Train_acc 0.5417348608837971 Val_acc 0.49673202614379086 Test_acc 0.5572916666666666 Test_auc 0.540855184419541
03-Aug-26 14:41:36 - Epoch 31, Model Loss 5.121541873913155, View Loss 3.085622199233347
03-Aug-26 14:43:18 - Epoch 32, Model Loss 5.220802586519581, View Loss 3.0325630960312298
03-Aug-26 14:45:00 - Epoch 33, Model Loss 5.09549710832524, View Loss 3.1312853557388443
03-Aug-26 14:46:41 - Epoch 34, Model Loss 5.290246800393012, View Loss 3.1544994590910678
03-Aug-26 14:48:23 - Epoch 35, Model Loss 5.078383809415876, View Loss 3.095541787225564
03-Aug-26 14:48:26 - Epoch 35: Train_acc 0.5499181669394435 Val_acc 0.46405228758169936 Test_acc 0.5104166666666666 Test_auc 0.5188771624415188
03-Aug-26 14:50:08 - Epoch 36, Model Loss 5.040778414512422, View Loss 3.1161047434845845
03-Aug-26 14:51:50 - Epoch 37, Model Loss 5.0827545503157445, View Loss 3.133572997174755
03-Aug-26 14:53:32 - Epoch 38, Model Loss 5.068712758939903, View Loss 3.0974674181930366
03-Aug-26 14:55:14 - Epoch 39, Model Loss 5.04262139734777, View Loss 3.0914151534169863
03-Aug-26 14:56:55 - Epoch 40, Model Loss 5.053878047852586, View Loss 3.1169959733021826
03-Aug-26 14:56:58 - Epoch 40: Train_acc 0.5450081833060556 Val_acc 0.477124183006536 Test_acc 0.5416666666666666 Test_auc 0.5410727885975412
03-Aug-26 14:58:40 - Epoch 41, Model Loss 5.052321256085035, View Loss 3.0863927593012686
03-Aug-26 15:00:22 - Epoch 42, Model Loss 5.075588145935009, View Loss 3.1950143009863194
03-Aug-26 15:02:05 - Epoch 43, Model Loss 5.058934934790903, View Loss 3.1264764771426368
03-Aug-26 15:03:46 - Epoch 44, Model Loss 5.043886382138866, View Loss 3.159641972832906
03-Aug-26 15:05:28 - Epoch 45, Model Loss 5.001533822029975, View Loss 3.164116563754074
03-Aug-26 15:05:31 - Epoch 45: Train_acc 0.5515548281505729 Val_acc 0.46405228758169936 Test_acc 0.5104166666666666 Test_auc 0.5188771624415188
03-Aug-26 15:07:13 - Epoch 46, Model Loss 5.029164171843209, View Loss 3.01605034425684
03-Aug-26 15:08:55 - Epoch 47, Model Loss 5.015581864577073, View Loss 3.085247374839361
03-Aug-26 15:10:37 - Epoch 48, Model Loss 5.002961400682914, View Loss 3.16916896941814
03-Aug-26 15:12:18 - Epoch 49, Model Loss 4.96064725288978, View Loss 3.086994608958692
03-Aug-26 15:14:00 - Epoch 50, Model Loss 4.984126873765561, View Loss 3.2149780216076564
03-Aug-26 15:14:03 - Epoch 50: Train_acc 0.546644844517185 Val_acc 0.47058823529411764 Test_acc 0.5104166666666666 Test_auc 0.5173539331955174
03-Aug-26 15:15:45 - Epoch 51, Model Loss 5.013585902274923, View Loss 3.1317636441384518
03-Aug-26 15:17:27 - Epoch 52, Model Loss 4.994681197960912, View Loss 3.129638284396033
03-Aug-26 15:19:09 - Epoch 53, Model Loss 5.0137476144562765, View Loss 3.1646427546312297
03-Aug-26 15:20:51 - Epoch 54, Model Loss 4.969589401969348, View Loss 3.0881004429707355
03-Aug-26 15:22:33 - Epoch 55, Model Loss 4.964904254470051, View Loss 3.1266247779618697
03-Aug-26 15:22:36 - Epoch 55: Train_acc 0.5531914893617021 Val_acc 0.47058823529411764 Test_acc 0.5364583333333334 Test_auc 0.5287781525405288
03-Aug-26 15:24:18 - Epoch 56, Model Loss 5.026334774669766, View Loss 3.129866064180134
03-Aug-26 15:26:00 - Epoch 57, Model Loss 4.964415949612319, View Loss 3.2333352196040988
03-Aug-26 15:27:42 - Epoch 58, Model Loss 4.992650133303067, View Loss 3.1840851460926465
03-Aug-26 15:29:24 - Epoch 59, Model Loss 4.9357267879620315, View Loss 3.1700154739979247
03-Aug-26 15:31:06 - Epoch 60, Model Loss 4.950427794612566, View Loss 3.0728383878834316
03-Aug-26 15:31:09 - Epoch 60: Train_acc 0.5450081833060556 Val_acc 0.46405228758169936 Test_acc 0.5104166666666666 Test_auc 0.5159395060385159
03-Aug-26 15:32:51 - Epoch 61, Model Loss 4.970074510028046, View Loss 3.1200320525567387
03-Aug-26 15:34:33 - Epoch 62, Model Loss 5.000900867137503, View Loss 2.931568033956662
03-Aug-26 15:36:15 - Epoch 63, Model Loss 5.036148965066077, View Loss 3.163703637310409
03-Aug-26 15:37:57 - Epoch 64, Model Loss 4.994433499006905, View Loss 3.1877006315450913
03-Aug-26 15:39:39 - Epoch 65, Model Loss 4.937103546582735, View Loss 3.1813753558697755
03-Aug-26 15:39:42 - Epoch 65: Train_acc 0.5499181669394435 Val_acc 0.477124183006536 Test_acc 0.5416666666666666 Test_auc 0.5283429441845283
03-Aug-26 15:41:24 - Epoch 66, Model Loss 5.004359295247229, View Loss 3.175853754709278
03-Aug-26 15:43:06 - Epoch 67, Model Loss 4.935312919647916, View Loss 3.106126743916014
03-Aug-26 15:44:48 - Epoch 68, Model Loss 4.9372329735326685, View Loss 3.1604295052014866
03-Aug-26 15:46:30 - Epoch 69, Model Loss 4.927508066601917, View Loss 3.133496483687293
03-Aug-26 15:48:12 - Epoch 70, Model Loss 4.941637667033169, View Loss 3.1828284437742247
03-Aug-26 15:48:15 - Epoch 70: Train_acc 0.5433715220949263 Val_acc 0.47058823529411764 Test_acc 0.5104166666666666 Test_auc 0.5164835164835164
03-Aug-26 15:49:57 - Epoch 71, Model Loss 4.899368375100793, View Loss 3.144946401521149
03-Aug-26 15:51:39 - Epoch 72, Model Loss 5.001215331878288, View Loss 3.1796278727717953
03-Aug-26 15:53:21 - Epoch 73, Model Loss 4.984804561407398, View Loss 3.1398279351683764
03-Aug-26 15:55:03 - Epoch 74, Model Loss 4.99379704158552, View Loss 3.2086534291847246
03-Aug-26 15:56:45 - Epoch 75, Model Loss 5.010801748050995, View Loss 3.2813058543322327
03-Aug-26 15:56:48 - Epoch 75: Train_acc 0.5548281505728314 Val_acc 0.49673202614379086 Test_acc 0.4895833333333333 Test_auc 0.5206179958655206
03-Aug-26 15:58:30 - Epoch 76, Model Loss 5.059000704760638, View Loss 3.3053284576208424
03-Aug-26 16:00:13 - Epoch 77, Model Loss 4.973397766509735, View Loss 3.266335141883154
03-Aug-26 16:01:55 - Epoch 78, Model Loss 4.929090484269512, View Loss 3.2134342521380286
03-Aug-26 16:03:37 - Epoch 79, Model Loss 4.9215105715437915, View Loss 3.109614840213289
03-Aug-26 16:05:19 - Epoch 80, Model Loss 4.958738390630669, View Loss 3.1879099455956252
03-Aug-26 16:05:22 - Epoch 80: Train_acc 0.546644844517185 Val_acc 0.47058823529411764 Test_acc 0.515625 Test_auc 0.5135458600805135
03-Aug-26 16:07:05 - Epoch 81, Model Loss 4.955841698935301, View Loss 3.226685782696338
03-Aug-26 16:08:47 - Epoch 82, Model Loss 4.911826122021714, View Loss 3.2454843914255185
03-Aug-26 16:10:29 - Epoch 83, Model Loss 4.977634988322781, View Loss 3.230616849007271
03-Aug-26 16:12:11 - Epoch 84, Model Loss 4.926894411127618, View Loss 3.2239881018862593
03-Aug-26 16:13:54 - Epoch 85, Model Loss 4.933790965088066, View Loss 3.183398390557684
03-Aug-26 16:13:57 - Epoch 85: Train_acc 0.5433715220949263 Val_acc 0.47058823529411764 Test_acc 0.5104166666666666 Test_auc 0.5158307039495158
03-Aug-26 16:15:38 - Epoch 86, Model Loss 4.929616539060777, View Loss 3.194992642843587
03-Aug-26 16:17:20 - Epoch 87, Model Loss 4.94283759945153, View Loss 3.2627224441001927
03-Aug-26 16:19:03 - Epoch 88, Model Loss 4.9353680392138894, View Loss 2.941861150795426
03-Aug-26 16:20:44 - Epoch 89, Model Loss 5.009908934661878, View Loss 3.1183810894500996
03-Aug-26 16:22:27 - Epoch 90, Model Loss 5.027946405832194, View Loss 3.2567437090186946
03-Aug-26 16:22:30 - Epoch 90: Train_acc 0.5564648117839607 Val_acc 0.47058823529411764 Test_acc 0.5364583333333334 Test_auc 0.5297573713415298
03-Aug-26 16:24:11 - Epoch 91, Model Loss 4.927979952379841, View Loss 3.162331478002614
03-Aug-26 16:25:53 - Epoch 92, Model Loss 4.901991006395431, View Loss 3.193402979650981
03-Aug-26 16:27:35 - Epoch 93, Model Loss 4.999548729429853, View Loss 3.268691496902226
03-Aug-26 16:29:17 - Epoch 94, Model Loss 4.8902710163066505, View Loss 3.1830669475655315
03-Aug-26 16:30:59 - Epoch 95, Model Loss 4.915319338172625, View Loss 3.149229434820322
03-Aug-26 16:31:02 - Epoch 95: Train_acc 0.5400981996726678 Val_acc 0.477124183006536 Test_acc 0.5416666666666666 Test_auc 0.5407463823305407
03-Aug-26 16:32:44 - Epoch 96, Model Loss 4.9068263109694135, View Loss 3.2235801273838
03-Aug-26 16:34:26 - Epoch 97, Model Loss 4.9669211527329615, View Loss 3.219602657076575
03-Aug-26 16:36:09 - Epoch 98, Model Loss 4.8827532106452605, View Loss 3.2286259767076584
03-Aug-26 16:37:51 - Epoch 99, Model Loss 4.939780589016292, View Loss 3.1942960898683035
03-Aug-26 16:39:33 - Epoch 100, Model Loss 4.945598937875901, View Loss 3.226264908300094
03-Aug-26 16:39:36 - Epoch 100: Train_acc 0.5400981996726678 Val_acc 0.477124183006536 Test_acc 0.5416666666666666 Test_auc 0.5412903927755413
03-Aug-26 16:39:36 - FinishedTraining! BestEpoch (eval-interval index): 5
03-Aug-26 16:39:36 - Wrote /users/3171356m/muhammad/GraSTIACL/nested_cv/results/combat__emb256_bs32__fold0.json
03-Aug-26 16:39:36 - {
  "emb_dim": 256,
  "batch_size": 32,
  "fold": 0,
  "combat": true,
  "n_train": 611,
  "n_val": 153,
  "n_test": 192,
  "best_val_epoch_idx": 5,
  "train_accuracy": 0.5417348608837971,
  "val_accuracy": 0.49673202614379086,
  "test_accuracy": 0.5572916666666666,
  "train_f1": 0.3269230769230769,
  "val_f1": 0.3063063063063063,
  "test_f1": 0.4217687074829932,
  "train_sensitivity": 0.23367697514200353,
  "val_sensitivity": 0.23287670913867523,
  "test_sensitivity": 0.34065933691583145,
  "train_specificity": 0.8218749974316406,
  "val_specificity": 0.7374999907812502,
  "test_specificity": 0.7524752400745026,
  "train_precision": 0.544,
  "val_precision": 0.4473684210526316,
  "test_precision": 0.5535714285714286,
  "test_auc": 0.540855184419541
}
