03-Aug-26 11:22:16 - Using Device: cuda
03-Aug-26 11:22:16 - Seed: 123, Fold: 2, ComBat: True
03-Aug-26 11:22:16 - Namespace(fold=2, combat=True, num_dyn_windows=3, model_lr=0.0005, view_lr=0.0005, num_gc_layers=1, pooling_type='standard', emb_dim=32, vib_hidden_dim=400, batch_size=32, drop_ratio=0.3, epochs=100, kld_lambda=0.003, eval_interval=5, downstream_classifier='linear', ce_lambda=2.0, seed=123)
03-Aug-26 11:22:16 - Loading raw subject data...
03-Aug-26 11:22:19 - Loaded 956 subjects (455 ASD, 501 NC)
03-Aug-26 11:22:20 - Train/Val/Test sizes: 612/153/191
03-Aug-26 11:24:11 - Epoch 1, Model Loss 5.832661332647785, View Loss -2.770357934478062
03-Aug-26 11:25:56 - Epoch 2, Model Loss 5.64830517924689, View Loss 1.5919146210539574
03-Aug-26 11:27:41 - Epoch 3, Model Loss 5.592499907499825, View Loss 1.9536615099782257
03-Aug-26 11:29:26 - Epoch 4, Model Loss 5.3724003009546815, View Loss 2.664210194076588
03-Aug-26 11:31:11 - Epoch 5, Model Loss 5.479973793029785, View Loss 2.9601583601602544
03-Aug-26 11:31:14 - Epoch 5: Train_acc 0.5555555555555556 Val_acc 0.5228758169934641 Test_acc 0.5026178010471204 Test_auc 0.5153846153846153
03-Aug-26 11:33:01 - Epoch 6, Model Loss 5.430535110772825, View Loss 2.980317005534577
03-Aug-26 11:34:47 - Epoch 7, Model Loss 5.406434729208354, View Loss 2.9794764927789275
03-Aug-26 11:36:32 - Epoch 8, Model Loss 5.4265284195444945, View Loss 2.9668869518376644
03-Aug-26 11:38:17 - Epoch 9, Model Loss 5.371571916380739, View Loss 2.968235384794622
03-Aug-26 11:40:02 - Epoch 10, Model Loss 5.315119498695424, View Loss 2.9454824527104697
03-Aug-26 11:40:05 - Epoch 10: Train_acc 0.5408496732026143 Val_acc 0.5424836601307189 Test_acc 0.5287958115183246 Test_auc 0.5180219780219781
03-Aug-26 11:41:51 - Epoch 11, Model Loss 5.3587950678432685, View Loss 2.9608570769721387
03-Aug-26 11:43:36 - Epoch 12, Model Loss 5.321949852837457, View Loss 3.049157952950671
03-Aug-26 11:45:21 - Epoch 13, Model Loss 5.225916783014934, View Loss 2.952942032829609
03-Aug-26 11:47:06 - Epoch 14, Model Loss 5.260225179148655, View Loss 3.0022907319411734
03-Aug-26 11:48:52 - Epoch 15, Model Loss 5.279819912380642, View Loss 3.0486780553082236
03-Aug-26 11:48:55 - Epoch 15: Train_acc 0.5571895424836601 Val_acc 0.5098039215686274 Test_acc 0.5026178010471204 Test_auc 0.5137362637362637
03-Aug-26 11:50:40 - Epoch 16, Model Loss 5.4203295941446346, View Loss 3.1618317274096746
03-Aug-26 11:52:25 - Epoch 17, Model Loss 5.267605180054709, View Loss 3.03550274699342
03-Aug-26 11:54:10 - Epoch 18, Model Loss 5.31934522959142, View Loss 3.0538754461247937
03-Aug-26 11:55:55 - Epoch 19, Model Loss 5.257342078327354, View Loss 3.088375687988755
03-Aug-26 11:57:40 - Epoch 20, Model Loss 5.284581184387207, View Loss 3.0955152690800185
03-Aug-26 11:57:43 - Epoch 20: Train_acc 0.5555555555555556 Val_acc 0.5098039215686274 Test_acc 0.5026178010471204 Test_auc 0.5152747252747253
03-Aug-26 11:59:30 - Epoch 21, Model Loss 5.206466892965479, View Loss 3.0545601634418262
03-Aug-26 12:01:16 - Epoch 22, Model Loss 5.221179404289894, View Loss 3.0738062040478575
03-Aug-26 12:03:02 - Epoch 23, Model Loss 5.211297652300666, View Loss 3.069235817279691
03-Aug-26 12:04:47 - Epoch 24, Model Loss 5.264490976832271, View Loss 3.081440075550204
03-Aug-26 12:06:32 - Epoch 25, Model Loss 5.199555445340724, View Loss 3.0667558924045437
03-Aug-26 12:06:35 - Epoch 25: Train_acc 0.5359477124183006 Val_acc 0.5490196078431373 Test_acc 0.518324607329843 Test_auc 0.5158241758241758
03-Aug-26 12:08:22 - Epoch 26, Model Loss 5.176602863797955, View Loss 3.094617870508456
03-Aug-26 12:10:08 - Epoch 27, Model Loss 5.305389089522019, View Loss 3.145615370834575
03-Aug-26 12:11:54 - Epoch 28, Model Loss 5.161585527307847, View Loss 3.062840785271202
03-Aug-26 12:13:39 - Epoch 29, Model Loss 5.177448006237254, View Loss 3.135828629817838
03-Aug-26 12:15:24 - Epoch 30, Model Loss 5.147068678164015, View Loss 3.0747873261083964
03-Aug-26 12:15:27 - Epoch 30: Train_acc 0.553921568627451 Val_acc 0.5163398692810458 Test_acc 0.5026178010471204 Test_auc 0.5158241758241758
03-Aug-26 12:17:14 - Epoch 31, Model Loss 5.135837554931641, View Loss 3.1355302509139564
03-Aug-26 12:19:00 - Epoch 32, Model Loss 5.153944401959189, View Loss 3.047260179239161
03-Aug-26 12:20:45 - Epoch 33, Model Loss 5.147752839755388, View Loss 3.1478399346077364
03-Aug-26 12:22:30 - Epoch 34, Model Loss 5.148513435538298, View Loss 3.1017503333247567
03-Aug-26 12:24:15 - Epoch 35, Model Loss 5.14714012893976, View Loss 3.1498941430468963
03-Aug-26 12:24:18 - Epoch 35: Train_acc 0.5408496732026143 Val_acc 0.5424836601307189 Test_acc 0.5287958115183246 Test_auc 0.5176923076923078
03-Aug-26 12:26:06 - Epoch 36, Model Loss 5.197958324469772, View Loss 3.081548944797391
03-Aug-26 12:27:51 - Epoch 37, Model Loss 5.119102403229358, View Loss 3.1781366035050036
03-Aug-26 12:29:36 - Epoch 38, Model Loss 5.0918982169207405, View Loss 3.1279909692558587
03-Aug-26 12:31:21 - Epoch 39, Model Loss 5.096244399064506, View Loss 3.091406731044545
03-Aug-26 12:33:06 - Epoch 40, Model Loss 5.149379923452739, View Loss 3.191658972914702
03-Aug-26 12:33:09 - Epoch 40: Train_acc 0.5571895424836601 Val_acc 0.5163398692810458 Test_acc 0.5026178010471204 Test_auc 0.516043956043956
03-Aug-26 12:34:56 - Epoch 41, Model Loss 5.1381610857895, View Loss 3.208274221692989
03-Aug-26 12:36:41 - Epoch 42, Model Loss 5.062963286256479, View Loss 3.1702205889365254
03-Aug-26 12:38:27 - Epoch 43, Model Loss 5.108284766377967, View Loss 3.1514469237109415
03-Aug-26 12:40:12 - Epoch 44, Model Loss 5.158196704839569, View Loss 3.120246361283695
03-Aug-26 12:41:57 - Epoch 45, Model Loss 5.063053935181861, View Loss 3.1946353320202796
03-Aug-26 12:41:59 - Epoch 45: Train_acc 0.553921568627451 Val_acc 0.5163398692810458 Test_acc 0.5026178010471204 Test_auc 0.5161538461538462
03-Aug-26 12:43:46 - Epoch 46, Model Loss 5.064036275826249, View Loss 3.1977400916074616
03-Aug-26 12:45:32 - Epoch 47, Model Loss 5.029797181584477, View Loss 3.169268929101283
03-Aug-26 12:47:18 - Epoch 48, Model Loss 5.045328484641181, View Loss 3.18388500673319
03-Aug-26 12:49:02 - Epoch 49, Model Loss 5.067714370154087, View Loss 3.199755293871063
03-Aug-26 12:50:47 - Epoch 50, Model Loss 5.044059600705415, View Loss 3.185677249836766
03-Aug-26 12:50:50 - Epoch 50: Train_acc 0.5555555555555556 Val_acc 0.5163398692810458 Test_acc 0.5026178010471204 Test_auc 0.5165934065934066
03-Aug-26 12:52:37 - Epoch 51, Model Loss 5.071615116268981, View Loss 3.1837643984875648
03-Aug-26 12:54:23 - Epoch 52, Model Loss 5.015296502830156, View Loss 3.1643997181474774
03-Aug-26 12:56:08 - Epoch 53, Model Loss 5.0234580678877485, View Loss 3.1927354850021064
03-Aug-26 12:57:53 - Epoch 54, Model Loss 4.980596302381528, View Loss 3.1361578899660922
03-Aug-26 12:59:39 - Epoch 55, Model Loss 5.0189207706576076, View Loss 3.207656679589764
03-Aug-26 12:59:41 - Epoch 55: Train_acc 0.553921568627451 Val_acc 0.5098039215686274 Test_acc 0.5026178010471204 Test_auc 0.5158241758241757
03-Aug-26 13:01:28 - Epoch 56, Model Loss 5.052489869734821, View Loss 3.1825652778927798
03-Aug-26 13:03:14 - Epoch 57, Model Loss 5.05582584586798, View Loss 3.172571306914286
03-Aug-26 13:04:59 - Epoch 58, Model Loss 4.981732533648123, View Loss 3.1421236594518027
03-Aug-26 13:06:44 - Epoch 59, Model Loss 5.006464107363832, View Loss 3.1578267462113323
03-Aug-26 13:08:29 - Epoch 60, Model Loss 5.015105542014627, View Loss 3.199105584153942
03-Aug-26 13:08:32 - Epoch 60: Train_acc 0.5408496732026143 Val_acc 0.5424836601307189 Test_acc 0.5287958115183246 Test_auc 0.517912087912088
03-Aug-26 13:10:20 - Epoch 61, Model Loss 4.990047613779704, View Loss 3.196060717300652
03-Aug-26 13:12:06 - Epoch 62, Model Loss 4.997060635510613, View Loss 3.20897627967635
03-Aug-26 13:13:51 - Epoch 63, Model Loss 5.0090148464527005, View Loss 3.2062899524869484
03-Aug-26 13:15:36 - Epoch 64, Model Loss 4.999026155160143, View Loss 3.2249174951727873
03-Aug-26 13:17:22 - Epoch 65, Model Loss 4.969003928253074, View Loss 3.185291645184062
03-Aug-26 13:17:25 - Epoch 65: Train_acc 0.5555555555555556 Val_acc 0.5098039215686274 Test_acc 0.5130890052356021 Test_auc 0.5158241758241758
03-Aug-26 13:19:12 - Epoch 66, Model Loss 5.019998709360759, View Loss 3.1856140132043875
03-Aug-26 13:20:57 - Epoch 67, Model Loss 5.0317426834231105, View Loss 3.21776846382353
03-Aug-26 13:22:43 - Epoch 68, Model Loss 4.987049490797753, View Loss 3.229537313280542
03-Aug-26 13:24:28 - Epoch 69, Model Loss 5.0168223287544995, View Loss 3.258040910452799
03-Aug-26 13:26:14 - Epoch 70, Model Loss 5.0321414455089695, View Loss 3.2579688394770905
03-Aug-26 13:26:17 - Epoch 70: Train_acc 0.5408496732026143 Val_acc 0.5424836601307189 Test_acc 0.5287958115183246 Test_auc 0.5176923076923077
03-Aug-26 13:28:03 - Epoch 71, Model Loss 4.985852154251797, View Loss 3.230684682239894
03-Aug-26 13:29:49 - Epoch 72, Model Loss 4.9411595974093165, View Loss 2.9768820416693593
03-Aug-26 13:31:35 - Epoch 73, Model Loss 4.963991866392248, View Loss 3.208302875749426
03-Aug-26 13:33:21 - Epoch 74, Model Loss 4.9683752901413865, View Loss 3.2391401583852333
03-Aug-26 13:35:06 - Epoch 75, Model Loss 5.08055331660252, View Loss 3.2623983202806484
03-Aug-26 13:35:09 - Epoch 75: Train_acc 0.5555555555555556 Val_acc 0.5098039215686274 Test_acc 0.5078534031413613 Test_auc 0.5151648351648351
03-Aug-26 13:36:57 - Epoch 76, Model Loss 4.986422370461857, View Loss 3.238586326245389
03-Aug-26 13:38:43 - Epoch 77, Model Loss 4.96066581190022, View Loss 3.2599580389222287
03-Aug-26 13:40:28 - Epoch 78, Model Loss 4.990775248583625, View Loss 3.2215096358380286
03-Aug-26 13:42:14 - Epoch 79, Model Loss 4.962909259048163, View Loss 3.248811771277509
03-Aug-26 13:44:00 - Epoch 80, Model Loss 4.962401651868634, View Loss 3.2575234634424346
03-Aug-26 13:44:03 - Epoch 80: Train_acc 0.545751633986928 Val_acc 0.5359477124183006 Test_acc 0.5287958115183246 Test_auc 0.5196703296703298
03-Aug-26 13:45:48 - Epoch 81, Model Loss 4.96192747159721, View Loss 3.247531387541029
03-Aug-26 13:47:33 - Epoch 82, Model Loss 4.952837473426769, View Loss 3.241950243516685
03-Aug-26 13:49:18 - Epoch 83, Model Loss 5.019480279847687, View Loss 3.12638298008177
03-Aug-26 13:51:02 - Epoch 84, Model Loss 4.959686701593835, View Loss 3.223011194880492
03-Aug-26 13:52:47 - Epoch 85, Model Loss 4.951464974023159, View Loss 3.2434041511778737
03-Aug-26 13:52:50 - Epoch 85: Train_acc 0.5375816993464052 Val_acc 0.5424836601307189 Test_acc 0.47643979057591623 Test_auc 0.4996703296703297
03-Aug-26 13:54:37 - Epoch 86, Model Loss 4.952448816860423, View Loss 3.2179140861517466
03-Aug-26 13:56:22 - Epoch 87, Model Loss 4.940518170400383, View Loss 3.2272025724641638
03-Aug-26 13:58:07 - Epoch 88, Model Loss 4.93775772113426, View Loss 3.2278596295250788
03-Aug-26 13:59:51 - Epoch 89, Model Loss 4.955300998064428, View Loss 3.197962017620311
03-Aug-26 14:01:36 - Epoch 90, Model Loss 4.934152437970529, View Loss 3.2209753390231164
03-Aug-26 14:01:39 - Epoch 90: Train_acc 0.5424836601307189 Val_acc 0.5424836601307189 Test_acc 0.5235602094240838 Test_auc 0.5169230769230769
03-Aug-26 14:03:25 - Epoch 91, Model Loss 4.992905813104966, View Loss 3.2397187324910384
03-Aug-26 14:05:08 - Epoch 92, Model Loss 4.929767501120474, View Loss 3.2172328646666086
03-Aug-26 14:06:52 - Epoch 93, Model Loss 4.93447770480237, View Loss 3.2691229285757526
03-Aug-26 14:08:34 - Epoch 94, Model Loss 4.930180309644712, View Loss 3.2726343480590123
03-Aug-26 14:10:16 - Epoch 95, Model Loss 4.983591565898821, View Loss 3.2205356336107442
03-Aug-26 14:10:19 - Epoch 95: Train_acc 0.553921568627451 Val_acc 0.5098039215686274 Test_acc 0.5026178010471204 Test_auc 0.5154945054945055
03-Aug-26 14:12:02 - Epoch 96, Model Loss 4.9509496875837735, View Loss 3.2283143777083727
03-Aug-26 14:13:44 - Epoch 97, Model Loss 4.980370558944403, View Loss 3.2139081884832943
03-Aug-26 14:15:27 - Epoch 98, Model Loss 4.981565344567392, View Loss 3.27545277199714
03-Aug-26 14:17:09 - Epoch 99, Model Loss 4.987895691316892, View Loss 3.2498384160933154
03-Aug-26 14:18:51 - Epoch 100, Model Loss 4.952916238822189, View Loss 3.22188549415738
03-Aug-26 14:18:54 - Epoch 100: Train_acc 0.5555555555555556 Val_acc 0.5098039215686274 Test_acc 0.5026178010471204 Test_auc 0.5158241758241758
03-Aug-26 14:18:54 - FinishedTraining! BestEpoch (eval-interval index): 4
03-Aug-26 14:18:54 - Wrote /users/3171356m/muhammad/GraSTIACL/nested_cv/results/combat__emb32_bs32__fold2.json
03-Aug-26 14:18:54 - {
  "emb_dim": 32,
  "batch_size": 32,
  "fold": 2,
  "combat": true,
  "n_train": 612,
  "n_val": 153,
  "n_test": 191,
  "best_val_epoch_idx": 4,
  "train_accuracy": 0.5359477124183006,
  "val_accuracy": 0.5490196078431373,
  "test_accuracy": 0.518324607329843,
  "train_f1": 0.3515981735159817,
  "val_f1": 0.35514018691588783,
  "test_f1": 0.3235294117647059,
  "train_sensitivity": 0.2646048100872687,
  "val_sensitivity": 0.2602739690373429,
  "test_sensitivity": 0.24175823910155783,
  "train_specificity": 0.7819314617385312,
  "val_specificity": 0.8124999898437502,
  "test_specificity": 0.7699999923,
  "train_precision": 0.5238095238095238,
  "val_precision": 0.5588235294117647,
  "test_precision": 0.4888888888888889,
  "test_auc": 0.5158241758241758
}
