Task 3: emb_dim=32 batch_size=32 fold=3 combat=yes
The Zen of Python, by Tim Peters

Beautiful is better than ugly.
Explicit is better than implicit.
Simple is better than complex.
Complex is better than complicated.
Flat is better than nested.
Sparse is better than dense.
Readability counts.
Special cases aren't special enough to break the rules.
Although practicality beats purity.
Errors should never pass silently.
Unless explicitly silenced.
In the face of ambiguity, refuse the temptation to guess.
There should be one-- and preferably only one --obvious way to do it.
Although that way may not be obvious at first unless you're Dutch.
Now is better than never.
Although never is often better than *right* now.
If the implementation is hard to explain, it's a bad idea.
If the implementation is easy to explain, it may be a good idea.
Namespaces are one honking great idea -- let's do more of those!
validation time cost : 0.09774 sec
validation time cost : 0.10574 sec
validation time cost : 0.09576 sec
validation time cost : 0.09825 sec
validation time cost : 0.11316 sec
validation time cost : 0.10688 sec
validation time cost : 0.10817 sec
validation time cost : 0.10351 sec
validation time cost : 0.11002 sec
validation time cost : 0.09268 sec
validation time cost : 0.09462 sec
validation time cost : 0.08922 sec
validation time cost : 0.08915 sec
validation time cost : 0.08556 sec
validation time cost : 0.08556 sec
validation time cost : 0.08699 sec
validation time cost : 0.08639 sec
validation time cost : 0.08575 sec
validation time cost : 0.08593 sec
validation time cost : 0.09121 sec
