Task 5: emb_dim=128 batch_size=32 fold=0 combat=yes
The Zen of Python, by Tim Peters

Beautiful is better than ugly.
Explicit is better than implicit.
Simple is better than complex.
Complex is better than complicated.
Flat is better than nested.
Sparse is better than dense.
Readability counts.
Special cases aren't special enough to break the rules.
Although practicality beats purity.
Errors should never pass silently.
Unless explicitly silenced.
In the face of ambiguity, refuse the temptation to guess.
There should be one-- and preferably only one --obvious way to do it.
Although that way may not be obvious at first unless you're Dutch.
Now is better than never.
Although never is often better than *right* now.
If the implementation is hard to explain, it's a bad idea.
If the implementation is easy to explain, it may be a good idea.
Namespaces are one honking great idea -- let's do more of those!
validation time cost : 0.10933 sec
validation time cost : 0.12243 sec
validation time cost : 0.11621 sec
validation time cost : 0.09852 sec
validation time cost : 0.10136 sec
validation time cost : 0.10328 sec
validation time cost : 0.09536 sec
validation time cost : 0.09666 sec
validation time cost : 0.09652 sec
validation time cost : 0.09584 sec
validation time cost : 0.09819 sec
validation time cost : 0.09612 sec
validation time cost : 0.09637 sec
validation time cost : 0.09646 sec
validation time cost : 0.09688 sec
validation time cost : 0.09628 sec
validation time cost : 0.09620 sec
validation time cost : 0.09852 sec
validation time cost : 0.10935 sec
validation time cost : 0.09950 sec
