03-Aug-26 12:32:32 - Using Device: cuda
03-Aug-26 12:32:32 - Seed: 123, Fold: 3, ComBat: True
03-Aug-26 12:32:32 - Namespace(fold=3, combat=True, num_dyn_windows=3, model_lr=0.0005, view_lr=0.0005, num_gc_layers=1, pooling_type='standard', emb_dim=128, vib_hidden_dim=400, batch_size=32, drop_ratio=0.3, epochs=100, kld_lambda=0.003, eval_interval=5, downstream_classifier='linear', ce_lambda=2.0, seed=123)
03-Aug-26 12:32:32 - Loading raw subject data...
03-Aug-26 12:32:35 - Loaded 956 subjects (455 ASD, 501 NC)
03-Aug-26 12:32:36 - Train/Val/Test sizes: 612/153/191
03-Aug-26 12:34:22 - Epoch 1, Model Loss 5.668766327153623, View Loss -2.6176433181451038
03-Aug-26 12:36:11 - Epoch 2, Model Loss 5.444338680092805, View Loss 1.6026248760472714
03-Aug-26 12:37:55 - Epoch 3, Model Loss 5.288060638639662, View Loss 2.0829311858594806
03-Aug-26 12:39:39 - Epoch 4, Model Loss 5.229399385015949, View Loss 2.5489610842629973
03-Aug-26 12:41:23 - Epoch 5, Model Loss 5.280668665381039, View Loss 2.875108558952419
03-Aug-26 12:41:26 - Epoch 5: Train_acc 0.5571895424836601 Val_acc 0.5163398692810458 Test_acc 0.5392670157068062 Test_auc 0.4951648351648351
03-Aug-26 12:43:11 - Epoch 6, Model Loss 5.39450434142468, View Loss 2.9394734357696732
03-Aug-26 12:44:57 - Epoch 7, Model Loss 5.336880269393422, View Loss 2.875389475448459
03-Aug-26 12:46:42 - Epoch 8, Model Loss 5.295411271986619, View Loss 2.956367580524457
03-Aug-26 12:48:29 - Epoch 9, Model Loss 5.269144354302899, View Loss 2.964040909327713
03-Aug-26 12:50:15 - Epoch 10, Model Loss 5.200956394469816, View Loss 2.990125162928712
03-Aug-26 12:50:18 - Epoch 10: Train_acc 0.5277777777777778 Val_acc 0.5163398692810458 Test_acc 0.5130890052356021 Test_auc 0.470989010989011
03-Aug-26 12:52:06 - Epoch 11, Model Loss 5.1928558941760095, View Loss 2.9894589477894353
03-Aug-26 12:53:53 - Epoch 12, Model Loss 5.134618623583925, View Loss 2.9841828805948394
03-Aug-26 12:55:40 - Epoch 13, Model Loss 5.210972050436182, View Loss 2.975830063321232
03-Aug-26 12:57:30 - Epoch 14, Model Loss 5.251743731155894, View Loss 3.076753869165782
03-Aug-26 12:59:15 - Epoch 15, Model Loss 5.185079473296022, View Loss 3.0661191055977266
03-Aug-26 12:59:18 - Epoch 15: Train_acc 0.5522875816993464 Val_acc 0.5163398692810458 Test_acc 0.5392670157068062 Test_auc 0.502087912087912
03-Aug-26 13:01:04 - Epoch 16, Model Loss 5.17256904271693, View Loss 3.038283759472417
03-Aug-26 13:02:49 - Epoch 17, Model Loss 5.1926669326483035, View Loss 3.0594958666882484
03-Aug-26 13:04:34 - Epoch 18, Model Loss 5.155704442192526, View Loss 3.0249150266834333
03-Aug-26 13:06:18 - Epoch 19, Model Loss 5.342575867970784, View Loss 3.0964267199335533
03-Aug-26 13:08:02 - Epoch 20, Model Loss 5.150333748923408, View Loss 3.086857357835458
03-Aug-26 13:08:05 - Epoch 20: Train_acc 0.5506535947712419 Val_acc 0.5163398692810458 Test_acc 0.5392670157068062 Test_auc 0.5023076923076923
03-Aug-26 13:09:52 - Epoch 21, Model Loss 5.082443919836306, View Loss 3.0783203300697353
03-Aug-26 13:11:42 - Epoch 22, Model Loss 5.1455660442900815, View Loss 3.093258558340322
03-Aug-26 13:13:29 - Epoch 23, Model Loss 5.140665269365497, View Loss 3.1013336621857936
03-Aug-26 13:15:14 - Epoch 24, Model Loss 5.102408471450307, View Loss 3.048635197231193
03-Aug-26 13:16:59 - Epoch 25, Model Loss 5.151911006254308, View Loss 3.07005610185511
03-Aug-26 13:17:02 - Epoch 25: Train_acc 0.5522875816993464 Val_acc 0.5163398692810458 Test_acc 0.5392670157068062 Test_auc 0.5018681318681318
03-Aug-26 13:18:47 - Epoch 26, Model Loss 5.082294672922371, View Loss 3.0805915788887375
03-Aug-26 13:20:32 - Epoch 27, Model Loss 5.092792395672767, View Loss 3.0668110847473145
03-Aug-26 13:22:16 - Epoch 28, Model Loss 5.015315775777779, View Loss 3.0273305240020254
03-Aug-26 13:24:01 - Epoch 29, Model Loss 5.023272134120168, View Loss 3.091559975365408
03-Aug-26 13:25:45 - Epoch 30, Model Loss 5.089368064419117, View Loss 3.091367278223723
03-Aug-26 13:25:48 - Epoch 30: Train_acc 0.5506535947712419 Val_acc 0.5163398692810458 Test_acc 0.5392670157068062 Test_auc 0.5021978021978022
03-Aug-26 13:27:33 - Epoch 31, Model Loss 4.99407034294278, View Loss 3.0680498767132853
03-Aug-26 13:29:18 - Epoch 32, Model Loss 5.006827569475361, View Loss 3.0439118018337323
03-Aug-26 13:31:02 - Epoch 33, Model Loss 5.009085969987258, View Loss 3.090771693030214
03-Aug-26 13:32:47 - Epoch 34, Model Loss 5.094743585274889, View Loss 3.0514616526030247
03-Aug-26 13:34:31 - Epoch 35, Model Loss 5.004799870883717, View Loss 3.026608512682073
03-Aug-26 13:34:33 - Epoch 35: Train_acc 0.5555555555555556 Val_acc 0.5163398692810458 Test_acc 0.5392670157068062 Test_auc 0.5014285714285714
03-Aug-26 13:36:20 - Epoch 36, Model Loss 5.1138160088483025, View Loss 3.0749720950531803
03-Aug-26 13:38:04 - Epoch 37, Model Loss 5.0087149501626005, View Loss 3.0724587039230697
03-Aug-26 13:39:50 - Epoch 38, Model Loss 4.9888277334325455, View Loss 3.0841696496103324
03-Aug-26 13:41:35 - Epoch 39, Model Loss 5.027686633315741, View Loss 3.1096921547565586
03-Aug-26 13:43:20 - Epoch 40, Model Loss 5.043037637386447, View Loss 3.1485328623671935
03-Aug-26 13:43:23 - Epoch 40: Train_acc 0.5392156862745098 Val_acc 0.5228758169934641 Test_acc 0.5340314136125655 Test_auc 0.4951648351648352
03-Aug-26 13:45:09 - Epoch 41, Model Loss 5.010707853666318, View Loss 3.0988978192307592
03-Aug-26 13:46:54 - Epoch 42, Model Loss 4.974234185187645, View Loss 3.0960453896740683
03-Aug-26 13:48:38 - Epoch 43, Model Loss 4.965349688249476, View Loss 3.1074945587737886
03-Aug-26 13:50:23 - Epoch 44, Model Loss 4.978343566258748, View Loss 3.1165163361169155
03-Aug-26 13:52:06 - Epoch 45, Model Loss 4.968363995645561, View Loss 3.007862561668446
03-Aug-26 13:52:09 - Epoch 45: Train_acc 0.5506535947712419 Val_acc 0.5163398692810458 Test_acc 0.5392670157068062 Test_auc 0.5023076923076923
03-Aug-26 13:53:54 - Epoch 46, Model Loss 4.976881513408586, View Loss 3.0991001584950615
03-Aug-26 13:55:39 - Epoch 47, Model Loss 4.939238976808935, View Loss 3.0834161354825387
03-Aug-26 13:57:24 - Epoch 48, Model Loss 4.951983969195996, View Loss 3.1079237983117696
03-Aug-26 13:59:09 - Epoch 49, Model Loss 4.931965961954952, View Loss 3.102567512030695
03-Aug-26 14:00:53 - Epoch 50, Model Loss 4.934503159491844, View Loss 3.098996996490005
03-Aug-26 14:00:56 - Epoch 50: Train_acc 0.5424836601307189 Val_acc 0.5228758169934641 Test_acc 0.5340314136125655 Test_auc 0.49582417582417593
03-Aug-26 14:02:44 - Epoch 51, Model Loss 4.954535984525494, View Loss 3.118997625665727
03-Aug-26 14:04:33 - Epoch 52, Model Loss 4.921423235749887, View Loss 3.1169421898773293
03-Aug-26 14:06:18 - Epoch 53, Model Loss 4.904705490941316, View Loss 3.116304574449078
03-Aug-26 14:08:03 - Epoch 54, Model Loss 4.9117831622853, View Loss 3.113666914841708
03-Aug-26 14:09:49 - Epoch 55, Model Loss 4.932503002141815, View Loss 3.0819158982607275
03-Aug-26 14:09:53 - Epoch 55: Train_acc 0.5522875816993464 Val_acc 0.5163398692810458 Test_acc 0.5392670157068062 Test_auc 0.5003296703296704
03-Aug-26 14:11:39 - Epoch 56, Model Loss 4.97118269540126, View Loss 3.1196451771493052
03-Aug-26 14:13:25 - Epoch 57, Model Loss 4.944920451033349, View Loss 3.1110939652312037
03-Aug-26 14:15:10 - Epoch 58, Model Loss 4.935492394017238, View Loss 3.143920918695288
03-Aug-26 14:16:57 - Epoch 59, Model Loss 4.928430133395725, View Loss 3.1288087858873257
03-Aug-26 14:18:45 - Epoch 60, Model Loss 4.963427200816036, View Loss 3.116308744436775
03-Aug-26 14:18:48 - Epoch 60: Train_acc 0.5424836601307189 Val_acc 0.5228758169934641 Test_acc 0.5340314136125655 Test_auc 0.4958241758241758
03-Aug-26 14:20:35 - Epoch 61, Model Loss 5.019644065620073, View Loss 3.0786166818313347
03-Aug-26 14:22:20 - Epoch 62, Model Loss 4.920791925168505, View Loss 3.1424774722336166
03-Aug-26 14:24:08 - Epoch 63, Model Loss 4.891627928789924, View Loss 3.101291278608484
03-Aug-26 14:25:55 - Epoch 64, Model Loss 4.903815783706366, View Loss 3.1147996303108005
03-Aug-26 14:27:39 - Epoch 65, Model Loss 4.9606673156513885, View Loss 3.163961710493549
03-Aug-26 14:27:42 - Epoch 65: Train_acc 0.5196078431372549 Val_acc 0.5294117647058824 Test_acc 0.5078534031413613 Test_auc 0.4701098901098902
03-Aug-26 14:29:26 - Epoch 66, Model Loss 4.9388874496509825, View Loss 3.119597439672433
03-Aug-26 14:31:14 - Epoch 67, Model Loss 4.900895159228955, View Loss 3.163116710637909
03-Aug-26 14:32:59 - Epoch 68, Model Loss 4.908100767073289, View Loss 3.1747116427016415
03-Aug-26 14:34:46 - Epoch 69, Model Loss 4.8863344504163155, View Loss 3.159672518571218
03-Aug-26 14:36:34 - Epoch 70, Model Loss 4.907117829603307, View Loss 3.0934652432896734
03-Aug-26 14:36:37 - Epoch 70: Train_acc 0.5506535947712419 Val_acc 0.5163398692810458 Test_acc 0.5392670157068062 Test_auc 0.5024175824175824
03-Aug-26 14:38:26 - Epoch 71, Model Loss 4.863389245824876, View Loss 3.1552759206372927
03-Aug-26 14:40:12 - Epoch 72, Model Loss 4.989160196453917, View Loss 3.14674070458007
03-Aug-26 14:41:59 - Epoch 73, Model Loss 4.969843275406781, View Loss 3.1805540420650655
03-Aug-26 14:43:48 - Epoch 74, Model Loss 4.907398957832187, View Loss 3.172795509980395
03-Aug-26 14:45:33 - Epoch 75, Model Loss 4.860890788969651, View Loss 3.1531443455640007
03-Aug-26 14:45:36 - Epoch 75: Train_acc 0.5506535947712419 Val_acc 0.5163398692810458 Test_acc 0.5392670157068062 Test_auc 0.5024175824175824
03-Aug-26 14:47:22 - Epoch 76, Model Loss 4.95878609333163, View Loss 3.145176532611348
03-Aug-26 14:49:08 - Epoch 77, Model Loss 4.887137721566593, View Loss 3.203193970365462
03-Aug-26 14:50:55 - Epoch 78, Model Loss 4.932866754095539, View Loss 3.174209871712853
03-Aug-26 14:52:40 - Epoch 79, Model Loss 4.921698105101492, View Loss 3.1881161810331093
03-Aug-26 14:54:24 - Epoch 80, Model Loss 4.900689028446971, View Loss 3.099552640727922
03-Aug-26 14:54:27 - Epoch 80: Train_acc 0.5163398692810458 Val_acc 0.5294117647058824 Test_acc 0.5078534031413613 Test_auc 0.46912087912087924
03-Aug-26 14:56:13 - Epoch 81, Model Loss 4.939906262104808, View Loss 3.1502700124690737
03-Aug-26 14:57:57 - Epoch 82, Model Loss 4.874740496180416, View Loss 3.19356456340528
03-Aug-26 14:59:41 - Epoch 83, Model Loss 4.852123553456824, View Loss 3.1730634753221
03-Aug-26 15:01:25 - Epoch 84, Model Loss 4.86810500014062, View Loss 3.156889793919582
03-Aug-26 15:03:08 - Epoch 85, Model Loss 4.844145357219222, View Loss 3.139069097493988
03-Aug-26 15:03:11 - Epoch 85: Train_acc 0.5506535947712419 Val_acc 0.5163398692810458 Test_acc 0.5392670157068062 Test_auc 0.5021978021978021
03-Aug-26 15:04:58 - Epoch 86, Model Loss 4.855936049635893, View Loss 3.104841840033438
03-Aug-26 15:06:42 - Epoch 87, Model Loss 4.8651580218396155, View Loss 3.160739799340566
03-Aug-26 15:08:26 - Epoch 88, Model Loss 4.872512469883838, View Loss 3.2170029263091244
03-Aug-26 15:10:10 - Epoch 89, Model Loss 4.918146315742941, View Loss 3.206554617757112
03-Aug-26 15:11:54 - Epoch 90, Model Loss 4.882324826483633, View Loss 3.1832580079440196
03-Aug-26 15:11:57 - Epoch 90: Train_acc 0.5424836601307189 Val_acc 0.5294117647058824 Test_acc 0.5287958115183246 Test_auc 0.49274725274725273
03-Aug-26 15:13:43 - Epoch 91, Model Loss 4.856888294219971, View Loss 3.0689942291359498
03-Aug-26 15:15:28 - Epoch 92, Model Loss 4.896818381508971, View Loss 3.179218092288067
03-Aug-26 15:17:12 - Epoch 93, Model Loss 4.873126709383298, View Loss 3.198582060975966
03-Aug-26 15:18:56 - Epoch 94, Model Loss 4.883558426027983, View Loss 3.1315105132807313
03-Aug-26 15:20:40 - Epoch 95, Model Loss 4.8817170149360605, View Loss 3.183531014747869
03-Aug-26 15:20:43 - Epoch 95: Train_acc 0.5506535947712419 Val_acc 0.5163398692810458 Test_acc 0.5392670157068062 Test_auc 0.5027472527472527
03-Aug-26 15:22:27 - Epoch 96, Model Loss 4.912774382073895, View Loss 3.243206129744162
03-Aug-26 15:24:11 - Epoch 97, Model Loss 4.945556896184784, View Loss 3.2517405148425134
03-Aug-26 15:25:56 - Epoch 98, Model Loss 4.881429743922614, View Loss 3.197358443066965
03-Aug-26 15:27:40 - Epoch 99, Model Loss 4.879899183909099, View Loss 3.200036366780599
03-Aug-26 15:29:24 - Epoch 100, Model Loss 4.869942619909648, View Loss 3.1884282663756727
03-Aug-26 15:29:27 - Epoch 100: Train_acc 0.5392156862745098 Val_acc 0.5228758169934641 Test_acc 0.5235602094240838 Test_auc 0.4927472527472528
03-Aug-26 15:29:27 - FinishedTraining! BestEpoch (eval-interval index): 12
03-Aug-26 15:29:27 - Wrote /users/3171356m/muhammad/GraSTIACL/nested_cv/results/combat__emb128_bs32__fold3.json
03-Aug-26 15:29:27 - {
  "emb_dim": 128,
  "batch_size": 32,
  "fold": 3,
  "combat": true,
  "n_train": 612,
  "n_val": 153,
  "n_test": 191,
  "best_val_epoch_idx": 12,
  "train_accuracy": 0.5196078431372549,
  "val_accuracy": 0.5294117647058824,
  "test_accuracy": 0.5078534031413613,
  "train_f1": 0.08125,
  "val_f1": 0.12195121951219512,
  "test_f1": 0.14545454545454545,
  "train_sensitivity": 0.04467353936538303,
  "val_sensitivity": 0.06849314974666919,
  "test_sensitivity": 0.08791208694602103,
  "train_specificity": 0.9501557602798886,
  "val_specificity": 0.9499999881250002,
  "test_specificity": 0.8899999911000002,
  "train_precision": 0.4482758620689655,
  "val_precision": 0.5555555555555556,
  "test_precision": 0.42105263157894735,
  "test_auc": 0.4701098901098902
}
