Task 16: emb_dim=32 batch_size=128 fold=1 combat=no
The Zen of Python, by Tim Peters

Beautiful is better than ugly.
Explicit is better than implicit.
Simple is better than complex.
Complex is better than complicated.
Flat is better than nested.
Sparse is better than dense.
Readability counts.
Special cases aren't special enough to break the rules.
Although practicality beats purity.
Errors should never pass silently.
Unless explicitly silenced.
In the face of ambiguity, refuse the temptation to guess.
There should be one-- and preferably only one --obvious way to do it.
Although that way may not be obvious at first unless you're Dutch.
Now is better than never.
Although never is often better than *right* now.
If the implementation is hard to explain, it's a bad idea.
If the implementation is easy to explain, it may be a good idea.
Namespaces are one honking great idea -- let's do more of those!
validation time cost : 0.22304 sec
validation time cost : 0.20077 sec
validation time cost : 0.20055 sec
validation time cost : 0.19955 sec
validation time cost : 0.21093 sec
validation time cost : 0.20108 sec
validation time cost : 0.19285 sec
validation time cost : 0.21599 sec
validation time cost : 0.21850 sec
validation time cost : 0.21828 sec
validation time cost : 0.21058 sec
validation time cost : 0.20041 sec
validation time cost : 0.20116 sec
validation time cost : 0.20456 sec
validation time cost : 0.19134 sec
validation time cost : 0.18609 sec
validation time cost : 0.18344 sec
validation time cost : 0.17766 sec
validation time cost : 0.17733 sec
validation time cost : 0.17628 sec
