03-Aug-26 16:39:42 - Using Device: cuda
03-Aug-26 16:39:42 - Seed: 123, Fold: 2, ComBat: True
03-Aug-26 16:39:42 - Namespace(fold=2, combat=True, num_dyn_windows=3, model_lr=0.0005, view_lr=0.0005, num_gc_layers=1, pooling_type='standard', emb_dim=32, vib_hidden_dim=400, batch_size=128, drop_ratio=0.3, epochs=100, kld_lambda=0.003, eval_interval=5, downstream_classifier='linear', ce_lambda=2.0, seed=123)
03-Aug-26 16:39:42 - Loading raw subject data...
03-Aug-26 16:39:45 - Loaded 956 subjects (455 ASD, 501 NC)
03-Aug-26 16:39:46 - Train/Val/Test sizes: 612/153/191
03-Aug-26 16:41:37 - Epoch 1, Model Loss 6.832688774158752, View Loss -5.716233359442817
03-Aug-26 16:43:24 - Epoch 2, Model Loss 7.076364049724504, View Loss -2.992096483317855
03-Aug-26 16:45:12 - Epoch 3, Model Loss 7.468481827405543, View Loss 1.836125037249397
03-Aug-26 16:46:59 - Epoch 4, Model Loss 6.822543066311506, View Loss 2.6127958017237045
03-Aug-26 16:48:46 - Epoch 5, Model Loss 6.869041249642964, View Loss 2.736258927513571
03-Aug-26 16:48:49 - Epoch 5: Train_acc 0.5522875816993464 Val_acc 0.5228758169934641 Test_acc 0.4973821989528796 Test_auc 0.5157142857142857
03-Aug-26 16:50:41 - Epoch 6, Model Loss 6.748385488597396, View Loss 2.859144874647552
03-Aug-26 16:52:28 - Epoch 7, Model Loss 6.836578618467244, View Loss 3.0322067098679883
03-Aug-26 16:54:14 - Epoch 8, Model Loss 6.987000767701591, View Loss 3.2384771692986583
03-Aug-26 16:56:00 - Epoch 9, Model Loss 6.846004330254848, View Loss 3.3947230398265367
03-Aug-26 16:57:46 - Epoch 10, Model Loss 6.772341394736097, View Loss 3.445774963478637
03-Aug-26 16:57:49 - Epoch 10: Train_acc 0.5408496732026143 Val_acc 0.5424836601307189 Test_acc 0.5287958115183246 Test_auc 0.517912087912088
03-Aug-26 16:59:34 - Epoch 11, Model Loss 6.799028938891841, View Loss 3.649286672180774
03-Aug-26 17:01:19 - Epoch 12, Model Loss 6.708780020670174, View Loss 3.8036336665060007
03-Aug-26 17:03:03 - Epoch 13, Model Loss 6.675211544909509, View Loss 3.9670289606829874
03-Aug-26 17:04:48 - Epoch 14, Model Loss 6.755535630618825, View Loss 4.126924909018223
03-Aug-26 17:06:32 - Epoch 15, Model Loss 6.7289606449650785, View Loss 4.281264208500682
03-Aug-26 17:06:35 - Epoch 15: Train_acc 0.553921568627451 Val_acc 0.5228758169934641 Test_acc 0.4973821989528796 Test_auc 0.5153846153846154
03-Aug-26 17:08:18 - Epoch 16, Model Loss 6.691223181930243, View Loss 4.26822424558253
03-Aug-26 17:10:02 - Epoch 17, Model Loss 6.779921132754656, View Loss 4.3689928553462805
03-Aug-26 17:11:46 - Epoch 18, Model Loss 6.770550572015102, View Loss 4.33358143825157
03-Aug-26 17:13:30 - Epoch 19, Model Loss 6.714929671069376, View Loss 4.359206305609809
03-Aug-26 17:15:13 - Epoch 20, Model Loss 6.669192276748956, View Loss 4.336462326299131
03-Aug-26 17:15:16 - Epoch 20: Train_acc 0.553921568627451 Val_acc 0.5228758169934641 Test_acc 0.4973821989528796 Test_auc 0.5146153846153846
03-Aug-26 17:17:00 - Epoch 21, Model Loss 6.692995647978939, View Loss 4.379616484922521
03-Aug-26 17:18:43 - Epoch 22, Model Loss 6.682597281886082, View Loss 4.419239521026611
03-Aug-26 17:20:27 - Epoch 23, Model Loss 6.745186039045746, View Loss 4.422194540111068
03-Aug-26 17:22:10 - Epoch 24, Model Loss 6.676317813349705, View Loss 4.393719274234148
03-Aug-26 17:23:54 - Epoch 25, Model Loss 6.672417827681, View Loss 4.4328740001503935
03-Aug-26 17:23:57 - Epoch 25: Train_acc 0.5408496732026143 Val_acc 0.5555555555555556 Test_acc 0.518324607329843 Test_auc 0.5151648351648351
03-Aug-26 17:25:40 - Epoch 26, Model Loss 6.672646996242548, View Loss 4.423981046364977
03-Aug-26 17:27:24 - Epoch 27, Model Loss 6.67717844520519, View Loss 4.402412021861357
03-Aug-26 17:29:08 - Epoch 28, Model Loss 6.687001265731513, View Loss 4.45100155063704
03-Aug-26 17:30:51 - Epoch 29, Model Loss 6.655461370555404, View Loss 4.453178306031071
03-Aug-26 17:32:35 - Epoch 30, Model Loss 6.661833713257235, View Loss 4.419669238570469
03-Aug-26 17:32:38 - Epoch 30: Train_acc 0.5555555555555556 Val_acc 0.5163398692810458 Test_acc 0.5026178010471204 Test_auc 0.5149450549450549
03-Aug-26 17:34:21 - Epoch 31, Model Loss 6.60757843653361, View Loss 4.418017452838374
03-Aug-26 17:36:05 - Epoch 32, Model Loss 6.606541097553727, View Loss 4.427324485155492
03-Aug-26 17:37:48 - Epoch 33, Model Loss 6.620124072031258, View Loss 4.448315935197219
03-Aug-26 17:39:32 - Epoch 34, Model Loss 6.611218988505843, View Loss 4.447254467633814
03-Aug-26 17:41:15 - Epoch 35, Model Loss 6.621027859207851, View Loss 4.4684495832405835
03-Aug-26 17:41:18 - Epoch 35: Train_acc 0.5571895424836601 Val_acc 0.5098039215686274 Test_acc 0.5026178010471204 Test_auc 0.5154945054945055
03-Aug-26 17:43:02 - Epoch 36, Model Loss 6.65589874865962, View Loss 4.469560302160923
03-Aug-26 17:44:45 - Epoch 37, Model Loss 6.613138572842467, View Loss 4.394782636679855
03-Aug-26 17:46:29 - Epoch 38, Model Loss 6.607289002611746, View Loss 4.422064516279432
03-Aug-26 17:48:12 - Epoch 39, Model Loss 6.660886854907266, View Loss 4.476312970803454
03-Aug-26 17:49:56 - Epoch 40, Model Loss 6.608717759450276, View Loss 4.412770956949471
03-Aug-26 17:49:59 - Epoch 40: Train_acc 0.5555555555555556 Val_acc 0.5098039215686274 Test_acc 0.5026178010471204 Test_auc 0.515934065934066
03-Aug-26 17:51:42 - Epoch 41, Model Loss 6.593996958015791, View Loss 4.415441033107783
03-Aug-26 17:53:26 - Epoch 42, Model Loss 6.603974909564249, View Loss 4.410945789486754
03-Aug-26 17:55:09 - Epoch 43, Model Loss 6.582398894565557, View Loss 4.47559545866025
03-Aug-26 17:56:53 - Epoch 44, Model Loss 6.582816074097079, View Loss 4.492512110791175
03-Aug-26 17:58:36 - Epoch 45, Model Loss 6.617565984040304, View Loss 4.486587854771832
03-Aug-26 17:58:39 - Epoch 45: Train_acc 0.5408496732026143 Val_acc 0.5424836601307189 Test_acc 0.5287958115183246 Test_auc 0.517912087912088
03-Aug-26 18:00:23 - Epoch 46, Model Loss 6.671915453243879, View Loss 4.516566884283926
03-Aug-26 18:02:06 - Epoch 47, Model Loss 6.609705772275239, View Loss 4.487647259157468
03-Aug-26 18:03:50 - Epoch 48, Model Loss 6.5879074296140985, View Loss 4.436033177219964
03-Aug-26 18:05:33 - Epoch 49, Model Loss 6.579497038149366, View Loss 4.458765048606723
03-Aug-26 18:07:17 - Epoch 50, Model Loss 6.558145226995929, View Loss 4.4621166060952575
03-Aug-26 18:07:20 - Epoch 50: Train_acc 0.5555555555555556 Val_acc 0.5098039215686274 Test_acc 0.5026178010471204 Test_auc 0.5156043956043956
03-Aug-26 18:09:03 - Epoch 51, Model Loss 6.580341628953522, View Loss 4.484426816304524
03-Aug-26 18:10:47 - Epoch 52, Model Loss 6.55601264604556, View Loss 4.439058867934483
03-Aug-26 18:12:30 - Epoch 53, Model Loss 6.549000381644255, View Loss 4.453245262694515
03-Aug-26 18:14:14 - Epoch 54, Model Loss 6.584928250780292, View Loss 4.478472338782416
03-Aug-26 18:15:58 - Epoch 55, Model Loss 6.630074242361231, View Loss 4.526579666761012
03-Aug-26 18:16:01 - Epoch 55: Train_acc 0.5555555555555556 Val_acc 0.5098039215686274 Test_acc 0.5026178010471204 Test_auc 0.516043956043956
03-Aug-26 18:17:44 - Epoch 56, Model Loss 6.6225603265699995, View Loss 4.560796014623704
03-Aug-26 18:19:28 - Epoch 57, Model Loss 6.556325055415334, View Loss 4.48628329295738
03-Aug-26 18:21:11 - Epoch 58, Model Loss 6.594155651291991, View Loss 4.530503765430326
03-Aug-26 18:22:54 - Epoch 59, Model Loss 6.585700596080107, View Loss 4.524315862094655
03-Aug-26 18:24:37 - Epoch 60, Model Loss 6.552952183617486, View Loss 4.499254987130757
03-Aug-26 18:24:40 - Epoch 60: Train_acc 0.5408496732026143 Val_acc 0.5424836601307189 Test_acc 0.5287958115183246 Test_auc 0.5176923076923078
03-Aug-26 18:26:23 - Epoch 61, Model Loss 6.545797204659655, View Loss 4.49302516264074
03-Aug-26 18:28:06 - Epoch 62, Model Loss 6.521636140112784, View Loss 4.500257641661401
03-Aug-26 18:29:49 - Epoch 63, Model Loss 6.5019482288485255, View Loss 4.49417679294262
03-Aug-26 18:31:32 - Epoch 64, Model Loss 6.520879574071348, View Loss 4.469772049024994
03-Aug-26 18:33:15 - Epoch 65, Model Loss 6.558633364883124, View Loss 4.520788934495714
03-Aug-26 18:33:18 - Epoch 65: Train_acc 0.553921568627451 Val_acc 0.5098039215686274 Test_acc 0.5026178010471204 Test_auc 0.5154945054945055
03-Aug-26 18:35:01 - Epoch 66, Model Loss 6.547990611955231, View Loss 4.514736755221498
03-Aug-26 18:36:44 - Epoch 67, Model Loss 6.511940716138852, View Loss 4.484673475128373
03-Aug-26 18:38:26 - Epoch 68, Model Loss 6.486444903355019, View Loss 4.503105166690801
03-Aug-26 18:40:09 - Epoch 69, Model Loss 6.496636325237798, View Loss 4.512798876544229
03-Aug-26 18:41:52 - Epoch 70, Model Loss 6.463180513942943, View Loss 4.494436320136575
03-Aug-26 18:41:55 - Epoch 70: Train_acc 0.5424836601307189 Val_acc 0.5555555555555556 Test_acc 0.5235602094240838 Test_auc 0.5146153846153846
03-Aug-26 18:43:38 - Epoch 71, Model Loss 6.489928831461987, View Loss 4.468690541834613
03-Aug-26 18:45:20 - Epoch 72, Model Loss 6.49521454954459, View Loss 4.492982265995998
03-Aug-26 18:47:03 - Epoch 73, Model Loss 6.461751981498369, View Loss 4.487752175798603
03-Aug-26 18:48:46 - Epoch 74, Model Loss 6.5601160822350995, View Loss 4.51098232643277
03-Aug-26 18:50:30 - Epoch 75, Model Loss 6.541779932632945, View Loss 4.506020037956487
03-Aug-26 18:50:30 - Epoch 75: Train_acc 0.553921568627451 Val_acc 0.5098039215686274 Test_acc 0.4973821989528796 Test_auc 0.5149450549450549
03-Aug-26 18:52:13 - Epoch 76, Model Loss 6.508667765100018, View Loss 4.489139940224442
03-Aug-26 18:53:56 - Epoch 77, Model Loss 6.474419970917546, View Loss 4.452038210201887
03-Aug-26 18:55:40 - Epoch 78, Model Loss 6.457559856713987, View Loss 4.499647162319008
03-Aug-26 18:57:23 - Epoch 79, Model Loss 6.4707391152974045, View Loss 4.4630744348164475
03-Aug-26 18:59:06 - Epoch 80, Model Loss 6.446206772249509, View Loss 4.516235775417751
03-Aug-26 18:59:09 - Epoch 80: Train_acc 0.545751633986928 Val_acc 0.5359477124183006 Test_acc 0.5235602094240838 Test_auc 0.5190109890109891
03-Aug-26 19:00:53 - Epoch 81, Model Loss 6.45096312628852, View Loss 4.510040657193053
03-Aug-26 19:02:36 - Epoch 82, Model Loss 6.449895855648066, View Loss 4.4972442770315935
03-Aug-26 19:04:19 - Epoch 83, Model Loss 6.515353910284104, View Loss 4.544918219248454
03-Aug-26 19:06:03 - Epoch 84, Model Loss 6.473964117710887, View Loss 4.546618779500325
03-Aug-26 19:07:46 - Epoch 85, Model Loss 6.438858555812462, View Loss 4.515949006174125
03-Aug-26 19:07:49 - Epoch 85: Train_acc 0.545751633986928 Val_acc 0.5163398692810458 Test_acc 0.5026178010471204 Test_auc 0.5028571428571429
03-Aug-26 19:09:32 - Epoch 86, Model Loss 6.498596883287616, View Loss 4.613702409407672
03-Aug-26 19:11:15 - Epoch 87, Model Loss 6.430294136595882, View Loss 4.5095883662404574
03-Aug-26 19:12:58 - Epoch 88, Model Loss 6.43919092377806, View Loss 4.4992014691720605
03-Aug-26 19:14:41 - Epoch 89, Model Loss 6.430505540635851, View Loss 4.505799271701988
03-Aug-26 19:16:24 - Epoch 90, Model Loss 6.427172383451773, View Loss 4.502372822730369
03-Aug-26 19:16:27 - Epoch 90: Train_acc 0.5424836601307189 Val_acc 0.5228758169934641 Test_acc 0.49214659685863876 Test_auc 0.5028571428571429
03-Aug-26 19:18:10 - Epoch 91, Model Loss 6.444247819239797, View Loss 4.524978213840061
03-Aug-26 19:19:53 - Epoch 92, Model Loss 6.4113955528907525, View Loss 4.538711027382246
03-Aug-26 19:21:36 - Epoch 93, Model Loss 6.406996505712372, View Loss 4.561762663274029
03-Aug-26 19:23:19 - Epoch 94, Model Loss 6.41498543857749, View Loss 4.573979408912409
03-Aug-26 19:25:02 - Epoch 95, Model Loss 6.426166415993684, View Loss 4.515627689610898
03-Aug-26 19:25:05 - Epoch 95: Train_acc 0.5424836601307189 Val_acc 0.5424836601307189 Test_acc 0.5235602094240838 Test_auc 0.5174725274725275
03-Aug-26 19:26:48 - Epoch 96, Model Loss 6.392206163967357, View Loss 4.549240143470515
03-Aug-26 19:28:32 - Epoch 97, Model Loss 6.397403520696304, View Loss 4.461252988553515
03-Aug-26 19:30:15 - Epoch 98, Model Loss 6.393183078641206, View Loss 4.445725063872493
03-Aug-26 19:31:58 - Epoch 99, Model Loss 6.411293036018321, View Loss 4.488347729826285
03-Aug-26 19:33:41 - Epoch 100, Model Loss 6.404057144339568, View Loss 4.560520334181443
03-Aug-26 19:33:44 - Epoch 100: Train_acc 0.553921568627451 Val_acc 0.5098039215686274 Test_acc 0.5026178010471204 Test_auc 0.5154945054945055
03-Aug-26 19:33:44 - FinishedTraining! BestEpoch (eval-interval index): 4
03-Aug-26 19:33:44 - Wrote /users/3171356m/muhammad/GraSTIACL/nested_cv/results/combat__emb32_bs128__fold2.json
03-Aug-26 19:33:44 - {
  "emb_dim": 32,
  "batch_size": 128,
  "fold": 2,
  "combat": true,
  "n_train": 612,
  "n_val": 153,
  "n_test": 191,
  "best_val_epoch_idx": 4,
  "train_accuracy": 0.5408496732026143,
  "val_accuracy": 0.5555555555555556,
  "test_accuracy": 0.518324607329843,
  "train_f1": 0.3480278422273782,
  "val_f1": 0.3584905660377358,
  "test_f1": 0.3235294117647059,
  "train_sensitivity": 0.25773195787720976,
  "val_sensitivity": 0.2602739690373429,
  "test_sensitivity": 0.24175823910155783,
  "train_specificity": 0.7975077856775459,
  "val_specificity": 0.8249999896875001,
  "test_specificity": 0.7699999923,
  "train_precision": 0.5357142857142857,
  "val_precision": 0.5757575757575758,
  "test_precision": 0.4888888888888889,
  "test_auc": 0.5151648351648351
}
