Task 4: emb_dim=32 batch_size=32 fold=4 combat=yes
The Zen of Python, by Tim Peters

Beautiful is better than ugly.
Explicit is better than implicit.
Simple is better than complex.
Complex is better than complicated.
Flat is better than nested.
Sparse is better than dense.
Readability counts.
Special cases aren't special enough to break the rules.
Although practicality beats purity.
Errors should never pass silently.
Unless explicitly silenced.
In the face of ambiguity, refuse the temptation to guess.
There should be one-- and preferably only one --obvious way to do it.
Although that way may not be obvious at first unless you're Dutch.
Now is better than never.
Although never is often better than *right* now.
If the implementation is hard to explain, it's a bad idea.
If the implementation is easy to explain, it may be a good idea.
Namespaces are one honking great idea -- let's do more of those!
validation time cost : 0.09512 sec
validation time cost : 0.08562 sec
validation time cost : 0.08554 sec
validation time cost : 0.08509 sec
validation time cost : 0.08168 sec
validation time cost : 0.08119 sec
validation time cost : 0.08547 sec
validation time cost : 0.08445 sec
validation time cost : 0.08268 sec
validation time cost : 0.08182 sec
validation time cost : 0.08540 sec
validation time cost : 0.08330 sec
validation time cost : 0.08519 sec
validation time cost : 0.08257 sec
validation time cost : 0.08332 sec
validation time cost : 0.08463 sec
validation time cost : 0.08428 sec
validation time cost : 0.08272 sec
validation time cost : 0.08144 sec
validation time cost : 0.08645 sec
