03-Aug-26 08:49:06 - Using Device: cuda
03-Aug-26 08:49:06 - Seed: 123, Fold: 2, ComBat: False
03-Aug-26 08:49:06 - Namespace(fold=2, combat=False, num_dyn_windows=3, model_lr=0.0005, view_lr=0.0005, num_gc_layers=1, pooling_type='standard', emb_dim=256, vib_hidden_dim=400, batch_size=128, drop_ratio=0.3, epochs=100, kld_lambda=0.003, eval_interval=5, downstream_classifier='linear', ce_lambda=2.0, seed=123)
03-Aug-26 08:49:06 - Loading raw subject data...
03-Aug-26 08:49:09 - Loaded 956 subjects (455 ASD, 501 NC)
03-Aug-26 08:49:09 - Train/Val/Test sizes: 612/153/191
03-Aug-26 08:50:57 - Epoch 1, Model Loss 7.551731842016083, View Loss -5.180675805783739
03-Aug-26 08:52:44 - Epoch 2, Model Loss 6.8756809733272375, View Loss -2.8724955172320596
03-Aug-26 08:54:30 - Epoch 3, Model Loss 7.207404248854694, View Loss 2.060138289445366
03-Aug-26 08:56:16 - Epoch 4, Model Loss 6.990123075597427, View Loss 2.8100780396679648
03-Aug-26 08:58:03 - Epoch 5, Model Loss 6.902583159652411, View Loss 2.9907799234577253
03-Aug-26 08:58:06 - Epoch 5: Train_acc 0.5702614379084967 Val_acc 0.5032679738562091 Test_acc 0.46596858638743455 Test_auc 0.47406593406593406
03-Aug-26 08:59:52 - Epoch 6, Model Loss 6.877939878725538, View Loss 3.11486482308581
03-Aug-26 09:01:38 - Epoch 7, Model Loss 6.790251794204213, View Loss 3.214612786286797
03-Aug-26 09:03:25 - Epoch 8, Model Loss 6.707081411399093, View Loss 3.252590640697604
03-Aug-26 09:05:11 - Epoch 9, Model Loss 6.753972402585098, View Loss 3.4343083309971427
03-Aug-26 09:06:57 - Epoch 10, Model Loss 6.6827231014476105, View Loss 3.540106787401087
03-Aug-26 09:07:00 - Epoch 10: Train_acc 0.5702614379084967 Val_acc 0.5098039215686274 Test_acc 0.46596858638743455 Test_auc 0.47406593406593406
03-Aug-26 09:08:46 - Epoch 11, Model Loss 6.709451223510543, View Loss 3.775932011261485
03-Aug-26 09:10:32 - Epoch 12, Model Loss 6.719560978459377, View Loss 4.042130133684943
03-Aug-26 09:12:18 - Epoch 13, Model Loss 6.769949738496269, View Loss 4.259822508868049
03-Aug-26 09:14:04 - Epoch 14, Model Loss 6.778683129478903, View Loss 4.367263946657866
03-Aug-26 09:15:50 - Epoch 15, Model Loss 6.7924147337869885, View Loss 4.400110026590185
03-Aug-26 09:15:54 - Epoch 15: Train_acc 0.5686274509803921 Val_acc 0.5098039215686274 Test_acc 0.46596858638743455 Test_auc 0.4725274725274725
03-Aug-26 09:17:40 - Epoch 16, Model Loss 6.760826341466966, View Loss 4.404135093190312
03-Aug-26 09:19:26 - Epoch 17, Model Loss 6.726025787054324, View Loss 4.414758542004754
03-Aug-26 09:21:12 - Epoch 18, Model Loss 6.792355612212536, View Loss 4.562486997616836
03-Aug-26 09:22:58 - Epoch 19, Model Loss 6.6851398461784415, View Loss 4.443616066103667
03-Aug-26 09:24:44 - Epoch 20, Model Loss 6.7157519315582475, View Loss 4.445694574343613
03-Aug-26 09:24:47 - Epoch 20: Train_acc 0.5620915032679739 Val_acc 0.5163398692810458 Test_acc 0.4607329842931937 Test_auc 0.4730769230769231
03-Aug-26 09:26:33 - Epoch 21, Model Loss 6.677125257604263, View Loss 4.369424018984526
03-Aug-26 09:28:19 - Epoch 22, Model Loss 6.709393685160119, View Loss 4.431195960325353
03-Aug-26 09:30:05 - Epoch 23, Model Loss 6.729644812789618, View Loss 4.391826670154248
03-Aug-26 09:31:51 - Epoch 24, Model Loss 6.72020639469421, View Loss 4.424713907678143
03-Aug-26 09:33:37 - Epoch 25, Model Loss 6.7248734181223355, View Loss 4.465838600607479
03-Aug-26 09:33:40 - Epoch 25: Train_acc 0.5490196078431373 Val_acc 0.5163398692810458 Test_acc 0.46596858638743455 Test_auc 0.46923076923076923
03-Aug-26 09:35:26 - Epoch 26, Model Loss 6.676426055384617, View Loss 4.476295265496946
03-Aug-26 09:37:13 - Epoch 27, Model Loss 6.6451568603515625, View Loss 4.470473033929962
03-Aug-26 09:38:59 - Epoch 28, Model Loss 6.609954163919087, View Loss 4.441930001078088
03-Aug-26 09:40:45 - Epoch 29, Model Loss 6.587266142851387, View Loss 4.457740313087413
03-Aug-26 09:42:32 - Epoch 30, Model Loss 6.5714982475330626, View Loss 4.377187922109965
03-Aug-26 09:42:35 - Epoch 30: Train_acc 0.5702614379084967 Val_acc 0.5098039215686274 Test_acc 0.4607329842931937 Test_auc 0.4736263736263736
03-Aug-26 09:44:22 - Epoch 31, Model Loss 6.602067274205825, View Loss 4.513070530361599
03-Aug-26 09:46:08 - Epoch 32, Model Loss 6.595421787960078, View Loss 4.41876314200607
03-Aug-26 09:47:54 - Epoch 33, Model Loss 6.59529030245114, View Loss 4.442930707744524
03-Aug-26 09:49:40 - Epoch 34, Model Loss 6.627848335340912, View Loss 4.417570198283476
03-Aug-26 09:51:27 - Epoch 35, Model Loss 6.6304415908514285, View Loss 4.45034469031041
03-Aug-26 09:51:30 - Epoch 35: Train_acc 0.5702614379084967 Val_acc 0.5163398692810458 Test_acc 0.4607329842931937 Test_auc 0.4740659340659341
03-Aug-26 09:53:16 - Epoch 36, Model Loss 6.583955222485113, View Loss 4.473530052534116
03-Aug-26 09:55:02 - Epoch 37, Model Loss 6.597198782403485, View Loss 4.391021759681452
03-Aug-26 09:56:49 - Epoch 38, Model Loss 6.686146471235487, View Loss 4.544630175322489
03-Aug-26 09:58:35 - Epoch 39, Model Loss 6.686564027873519, View Loss 4.484553779651916
03-Aug-26 10:00:21 - Epoch 40, Model Loss 6.672007570079729, View Loss 4.530444849550334
03-Aug-26 10:00:24 - Epoch 40: Train_acc 0.5686274509803921 Val_acc 0.5098039215686274 Test_acc 0.4607329842931937 Test_auc 0.4730769230769231
03-Aug-26 10:02:11 - Epoch 41, Model Loss 6.6113699059081235, View Loss 4.522408476062849
03-Aug-26 10:03:57 - Epoch 42, Model Loss 6.58077936234817, View Loss 4.4917937883364605
03-Aug-26 10:05:43 - Epoch 43, Model Loss 6.5984113325480545, View Loss 4.44122704337625
03-Aug-26 10:07:29 - Epoch 44, Model Loss 6.549123885584812, View Loss 4.501122321957856
03-Aug-26 10:09:15 - Epoch 45, Model Loss 6.548760607351665, View Loss 4.535895852481618
03-Aug-26 10:09:18 - Epoch 45: Train_acc 0.5392156862745098 Val_acc 0.5555555555555556 Test_acc 0.450261780104712 Test_auc 0.46626373626373624
03-Aug-26 10:11:04 - Epoch 46, Model Loss 6.616504606857799, View Loss 4.466206974453396
03-Aug-26 10:12:50 - Epoch 47, Model Loss 6.515589159298567, View Loss 4.503390140782773
03-Aug-26 10:14:36 - Epoch 48, Model Loss 6.582280726214639, View Loss 4.50471747155283
03-Aug-26 10:16:22 - Epoch 49, Model Loss 6.53592580907485, View Loss 4.486172302096498
03-Aug-26 10:18:08 - Epoch 50, Model Loss 6.581317776948019, View Loss 4.509323877446792
03-Aug-26 10:18:12 - Epoch 50: Train_acc 0.576797385620915 Val_acc 0.5228758169934641 Test_acc 0.44502617801047123 Test_auc 0.4721978021978022
03-Aug-26 10:19:57 - Epoch 51, Model Loss 6.579491110409007, View Loss 4.528702184265735
03-Aug-26 10:21:43 - Epoch 52, Model Loss 6.551435604594112, View Loss 4.5313786494186505
03-Aug-26 10:23:29 - Epoch 53, Model Loss 6.454754134408788, View Loss 4.520999210332733
03-Aug-26 10:25:15 - Epoch 54, Model Loss 6.739697792950799, View Loss 4.595487635120068
03-Aug-26 10:27:01 - Epoch 55, Model Loss 6.617446883831149, View Loss 4.517680439294553
03-Aug-26 10:27:04 - Epoch 55: Train_acc 0.5490196078431373 Val_acc 0.5163398692810458 Test_acc 0.46596858638743455 Test_auc 0.4706593406593407
03-Aug-26 10:28:51 - Epoch 56, Model Loss 6.648355004055048, View Loss 4.58766674527935
03-Aug-26 10:30:36 - Epoch 57, Model Loss 6.518917931450738, View Loss 4.571968128478605
03-Aug-26 10:32:22 - Epoch 58, Model Loss 6.506490046681922, View Loss 4.590674309948691
03-Aug-26 10:34:08 - Epoch 59, Model Loss 6.4499339153564055, View Loss 4.5545658192603415
03-Aug-26 10:35:54 - Epoch 60, Model Loss 6.513348937813753, View Loss 4.528292861639285
03-Aug-26 10:35:57 - Epoch 60: Train_acc 0.5473856209150327 Val_acc 0.5163398692810458 Test_acc 0.4712041884816754 Test_auc 0.4706593406593407
03-Aug-26 10:37:43 - Epoch 61, Model Loss 6.459464247709786, View Loss 4.511811109929303
03-Aug-26 10:39:29 - Epoch 62, Model Loss 6.515783069959653, View Loss 4.532984571519241
03-Aug-26 10:41:15 - Epoch 63, Model Loss 6.502560120002896, View Loss 4.5164770986519605
03-Aug-26 10:43:01 - Epoch 64, Model Loss 6.386844008576636, View Loss 4.58390200683494
03-Aug-26 10:44:47 - Epoch 65, Model Loss 6.33112961014891, View Loss 4.5025896215750505
03-Aug-26 10:44:50 - Epoch 65: Train_acc 0.5718954248366013 Val_acc 0.5098039215686274 Test_acc 0.46596858638743455 Test_auc 0.4732967032967033
03-Aug-26 10:46:36 - Epoch 66, Model Loss 6.799865579293444, View Loss 4.527117320914674
03-Aug-26 10:48:22 - Epoch 67, Model Loss 6.56534453622656, View Loss 4.588528327692568
03-Aug-26 10:50:09 - Epoch 68, Model Loss 6.524162251964893, View Loss 4.635125309813256
03-Aug-26 10:51:55 - Epoch 69, Model Loss 6.451699384676865, View Loss 4.584688691531911
03-Aug-26 10:53:41 - Epoch 70, Model Loss 6.414362564585567, View Loss 4.469729161729999
03-Aug-26 10:53:44 - Epoch 70: Train_acc 0.5751633986928104 Val_acc 0.5098039215686274 Test_acc 0.46596858638743455 Test_auc 0.4734065934065934
03-Aug-26 10:55:30 - Epoch 71, Model Loss 6.369009501014659, View Loss 4.548082071192124
03-Aug-26 10:57:16 - Epoch 72, Model Loss 6.417273910996181, View Loss 4.559730433171092
03-Aug-26 10:59:01 - Epoch 73, Model Loss 6.5493361716176945, View Loss 4.523317648694406
03-Aug-26 11:00:47 - Epoch 74, Model Loss 6.446024071936514, View Loss 4.540051485198775
03-Aug-26 11:02:33 - Epoch 75, Model Loss 6.411525832282172, View Loss 4.4827667685116035
03-Aug-26 11:02:37 - Epoch 75: Train_acc 0.5473856209150327 Val_acc 0.5163398692810458 Test_acc 0.4607329842931937 Test_auc 0.4704395604395605
03-Aug-26 11:04:22 - Epoch 76, Model Loss 6.342065555597443, View Loss 4.697411733515122
03-Aug-26 11:06:08 - Epoch 77, Model Loss 6.439439165825937, View Loss 4.490577467126784
03-Aug-26 11:07:54 - Epoch 78, Model Loss 6.310358782998876, View Loss 4.603554925108267
03-Aug-26 11:09:40 - Epoch 79, Model Loss 6.284175872802734, View Loss 4.603896240782894
03-Aug-26 11:11:26 - Epoch 80, Model Loss 6.254425709543664, View Loss 4.479225825640111
03-Aug-26 11:11:29 - Epoch 80: Train_acc 0.5735294117647058 Val_acc 0.5098039215686274 Test_acc 0.4607329842931937 Test_auc 0.47263736263736267
03-Aug-26 11:13:14 - Epoch 81, Model Loss 6.399913111543344, View Loss 4.5690016684189345
03-Aug-26 11:15:00 - Epoch 82, Model Loss 6.286901498931686, View Loss 4.427674474279865
03-Aug-26 11:16:46 - Epoch 83, Model Loss 6.355224391214208, View Loss 4.489443863139433
03-Aug-26 11:18:32 - Epoch 84, Model Loss 6.428942536996081, View Loss 4.454369096194997
03-Aug-26 11:20:18 - Epoch 85, Model Loss 6.332292952568703, View Loss 4.440785604364732
03-Aug-26 11:20:21 - Epoch 85: Train_acc 0.553921568627451 Val_acc 0.5163398692810458 Test_acc 0.46596858638743455 Test_auc 0.4691208791208792
03-Aug-26 11:22:07 - Epoch 86, Model Loss 6.358310138477998, View Loss 4.326345786549687
03-Aug-26 11:23:53 - Epoch 87, Model Loss 6.606970437991074, View Loss 4.468518718395358
03-Aug-26 11:25:39 - Epoch 88, Model Loss 6.5262726179135395, View Loss 4.640085092557022
03-Aug-26 11:27:25 - Epoch 89, Model Loss 6.335201232261907, View Loss 4.489957086401048
03-Aug-26 11:29:11 - Epoch 90, Model Loss 6.291234091216443, View Loss 4.638568170709548
03-Aug-26 11:29:14 - Epoch 90: Train_acc 0.576797385620915 Val_acc 0.48366013071895425 Test_acc 0.4869109947643979 Test_auc 0.47538461538461535
03-Aug-26 11:31:00 - Epoch 91, Model Loss 6.20704400928971, View Loss 4.366727638867945
03-Aug-26 11:32:46 - Epoch 92, Model Loss 6.507279349308388, View Loss 4.55624099494585
03-Aug-26 11:34:32 - Epoch 93, Model Loss 6.387894727046193, View Loss 4.512382195665945
03-Aug-26 11:36:18 - Epoch 94, Model Loss 6.380440325518839, View Loss 4.460373024535335
03-Aug-26 11:38:05 - Epoch 95, Model Loss 6.391697110693439, View Loss 4.492379023358713
03-Aug-26 11:38:08 - Epoch 95: Train_acc 0.5506535947712419 Val_acc 0.5228758169934641 Test_acc 0.4712041884816754 Test_auc 0.46934065934065927
03-Aug-26 11:39:55 - Epoch 96, Model Loss 6.335823271009657, View Loss 4.412695227105633
03-Aug-26 11:41:41 - Epoch 97, Model Loss 6.429654457989861, View Loss 4.449593294679729
03-Aug-26 11:43:27 - Epoch 98, Model Loss 6.473493083629733, View Loss 4.499151469835269
03-Aug-26 11:45:13 - Epoch 99, Model Loss 6.370950527440488, View Loss 4.553091155158149
03-Aug-26 11:46:59 - Epoch 100, Model Loss 6.45097280639449, View Loss 4.459060382219701
03-Aug-26 11:47:02 - Epoch 100: Train_acc 0.5735294117647058 Val_acc 0.5032679738562091 Test_acc 0.47643979057591623 Test_auc 0.48186813186813193
03-Aug-26 11:47:02 - FinishedTraining! BestEpoch (eval-interval index): 8
03-Aug-26 11:47:02 - Wrote /users/3171356m/muhammad/GraSTIACL/nested_cv/results/nocombat__emb256_bs128__fold2.json
03-Aug-26 11:47:02 - {
  "emb_dim": 256,
  "batch_size": 128,
  "fold": 2,
  "combat": false,
  "n_train": 612,
  "n_val": 153,
  "n_test": 191,
  "best_val_epoch_idx": 8,
  "train_accuracy": 0.5392156862745098,
  "val_accuracy": 0.5555555555555556,
  "test_accuracy": 0.450261780104712,
  "train_f1": 0.436,
  "val_f1": 0.47692307692307695,
  "test_f1": 0.36363636363636365,
  "train_sensitivity": 0.37457044544821155,
  "val_sensitivity": 0.42465752842934895,
  "test_sensitivity": 0.32967032604757884,
  "train_specificity": 0.6884735181044439,
  "val_specificity": 0.6749999915625001,
  "test_specificity": 0.5599999944,
  "train_precision": 0.5215311004784688,
  "val_precision": 0.543859649122807,
  "test_precision": 0.40540540540540543,
  "test_auc": 0.46626373626373624
}
