Task 28: emb_dim=256 batch_size=128 fold=3 combat=yes
The Zen of Python, by Tim Peters

Beautiful is better than ugly.
Explicit is better than implicit.
Simple is better than complex.
Complex is better than complicated.
Flat is better than nested.
Sparse is better than dense.
Readability counts.
Special cases aren't special enough to break the rules.
Although practicality beats purity.
Errors should never pass silently.
Unless explicitly silenced.
In the face of ambiguity, refuse the temptation to guess.
There should be one-- and preferably only one --obvious way to do it.
Although that way may not be obvious at first unless you're Dutch.
Now is better than never.
Although never is often better than *right* now.
If the implementation is hard to explain, it's a bad idea.
If the implementation is easy to explain, it may be a good idea.
Namespaces are one honking great idea -- let's do more of those!
validation time cost : 0.17829 sec
validation time cost : 0.17611 sec
validation time cost : 0.17264 sec
validation time cost : 0.16813 sec
validation time cost : 0.17268 sec
validation time cost : 0.16759 sec
validation time cost : 0.16914 sec
validation time cost : 0.16745 sec
validation time cost : 0.16896 sec
validation time cost : 0.16998 sec
validation time cost : 0.16731 sec
validation time cost : 0.17105 sec
validation time cost : 0.16999 sec
validation time cost : 0.17129 sec
validation time cost : 0.16794 sec
validation time cost : 0.16775 sec
validation time cost : 0.17022 sec
validation time cost : 0.16791 sec
validation time cost : 0.17313 sec
validation time cost : 0.16965 sec
