Task 25: emb_dim=256 batch_size=128 fold=0 combat=yes
The Zen of Python, by Tim Peters

Beautiful is better than ugly.
Explicit is better than implicit.
Simple is better than complex.
Complex is better than complicated.
Flat is better than nested.
Sparse is better than dense.
Readability counts.
Special cases aren't special enough to break the rules.
Although practicality beats purity.
Errors should never pass silently.
Unless explicitly silenced.
In the face of ambiguity, refuse the temptation to guess.
There should be one-- and preferably only one --obvious way to do it.
Although that way may not be obvious at first unless you're Dutch.
Now is better than never.
Although never is often better than *right* now.
If the implementation is hard to explain, it's a bad idea.
If the implementation is easy to explain, it may be a good idea.
Namespaces are one honking great idea -- let's do more of those!
validation time cost : 0.19820 sec
validation time cost : 0.19003 sec
validation time cost : 0.19209 sec
validation time cost : 0.19275 sec
validation time cost : 0.18305 sec
validation time cost : 0.18070 sec
validation time cost : 0.17298 sec
validation time cost : 0.16946 sec
validation time cost : 0.16818 sec
validation time cost : 0.16799 sec
validation time cost : 0.16801 sec
validation time cost : 0.16744 sec
validation time cost : 0.17150 sec
validation time cost : 0.17374 sec
validation time cost : 0.16915 sec
validation time cost : 0.16770 sec
validation time cost : 0.17252 sec
validation time cost : 0.16724 sec
validation time cost : 0.16953 sec
validation time cost : 0.16977 sec
