03-Aug-26 20:52:37 - Using Device: cuda
03-Aug-26 20:52:37 - Seed: 123, Fold: 3, ComBat: True
03-Aug-26 20:52:37 - Namespace(fold=3, combat=True, num_dyn_windows=3, model_lr=0.0005, view_lr=0.0005, num_gc_layers=1, pooling_type='standard', emb_dim=128, vib_hidden_dim=400, batch_size=128, drop_ratio=0.3, epochs=100, kld_lambda=0.003, eval_interval=5, downstream_classifier='linear', ce_lambda=2.0, seed=123)
03-Aug-26 20:52:37 - Loading raw subject data...
03-Aug-26 20:52:43 - Loaded 956 subjects (455 ASD, 501 NC)
03-Aug-26 20:52:44 - Train/Val/Test sizes: 612/153/191
03-Aug-26 20:54:32 - Epoch 1, Model Loss 6.6938450196210075, View Loss -5.7809148707421
03-Aug-26 20:56:19 - Epoch 2, Model Loss 6.333829885993907, View Loss -2.962528322257248
03-Aug-26 20:58:03 - Epoch 3, Model Loss 6.687063354292726, View Loss 1.7299487980362636
03-Aug-26 20:59:49 - Epoch 4, Model Loss 6.616040669235528, View Loss 2.347060734929602
03-Aug-26 21:01:34 - Epoch 5, Model Loss 6.865475159065396, View Loss 2.7567146307502695
03-Aug-26 21:01:38 - Epoch 5: Train_acc 0.5588235294117647 Val_acc 0.5163398692810458 Test_acc 0.5392670157068062 Test_auc 0.4951648351648351
03-Aug-26 21:03:27 - Epoch 6, Model Loss 6.7149166905022915, View Loss 3.0221377634534647
03-Aug-26 21:05:14 - Epoch 7, Model Loss 6.381015743305481, View Loss 2.9273745405907725
03-Aug-26 21:07:00 - Epoch 8, Model Loss 6.523088399101706, View Loss 3.053869373658124
03-Aug-26 21:08:46 - Epoch 9, Model Loss 6.55291387769911, View Loss 3.270501658807393
03-Aug-26 21:10:31 - Epoch 10, Model Loss 6.517107757867551, View Loss 3.446850902893964
03-Aug-26 21:10:34 - Epoch 10: Train_acc 0.5310457516339869 Val_acc 0.5228758169934641 Test_acc 0.5130890052356021 Test_auc 0.482087912087912
03-Aug-26 21:12:19 - Epoch 11, Model Loss 6.5854257197161905, View Loss 3.6437106942818835
03-Aug-26 21:14:04 - Epoch 12, Model Loss 6.4714088907428815, View Loss 3.7549017441818138
03-Aug-26 21:15:49 - Epoch 13, Model Loss 6.5273863038206414, View Loss 3.9702260229322643
03-Aug-26 21:17:35 - Epoch 14, Model Loss 6.491615619534761, View Loss 4.0316077057832205
03-Aug-26 21:19:20 - Epoch 15, Model Loss 6.594808553558549, View Loss 4.159976061652689
03-Aug-26 21:19:23 - Epoch 15: Train_acc 0.5571895424836601 Val_acc 0.5163398692810458 Test_acc 0.5392670157068062 Test_auc 0.4949450549450549
03-Aug-26 21:21:08 - Epoch 16, Model Loss 6.612437089284261, View Loss 4.216408343096964
03-Aug-26 21:22:55 - Epoch 17, Model Loss 6.538594093198091, View Loss 4.212538694244584
03-Aug-26 21:24:40 - Epoch 18, Model Loss 6.545336841757781, View Loss 4.254946612065135
03-Aug-26 21:26:25 - Epoch 19, Model Loss 6.5563471644532445, View Loss 4.244242381426244
03-Aug-26 21:28:11 - Epoch 20, Model Loss 6.536736731435738, View Loss 4.223672296486649
03-Aug-26 21:28:14 - Epoch 20: Train_acc 0.5506535947712419 Val_acc 0.5163398692810458 Test_acc 0.5392670157068062 Test_auc 0.5021978021978022
03-Aug-26 21:29:59 - Epoch 21, Model Loss 6.514997681761099, View Loss 4.218711432288675
03-Aug-26 21:31:45 - Epoch 22, Model Loss 6.540503395928277, View Loss 4.260666747498356
03-Aug-26 21:33:31 - Epoch 23, Model Loss 6.51592129352046, View Loss 4.263525420544195
03-Aug-26 21:35:17 - Epoch 24, Model Loss 6.571489022448172, View Loss 4.35833032146778
03-Aug-26 21:37:01 - Epoch 25, Model Loss 6.669183995988634, View Loss 4.3024941675024095
03-Aug-26 21:37:04 - Epoch 25: Train_acc 0.5506535947712419 Val_acc 0.5163398692810458 Test_acc 0.5392670157068062 Test_auc 0.5024175824175824
03-Aug-26 21:38:50 - Epoch 26, Model Loss 6.544828003528071, View Loss 4.2875109404520275
03-Aug-26 21:40:36 - Epoch 27, Model Loss 6.562321413576213, View Loss 4.303949533724317
03-Aug-26 21:42:21 - Epoch 28, Model Loss 6.573635955262028, View Loss 4.368109559701159
03-Aug-26 21:44:07 - Epoch 29, Model Loss 6.532317186492721, View Loss 4.3057130551805685
03-Aug-26 21:45:52 - Epoch 30, Model Loss 6.481485666013231, View Loss 4.27932556314406
03-Aug-26 21:45:55 - Epoch 30: Train_acc 0.5506535947712419 Val_acc 0.5163398692810458 Test_acc 0.5392670157068062 Test_auc 0.5018681318681318
03-Aug-26 21:47:44 - Epoch 31, Model Loss 6.478069532930461, View Loss 4.28893932330063
03-Aug-26 21:49:30 - Epoch 32, Model Loss 6.467766344157699, View Loss 4.237584681292764
03-Aug-26 21:51:14 - Epoch 33, Model Loss 6.436001188614789, View Loss 4.270335350161284
03-Aug-26 21:52:58 - Epoch 34, Model Loss 6.449671393126444, View Loss 4.260282148722729
03-Aug-26 21:54:41 - Epoch 35, Model Loss 6.475391250809813, View Loss 4.3033368758905945
03-Aug-26 21:54:44 - Epoch 35: Train_acc 0.5506535947712419 Val_acc 0.5163398692810458 Test_acc 0.5392670157068062 Test_auc 0.5024175824175824
03-Aug-26 21:56:29 - Epoch 36, Model Loss 6.429083680794909, View Loss 4.320252231523102
03-Aug-26 21:58:14 - Epoch 37, Model Loss 6.440033298691893, View Loss 4.255955393797432
03-Aug-26 21:59:58 - Epoch 38, Model Loss 6.43914410647224, View Loss 4.285432142369888
03-Aug-26 22:01:42 - Epoch 39, Model Loss 6.443236940047321, View Loss 4.3095196493310866
03-Aug-26 22:03:26 - Epoch 40, Model Loss 6.446142823088403, View Loss 4.3480117679421415
03-Aug-26 22:03:29 - Epoch 40: Train_acc 0.5506535947712419 Val_acc 0.5163398692810458 Test_acc 0.5392670157068062 Test_auc 0.5024175824175824
03-Aug-26 22:05:13 - Epoch 41, Model Loss 6.4323491613849315, View Loss 4.284946077010211
03-Aug-26 22:06:56 - Epoch 42, Model Loss 6.402014031129725, View Loss 4.312648037679835
03-Aug-26 22:08:40 - Epoch 43, Model Loss 6.474558035532634, View Loss 4.303245195376328
03-Aug-26 22:10:23 - Epoch 44, Model Loss 6.499018637962591, View Loss 4.354877113516814
03-Aug-26 22:12:07 - Epoch 45, Model Loss 6.437774592754888, View Loss 4.342718538895152
03-Aug-26 22:12:10 - Epoch 45: Train_acc 0.5506535947712419 Val_acc 0.5163398692810458 Test_acc 0.5392670157068062 Test_auc 0.5025274725274725
03-Aug-26 22:13:53 - Epoch 46, Model Loss 6.406482076333239, View Loss 4.348563823824614
03-Aug-26 22:15:37 - Epoch 47, Model Loss 6.447078661201826, View Loss 4.318839422238418
03-Aug-26 22:17:20 - Epoch 48, Model Loss 6.414871147255492, View Loss 4.321626918767792
03-Aug-26 22:19:04 - Epoch 49, Model Loss 6.432860508463741, View Loss 4.319694462944479
03-Aug-26 22:20:48 - Epoch 50, Model Loss 6.379181444255355, View Loss 4.250245128581726
03-Aug-26 22:20:51 - Epoch 50: Train_acc 0.5506535947712419 Val_acc 0.5163398692810458 Test_acc 0.5445026178010471 Test_auc 0.4982417582417583
03-Aug-26 22:22:37 - Epoch 51, Model Loss 6.347812072903502, View Loss 4.276165419933843
03-Aug-26 22:24:21 - Epoch 52, Model Loss 6.393947950375625, View Loss 4.313758142633376
03-Aug-26 22:26:05 - Epoch 53, Model Loss 6.332613365322936, View Loss 4.335680325826009
03-Aug-26 22:27:49 - Epoch 54, Model Loss 6.372563355888417, View Loss 4.306030987134946
03-Aug-26 22:29:32 - Epoch 55, Model Loss 6.395347719878153, View Loss 4.305476824442546
03-Aug-26 22:29:35 - Epoch 55: Train_acc 0.5506535947712419 Val_acc 0.5163398692810458 Test_acc 0.5392670157068062 Test_auc 0.5024175824175824
03-Aug-26 22:31:22 - Epoch 56, Model Loss 6.383750597635905, View Loss 4.298143224778518
03-Aug-26 22:33:07 - Epoch 57, Model Loss 6.340209739660126, View Loss 4.3226770949519535
03-Aug-26 22:34:51 - Epoch 58, Model Loss 6.320231612211739, View Loss 4.293871779846989
03-Aug-26 22:36:35 - Epoch 59, Model Loss 6.296429232055066, View Loss 4.235593850316565
03-Aug-26 22:38:18 - Epoch 60, Model Loss 6.396057546528336, View Loss 4.337816372416378
03-Aug-26 22:38:21 - Epoch 60: Train_acc 0.5490196078431373 Val_acc 0.5163398692810458 Test_acc 0.5287958115183246 Test_auc 0.48571428571428577
03-Aug-26 22:40:08 - Epoch 61, Model Loss 6.337324323217853, View Loss 4.320767966750401
03-Aug-26 22:41:53 - Epoch 62, Model Loss 6.34781795389512, View Loss 4.347486820096284
03-Aug-26 22:43:36 - Epoch 63, Model Loss 6.363070210600211, View Loss 4.313076732984555
03-Aug-26 22:45:20 - Epoch 64, Model Loss 6.366274849262113, View Loss 4.31046377755458
03-Aug-26 22:47:03 - Epoch 65, Model Loss 6.3258112053466, View Loss 4.331459241754868
03-Aug-26 22:47:06 - Epoch 65: Train_acc 0.5294117647058824 Val_acc 0.5163398692810458 Test_acc 0.5130890052356021 Test_auc 0.472967032967033
03-Aug-26 22:48:53 - Epoch 66, Model Loss 6.337433677872801, View Loss 4.273073115379982
03-Aug-26 22:50:37 - Epoch 67, Model Loss 6.367968715094273, View Loss 4.346556448468975
03-Aug-26 22:52:20 - Epoch 68, Model Loss 6.30480906854268, View Loss 4.329428488912146
03-Aug-26 22:54:03 - Epoch 69, Model Loss 6.304467285380644, View Loss 4.282347984563291
03-Aug-26 22:55:46 - Epoch 70, Model Loss 6.327903931436975, View Loss 4.328527381996703
03-Aug-26 22:55:49 - Epoch 70: Train_acc 0.5522875816993464 Val_acc 0.5163398692810458 Test_acc 0.5392670157068062 Test_auc 0.5021978021978022
03-Aug-26 22:57:32 - Epoch 71, Model Loss 6.321908333722283, View Loss 4.346219050338845
03-Aug-26 22:59:14 - Epoch 72, Model Loss 6.31835246553608, View Loss 4.324607506296993
03-Aug-26 23:00:56 - Epoch 73, Model Loss 6.36598568959953, View Loss 4.327043586307102
03-Aug-26 23:02:38 - Epoch 74, Model Loss 6.291062383090749, View Loss 4.322397590462678
03-Aug-26 23:04:19 - Epoch 75, Model Loss 6.292675535663281, View Loss 4.359276653115266
03-Aug-26 23:04:22 - Epoch 75: Train_acc 0.5588235294117647 Val_acc 0.5163398692810458 Test_acc 0.5392670157068062 Test_auc 0.49560439560439556
03-Aug-26 23:06:04 - Epoch 76, Model Loss 6.361609019485175, View Loss 4.4385042408712545
03-Aug-26 23:07:46 - Epoch 77, Model Loss 6.290685734717674, View Loss 4.356820916817858
03-Aug-26 23:09:28 - Epoch 78, Model Loss 6.268634802375743, View Loss 4.314555068421208
03-Aug-26 23:11:10 - Epoch 79, Model Loss 6.229117069369048, View Loss 4.32387691697264
03-Aug-26 23:12:52 - Epoch 80, Model Loss 6.319403660842796, View Loss 4.32315480163674
03-Aug-26 23:12:55 - Epoch 80: Train_acc 0.5490196078431373 Val_acc 0.5163398692810458 Test_acc 0.5340314136125655 Test_auc 0.49813186813186816
03-Aug-26 23:14:37 - Epoch 81, Model Loss 6.3086703587201685, View Loss 4.355223337809245
03-Aug-26 23:16:18 - Epoch 82, Model Loss 6.331981599720475, View Loss 4.368984340842253
03-Aug-26 23:18:00 - Epoch 83, Model Loss 6.186475713268604, View Loss 4.306946579926933
03-Aug-26 23:19:42 - Epoch 84, Model Loss 6.2640020894069295, View Loss 4.3320023405785655
03-Aug-26 23:21:24 - Epoch 85, Model Loss 6.2737938625360625, View Loss 4.333240826924642
03-Aug-26 23:21:27 - Epoch 85: Train_acc 0.5506535947712419 Val_acc 0.5163398692810458 Test_acc 0.5392670157068062 Test_auc 0.5024175824175824
03-Aug-26 23:23:09 - Epoch 86, Model Loss 6.2631927939022285, View Loss 4.345686616461261
03-Aug-26 23:24:50 - Epoch 87, Model Loss 6.248691951527315, View Loss 4.346750764285817
03-Aug-26 23:26:32 - Epoch 88, Model Loss 6.250056740505244, View Loss 4.323088664634555
03-Aug-26 23:28:14 - Epoch 89, Model Loss 6.271111962062861, View Loss 4.363515473658742
03-Aug-26 23:29:55 - Epoch 90, Model Loss 6.211242753695818, View Loss 4.361377295325784
03-Aug-26 23:29:58 - Epoch 90: Train_acc 0.5424836601307189 Val_acc 0.5163398692810458 Test_acc 0.5340314136125655 Test_auc 0.4967032967032967
03-Aug-26 23:31:40 - Epoch 91, Model Loss 6.209815168692396, View Loss 4.3072082263971465
03-Aug-26 23:33:21 - Epoch 92, Model Loss 6.185577115202261, View Loss 4.314261745004093
03-Aug-26 23:35:03 - Epoch 93, Model Loss 6.318192644056931, View Loss 4.369874817093993
03-Aug-26 23:36:44 - Epoch 94, Model Loss 6.254127471275579, View Loss 4.330500450009614
03-Aug-26 23:38:26 - Epoch 95, Model Loss 6.25322017794341, View Loss 4.268493303286484
03-Aug-26 23:38:29 - Epoch 95: Train_acc 0.5555555555555556 Val_acc 0.5163398692810458 Test_acc 0.5392670157068062 Test_auc 0.49604395604395596
03-Aug-26 23:40:10 - Epoch 96, Model Loss 6.298221983940773, View Loss 4.426066819359274
03-Aug-26 23:41:52 - Epoch 97, Model Loss 6.267767432468389, View Loss 4.372529307222055
03-Aug-26 23:43:34 - Epoch 98, Model Loss 6.257362802044239, View Loss 4.389367418351516
03-Aug-26 23:45:15 - Epoch 99, Model Loss 6.210011008518194, View Loss 4.3929632691776055
03-Aug-26 23:46:57 - Epoch 100, Model Loss 6.254217097961825, View Loss 4.336999833973405
03-Aug-26 23:47:00 - Epoch 100: Train_acc 0.553921568627451 Val_acc 0.5163398692810458 Test_acc 0.5287958115183246 Test_auc 0.4858241758241758
03-Aug-26 23:47:00 - FinishedTraining! BestEpoch (eval-interval index): 1
03-Aug-26 23:47:00 - Wrote /users/3171356m/muhammad/GraSTIACL/nested_cv/results/combat__emb128_bs128__fold3.json
03-Aug-26 23:47:00 - {
  "emb_dim": 128,
  "batch_size": 128,
  "fold": 3,
  "combat": true,
  "n_train": 612,
  "n_val": 153,
  "n_test": 191,
  "best_val_epoch_idx": 1,
  "train_accuracy": 0.5310457516339869,
  "val_accuracy": 0.5228758169934641,
  "test_accuracy": 0.5130890052356021,
  "train_f1": 0.2136986301369863,
  "val_f1": 0.21505376344086022,
  "test_f1": 0.2184873949579832,
  "train_sensitivity": 0.13402061809614907,
  "val_sensitivity": 0.13698629949333838,
  "test_sensitivity": 0.14285714128728416,
  "train_specificity": 0.8909657293116332,
  "val_specificity": 0.8749999890625002,
  "test_specificity": 0.8499999915,
  "train_precision": 0.527027027027027,
  "val_precision": 0.5,
  "test_precision": 0.4642857142857143,
  "test_auc": 0.482087912087912
}
