03-Aug-26 03:34:18 - Using Device: cuda
03-Aug-26 03:34:18 - Seed: 123, Fold: 0, ComBat: False
03-Aug-26 03:34:18 - Namespace(fold=0, combat=False, num_dyn_windows=3, model_lr=0.0005, view_lr=0.0005, num_gc_layers=1, pooling_type='standard', emb_dim=256, vib_hidden_dim=400, batch_size=32, drop_ratio=0.3, epochs=100, kld_lambda=0.003, eval_interval=5, downstream_classifier='linear', ce_lambda=2.0, seed=123)
03-Aug-26 03:34:18 - Loading raw subject data...
03-Aug-26 03:34:27 - Loaded 956 subjects (455 ASD, 501 NC)
03-Aug-26 03:34:27 - Train/Val/Test sizes: 611/153/192
03-Aug-26 03:36:14 - Epoch 1, Model Loss 5.854870384531599, View Loss -2.6239210778874775
03-Aug-26 03:37:59 - Epoch 2, Model Loss 5.5464229462775, View Loss 1.6889597431630043
03-Aug-26 03:39:43 - Epoch 3, Model Loss 5.3791236120433155, View Loss 2.025398621972766
03-Aug-26 03:41:28 - Epoch 4, Model Loss 5.370255884289156, View Loss 2.647346454049093
03-Aug-26 03:43:12 - Epoch 5, Model Loss 5.462643165635204, View Loss 3.015326339123487
03-Aug-26 03:43:15 - Epoch 5: Train_acc 0.5253682487725041 Val_acc 0.48366013071895425 Test_acc 0.5520833333333334 Test_auc 0.53998476770754
03-Aug-26 03:45:00 - Epoch 6, Model Loss 5.417507704658321, View Loss 3.0004523468680935
03-Aug-26 03:46:44 - Epoch 7, Model Loss 5.463918071721853, View Loss 3.0572599790100186
03-Aug-26 03:48:29 - Epoch 8, Model Loss 5.394688192639141, View Loss 3.053459741723908
03-Aug-26 03:50:13 - Epoch 9, Model Loss 5.323943758166949, View Loss 3.0643730365995885
03-Aug-26 03:51:58 - Epoch 10, Model Loss 5.311208346471458, View Loss 3.041673271726274
03-Aug-26 03:52:00 - Epoch 10: Train_acc 0.5220949263502455 Val_acc 0.48366013071895425 Test_acc 0.5625 Test_auc 0.5395495593515396
03-Aug-26 03:53:45 - Epoch 11, Model Loss 5.272995890259938, View Loss 3.1020827766526153
03-Aug-26 03:55:30 - Epoch 12, Model Loss 5.339258039446392, View Loss 3.0427016174929817
03-Aug-26 03:57:15 - Epoch 13, Model Loss 5.2710385182095045, View Loss 3.132907980056129
03-Aug-26 03:58:59 - Epoch 14, Model Loss 5.279682492663544, View Loss 3.160762523765845
03-Aug-26 04:00:44 - Epoch 15, Model Loss 5.172962568005251, View Loss 3.031128351065999
03-Aug-26 04:00:47 - Epoch 15: Train_acc 0.5351882160392799 Val_acc 0.5163398692810458 Test_acc 0.53125 Test_auc 0.5158307039495158
03-Aug-26 04:02:34 - Epoch 16, Model Loss 5.293840529290432, View Loss 3.127855737646356
03-Aug-26 04:04:19 - Epoch 17, Model Loss 5.2723655060738475, View Loss 3.142797548525072
03-Aug-26 04:06:04 - Epoch 18, Model Loss 5.215965402106802, View Loss 3.1176030708998197
03-Aug-26 04:07:48 - Epoch 19, Model Loss 5.252436760404496, View Loss 3.1422130428437516
03-Aug-26 04:09:32 - Epoch 20, Model Loss 5.302881465605941, View Loss 3.137184871394193
03-Aug-26 04:09:35 - Epoch 20: Train_acc 0.5417348608837971 Val_acc 0.5163398692810458 Test_acc 0.5364583333333334 Test_auc 0.513001849635513
03-Aug-26 04:11:21 - Epoch 21, Model Loss 5.173594709699166, View Loss 3.113695872493344
03-Aug-26 04:13:06 - Epoch 22, Model Loss 5.124931943397085, View Loss 3.201451644667237
03-Aug-26 04:14:51 - Epoch 23, Model Loss 5.440349245617706, View Loss 3.153932023458122
03-Aug-26 04:16:35 - Epoch 24, Model Loss 5.218092393562953, View Loss 3.1913033814555103
03-Aug-26 04:18:20 - Epoch 25, Model Loss 5.128249467297193, View Loss 3.1104505897153616
03-Aug-26 04:18:23 - Epoch 25: Train_acc 0.530278232405892 Val_acc 0.49673202614379086 Test_acc 0.5416666666666666 Test_auc 0.5354150799695354
03-Aug-26 04:20:09 - Epoch 26, Model Loss 5.21386588458734, View Loss 3.1888154740224297
03-Aug-26 04:21:54 - Epoch 27, Model Loss 5.103968383637661, View Loss 3.1634873416146747
03-Aug-26 04:23:39 - Epoch 28, Model Loss 5.130952396096262, View Loss 3.1453631211029527
03-Aug-26 04:25:23 - Epoch 29, Model Loss 5.11684849765609, View Loss 3.178071006327721
03-Aug-26 04:27:08 - Epoch 30, Model Loss 5.194304842410423, View Loss 3.206745994851944
03-Aug-26 04:27:11 - Epoch 30: Train_acc 0.5106382978723404 Val_acc 0.5228758169934641 Test_acc 0.5520833333333334 Test_auc 0.5244260689805245
03-Aug-26 04:28:57 - Epoch 31, Model Loss 5.087501621870675, View Loss 3.163048846827006
03-Aug-26 04:30:41 - Epoch 32, Model Loss 5.180488484190646, View Loss 3.1739356380242567
03-Aug-26 04:32:26 - Epoch 33, Model Loss 5.149390705673667, View Loss 3.2040878967450603
03-Aug-26 04:34:10 - Epoch 34, Model Loss 5.163187071851739, View Loss 3.158214908477327
03-Aug-26 04:35:54 - Epoch 35, Model Loss 5.071074990711119, View Loss 3.117535874271939
03-Aug-26 04:35:57 - Epoch 35: Train_acc 0.5270049099836334 Val_acc 0.49019607843137253 Test_acc 0.546875 Test_auc 0.5400935697965401
03-Aug-26 04:37:43 - Epoch 36, Model Loss 5.082768440246582, View Loss 3.1814242373121546
03-Aug-26 04:39:28 - Epoch 37, Model Loss 5.070183353611373, View Loss 3.162924283167344
03-Aug-26 04:41:13 - Epoch 38, Model Loss 5.035644087580729, View Loss 3.133730604878814
03-Aug-26 04:42:57 - Epoch 39, Model Loss 5.0601896033934795, View Loss 3.146482776893141
03-Aug-26 04:44:41 - Epoch 40, Model Loss 5.060379900050436, View Loss 3.137218385837277
03-Aug-26 04:44:44 - Epoch 40: Train_acc 0.5515548281505729 Val_acc 0.5228758169934641 Test_acc 0.5208333333333334 Test_auc 0.5126754433685127
03-Aug-26 04:46:30 - Epoch 41, Model Loss 5.079206563446994, View Loss 3.1568778595733176
03-Aug-26 04:48:15 - Epoch 42, Model Loss 5.084796343614544, View Loss 3.1685302119257015
03-Aug-26 04:50:00 - Epoch 43, Model Loss 5.09186853246486, View Loss 3.1460633007672336
03-Aug-26 04:51:45 - Epoch 44, Model Loss 5.0544763910789925, View Loss 3.1594436504251635
03-Aug-26 04:53:29 - Epoch 45, Model Loss 5.037829131424525, View Loss 3.2022278783461857
03-Aug-26 04:53:32 - Epoch 45: Train_acc 0.5188216039279869 Val_acc 0.49019607843137253 Test_acc 0.5677083333333334 Test_auc 0.5393319551735393
03-Aug-26 04:55:19 - Epoch 46, Model Loss 5.095804724092374, View Loss 3.091414052121183
03-Aug-26 04:57:04 - Epoch 47, Model Loss 5.0597790185051155, View Loss 3.1585734372931102
03-Aug-26 04:58:49 - Epoch 48, Model Loss 4.9961871558437565, View Loss 3.139866988319422
03-Aug-26 05:00:34 - Epoch 49, Model Loss 5.031276878085347, View Loss 3.0299974253885873
03-Aug-26 05:02:18 - Epoch 50, Model Loss 4.994036827071794, View Loss 3.276183238591383
03-Aug-26 05:02:21 - Epoch 50: Train_acc 0.5450081833060556 Val_acc 0.5163398692810458 Test_acc 0.5364583333333334 Test_auc 0.5145250788815146
03-Aug-26 05:04:07 - Epoch 51, Model Loss 5.046280407866558, View Loss 3.145273368214234
03-Aug-26 05:05:52 - Epoch 52, Model Loss 5.010205953679186, View Loss 3.162552671863678
03-Aug-26 05:07:37 - Epoch 53, Model Loss 5.049714299934, View Loss 3.2038974668312385
03-Aug-26 05:09:21 - Epoch 54, Model Loss 5.04723734824435, View Loss 3.184056451394788
03-Aug-26 05:11:06 - Epoch 55, Model Loss 5.035433029777289, View Loss 3.0560468947438677
03-Aug-26 05:11:09 - Epoch 55: Train_acc 0.5482815057283142 Val_acc 0.5228758169934641 Test_acc 0.515625 Test_auc 0.5086497660755087
03-Aug-26 05:12:56 - Epoch 56, Model Loss 4.98366619795317, View Loss 3.1075332807758045
03-Aug-26 05:14:41 - Epoch 57, Model Loss 4.972050502530487, View Loss 3.286494840771789
03-Aug-26 05:16:25 - Epoch 58, Model Loss 4.990295935769713, View Loss 3.1527026716113675
03-Aug-26 05:18:10 - Epoch 59, Model Loss 5.017353434609508, View Loss 3.151736292677113
03-Aug-26 05:19:55 - Epoch 60, Model Loss 4.9694467006455465, View Loss 3.066329396688021
03-Aug-26 05:19:58 - Epoch 60: Train_acc 0.5270049099836334 Val_acc 0.49019607843137253 Test_acc 0.546875 Test_auc 0.5391143509955391
03-Aug-26 05:21:44 - Epoch 61, Model Loss 5.0290075960018825, View Loss 3.1273516662870025
03-Aug-26 05:23:29 - Epoch 62, Model Loss 4.896644454735976, View Loss 2.909611734450351
03-Aug-26 05:25:13 - Epoch 63, Model Loss 5.078489931827677, View Loss 3.133689284909962
03-Aug-26 05:26:58 - Epoch 64, Model Loss 5.090299475602745, View Loss 3.21257866360552
03-Aug-26 05:28:42 - Epoch 65, Model Loss 4.89421554048791, View Loss 3.1275102732224473
03-Aug-26 05:28:45 - Epoch 65: Train_acc 0.546644844517185 Val_acc 0.5490196078431373 Test_acc 0.5208333333333334 Test_auc 0.5097377869655098
03-Aug-26 05:30:31 - Epoch 66, Model Loss 4.974481775405559, View Loss 3.1923878247531072
03-Aug-26 05:32:16 - Epoch 67, Model Loss 4.969065858182267, View Loss 3.096621979960833
03-Aug-26 05:34:01 - Epoch 68, Model Loss 4.983397728487629, View Loss 3.1812087309145887
03-Aug-26 05:35:45 - Epoch 69, Model Loss 4.98741889897423, View Loss 3.1792194901823803
03-Aug-26 05:37:30 - Epoch 70, Model Loss 4.992419322852027, View Loss 3.11063134519051
03-Aug-26 05:37:33 - Epoch 70: Train_acc 0.5319148936170213 Val_acc 0.49673202614379086 Test_acc 0.5416666666666666 Test_auc 0.535959090414536
03-Aug-26 05:39:19 - Epoch 71, Model Loss 5.120162857729948, View Loss 3.1979907509152903
03-Aug-26 05:41:04 - Epoch 72, Model Loss 4.9787199731349165, View Loss 3.152329560485097
03-Aug-26 05:42:48 - Epoch 73, Model Loss 5.134173343692786, View Loss 3.1265199851677576
03-Aug-26 05:44:33 - Epoch 74, Model Loss 5.0408444443623095, View Loss 3.2011356111829294
03-Aug-26 05:46:17 - Epoch 75, Model Loss 5.042811697321516, View Loss 3.199570001750794
03-Aug-26 05:46:20 - Epoch 75: Train_acc 0.5400981996726678 Val_acc 0.5228758169934641 Test_acc 0.5208333333333334 Test_auc 0.5095201827875095
03-Aug-26 05:48:07 - Epoch 76, Model Loss 4.9964482362843965, View Loss 3.1857781375586107
03-Aug-26 05:49:53 - Epoch 77, Model Loss 4.995625967675067, View Loss 3.171692030324483
03-Aug-26 05:51:38 - Epoch 78, Model Loss 5.016081542313197, View Loss 3.2380477461213957
03-Aug-26 05:53:23 - Epoch 79, Model Loss 4.859785101027419, View Loss 3.200567218071115
03-Aug-26 05:55:07 - Epoch 80, Model Loss 4.971801350823011, View Loss 3.0974766338417847
03-Aug-26 05:55:10 - Epoch 80: Train_acc 0.5400981996726678 Val_acc 0.5098039215686274 Test_acc 0.5416666666666666 Test_auc 0.5125666412795126
03-Aug-26 05:56:57 - Epoch 81, Model Loss 4.945797150341852, View Loss 3.101641088480255
03-Aug-26 05:58:41 - Epoch 82, Model Loss 4.927177024160781, View Loss 3.0866840129593194
03-Aug-26 06:00:26 - Epoch 83, Model Loss 4.9658985081358935, View Loss 3.1699851173816063
03-Aug-26 06:02:11 - Epoch 84, Model Loss 4.960568792105891, View Loss 3.1614237605745
03-Aug-26 06:03:55 - Epoch 85, Model Loss 4.954826555548635, View Loss 3.0693632978854515
03-Aug-26 06:03:58 - Epoch 85: Train_acc 0.5433715220949263 Val_acc 0.5163398692810458 Test_acc 0.53125 Test_auc 0.5113698183005113
03-Aug-26 06:05:44 - Epoch 86, Model Loss 4.963539518428122, View Loss 3.0492263495824536
03-Aug-26 06:07:30 - Epoch 87, Model Loss 4.9418018988033365, View Loss 3.1722923203107767
03-Aug-26 06:09:14 - Epoch 88, Model Loss 5.011861449958064, View Loss 3.140213545576445
03-Aug-26 06:10:59 - Epoch 89, Model Loss 4.992642594242252, View Loss 3.1052275934117906
03-Aug-26 06:12:43 - Epoch 90, Model Loss 5.048705783491244, View Loss 3.2309669228895594
03-Aug-26 06:12:46 - Epoch 90: Train_acc 0.5400981996726678 Val_acc 0.5228758169934641 Test_acc 0.5364583333333334 Test_auc 0.512022630834512
03-Aug-26 06:14:33 - Epoch 91, Model Loss 4.980748618683136, View Loss 3.0317163358148305
03-Aug-26 06:16:18 - Epoch 92, Model Loss 5.043980270672937, View Loss 3.106305060136923
03-Aug-26 06:18:03 - Epoch 93, Model Loss 4.902993596712228, View Loss 3.0797286630652345
03-Aug-26 06:19:47 - Epoch 94, Model Loss 4.931424213509318, View Loss 3.2127899667049977
03-Aug-26 06:21:32 - Epoch 95, Model Loss 4.945300969281486, View Loss 3.1024449539847927
03-Aug-26 06:21:35 - Epoch 95: Train_acc 0.5433715220949263 Val_acc 0.5163398692810458 Test_acc 0.5364583333333334 Test_auc 0.5109346099445109
03-Aug-26 06:23:21 - Epoch 96, Model Loss 4.947730883834015, View Loss 3.0311340416999575
03-Aug-26 06:25:06 - Epoch 97, Model Loss 5.0721127811313265, View Loss 3.2013391359738166
03-Aug-26 06:26:51 - Epoch 98, Model Loss 4.964622804264, View Loss 3.210233956429065
03-Aug-26 06:28:36 - Epoch 99, Model Loss 4.9733891135932184, View Loss 3.2015965273649525
03-Aug-26 06:30:20 - Epoch 100, Model Loss 5.004368599815181, View Loss 3.1520736456990437
03-Aug-26 06:30:23 - Epoch 100: Train_acc 0.5253682487725041 Val_acc 0.49019607843137253 Test_acc 0.546875 Test_auc 0.5392231530845393
03-Aug-26 06:30:23 - FinishedTraining! BestEpoch (eval-interval index): 12
03-Aug-26 06:30:23 - Wrote /users/3171356m/muhammad/GraSTIACL/nested_cv/results/nocombat__emb256_bs32__fold0.json
03-Aug-26 06:30:23 - {
  "emb_dim": 256,
  "batch_size": 32,
  "fold": 0,
  "combat": false,
  "n_train": 611,
  "n_val": 153,
  "n_test": 192,
  "best_val_epoch_idx": 12,
  "train_accuracy": 0.546644844517185,
  "val_accuracy": 0.5490196078431373,
  "test_accuracy": 0.5208333333333334,
  "train_f1": 0.3938730853391685,
  "val_f1": 0.35514018691588783,
  "test_f1": 0.39473684210526316,
  "train_sensitivity": 0.3092783494526517,
  "val_sensitivity": 0.2602739690373429,
  "test_sensitivity": 0.32967032604757884,
  "train_specificity": 0.7624999976171876,
  "val_specificity": 0.8124999898437502,
  "test_specificity": 0.6930693000686208,
  "train_precision": 0.5421686746987951,
  "val_precision": 0.5588235294117647,
  "test_precision": 0.4918032786885246,
  "test_auc": 0.5097377869655098
}
