Task 25: emb_dim=256 batch_size=128 fold=0 combat=no
The Zen of Python, by Tim Peters

Beautiful is better than ugly.
Explicit is better than implicit.
Simple is better than complex.
Complex is better than complicated.
Flat is better than nested.
Sparse is better than dense.
Readability counts.
Special cases aren't special enough to break the rules.
Although practicality beats purity.
Errors should never pass silently.
Unless explicitly silenced.
In the face of ambiguity, refuse the temptation to guess.
There should be one-- and preferably only one --obvious way to do it.
Although that way may not be obvious at first unless you're Dutch.
Now is better than never.
Although never is often better than *right* now.
If the implementation is hard to explain, it's a bad idea.
If the implementation is easy to explain, it may be a good idea.
Namespaces are one honking great idea -- let's do more of those!
validation time cost : 0.21229 sec
validation time cost : 0.20695 sec
validation time cost : 0.20297 sec
validation time cost : 0.20088 sec
validation time cost : 0.19986 sec
validation time cost : 0.19816 sec
validation time cost : 0.20154 sec
validation time cost : 0.20106 sec
validation time cost : 0.19822 sec
validation time cost : 0.19839 sec
validation time cost : 0.20467 sec
validation time cost : 0.20043 sec
validation time cost : 0.20630 sec
validation time cost : 0.20379 sec
validation time cost : 0.19829 sec
validation time cost : 0.20363 sec
validation time cost : 0.20307 sec
validation time cost : 0.20628 sec
validation time cost : 0.19988 sec
validation time cost : 0.20400 sec
