03-Aug-26 15:29:33 - Using Device: cuda
03-Aug-26 15:29:33 - Seed: 123, Fold: 0, ComBat: True
03-Aug-26 15:29:33 - Namespace(fold=0, combat=True, num_dyn_windows=3, model_lr=0.0005, view_lr=0.0005, num_gc_layers=1, pooling_type='standard', emb_dim=32, vib_hidden_dim=400, batch_size=128, drop_ratio=0.3, epochs=100, kld_lambda=0.003, eval_interval=5, downstream_classifier='linear', ce_lambda=2.0, seed=123)
03-Aug-26 15:29:33 - Loading raw subject data...
03-Aug-26 15:29:35 - Loaded 956 subjects (455 ASD, 501 NC)
03-Aug-26 15:29:36 - Train/Val/Test sizes: 611/153/192
03-Aug-26 15:31:30 - Epoch 1, Model Loss 6.855587711115711, View Loss -5.673011210077913
03-Aug-26 15:33:20 - Epoch 2, Model Loss 6.551740947604765, View Loss -2.918915690064625
03-Aug-26 15:35:09 - Epoch 3, Model Loss 7.109929705212433, View Loss 1.9516087452440527
03-Aug-26 15:36:58 - Epoch 4, Model Loss 6.888336592142008, View Loss 2.673332217477152
03-Aug-26 15:38:49 - Epoch 5, Model Loss 6.737222090875654, View Loss 2.8523822825786134
03-Aug-26 15:38:52 - Epoch 5: Train_acc 0.5433715220949263 Val_acc 0.477124183006536 Test_acc 0.5416666666666666 Test_auc 0.541943205309542
03-Aug-26 15:40:43 - Epoch 6, Model Loss 6.825532149956386, View Loss 2.984853812013242
03-Aug-26 15:42:31 - Epoch 7, Model Loss 7.594572841438256, View Loss 3.698497318011844
03-Aug-26 15:44:19 - Epoch 8, Model Loss 7.175332959076777, View Loss 3.67813341122017
03-Aug-26 15:46:07 - Epoch 9, Model Loss 6.821968543744126, View Loss 3.3983654320337573
03-Aug-26 15:47:57 - Epoch 10, Model Loss 6.715439972822873, View Loss 3.452063140619406
03-Aug-26 15:48:00 - Epoch 10: Train_acc 0.5433715220949263 Val_acc 0.477124183006536 Test_acc 0.5416666666666666 Test_auc 0.541943205309542
03-Aug-26 15:49:53 - Epoch 11, Model Loss 6.6894707679748535, View Loss 3.6928445762191
03-Aug-26 15:51:47 - Epoch 12, Model Loss 6.688300251375439, View Loss 3.854661171252911
03-Aug-26 15:53:38 - Epoch 13, Model Loss 6.697873151438912, View Loss 3.978843997231092
03-Aug-26 15:55:29 - Epoch 14, Model Loss 6.810277261437449, View Loss 4.15425091913601
03-Aug-26 15:57:17 - Epoch 15, Model Loss 6.782739661914432, View Loss 4.185286493816469
03-Aug-26 15:57:20 - Epoch 15: Train_acc 0.5433715220949263 Val_acc 0.49673202614379086 Test_acc 0.5364583333333334 Test_auc 0.5321510172995322
03-Aug-26 15:59:09 - Epoch 16, Model Loss 6.724599804698738, View Loss 4.182099944831111
03-Aug-26 16:01:00 - Epoch 17, Model Loss 6.718974040885214, View Loss 4.25813448214492
03-Aug-26 16:02:48 - Epoch 18, Model Loss 6.689905385143823, View Loss 4.2586112287743
03-Aug-26 16:04:35 - Epoch 19, Model Loss 6.6652436576381255, View Loss 4.242253804558038
03-Aug-26 16:06:22 - Epoch 20, Model Loss 6.678263108585938, View Loss 4.3049318232434866
03-Aug-26 16:06:25 - Epoch 20: Train_acc 0.546644844517185 Val_acc 0.5032679738562091 Test_acc 0.53125 Test_auc 0.5320422152105321
03-Aug-26 16:08:17 - Epoch 21, Model Loss 6.649712440815378, View Loss 4.319461398741227
03-Aug-26 16:10:05 - Epoch 22, Model Loss 6.65077583138174, View Loss 4.3181106447198
03-Aug-26 16:11:54 - Epoch 23, Model Loss 6.665040173819334, View Loss 4.317462623021802
03-Aug-26 16:13:41 - Epoch 24, Model Loss 6.627508054193225, View Loss 4.335482462338262
03-Aug-26 16:15:31 - Epoch 25, Model Loss 6.636435628912843, View Loss 4.309406759695999
03-Aug-26 16:15:34 - Epoch 25: Train_acc 0.5450081833060556 Val_acc 0.477124183006536 Test_acc 0.5416666666666666 Test_auc 0.5418344032205419
03-Aug-26 16:17:28 - Epoch 26, Model Loss 6.634512537630022, View Loss 4.38967760338916
03-Aug-26 16:19:16 - Epoch 27, Model Loss 6.643359170217561, View Loss 4.400541598199823
03-Aug-26 16:21:04 - Epoch 28, Model Loss 6.647780958447246, View Loss 4.405804153354976
03-Aug-26 16:22:57 - Epoch 29, Model Loss 6.651442437242174, View Loss 4.422538992230904
03-Aug-26 16:24:50 - Epoch 30, Model Loss 6.627131544821781, View Loss 4.353963537419096
03-Aug-26 16:24:53 - Epoch 30: Train_acc 0.5417348608837971 Val_acc 0.477124183006536 Test_acc 0.5416666666666666 Test_auc 0.5413991948645415
03-Aug-26 16:26:45 - Epoch 31, Model Loss 6.62137814941656, View Loss 4.405000937160611
03-Aug-26 16:28:33 - Epoch 32, Model Loss 6.616512996280252, View Loss 4.38973258794232
03-Aug-26 16:30:21 - Epoch 33, Model Loss 6.573702830144504, View Loss 4.364193918662063
03-Aug-26 16:32:08 - Epoch 34, Model Loss 6.590269714642663, View Loss 4.340826583181777
03-Aug-26 16:33:55 - Epoch 35, Model Loss 6.62699176207697, View Loss 4.404750920746799
03-Aug-26 16:33:58 - Epoch 35: Train_acc 0.5417348608837971 Val_acc 0.48366013071895425 Test_acc 0.5416666666666666 Test_auc 0.5411815906865411
03-Aug-26 16:35:51 - Epoch 36, Model Loss 6.600451474103912, View Loss 4.4068596671333875
03-Aug-26 16:37:39 - Epoch 37, Model Loss 6.606355955089563, View Loss 4.373088522940728
03-Aug-26 16:39:27 - Epoch 38, Model Loss 6.592155823340783, View Loss 4.42903857301378
03-Aug-26 16:41:15 - Epoch 39, Model Loss 6.665454045840449, View Loss 4.405550562613529
03-Aug-26 16:43:01 - Epoch 40, Model Loss 6.591580532186355, View Loss 4.452546985176698
03-Aug-26 16:43:04 - Epoch 40: Train_acc 0.5450081833060556 Val_acc 0.49673202614379086 Test_acc 0.5364583333333334 Test_auc 0.5323686214775324
03-Aug-26 16:44:56 - Epoch 41, Model Loss 6.614852541597307, View Loss 4.429771796381025
03-Aug-26 16:46:45 - Epoch 42, Model Loss 6.592047602377234, View Loss 4.391820821746476
03-Aug-26 16:48:31 - Epoch 43, Model Loss 6.623552675137933, View Loss 4.439859755495761
03-Aug-26 16:50:18 - Epoch 44, Model Loss 6.583086471120581, View Loss 4.495067377137279
03-Aug-26 16:52:06 - Epoch 45, Model Loss 6.575398149349881, View Loss 4.462695079622409
03-Aug-26 16:52:09 - Epoch 45: Train_acc 0.5253682487725041 Val_acc 0.4444444444444444 Test_acc 0.5677083333333334 Test_auc 0.5254052877815254
03-Aug-26 16:54:02 - Epoch 46, Model Loss 6.587397651859664, View Loss 4.438211412164467
03-Aug-26 16:55:51 - Epoch 47, Model Loss 6.549665255164164, View Loss 4.441009970226381
03-Aug-26 16:57:38 - Epoch 48, Model Loss 6.561835572294244, View Loss 4.445504274383895
03-Aug-26 16:59:30 - Epoch 49, Model Loss 6.602294923435842, View Loss 4.50778968595639
03-Aug-26 17:01:19 - Epoch 50, Model Loss 6.57914578192753, View Loss 4.485729887130413
03-Aug-26 17:01:22 - Epoch 50: Train_acc 0.5450081833060556 Val_acc 0.5032679738562091 Test_acc 0.5364583333333334 Test_auc 0.5321510172995321
03-Aug-26 17:03:16 - Epoch 51, Model Loss 6.53217941883543, View Loss 4.435819751502254
03-Aug-26 17:05:06 - Epoch 52, Model Loss 6.551851047821794, View Loss 4.457092344468237
03-Aug-26 17:06:53 - Epoch 53, Model Loss 6.5461387361130035, View Loss 4.466727126444615
03-Aug-26 17:08:40 - Epoch 54, Model Loss 6.558675067514523, View Loss 4.478546206572637
03-Aug-26 17:10:27 - Epoch 55, Model Loss 6.562364890415423, View Loss 4.494197786146997
03-Aug-26 17:10:30 - Epoch 55: Train_acc 0.5253682487725041 Val_acc 0.4444444444444444 Test_acc 0.5625 Test_auc 0.5248612773365249
03-Aug-26 17:12:23 - Epoch 56, Model Loss 6.528343695470432, View Loss 4.469490905049975
03-Aug-26 17:14:11 - Epoch 57, Model Loss 6.518294764423526, View Loss 4.474995284540953
03-Aug-26 17:15:59 - Epoch 58, Model Loss 6.535352522729852, View Loss 4.438686416894441
03-Aug-26 17:17:47 - Epoch 59, Model Loss 6.5319989667976746, View Loss 4.493188271936145
03-Aug-26 17:19:33 - Epoch 60, Model Loss 6.512660797606123, View Loss 4.457782508893801
03-Aug-26 17:19:36 - Epoch 60: Train_acc 0.546644844517185 Val_acc 0.5032679738562091 Test_acc 0.5364583333333334 Test_auc 0.5322598193885323
03-Aug-26 17:21:31 - Epoch 61, Model Loss 6.527103424072266, View Loss 4.500702985179795
03-Aug-26 17:23:24 - Epoch 62, Model Loss 6.543457338735827, View Loss 4.503570740819953
03-Aug-26 17:25:18 - Epoch 63, Model Loss 6.5162750960567, View Loss 4.474200775502356
03-Aug-26 17:27:09 - Epoch 64, Model Loss 6.5100428203514085, View Loss 4.481288974687042
03-Aug-26 17:28:56 - Epoch 65, Model Loss 6.487447736306199, View Loss 4.501152296113109
03-Aug-26 17:28:59 - Epoch 65: Train_acc 0.5499181669394435 Val_acc 0.49019607843137253 Test_acc 0.5416666666666666 Test_auc 0.5329126319225329
03-Aug-26 17:30:51 - Epoch 66, Model Loss 6.512339031637788, View Loss 4.473208265101656
03-Aug-26 17:32:39 - Epoch 67, Model Loss 6.516930742466704, View Loss 4.543266035726145
03-Aug-26 17:34:31 - Epoch 68, Model Loss 6.496993478503438, View Loss 4.498311313591691
03-Aug-26 17:36:21 - Epoch 69, Model Loss 6.503006589393179, View Loss 4.495071831779668
03-Aug-26 17:38:08 - Epoch 70, Model Loss 6.506185010295063, View Loss 4.454974166695303
03-Aug-26 17:38:11 - Epoch 70: Train_acc 0.5384615384615384 Val_acc 0.48366013071895425 Test_acc 0.546875 Test_auc 0.5382439342835382
03-Aug-26 17:40:04 - Epoch 71, Model Loss 6.506975040498225, View Loss 4.483239526639398
03-Aug-26 17:41:52 - Epoch 72, Model Loss 6.527476472277103, View Loss 4.523203791260914
03-Aug-26 17:43:47 - Epoch 73, Model Loss 6.48635382738129, View Loss 4.491638567560823
03-Aug-26 17:45:36 - Epoch 74, Model Loss 6.444219717222423, View Loss 4.491872006274284
03-Aug-26 17:47:31 - Epoch 75, Model Loss 6.479786172045818, View Loss 4.519847161250887
03-Aug-26 17:47:34 - Epoch 75: Train_acc 0.5433715220949263 Val_acc 0.48366013071895425 Test_acc 0.5416666666666666 Test_auc 0.5407463823305407
03-Aug-26 17:49:24 - Epoch 76, Model Loss 6.5106197808261, View Loss 4.535677778740366
03-Aug-26 17:51:14 - Epoch 77, Model Loss 6.514199186659093, View Loss 4.51775159929466
03-Aug-26 17:53:05 - Epoch 78, Model Loss 6.437767509547856, View Loss 4.517778514449998
03-Aug-26 17:54:55 - Epoch 79, Model Loss 6.479283461594153, View Loss 4.514451231386775
03-Aug-26 17:56:44 - Epoch 80, Model Loss 6.419188771817571, View Loss 4.493222257704665
03-Aug-26 17:56:47 - Epoch 80: Train_acc 0.5368248772504092 Val_acc 0.477124183006536 Test_acc 0.5416666666666666 Test_auc 0.5411815906865411
03-Aug-26 17:58:41 - Epoch 81, Model Loss 6.423391733153947, View Loss 4.512241556289348
03-Aug-26 18:00:33 - Epoch 82, Model Loss 6.438357883896648, View Loss 4.509368130891491
03-Aug-26 18:02:23 - Epoch 83, Model Loss 6.432838619438209, View Loss 4.481737799418148
03-Aug-26 18:04:13 - Epoch 84, Model Loss 6.435816007042868, View Loss 4.504770628559219
03-Aug-26 18:06:04 - Epoch 85, Model Loss 6.412239399362118, View Loss 4.529380673472502
03-Aug-26 18:06:07 - Epoch 85: Train_acc 0.5319148936170213 Val_acc 0.4444444444444444 Test_acc 0.5520833333333334 Test_auc 0.5245348710695247
03-Aug-26 18:08:00 - Epoch 86, Model Loss 6.461936453555492, View Loss 4.510843400284038
03-Aug-26 18:09:49 - Epoch 87, Model Loss 6.440558319591267, View Loss 4.495567914116792
03-Aug-26 18:11:37 - Epoch 88, Model Loss 6.439265493090141, View Loss 4.5196828178805335
03-Aug-26 18:13:24 - Epoch 89, Model Loss 6.444575539977578, View Loss 4.499951685704108
03-Aug-26 18:15:12 - Epoch 90, Model Loss 6.428953604690377, View Loss 4.503531497355959
03-Aug-26 18:15:15 - Epoch 90: Train_acc 0.5499181669394435 Val_acc 0.48366013071895425 Test_acc 0.546875 Test_auc 0.5316070068545317
03-Aug-26 18:17:08 - Epoch 91, Model Loss 6.413966274885811, View Loss 4.480743185002753
03-Aug-26 18:18:58 - Epoch 92, Model Loss 6.415255044759197, View Loss 4.546751322020485
03-Aug-26 18:20:46 - Epoch 93, Model Loss 6.398548488335992, View Loss 4.537495894830083
03-Aug-26 18:22:34 - Epoch 94, Model Loss 6.407715809911051, View Loss 4.524733714308169
03-Aug-26 18:24:22 - Epoch 95, Model Loss 6.392157282259578, View Loss 4.512987270292791
03-Aug-26 18:24:25 - Epoch 95: Train_acc 0.5482815057283142 Val_acc 0.48366013071895425 Test_acc 0.546875 Test_auc 0.531062996409531
03-Aug-26 18:26:17 - Epoch 96, Model Loss 6.385761277375167, View Loss 4.531036402707014
03-Aug-26 18:28:14 - Epoch 97, Model Loss 6.402410691381476, View Loss 4.526007599994516
03-Aug-26 18:30:13 - Epoch 98, Model Loss 6.399012455573449, View Loss 4.505782685381301
03-Aug-26 18:32:05 - Epoch 99, Model Loss 6.402931118167559, View Loss 4.536573737030529
03-Aug-26 18:33:54 - Epoch 100, Model Loss 6.397714340160014, View Loss 4.526618896646703
03-Aug-26 18:33:57 - Epoch 100: Train_acc 0.5368248772504092 Val_acc 0.477124183006536 Test_acc 0.546875 Test_auc 0.5413991948645414
03-Aug-26 18:33:57 - FinishedTraining! BestEpoch (eval-interval index): 3
03-Aug-26 18:33:57 - Wrote /users/3171356m/muhammad/GraSTIACL/nested_cv/results/combat__emb32_bs128__fold0.json
03-Aug-26 18:33:57 - {
  "emb_dim": 32,
  "batch_size": 128,
  "fold": 0,
  "combat": true,
  "n_train": 611,
  "n_val": 153,
  "n_test": 192,
  "best_val_epoch_idx": 3,
  "train_accuracy": 0.546644844517185,
  "val_accuracy": 0.5032679738562091,
  "test_accuracy": 0.53125,
  "train_f1": 0.38031319910514544,
  "val_f1": 0.3090909090909091,
  "test_f1": 0.40789473684210525,
  "train_sensitivity": 0.2920962189275044,
  "val_sensitivity": 0.23287670913867523,
  "test_sensitivity": 0.34065933691583145,
  "train_specificity": 0.7781249975683594,
  "val_specificity": 0.7499999906250001,
  "test_specificity": 0.7029702900696011,
  "train_precision": 0.5448717948717948,
  "val_precision": 0.4594594594594595,
  "test_precision": 0.5081967213114754,
  "test_auc": 0.5320422152105321
}
