03-Aug-26 08:00:44 - Using Device: cuda
03-Aug-26 08:00:44 - Seed: 123, Fold: 1, ComBat: False
03-Aug-26 08:00:44 - Namespace(fold=1, combat=False, num_dyn_windows=3, model_lr=0.0005, view_lr=0.0005, num_gc_layers=1, pooling_type='standard', emb_dim=128, vib_hidden_dim=400, batch_size=128, drop_ratio=0.3, epochs=100, kld_lambda=0.003, eval_interval=5, downstream_classifier='linear', ce_lambda=2.0, seed=123)
03-Aug-26 08:00:44 - Loading raw subject data...
03-Aug-26 08:00:52 - Loaded 956 subjects (455 ASD, 501 NC)
03-Aug-26 08:00:53 - Train/Val/Test sizes: 612/153/191
03-Aug-26 08:02:40 - Epoch 1, Model Loss 7.605752464992548, View Loss -5.029666532878003
03-Aug-26 08:04:28 - Epoch 2, Model Loss 7.011994857414096, View Loss -2.9351916188508076
03-Aug-26 08:06:14 - Epoch 3, Model Loss 7.227141657685922, View Loss 1.9800925395068
03-Aug-26 08:08:00 - Epoch 4, Model Loss 6.977386917164123, View Loss 2.686381358726352
03-Aug-26 08:09:46 - Epoch 5, Model Loss 7.0034818431131205, View Loss 3.0774531551435884
03-Aug-26 08:09:49 - Epoch 5: Train_acc 0.5294117647058824 Val_acc 0.5294117647058824 Test_acc 0.5654450261780105 Test_auc 0.5305494505494506
03-Aug-26 08:11:39 - Epoch 6, Model Loss 6.9217180987588725, View Loss 3.152641131207834
03-Aug-26 08:13:26 - Epoch 7, Model Loss 6.808895017586503, View Loss 3.220736154543808
03-Aug-26 08:15:12 - Epoch 8, Model Loss 6.830875113119487, View Loss 3.40384901426976
03-Aug-26 08:16:58 - Epoch 9, Model Loss 6.7583670397989115, View Loss 3.4356893246469933
03-Aug-26 08:18:44 - Epoch 10, Model Loss 6.756385890486973, View Loss 3.6003683252272265
03-Aug-26 08:18:47 - Epoch 10: Train_acc 0.5261437908496732 Val_acc 0.5294117647058824 Test_acc 0.5445026178010471 Test_auc 0.5291208791208791
03-Aug-26 08:20:32 - Epoch 11, Model Loss 6.737606263628193, View Loss 3.819799672544392
03-Aug-26 08:22:16 - Epoch 12, Model Loss 6.760792772754345, View Loss 4.026361682056602
03-Aug-26 08:24:01 - Epoch 13, Model Loss 6.781884601692748, View Loss 4.160320123036702
03-Aug-26 08:25:45 - Epoch 14, Model Loss 6.790410640192967, View Loss 4.239819894429126
03-Aug-26 08:27:29 - Epoch 15, Model Loss 6.802258295171401, View Loss 4.335108267715554
03-Aug-26 08:27:32 - Epoch 15: Train_acc 0.5245098039215687 Val_acc 0.5228758169934641 Test_acc 0.5654450261780105 Test_auc 0.5289010989010989
03-Aug-26 08:29:17 - Epoch 16, Model Loss 6.781795317830603, View Loss 4.363107447530709
03-Aug-26 08:31:00 - Epoch 17, Model Loss 6.781228492462557, View Loss 4.412197789335562
03-Aug-26 08:32:43 - Epoch 18, Model Loss 6.770198052225549, View Loss 4.415775208691366
03-Aug-26 08:34:26 - Epoch 19, Model Loss 6.759032582925036, View Loss 4.4386201995650145
03-Aug-26 08:36:09 - Epoch 20, Model Loss 6.769480312571806, View Loss 4.450476730571074
03-Aug-26 08:36:12 - Epoch 20: Train_acc 0.5261437908496732 Val_acc 0.5294117647058824 Test_acc 0.5445026178010471 Test_auc 0.5291208791208791
03-Aug-26 08:37:55 - Epoch 21, Model Loss 6.805777035507501, View Loss 4.450813798343434
03-Aug-26 08:39:39 - Epoch 22, Model Loss 6.756728434095196, View Loss 4.4830237930896235
03-Aug-26 08:41:22 - Epoch 23, Model Loss 6.754168563418919, View Loss 4.4779310319937915
03-Aug-26 08:43:06 - Epoch 24, Model Loss 6.737444173276814, View Loss 4.464962865792069
03-Aug-26 08:44:49 - Epoch 25, Model Loss 6.746759682698967, View Loss 4.4725930893343255
03-Aug-26 08:44:52 - Epoch 25: Train_acc 0.5310457516339869 Val_acc 0.5294117647058824 Test_acc 0.5340314136125655 Test_auc 0.5063736263736264
03-Aug-26 08:46:35 - Epoch 26, Model Loss 6.7197799308627255, View Loss 4.509857021905239
03-Aug-26 08:48:18 - Epoch 27, Model Loss 6.7090710907979725, View Loss 4.496809756833743
03-Aug-26 08:50:01 - Epoch 28, Model Loss 6.709079053666857, View Loss 4.5160078347898
03-Aug-26 08:51:45 - Epoch 29, Model Loss 6.724909586064956, View Loss 4.476657424876892
03-Aug-26 08:53:28 - Epoch 30, Model Loss 6.67338895174413, View Loss 4.509499568565219
03-Aug-26 08:53:31 - Epoch 30: Train_acc 0.5490196078431373 Val_acc 0.5424836601307189 Test_acc 0.518324607329843 Test_auc 0.5208791208791209
03-Aug-26 08:55:14 - Epoch 31, Model Loss 6.680508841096965, View Loss 4.518303631177915
03-Aug-26 08:56:57 - Epoch 32, Model Loss 6.702072766871234, View Loss 4.5027419476727255
03-Aug-26 08:58:40 - Epoch 33, Model Loss 6.638603210449219, View Loss 4.5319504987180625
03-Aug-26 09:00:23 - Epoch 34, Model Loss 6.6553463842354565, View Loss 4.511890523573932
03-Aug-26 09:02:06 - Epoch 35, Model Loss 6.674492823532204, View Loss 4.509809416103987
03-Aug-26 09:02:09 - Epoch 35: Train_acc 0.5261437908496732 Val_acc 0.5294117647058824 Test_acc 0.5549738219895288 Test_auc 0.5275824175824175
03-Aug-26 09:03:53 - Epoch 36, Model Loss 6.627281058068369, View Loss 4.550130975012686
03-Aug-26 09:05:36 - Epoch 37, Model Loss 6.643951556261848, View Loss 4.498200690824222
03-Aug-26 09:07:20 - Epoch 38, Model Loss 6.686984554614896, View Loss 4.541703934762992
03-Aug-26 09:09:03 - Epoch 39, Model Loss 6.620491909824945, View Loss 4.537289211173463
03-Aug-26 09:10:47 - Epoch 40, Model Loss 6.631575553245794, View Loss 4.539953035466811
03-Aug-26 09:10:50 - Epoch 40: Train_acc 0.5212418300653595 Val_acc 0.5294117647058824 Test_acc 0.5392670157068062 Test_auc 0.5085714285714285
03-Aug-26 09:12:33 - Epoch 41, Model Loss 6.619107735702415, View Loss 4.539501925699072
03-Aug-26 09:14:16 - Epoch 42, Model Loss 6.64203241136339, View Loss 4.501986855774923
03-Aug-26 09:16:00 - Epoch 43, Model Loss 6.584397727367925, View Loss 4.50346918667064
03-Aug-26 09:17:43 - Epoch 44, Model Loss 6.611250973994435, View Loss 4.536205887015349
03-Aug-26 09:19:26 - Epoch 45, Model Loss 6.561231797037561, View Loss 4.5724365041146875
03-Aug-26 09:19:29 - Epoch 45: Train_acc 0.5261437908496732 Val_acc 0.5228758169934641 Test_acc 0.5445026178010471 Test_auc 0.5283516483516484
03-Aug-26 09:21:13 - Epoch 46, Model Loss 6.499284815944098, View Loss 4.636380236133252
03-Aug-26 09:22:56 - Epoch 47, Model Loss 6.592826618867762, View Loss 4.557952965007109
03-Aug-26 09:24:39 - Epoch 48, Model Loss 6.659890243430543, View Loss 4.552925084930619
03-Aug-26 09:26:23 - Epoch 49, Model Loss 6.60774708417506, View Loss 4.520554595523411
03-Aug-26 09:28:06 - Epoch 50, Model Loss 6.552466554579392, View Loss 4.538770834604899
03-Aug-26 09:28:09 - Epoch 50: Train_acc 0.5310457516339869 Val_acc 0.5294117647058824 Test_acc 0.5340314136125655 Test_auc 0.5064835164835164
03-Aug-26 09:29:52 - Epoch 51, Model Loss 6.566869645336874, View Loss 4.502365442662457
03-Aug-26 09:31:36 - Epoch 52, Model Loss 6.486389989167257, View Loss 4.615699366027234
03-Aug-26 09:33:19 - Epoch 53, Model Loss 6.387831656761419, View Loss 4.592142270281424
03-Aug-26 09:35:03 - Epoch 54, Model Loss 6.557877805497911, View Loss 4.761341899049048
03-Aug-26 09:36:46 - Epoch 55, Model Loss 6.651585931092306, View Loss 4.517080447253059
03-Aug-26 09:36:49 - Epoch 55: Train_acc 0.5424836601307189 Val_acc 0.5490196078431373 Test_acc 0.5235602094240838 Test_auc 0.5181318681318682
03-Aug-26 09:38:32 - Epoch 56, Model Loss 6.596931557250179, View Loss 4.576406503814498
03-Aug-26 09:40:16 - Epoch 57, Model Loss 6.506065780041265, View Loss 4.584493422040753
03-Aug-26 09:41:59 - Epoch 58, Model Loss 6.469122737061744, View Loss 4.511897953507168
03-Aug-26 09:43:42 - Epoch 59, Model Loss 6.4586774071836786, View Loss 4.571433939964943
03-Aug-26 09:45:26 - Epoch 60, Model Loss 6.50318695205489, View Loss 4.533575319776348
03-Aug-26 09:45:29 - Epoch 60: Train_acc 0.5359477124183006 Val_acc 0.5424836601307189 Test_acc 0.5235602094240838 Test_auc 0.5180219780219781
03-Aug-26 09:47:12 - Epoch 61, Model Loss 6.484119941985685, View Loss 4.62791749854493
03-Aug-26 09:48:55 - Epoch 62, Model Loss 6.50104414247999, View Loss 4.491093367532967
03-Aug-26 09:50:38 - Epoch 63, Model Loss 6.43272777632171, View Loss 4.610751008675768
03-Aug-26 09:52:21 - Epoch 64, Model Loss 6.452867844525506, View Loss 4.584272001303878
03-Aug-26 09:54:04 - Epoch 65, Model Loss 6.365026075076433, View Loss 4.548097392312841
03-Aug-26 09:54:07 - Epoch 65: Train_acc 0.5245098039215687 Val_acc 0.5294117647058824 Test_acc 0.5445026178010471 Test_auc 0.5297802197802198
03-Aug-26 09:55:50 - Epoch 66, Model Loss 6.531023037979026, View Loss 4.515452593759774
03-Aug-26 09:57:34 - Epoch 67, Model Loss 6.596617807749829, View Loss 4.572920394099616
03-Aug-26 09:59:17 - Epoch 68, Model Loss 6.65710755890491, View Loss 4.591578857571471
03-Aug-26 10:01:00 - Epoch 69, Model Loss 6.485011278414259, View Loss 4.503720492319344
03-Aug-26 10:02:43 - Epoch 70, Model Loss 6.575928136414173, View Loss 4.556587371950835
03-Aug-26 10:02:46 - Epoch 70: Train_acc 0.5245098039215687 Val_acc 0.5294117647058824 Test_acc 0.5445026178010471 Test_auc 0.5295604395604395
03-Aug-26 10:04:30 - Epoch 71, Model Loss 6.451346765156665, View Loss 4.559755393882203
03-Aug-26 10:06:13 - Epoch 72, Model Loss 6.500080083709916, View Loss 4.610440562753117
03-Aug-26 10:07:56 - Epoch 73, Model Loss 6.512272435855242, View Loss 4.547169351889417
03-Aug-26 10:09:40 - Epoch 74, Model Loss 6.429926211537879, View Loss 4.5108209902944125
03-Aug-26 10:11:23 - Epoch 75, Model Loss 6.337654232199675, View Loss 4.443720574472465
03-Aug-26 10:11:26 - Epoch 75: Train_acc 0.5424836601307189 Val_acc 0.5490196078431373 Test_acc 0.5235602094240838 Test_auc 0.518021978021978
03-Aug-26 10:13:09 - Epoch 76, Model Loss 6.477485787634756, View Loss 4.621677161821353
03-Aug-26 10:14:52 - Epoch 77, Model Loss 6.462824871337491, View Loss 4.560943968155804
03-Aug-26 10:16:36 - Epoch 78, Model Loss 6.381611612108019, View Loss 4.544965002271864
03-Aug-26 10:18:19 - Epoch 79, Model Loss 6.375012469447516, View Loss 4.53304973303103
03-Aug-26 10:20:02 - Epoch 80, Model Loss 6.392081067453023, View Loss 4.469185567369648
03-Aug-26 10:20:05 - Epoch 80: Train_acc 0.5261437908496732 Val_acc 0.5294117647058824 Test_acc 0.5445026178010471 Test_auc 0.5283516483516483
03-Aug-26 10:21:48 - Epoch 81, Model Loss 6.403655881196066, View Loss 4.486582837073631
03-Aug-26 10:23:31 - Epoch 82, Model Loss 6.487403897678151, View Loss 4.5465129839828595
03-Aug-26 10:25:14 - Epoch 83, Model Loss 6.461180210113525, View Loss 4.634237959493999
03-Aug-26 10:26:57 - Epoch 84, Model Loss 6.4719992244944855, View Loss 4.51549839194304
03-Aug-26 10:28:41 - Epoch 85, Model Loss 6.425334098292332, View Loss 4.569580424065683
03-Aug-26 10:28:44 - Epoch 85: Train_acc 0.5212418300653595 Val_acc 0.5228758169934641 Test_acc 0.5445026178010471 Test_auc 0.505934065934066
03-Aug-26 10:30:26 - Epoch 86, Model Loss 6.479719657523959, View Loss 4.595502787945318
03-Aug-26 10:32:10 - Epoch 87, Model Loss 6.428997479233087, View Loss 4.541923339070838
03-Aug-26 10:33:53 - Epoch 88, Model Loss 6.346739775215099, View Loss 4.5780835400998985
03-Aug-26 10:35:36 - Epoch 89, Model Loss 6.333726253384858, View Loss 4.533722026675355
03-Aug-26 10:37:19 - Epoch 90, Model Loss 6.384903708314584, View Loss 4.407407050039254
03-Aug-26 10:37:22 - Epoch 90: Train_acc 0.5277777777777778 Val_acc 0.5098039215686274 Test_acc 0.5392670157068062 Test_auc 0.5086813186813186
03-Aug-26 10:39:05 - Epoch 91, Model Loss 6.425870078841066, View Loss 4.4689558315900415
03-Aug-26 10:40:48 - Epoch 92, Model Loss 6.350372052660175, View Loss 4.472525493771422
03-Aug-26 10:42:31 - Epoch 93, Model Loss 6.357211181540895, View Loss 4.517342726389567
03-Aug-26 10:44:14 - Epoch 94, Model Loss 6.498420637417463, View Loss 4.490929086223926
03-Aug-26 10:45:57 - Epoch 95, Model Loss 6.379340860578749, View Loss 4.468695868074504
03-Aug-26 10:46:00 - Epoch 95: Train_acc 0.5196078431372549 Val_acc 0.5947712418300654 Test_acc 0.5549738219895288 Test_auc 0.5165934065934066
03-Aug-26 10:47:43 - Epoch 96, Model Loss 6.434100356756472, View Loss 4.50563640843809
03-Aug-26 10:49:27 - Epoch 97, Model Loss 6.379546770083359, View Loss 4.47027006336287
03-Aug-26 10:51:10 - Epoch 98, Model Loss 6.392573521807303, View Loss 4.420205206652872
03-Aug-26 10:52:53 - Epoch 99, Model Loss 6.330536331226623, View Loss 4.55116158840703
03-Aug-26 10:54:36 - Epoch 100, Model Loss 6.380262564989477, View Loss 4.652225167143579
03-Aug-26 10:54:39 - Epoch 100: Train_acc 0.5441176470588235 Val_acc 0.5490196078431373 Test_acc 0.518324607329843 Test_auc 0.5203296703296704
03-Aug-26 10:54:39 - FinishedTraining! BestEpoch (eval-interval index): 18
03-Aug-26 10:54:39 - Wrote /users/3171356m/muhammad/GraSTIACL/nested_cv/results/nocombat__emb128_bs128__fold1.json
03-Aug-26 10:54:39 - {
  "emb_dim": 128,
  "batch_size": 128,
  "fold": 1,
  "combat": false,
  "n_train": 612,
  "n_val": 153,
  "n_test": 191,
  "best_val_epoch_idx": 18,
  "train_accuracy": 0.5196078431372549,
  "val_accuracy": 0.5947712418300654,
  "test_accuracy": 0.5549738219895288,
  "train_f1": 0.4,
  "val_f1": 0.5373134328358209,
  "test_f1": 0.4217687074829932,
  "train_sensitivity": 0.3367697582928874,
  "val_sensitivity": 0.4931506781760181,
  "test_sensitivity": 0.34065933691583145,
  "train_specificity": 0.6853582533166409,
  "val_specificity": 0.6874999914062502,
  "test_specificity": 0.7499999925,
  "train_precision": 0.49246231155778897,
  "val_precision": 0.5901639344262295,
  "test_precision": 0.5535714285714286,
  "test_auc": 0.5165934065934066
}
