04-Aug-26 00:16:09 - Using Device: cuda
04-Aug-26 00:16:09 - Seed: 123, Fold: 4, ComBat: True
04-Aug-26 00:16:09 - Namespace(fold=4, combat=True, num_dyn_windows=3, model_lr=0.0005, view_lr=0.0005, num_gc_layers=1, pooling_type='standard', emb_dim=256, vib_hidden_dim=400, batch_size=128, drop_ratio=0.3, epochs=100, kld_lambda=0.003, eval_interval=5, downstream_classifier='linear', ce_lambda=2.0, seed=123)
04-Aug-26 00:16:09 - Loading raw subject data...
04-Aug-26 00:16:16 - Loaded 956 subjects (455 ASD, 501 NC)
04-Aug-26 00:16:17 - Train/Val/Test sizes: 612/153/191
04-Aug-26 00:18:05 - Epoch 1, Model Loss 6.849134227029638, View Loss -5.7932379978155
04-Aug-26 00:19:52 - Epoch 2, Model Loss 6.652915817460204, View Loss -3.1144948286168717
04-Aug-26 00:21:38 - Epoch 3, Model Loss 6.693190749174629, View Loss 1.7458846771639156
04-Aug-26 00:23:24 - Epoch 4, Model Loss 6.941841387281231, View Loss 2.6468490759531655
04-Aug-26 00:25:09 - Epoch 5, Model Loss 6.989265320347805, View Loss 3.07718706754298
04-Aug-26 00:25:12 - Epoch 5: Train_acc 0.5375816993464052 Val_acc 0.477124183006536 Test_acc 0.5130890052356021 Test_auc 0.4787912087912088
04-Aug-26 00:27:03 - Epoch 6, Model Loss 6.5620849272784065, View Loss 2.9794257232566284
04-Aug-26 00:28:50 - Epoch 7, Model Loss 6.559181543736676, View Loss 3.145080120734919
04-Aug-26 00:30:36 - Epoch 8, Model Loss 6.51037824543473, View Loss 3.1648349606133754
04-Aug-26 00:32:21 - Epoch 9, Model Loss 6.548709305283291, View Loss 3.2969673973282956
04-Aug-26 00:34:06 - Epoch 10, Model Loss 6.564488707025067, View Loss 3.4942633061627157
04-Aug-26 00:34:10 - Epoch 10: Train_acc 0.5375816993464052 Val_acc 0.49019607843137253 Test_acc 0.5130890052356021 Test_auc 0.47813186813186814
04-Aug-26 00:35:55 - Epoch 11, Model Loss 6.452985560971927, View Loss 3.601941068188038
04-Aug-26 00:37:41 - Epoch 12, Model Loss 6.6165723177342635, View Loss 3.969511187933629
04-Aug-26 00:39:27 - Epoch 13, Model Loss 6.616612665014329, View Loss 4.059063704185236
04-Aug-26 00:41:12 - Epoch 14, Model Loss 6.6912407158247005, View Loss 4.265363269382053
04-Aug-26 00:42:57 - Epoch 15, Model Loss 6.59206028545604, View Loss 4.267853283414654
04-Aug-26 00:43:00 - Epoch 15: Train_acc 0.5375816993464052 Val_acc 0.477124183006536 Test_acc 0.5130890052356021 Test_auc 0.4787912087912088
04-Aug-26 00:44:50 - Epoch 16, Model Loss 6.546486530428618, View Loss 4.24449534198038
04-Aug-26 00:46:37 - Epoch 17, Model Loss 6.634188723719977, View Loss 4.252638904097813
04-Aug-26 00:48:23 - Epoch 18, Model Loss 6.5868167752533955, View Loss 4.3122109213685675
04-Aug-26 00:50:09 - Epoch 19, Model Loss 6.635146764368793, View Loss 4.254544697555841
04-Aug-26 00:51:54 - Epoch 20, Model Loss 6.609486162272933, View Loss 4.238779650794135
04-Aug-26 00:51:57 - Epoch 20: Train_acc 0.5359477124183006 Val_acc 0.47058823529411764 Test_acc 0.5130890052356021 Test_auc 0.47846153846153844
04-Aug-26 00:53:47 - Epoch 21, Model Loss 6.579222616806529, View Loss 4.231743292091719
04-Aug-26 00:55:34 - Epoch 22, Model Loss 6.6348075305714325, View Loss 4.333081806407256
04-Aug-26 00:57:20 - Epoch 23, Model Loss 6.581829928105174, View Loss 4.309961923586777
04-Aug-26 00:59:05 - Epoch 24, Model Loss 6.576765945534301, View Loss 4.287427631078982
04-Aug-26 01:00:49 - Epoch 25, Model Loss 6.533740987964705, View Loss 4.263347744162566
04-Aug-26 01:00:52 - Epoch 25: Train_acc 0.5310457516339869 Val_acc 0.477124183006536 Test_acc 0.5602094240837696 Test_auc 0.4820879120879121
04-Aug-26 01:02:43 - Epoch 26, Model Loss 6.578683510325313, View Loss 4.321260265275543
04-Aug-26 01:04:30 - Epoch 27, Model Loss 6.556619718963025, View Loss 4.319668916315814
04-Aug-26 01:06:17 - Epoch 28, Model Loss 6.541545737023447, View Loss 4.262526434231428
04-Aug-26 01:08:03 - Epoch 29, Model Loss 6.58613045698677, View Loss 4.309503321554146
04-Aug-26 01:09:48 - Epoch 30, Model Loss 6.512887474758173, View Loss 4.308178870506536
04-Aug-26 01:09:51 - Epoch 30: Train_acc 0.5294117647058824 Val_acc 0.49019607843137253 Test_acc 0.5130890052356021 Test_auc 0.47516483516483515
04-Aug-26 01:11:36 - Epoch 31, Model Loss 6.594829447129193, View Loss 4.371549313364465
04-Aug-26 01:13:20 - Epoch 32, Model Loss 6.527985700594834, View Loss 4.3548507378771415
04-Aug-26 01:15:04 - Epoch 33, Model Loss 6.593666008095336, View Loss 4.407604124031815
04-Aug-26 01:16:48 - Epoch 34, Model Loss 6.540667658537821, View Loss 4.350281556447347
04-Aug-26 01:18:32 - Epoch 35, Model Loss 6.525055660920985, View Loss 4.398048469443727
04-Aug-26 01:18:35 - Epoch 35: Train_acc 0.5261437908496732 Val_acc 0.49019607843137253 Test_acc 0.5235602094240838 Test_auc 0.47945054945054943
04-Aug-26 01:20:20 - Epoch 36, Model Loss 6.54905256258896, View Loss 4.326839194578283
04-Aug-26 01:22:03 - Epoch 37, Model Loss 6.485555729834862, View Loss 4.288659638049555
04-Aug-26 01:23:45 - Epoch 38, Model Loss 6.487906237832861, View Loss 4.297043660107781
04-Aug-26 01:25:28 - Epoch 39, Model Loss 6.4751208934908595, View Loss 4.315520900526857
04-Aug-26 01:27:10 - Epoch 40, Model Loss 6.405677078596128, View Loss 4.326938535652909
04-Aug-26 01:27:13 - Epoch 40: Train_acc 0.5375816993464052 Val_acc 0.477124183006536 Test_acc 0.5130890052356021 Test_auc 0.4787912087912088
04-Aug-26 01:28:55 - Epoch 41, Model Loss 6.571610313614989, View Loss 4.351156889223585
04-Aug-26 01:30:37 - Epoch 42, Model Loss 6.544494485543444, View Loss 4.404221874436522
04-Aug-26 01:32:19 - Epoch 43, Model Loss 6.4150241184857935, View Loss 4.352365761800529
04-Aug-26 01:34:01 - Epoch 44, Model Loss 6.415771066752914, View Loss 4.319050844977884
04-Aug-26 01:35:43 - Epoch 45, Model Loss 6.447421048980912, View Loss 4.263926016738991
04-Aug-26 01:35:46 - Epoch 45: Train_acc 0.5375816993464052 Val_acc 0.49019607843137253 Test_acc 0.518324607329843 Test_auc 0.4779120879120879
04-Aug-26 01:37:28 - Epoch 46, Model Loss 6.468195550581989, View Loss 4.373450160805696
04-Aug-26 01:39:10 - Epoch 47, Model Loss 6.557919817033157, View Loss 4.437286171258664
04-Aug-26 01:40:52 - Epoch 48, Model Loss 6.486177671968547, View Loss 4.4028877837985165
04-Aug-26 01:42:34 - Epoch 49, Model Loss 6.459389038335264, View Loss 4.365729369369208
04-Aug-26 01:44:15 - Epoch 50, Model Loss 6.45784346262614, View Loss 4.321590545130711
04-Aug-26 01:44:18 - Epoch 50: Train_acc 0.5310457516339869 Val_acc 0.5163398692810458 Test_acc 0.5130890052356021 Test_auc 0.4735164835164835
04-Aug-26 01:46:00 - Epoch 51, Model Loss 6.4253414440778345, View Loss 4.401468252044877
04-Aug-26 01:47:42 - Epoch 52, Model Loss 6.459119734421275, View Loss 4.313576383528367
04-Aug-26 01:49:23 - Epoch 53, Model Loss 6.404269710864896, View Loss 4.369351330925436
04-Aug-26 01:51:05 - Epoch 54, Model Loss 6.410470513736501, View Loss 4.365150688520444
04-Aug-26 01:52:46 - Epoch 55, Model Loss 6.343642262851491, View Loss 4.363675831190122
04-Aug-26 01:52:49 - Epoch 55: Train_acc 0.5359477124183006 Val_acc 0.48366013071895425 Test_acc 0.518324607329843 Test_auc 0.47791208791208784
04-Aug-26 01:54:31 - Epoch 56, Model Loss 6.525698830099667, View Loss 4.383917322345808
04-Aug-26 01:56:13 - Epoch 57, Model Loss 6.573992885016148, View Loss 4.4165007460351084
04-Aug-26 01:57:55 - Epoch 58, Model Loss 6.42848242965399, View Loss 4.398019550672544
04-Aug-26 01:59:37 - Epoch 59, Model Loss 6.4656019958795286, View Loss 4.380248094695846
04-Aug-26 02:01:18 - Epoch 60, Model Loss 6.477984702665042, View Loss 4.485092247233672
04-Aug-26 02:01:22 - Epoch 60: Train_acc 0.5310457516339869 Val_acc 0.477124183006536 Test_acc 0.5130890052356021 Test_auc 0.4782417582417583
04-Aug-26 02:03:03 - Epoch 61, Model Loss 6.389009198332144, View Loss 4.406567885205637
04-Aug-26 02:04:45 - Epoch 62, Model Loss 6.31976761849098, View Loss 4.385853022531746
04-Aug-26 02:06:26 - Epoch 63, Model Loss 6.351067072425792, View Loss 4.4123908678690595
04-Aug-26 02:08:08 - Epoch 64, Model Loss 6.384758650087843, View Loss 4.463151885013954
04-Aug-26 02:09:49 - Epoch 65, Model Loss 6.38393263723336, View Loss 4.3549503999597885
04-Aug-26 02:09:52 - Epoch 65: Train_acc 0.5359477124183006 Val_acc 0.477124183006536 Test_acc 0.5130890052356021 Test_auc 0.47912087912087914
04-Aug-26 02:11:33 - Epoch 66, Model Loss 6.401197308808371, View Loss 4.446956182616988
04-Aug-26 02:13:15 - Epoch 67, Model Loss 6.359960599662432, View Loss 4.309420725878547
04-Aug-26 02:14:57 - Epoch 68, Model Loss 6.44707057055305, View Loss 4.38838129417569
04-Aug-26 02:16:38 - Epoch 69, Model Loss 6.393841671787835, View Loss 4.416268432841582
04-Aug-26 02:18:20 - Epoch 70, Model Loss 6.444146739112006, View Loss 4.448555977515925
04-Aug-26 02:18:22 - Epoch 70: Train_acc 0.5359477124183006 Val_acc 0.48366013071895425 Test_acc 0.518324607329843 Test_auc 0.47758241758241754
04-Aug-26 02:20:04 - Epoch 71, Model Loss 6.477832579145245, View Loss 4.4068878335890425
04-Aug-26 02:21:46 - Epoch 72, Model Loss 6.3850661009744885, View Loss 4.440388791701373
04-Aug-26 02:23:28 - Epoch 73, Model Loss 6.3098572562722595, View Loss 4.4201447698805065
04-Aug-26 02:25:10 - Epoch 74, Model Loss 6.3846762632232865, View Loss 4.365313399071787
04-Aug-26 02:26:52 - Epoch 75, Model Loss 6.384572188059489, View Loss 4.394962111329721
04-Aug-26 02:26:55 - Epoch 75: Train_acc 0.5294117647058824 Val_acc 0.49019607843137253 Test_acc 0.5340314136125655 Test_auc 0.48065934065934063
04-Aug-26 02:28:36 - Epoch 76, Model Loss 6.385075176463408, View Loss 4.405407213697247
04-Aug-26 02:30:18 - Epoch 77, Model Loss 6.305746246786678, View Loss 4.365377856235878
04-Aug-26 02:32:00 - Epoch 78, Model Loss 6.351811321732265, View Loss 4.446632288639842
04-Aug-26 02:33:41 - Epoch 79, Model Loss 6.3058451016743975, View Loss 4.3914579379013166
04-Aug-26 02:35:23 - Epoch 80, Model Loss 6.337263761782179, View Loss 4.4120673260657615
04-Aug-26 02:35:26 - Epoch 80: Train_acc 0.5359477124183006 Val_acc 0.48366013071895425 Test_acc 0.518324607329843 Test_auc 0.47725274725274724
04-Aug-26 02:37:08 - Epoch 81, Model Loss 6.292296073015998, View Loss 4.425500193452524
04-Aug-26 02:38:49 - Epoch 82, Model Loss 6.289389130336787, View Loss 4.2885872242497465
04-Aug-26 02:40:31 - Epoch 83, Model Loss 6.381131094265608, View Loss 4.401474553775164
04-Aug-26 02:42:12 - Epoch 84, Model Loss 6.449766751208337, View Loss 4.357070062674728
04-Aug-26 02:43:54 - Epoch 85, Model Loss 6.430924119513019, View Loss 4.452354643079969
04-Aug-26 02:43:56 - Epoch 85: Train_acc 0.5359477124183006 Val_acc 0.48366013071895425 Test_acc 0.518324607329843 Test_auc 0.47769230769230764
04-Aug-26 02:45:38 - Epoch 86, Model Loss 6.398153192856732, View Loss 4.432428874221503
04-Aug-26 02:47:19 - Epoch 87, Model Loss 6.353347631840924, View Loss 4.390480739618439
04-Aug-26 02:49:01 - Epoch 88, Model Loss 6.382329548106474, View Loss 4.404600405225567
04-Aug-26 02:50:42 - Epoch 89, Model Loss 6.36853614507937, View Loss 4.407444963268206
04-Aug-26 02:52:24 - Epoch 90, Model Loss 6.347081938600229, View Loss 4.422839638454462
04-Aug-26 02:52:27 - Epoch 90: Train_acc 0.5310457516339869 Val_acc 0.477124183006536 Test_acc 0.5602094240837696 Test_auc 0.4821978021978023
04-Aug-26 02:54:09 - Epoch 91, Model Loss 6.311840406430313, View Loss 4.420349747526879
04-Aug-26 02:55:50 - Epoch 92, Model Loss 6.336344647251702, View Loss 4.3672643112980465
04-Aug-26 02:57:32 - Epoch 93, Model Loss 6.300219230402529, View Loss 4.441678583232406
04-Aug-26 02:59:14 - Epoch 94, Model Loss 6.285167756423451, View Loss 4.390052461935804
04-Aug-26 03:00:55 - Epoch 95, Model Loss 6.345605145872029, View Loss 4.404886881510417
04-Aug-26 03:00:58 - Epoch 95: Train_acc 0.5359477124183006 Val_acc 0.48366013071895425 Test_acc 0.518324607329843 Test_auc 0.47758241758241754
04-Aug-26 03:02:40 - Epoch 96, Model Loss 6.336841016033896, View Loss 4.428389764299579
04-Aug-26 03:04:22 - Epoch 97, Model Loss 6.425139015796137, View Loss 4.4823218295776766
04-Aug-26 03:06:04 - Epoch 98, Model Loss 6.336446911680932, View Loss 4.543433083428277
04-Aug-26 03:07:46 - Epoch 99, Model Loss 6.380773142272351, View Loss 4.412695248921712
04-Aug-26 03:09:27 - Epoch 100, Model Loss 6.358877375234965, View Loss 4.533159224815618
04-Aug-26 03:09:30 - Epoch 100: Train_acc 0.5326797385620915 Val_acc 0.49673202614379086 Test_acc 0.5235602094240838 Test_auc 0.47780219780219785
04-Aug-26 03:09:30 - FinishedTraining! BestEpoch (eval-interval index): 9
04-Aug-26 03:09:30 - Wrote /users/3171356m/muhammad/GraSTIACL/nested_cv/results/combat__emb256_bs128__fold4.json
04-Aug-26 03:09:30 - {
  "emb_dim": 256,
  "batch_size": 128,
  "fold": 4,
  "combat": true,
  "n_train": 612,
  "n_val": 153,
  "n_test": 191,
  "best_val_epoch_idx": 9,
  "train_accuracy": 0.5310457516339869,
  "val_accuracy": 0.5163398692810458,
  "test_accuracy": 0.5130890052356021,
  "train_f1": 0.4448742746615087,
  "val_f1": 0.4307692307692308,
  "test_f1": 0.40764331210191085,
  "train_sensitivity": 0.3951890020783883,
  "val_sensitivity": 0.38356163858134745,
  "test_sensitivity": 0.3516483477840841,
  "train_specificity": 0.6542056054386118,
  "val_specificity": 0.6374999920312501,
  "test_specificity": 0.6599999934,
  "train_precision": 0.5088495575221239,
  "val_precision": 0.49122807017543857,
  "test_precision": 0.48484848484848486,
  "test_auc": 0.4735164835164835
}
