Task 23: emb_dim=128 batch_size=128 fold=3 combat=no
The Zen of Python, by Tim Peters

Beautiful is better than ugly.
Explicit is better than implicit.
Simple is better than complex.
Complex is better than complicated.
Flat is better than nested.
Sparse is better than dense.
Readability counts.
Special cases aren't special enough to break the rules.
Although practicality beats purity.
Errors should never pass silently.
Unless explicitly silenced.
In the face of ambiguity, refuse the temptation to guess.
There should be one-- and preferably only one --obvious way to do it.
Although that way may not be obvious at first unless you're Dutch.
Now is better than never.
Although never is often better than *right* now.
If the implementation is hard to explain, it's a bad idea.
If the implementation is easy to explain, it may be a good idea.
Namespaces are one honking great idea -- let's do more of those!
validation time cost : 0.23279 sec
validation time cost : 0.21171 sec
validation time cost : 0.20122 sec
validation time cost : 0.20081 sec
validation time cost : 0.20058 sec
validation time cost : 0.19690 sec
validation time cost : 0.19974 sec
validation time cost : 0.19392 sec
validation time cost : 0.19729 sec
validation time cost : 0.19357 sec
validation time cost : 0.19519 sec
validation time cost : 0.19543 sec
validation time cost : 0.19646 sec
validation time cost : 0.19716 sec
validation time cost : 0.19878 sec
validation time cost : 0.19738 sec
validation time cost : 0.19359 sec
validation time cost : 0.19618 sec
validation time cost : 0.19294 sec
validation time cost : 0.19569 sec
