Task 12: emb_dim=256 batch_size=32 fold=2 combat=no
The Zen of Python, by Tim Peters

Beautiful is better than ugly.
Explicit is better than implicit.
Simple is better than complex.
Complex is better than complicated.
Flat is better than nested.
Sparse is better than dense.
Readability counts.
Special cases aren't special enough to break the rules.
Although practicality beats purity.
Errors should never pass silently.
Unless explicitly silenced.
In the face of ambiguity, refuse the temptation to guess.
There should be one-- and preferably only one --obvious way to do it.
Although that way may not be obvious at first unless you're Dutch.
Now is better than never.
Although never is often better than *right* now.
If the implementation is hard to explain, it's a bad idea.
If the implementation is easy to explain, it may be a good idea.
Namespaces are one honking great idea -- let's do more of those!
validation time cost : 0.21396 sec
validation time cost : 0.18744 sec
validation time cost : 0.16692 sec
validation time cost : 0.17189 sec
validation time cost : 0.22354 sec
validation time cost : 0.21532 sec
validation time cost : 0.21606 sec
validation time cost : 0.15729 sec
validation time cost : 0.16102 sec
validation time cost : 0.20283 sec
validation time cost : 0.20989 sec
validation time cost : 0.20543 sec
validation time cost : 0.15342 sec
validation time cost : 0.13459 sec
validation time cost : 0.13621 sec
validation time cost : 0.13623 sec
validation time cost : 0.13592 sec
validation time cost : 0.13745 sec
validation time cost : 0.13682 sec
validation time cost : 0.13687 sec
