03-Aug-26 05:08:27 - Using Device: cuda
03-Aug-26 05:08:27 - Seed: 123, Fold: 4, ComBat: False
03-Aug-26 05:08:27 - Namespace(fold=4, combat=False, num_dyn_windows=3, model_lr=0.0005, view_lr=0.0005, num_gc_layers=1, pooling_type='standard', emb_dim=256, vib_hidden_dim=400, batch_size=32, drop_ratio=0.3, epochs=100, kld_lambda=0.003, eval_interval=5, downstream_classifier='linear', ce_lambda=2.0, seed=123)
03-Aug-26 05:08:27 - Loading raw subject data...
03-Aug-26 05:08:30 - Loaded 956 subjects (455 ASD, 501 NC)
03-Aug-26 05:08:30 - Train/Val/Test sizes: 612/153/191
03-Aug-26 05:10:16 - Epoch 1, Model Loss 5.794034926719915, View Loss -2.547041947545569
03-Aug-26 05:12:01 - Epoch 2, Model Loss 5.524374009737002, View Loss 1.753026244687099
03-Aug-26 05:13:46 - Epoch 3, Model Loss 5.38046081705031, View Loss 2.0760761974683772
03-Aug-26 05:15:31 - Epoch 4, Model Loss 5.388342357149311, View Loss 2.579254592945373
03-Aug-26 05:17:16 - Epoch 5, Model Loss 5.367107157613717, View Loss 2.8150515821244984
03-Aug-26 05:17:19 - Epoch 5: Train_acc 0.5408496732026143 Val_acc 0.49019607843137253 Test_acc 0.5130890052356021 Test_auc 0.514065934065934
03-Aug-26 05:19:05 - Epoch 6, Model Loss 5.3673034555771775, View Loss 2.957101903709711
03-Aug-26 05:20:50 - Epoch 7, Model Loss 5.3540287609972985, View Loss 2.9935481945673623
03-Aug-26 05:22:35 - Epoch 8, Model Loss 5.358406571780934, View Loss 3.0132759832868388
03-Aug-26 05:24:20 - Epoch 9, Model Loss 5.38483763987722, View Loss 3.082387122063855
03-Aug-26 05:26:04 - Epoch 10, Model Loss 5.349420845119003, View Loss 3.0938505148575977
03-Aug-26 05:26:07 - Epoch 10: Train_acc 0.5441176470588235 Val_acc 0.5098039215686274 Test_acc 0.5130890052356021 Test_auc 0.5117582417582417
03-Aug-26 05:27:53 - Epoch 11, Model Loss 5.324027990204057, View Loss 3.0588966709336423
03-Aug-26 05:29:36 - Epoch 12, Model Loss 5.280684525670569, View Loss 3.087810346503663
03-Aug-26 05:31:19 - Epoch 13, Model Loss 5.329154048869812, View Loss 3.1147524383332996
03-Aug-26 05:33:01 - Epoch 14, Model Loss 5.249573021932365, View Loss 3.10145999013988
03-Aug-26 05:34:44 - Epoch 15, Model Loss 5.234765517166237, View Loss 3.125201699780483
03-Aug-26 05:34:47 - Epoch 15: Train_acc 0.5375816993464052 Val_acc 0.49019607843137253 Test_acc 0.518324607329843 Test_auc 0.514065934065934
03-Aug-26 05:36:30 - Epoch 16, Model Loss 5.249517194585862, View Loss 3.1205839744580337
03-Aug-26 05:38:12 - Epoch 17, Model Loss 5.306927294512979, View Loss 3.1442489994117637
03-Aug-26 05:39:55 - Epoch 18, Model Loss 5.1866164737277565, View Loss 3.1442989165486854
03-Aug-26 05:41:37 - Epoch 19, Model Loss 5.257538078657163, View Loss 3.1862141431546678
03-Aug-26 05:43:20 - Epoch 20, Model Loss 5.243522305893742, View Loss 3.138054346337038
03-Aug-26 05:43:23 - Epoch 20: Train_acc 0.5441176470588235 Val_acc 0.47058823529411764 Test_acc 0.5392670157068062 Test_auc 0.5225274725274726
03-Aug-26 05:45:05 - Epoch 21, Model Loss 5.206294742285037, View Loss 3.14568868337893
03-Aug-26 05:46:47 - Epoch 22, Model Loss 5.231264815610998, View Loss 3.1650106770540374
03-Aug-26 05:48:29 - Epoch 23, Model Loss 5.195112021140803, View Loss 3.154404253741495
03-Aug-26 05:50:11 - Epoch 24, Model Loss 5.151754676906112, View Loss 3.1313258129007675
03-Aug-26 05:51:53 - Epoch 25, Model Loss 5.152015192056793, View Loss 3.1609696948450376
03-Aug-26 05:51:56 - Epoch 25: Train_acc 0.5424836601307189 Val_acc 0.5032679738562091 Test_acc 0.5130890052356021 Test_auc 0.5113186813186813
03-Aug-26 05:53:39 - Epoch 26, Model Loss 5.177558880226285, View Loss 3.1541585221010098
03-Aug-26 05:55:21 - Epoch 27, Model Loss 5.165013450423097, View Loss 3.136870838847815
03-Aug-26 05:57:03 - Epoch 28, Model Loss 5.255338844910167, View Loss 3.1552535435732674
03-Aug-26 05:58:46 - Epoch 29, Model Loss 5.136837332856421, View Loss 3.1372638870688045
03-Aug-26 06:00:28 - Epoch 30, Model Loss 5.1172769926731885, View Loss 3.2333577754450777
03-Aug-26 06:00:31 - Epoch 30: Train_acc 0.5392156862745098 Val_acc 0.5032679738562091 Test_acc 0.5130890052356021 Test_auc 0.5114285714285713
03-Aug-26 06:02:13 - Epoch 31, Model Loss 5.069325849121692, View Loss 3.1563975966833775
03-Aug-26 06:03:56 - Epoch 32, Model Loss 5.203195702795889, View Loss 3.1218309285593966
03-Aug-26 06:05:38 - Epoch 33, Model Loss 5.106506341423085, View Loss 3.2141882118835947
03-Aug-26 06:07:20 - Epoch 34, Model Loss 5.147453301872304, View Loss 3.207992566956414
03-Aug-26 06:09:02 - Epoch 35, Model Loss 5.145040287691004, View Loss 3.2125581900278726
03-Aug-26 06:09:05 - Epoch 35: Train_acc 0.5441176470588235 Val_acc 0.5098039215686274 Test_acc 0.5130890052356021 Test_auc 0.511978021978022
03-Aug-26 06:10:48 - Epoch 36, Model Loss 5.126268619026234, View Loss 3.205559920641332
03-Aug-26 06:12:30 - Epoch 37, Model Loss 5.054751491234972, View Loss 3.1579033490879085
03-Aug-26 06:14:12 - Epoch 38, Model Loss 5.065409213109733, View Loss 3.171751322699528
03-Aug-26 06:15:55 - Epoch 39, Model Loss 5.091795706281475, View Loss 3.1904436248579837
03-Aug-26 06:17:37 - Epoch 40, Model Loss 5.108110385782578, View Loss 3.190050035130744
03-Aug-26 06:17:40 - Epoch 40: Train_acc 0.5326797385620915 Val_acc 0.47058823529411764 Test_acc 0.5340314136125655 Test_auc 0.5285714285714286
03-Aug-26 06:19:22 - Epoch 41, Model Loss 5.145857181424409, View Loss 3.1682067322575187
03-Aug-26 06:21:04 - Epoch 42, Model Loss 5.091329057232227, View Loss 3.1483993413401583
03-Aug-26 06:22:47 - Epoch 43, Model Loss 5.0618435448291255, View Loss 3.1867664499220507
03-Aug-26 06:24:29 - Epoch 44, Model Loss 5.035841863918928, View Loss 3.1316730703403746
03-Aug-26 06:26:11 - Epoch 45, Model Loss 5.077506243013868, View Loss 3.160342980444042
03-Aug-26 06:26:14 - Epoch 45: Train_acc 0.5245098039215687 Val_acc 0.49673202614379086 Test_acc 0.5287958115183246 Test_auc 0.511978021978022
03-Aug-26 06:27:56 - Epoch 46, Model Loss 5.124388665155648, View Loss 3.206007609959521
03-Aug-26 06:29:39 - Epoch 47, Model Loss 5.094917030895457, View Loss 3.216137259614234
03-Aug-26 06:31:21 - Epoch 48, Model Loss 5.060251485288533, View Loss 3.1846449184261894
03-Aug-26 06:33:03 - Epoch 49, Model Loss 5.057266977098253, View Loss 3.163786928248561
03-Aug-26 06:34:46 - Epoch 50, Model Loss 5.02658061108558, View Loss 3.1840003366563834
03-Aug-26 06:34:49 - Epoch 50: Train_acc 0.5441176470588235 Val_acc 0.5098039215686274 Test_acc 0.5130890052356021 Test_auc 0.511978021978022
03-Aug-26 06:36:31 - Epoch 51, Model Loss 5.070168435963151, View Loss 3.0517527967496636
03-Aug-26 06:38:13 - Epoch 52, Model Loss 5.042187146891177, View Loss 3.1552257502780243
03-Aug-26 06:39:56 - Epoch 53, Model Loss 5.092820142608842, View Loss 3.2338989715950164
03-Aug-26 06:41:38 - Epoch 54, Model Loss 5.098465519013748, View Loss 3.2433321869451235
03-Aug-26 06:43:21 - Epoch 55, Model Loss 5.044198516147588, View Loss 3.20574652992822
03-Aug-26 06:43:24 - Epoch 55: Train_acc 0.5441176470588235 Val_acc 0.5098039215686274 Test_acc 0.5130890052356021 Test_auc 0.5114285714285715
03-Aug-26 06:45:06 - Epoch 56, Model Loss 5.095643372317545, View Loss 3.256519602794273
03-Aug-26 06:46:49 - Epoch 57, Model Loss 5.022390733357349, View Loss 3.143790423090941
03-Aug-26 06:48:32 - Epoch 58, Model Loss 5.057946183323081, View Loss 3.2139069457459293
03-Aug-26 06:50:14 - Epoch 59, Model Loss 5.00398327010909, View Loss 3.1832025752348057
03-Aug-26 06:51:56 - Epoch 60, Model Loss 5.0045228113535964, View Loss 3.2000392005334493
03-Aug-26 06:51:59 - Epoch 60: Train_acc 0.5359477124183006 Val_acc 0.477124183006536 Test_acc 0.5340314136125655 Test_auc 0.5286813186813186
03-Aug-26 06:53:42 - Epoch 61, Model Loss 5.007056504293205, View Loss 3.149387147691515
03-Aug-26 06:55:24 - Epoch 62, Model Loss 5.131873660617405, View Loss 3.1126760341762716
03-Aug-26 06:57:06 - Epoch 63, Model Loss 5.021026550554762, View Loss 3.228529799997417
03-Aug-26 06:58:48 - Epoch 64, Model Loss 5.058425473231895, View Loss 3.169833739988165
03-Aug-26 07:00:31 - Epoch 65, Model Loss 5.009715295305439, View Loss 3.176176989000607
03-Aug-26 07:00:34 - Epoch 65: Train_acc 0.5392156862745098 Val_acc 0.5032679738562091 Test_acc 0.5130890052356021 Test_auc 0.5114285714285713
03-Aug-26 07:02:16 - Epoch 66, Model Loss 5.006609690734764, View Loss 3.155630958625694
03-Aug-26 07:03:59 - Epoch 67, Model Loss 4.98737967871373, View Loss 3.164059993488337
03-Aug-26 07:05:41 - Epoch 68, Model Loss 4.981209514966977, View Loss 3.1608366177362552
03-Aug-26 07:07:23 - Epoch 69, Model Loss 5.086766386343763, View Loss 3.3298626066812504
03-Aug-26 07:09:06 - Epoch 70, Model Loss 5.014567406348933, View Loss 3.1741999196850395
03-Aug-26 07:09:09 - Epoch 70: Train_acc 0.5261437908496732 Val_acc 0.477124183006536 Test_acc 0.5287958115183246 Test_auc 0.5293406593406593
03-Aug-26 07:10:51 - Epoch 71, Model Loss 4.990112317153831, View Loss 3.206147603739321
03-Aug-26 07:12:34 - Epoch 72, Model Loss 5.064277212604199, View Loss 3.2278537165884877
03-Aug-26 07:14:16 - Epoch 73, Model Loss 4.981958468755086, View Loss 3.187595293023228
03-Aug-26 07:15:58 - Epoch 74, Model Loss 5.04689215990453, View Loss 3.1858031169261807
03-Aug-26 07:17:40 - Epoch 75, Model Loss 5.049181183958365, View Loss 3.1514098823460097
03-Aug-26 07:17:43 - Epoch 75: Train_acc 0.5310457516339869 Val_acc 0.48366013071895425 Test_acc 0.5287958115183246 Test_auc 0.5223076923076924
03-Aug-26 07:19:26 - Epoch 76, Model Loss 5.128283848170361, View Loss 3.290172857396743
03-Aug-26 07:21:08 - Epoch 77, Model Loss 5.036540255827062, View Loss 3.2685071572758795
03-Aug-26 07:22:51 - Epoch 78, Model Loss 4.93038248859979, View Loss 3.193704366294387
03-Aug-26 07:24:33 - Epoch 79, Model Loss 5.1250609728245955, View Loss 3.2077236440446644
03-Aug-26 07:26:15 - Epoch 80, Model Loss 5.045237418093713, View Loss 3.1868609299067576
03-Aug-26 07:26:18 - Epoch 80: Train_acc 0.5245098039215687 Val_acc 0.49673202614379086 Test_acc 0.5287958115183246 Test_auc 0.5120879120879122
03-Aug-26 07:28:01 - Epoch 81, Model Loss 5.013353626712475, View Loss 3.019744808377783
03-Aug-26 07:29:43 - Epoch 82, Model Loss 4.921728548660777, View Loss 3.1087877867268583
03-Aug-26 07:31:26 - Epoch 83, Model Loss 4.945230128718357, View Loss 3.14335255217708
03-Aug-26 07:33:08 - Epoch 84, Model Loss 4.999311584273195, View Loss 3.1295216243251476
03-Aug-26 07:34:51 - Epoch 85, Model Loss 5.094955353955038, View Loss 3.1911916958740334
03-Aug-26 07:34:54 - Epoch 85: Train_acc 0.5245098039215687 Val_acc 0.49673202614379086 Test_acc 0.5287958115183246 Test_auc 0.5119780219780219
03-Aug-26 07:36:36 - Epoch 86, Model Loss 5.049534112020256, View Loss 3.220296765464583
03-Aug-26 07:38:19 - Epoch 87, Model Loss 5.00496546583238, View Loss 3.2476917700050705
03-Aug-26 07:40:01 - Epoch 88, Model Loss 4.968364117192287, View Loss 3.2393396857127645
03-Aug-26 07:41:43 - Epoch 89, Model Loss 5.026147331287659, View Loss 3.1600411195381013
03-Aug-26 07:43:25 - Epoch 90, Model Loss 4.960149599835764, View Loss 3.189975729954788
03-Aug-26 07:43:29 - Epoch 90: Train_acc 0.5392156862745098 Val_acc 0.48366013071895425 Test_acc 0.5130890052356021 Test_auc 0.5153846153846153
03-Aug-26 07:45:11 - Epoch 91, Model Loss 4.951590947855532, View Loss 3.187665640918258
03-Aug-26 07:46:54 - Epoch 92, Model Loss 4.961311271767211, View Loss 3.2042133753595787
03-Aug-26 07:48:36 - Epoch 93, Model Loss 4.986624549416935, View Loss 3.18532704644733
03-Aug-26 07:50:19 - Epoch 94, Model Loss 4.870177854899487, View Loss 2.9667845142433067
03-Aug-26 07:52:01 - Epoch 95, Model Loss 5.008607072767869, View Loss 3.1669466253978755
03-Aug-26 07:52:04 - Epoch 95: Train_acc 0.5441176470588235 Val_acc 0.5098039215686274 Test_acc 0.5130890052356021 Test_auc 0.5115384615384616
03-Aug-26 07:53:47 - Epoch 96, Model Loss 4.9153083788803205, View Loss 3.1861947548934837
03-Aug-26 07:55:29 - Epoch 97, Model Loss 4.942675445594039, View Loss 3.167842795256696
03-Aug-26 07:57:12 - Epoch 98, Model Loss 5.016437299890456, View Loss 3.1607713948667437
03-Aug-26 07:58:54 - Epoch 99, Model Loss 5.014121498157776, View Loss 3.2211377492137983
03-Aug-26 08:00:36 - Epoch 100, Model Loss 4.9414600765003875, View Loss 3.1951424374299893
03-Aug-26 08:00:39 - Epoch 100: Train_acc 0.5261437908496732 Val_acc 0.49673202614379086 Test_acc 0.5287958115183246 Test_auc 0.511978021978022
03-Aug-26 08:00:39 - FinishedTraining! BestEpoch (eval-interval index): 1
03-Aug-26 08:00:39 - Wrote /users/3171356m/muhammad/GraSTIACL/nested_cv/results/nocombat__emb256_bs32__fold4.json
03-Aug-26 08:00:39 - {
  "emb_dim": 256,
  "batch_size": 32,
  "fold": 4,
  "combat": false,
  "n_train": 612,
  "n_val": 153,
  "n_test": 191,
  "best_val_epoch_idx": 1,
  "train_accuracy": 0.5441176470588235,
  "val_accuracy": 0.5098039215686274,
  "test_accuracy": 0.5130890052356021,
  "train_f1": 0.41995841995842,
  "val_f1": 0.4094488188976378,
  "test_f1": 0.39215686274509803,
  "train_sensitivity": 0.34707903660797584,
  "val_sensitivity": 0.35616437868267975,
  "test_sensitivity": 0.32967032604757884,
  "train_specificity": 0.722741430770276,
  "val_specificity": 0.6499999918750001,
  "test_specificity": 0.6799999932,
  "train_precision": 0.531578947368421,
  "val_precision": 0.48148148148148145,
  "test_precision": 0.4838709677419355,
  "test_auc": 0.5117582417582417
}
