03-Aug-26 06:46:55 - Using Device: cuda
03-Aug-26 06:46:55 - Seed: 123, Fold: 0, ComBat: False
03-Aug-26 06:46:55 - Namespace(fold=0, combat=False, num_dyn_windows=3, model_lr=0.0005, view_lr=0.0005, num_gc_layers=1, pooling_type='standard', emb_dim=128, vib_hidden_dim=400, batch_size=128, drop_ratio=0.3, epochs=100, kld_lambda=0.003, eval_interval=5, downstream_classifier='linear', ce_lambda=2.0, seed=123)
03-Aug-26 06:46:55 - Loading raw subject data...
03-Aug-26 06:46:58 - Loaded 956 subjects (455 ASD, 501 NC)
03-Aug-26 06:46:58 - Train/Val/Test sizes: 611/153/192
03-Aug-26 06:48:46 - Epoch 1, Model Loss 7.6736690877112155, View Loss -5.060565760404896
03-Aug-26 06:50:33 - Epoch 2, Model Loss 7.13584823967392, View Loss -2.6252772351528737
03-Aug-26 06:52:20 - Epoch 3, Model Loss 7.2901032411915585, View Loss 1.9967360707234634
03-Aug-26 06:54:07 - Epoch 4, Model Loss 7.041861054940232, View Loss 2.823963972238394
03-Aug-26 06:55:54 - Epoch 5, Model Loss 6.985736997545058, View Loss 3.0045357335803944
03-Aug-26 06:55:57 - Epoch 5: Train_acc 0.5384615384615384 Val_acc 0.5359477124183006 Test_acc 0.5052083333333334 Test_auc 0.5031008595365032
03-Aug-26 06:57:44 - Epoch 6, Model Loss 6.886183101104637, View Loss 3.1299662937314148
03-Aug-26 06:59:31 - Epoch 7, Model Loss 6.7917688934775695, View Loss 3.2267454365076293
03-Aug-26 07:01:18 - Epoch 8, Model Loss 6.768121795061177, View Loss 3.3525975573862827
03-Aug-26 07:03:04 - Epoch 9, Model Loss 6.746142786965628, View Loss 3.503273785992262
03-Aug-26 07:04:51 - Epoch 10, Model Loss 6.722019809747874, View Loss 3.6198248285708763
03-Aug-26 07:04:54 - Epoch 10: Train_acc 0.5384615384615384 Val_acc 0.5163398692810458 Test_acc 0.5520833333333334 Test_auc 0.5146338809705147
03-Aug-26 07:06:44 - Epoch 11, Model Loss 6.741598709125175, View Loss 3.783882284710723
03-Aug-26 07:08:30 - Epoch 12, Model Loss 6.755350688085228, View Loss 4.080231996682974
03-Aug-26 07:10:16 - Epoch 13, Model Loss 6.7535641540677185, View Loss 4.132320031791974
03-Aug-26 07:12:02 - Epoch 14, Model Loss 6.771112252374327, View Loss 4.243070761622852
03-Aug-26 07:13:48 - Epoch 15, Model Loss 6.757379486595941, View Loss 4.282959414386905
03-Aug-26 07:13:51 - Epoch 15: Train_acc 0.5400981996726678 Val_acc 0.5163398692810458 Test_acc 0.5364583333333334 Test_auc 0.5137634642585137
03-Aug-26 07:15:39 - Epoch 16, Model Loss 6.727349826825231, View Loss 4.2823032575816455
03-Aug-26 07:17:25 - Epoch 17, Model Loss 6.7352742352774415, View Loss 4.3614378053505956
03-Aug-26 07:19:10 - Epoch 18, Model Loss 6.728715390893715, View Loss 4.3470715407263825
03-Aug-26 07:20:56 - Epoch 19, Model Loss 6.74928330360575, View Loss 4.348093620493837
03-Aug-26 07:22:41 - Epoch 20, Model Loss 6.708559887694064, View Loss 4.365762214223609
03-Aug-26 07:22:44 - Epoch 20: Train_acc 0.5270049099836334 Val_acc 0.49019607843137253 Test_acc 0.546875 Test_auc 0.5393319551735394
03-Aug-26 07:24:31 - Epoch 21, Model Loss 6.711142068603816, View Loss 4.398857367994743
03-Aug-26 07:26:15 - Epoch 22, Model Loss 6.713433277392348, View Loss 4.470237717105597
03-Aug-26 07:27:59 - Epoch 23, Model Loss 6.739482653316617, View Loss 4.44260529956724
03-Aug-26 07:29:43 - Epoch 24, Model Loss 6.701918666764679, View Loss 4.472124438434108
03-Aug-26 07:31:26 - Epoch 25, Model Loss 6.7480000185303135, View Loss 4.476018147070552
03-Aug-26 07:31:29 - Epoch 25: Train_acc 0.5499181669394435 Val_acc 0.49673202614379086 Test_acc 0.5520833333333334 Test_auc 0.508976172342509
03-Aug-26 07:33:13 - Epoch 26, Model Loss 6.696241452143743, View Loss 4.452663970266738
03-Aug-26 07:34:56 - Epoch 27, Model Loss 6.680642202911128, View Loss 4.448913676453885
03-Aug-26 07:36:40 - Epoch 28, Model Loss 6.640310922738183, View Loss 4.431175846905248
03-Aug-26 07:38:23 - Epoch 29, Model Loss 6.6465952650029605, View Loss 4.475070984585976
03-Aug-26 07:40:07 - Epoch 30, Model Loss 6.681308153998442, View Loss 4.469367735124454
03-Aug-26 07:40:10 - Epoch 30: Train_acc 0.546644844517185 Val_acc 0.5294117647058824 Test_acc 0.5364583333333334 Test_auc 0.5070177347405069
03-Aug-26 07:41:53 - Epoch 31, Model Loss 6.648710676183872, View Loss 4.398775892054781
03-Aug-26 07:43:36 - Epoch 32, Model Loss 6.649952966530858, View Loss 4.478720298180213
03-Aug-26 07:45:19 - Epoch 33, Model Loss 6.627143879373803, View Loss 4.500772365376524
03-Aug-26 07:47:03 - Epoch 34, Model Loss 6.637480266745859, View Loss 4.443034047190764
03-Aug-26 07:48:46 - Epoch 35, Model Loss 6.628272114330735, View Loss 4.444006570232285
03-Aug-26 07:48:49 - Epoch 35: Train_acc 0.5286415711947627 Val_acc 0.49673202614379086 Test_acc 0.546875 Test_auc 0.5353062778805353
03-Aug-26 07:50:33 - Epoch 36, Model Loss 6.6187295882479455, View Loss 4.4450148170396275
03-Aug-26 07:52:17 - Epoch 37, Model Loss 6.554670998780895, View Loss 4.456046839587622
03-Aug-26 07:54:01 - Epoch 38, Model Loss 6.617087293178477, View Loss 4.634159682035056
03-Aug-26 07:55:45 - Epoch 39, Model Loss 6.719590663909912, View Loss 4.497474862393693
03-Aug-26 07:57:28 - Epoch 40, Model Loss 6.554019690730568, View Loss 4.514517846552323
03-Aug-26 07:57:31 - Epoch 40: Train_acc 0.546644844517185 Val_acc 0.5490196078431373 Test_acc 0.53125 Test_auc 0.5083233598085084
03-Aug-26 07:59:15 - Epoch 41, Model Loss 6.511062867122469, View Loss 4.399423209032723
03-Aug-26 08:00:58 - Epoch 42, Model Loss 6.543801493418393, View Loss 4.515806677298538
03-Aug-26 08:02:42 - Epoch 43, Model Loss 6.685695085509904, View Loss 4.41632712687291
03-Aug-26 08:04:25 - Epoch 44, Model Loss 6.6067259721396985, View Loss 4.507089775634865
03-Aug-26 08:06:08 - Epoch 45, Model Loss 6.562433159292818, View Loss 4.555152143862361
03-Aug-26 08:06:11 - Epoch 45: Train_acc 0.5351882160392799 Val_acc 0.5359477124183006 Test_acc 0.53125 Test_auc 0.5083233598085084
03-Aug-26 08:07:55 - Epoch 46, Model Loss 6.473245583267337, View Loss 4.518592609711442
03-Aug-26 08:09:38 - Epoch 47, Model Loss 6.65681203882745, View Loss 4.447474133168422
03-Aug-26 08:11:22 - Epoch 48, Model Loss 6.543223648726842, View Loss 4.443171922586943
03-Aug-26 08:13:05 - Epoch 49, Model Loss 6.613375325054662, View Loss 4.58081452468023
03-Aug-26 08:14:48 - Epoch 50, Model Loss 6.510742428650052, View Loss 4.450768584705608
03-Aug-26 08:14:52 - Epoch 50: Train_acc 0.5237315875613748 Val_acc 0.49019607843137253 Test_acc 0.5572916666666666 Test_auc 0.5403111739745403
03-Aug-26 08:16:35 - Epoch 51, Model Loss 6.469844462243313, View Loss 4.557320274815036
03-Aug-26 08:18:19 - Epoch 52, Model Loss 6.491450136499982, View Loss 4.622944020210428
03-Aug-26 08:20:02 - Epoch 53, Model Loss 6.586749861166247, View Loss 4.413240370305587
03-Aug-26 08:21:46 - Epoch 54, Model Loss 6.493885601405816, View Loss 4.47879149285549
03-Aug-26 08:23:30 - Epoch 55, Model Loss 6.510183930592139, View Loss 4.480963358902502
03-Aug-26 08:23:33 - Epoch 55: Train_acc 0.5417348608837971 Val_acc 0.5424836601307189 Test_acc 0.5364583333333334 Test_auc 0.5114786203895115
03-Aug-26 08:25:16 - Epoch 56, Model Loss 6.470759625910932, View Loss 4.560232132039172
03-Aug-26 08:26:59 - Epoch 57, Model Loss 6.509006345720806, View Loss 4.495427977629067
03-Aug-26 08:28:43 - Epoch 58, Model Loss 6.612012196679747, View Loss 4.545798350863293
03-Aug-26 08:30:26 - Epoch 59, Model Loss 6.519878960280098, View Loss 4.557660500078467
03-Aug-26 08:32:10 - Epoch 60, Model Loss 6.49791298599368, View Loss 4.578516114167808
03-Aug-26 08:32:13 - Epoch 60: Train_acc 0.5335515548281505 Val_acc 0.5163398692810458 Test_acc 0.5572916666666666 Test_auc 0.5187683603525187
03-Aug-26 08:33:56 - Epoch 61, Model Loss 6.4651978597313216, View Loss 4.481161812128295
03-Aug-26 08:35:40 - Epoch 62, Model Loss 6.530593854901053, View Loss 4.503274406426862
03-Aug-26 08:37:24 - Epoch 63, Model Loss 6.4499902990562825, View Loss 4.555220898161543
03-Aug-26 08:39:08 - Epoch 64, Model Loss 6.48272428653049, View Loss 4.509660672439101
03-Aug-26 08:40:52 - Epoch 65, Model Loss 6.4784851768793335, View Loss 4.532258744715864
03-Aug-26 08:40:55 - Epoch 65: Train_acc 0.5482815057283142 Val_acc 0.5424836601307189 Test_acc 0.5260416666666666 Test_auc 0.5002720052225003
03-Aug-26 08:42:38 - Epoch 66, Model Loss 6.4986690390129525, View Loss 4.53740748953312
03-Aug-26 08:44:22 - Epoch 67, Model Loss 6.443186822382401, View Loss 4.494342559683343
03-Aug-26 08:46:05 - Epoch 68, Model Loss 6.458791714838406, View Loss 4.524375420740506
03-Aug-26 08:47:48 - Epoch 69, Model Loss 6.442149350373913, View Loss 4.610732371990498
03-Aug-26 08:49:32 - Epoch 70, Model Loss 6.427492924485776, View Loss 4.5568731576448185
03-Aug-26 08:49:35 - Epoch 70: Train_acc 0.530278232405892 Val_acc 0.49673202614379086 Test_acc 0.5520833333333334 Test_auc 0.5385703405505387
03-Aug-26 08:51:19 - Epoch 71, Model Loss 6.522981311217462, View Loss 4.569083245803409
03-Aug-26 08:53:02 - Epoch 72, Model Loss 6.54126629540651, View Loss 4.562966498142374
03-Aug-26 08:54:46 - Epoch 73, Model Loss 6.480165852267302, View Loss 4.562240364898831
03-Aug-26 08:56:30 - Epoch 74, Model Loss 6.498872915383447, View Loss 4.550340199041289
03-Aug-26 08:58:14 - Epoch 75, Model Loss 6.4244492744658075, View Loss 4.59547463103324
03-Aug-26 08:58:17 - Epoch 75: Train_acc 0.5220949263502455 Val_acc 0.5098039215686274 Test_acc 0.5364583333333334 Test_auc 0.5361766945925361
03-Aug-26 09:00:01 - Epoch 76, Model Loss 6.359086447183512, View Loss 4.511199250353924
03-Aug-26 09:01:44 - Epoch 77, Model Loss 6.569983719608787, View Loss 4.7388907407582685
03-Aug-26 09:03:28 - Epoch 78, Model Loss 6.372346829665664, View Loss 4.504575275165164
03-Aug-26 09:05:12 - Epoch 79, Model Loss 6.373935687756577, View Loss 4.543731137695562
03-Aug-26 09:06:56 - Epoch 80, Model Loss 6.373753450115847, View Loss 4.575337240621813
03-Aug-26 09:06:59 - Epoch 80: Train_acc 0.5286415711947627 Val_acc 0.5098039215686274 Test_acc 0.5625 Test_auc 0.5213796104885213
03-Aug-26 09:08:42 - Epoch 81, Model Loss 6.375762469639755, View Loss 4.605864158043494
03-Aug-26 09:10:25 - Epoch 82, Model Loss 6.380339427392339, View Loss 4.470057828531718
03-Aug-26 09:12:09 - Epoch 83, Model Loss 6.319728990233276, View Loss 4.481764645116029
03-Aug-26 09:13:52 - Epoch 84, Model Loss 6.51434868408303, View Loss 4.544639562428875
03-Aug-26 09:15:35 - Epoch 85, Model Loss 6.439008811101585, View Loss 4.505086082483469
03-Aug-26 09:15:39 - Epoch 85: Train_acc 0.5106382978723404 Val_acc 0.5163398692810458 Test_acc 0.5364583333333334 Test_auc 0.5183331519965183
03-Aug-26 09:17:22 - Epoch 86, Model Loss 6.39608480653279, View Loss 4.555415029416498
03-Aug-26 09:19:05 - Epoch 87, Model Loss 6.395797252655029, View Loss 4.5444854698867925
03-Aug-26 09:20:49 - Epoch 88, Model Loss 6.305070472036758, View Loss 4.538733361395603
03-Aug-26 09:22:33 - Epoch 89, Model Loss 6.526694851108932, View Loss 4.553860899274361
03-Aug-26 09:24:16 - Epoch 90, Model Loss 6.42072700868847, View Loss 4.546241163231932
03-Aug-26 09:24:19 - Epoch 90: Train_acc 0.5417348608837971 Val_acc 0.5490196078431373 Test_acc 0.5416666666666666 Test_auc 0.5177891415515178
03-Aug-26 09:26:02 - Epoch 91, Model Loss 6.411977454215142, View Loss 4.517889437230636
03-Aug-26 09:27:46 - Epoch 92, Model Loss 6.438349845561575, View Loss 4.548790323753794
03-Aug-26 09:29:29 - Epoch 93, Model Loss 6.393142917932738, View Loss 4.463542738444676
03-Aug-26 09:31:13 - Epoch 94, Model Loss 6.326303472690613, View Loss 4.492559422837927
03-Aug-26 09:32:56 - Epoch 95, Model Loss 6.2742598123128985, View Loss 4.5404234845587546
03-Aug-26 09:32:59 - Epoch 95: Train_acc 0.5400981996726678 Val_acc 0.5228758169934641 Test_acc 0.5520833333333334 Test_auc 0.5184419540855185
03-Aug-26 09:34:43 - Epoch 96, Model Loss 6.334355392549705, View Loss 4.539901771639061
03-Aug-26 09:36:26 - Epoch 97, Model Loss 6.23044824834346, View Loss 4.520177453317346
03-Aug-26 09:38:10 - Epoch 98, Model Loss 6.194868521682564, View Loss 4.647891723582865
03-Aug-26 09:39:53 - Epoch 99, Model Loss 6.274709611009264, View Loss 4.340740249121833
03-Aug-26 09:41:37 - Epoch 100, Model Loss 6.355655507058051, View Loss 4.426739615426321
03-Aug-26 09:41:40 - Epoch 100: Train_acc 0.530278232405892 Val_acc 0.49673202614379086 Test_acc 0.546875 Test_auc 0.5361766945925361
03-Aug-26 09:41:40 - FinishedTraining! BestEpoch (eval-interval index): 7
03-Aug-26 09:41:40 - Wrote /users/3171356m/muhammad/GraSTIACL/nested_cv/results/nocombat__emb128_bs128__fold0.json
03-Aug-26 09:41:40 - {
  "emb_dim": 128,
  "batch_size": 128,
  "fold": 0,
  "combat": false,
  "n_train": 611,
  "n_val": 153,
  "n_test": 192,
  "best_val_epoch_idx": 7,
  "train_accuracy": 0.546644844517185,
  "val_accuracy": 0.5490196078431373,
  "test_accuracy": 0.53125,
  "train_f1": 0.4017278617710583,
  "val_f1": 0.3669724770642202,
  "test_f1": 0.40789473684210525,
  "train_sensitivity": 0.31958762776774013,
  "val_sensitivity": 0.27397259898667675,
  "test_sensitivity": 0.34065933691583145,
  "train_specificity": 0.7531249976464844,
  "val_specificity": 0.7999999900000001,
  "test_specificity": 0.7029702900696011,
  "train_precision": 0.5406976744186046,
  "val_precision": 0.5555555555555556,
  "test_precision": 0.5081967213114754,
  "test_auc": 0.5083233598085084
}
