03-Aug-26 11:04:22 - Using Device: cuda
03-Aug-26 11:04:22 - Seed: 123, Fold: 1, ComBat: True
03-Aug-26 11:04:22 - Namespace(fold=1, combat=True, num_dyn_windows=3, model_lr=0.0005, view_lr=0.0005, num_gc_layers=1, pooling_type='standard', emb_dim=32, vib_hidden_dim=400, batch_size=32, drop_ratio=0.3, epochs=100, kld_lambda=0.003, eval_interval=5, downstream_classifier='linear', ce_lambda=2.0, seed=123)
03-Aug-26 11:04:22 - Loading raw subject data...
03-Aug-26 11:04:25 - Loaded 956 subjects (455 ASD, 501 NC)
03-Aug-26 11:04:26 - Train/Val/Test sizes: 612/153/191
03-Aug-26 11:06:12 - Epoch 1, Model Loss 5.94029058194628, View Loss -2.683124924017713
03-Aug-26 11:07:56 - Epoch 2, Model Loss 5.984369109658634, View Loss 1.5334941429250382
03-Aug-26 11:09:40 - Epoch 3, Model Loss 5.459607275482876, View Loss 2.066365070592344
03-Aug-26 11:11:24 - Epoch 4, Model Loss 5.474950566011317, View Loss 2.6415090225880444
03-Aug-26 11:13:08 - Epoch 5, Model Loss 5.4736082133124855, View Loss 2.947688065712748
03-Aug-26 11:13:11 - Epoch 5: Train_acc 0.5294117647058824 Val_acc 0.5228758169934641 Test_acc 0.5340314136125655 Test_auc 0.5624175824175824
03-Aug-26 11:14:56 - Epoch 6, Model Loss 5.426946876874936, View Loss 3.0210207864349963
03-Aug-26 11:16:40 - Epoch 7, Model Loss 5.43598310620177, View Loss 3.0609012744785136
03-Aug-26 11:18:25 - Epoch 8, Model Loss 5.468651578317281, View Loss 3.0876440885020235
03-Aug-26 11:20:09 - Epoch 9, Model Loss 5.405798996196074, View Loss 3.104718691383312
03-Aug-26 11:21:53 - Epoch 10, Model Loss 5.405444017422744, View Loss 3.0544039942080676
03-Aug-26 11:21:56 - Epoch 10: Train_acc 0.5294117647058824 Val_acc 0.5228758169934641 Test_acc 0.5340314136125655 Test_auc 0.5623076923076923
03-Aug-26 11:23:41 - Epoch 11, Model Loss 5.414142032074772, View Loss 3.058535556388057
03-Aug-26 11:25:26 - Epoch 12, Model Loss 5.348866228963814, View Loss 3.0674807160508397
03-Aug-26 11:27:13 - Epoch 13, Model Loss 5.293297134972866, View Loss 3.0862607320928883
03-Aug-26 11:28:58 - Epoch 14, Model Loss 5.311037378373489, View Loss 3.1253990254370994
03-Aug-26 11:30:43 - Epoch 15, Model Loss 5.331069360371509, View Loss 3.1228827635447183
03-Aug-26 11:30:46 - Epoch 15: Train_acc 0.5310457516339869 Val_acc 0.5490196078431373 Test_acc 0.581151832460733 Test_auc 0.5602197802197803
03-Aug-26 11:32:32 - Epoch 16, Model Loss 5.287266192093394, View Loss 3.1118981398009007
03-Aug-26 11:34:17 - Epoch 17, Model Loss 5.307404633441003, View Loss 3.126506200023726
03-Aug-26 11:36:01 - Epoch 18, Model Loss 5.2814077396018835, View Loss 3.1144142080755794
03-Aug-26 11:37:45 - Epoch 19, Model Loss 5.288834166682624, View Loss 3.1447335588776206
03-Aug-26 11:39:29 - Epoch 20, Model Loss 5.417559544245402, View Loss 3.110428955430299
03-Aug-26 11:39:32 - Epoch 20: Train_acc 0.5343137254901961 Val_acc 0.5294117647058824 Test_acc 0.5497382198952879 Test_auc 0.5618681318681319
03-Aug-26 11:41:18 - Epoch 21, Model Loss 5.317800696379219, View Loss 3.1534993364140878
03-Aug-26 11:43:03 - Epoch 22, Model Loss 5.281389749128055, View Loss 3.155710331365174
03-Aug-26 11:44:48 - Epoch 23, Model Loss 5.206438669192246, View Loss 3.107259430137335
03-Aug-26 11:46:32 - Epoch 24, Model Loss 5.202532391143001, View Loss 3.1425519683002645
03-Aug-26 11:48:16 - Epoch 25, Model Loss 5.195573245777803, View Loss 3.1233460981082293
03-Aug-26 11:48:19 - Epoch 25: Train_acc 0.5277777777777778 Val_acc 0.5163398692810458 Test_acc 0.5392670157068062 Test_auc 0.5617582417582418
03-Aug-26 11:50:06 - Epoch 26, Model Loss 5.207135572932125, View Loss 3.1137422724486954
03-Aug-26 11:51:51 - Epoch 27, Model Loss 5.148843924204509, View Loss 3.1162608878480063
03-Aug-26 11:53:35 - Epoch 28, Model Loss 5.207158235163471, View Loss 3.1199303082391325
03-Aug-26 11:55:22 - Epoch 29, Model Loss 5.138418319178562, View Loss 3.149038856325586
03-Aug-26 11:57:07 - Epoch 30, Model Loss 5.152011564354491, View Loss 3.138283248820336
03-Aug-26 11:57:10 - Epoch 30: Train_acc 0.5245098039215687 Val_acc 0.5228758169934641 Test_acc 0.5235602094240838 Test_auc 0.549010989010989
03-Aug-26 11:58:56 - Epoch 31, Model Loss 5.137224675783145, View Loss 3.1404759276146983
03-Aug-26 12:00:41 - Epoch 32, Model Loss 5.149804504868252, View Loss 3.122355045835956
03-Aug-26 12:02:26 - Epoch 33, Model Loss 5.139407519421546, View Loss 3.10135839733423
03-Aug-26 12:04:10 - Epoch 34, Model Loss 5.145805025412367, View Loss 3.1421307726623184
03-Aug-26 12:05:54 - Epoch 35, Model Loss 5.172355581732357, View Loss 3.1875337371054817
03-Aug-26 12:05:57 - Epoch 35: Train_acc 0.5343137254901961 Val_acc 0.5294117647058824 Test_acc 0.5497382198952879 Test_auc 0.5618681318681319
03-Aug-26 12:07:44 - Epoch 36, Model Loss 5.13924750783085, View Loss 3.1560244712175107
03-Aug-26 12:09:30 - Epoch 37, Model Loss 5.136723644593182, View Loss 3.168258516227498
03-Aug-26 12:11:14 - Epoch 38, Model Loss 5.1341964840109835, View Loss 3.1790109600117002
03-Aug-26 12:12:59 - Epoch 39, Model Loss 5.113760695737951, View Loss 3.148693642585106
03-Aug-26 12:14:43 - Epoch 40, Model Loss 5.082548992306578, View Loss 3.17124739113976
03-Aug-26 12:14:46 - Epoch 40: Train_acc 0.5310457516339869 Val_acc 0.5620915032679739 Test_acc 0.581151832460733 Test_auc 0.5585714285714286
03-Aug-26 12:16:32 - Epoch 41, Model Loss 5.067647535037371, View Loss 3.164909114245496
03-Aug-26 12:18:17 - Epoch 42, Model Loss 5.0766704207152324, View Loss 3.1418826096977286
03-Aug-26 12:20:01 - Epoch 43, Model Loss 5.078385379579332, View Loss 3.166707359887416
03-Aug-26 12:21:45 - Epoch 44, Model Loss 5.070144541123334, View Loss 3.1696122152353423
03-Aug-26 12:23:29 - Epoch 45, Model Loss 5.061096107258516, View Loss 3.1912391715579562
03-Aug-26 12:23:32 - Epoch 45: Train_acc 0.5343137254901961 Val_acc 0.5294117647058824 Test_acc 0.5497382198952879 Test_auc 0.5621978021978022
03-Aug-26 12:25:18 - Epoch 46, Model Loss 5.045305286357605, View Loss 3.213609107958725
03-Aug-26 12:27:03 - Epoch 47, Model Loss 5.009011764152377, View Loss 3.1498649081373524
03-Aug-26 12:28:50 - Epoch 48, Model Loss 5.068239447338129, View Loss 3.1363239151979583
03-Aug-26 12:30:35 - Epoch 49, Model Loss 5.049574387618919, View Loss 3.1448027516891752
03-Aug-26 12:32:20 - Epoch 50, Model Loss 5.010195517072491, View Loss 3.189461606000763
03-Aug-26 12:32:23 - Epoch 50: Train_acc 0.5343137254901961 Val_acc 0.5620915032679739 Test_acc 0.581151832460733 Test_auc 0.5607692307692308
03-Aug-26 12:34:09 - Epoch 51, Model Loss 5.057142762576833, View Loss 3.219150936681461
03-Aug-26 12:35:54 - Epoch 52, Model Loss 4.989373232024947, View Loss 3.139518480674893
03-Aug-26 12:37:39 - Epoch 53, Model Loss 4.965198847203473, View Loss 2.866860225114947
03-Aug-26 12:39:23 - Epoch 54, Model Loss 4.9674440910613615, View Loss 3.116896238981509
03-Aug-26 12:41:07 - Epoch 55, Model Loss 4.963506912094315, View Loss 3.129647064442728
03-Aug-26 12:41:10 - Epoch 55: Train_acc 0.5277777777777778 Val_acc 0.5228758169934641 Test_acc 0.5340314136125655 Test_auc 0.563076923076923
03-Aug-26 12:42:57 - Epoch 56, Model Loss 4.920505620295705, View Loss 3.125889787486955
03-Aug-26 12:44:45 - Epoch 57, Model Loss 4.975143108492583, View Loss 3.1054698287271987
03-Aug-26 12:46:32 - Epoch 58, Model Loss 4.92987534890767, View Loss 3.068984358918433
03-Aug-26 12:48:16 - Epoch 59, Model Loss 5.05438548287535, View Loss 3.1859883627081227
03-Aug-26 12:50:01 - Epoch 60, Model Loss 5.01577274783764, View Loss 3.211754157652263
03-Aug-26 12:50:04 - Epoch 60: Train_acc 0.5245098039215687 Val_acc 0.5228758169934641 Test_acc 0.5235602094240838 Test_auc 0.5573626373626374
03-Aug-26 12:51:50 - Epoch 61, Model Loss 5.008338320489023, View Loss 3.137156875499713
03-Aug-26 12:53:35 - Epoch 62, Model Loss 4.967954986235675, View Loss 3.198345309379054
03-Aug-26 12:55:19 - Epoch 63, Model Loss 4.968615157931459, View Loss 3.1674775312733807
03-Aug-26 12:57:02 - Epoch 64, Model Loss 5.013153260050256, View Loss 3.178461155081107
03-Aug-26 12:58:45 - Epoch 65, Model Loss 4.976461952807856, View Loss 3.178527167419982
03-Aug-26 12:58:47 - Epoch 65: Train_acc 0.5310457516339869 Val_acc 0.5686274509803921 Test_acc 0.5759162303664922 Test_auc 0.5635164835164835
03-Aug-26 13:00:30 - Epoch 66, Model Loss 4.958957229564392, View Loss 3.1272495696747225
03-Aug-26 13:02:12 - Epoch 67, Model Loss 4.998628011715957, View Loss 3.160162905462427
03-Aug-26 13:03:54 - Epoch 68, Model Loss 4.956345863591611, View Loss 3.144969622294108
03-Aug-26 13:05:35 - Epoch 69, Model Loss 4.939275473551033, View Loss 3.1114333291458927
03-Aug-26 13:07:17 - Epoch 70, Model Loss 4.950089393877516, View Loss 3.174895356293597
03-Aug-26 13:07:20 - Epoch 70: Train_acc 0.5326797385620915 Val_acc 0.5620915032679739 Test_acc 0.5759162303664922 Test_auc 0.5641758241758242
03-Aug-26 13:09:01 - Epoch 71, Model Loss 4.946404295029983, View Loss 3.176525807458591
03-Aug-26 13:10:43 - Epoch 72, Model Loss 4.924774067074645, View Loss 3.176138238969192
03-Aug-26 13:12:24 - Epoch 73, Model Loss 4.947733459908978, View Loss 3.1433547583280825
03-Aug-26 13:14:06 - Epoch 74, Model Loss 5.014925380158268, View Loss 3.2112030073318607
03-Aug-26 13:15:47 - Epoch 75, Model Loss 4.955024516660403, View Loss 3.223272179222964
03-Aug-26 13:15:50 - Epoch 75: Train_acc 0.5245098039215687 Val_acc 0.5228758169934641 Test_acc 0.5235602094240838 Test_auc 0.5575824175824176
03-Aug-26 13:17:31 - Epoch 76, Model Loss 4.958268595676796, View Loss 3.1314977259417764
03-Aug-26 13:19:13 - Epoch 77, Model Loss 4.959368465772641, View Loss 3.0885687860008937
03-Aug-26 13:20:55 - Epoch 78, Model Loss 4.950798123490577, View Loss 3.1727790033895205
03-Aug-26 13:22:36 - Epoch 79, Model Loss 4.965108067381616, View Loss 3.1797126060217815
03-Aug-26 13:24:17 - Epoch 80, Model Loss 4.965990616605173, View Loss 3.166845442812427
03-Aug-26 13:24:20 - Epoch 80: Train_acc 0.5310457516339869 Val_acc 0.5686274509803921 Test_acc 0.5759162303664922 Test_auc 0.5640659340659341
03-Aug-26 13:26:01 - Epoch 81, Model Loss 4.934049321155922, View Loss 3.1690916025560667
03-Aug-26 13:27:43 - Epoch 82, Model Loss 4.937738546358994, View Loss 3.202879737015643
03-Aug-26 13:29:24 - Epoch 83, Model Loss 4.924040470247954, View Loss 3.217223101971196
03-Aug-26 13:31:05 - Epoch 84, Model Loss 4.911505914201923, View Loss 3.1852165102179533
03-Aug-26 13:32:47 - Epoch 85, Model Loss 4.908693279316223, View Loss 3.179547099506154
03-Aug-26 13:32:49 - Epoch 85: Train_acc 0.5294117647058824 Val_acc 0.5228758169934641 Test_acc 0.5340314136125655 Test_auc 0.5618681318681319
03-Aug-26 13:34:31 - Epoch 86, Model Loss 4.916892977321849, View Loss 3.1328247255749173
03-Aug-26 13:36:12 - Epoch 87, Model Loss 4.949279710358264, View Loss 3.2087629488091065
03-Aug-26 13:37:54 - Epoch 88, Model Loss 4.899657782386331, View Loss 3.2112892022222477
03-Aug-26 13:39:35 - Epoch 89, Model Loss 4.89938259280585, View Loss 3.1977472079345604
03-Aug-26 13:41:17 - Epoch 90, Model Loss 4.88761918061699, View Loss 3.162905887451047
03-Aug-26 13:41:20 - Epoch 90: Train_acc 0.5310457516339869 Val_acc 0.5359477124183006 Test_acc 0.5549738219895288 Test_auc 0.5597802197802197
03-Aug-26 13:43:01 - Epoch 91, Model Loss 4.9094113103704515, View Loss 3.1993187284157947
03-Aug-26 13:44:42 - Epoch 92, Model Loss 4.994655260073594, View Loss 3.2463774077253404
03-Aug-26 13:46:24 - Epoch 93, Model Loss 4.867329834333432, View Loss 3.1355771286035674
03-Aug-26 13:48:05 - Epoch 94, Model Loss 4.869473677055509, View Loss 3.182865067439921
03-Aug-26 13:49:46 - Epoch 95, Model Loss 4.974530177957871, View Loss 3.1829980105356452
03-Aug-26 13:49:49 - Epoch 95: Train_acc 0.5245098039215687 Val_acc 0.5228758169934641 Test_acc 0.5235602094240838 Test_auc 0.5595604395604397
03-Aug-26 13:51:30 - Epoch 96, Model Loss 4.972660808002248, View Loss 3.218691458109937
03-Aug-26 13:53:12 - Epoch 97, Model Loss 4.982076747744691, View Loss 3.229255623287625
03-Aug-26 13:54:53 - Epoch 98, Model Loss 4.966509641385546, View Loss 3.1997899853326137
03-Aug-26 13:56:35 - Epoch 99, Model Loss 4.9753526737487395, View Loss 3.2407522443073247
03-Aug-26 13:58:16 - Epoch 100, Model Loss 4.952291095958037, View Loss 3.200300053833357
03-Aug-26 13:58:19 - Epoch 100: Train_acc 0.5277777777777778 Val_acc 0.5228758169934641 Test_acc 0.5340314136125655 Test_auc 0.5621978021978022
03-Aug-26 13:58:19 - FinishedTraining! BestEpoch (eval-interval index): 12
03-Aug-26 13:58:19 - Wrote /users/3171356m/muhammad/GraSTIACL/nested_cv/results/combat__emb32_bs32__fold1.json
03-Aug-26 13:58:19 - {
  "emb_dim": 32,
  "batch_size": 32,
  "fold": 1,
  "combat": true,
  "n_train": 612,
  "n_val": 153,
  "n_test": 191,
  "best_val_epoch_idx": 12,
  "train_accuracy": 0.5310457516339869,
  "val_accuracy": 0.5686274509803921,
  "test_accuracy": 0.5759162303664922,
  "train_f1": 0.11145510835913312,
  "val_f1": 0.2826086956521739,
  "test_f1": 0.24299065420560748,
  "train_sensitivity": 0.061855669890530346,
  "val_sensitivity": 0.17808218934133987,
  "test_sensitivity": 0.14285714128728416,
  "train_specificity": 0.9563862898554945,
  "val_specificity": 0.9249999884375002,
  "test_specificity": 0.9699999903000002,
  "train_precision": 0.5625,
  "val_precision": 0.6842105263157895,
  "test_precision": 0.8125,
  "test_auc": 0.5635164835164835
}
