03-Aug-26 08:30:29 - Using Device: cuda
03-Aug-26 08:30:29 - Seed: 123, Fold: 4, ComBat: False
03-Aug-26 08:30:29 - Namespace(fold=4, combat=False, num_dyn_windows=3, model_lr=0.0005, view_lr=0.0005, num_gc_layers=1, pooling_type='standard', emb_dim=128, vib_hidden_dim=400, batch_size=128, drop_ratio=0.3, epochs=100, kld_lambda=0.003, eval_interval=5, downstream_classifier='linear', ce_lambda=2.0, seed=123)
03-Aug-26 08:30:29 - Loading raw subject data...
03-Aug-26 08:30:32 - Loaded 956 subjects (455 ASD, 501 NC)
03-Aug-26 08:30:32 - Train/Val/Test sizes: 612/153/191
03-Aug-26 08:32:27 - Epoch 1, Model Loss 7.608313501270768, View Loss -5.058237318899117
03-Aug-26 08:34:18 - Epoch 2, Model Loss 7.005705010657217, View Loss -2.930218057694778
03-Aug-26 08:36:09 - Epoch 3, Model Loss 7.245561138477201, View Loss 2.1424483177708646
03-Aug-26 08:37:57 - Epoch 4, Model Loss 7.018699692744835, View Loss 2.800081661324096
03-Aug-26 08:39:44 - Epoch 5, Model Loss 7.013427784240323, View Loss 3.093805115207348
03-Aug-26 08:39:47 - Epoch 5: Train_acc 0.5310457516339869 Val_acc 0.49673202614379086 Test_acc 0.5287958115183246 Test_auc 0.5110989010989011
03-Aug-26 08:41:39 - Epoch 6, Model Loss 6.938091888926388, View Loss 3.2001126856585733
03-Aug-26 08:43:26 - Epoch 7, Model Loss 6.842072923199024, View Loss 3.29603737164167
03-Aug-26 08:45:13 - Epoch 8, Model Loss 6.80976564120623, View Loss 3.361226839177749
03-Aug-26 08:47:00 - Epoch 9, Model Loss 6.7186272191066365, View Loss 3.444607952840967
03-Aug-26 08:48:50 - Epoch 10, Model Loss 6.729024799820644, View Loss 3.6514669368469637
03-Aug-26 08:48:53 - Epoch 10: Train_acc 0.5441176470588235 Val_acc 0.5098039215686274 Test_acc 0.5130890052356021 Test_auc 0.5112087912087913
03-Aug-26 08:50:45 - Epoch 11, Model Loss 6.761551448722291, View Loss 3.9069780430762595
03-Aug-26 08:52:36 - Epoch 12, Model Loss 6.767773802763497, View Loss 4.0676167369668
03-Aug-26 08:54:25 - Epoch 13, Model Loss 6.768603449553446, View Loss 4.180871075274897
03-Aug-26 08:56:15 - Epoch 14, Model Loss 6.773231300653196, View Loss 4.262053623698116
03-Aug-26 08:58:03 - Epoch 15, Model Loss 6.767231467502569, View Loss 4.300302994796653
03-Aug-26 08:58:06 - Epoch 15: Train_acc 0.5424836601307189 Val_acc 0.49673202614379086 Test_acc 0.5130890052356021 Test_auc 0.5116483516483517
03-Aug-26 08:59:55 - Epoch 16, Model Loss 6.758649595422683, View Loss 4.346145377439611
03-Aug-26 09:01:42 - Epoch 17, Model Loss 6.7517319660560755, View Loss 4.382661246006785
03-Aug-26 09:03:32 - Epoch 18, Model Loss 6.740686251447092, View Loss 4.387631964839362
03-Aug-26 09:05:20 - Epoch 19, Model Loss 6.753258524377362, View Loss 4.438529058219561
03-Aug-26 09:07:05 - Epoch 20, Model Loss 6.755877189386904, View Loss 4.418581298753327
03-Aug-26 09:07:08 - Epoch 20: Train_acc 0.5408496732026143 Val_acc 0.477124183006536 Test_acc 0.5392670157068062 Test_auc 0.5257142857142857
03-Aug-26 09:09:01 - Epoch 21, Model Loss 6.786027309941311, View Loss 4.430219989976073
03-Aug-26 09:10:52 - Epoch 22, Model Loss 6.755922086877761, View Loss 4.469347402161243
03-Aug-26 09:12:41 - Epoch 23, Model Loss 6.7466379209281575, View Loss 4.471006405898948
03-Aug-26 09:14:32 - Epoch 24, Model Loss 6.733389723534677, View Loss 4.48063261992012
03-Aug-26 09:16:18 - Epoch 25, Model Loss 6.724427111008588, View Loss 4.479465621748781
03-Aug-26 09:16:22 - Epoch 25: Train_acc 0.5408496732026143 Val_acc 0.477124183006536 Test_acc 0.5340314136125655 Test_auc 0.524065934065934
03-Aug-26 09:18:13 - Epoch 26, Model Loss 6.70218741036708, View Loss 4.4978827682195925
03-Aug-26 09:20:03 - Epoch 27, Model Loss 6.705395380655925, View Loss 4.503196719425176
03-Aug-26 09:21:55 - Epoch 28, Model Loss 6.708439331428678, View Loss 4.516437683230132
03-Aug-26 09:23:47 - Epoch 29, Model Loss 6.711262170006247, View Loss 4.476741151872024
03-Aug-26 09:25:42 - Epoch 30, Model Loss 6.6624948339524614, View Loss 4.479230544146369
03-Aug-26 09:25:45 - Epoch 30: Train_acc 0.5343137254901961 Val_acc 0.477124183006536 Test_acc 0.518324607329843 Test_auc 0.5165934065934067
03-Aug-26 09:27:39 - Epoch 31, Model Loss 6.681714777852974, View Loss 4.50593860788283
03-Aug-26 09:29:31 - Epoch 32, Model Loss 6.67920438292759, View Loss 4.470285830154918
03-Aug-26 09:31:23 - Epoch 33, Model Loss 6.654712932561737, View Loss 4.51762483945859
03-Aug-26 09:33:14 - Epoch 34, Model Loss 6.661964419620489, View Loss 4.512918413074967
03-Aug-26 09:35:03 - Epoch 35, Model Loss 6.677617144740485, View Loss 4.522674756891587
03-Aug-26 09:35:06 - Epoch 35: Train_acc 0.5424836601307189 Val_acc 0.477124183006536 Test_acc 0.5392670157068062 Test_auc 0.5259340659340659
03-Aug-26 09:37:05 - Epoch 36, Model Loss 6.644207530551487, View Loss 4.564935531491548
03-Aug-26 09:39:01 - Epoch 37, Model Loss 6.641540418263355, View Loss 4.500177134096233
03-Aug-26 09:40:51 - Epoch 38, Model Loss 6.669632054621877, View Loss 4.558174201865602
03-Aug-26 09:42:45 - Epoch 39, Model Loss 6.6263164570129, View Loss 4.557516104255626
03-Aug-26 09:44:32 - Epoch 40, Model Loss 6.595799340142144, View Loss 4.5579905821607
03-Aug-26 09:44:35 - Epoch 40: Train_acc 0.5441176470588235 Val_acc 0.5098039215686274 Test_acc 0.5130890052356021 Test_auc 0.5117582417582418
03-Aug-26 09:46:25 - Epoch 41, Model Loss 6.6277461332433365, View Loss 4.5407658807592455
03-Aug-26 09:48:12 - Epoch 42, Model Loss 6.633474540087133, View Loss 4.5080776245765435
03-Aug-26 09:49:59 - Epoch 43, Model Loss 6.578840074975506, View Loss 4.5286638627644455
03-Aug-26 09:51:45 - Epoch 44, Model Loss 6.5989679324081525, View Loss 4.561227396422741
03-Aug-26 09:53:30 - Epoch 45, Model Loss 6.531605642605451, View Loss 4.584115950889837
03-Aug-26 09:53:33 - Epoch 45: Train_acc 0.5375816993464052 Val_acc 0.48366013071895425 Test_acc 0.5235602094240838 Test_auc 0.515934065934066
03-Aug-26 09:55:23 - Epoch 46, Model Loss 6.490451345256731, View Loss 4.642740439745336
03-Aug-26 09:57:14 - Epoch 47, Model Loss 6.564044774747362, View Loss 4.541044129265679
03-Aug-26 09:59:06 - Epoch 48, Model Loss 6.551767953860215, View Loss 4.537998638901056
03-Aug-26 10:00:53 - Epoch 49, Model Loss 6.563640145694508, View Loss 4.5208303040149165
03-Aug-26 10:02:41 - Epoch 50, Model Loss 6.534550454881456, View Loss 4.569792613484501
03-Aug-26 10:02:44 - Epoch 50: Train_acc 0.5277777777777778 Val_acc 0.49673202614379086 Test_acc 0.5287958115183246 Test_auc 0.5113186813186813
03-Aug-26 10:04:35 - Epoch 51, Model Loss 6.552350038017323, View Loss 4.529805033814673
03-Aug-26 10:06:21 - Epoch 52, Model Loss 6.53514045827529, View Loss 4.6692433855892
03-Aug-26 10:08:12 - Epoch 53, Model Loss 6.47218339583453, View Loss 4.588070520388535
03-Aug-26 10:10:05 - Epoch 54, Model Loss 6.522335068073148, View Loss 4.679431407280218
03-Aug-26 10:11:53 - Epoch 55, Model Loss 6.598275926378038, View Loss 4.452050601734834
03-Aug-26 10:11:56 - Epoch 55: Train_acc 0.5277777777777778 Val_acc 0.49673202614379086 Test_acc 0.5287958115183246 Test_auc 0.5119780219780219
03-Aug-26 10:13:47 - Epoch 56, Model Loss 6.542205607968997, View Loss 4.551854139839122
03-Aug-26 10:15:34 - Epoch 57, Model Loss 6.486006699356378, View Loss 4.566605963738136
03-Aug-26 10:17:27 - Epoch 58, Model Loss 6.461728560379128, View Loss 4.46483112783993
03-Aug-26 10:19:21 - Epoch 59, Model Loss 6.476719304627063, View Loss 4.5480235947502985
03-Aug-26 10:21:10 - Epoch 60, Model Loss 6.539282287647522, View Loss 4.524895269107195
03-Aug-26 10:21:13 - Epoch 60: Train_acc 0.5408496732026143 Val_acc 0.477124183006536 Test_acc 0.5340314136125655 Test_auc 0.5264835164835164
03-Aug-26 10:23:06 - Epoch 61, Model Loss 6.469305777082257, View Loss 4.599037852941775
03-Aug-26 10:24:54 - Epoch 62, Model Loss 6.501521509457258, View Loss 4.4867743043338555
03-Aug-26 10:26:43 - Epoch 63, Model Loss 6.440787411982717, View Loss 4.6258123279397
03-Aug-26 10:28:29 - Epoch 64, Model Loss 6.418280074798983, View Loss 4.554306946548761
03-Aug-26 10:30:16 - Epoch 65, Model Loss 6.330353263156866, View Loss 4.559186390022826
03-Aug-26 10:30:19 - Epoch 65: Train_acc 0.5392156862745098 Val_acc 0.477124183006536 Test_acc 0.5340314136125655 Test_auc 0.5262637362637362
03-Aug-26 10:32:08 - Epoch 66, Model Loss 6.524232284695494, View Loss 4.455922538158941
03-Aug-26 10:33:57 - Epoch 67, Model Loss 6.510994462405934, View Loss 4.563022781820858
03-Aug-26 10:35:50 - Epoch 68, Model Loss 6.5626328225229305, View Loss 4.5444346128725535
03-Aug-26 10:37:43 - Epoch 69, Model Loss 6.421956081016391, View Loss 4.478534542657192
03-Aug-26 10:39:33 - Epoch 70, Model Loss 6.530181127436021, View Loss 4.497169002208834
03-Aug-26 10:39:36 - Epoch 70: Train_acc 0.5441176470588235 Val_acc 0.49673202614379086 Test_acc 0.5130890052356021 Test_auc 0.5125274725274725
03-Aug-26 10:41:28 - Epoch 71, Model Loss 6.40441172730689, View Loss 4.562667762531953
03-Aug-26 10:43:17 - Epoch 72, Model Loss 6.541157551061094, View Loss 4.578004671857248
03-Aug-26 10:45:08 - Epoch 73, Model Loss 6.462430184183557, View Loss 4.466624097886428
03-Aug-26 10:47:00 - Epoch 74, Model Loss 6.44736231386272, View Loss 4.517044179579791
03-Aug-26 10:48:56 - Epoch 75, Model Loss 6.343270691391689, View Loss 4.484758355259117
03-Aug-26 10:49:00 - Epoch 75: Train_acc 0.5261437908496732 Val_acc 0.49673202614379086 Test_acc 0.5287958115183246 Test_auc 0.5119780219780219
03-Aug-26 10:50:53 - Epoch 76, Model Loss 6.502071240369012, View Loss 4.626764705757689
03-Aug-26 10:52:45 - Epoch 77, Model Loss 6.465076334336224, View Loss 4.577514754401313
03-Aug-26 10:54:34 - Epoch 78, Model Loss 6.390893054164313, View Loss 4.507834440742442
03-Aug-26 10:56:25 - Epoch 79, Model Loss 6.413676230736028, View Loss 4.5441624167697885
03-Aug-26 10:58:16 - Epoch 80, Model Loss 6.4195180687249875, View Loss 4.486191777621999
03-Aug-26 10:58:19 - Epoch 80: Train_acc 0.5441176470588235 Val_acc 0.5098039215686274 Test_acc 0.5130890052356021 Test_auc 0.5117582417582418
03-Aug-26 11:00:08 - Epoch 81, Model Loss 6.407610650156059, View Loss 4.502295363183115
03-Aug-26 11:01:55 - Epoch 82, Model Loss 6.433234573189729, View Loss 4.552173461789399
03-Aug-26 11:03:40 - Epoch 83, Model Loss 6.358279620899873, View Loss 4.571474315294253
03-Aug-26 11:05:25 - Epoch 84, Model Loss 6.516181338067148, View Loss 4.511696715760075
03-Aug-26 11:07:11 - Epoch 85, Model Loss 6.448624405206418, View Loss 4.585616903367385
03-Aug-26 11:07:14 - Epoch 85: Train_acc 0.5441176470588235 Val_acc 0.5098039215686274 Test_acc 0.5130890052356021 Test_auc 0.5115384615384616
03-Aug-26 11:09:01 - Epoch 86, Model Loss 6.411865539800107, View Loss 4.512981283898447
03-Aug-26 11:10:46 - Epoch 87, Model Loss 6.39454714457194, View Loss 4.525191176171396
03-Aug-26 11:12:31 - Epoch 88, Model Loss 6.326036531161638, View Loss 4.563079145219591
03-Aug-26 11:14:15 - Epoch 89, Model Loss 6.367461606567981, View Loss 4.530543028139601
03-Aug-26 11:15:59 - Epoch 90, Model Loss 6.4013301687302935, View Loss 4.437398505366706
03-Aug-26 11:16:02 - Epoch 90: Train_acc 0.5441176470588235 Val_acc 0.49019607843137253 Test_acc 0.5130890052356021 Test_auc 0.5124175824175824
03-Aug-26 11:17:45 - Epoch 91, Model Loss 6.422997895409079, View Loss 4.4734951561572505
03-Aug-26 11:19:27 - Epoch 92, Model Loss 6.402042622659721, View Loss 4.54541767033097
03-Aug-26 11:21:10 - Epoch 93, Model Loss 6.380968084522322, View Loss 4.52736996357737
03-Aug-26 11:22:53 - Epoch 94, Model Loss 6.507709736917533, View Loss 4.539965233771629
03-Aug-26 11:24:35 - Epoch 95, Model Loss 6.436406995735917, View Loss 4.5252549726199485
03-Aug-26 11:24:38 - Epoch 95: Train_acc 0.5277777777777778 Val_acc 0.49673202614379086 Test_acc 0.5287958115183246 Test_auc 0.511978021978022
03-Aug-26 11:26:21 - Epoch 96, Model Loss 6.448068525276932, View Loss 4.618477696686789
03-Aug-26 11:28:04 - Epoch 97, Model Loss 6.420953398436502, View Loss 4.534982946183947
03-Aug-26 11:29:46 - Epoch 98, Model Loss 6.453498114168254, View Loss 4.549256259319829
03-Aug-26 11:31:29 - Epoch 99, Model Loss 6.362148341010599, View Loss 4.571091907476288
03-Aug-26 11:33:12 - Epoch 100, Model Loss 6.409549304862428, View Loss 4.683151363547331
03-Aug-26 11:33:15 - Epoch 100: Train_acc 0.5408496732026143 Val_acc 0.477124183006536 Test_acc 0.5340314136125655 Test_auc 0.5268131868131868
03-Aug-26 11:33:15 - FinishedTraining! BestEpoch (eval-interval index): 1
03-Aug-26 11:33:15 - Wrote /users/3171356m/muhammad/GraSTIACL/nested_cv/results/nocombat__emb128_bs128__fold4.json
03-Aug-26 11:33:15 - {
  "emb_dim": 128,
  "batch_size": 128,
  "fold": 4,
  "combat": false,
  "n_train": 612,
  "n_val": 153,
  "n_test": 191,
  "best_val_epoch_idx": 1,
  "train_accuracy": 0.5441176470588235,
  "val_accuracy": 0.5098039215686274,
  "test_accuracy": 0.5130890052356021,
  "train_f1": 0.41995841995842,
  "val_f1": 0.4094488188976378,
  "test_f1": 0.39215686274509803,
  "train_sensitivity": 0.34707903660797584,
  "val_sensitivity": 0.35616437868267975,
  "test_sensitivity": 0.32967032604757884,
  "train_specificity": 0.722741430770276,
  "val_specificity": 0.6499999918750001,
  "test_specificity": 0.6799999932,
  "train_precision": 0.531578947368421,
  "val_precision": 0.48148148148148145,
  "test_precision": 0.4838709677419355,
  "test_auc": 0.5112087912087913
}
