03-Aug-26 16:55:04 - Using Device: cuda
03-Aug-26 16:55:04 - Seed: 123, Fold: 3, ComBat: True
03-Aug-26 16:55:04 - Namespace(fold=3, combat=True, num_dyn_windows=3, model_lr=0.0005, view_lr=0.0005, num_gc_layers=1, pooling_type='standard', emb_dim=32, vib_hidden_dim=400, batch_size=128, drop_ratio=0.3, epochs=100, kld_lambda=0.003, eval_interval=5, downstream_classifier='linear', ce_lambda=2.0, seed=123)
03-Aug-26 16:55:04 - Loading raw subject data...
03-Aug-26 16:55:06 - Loaded 956 subjects (455 ASD, 501 NC)
03-Aug-26 16:55:07 - Train/Val/Test sizes: 612/153/191
03-Aug-26 16:57:00 - Epoch 1, Model Loss 6.849100901410471, View Loss -5.705268785065296
03-Aug-26 16:58:49 - Epoch 2, Model Loss 7.0276170618393845, View Loss -2.9274507098727756
03-Aug-26 17:00:39 - Epoch 3, Model Loss 7.514556950213862, View Loss 1.9731483428306829
03-Aug-26 17:02:30 - Epoch 4, Model Loss 6.844280018525965, View Loss 2.789398542416641
03-Aug-26 17:04:21 - Epoch 5, Model Loss 6.9817382027121155, View Loss 2.9807250624388653
03-Aug-26 17:04:24 - Epoch 5: Train_acc 0.5424836601307189 Val_acc 0.5228758169934641 Test_acc 0.5287958115183246 Test_auc 0.4940659340659341
03-Aug-26 17:06:25 - Epoch 6, Model Loss 7.054572694441852, View Loss 3.2585835332184834
03-Aug-26 17:08:25 - Epoch 7, Model Loss 7.168505107655244, View Loss 3.470472346723469
03-Aug-26 17:10:25 - Epoch 8, Model Loss 6.805508171031677, View Loss 3.317659409217585
03-Aug-26 17:12:18 - Epoch 9, Model Loss 6.732330400180193, View Loss 3.4407898990157384
03-Aug-26 17:14:23 - Epoch 10, Model Loss 6.728397388084262, View Loss 3.5895572534573623
03-Aug-26 17:14:26 - Epoch 10: Train_acc 0.5147058823529411 Val_acc 0.5294117647058824 Test_acc 0.5078534031413613 Test_auc 0.4703296703296704
03-Aug-26 17:16:36 - Epoch 11, Model Loss 6.721539188833797, View Loss 3.8042266524695103
03-Aug-26 17:18:43 - Epoch 12, Model Loss 6.673115356295717, View Loss 3.8692023364547032
03-Aug-26 17:20:48 - Epoch 13, Model Loss 6.708510377048667, View Loss 4.100772302914289
03-Aug-26 17:22:58 - Epoch 14, Model Loss 6.770723467558817, View Loss 4.19418545330272
03-Aug-26 17:25:08 - Epoch 15, Model Loss 6.771901866189794, View Loss 4.3234006937812355
03-Aug-26 17:25:11 - Epoch 15: Train_acc 0.5506535947712419 Val_acc 0.5163398692810458 Test_acc 0.5392670157068062 Test_auc 0.5021978021978021
03-Aug-26 17:27:20 - Epoch 16, Model Loss 6.730418435888352, View Loss 4.369756474214442
03-Aug-26 17:29:24 - Epoch 17, Model Loss 6.725758141162348, View Loss 4.384288080377517
03-Aug-26 17:31:17 - Epoch 18, Model Loss 6.748624265583512, View Loss 4.382983251334795
03-Aug-26 17:33:09 - Epoch 19, Model Loss 6.685088874467837, View Loss 4.3737877957961135
03-Aug-26 17:35:10 - Epoch 20, Model Loss 6.682363182890649, View Loss 4.390737072315091
03-Aug-26 17:35:13 - Epoch 20: Train_acc 0.5555555555555556 Val_acc 0.5163398692810458 Test_acc 0.5392670157068062 Test_auc 0.48879120879120885
03-Aug-26 17:37:08 - Epoch 21, Model Loss 6.696241067125906, View Loss 4.3905953831142845
03-Aug-26 17:39:00 - Epoch 22, Model Loss 6.661526854521309, View Loss 4.425026759602665
03-Aug-26 17:40:57 - Epoch 23, Model Loss 6.690961856468051, View Loss 4.427954078499788
03-Aug-26 17:42:54 - Epoch 24, Model Loss 6.684703976500268, View Loss 4.407495118434133
03-Aug-26 17:44:51 - Epoch 25, Model Loss 6.655576120015064, View Loss 4.398615042368571
03-Aug-26 17:44:54 - Epoch 25: Train_acc 0.5522875816993464 Val_acc 0.5163398692810458 Test_acc 0.5392670157068062 Test_auc 0.5016483516483516
03-Aug-26 17:46:49 - Epoch 26, Model Loss 6.6850785554624075, View Loss 4.450995298772076
03-Aug-26 17:48:47 - Epoch 27, Model Loss 6.663542943842271, View Loss 4.427660050734975
03-Aug-26 17:50:40 - Epoch 28, Model Loss 6.712478793524449, View Loss 4.493538931304333
03-Aug-26 17:52:39 - Epoch 29, Model Loss 6.64295468922534, View Loss 4.452329486024146
03-Aug-26 17:54:32 - Epoch 30, Model Loss 6.617837650324005, View Loss 4.4118841676151055
03-Aug-26 17:54:35 - Epoch 30: Train_acc 0.553921568627451 Val_acc 0.5163398692810458 Test_acc 0.5340314136125655 Test_auc 0.5016483516483516
03-Aug-26 17:56:33 - Epoch 31, Model Loss 6.627770673215779, View Loss 4.420530328563616
03-Aug-26 17:58:32 - Epoch 32, Model Loss 6.627790962169373, View Loss 4.449087395387537
03-Aug-26 18:00:29 - Epoch 33, Model Loss 6.603248455945184, View Loss 4.4454185978259915
03-Aug-26 18:02:27 - Epoch 34, Model Loss 6.624924410402385, View Loss 4.444314470478132
03-Aug-26 18:04:22 - Epoch 35, Model Loss 6.641603127024532, View Loss 4.487704828673718
03-Aug-26 18:04:25 - Epoch 35: Train_acc 0.5506535947712419 Val_acc 0.5163398692810458 Test_acc 0.5392670157068062 Test_auc 0.5023076923076922
03-Aug-26 18:06:18 - Epoch 36, Model Loss 6.627741461485819, View Loss 4.453389903299169
03-Aug-26 18:08:07 - Epoch 37, Model Loss 6.571068314944997, View Loss 4.449865880355336
03-Aug-26 18:09:56 - Epoch 38, Model Loss 6.607994272817973, View Loss 4.455994827295441
03-Aug-26 18:11:44 - Epoch 39, Model Loss 6.618903250476114, View Loss 4.484648349238377
03-Aug-26 18:13:31 - Epoch 40, Model Loss 6.59070979224311, View Loss 4.427332744099735
03-Aug-26 18:13:34 - Epoch 40: Train_acc 0.5506535947712419 Val_acc 0.5163398692810458 Test_acc 0.5392670157068062 Test_auc 0.5023076923076922
03-Aug-26 18:15:27 - Epoch 41, Model Loss 6.6166070146498335, View Loss 4.458113100014481
03-Aug-26 18:17:16 - Epoch 42, Model Loss 6.621395924512078, View Loss 4.434655127182506
03-Aug-26 18:19:09 - Epoch 43, Model Loss 6.600876521440893, View Loss 4.511118879505232
03-Aug-26 18:21:00 - Epoch 44, Model Loss 6.625572323019988, View Loss 4.478475904153063
03-Aug-26 18:22:49 - Epoch 45, Model Loss 6.592871385462144, View Loss 4.495977513930377
03-Aug-26 18:22:52 - Epoch 45: Train_acc 0.553921568627451 Val_acc 0.5163398692810458 Test_acc 0.5392670157068062 Test_auc 0.48934065934065935
03-Aug-26 18:24:47 - Epoch 46, Model Loss 6.5954170663372365, View Loss 4.473692893981934
03-Aug-26 18:26:40 - Epoch 47, Model Loss 6.562737290376152, View Loss 4.449014283473195
03-Aug-26 18:28:31 - Epoch 48, Model Loss 6.56670141531751, View Loss 4.452404386856976
03-Aug-26 18:30:27 - Epoch 49, Model Loss 6.536012774199442, View Loss 4.495606235429352
03-Aug-26 18:32:18 - Epoch 50, Model Loss 6.555728204889236, View Loss 4.419939733019062
03-Aug-26 18:32:21 - Epoch 50: Train_acc 0.5522875816993464 Val_acc 0.5163398692810458 Test_acc 0.5340314136125655 Test_auc 0.5009890109890109
03-Aug-26 18:34:15 - Epoch 51, Model Loss 6.5505152808295355, View Loss 4.4668852799858145
03-Aug-26 18:36:03 - Epoch 52, Model Loss 6.526965858110415, View Loss 4.4639545515471815
03-Aug-26 18:37:57 - Epoch 53, Model Loss 6.53247944825615, View Loss 4.453001246732824
03-Aug-26 18:39:45 - Epoch 54, Model Loss 6.538299167857451, View Loss 4.472062104667714
03-Aug-26 18:41:37 - Epoch 55, Model Loss 6.578768303191739, View Loss 4.518834244971182
03-Aug-26 18:41:40 - Epoch 55: Train_acc 0.511437908496732 Val_acc 0.5228758169934641 Test_acc 0.5235602094240838 Test_auc 0.46989010989010993
03-Aug-26 18:43:33 - Epoch 56, Model Loss 6.570024979659935, View Loss 4.503219149471108
03-Aug-26 18:45:25 - Epoch 57, Model Loss 6.550691853940877, View Loss 4.4588086745318245
03-Aug-26 18:47:14 - Epoch 58, Model Loss 6.57302800035165, View Loss 4.518151569989771
03-Aug-26 18:49:03 - Epoch 59, Model Loss 6.596226408590678, View Loss 4.491295178731282
03-Aug-26 18:50:50 - Epoch 60, Model Loss 6.5129096461277385, View Loss 4.459791080624449
03-Aug-26 18:50:53 - Epoch 60: Train_acc 0.5408496732026143 Val_acc 0.5294117647058824 Test_acc 0.5287958115183246 Test_auc 0.4912087912087912
03-Aug-26 18:52:44 - Epoch 61, Model Loss 6.5722580891029505, View Loss 4.477659287795522
03-Aug-26 18:54:32 - Epoch 62, Model Loss 6.51258790570926, View Loss 4.47237588533389
03-Aug-26 18:56:21 - Epoch 63, Model Loss 6.487057994393742, View Loss 4.485172312244091
03-Aug-26 18:58:10 - Epoch 64, Model Loss 6.5297879362417985, View Loss 4.464672013825061
03-Aug-26 18:59:57 - Epoch 65, Model Loss 6.552136788960376, View Loss 4.472239329144846
03-Aug-26 19:00:00 - Epoch 65: Train_acc 0.5408496732026143 Val_acc 0.5294117647058824 Test_acc 0.5287958115183246 Test_auc 0.49142857142857144
03-Aug-26 19:01:46 - Epoch 66, Model Loss 6.496301816179861, View Loss 4.508283166324391
03-Aug-26 19:03:33 - Epoch 67, Model Loss 6.483617128110399, View Loss 4.491815373788472
03-Aug-26 19:05:18 - Epoch 68, Model Loss 6.461126299465404, View Loss 4.46165352553324
03-Aug-26 19:07:05 - Epoch 69, Model Loss 6.489380552877788, View Loss 4.479207204058279
03-Aug-26 19:08:49 - Epoch 70, Model Loss 6.509905631246131, View Loss 4.469609777911816
03-Aug-26 19:08:52 - Epoch 70: Train_acc 0.5392156862745098 Val_acc 0.5294117647058824 Test_acc 0.5235602094240838 Test_auc 0.49076923076923085
03-Aug-26 19:10:37 - Epoch 71, Model Loss 6.482625160341948, View Loss 4.46713671341441
03-Aug-26 19:12:22 - Epoch 72, Model Loss 6.438925369113099, View Loss 4.502665030410866
03-Aug-26 19:14:06 - Epoch 73, Model Loss 6.452391973507949, View Loss 4.496842664830825
03-Aug-26 19:15:50 - Epoch 74, Model Loss 6.496540359422272, View Loss 4.4502813925150955
03-Aug-26 19:17:33 - Epoch 75, Model Loss 6.517586480558308, View Loss 4.478350349501068
03-Aug-26 19:17:36 - Epoch 75: Train_acc 0.5392156862745098 Val_acc 0.5294117647058824 Test_acc 0.5235602094240838 Test_auc 0.4906593406593407
03-Aug-26 19:19:20 - Epoch 76, Model Loss 6.5094655417149365, View Loss 4.510155316271813
03-Aug-26 19:21:03 - Epoch 77, Model Loss 6.446051335802265, View Loss 4.502234038184671
03-Aug-26 19:22:46 - Epoch 78, Model Loss 6.472797733506346, View Loss 4.5153426220214445
03-Aug-26 19:24:29 - Epoch 79, Model Loss 6.435422208574083, View Loss 4.479123648475198
03-Aug-26 19:26:12 - Epoch 80, Model Loss 6.442829911225761, View Loss 4.534257667516571
03-Aug-26 19:26:15 - Epoch 80: Train_acc 0.5522875816993464 Val_acc 0.5163398692810458 Test_acc 0.5340314136125655 Test_auc 0.5010989010989011
03-Aug-26 19:27:58 - Epoch 81, Model Loss 6.422531464520623, View Loss 4.502107324163898
03-Aug-26 19:29:42 - Epoch 82, Model Loss 6.440099448160408, View Loss 4.5092145570742534
03-Aug-26 19:31:25 - Epoch 83, Model Loss 6.413605272380355, View Loss 4.504272040198831
03-Aug-26 19:33:08 - Epoch 84, Model Loss 6.441522165061602, View Loss 4.526145635866651
03-Aug-26 19:34:51 - Epoch 85, Model Loss 6.464231067233616, View Loss 4.517933234669804
03-Aug-26 19:34:54 - Epoch 85: Train_acc 0.5392156862745098 Val_acc 0.5294117647058824 Test_acc 0.5235602094240838 Test_auc 0.49000000000000005
03-Aug-26 19:36:36 - Epoch 86, Model Loss 6.446240001254612, View Loss 4.500490001603668
03-Aug-26 19:38:19 - Epoch 87, Model Loss 6.412716862422968, View Loss 4.499032260545718
03-Aug-26 19:40:03 - Epoch 88, Model Loss 6.397675411373961, View Loss 4.511287243537653
03-Aug-26 19:41:45 - Epoch 89, Model Loss 6.412210377213222, View Loss 4.529420341541565
03-Aug-26 19:43:28 - Epoch 90, Model Loss 6.4128146826052195, View Loss 4.493021266912323
03-Aug-26 19:43:31 - Epoch 90: Train_acc 0.5506535947712419 Val_acc 0.5163398692810458 Test_acc 0.5392670157068062 Test_auc 0.5024175824175824
03-Aug-26 19:45:15 - Epoch 91, Model Loss 6.410211061340531, View Loss 4.54148918662975
03-Aug-26 19:46:58 - Epoch 92, Model Loss 6.4234312749376485, View Loss 4.493524376862968
03-Aug-26 19:48:41 - Epoch 93, Model Loss 6.413312927570218, View Loss 4.513166954314786
03-Aug-26 19:50:24 - Epoch 94, Model Loss 6.364594091776929, View Loss 4.510177222731846
03-Aug-26 19:52:07 - Epoch 95, Model Loss 6.408070252611746, View Loss 4.502161580752703
03-Aug-26 19:52:10 - Epoch 95: Train_acc 0.5392156862745098 Val_acc 0.5294117647058824 Test_acc 0.5235602094240838 Test_auc 0.49010989010989015
03-Aug-26 19:53:53 - Epoch 96, Model Loss 6.382170596153908, View Loss 4.512072239046782
03-Aug-26 19:55:37 - Epoch 97, Model Loss 6.369506424548579, View Loss 4.483752175873401
03-Aug-26 19:57:20 - Epoch 98, Model Loss 6.365395739187602, View Loss 4.504324193094291
03-Aug-26 19:59:03 - Epoch 99, Model Loss 6.4063125965642, View Loss 4.495329585729861
03-Aug-26 20:00:46 - Epoch 100, Model Loss 6.354809081632327, View Loss 4.5385706783120146
03-Aug-26 20:00:49 - Epoch 100: Train_acc 0.5555555555555556 Val_acc 0.5163398692810458 Test_acc 0.5392670157068062 Test_auc 0.493956043956044
03-Aug-26 20:00:49 - FinishedTraining! BestEpoch (eval-interval index): 1
03-Aug-26 20:00:49 - Wrote /users/3171356m/muhammad/GraSTIACL/nested_cv/results/combat__emb32_bs128__fold3.json
03-Aug-26 20:00:49 - {
  "emb_dim": 32,
  "batch_size": 128,
  "fold": 3,
  "combat": true,
  "n_train": 612,
  "n_val": 153,
  "n_test": 191,
  "best_val_epoch_idx": 1,
  "train_accuracy": 0.5147058823529411,
  "val_accuracy": 0.5294117647058824,
  "test_accuracy": 0.5078534031413613,
  "train_f1": 0.051118210862619806,
  "val_f1": 0.12195121951219512,
  "test_f1": 0.12962962962962962,
  "train_sensitivity": 0.02749140884023571,
  "val_sensitivity": 0.06849314974666919,
  "test_sensitivity": 0.0769230760777684,
  "train_specificity": 0.9563862898554945,
  "val_specificity": 0.9499999881250002,
  "test_specificity": 0.8999999910000002,
  "train_precision": 0.36363636363636365,
  "val_precision": 0.5555555555555556,
  "test_precision": 0.4117647058823529,
  "test_auc": 0.4703296703296704
}
