03-Aug-26 18:34:06 - Using Device: cuda
03-Aug-26 18:34:06 - Seed: 123, Fold: 0, ComBat: True
03-Aug-26 18:34:06 - Namespace(fold=0, combat=True, num_dyn_windows=3, model_lr=0.0005, view_lr=0.0005, num_gc_layers=1, pooling_type='standard', emb_dim=128, vib_hidden_dim=400, batch_size=128, drop_ratio=0.3, epochs=100, kld_lambda=0.003, eval_interval=5, downstream_classifier='linear', ce_lambda=2.0, seed=123)
03-Aug-26 18:34:06 - Loading raw subject data...
03-Aug-26 18:34:12 - Loaded 956 subjects (455 ASD, 501 NC)
03-Aug-26 18:34:13 - Train/Val/Test sizes: 611/153/192
03-Aug-26 18:36:07 - Epoch 1, Model Loss 6.810069355753947, View Loss -5.703538687061366
03-Aug-26 18:37:57 - Epoch 2, Model Loss 6.594652722197937, View Loss -3.1939292234992043
03-Aug-26 18:39:43 - Epoch 3, Model Loss 6.993835790262675, View Loss 1.760678008028021
03-Aug-26 18:41:33 - Epoch 4, Model Loss 6.778079524563104, View Loss 2.71576239590559
03-Aug-26 18:43:27 - Epoch 5, Model Loss 6.629336482764461, View Loss 2.7805225275542265
03-Aug-26 18:43:31 - Epoch 5: Train_acc 0.5450081833060556 Val_acc 0.477124183006536 Test_acc 0.5416666666666666 Test_auc 0.5416167990425416
03-Aug-26 18:45:24 - Epoch 6, Model Loss 6.552050654509649, View Loss 2.9745159199897278
03-Aug-26 18:47:10 - Epoch 7, Model Loss 6.546575621965474, View Loss 3.0459142714592518
03-Aug-26 18:49:03 - Epoch 8, Model Loss 6.644278243793793, View Loss 3.2390519441052077
03-Aug-26 18:50:53 - Epoch 9, Model Loss 6.6356051096939614, View Loss 3.4008018654419043
03-Aug-26 18:52:46 - Epoch 10, Model Loss 6.5178089813007665, View Loss 3.4628155633392583
03-Aug-26 18:52:49 - Epoch 10: Train_acc 0.5433715220949263 Val_acc 0.48366013071895425 Test_acc 0.5260416666666666 Test_auc 0.5242084648025243
03-Aug-26 18:54:35 - Epoch 11, Model Loss 6.488267549711437, View Loss 3.607765214532955
03-Aug-26 18:56:31 - Epoch 12, Model Loss 6.464695164107652, View Loss 3.758828663006547
03-Aug-26 18:58:31 - Epoch 13, Model Loss 6.527772119899819, View Loss 3.902006009206444
03-Aug-26 19:00:18 - Epoch 14, Model Loss 6.570669730634424, View Loss 4.122943995236961
03-Aug-26 19:02:06 - Epoch 15, Model Loss 6.560507339658597, View Loss 4.181379672938595
03-Aug-26 19:02:09 - Epoch 15: Train_acc 0.5450081833060556 Val_acc 0.49673202614379086 Test_acc 0.53125 Test_auc 0.5312806005875313
03-Aug-26 19:04:02 - Epoch 16, Model Loss 6.555801795859579, View Loss 4.208269462257673
03-Aug-26 19:05:50 - Epoch 17, Model Loss 6.599232442640439, View Loss 4.267764116465168
03-Aug-26 19:07:43 - Epoch 18, Model Loss 6.576594982521819, View Loss 4.270992954897217
03-Aug-26 19:09:31 - Epoch 19, Model Loss 6.5658113624772545, View Loss 4.219006737008227
03-Aug-26 19:11:27 - Epoch 20, Model Loss 6.580809640025937, View Loss 4.259218733361426
03-Aug-26 19:11:30 - Epoch 20: Train_acc 0.5450081833060556 Val_acc 0.49019607843137253 Test_acc 0.5364583333333334 Test_auc 0.5336742465455336
03-Aug-26 19:13:23 - Epoch 21, Model Loss 6.555497774320812, View Loss 4.278936492245638
03-Aug-26 19:15:11 - Epoch 22, Model Loss 6.557992637059888, View Loss 4.3040002633233705
03-Aug-26 19:16:58 - Epoch 23, Model Loss 6.627959714973811, View Loss 4.30489042503744
03-Aug-26 19:18:43 - Epoch 24, Model Loss 6.557906896900233, View Loss 4.306063318798858
03-Aug-26 19:20:29 - Epoch 25, Model Loss 6.6568908082677964, View Loss 4.363084950735838
03-Aug-26 19:20:32 - Epoch 25: Train_acc 0.5450081833060556 Val_acc 0.48366013071895425 Test_acc 0.53125 Test_auc 0.5234468501795234
03-Aug-26 19:22:23 - Epoch 26, Model Loss 6.550335152839873, View Loss 4.316827854431202
03-Aug-26 19:24:11 - Epoch 27, Model Loss 6.546895027941066, View Loss 4.333886051334063
03-Aug-26 19:25:59 - Epoch 28, Model Loss 6.539280375560255, View Loss 4.365726091662718
03-Aug-26 19:27:47 - Epoch 29, Model Loss 6.498028942488999, View Loss 4.321332769971432
03-Aug-26 19:29:32 - Epoch 30, Model Loss 6.545307857900516, View Loss 4.35305979755233
03-Aug-26 19:29:35 - Epoch 30: Train_acc 0.5433715220949263 Val_acc 0.477124183006536 Test_acc 0.5208333333333334 Test_auc 0.5208356000435208
03-Aug-26 19:31:27 - Epoch 31, Model Loss 6.506856969062318, View Loss 4.339401758634127
03-Aug-26 19:33:15 - Epoch 32, Model Loss 6.5120011788538354, View Loss 4.3376224997000685
03-Aug-26 19:35:01 - Epoch 33, Model Loss 6.5132499880564385, View Loss 4.377878694799644
03-Aug-26 19:36:46 - Epoch 34, Model Loss 6.559858517248775, View Loss 4.35513858124004
03-Aug-26 19:38:31 - Epoch 35, Model Loss 6.521011282301183, View Loss 4.333176298344389
03-Aug-26 19:38:34 - Epoch 35: Train_acc 0.5384615384615384 Val_acc 0.45751633986928103 Test_acc 0.53125 Test_auc 0.5303013817865303
03-Aug-26 19:40:26 - Epoch 36, Model Loss 6.53811505110096, View Loss 4.346715625101143
03-Aug-26 19:42:16 - Epoch 37, Model Loss 6.553261813087276, View Loss 4.373419214582677
03-Aug-26 19:44:05 - Epoch 38, Model Loss 6.655023379723882, View Loss 4.471904326968029
03-Aug-26 19:45:58 - Epoch 39, Model Loss 6.611898132705064, View Loss 4.42567323975009
03-Aug-26 19:47:49 - Epoch 40, Model Loss 6.473229972508457, View Loss 4.332706235239431
03-Aug-26 19:47:49 - Epoch 40: Train_acc 0.5482815057283142 Val_acc 0.477124183006536 Test_acc 0.5104166666666666 Test_auc 0.5201827875095201
03-Aug-26 19:49:42 - Epoch 41, Model Loss 6.506507411525995, View Loss 4.3792073699339324
03-Aug-26 19:51:30 - Epoch 42, Model Loss 6.4971222073668935, View Loss 4.399974016823277
03-Aug-26 19:53:18 - Epoch 43, Model Loss 6.491078496954835, View Loss 4.395716134928252
03-Aug-26 19:55:04 - Epoch 44, Model Loss 6.519144101150688, View Loss 4.374442793538645
03-Aug-26 19:56:51 - Epoch 45, Model Loss 6.4916106511254945, View Loss 4.372254522264297
03-Aug-26 19:56:54 - Epoch 45: Train_acc 0.5433715220949263 Val_acc 0.49019607843137253 Test_acc 0.5364583333333334 Test_auc 0.5333478402785333
03-Aug-26 19:58:45 - Epoch 46, Model Loss 6.476793952542319, View Loss 4.360577430350496
03-Aug-26 20:00:35 - Epoch 47, Model Loss 6.491570147281778, View Loss 4.4181435354017395
03-Aug-26 20:02:21 - Epoch 48, Model Loss 6.518719979081723, View Loss 4.367013796261602
03-Aug-26 20:04:08 - Epoch 49, Model Loss 6.4550302251075955, View Loss 4.372482807858681
03-Aug-26 20:06:00 - Epoch 50, Model Loss 6.486066189998495, View Loss 4.399111529223853
03-Aug-26 20:06:03 - Epoch 50: Train_acc 0.546644844517185 Val_acc 0.47058823529411764 Test_acc 0.5208333333333334 Test_auc 0.5215972146665216
03-Aug-26 20:07:55 - Epoch 51, Model Loss 6.4586048048178615, View Loss 4.397693992246388
03-Aug-26 20:09:42 - Epoch 52, Model Loss 6.472093400315255, View Loss 4.427316717937613
03-Aug-26 20:11:29 - Epoch 53, Model Loss 6.4467724036858245, View Loss 4.394449672605324
03-Aug-26 20:13:23 - Epoch 54, Model Loss 6.4596771109123665, View Loss 4.409594629478143
03-Aug-26 20:15:10 - Epoch 55, Model Loss 6.458203518644292, View Loss 4.397604812771911
03-Aug-26 20:15:13 - Epoch 55: Train_acc 0.5450081833060556 Val_acc 0.49019607843137253 Test_acc 0.5364583333333334 Test_auc 0.5336742465455337
03-Aug-26 20:17:07 - Epoch 56, Model Loss 6.438241243752637, View Loss 4.401043414289159
03-Aug-26 20:18:55 - Epoch 57, Model Loss 6.421637661523397, View Loss 4.404786340148476
03-Aug-26 20:20:46 - Epoch 58, Model Loss 6.444038837514025, View Loss 4.408874688093869
03-Aug-26 20:22:34 - Epoch 59, Model Loss 6.40383150534622, View Loss 4.343985921232282
03-Aug-26 20:24:24 - Epoch 60, Model Loss 6.468327572224768, View Loss 4.429291277197105
03-Aug-26 20:24:27 - Epoch 60: Train_acc 0.5450081833060556 Val_acc 0.49019607843137253 Test_acc 0.5364583333333334 Test_auc 0.533891850723534
03-Aug-26 20:26:19 - Epoch 61, Model Loss 6.414500500293488, View Loss 4.415470031201352
03-Aug-26 20:28:10 - Epoch 62, Model Loss 6.421061845926138, View Loss 4.3858314918418175
03-Aug-26 20:29:57 - Epoch 63, Model Loss 6.465392273498635, View Loss 4.417174071610072
03-Aug-26 20:31:43 - Epoch 64, Model Loss 6.415744402990013, View Loss 4.43730006085285
03-Aug-26 20:33:29 - Epoch 65, Model Loss 6.398802945344616, View Loss 4.420678486020202
03-Aug-26 20:33:32 - Epoch 65: Train_acc 0.5499181669394435 Val_acc 0.46405228758169936 Test_acc 0.5104166666666666 Test_auc 0.5243172668915244
03-Aug-26 20:35:24 - Epoch 66, Model Loss 6.396489830922378, View Loss 4.411451910989764
03-Aug-26 20:37:11 - Epoch 67, Model Loss 6.367495072453775, View Loss 4.419218639305102
03-Aug-26 20:38:58 - Epoch 68, Model Loss 6.412663278720188, View Loss 4.422646598222798
03-Aug-26 20:40:54 - Epoch 69, Model Loss 6.380973198605052, View Loss 4.413602191375633
03-Aug-26 20:42:43 - Epoch 70, Model Loss 6.394833986185576, View Loss 4.443569401867456
03-Aug-26 20:42:46 - Epoch 70: Train_acc 0.5417348608837971 Val_acc 0.49019607843137253 Test_acc 0.5260416666666666 Test_auc 0.5340006528125341
03-Aug-26 20:44:41 - Epoch 71, Model Loss 6.390369338021536, View Loss 4.426114208764608
03-Aug-26 20:46:29 - Epoch 72, Model Loss 6.3938025866319625, View Loss 4.4006543370198505
03-Aug-26 20:48:23 - Epoch 73, Model Loss 6.40336197995125, View Loss 4.484433349727999
03-Aug-26 20:50:15 - Epoch 74, Model Loss 6.344418883128564, View Loss 4.486463597480287
03-Aug-26 20:52:08 - Epoch 75, Model Loss 6.406726084052053, View Loss 4.412507462228379
03-Aug-26 20:52:11 - Epoch 75: Train_acc 0.5400981996726678 Val_acc 0.48366013071895425 Test_acc 0.5416666666666666 Test_auc 0.541072788597541
03-Aug-26 20:54:02 - Epoch 76, Model Loss 6.391971666176854, View Loss 4.416515657047203
03-Aug-26 20:55:49 - Epoch 77, Model Loss 6.387249867771729, View Loss 4.419005919205186
03-Aug-26 20:57:36 - Epoch 78, Model Loss 6.375406038936734, View Loss 4.440546800579065
03-Aug-26 20:59:27 - Epoch 79, Model Loss 6.335697440976207, View Loss 4.45925636260287
03-Aug-26 21:01:14 - Epoch 80, Model Loss 6.3474631371942944, View Loss 4.407199289131476
03-Aug-26 21:01:17 - Epoch 80: Train_acc 0.5499181669394435 Val_acc 0.47058823529411764 Test_acc 0.515625 Test_auc 0.521923620933522
03-Aug-26 21:03:03 - Epoch 81, Model Loss 6.377731448109529, View Loss 4.429717354220377
03-Aug-26 21:04:50 - Epoch 82, Model Loss 6.362385208204803, View Loss 4.402472130795743
03-Aug-26 21:06:37 - Epoch 83, Model Loss 6.374633088244549, View Loss 4.44273959673368
03-Aug-26 21:08:24 - Epoch 84, Model Loss 6.357458041264461, View Loss 4.433564966517072
03-Aug-26 21:10:11 - Epoch 85, Model Loss 6.353913201052702, View Loss 4.459998787912721
03-Aug-26 21:10:14 - Epoch 85: Train_acc 0.5450081833060556 Val_acc 0.477124183006536 Test_acc 0.5416666666666666 Test_auc 0.5417256011315417
03-Aug-26 21:12:04 - Epoch 86, Model Loss 6.332205372824411, View Loss 4.401445065699701
03-Aug-26 21:13:53 - Epoch 87, Model Loss 6.304913218790108, View Loss 4.437996967334404
03-Aug-26 21:15:39 - Epoch 88, Model Loss 6.32634045059279, View Loss 4.460178930123387
03-Aug-26 21:17:37 - Epoch 89, Model Loss 6.342447861516924, View Loss 4.421712970577558
03-Aug-26 21:19:26 - Epoch 90, Model Loss 6.361083230488429, View Loss 4.419657068830075
03-Aug-26 21:19:29 - Epoch 90: Train_acc 0.5417348608837971 Val_acc 0.49019607843137253 Test_acc 0.5416666666666666 Test_auc 0.5344358611685345
03-Aug-26 21:21:21 - Epoch 91, Model Loss 6.410073302966678, View Loss 4.471155477233487
03-Aug-26 21:23:16 - Epoch 92, Model Loss 6.314801010094376, View Loss 4.448110217548626
03-Aug-26 21:25:06 - Epoch 93, Model Loss 6.3312547273214435, View Loss 4.445763886072436
03-Aug-26 21:26:58 - Epoch 94, Model Loss 6.34890215057398, View Loss 4.431868181681282
03-Aug-26 21:28:48 - Epoch 95, Model Loss 6.3416974111391555, View Loss 4.4730405971383504
03-Aug-26 21:28:51 - Epoch 95: Train_acc 0.5400981996726678 Val_acc 0.49673202614379086 Test_acc 0.53125 Test_auc 0.5329126319225329
03-Aug-26 21:30:43 - Epoch 96, Model Loss 6.3038661741390944, View Loss 4.457991619547143
03-Aug-26 21:32:30 - Epoch 97, Model Loss 6.28985121675482, View Loss 4.4342092656074685
03-Aug-26 21:34:17 - Epoch 98, Model Loss 6.330987390246602, View Loss 4.489033734154584
03-Aug-26 21:36:03 - Epoch 99, Model Loss 6.324935081157278, View Loss 4.437974367906536
03-Aug-26 21:37:49 - Epoch 100, Model Loss 6.328550971666451, View Loss 4.461761085179355
03-Aug-26 21:37:52 - Epoch 100: Train_acc 0.5384615384615384 Val_acc 0.49019607843137253 Test_acc 0.5520833333333334 Test_auc 0.5411815906865413
03-Aug-26 21:37:52 - FinishedTraining! BestEpoch (eval-interval index): 2
03-Aug-26 21:37:52 - Wrote /users/3171356m/muhammad/GraSTIACL/nested_cv/results/combat__emb128_bs128__fold0.json
03-Aug-26 21:37:52 - {
  "emb_dim": 128,
  "batch_size": 128,
  "fold": 0,
  "combat": true,
  "n_train": 611,
  "n_val": 153,
  "n_test": 192,
  "best_val_epoch_idx": 2,
  "train_accuracy": 0.5450081833060556,
  "val_accuracy": 0.49673202614379086,
  "test_accuracy": 0.53125,
  "train_f1": 0.36818181818181817,
  "val_f1": 0.3063063063063063,
  "test_f1": 0.4,
  "train_sensitivity": 0.27835051450738657,
  "val_sensitivity": 0.23287670913867523,
  "test_sensitivity": 0.32967032604757884,
  "train_specificity": 0.7874999975390625,
  "val_specificity": 0.7374999907812502,
  "test_specificity": 0.7128712800705814,
  "train_precision": 0.5436241610738255,
  "val_precision": 0.4473684210526316,
  "test_precision": 0.5084745762711864,
  "test_auc": 0.5312806005875313
}
