16-Aug-26 02:42:40 - Using Device: cuda
16-Aug-26 02:42:40 - Seed: 123
16-Aug-26 02:42:40 - Namespace(name='GraSTIACL_ABIDE_979', path='/users/3171356m/muhammad/GraSTIACL/data/GraSTIACL_ABIDE_979', template=90, num_dyn_windows=3, model_lr=0.0005, view_lr=0.0005, num_gc_layers=2, pooling_type='standard', emb_dim=32, vib_hidden_dim=400, batch_size=32, drop_ratio=0.3, epochs=2, kld_lambda=0.003, reg_lambda=1.0, gamma_mode='paper_literal', node_feature_mode='alff', mij_source='alff', eval_interval=1, downstream_classifier='linear', ce_lambda=2.0, weight_decay=0.0, early_stop_patience=0, seed=123, freeze_adversary=True, signed_edges=False, supervised_holdout=False, replicate_original_code=False)
/users/3171356m/muhammad/GraSTIACL/datasets/Dataset.py:51: FutureWarning: You are using `torch.load` with `weights_only=False` (the current default value), which uses the default pickle module implicitly. It is possible to construct malicious pickle data which will execute arbitrary code during unpickling (See https://github.com/pytorch/pytorch/blob/main/SECURITY.md#untrusted-models for more details). In a future release, the default value for `weights_only` will be flipped to `True`. This limits the functions that could be executed during unpickling. Arbitrary objects will no longer be allowed to be loaded via this mode unless they are explicitly allowlisted by the user via `torch.serialization.add_safe_globals`. We recommend you start setting `weights_only=True` for any use case where you don't have full control of the loaded file. Please open an issue on GitHub for any issues related to this experimental feature.
  self.data, self.slices = torch.load(path)
/users/3171356m/miniconda3/envs/grastiacl/lib/python3.12/site-packages/torch_geometric/data/in_memory_dataset.py:300: UserWarning: It is not recommended to directly access the internal storage format `data` of an 'InMemoryDataset'. If you are absolutely certain what you are doing, access the internal storage via `InMemoryDataset._data` instead to suppress this warning. Alternatively, you can access stacked individual attributes of every graph via `dataset.{attr_name}`.
  warnings.warn(msg)
16-Aug-26 02:43:21 - Before training Embedding Eval Scores: Train: [0.5822197618818394, 0.013030028657137862, 0.5169242312098057, 0.021453266056937575, 0.47079037638903654, 0.030504936006748876, 0.6833021785553282, 0.02708353229063792, 0.5744662292584983, 0.01692944702895715] Val: [0.5450980392156863, 0.03546316331045894, 0.4912964050660819, 0.02745749968807639, 0.46027396629761697, 0.035298900137618154, 0.6224999922187502, 0.07474958100426052, 0.5306375820975363, 0.045854634485845855] Test: [0.5407940663176265, 0.020782731874021926, 0.47679858823273, 0.012263796600061059, 0.43956043473010514, 0.018388132249230985, 0.6327524689323518, 0.04775149656529898, 0.5227490475325252, 0.027228199308152477, 0.553066913284735, 0.020776928247939808]
16-Aug-26 02:44:52 - Epoch 1, Model Loss 3.773686394033073, View Loss -9.986961835597848, Reg 0.4988476686397856
/users/3171356m/miniconda3/envs/grastiacl/lib/python3.12/site-packages/torch_geometric/data/in_memory_dataset.py:300: UserWarning: It is not recommended to directly access the internal storage format `data` of an 'InMemoryDataset'. The data of the dataset is already cached, so any modifications to `data` will not be reflected when accessing its elements. Clearing the cache now by removing all elements in `dataset._data_list`. If you are absolutely certain what you are doing, access the internal storage via `InMemoryDataset._data` instead to suppress this warning. Alternatively, you can access stacked individual attributes of every graph via `dataset.{attr_name}`.
  warnings.warn(msg)
16-Aug-26 02:44:54 - Metric: accuracy Train_mean: 0.5887594535904925 Val_mean: 0.5385620915032681 Test_mean: 0.5481184554973823
16-Aug-26 02:44:54 - Metric: accuracy Train_std: 0.028580490512223736 Val_std: 0.057218480073828196 Test_std: 0.024199642470877955
16-Aug-26 02:44:54 - Metric: f1 Train_mean: 0.5291632617489277 Val_mean: 0.48925599700149924 Test_mean: 0.48346572614748595
16-Aug-26 02:44:54 - Metric: f1 Train_std: 0.041241756913967184 Val_std: 0.058860478316446606 Test_std: 0.008881704745325328
16-Aug-26 02:44:54 - Metric: sen Train_mean: 0.4872852216931779 Val_mean: 0.4630136922874836 Test_mean: 0.4439560390774061
16-Aug-26 02:44:54 - Metric: sen Train_std: 0.04627833900119449 Val_std: 0.059015503927289034 Test_std: 0.014906219579327862
16-Aug-26 02:44:54 - Metric: spe Train_mean: 0.6808041256036269 Val_mean: 0.6074999924062501 Test_mean: 0.6427524688323517
16-Aug-26 02:44:54 - Metric: spe Train_std: 0.01643566112077867 Val_std: 0.0777013503683334 Test_std: 0.05679045606551528
16-Aug-26 02:44:54 - Metric: precision Train_mean: 0.5794931147381437 Val_mean: 0.521432026502449 Test_mean: 0.5328925065544784
16-Aug-26 02:44:54 - Metric: precision Train_std: 0.03354541222617187 Val_std: 0.07165899901972335 Test_std: 0.030823436956703934
16-Aug-26 02:46:26 - Epoch 2, Model Loss 3.503235970580927, View Loss -9.917739269623697, Reg 0.49896500948582734
/users/3171356m/miniconda3/envs/grastiacl/lib/python3.12/site-packages/torch_geometric/data/in_memory_dataset.py:300: UserWarning: It is not recommended to directly access the internal storage format `data` of an 'InMemoryDataset'. The data of the dataset is already cached, so any modifications to `data` will not be reflected when accessing its elements. Clearing the cache now by removing all elements in `dataset._data_list`. If you are absolutely certain what you are doing, access the internal storage via `InMemoryDataset._data` instead to suppress this warning. Alternatively, you can access stacked individual attributes of every graph via `dataset.{attr_name}`.
  warnings.warn(msg)
16-Aug-26 02:46:28 - Metric: accuracy Train_mean: 0.574046618101687 Val_mean: 0.5176470588235295 Test_mean: 0.5334260471204189
16-Aug-26 02:46:28 - Metric: accuracy Train_std: 0.021783748949315382 Val_std: 0.03541494688665117 Test_std: 0.027291615640545434
16-Aug-26 02:46:28 - Metric: f1 Train_mean: 0.5163759509585253 Val_mean: 0.47601364558791504 Test_mean: 0.47984303924892735
16-Aug-26 02:46:28 - Metric: f1 Train_std: 0.01746098197725985 Val_std: 0.04243524683343668 Test_std: 0.04205662508338834
16-Aug-26 02:46:28 - Metric: sen Train_mean: 0.4776632285990955 Val_mean: 0.46027396629761685 Test_mean: 0.4549450499456588
16-Aug-26 02:46:28 - Metric: sen Train_std: 0.012100905017975599 Val_std: 0.04946704065187011 Test_std: 0.05921843269125887
16-Aug-26 02:46:28 - Metric: spe Train_mean: 0.6614855898382762 Val_mean: 0.5699999928750001 Test_mean: 0.6048118751517636
16-Aug-26 02:46:28 - Metric: spe Train_std: 0.0352033796735098 Val_std: 0.043732138664688024 Test_std: 0.041519921679310824
16-Aug-26 02:46:28 - Metric: precision Train_mean: 0.5623984142346654 Val_mean: 0.4940285896967483 Test_mean: 0.5104600018943002
16-Aug-26 02:46:28 - Metric: precision Train_std: 0.028193097657926238 Val_std: 0.040210672801735875 Test_std: 0.02831155210653553
16-Aug-26 02:46:28 - FinishedTraining!
16-Aug-26 02:46:28 - BestEpoch: 0
16-Aug-26 02:46:28 - BestTrainScore: acc_mean: 0.5887594535904925 acc_std: 0.028580490512223736 f1_mean: 0.5291632617489277 f1_std: 0.041241756913967184 sen_mean: 0.4872852216931779 sen_std: 0.04627833900119449 spe_mean: 0.6808041256036269 spe_std: 0.01643566112077867 pre_mean: 0.5794931147381437 pre_std: 0.03354541222617187
16-Aug-26 02:46:28 - BestValidationScore: acc_mean: 0.5385620915032681 acc_std: 0.057218480073828196 f1_mean: 0.48925599700149924 f1_std: 0.058860478316446606 sen_mean: 0.4630136922874836 sen_std: 0.059015503927289034 spe_mean: 0.6074999924062501 spe_std: 0.0777013503683334 pre_mean: 0.521432026502449 pre_std: 0.07165899901972335
16-Aug-26 02:46:28 - BestTestScore: acc_mean: 0.5481184554973823 acc_std: 0.024199642470877955 f1_mean: 0.48346572614748595 f1_std: 0.008881704745325328 sen_mean: 0.4439560390774061 sen_std: 0.014906219579327862 spe_mean: 0.6427524688323517 spe_std: 0.05679045606551528 pre_mean: 0.5328925065544784 pre_std: 0.030823436956703934 auc_mean:0.5495341094549014 auc_std:0.03962395497454571
