16-Aug-26 02:38:40 - Using Device: cuda
16-Aug-26 02:38:40 - Seed: 123
16-Aug-26 02:38:40 - Namespace(name='GraSTIACL_ABIDE_979', path='/users/3171356m/muhammad/GraSTIACL/data/GraSTIACL_ABIDE_979', template=90, num_dyn_windows=3, model_lr=0.0005, view_lr=0.0005, num_gc_layers=2, pooling_type='standard', emb_dim=32, vib_hidden_dim=400, batch_size=32, drop_ratio=0.3, epochs=2, kld_lambda=0.003, reg_lambda=0.0, gamma_mode='paper_literal', node_feature_mode='alff', mij_source='alff', eval_interval=1, downstream_classifier='linear', ce_lambda=2.0, weight_decay=0.0, early_stop_patience=0, seed=123, freeze_adversary=False, signed_edges=False, supervised_holdout=False, replicate_original_code=True)
/users/3171356m/muhammad/GraSTIACL/datasets/Dataset.py:51: FutureWarning: You are using `torch.load` with `weights_only=False` (the current default value), which uses the default pickle module implicitly. It is possible to construct malicious pickle data which will execute arbitrary code during unpickling (See https://github.com/pytorch/pytorch/blob/main/SECURITY.md#untrusted-models for more details). In a future release, the default value for `weights_only` will be flipped to `True`. This limits the functions that could be executed during unpickling. Arbitrary objects will no longer be allowed to be loaded via this mode unless they are explicitly allowlisted by the user via `torch.serialization.add_safe_globals`. We recommend you start setting `weights_only=True` for any use case where you don't have full control of the loaded file. Please open an issue on GitHub for any issues related to this experimental feature.
  self.data, self.slices = torch.load(path)
/users/3171356m/miniconda3/envs/grastiacl/lib/python3.12/site-packages/torch_geometric/data/in_memory_dataset.py:300: UserWarning: It is not recommended to directly access the internal storage format `data` of an 'InMemoryDataset'. If you are absolutely certain what you are doing, access the internal storage via `InMemoryDataset._data` instead to suppress this warning. Alternatively, you can access stacked individual attributes of every graph via `dataset.{attr_name}`.
  warnings.warn(msg)
16-Aug-26 02:39:22 - Before training Embedding Eval Scores: Train: [0.5720826246483318, 0.008211089438357555, 0.4989072822872559, 0.011459602706526625, 0.4481099640958421, 0.017057970588791653, 0.6845346551870451, 0.019605964559500626, 0.5633240694648104, 0.012196349161554751] Val: [0.5398692810457517, 0.028519508796433266, 0.4780630683511914, 0.054368095567106395, 0.44657533634828306, 0.07279632917038685, 0.6249999921875001, 0.05062114119552719, 0.5192112332112332, 0.03375220135122429] Test: [0.5135798429319373, 0.025540754713039345, 0.43810357094238217, 0.030340176293433375, 0.3999999956043957, 0.04536212574448279, 0.6168514789913715, 0.06023755805665781, 0.48820628236444474, 0.02935208817272385, 0.5314348819497334, 0.026492231704665473]
16-Aug-26 02:40:55 - Epoch 1, Model Loss 5.652338309268074, View Loss -1.4811069586286985, Reg 0.5211162948708156
/users/3171356m/miniconda3/envs/grastiacl/lib/python3.12/site-packages/torch_geometric/data/in_memory_dataset.py:300: UserWarning: It is not recommended to directly access the internal storage format `data` of an 'InMemoryDataset'. The data of the dataset is already cached, so any modifications to `data` will not be reflected when accessing its elements. Clearing the cache now by removing all elements in `dataset._data_list`. If you are absolutely certain what you are doing, access the internal storage via `InMemoryDataset._data` instead to suppress this warning. Alternatively, you can access stacked individual attributes of every graph via `dataset.{attr_name}`.
  warnings.warn(msg)
16-Aug-26 02:40:56 - Metric: accuracy Train_mean: 0.6005214851898206 Val_mean: 0.522875816993464 Test_mean: 0.5167702879581151
16-Aug-26 02:40:56 - Metric: accuracy Train_std: 0.02256361261181565 Val_std: 0.02741983916784711 Test_std: 0.03111608184957888
16-Aug-26 02:40:56 - Metric: f1 Train_mean: 0.5357900168451899 Val_mean: 0.45079663177534834 Test_mean: 0.4541785503427744
16-Aug-26 02:40:56 - Metric: f1 Train_std: 0.03396151566073411 Val_std: 0.024041549770421753 Test_std: 0.020255633475219748
16-Aug-26 02:40:56 - Metric: sen Train_mean: 0.4859106512511662 Val_mean: 0.4109588984800151 Test_mean: 0.421978017340901
16-Aug-26 02:40:56 - Metric: sen Train_std: 0.040169454696881476 Val_std: 0.03355465355107568 Test_std: 0.022627758302963104
16-Aug-26 02:40:56 - Metric: spe Train_mean: 0.7044859791123879 Val_mean: 0.6249999921875002 Test_mean: 0.6029900929899992
16-Aug-26 02:40:56 - Metric: spe Train_std: 0.016222844202723942 Val_std: 0.06274950120568691 Test_std: 0.06525289954521873
16-Aug-26 02:40:56 - Metric: precision Train_mean: 0.5979079159000167 Val_mean: 0.5026699291047118 Test_mean: 0.4943180249824925
16-Aug-26 02:40:56 - Metric: precision Train_std: 0.025638463718177164 Val_std: 0.03430690862622652 Test_std: 0.040894203695167664
16-Aug-26 02:42:28 - Epoch 2, Model Loss 5.017171837794731, View Loss 1.6375869607326874, Reg 0.49551676968151553
/users/3171356m/miniconda3/envs/grastiacl/lib/python3.12/site-packages/torch_geometric/data/in_memory_dataset.py:300: UserWarning: It is not recommended to directly access the internal storage format `data` of an 'InMemoryDataset'. The data of the dataset is already cached, so any modifications to `data` will not be reflected when accessing its elements. Clearing the cache now by removing all elements in `dataset._data_list`. If you are absolutely certain what you are doing, access the internal storage via `InMemoryDataset._data` instead to suppress this warning. Alternatively, you can access stacked individual attributes of every graph via `dataset.{attr_name}`.
  warnings.warn(msg)
16-Aug-26 02:42:30 - Metric: accuracy Train_mean: 0.5681535680284115 Val_mean: 0.5124183006535947 Test_mean: 0.4989637870855148
16-Aug-26 02:42:30 - Metric: accuracy Train_std: 0.03317181670277374 Val_std: 0.048312989836800886 Test_std: 0.01913146415538817
16-Aug-26 02:42:30 - Metric: f1 Train_mean: 0.4743640838059383 Val_mean: 0.41983356855763254 Test_mean: 0.3875354018909164
16-Aug-26 02:42:30 - Metric: f1 Train_std: 0.06123712284716809 Val_std: 0.05548987109626083 Test_std: 0.035844420443141047
16-Aug-26 02:42:30 - Metric: sen Train_mean: 0.4137457030455474 Val_mean: 0.36986300863201355 Test_mean: 0.3362637325685304
16-Aug-26 02:42:30 - Metric: sen Train_std: 0.06950081532244175 Val_std: 0.051255579938607694 Test_std: 0.05274725216761261
16-Aug-26 02:42:30 - Metric: spe Train_mean: 0.7082242968577515 Val_mean: 0.6424999919687501 Test_mean: 0.6467326668125478
16-Aug-26 02:42:30 - Metric: spe Train_std: 0.012202297717681153 Val_std: 0.053385390592839206 Test_std: 0.06872191499900268
16-Aug-26 02:42:30 - Metric: precision Train_mean: 0.5587945753066034 Val_mean: 0.48639575094689064 Test_mean: 0.46643383014677225
16-Aug-26 02:42:30 - Metric: precision Train_std: 0.04239961081067303 Val_std: 0.06450916417143301 Test_std: 0.027971884862861843
16-Aug-26 02:42:30 - FinishedTraining!
16-Aug-26 02:42:30 - BestEpoch: 0
16-Aug-26 02:42:30 - BestTrainScore: acc_mean: 0.6005214851898206 acc_std: 0.02256361261181565 f1_mean: 0.5357900168451899 f1_std: 0.03396151566073411 sen_mean: 0.4859106512511662 sen_std: 0.040169454696881476 spe_mean: 0.7044859791123879 spe_std: 0.016222844202723942 pre_mean: 0.5979079159000167 pre_std: 0.025638463718177164
16-Aug-26 02:42:30 - BestValidationScore: acc_mean: 0.522875816993464 acc_std: 0.02741983916784711 f1_mean: 0.45079663177534834 f1_std: 0.024041549770421753 sen_mean: 0.4109588984800151 sen_std: 0.03355465355107568 spe_mean: 0.6249999921875002 spe_std: 0.06274950120568691 pre_mean: 0.5026699291047118 pre_std: 0.03430690862622652
16-Aug-26 02:42:30 - BestTestScore: acc_mean: 0.5167702879581151 acc_std: 0.03111608184957888 f1_mean: 0.4541785503427744 f1_std: 0.020255633475219748 sen_mean: 0.421978017340901 sen_std: 0.022627758302963104 spe_mean: 0.6029900929899992 spe_std: 0.06525289954521873 pre_mean: 0.4943180249824925 pre_std: 0.040894203695167664 auc_mean:0.5008634533783048 auc_std:0.013494438034725772
