16-Aug-26 02:38:40 - Using Device: cuda
16-Aug-26 02:38:40 - Seed: 123
16-Aug-26 02:38:40 - Namespace(name='GraSTIACL_ABIDE_979', path='/users/3171356m/muhammad/GraSTIACL/data/GraSTIACL_ABIDE_979', template=90, num_dyn_windows=3, model_lr=0.0005, view_lr=0.0005, num_gc_layers=2, pooling_type='standard', emb_dim=32, vib_hidden_dim=400, batch_size=32, drop_ratio=0.3, epochs=2, kld_lambda=0.003, reg_lambda=1.0, gamma_mode='paper_literal', node_feature_mode='alff', mij_source='alff', eval_interval=1, downstream_classifier='linear', ce_lambda=2.0, weight_decay=0.0, early_stop_patience=0, seed=123, freeze_adversary=True, signed_edges=False, supervised_holdout=False, replicate_original_code=True)
/users/3171356m/muhammad/GraSTIACL/datasets/Dataset.py:51: FutureWarning: You are using `torch.load` with `weights_only=False` (the current default value), which uses the default pickle module implicitly. It is possible to construct malicious pickle data which will execute arbitrary code during unpickling (See https://github.com/pytorch/pytorch/blob/main/SECURITY.md#untrusted-models for more details). In a future release, the default value for `weights_only` will be flipped to `True`. This limits the functions that could be executed during unpickling. Arbitrary objects will no longer be allowed to be loaded via this mode unless they are explicitly allowlisted by the user via `torch.serialization.add_safe_globals`. We recommend you start setting `weights_only=True` for any use case where you don't have full control of the loaded file. Please open an issue on GitHub for any issues related to this experimental feature.
  self.data, self.slices = torch.load(path)
/users/3171356m/miniconda3/envs/grastiacl/lib/python3.12/site-packages/torch_geometric/data/in_memory_dataset.py:300: UserWarning: It is not recommended to directly access the internal storage format `data` of an 'InMemoryDataset'. If you are absolutely certain what you are doing, access the internal storage via `InMemoryDataset._data` instead to suppress this warning. Alternatively, you can access stacked individual attributes of every graph via `dataset.{attr_name}`.
  warnings.warn(msg)
16-Aug-26 02:39:21 - Before training Embedding Eval Scores: Train: [0.5724094220339527, 0.00854790323026708, 0.49950685942758843, 0.010998126084264304, 0.44879724931684795, 0.01605954832357257, 0.6845346551870451, 0.019605964559500626, 0.5637182584983829, 0.012754142907667135] Val: [0.5411764705882354, 0.027232243994770807, 0.4806594491537092, 0.05026758991383822, 0.44931506233814983, 0.06843833329151215, 0.6249999921875001, 0.05062114119552719, 0.5212504488975077, 0.03155826951575686] Test: [0.512532722513089, 0.025646518834848954, 0.4360620880091794, 0.03258166823399877, 0.39780219343074513, 0.04784954025896603, 0.6168514789913715, 0.06023755805665781, 0.48662120077936316, 0.029702521452610306, 0.5316326841475357, 0.026513180746427334]
16-Aug-26 02:40:52 - Epoch 1, Model Loss 4.119843418129318, View Loss -8.116777767197357, Reg 0.4988476985668039
/users/3171356m/miniconda3/envs/grastiacl/lib/python3.12/site-packages/torch_geometric/data/in_memory_dataset.py:300: UserWarning: It is not recommended to directly access the internal storage format `data` of an 'InMemoryDataset'. The data of the dataset is already cached, so any modifications to `data` will not be reflected when accessing its elements. Clearing the cache now by removing all elements in `dataset._data_list`. If you are absolutely certain what you are doing, access the internal storage via `InMemoryDataset._data` instead to suppress this warning. Alternatively, you can access stacked individual attributes of every graph via `dataset.{attr_name}`.
  warnings.warn(msg)
16-Aug-26 02:40:54 - Metric: accuracy Train_mean: 0.5599932608067777 Val_mean: 0.5163398692810458 Test_mean: 0.5324225567190227
16-Aug-26 02:40:54 - Metric: accuracy Train_std: 0.01296274616751866 Val_std: 0.031751523664029065 Test_std: 0.02903213167285959
16-Aug-26 02:40:54 - Metric: f1 Train_mean: 0.48526556948561483 Val_mean: 0.4513354025219652 Test_mean: 0.45996018289593116
16-Aug-26 02:40:54 - Metric: f1 Train_std: 0.03314142048206169 Val_std: 0.060668047161542914 Test_std: 0.024824255815925764
16-Aug-26 02:40:54 - Metric: sen Train_mean: 0.43848797100175957 Val_mean: 0.4219178024394822 Test_mean: 0.4197802151672504
16-Aug-26 02:40:54 - Metric: sen Train_std: 0.04872459605184978 Val_std: 0.07472976169951481 Test_std: 0.04471865873798354
16-Aug-26 02:40:54 - Metric: spe Train_mean: 0.6702141723655833 Val_mean: 0.6024999924687501 Test_mean: 0.6348514788113715
16-Aug-26 02:40:54 - Metric: spe Train_std: 0.03728172960606789 Val_std: 0.04430011231292195 Test_std: 0.07796095103246485
16-Aug-26 02:40:54 - Metric: precision Train_mean: 0.5465618294748731 Val_mean: 0.4890615249467821 Test_mean: 0.5150587149279913
16-Aug-26 02:40:54 - Metric: precision Train_std: 0.016811116757321002 Val_std: 0.04169234029197932 Test_std: 0.03652353395350044
16-Aug-26 02:42:25 - Epoch 2, Model Loss 3.643303052152051, View Loss -9.482688895828055, Reg 0.49896428275806637
/users/3171356m/miniconda3/envs/grastiacl/lib/python3.12/site-packages/torch_geometric/data/in_memory_dataset.py:300: UserWarning: It is not recommended to directly access the internal storage format `data` of an 'InMemoryDataset'. The data of the dataset is already cached, so any modifications to `data` will not be reflected when accessing its elements. Clearing the cache now by removing all elements in `dataset._data_list`. If you are absolutely certain what you are doing, access the internal storage via `InMemoryDataset._data` instead to suppress this warning. Alternatively, you can access stacked individual attributes of every graph via `dataset.{attr_name}`.
  warnings.warn(msg)
16-Aug-26 02:42:27 - Metric: accuracy Train_mean: 0.5684910625461314 Val_mean: 0.530718954248366 Test_mean: 0.5345222513089005
16-Aug-26 02:42:27 - Metric: accuracy Train_std: 0.008222934915194473 Val_std: 0.02241363163331011 Test_std: 0.03726029673428772
16-Aug-26 02:42:27 - Metric: f1 Train_mean: 0.506531766229682 Val_mean: 0.4731681730785403 Test_mean: 0.4672182139747654
16-Aug-26 02:42:27 - Metric: f1 Train_std: 0.02828605109523315 Val_std: 0.043108707530558454 Test_std: 0.029295191557285143
16-Aug-26 02:42:27 - Metric: sen Train_mean: 0.4680412355050129 Val_mean: 0.44657533634828306 Test_mean: 0.43076922603550305
16-Aug-26 02:42:27 - Metric: sen Train_std: 0.047387805131830774 Val_std: 0.06909326049416624 Test_std: 0.054459391460287436
16-Aug-26 02:42:27 - Metric: spe Train_mean: 0.6596105898441357 Val_mean: 0.6074999924062501 Test_mean: 0.6288910828309794
16-Aug-26 02:42:27 - Metric: spe Train_std: 0.040173740137618756 Val_std: 0.07524958377584226 Test_std: 0.10139115371161404
16-Aug-26 02:42:27 - Metric: precision Train_mean: 0.5554703906549902 Val_mean: 0.5109299129710205 Test_mean: 0.5211120212341319
16-Aug-26 02:42:27 - Metric: precision Train_std: 0.011226598665177091 Val_std: 0.025512606677243834 Test_std: 0.05192391188340884
16-Aug-26 02:42:27 - FinishedTraining!
16-Aug-26 02:42:27 - BestEpoch: 1
16-Aug-26 02:42:27 - BestTrainScore: acc_mean: 0.5684910625461314 acc_std: 0.008222934915194473 f1_mean: 0.506531766229682 f1_std: 0.02828605109523315 sen_mean: 0.4680412355050129 sen_std: 0.047387805131830774 spe_mean: 0.6596105898441357 spe_std: 0.040173740137618756 pre_mean: 0.5554703906549902 pre_std: 0.011226598665177091
16-Aug-26 02:42:27 - BestValidationScore: acc_mean: 0.530718954248366 acc_std: 0.02241363163331011 f1_mean: 0.4731681730785403 f1_std: 0.043108707530558454 sen_mean: 0.44657533634828306 sen_std: 0.06909326049416624 spe_mean: 0.6074999924062501 spe_std: 0.07524958377584226 pre_mean: 0.5109299129710205 pre_std: 0.025512606677243834
16-Aug-26 02:42:27 - BestTestScore: acc_mean: 0.5345222513089005 acc_std: 0.03726029673428772 f1_mean: 0.4672182139747654 f1_std: 0.029295191557285143 sen_mean: 0.43076922603550305 sen_std: 0.054459391460287436 spe_mean: 0.6288910828309794 spe_std: 0.10139115371161404 pre_mean: 0.5211120212341319 pre_std: 0.05192391188340884 auc_mean:0.536965292133609 auc_std:0.0259908795836507
