Task 8: batch_size=256 emb_dim=512 mij_source=alff
The Zen of Python, by Tim Peters

Beautiful is better than ugly.
Explicit is better than implicit.
Simple is better than complex.
Complex is better than complicated.
Flat is better than nested.
Sparse is better than dense.
Readability counts.
Special cases aren't special enough to break the rules.
Although practicality beats purity.
Errors should never pass silently.
Unless explicitly silenced.
In the face of ambiguity, refuse the temptation to guess.
There should be one-- and preferably only one --obvious way to do it.
Although that way may not be obvious at first unless you're Dutch.
Now is better than never.
Although never is often better than *right* now.
If the implementation is hard to explain, it's a bad idea.
If the implementation is easy to explain, it may be a good idea.
Namespaces are one honking great idea -- let's do more of those!
validation time cost : 0.61518 sec
validation time cost : 0.23215 sec
validation time cost : 0.23226 sec
validation time cost : 0.24914 sec
validation time cost : 0.24516 sec
mean validation time 0.31478:

validation time cost : 0.20643 sec
validation time cost : 0.21000 sec
validation time cost : 0.21557 sec
validation time cost : 0.20199 sec
validation time cost : 0.20868 sec
mean validation time 0.20853:

validation time cost : 0.21457 sec
validation time cost : 0.21613 sec
validation time cost : 0.21900 sec
validation time cost : 0.21323 sec
validation time cost : 0.20915 sec
mean validation time 0.21442:

validation time cost : 0.21326 sec
validation time cost : 0.21195 sec
validation time cost : 0.20775 sec
validation time cost : 0.20272 sec
validation time cost : 0.21473 sec
mean validation time 0.21008:

validation time cost : 0.21434 sec
validation time cost : 0.21590 sec
validation time cost : 0.21844 sec
validation time cost : 0.21395 sec
validation time cost : 0.21391 sec
mean validation time 0.21531:

validation time cost : 0.21307 sec
validation time cost : 0.21408 sec
validation time cost : 0.21214 sec
validation time cost : 0.20647 sec
validation time cost : 0.21469 sec
mean validation time 0.21209:

validation time cost : 0.20938 sec
validation time cost : 0.21115 sec
validation time cost : 0.21114 sec
validation time cost : 0.20317 sec
validation time cost : 0.20948 sec
mean validation time 0.20886:

validation time cost : 0.20738 sec
validation time cost : 0.19510 sec
validation time cost : 0.20471 sec
validation time cost : 0.19885 sec
validation time cost : 0.20818 sec
mean validation time 0.20284:

validation time cost : 0.20693 sec
validation time cost : 0.20342 sec
validation time cost : 0.20765 sec
validation time cost : 0.20592 sec
validation time cost : 0.21014 sec
mean validation time 0.20681:

validation time cost : 0.20476 sec
validation time cost : 0.20516 sec
validation time cost : 0.20709 sec
validation time cost : 0.20695 sec
validation time cost : 0.20484 sec
mean validation time 0.20576:

validation time cost : 0.19518 sec
validation time cost : 0.19393 sec
validation time cost : 0.19432 sec
validation time cost : 0.19323 sec
validation time cost : 0.19414 sec
mean validation time 0.19416:

validation time cost : 0.19470 sec
validation time cost : 0.19544 sec
validation time cost : 0.19363 sec
validation time cost : 0.19375 sec
validation time cost : 0.19413 sec
mean validation time 0.19433:

validation time cost : 0.19300 sec
validation time cost : 0.19419 sec
validation time cost : 0.19496 sec
validation time cost : 0.19314 sec
validation time cost : 0.19631 sec
mean validation time 0.19432:

validation time cost : 0.20475 sec
validation time cost : 0.19957 sec
validation time cost : 0.20240 sec
validation time cost : 0.19544 sec
validation time cost : 0.19666 sec
mean validation time 0.19976:

validation time cost : 0.19855 sec
validation time cost : 0.21027 sec
validation time cost : 0.20123 sec
validation time cost : 0.20369 sec
validation time cost : 0.20380 sec
mean validation time 0.20351:

validation time cost : 0.20046 sec
validation time cost : 0.20741 sec
validation time cost : 0.20696 sec
validation time cost : 0.20228 sec
validation time cost : 0.20278 sec
mean validation time 0.20398:

validation time cost : 0.20606 sec
validation time cost : 0.21513 sec
validation time cost : 0.20736 sec
validation time cost : 0.20652 sec
validation time cost : 0.20795 sec
mean validation time 0.20860:

validation time cost : 0.20176 sec
validation time cost : 0.20437 sec
validation time cost : 0.22735 sec
validation time cost : 0.20766 sec
validation time cost : 0.20466 sec
mean validation time 0.20916:

validation time cost : 0.20230 sec
validation time cost : 0.21192 sec
validation time cost : 0.21254 sec
validation time cost : 0.20577 sec
validation time cost : 0.20803 sec
mean validation time 0.20811:

validation time cost : 0.20623 sec
validation time cost : 0.20899 sec
validation time cost : 0.21214 sec
validation time cost : 0.19965 sec
validation time cost : 0.20706 sec
mean validation time 0.20681:

validation time cost : 0.19309 sec
validation time cost : 0.19310 sec
validation time cost : 0.19353 sec
validation time cost : 0.19373 sec
validation time cost : 0.19369 sec
mean validation time 0.19343:

validation time cost : 0.19493 sec
validation time cost : 0.19501 sec
validation time cost : 0.19399 sec
validation time cost : 0.19415 sec
validation time cost : 0.19456 sec
mean validation time 0.19453:

validation time cost : 0.19419 sec
validation time cost : 0.19429 sec
validation time cost : 0.19497 sec
validation time cost : 0.19563 sec
validation time cost : 0.19403 sec
mean validation time 0.19462:

validation time cost : 0.19379 sec
validation time cost : 0.19372 sec
validation time cost : 0.19412 sec
validation time cost : 0.19390 sec
validation time cost : 0.19274 sec
mean validation time 0.19366:

validation time cost : 0.19359 sec
validation time cost : 0.19460 sec
validation time cost : 0.19439 sec
validation time cost : 0.19404 sec
validation time cost : 0.19327 sec
mean validation time 0.19398:

validation time cost : 0.19303 sec
validation time cost : 0.19341 sec
validation time cost : 0.19331 sec
validation time cost : 0.19386 sec
validation time cost : 0.19317 sec
mean validation time 0.19336:

validation time cost : 0.19450 sec
validation time cost : 0.19381 sec
validation time cost : 0.19361 sec
validation time cost : 0.19423 sec
validation time cost : 0.19569 sec
mean validation time 0.19437:

validation time cost : 0.19408 sec
validation time cost : 0.19409 sec
validation time cost : 0.19405 sec
validation time cost : 0.19440 sec
validation time cost : 0.19390 sec
mean validation time 0.19411:

validation time cost : 0.19304 sec
validation time cost : 0.19383 sec
validation time cost : 0.19390 sec
validation time cost : 0.19444 sec
validation time cost : 0.19389 sec
mean validation time 0.19382:

validation time cost : 0.19350 sec
validation time cost : 0.19345 sec
validation time cost : 0.19347 sec
validation time cost : 0.19271 sec
validation time cost : 0.19288 sec
mean validation time 0.19320:

validation time cost : 0.19523 sec
validation time cost : 0.19299 sec
validation time cost : 0.19315 sec
validation time cost : 0.19432 sec
validation time cost : 0.19261 sec
mean validation time 0.19366:

validation time cost : 0.19639 sec
validation time cost : 0.19460 sec
validation time cost : 0.19407 sec
validation time cost : 0.19371 sec
validation time cost : 0.19777 sec
mean validation time 0.19531:

validation time cost : 0.19429 sec
validation time cost : 0.19356 sec
validation time cost : 0.19336 sec
validation time cost : 0.19284 sec
validation time cost : 0.19548 sec
mean validation time 0.19391:

validation time cost : 0.19364 sec
validation time cost : 0.19333 sec
validation time cost : 0.19329 sec
validation time cost : 0.19308 sec
validation time cost : 0.19327 sec
mean validation time 0.19332:

validation time cost : 0.19326 sec
validation time cost : 0.19373 sec
validation time cost : 0.19345 sec
validation time cost : 0.19328 sec
validation time cost : 0.19339 sec
mean validation time 0.19342:

validation time cost : 0.19456 sec
validation time cost : 0.19308 sec
validation time cost : 0.19327 sec
validation time cost : 0.19373 sec
validation time cost : 0.19434 sec
mean validation time 0.19380:

validation time cost : 0.19394 sec
validation time cost : 0.19407 sec
validation time cost : 0.19510 sec
validation time cost : 0.19391 sec
validation time cost : 0.19393 sec
mean validation time 0.19419:

validation time cost : 0.19430 sec
validation time cost : 0.19484 sec
validation time cost : 0.19567 sec
validation time cost : 0.19597 sec
validation time cost : 0.19489 sec
mean validation time 0.19513:

validation time cost : 0.19483 sec
validation time cost : 0.19772 sec
validation time cost : 0.19536 sec
validation time cost : 0.19514 sec
validation time cost : 0.19417 sec
mean validation time 0.19544:

validation time cost : 0.19398 sec
validation time cost : 0.19342 sec
validation time cost : 0.19324 sec
validation time cost : 0.19317 sec
validation time cost : 0.19651 sec
mean validation time 0.19406:

validation time cost : 0.19445 sec
validation time cost : 0.19408 sec
validation time cost : 0.19431 sec
validation time cost : 0.19309 sec
validation time cost : 0.19325 sec
mean validation time 0.19384:

validation time cost : 0.19297 sec
validation time cost : 0.19722 sec
validation time cost : 0.19339 sec
validation time cost : 0.19430 sec
validation time cost : 0.19345 sec
mean validation time 0.19427:

validation time cost : 0.19552 sec
validation time cost : 0.19337 sec
validation time cost : 0.19350 sec
validation time cost : 0.19308 sec
validation time cost : 0.19363 sec
mean validation time 0.19382:

validation time cost : 0.19429 sec
validation time cost : 0.19481 sec
validation time cost : 0.19420 sec
validation time cost : 0.19432 sec
validation time cost : 0.19345 sec
mean validation time 0.19421:

validation time cost : 0.19507 sec
validation time cost : 0.19368 sec
validation time cost : 0.19282 sec
validation time cost : 0.19389 sec
validation time cost : 0.19440 sec
mean validation time 0.19397:

validation time cost : 0.19333 sec
validation time cost : 0.19357 sec
validation time cost : 0.19414 sec
validation time cost : 0.19391 sec
validation time cost : 0.19406 sec
mean validation time 0.19380:

validation time cost : 0.19409 sec
validation time cost : 0.19531 sec
validation time cost : 0.19672 sec
validation time cost : 0.19453 sec
validation time cost : 0.19388 sec
mean validation time 0.19491:

validation time cost : 0.19434 sec
validation time cost : 0.19506 sec
validation time cost : 0.19339 sec
validation time cost : 0.19372 sec
validation time cost : 0.19342 sec
mean validation time 0.19399:

validation time cost : 0.19849 sec
validation time cost : 0.19463 sec
validation time cost : 0.19372 sec
validation time cost : 0.19368 sec
validation time cost : 0.19359 sec
mean validation time 0.19483:

validation time cost : 0.19510 sec
validation time cost : 0.19391 sec
validation time cost : 0.19486 sec
validation time cost : 0.19573 sec
validation time cost : 0.19299 sec
mean validation time 0.19452:

validation time cost : 0.19528 sec
validation time cost : 0.19507 sec
validation time cost : 0.19502 sec
validation time cost : 0.19502 sec
validation time cost : 0.19431 sec
mean validation time 0.19494:

validation time cost : 0.19494 sec
validation time cost : 0.19587 sec
validation time cost : 0.19849 sec
validation time cost : 0.19438 sec
validation time cost : 0.19448 sec
mean validation time 0.19563:

validation time cost : 0.19666 sec
validation time cost : 0.19475 sec
validation time cost : 0.19430 sec
validation time cost : 0.19537 sec
validation time cost : 0.19454 sec
mean validation time 0.19512:

validation time cost : 0.19447 sec
validation time cost : 0.19380 sec
validation time cost : 0.19357 sec
validation time cost : 0.19446 sec
validation time cost : 0.19427 sec
mean validation time 0.19411:

validation time cost : 0.19292 sec
validation time cost : 0.19444 sec
validation time cost : 0.19436 sec
validation time cost : 0.19350 sec
validation time cost : 0.19358 sec
mean validation time 0.19376:

validation time cost : 0.19840 sec
validation time cost : 0.19932 sec
validation time cost : 0.19952 sec
validation time cost : 0.19454 sec
validation time cost : 0.19487 sec
mean validation time 0.19733:

validation time cost : 0.19535 sec
validation time cost : 0.19428 sec
validation time cost : 0.19582 sec
validation time cost : 0.19338 sec
validation time cost : 0.19385 sec
mean validation time 0.19454:

validation time cost : 0.19476 sec
validation time cost : 0.19365 sec
validation time cost : 0.19509 sec
validation time cost : 0.19404 sec
validation time cost : 0.19516 sec
mean validation time 0.19454:

validation time cost : 0.19413 sec
validation time cost : 0.19364 sec
validation time cost : 0.19364 sec
validation time cost : 0.19409 sec
validation time cost : 0.19443 sec
mean validation time 0.19399:

validation time cost : 0.19494 sec
validation time cost : 0.20101 sec
validation time cost : 0.19380 sec
validation time cost : 0.19438 sec
validation time cost : 0.19439 sec
mean validation time 0.19570:

validation time cost : 0.19372 sec
validation time cost : 0.19431 sec
validation time cost : 0.19393 sec
validation time cost : 0.19413 sec
validation time cost : 0.19442 sec
mean validation time 0.19410:

