Task 7: batch_size=128 emb_dim=256 mij_source=alff_pcc
The Zen of Python, by Tim Peters

Beautiful is better than ugly.
Explicit is better than implicit.
Simple is better than complex.
Complex is better than complicated.
Flat is better than nested.
Sparse is better than dense.
Readability counts.
Special cases aren't special enough to break the rules.
Although practicality beats purity.
Errors should never pass silently.
Unless explicitly silenced.
In the face of ambiguity, refuse the temptation to guess.
There should be one-- and preferably only one --obvious way to do it.
Although that way may not be obvious at first unless you're Dutch.
Now is better than never.
Although never is often better than *right* now.
If the implementation is hard to explain, it's a bad idea.
If the implementation is easy to explain, it may be a good idea.
Namespaces are one honking great idea -- let's do more of those!
validation time cost : 0.37273 sec
validation time cost : 0.20949 sec
validation time cost : 0.19889 sec
validation time cost : 0.20533 sec
validation time cost : 0.20604 sec
mean validation time 0.23849:

validation time cost : 0.18343 sec
validation time cost : 0.18292 sec
validation time cost : 0.18301 sec
validation time cost : 0.18361 sec
validation time cost : 0.18302 sec
mean validation time 0.18320:

validation time cost : 0.19138 sec
validation time cost : 0.18320 sec
validation time cost : 0.18350 sec
validation time cost : 0.17998 sec
validation time cost : 0.18294 sec
mean validation time 0.18420:

validation time cost : 0.18069 sec
validation time cost : 0.18026 sec
validation time cost : 0.18325 sec
validation time cost : 0.17944 sec
validation time cost : 0.18161 sec
mean validation time 0.18105:

validation time cost : 0.18241 sec
validation time cost : 0.18108 sec
validation time cost : 0.17968 sec
validation time cost : 0.18106 sec
validation time cost : 0.18155 sec
mean validation time 0.18116:

validation time cost : 0.18108 sec
validation time cost : 0.18001 sec
validation time cost : 0.18060 sec
validation time cost : 0.17924 sec
validation time cost : 0.18037 sec
mean validation time 0.18026:

validation time cost : 0.18007 sec
validation time cost : 0.17917 sec
validation time cost : 0.18072 sec
validation time cost : 0.18134 sec
validation time cost : 0.17915 sec
mean validation time 0.18009:

validation time cost : 0.18441 sec
validation time cost : 0.18123 sec
validation time cost : 0.17960 sec
validation time cost : 0.18143 sec
validation time cost : 0.18224 sec
mean validation time 0.18178:

validation time cost : 0.18023 sec
validation time cost : 0.18111 sec
validation time cost : 0.18015 sec
validation time cost : 0.18184 sec
validation time cost : 0.17943 sec
mean validation time 0.18055:

validation time cost : 0.18047 sec
validation time cost : 0.18232 sec
validation time cost : 0.17974 sec
validation time cost : 0.18082 sec
validation time cost : 0.17990 sec
mean validation time 0.18065:

validation time cost : 0.18181 sec
validation time cost : 0.18118 sec
validation time cost : 0.17904 sec
validation time cost : 0.18096 sec
validation time cost : 0.18113 sec
mean validation time 0.18082:

validation time cost : 0.18148 sec
validation time cost : 0.18116 sec
validation time cost : 0.17889 sec
validation time cost : 0.17913 sec
validation time cost : 0.18058 sec
mean validation time 0.18025:

validation time cost : 0.18330 sec
validation time cost : 0.18160 sec
validation time cost : 0.17938 sec
validation time cost : 0.18137 sec
validation time cost : 0.18130 sec
mean validation time 0.18139:

validation time cost : 0.18408 sec
validation time cost : 0.18058 sec
validation time cost : 0.17924 sec
validation time cost : 0.17942 sec
validation time cost : 0.18059 sec
mean validation time 0.18078:

validation time cost : 0.18441 sec
validation time cost : 0.18142 sec
validation time cost : 0.18096 sec
validation time cost : 0.17934 sec
validation time cost : 0.18132 sec
mean validation time 0.18149:

validation time cost : 0.18929 sec
validation time cost : 0.18237 sec
validation time cost : 0.18124 sec
validation time cost : 0.18036 sec
validation time cost : 0.17995 sec
mean validation time 0.18264:

validation time cost : 0.18171 sec
validation time cost : 0.18292 sec
validation time cost : 0.17997 sec
validation time cost : 0.18122 sec
validation time cost : 0.18245 sec
mean validation time 0.18166:

validation time cost : 0.17957 sec
validation time cost : 0.18014 sec
validation time cost : 0.18159 sec
validation time cost : 0.18180 sec
validation time cost : 0.17941 sec
mean validation time 0.18050:

validation time cost : 0.18150 sec
validation time cost : 0.17948 sec
validation time cost : 0.18085 sec
validation time cost : 0.18032 sec
validation time cost : 0.18054 sec
mean validation time 0.18054:

validation time cost : 0.18281 sec
validation time cost : 0.17977 sec
validation time cost : 0.17997 sec
validation time cost : 0.18180 sec
validation time cost : 0.18074 sec
mean validation time 0.18102:

validation time cost : 0.18215 sec
validation time cost : 0.18050 sec
validation time cost : 0.18072 sec
validation time cost : 0.18070 sec
validation time cost : 0.17967 sec
mean validation time 0.18075:

validation time cost : 0.18140 sec
validation time cost : 0.17938 sec
validation time cost : 0.17980 sec
validation time cost : 0.17936 sec
validation time cost : 0.17896 sec
mean validation time 0.17978:

validation time cost : 0.18327 sec
validation time cost : 0.18194 sec
validation time cost : 0.17997 sec
validation time cost : 0.18221 sec
validation time cost : 0.18224 sec
mean validation time 0.18192:

validation time cost : 0.18118 sec
validation time cost : 0.18188 sec
validation time cost : 0.18037 sec
validation time cost : 0.17997 sec
validation time cost : 0.17918 sec
mean validation time 0.18051:

validation time cost : 0.18139 sec
validation time cost : 0.18148 sec
validation time cost : 0.17983 sec
validation time cost : 0.17953 sec
validation time cost : 0.18185 sec
mean validation time 0.18082:

validation time cost : 0.18277 sec
validation time cost : 0.18130 sec
validation time cost : 0.18204 sec
validation time cost : 0.18018 sec
validation time cost : 0.18132 sec
mean validation time 0.18152:

validation time cost : 0.18298 sec
validation time cost : 0.17998 sec
validation time cost : 0.17922 sec
validation time cost : 0.18016 sec
validation time cost : 0.18222 sec
mean validation time 0.18091:

validation time cost : 0.18238 sec
validation time cost : 0.18227 sec
validation time cost : 0.17930 sec
validation time cost : 0.17994 sec
validation time cost : 0.18025 sec
mean validation time 0.18083:

validation time cost : 0.17979 sec
validation time cost : 0.18045 sec
validation time cost : 0.17948 sec
validation time cost : 0.18048 sec
validation time cost : 0.18240 sec
mean validation time 0.18052:

validation time cost : 0.18194 sec
validation time cost : 0.18082 sec
validation time cost : 0.18164 sec
validation time cost : 0.18075 sec
validation time cost : 0.18149 sec
mean validation time 0.18133:

validation time cost : 0.18224 sec
validation time cost : 0.18053 sec
validation time cost : 0.18113 sec
validation time cost : 0.18025 sec
validation time cost : 0.18127 sec
mean validation time 0.18108:

validation time cost : 0.18074 sec
validation time cost : 0.18080 sec
validation time cost : 0.18550 sec
validation time cost : 0.17961 sec
validation time cost : 0.18184 sec
mean validation time 0.18170:

validation time cost : 0.18096 sec
validation time cost : 0.18226 sec
validation time cost : 0.17906 sec
validation time cost : 0.17988 sec
validation time cost : 0.18212 sec
mean validation time 0.18086:

validation time cost : 0.18014 sec
validation time cost : 0.18138 sec
validation time cost : 0.17997 sec
validation time cost : 0.17997 sec
validation time cost : 0.18107 sec
mean validation time 0.18051:

validation time cost : 0.19067 sec
validation time cost : 0.18139 sec
validation time cost : 0.18059 sec
validation time cost : 0.18061 sec
validation time cost : 0.18081 sec
mean validation time 0.18282:

validation time cost : 0.18198 sec
validation time cost : 0.18212 sec
validation time cost : 0.17903 sec
validation time cost : 0.17924 sec
validation time cost : 0.17971 sec
mean validation time 0.18042:

validation time cost : 0.18231 sec
validation time cost : 0.18112 sec
validation time cost : 0.18142 sec
validation time cost : 0.18009 sec
validation time cost : 0.18060 sec
mean validation time 0.18111:

validation time cost : 0.18330 sec
validation time cost : 0.17982 sec
validation time cost : 0.17950 sec
validation time cost : 0.18131 sec
validation time cost : 0.18221 sec
mean validation time 0.18123:

validation time cost : 0.18258 sec
validation time cost : 0.18007 sec
validation time cost : 0.17963 sec
validation time cost : 0.18303 sec
validation time cost : 0.18115 sec
mean validation time 0.18129:

validation time cost : 0.18470 sec
validation time cost : 0.17965 sec
validation time cost : 0.18504 sec
validation time cost : 0.18052 sec
validation time cost : 0.18169 sec
mean validation time 0.18232:

validation time cost : 0.17956 sec
validation time cost : 0.18002 sec
validation time cost : 0.18050 sec
validation time cost : 0.18041 sec
validation time cost : 0.18054 sec
mean validation time 0.18021:

validation time cost : 0.18241 sec
validation time cost : 0.18224 sec
validation time cost : 0.18023 sec
validation time cost : 0.18243 sec
validation time cost : 0.17978 sec
mean validation time 0.18142:

validation time cost : 0.17961 sec
validation time cost : 0.18048 sec
validation time cost : 0.17995 sec
validation time cost : 0.17987 sec
validation time cost : 0.18072 sec
mean validation time 0.18013:

validation time cost : 0.18318 sec
validation time cost : 0.18373 sec
validation time cost : 0.18259 sec
validation time cost : 0.18286 sec
validation time cost : 0.18140 sec
mean validation time 0.18275:

validation time cost : 0.18244 sec
validation time cost : 0.18090 sec
validation time cost : 0.18310 sec
validation time cost : 0.18032 sec
validation time cost : 0.18083 sec
mean validation time 0.18152:

validation time cost : 0.18185 sec
validation time cost : 0.18136 sec
validation time cost : 0.18022 sec
validation time cost : 0.18066 sec
validation time cost : 0.17972 sec
mean validation time 0.18076:

validation time cost : 0.18330 sec
validation time cost : 0.18088 sec
validation time cost : 0.18265 sec
validation time cost : 0.18228 sec
validation time cost : 0.18111 sec
mean validation time 0.18204:

validation time cost : 0.18051 sec
validation time cost : 0.17996 sec
validation time cost : 0.17985 sec
validation time cost : 0.18079 sec
validation time cost : 0.18105 sec
mean validation time 0.18043:

validation time cost : 0.18328 sec
validation time cost : 0.18019 sec
validation time cost : 0.18213 sec
validation time cost : 0.17999 sec
validation time cost : 0.18035 sec
mean validation time 0.18119:

validation time cost : 0.18197 sec
validation time cost : 0.18181 sec
validation time cost : 0.18095 sec
validation time cost : 0.18184 sec
validation time cost : 0.18066 sec
mean validation time 0.18145:

validation time cost : 0.18323 sec
validation time cost : 0.18365 sec
validation time cost : 0.18130 sec
validation time cost : 0.18270 sec
validation time cost : 0.18141 sec
mean validation time 0.18246:

validation time cost : 0.18506 sec
validation time cost : 0.18285 sec
validation time cost : 0.18216 sec
validation time cost : 0.18196 sec
validation time cost : 0.18233 sec
mean validation time 0.18287:

validation time cost : 0.18473 sec
validation time cost : 0.18242 sec
validation time cost : 0.18374 sec
validation time cost : 0.18342 sec
validation time cost : 0.18231 sec
mean validation time 0.18332:

validation time cost : 0.18089 sec
validation time cost : 0.18396 sec
validation time cost : 0.18184 sec
validation time cost : 0.18216 sec
validation time cost : 0.18051 sec
mean validation time 0.18187:

validation time cost : 0.18136 sec
validation time cost : 0.18396 sec
validation time cost : 0.18121 sec
validation time cost : 0.18148 sec
validation time cost : 0.18130 sec
mean validation time 0.18186:

validation time cost : 0.18240 sec
validation time cost : 0.18098 sec
validation time cost : 0.18164 sec
validation time cost : 0.18344 sec
validation time cost : 0.18373 sec
mean validation time 0.18244:

validation time cost : 0.18754 sec
validation time cost : 0.18705 sec
validation time cost : 0.18233 sec
validation time cost : 0.18384 sec
validation time cost : 0.18316 sec
mean validation time 0.18478:

validation time cost : 0.18184 sec
validation time cost : 0.18375 sec
validation time cost : 0.18537 sec
validation time cost : 0.18174 sec
validation time cost : 0.18201 sec
mean validation time 0.18294:

validation time cost : 0.18512 sec
validation time cost : 0.18507 sec
validation time cost : 0.18376 sec
validation time cost : 0.18408 sec
validation time cost : 0.18380 sec
mean validation time 0.18437:

validation time cost : 0.18333 sec
validation time cost : 0.18322 sec
validation time cost : 0.18068 sec
validation time cost : 0.18430 sec
validation time cost : 0.18216 sec
mean validation time 0.18274:

validation time cost : 0.18440 sec
validation time cost : 0.18249 sec
validation time cost : 0.18219 sec
validation time cost : 0.18346 sec
validation time cost : 0.18401 sec
mean validation time 0.18331:

