Task 9: batch_size=256 emb_dim=512 mij_source=alff_pcc
The Zen of Python, by Tim Peters

Beautiful is better than ugly.
Explicit is better than implicit.
Simple is better than complex.
Complex is better than complicated.
Flat is better than nested.
Sparse is better than dense.
Readability counts.
Special cases aren't special enough to break the rules.
Although practicality beats purity.
Errors should never pass silently.
Unless explicitly silenced.
In the face of ambiguity, refuse the temptation to guess.
There should be one-- and preferably only one --obvious way to do it.
Although that way may not be obvious at first unless you're Dutch.
Now is better than never.
Although never is often better than *right* now.
If the implementation is hard to explain, it's a bad idea.
If the implementation is easy to explain, it may be a good idea.
Namespaces are one honking great idea -- let's do more of those!
validation time cost : 0.43380 sec
validation time cost : 0.24596 sec
validation time cost : 0.24880 sec
validation time cost : 0.25188 sec
validation time cost : 0.25362 sec
mean validation time 0.28681:

validation time cost : 0.20912 sec
validation time cost : 0.19865 sec
validation time cost : 0.19449 sec
validation time cost : 0.19400 sec
validation time cost : 0.19378 sec
mean validation time 0.19801:

validation time cost : 0.20684 sec
validation time cost : 0.19139 sec
validation time cost : 0.19886 sec
validation time cost : 0.19488 sec
validation time cost : 0.19723 sec
mean validation time 0.19784:

validation time cost : 0.20421 sec
validation time cost : 0.19154 sec
validation time cost : 0.20108 sec
validation time cost : 0.19233 sec
validation time cost : 0.19185 sec
mean validation time 0.19620:

validation time cost : 0.19418 sec
validation time cost : 0.19402 sec
validation time cost : 0.19675 sec
validation time cost : 0.19499 sec
validation time cost : 0.20022 sec
mean validation time 0.19603:

validation time cost : 0.19361 sec
validation time cost : 0.19333 sec
validation time cost : 0.19231 sec
validation time cost : 0.19174 sec
validation time cost : 0.19182 sec
mean validation time 0.19256:

validation time cost : 0.19995 sec
validation time cost : 0.19323 sec
validation time cost : 0.19307 sec
validation time cost : 0.20079 sec
validation time cost : 0.19636 sec
mean validation time 0.19668:

validation time cost : 0.19329 sec
validation time cost : 0.20180 sec
validation time cost : 0.19699 sec
validation time cost : 0.19907 sec
validation time cost : 0.19128 sec
mean validation time 0.19649:

validation time cost : 0.19477 sec
validation time cost : 0.19854 sec
validation time cost : 0.19549 sec
validation time cost : 0.19520 sec
validation time cost : 0.19437 sec
mean validation time 0.19567:

validation time cost : 0.19309 sec
validation time cost : 0.20205 sec
validation time cost : 0.19431 sec
validation time cost : 0.19924 sec
validation time cost : 0.19992 sec
mean validation time 0.19772:

validation time cost : 0.19493 sec
validation time cost : 0.20113 sec
validation time cost : 0.20015 sec
validation time cost : 0.19270 sec
validation time cost : 0.19445 sec
mean validation time 0.19667:

validation time cost : 0.20272 sec
validation time cost : 0.19992 sec
validation time cost : 0.20068 sec
validation time cost : 0.20082 sec
validation time cost : 0.19267 sec
mean validation time 0.19936:

validation time cost : 0.19034 sec
validation time cost : 0.19575 sec
validation time cost : 0.19313 sec
validation time cost : 0.19071 sec
validation time cost : 0.19330 sec
mean validation time 0.19264:

validation time cost : 0.19418 sec
validation time cost : 0.19170 sec
validation time cost : 0.19262 sec
validation time cost : 0.19144 sec
validation time cost : 0.19167 sec
mean validation time 0.19232:

validation time cost : 0.19433 sec
validation time cost : 0.19337 sec
validation time cost : 0.19352 sec
validation time cost : 0.19084 sec
validation time cost : 0.19531 sec
mean validation time 0.19347:

validation time cost : 0.19379 sec
validation time cost : 0.19389 sec
validation time cost : 0.19204 sec
validation time cost : 0.19362 sec
validation time cost : 0.19493 sec
mean validation time 0.19365:

validation time cost : 0.19166 sec
validation time cost : 0.19209 sec
validation time cost : 0.19069 sec
validation time cost : 0.19409 sec
validation time cost : 0.19062 sec
mean validation time 0.19183:

validation time cost : 0.19357 sec
validation time cost : 0.19202 sec
validation time cost : 0.19063 sec
validation time cost : 0.19123 sec
validation time cost : 0.19130 sec
mean validation time 0.19175:

validation time cost : 0.19190 sec
validation time cost : 0.19408 sec
validation time cost : 0.19348 sec
validation time cost : 0.19511 sec
validation time cost : 0.19214 sec
mean validation time 0.19334:

validation time cost : 0.19400 sec
validation time cost : 0.19245 sec
validation time cost : 0.19264 sec
validation time cost : 0.19201 sec
validation time cost : 0.19439 sec
mean validation time 0.19310:

validation time cost : 0.19489 sec
validation time cost : 0.19259 sec
validation time cost : 0.19458 sec
validation time cost : 0.19176 sec
validation time cost : 0.19601 sec
mean validation time 0.19397:

validation time cost : 0.19193 sec
validation time cost : 0.19202 sec
validation time cost : 0.19343 sec
validation time cost : 0.19166 sec
validation time cost : 0.19272 sec
mean validation time 0.19235:

validation time cost : 0.19316 sec
validation time cost : 0.19407 sec
validation time cost : 0.19120 sec
validation time cost : 0.19393 sec
validation time cost : 0.19245 sec
mean validation time 0.19296:

validation time cost : 0.19184 sec
validation time cost : 0.19126 sec
validation time cost : 0.19410 sec
validation time cost : 0.19483 sec
validation time cost : 0.19100 sec
mean validation time 0.19261:

validation time cost : 0.19655 sec
validation time cost : 0.19163 sec
validation time cost : 0.19843 sec
validation time cost : 0.19207 sec
validation time cost : 0.19227 sec
mean validation time 0.19419:

validation time cost : 0.19452 sec
validation time cost : 0.19150 sec
validation time cost : 0.19211 sec
validation time cost : 0.19264 sec
validation time cost : 0.19163 sec
mean validation time 0.19248:

validation time cost : 0.19329 sec
validation time cost : 0.19404 sec
validation time cost : 0.19401 sec
validation time cost : 0.19366 sec
validation time cost : 0.19340 sec
mean validation time 0.19368:

validation time cost : 0.19396 sec
validation time cost : 0.19412 sec
validation time cost : 0.19251 sec
validation time cost : 0.19198 sec
validation time cost : 0.19225 sec
mean validation time 0.19297:

validation time cost : 0.19458 sec
validation time cost : 0.19321 sec
validation time cost : 0.19411 sec
validation time cost : 0.19370 sec
validation time cost : 0.19209 sec
mean validation time 0.19354:

validation time cost : 0.19506 sec
validation time cost : 0.19477 sec
validation time cost : 0.19239 sec
validation time cost : 0.19337 sec
validation time cost : 0.19142 sec
mean validation time 0.19340:

validation time cost : 0.19297 sec
validation time cost : 0.19405 sec
validation time cost : 0.19266 sec
validation time cost : 0.19498 sec
validation time cost : 0.19368 sec
mean validation time 0.19367:

validation time cost : 0.19266 sec
validation time cost : 0.19300 sec
validation time cost : 0.19173 sec
validation time cost : 0.19400 sec
validation time cost : 0.19498 sec
mean validation time 0.19327:

validation time cost : 0.19270 sec
validation time cost : 0.20014 sec
validation time cost : 0.19406 sec
validation time cost : 0.19257 sec
validation time cost : 0.19276 sec
mean validation time 0.19445:

validation time cost : 0.19433 sec
validation time cost : 0.19497 sec
validation time cost : 0.19470 sec
validation time cost : 0.19228 sec
validation time cost : 0.19326 sec
mean validation time 0.19391:

validation time cost : 0.19317 sec
validation time cost : 0.19234 sec
validation time cost : 0.19417 sec
validation time cost : 0.19298 sec
validation time cost : 0.19324 sec
mean validation time 0.19318:

validation time cost : 0.19447 sec
validation time cost : 0.19205 sec
validation time cost : 0.19135 sec
validation time cost : 0.19478 sec
validation time cost : 0.19241 sec
mean validation time 0.19301:

validation time cost : 0.20179 sec
validation time cost : 0.19203 sec
validation time cost : 0.19170 sec
validation time cost : 0.19166 sec
validation time cost : 0.19348 sec
mean validation time 0.19413:

validation time cost : 0.19985 sec
validation time cost : 0.19940 sec
validation time cost : 0.19417 sec
validation time cost : 0.19273 sec
validation time cost : 0.19429 sec
mean validation time 0.19609:

validation time cost : 0.19374 sec
validation time cost : 0.19923 sec
validation time cost : 0.19790 sec
validation time cost : 0.19216 sec
validation time cost : 0.19157 sec
mean validation time 0.19492:

validation time cost : 0.19333 sec
validation time cost : 0.19245 sec
validation time cost : 0.19932 sec
validation time cost : 0.19945 sec
validation time cost : 0.19437 sec
mean validation time 0.19578:

validation time cost : 0.19468 sec
validation time cost : 0.19184 sec
validation time cost : 0.19508 sec
validation time cost : 0.19967 sec
validation time cost : 0.19874 sec
mean validation time 0.19600:

validation time cost : 0.20022 sec
validation time cost : 0.20009 sec
validation time cost : 0.20094 sec
validation time cost : 0.19276 sec
validation time cost : 0.19453 sec
mean validation time 0.19771:

validation time cost : 0.20298 sec
validation time cost : 0.19200 sec
validation time cost : 0.19601 sec
validation time cost : 0.19256 sec
validation time cost : 0.19298 sec
mean validation time 0.19531:

validation time cost : 0.19567 sec
validation time cost : 0.20383 sec
validation time cost : 0.20090 sec
validation time cost : 0.19284 sec
validation time cost : 0.19811 sec
mean validation time 0.19827:

validation time cost : 0.19420 sec
validation time cost : 0.20259 sec
validation time cost : 0.19294 sec
validation time cost : 0.20200 sec
validation time cost : 0.19203 sec
mean validation time 0.19675:

validation time cost : 0.19630 sec
validation time cost : 0.19170 sec
validation time cost : 0.19891 sec
validation time cost : 0.19488 sec
validation time cost : 0.19276 sec
mean validation time 0.19491:

validation time cost : 0.19361 sec
validation time cost : 0.19170 sec
validation time cost : 0.19340 sec
validation time cost : 0.19858 sec
validation time cost : 0.19737 sec
mean validation time 0.19493:

validation time cost : 0.19479 sec
validation time cost : 0.19364 sec
validation time cost : 0.19246 sec
validation time cost : 0.20251 sec
validation time cost : 0.20032 sec
mean validation time 0.19674:

validation time cost : 0.19464 sec
validation time cost : 0.19483 sec
validation time cost : 0.19272 sec
validation time cost : 0.20014 sec
validation time cost : 0.20263 sec
mean validation time 0.19699:

validation time cost : 0.19525 sec
validation time cost : 0.19400 sec
validation time cost : 0.19318 sec
validation time cost : 0.19842 sec
validation time cost : 0.20439 sec
mean validation time 0.19705:

validation time cost : 0.19355 sec
validation time cost : 0.19200 sec
validation time cost : 0.19235 sec
validation time cost : 0.19394 sec
validation time cost : 0.19223 sec
mean validation time 0.19281:

validation time cost : 0.19265 sec
validation time cost : 0.19492 sec
validation time cost : 0.19386 sec
validation time cost : 0.19496 sec
validation time cost : 0.19293 sec
mean validation time 0.19386:

validation time cost : 0.19463 sec
validation time cost : 0.19284 sec
validation time cost : 0.19203 sec
validation time cost : 0.19289 sec
validation time cost : 0.19533 sec
mean validation time 0.19354:

validation time cost : 0.19351 sec
validation time cost : 0.19507 sec
validation time cost : 0.19187 sec
validation time cost : 0.19398 sec
validation time cost : 0.19452 sec
mean validation time 0.19379:

validation time cost : 0.19383 sec
validation time cost : 0.19483 sec
validation time cost : 0.19336 sec
validation time cost : 0.19219 sec
validation time cost : 0.19242 sec
mean validation time 0.19333:

validation time cost : 0.19495 sec
validation time cost : 0.19225 sec
validation time cost : 0.19388 sec
validation time cost : 0.19356 sec
validation time cost : 0.19313 sec
mean validation time 0.19355:

validation time cost : 0.19453 sec
validation time cost : 0.19529 sec
validation time cost : 0.19522 sec
validation time cost : 0.19463 sec
validation time cost : 0.19332 sec
mean validation time 0.19460:

validation time cost : 0.19536 sec
validation time cost : 0.19310 sec
validation time cost : 0.19292 sec
validation time cost : 0.19492 sec
validation time cost : 0.19312 sec
mean validation time 0.19389:

validation time cost : 0.19601 sec
validation time cost : 0.19582 sec
validation time cost : 0.19859 sec
validation time cost : 0.19570 sec
validation time cost : 0.19468 sec
mean validation time 0.19616:

validation time cost : 0.19446 sec
validation time cost : 0.19243 sec
validation time cost : 0.19215 sec
validation time cost : 0.19218 sec
validation time cost : 0.19201 sec
mean validation time 0.19265:

validation time cost : 0.19891 sec
validation time cost : 0.19308 sec
validation time cost : 0.19508 sec
validation time cost : 0.19300 sec
validation time cost : 0.19551 sec
mean validation time 0.19512:

