The Zen of Python, by Tim Peters

Beautiful is better than ugly.
Explicit is better than implicit.
Simple is better than complex.
Complex is better than complicated.
Flat is better than nested.
Sparse is better than dense.
Readability counts.
Special cases aren't special enough to break the rules.
Although practicality beats purity.
Errors should never pass silently.
Unless explicitly silenced.
In the face of ambiguity, refuse the temptation to guess.
There should be one-- and preferably only one --obvious way to do it.
Although that way may not be obvious at first unless you're Dutch.
Now is better than never.
Although never is often better than *right* now.
If the implementation is hard to explain, it's a bad idea.
If the implementation is easy to explain, it may be a good idea.
Namespaces are one honking great idea -- let's do more of those!
validation time cost : 0.50854 sec
validation time cost : 0.14289 sec
validation time cost : 0.13526 sec
validation time cost : 0.15177 sec
validation time cost : 0.13753 sec
mean validation time 0.21520:

validation time cost : 0.17177 sec
validation time cost : 0.16951 sec
validation time cost : 0.16541 sec
validation time cost : 0.16778 sec
validation time cost : 0.16941 sec
mean validation time 0.16878:

validation time cost : 0.16755 sec
validation time cost : 0.16713 sec
validation time cost : 0.16768 sec
validation time cost : 0.16861 sec
validation time cost : 0.16701 sec
mean validation time 0.16759:

validation time cost : 0.14935 sec
validation time cost : 0.15696 sec
validation time cost : 0.15082 sec
validation time cost : 0.15766 sec
validation time cost : 0.14813 sec
mean validation time 0.15258:

validation time cost : 0.15458 sec
validation time cost : 0.16430 sec
validation time cost : 0.16310 sec
validation time cost : 0.16389 sec
validation time cost : 0.16541 sec
mean validation time 0.16226:

validation time cost : 0.17065 sec
validation time cost : 0.16964 sec
validation time cost : 0.16978 sec
validation time cost : 0.17160 sec
validation time cost : 0.17148 sec
mean validation time 0.17063:

validation time cost : 0.17248 sec
validation time cost : 0.17066 sec
validation time cost : 0.17131 sec
validation time cost : 0.17120 sec
validation time cost : 0.17263 sec
mean validation time 0.17165:

validation time cost : 0.17300 sec
validation time cost : 0.17281 sec
validation time cost : 0.17427 sec
validation time cost : 0.17497 sec
validation time cost : 0.17509 sec
mean validation time 0.17403:

validation time cost : 0.17629 sec
validation time cost : 0.17372 sec
validation time cost : 0.17386 sec
validation time cost : 0.17422 sec
validation time cost : 0.17492 sec
mean validation time 0.17460:

validation time cost : 0.17877 sec
validation time cost : 0.17668 sec
validation time cost : 0.17540 sec
validation time cost : 0.17674 sec
validation time cost : 0.17715 sec
mean validation time 0.17695:

validation time cost : 0.17056 sec
validation time cost : 0.16416 sec
validation time cost : 0.16727 sec
validation time cost : 0.16908 sec
validation time cost : 0.16614 sec
mean validation time 0.16744:

validation time cost : 0.13417 sec
validation time cost : 0.12761 sec
validation time cost : 0.12232 sec
validation time cost : 0.12307 sec
validation time cost : 0.12346 sec
mean validation time 0.12613:

validation time cost : 0.17742 sec
validation time cost : 0.17545 sec
validation time cost : 0.17744 sec
validation time cost : 0.17950 sec
validation time cost : 0.17825 sec
mean validation time 0.17761:

validation time cost : 0.17905 sec
validation time cost : 0.17886 sec
validation time cost : 0.18037 sec
validation time cost : 0.17951 sec
validation time cost : 0.17910 sec
mean validation time 0.17938:

validation time cost : 0.18529 sec
validation time cost : 0.18163 sec
validation time cost : 0.17917 sec
validation time cost : 0.18013 sec
validation time cost : 0.17801 sec
mean validation time 0.18085:

validation time cost : 0.17683 sec
validation time cost : 0.17497 sec
validation time cost : 0.17688 sec
validation time cost : 0.17772 sec
validation time cost : 0.17655 sec
mean validation time 0.17659:

validation time cost : 0.17817 sec
validation time cost : 0.17726 sec
validation time cost : 0.17630 sec
validation time cost : 0.17678 sec
validation time cost : 0.17824 sec
mean validation time 0.17735:

validation time cost : 0.18667 sec
validation time cost : 0.18173 sec
validation time cost : 0.18181 sec
validation time cost : 0.18549 sec
validation time cost : 0.18318 sec
mean validation time 0.18378:

validation time cost : 0.18411 sec
validation time cost : 0.17744 sec
validation time cost : 0.17932 sec
validation time cost : 0.18011 sec
validation time cost : 0.18085 sec
mean validation time 0.18037:

validation time cost : 0.17970 sec
validation time cost : 0.18198 sec
validation time cost : 0.18362 sec
validation time cost : 0.18305 sec
validation time cost : 0.18509 sec
mean validation time 0.18269:

validation time cost : 0.17004 sec
validation time cost : 0.16871 sec
validation time cost : 0.16859 sec
validation time cost : 0.16904 sec
validation time cost : 0.17082 sec
mean validation time 0.16944:

