Task 17: algorithm=knn feature-set=alff
Loading feature set: alff
X shape: (956, 270), y counts: [501 455]
Wrote /users/3171356m/muhammad/GraSTIACL/ml/results/knn__alff.json
{
  "accuracy": {
    "mean": 0.547104057591623,
    "std": 0.021862973556760756
  },
  "f1": {
    "mean": 0.4396929376304291,
    "std": 0.04192604732375685
  },
  "sensitivity": {
    "mean": 0.3758241716942399,
    "std": 0.0512611149957706
  },
  "specificity": {
    "mean": 0.70269306229294,
    "std": 0.04272987402912859
  },
  "precision": {
    "mean": 0.5344567529894638,
    "std": 0.033193798291488004
  },
  "auc": {
    "mean": 0.5629614840604941,
    "std": 0.018151440065719684
  }
}
