Task 11: algorithm=random_forest feature-set=alff
Loading feature set: alff
X shape: (956, 270), y counts: [501 455]
Wrote /users/3171356m/muhammad/GraSTIACL/ml/results/random_forest__alff.json
{
  "accuracy": {
    "mean": 0.5732602530541012,
    "std": 0.03750032519323723
  },
  "f1": {
    "mean": 0.4985252449557751,
    "std": 0.03710300265438669
  },
  "sensitivity": {
    "mean": 0.4461538412510567,
    "std": 0.045362125744482784
  },
  "specificity": {
    "mean": 0.6886930624329399,
    "std": 0.07159083746900477
  },
  "precision": {
    "mean": 0.5710630697216064,
    "std": 0.06165968861805141
  },
  "auc": {
    "mean": 0.5931300184963552,
    "std": 0.03242315650459111
  }
}
