Task 4: algorithm=gradient_boosting feature-combo=gpcc_alff
Loading feature sets for combo: gpcc_alff = ['global_pcc', 'alff']
X shape: (956, 4275), y counts: [501 455], sites: 19
Wrote /users/3171356m/muhammad/GraSTIACL/ml_combat_combinations/results/gradient_boosting__gpcc_alff_combat.json
{
  "accuracy": {
    "mean": 0.6757035340314137,
    "std": 0.017990866264530447
  },
  "f1": {
    "mean": 0.6571060272087954,
    "std": 0.013572565550453348
  },
  "sensitivity": {
    "mean": 0.652747245574206,
    "std": 0.025630557497885294
  },
  "specificity": {
    "mean": 0.6965148445347046,
    "std": 0.04550128766142031
  },
  "precision": {
    "mean": 0.6630460556315549,
    "std": 0.02615517484751109
  },
  "auc": {
    "mean": 0.7327026438907627,
    "std": 0.026125629646905787
  }
}
