Task 4: algorithm=gradient_boosting feature-set=local_pcc_combat
Loading feature set: local_pcc / dynamic PCC (+ SITE/AGE/SEX covariates)
X shape: (956, 8010), y counts: [501 455], sites: 19
Wrote /users/3171356m/muhammad/GraSTIACL/ml_combat_dPCC/results/gradient_boosting__local_pcc_combat.json
{
  "accuracy": {
    "mean": 0.6108038830715532,
    "std": 0.04187142025300065
  },
  "f1": {
    "mean": 0.5755337979536355,
    "std": 0.049411251308634274
  },
  "sensitivity": {
    "mean": 0.556043949933583,
    "std": 0.059624878317311406
  },
  "specificity": {
    "mean": 0.6605148448947045,
    "std": 0.04983408952288932
  },
  "precision": {
    "mean": 0.598327320614404,
    "std": 0.04713824141343003
  },
  "auc": {
    "mean": 0.6678735719725818,
    "std": 0.03732703512516769
  }
}
