Task 2: algorithm=rbf_svm feature-combo=gpcc_alff
Loading feature sets for combo: gpcc_alff = ['global_pcc', 'alff']
X shape: (956, 4275), y counts: [501 455], sites: 19
Wrote /users/3171356m/muhammad/GraSTIACL/ml_combat_combinations/results/rbf_svm__gpcc_alff_combat.json
{
  "accuracy": {
    "mean": 0.6610983856893543,
    "std": 0.011791617612761245
  },
  "f1": {
    "mean": 0.6340576839792413,
    "std": 0.017414821427163513
  },
  "sensitivity": {
    "mean": 0.6175824107957977,
    "std": 0.02727400771345236
  },
  "specificity": {
    "mean": 0.7006534583533321,
    "std": 0.016807740498478028
  },
  "precision": {
    "mean": 0.6520362933214339,
    "std": 0.012570765397143873
  },
  "auc": {
    "mean": 0.7296511805026658,
    "std": 0.02511648740596459
  }
}
