The Zen of Python, by Tim Peters

Beautiful is better than ugly.
Explicit is better than implicit.
Simple is better than complex.
Complex is better than complicated.
Flat is better than nested.
Sparse is better than dense.
Readability counts.
Special cases aren't special enough to break the rules.
Although practicality beats purity.
Errors should never pass silently.
Unless explicitly silenced.
In the face of ambiguity, refuse the temptation to guess.
There should be one-- and preferably only one --obvious way to do it.
Although that way may not be obvious at first unless you're Dutch.
Now is better than never.
Although never is often better than *right* now.
If the implementation is hard to explain, it's a bad idea.
If the implementation is easy to explain, it may be a good idea.
Namespaces are one honking great idea -- let's do more of those!
device: cuda, REPLICATE=True, layers=2, pooling=standard, FROZEN_ADVERSARY=True, view_lr=0.0005, reg_lambda=0.2
epoch   0 (untrained): alignment 9/16, eval_contrastive 2.5484
epoch  10: model_loss=2.5622 view_loss=-8.3205 reg=0.4983 | alignment 9/16, eval_contrastive 2.6912
epoch  20: model_loss=2.0649 view_loss=-8.4052 reg=0.5002 | alignment 7/16, eval_contrastive 2.5783
epoch  30: model_loss=2.0721 view_loss=-8.7225 reg=0.4985 | alignment 7/16, eval_contrastive 2.2120
epoch  40: model_loss=1.6792 view_loss=-9.4163 reg=0.4980 | alignment 8/16, eval_contrastive 1.5360
epoch  50: model_loss=1.3857 view_loss=-10.5553 reg=0.4983 | alignment 10/16, eval_contrastive 1.5201
epoch  60: model_loss=1.5100 view_loss=-10.7405 reg=0.4992 | alignment 9/16, eval_contrastive 1.8219
epoch  70: model_loss=1.5699 view_loss=-10.5978 reg=0.4981 | alignment 11/16, eval_contrastive 1.4720
epoch  80: model_loss=1.0673 view_loss=-11.1168 reg=0.4985 | alignment 11/16, eval_contrastive 1.0750
epoch  90: model_loss=1.1688 view_loss=-11.1539 reg=0.4998 | alignment 11/16, eval_contrastive 0.8293
epoch 100: model_loss=1.1109 view_loss=-10.6805 reg=0.4987 | alignment 11/16, eval_contrastive 0.6487

loss early(mean of first 5)=2.8140  late(mean of last 5)=1.0716  fall=61.9%
PEAK alignment: 11/16 at epoch 100 (eval_contrastive 0.6487)
FINAL alignment: 11/16 at epoch 100 (eval_contrastive 0.6487)
full history (epoch, align, eval_contrastive): (0,9,2.548), (10,9,2.691), (20,7,2.578), (30,7,2.212), (40,8,1.536), (50,10,1.520), (60,9,1.822), (70,11,1.472), (80,11,1.075), (90,11,0.829), (100,11,0.649)

============================================================
Criterion 1 (loss fall >= 30%):        PASS (61.9%)
Criterion 2 (PEAK alignment >= 15/16): FAIL (peak 11/16 @ epoch 100)
Criterion 3 (no NaN-guard fires): check log above -- any 'NaN detected' line = FAIL
OVERFIT-16: FAIL
