The Zen of Python, by Tim Peters

Beautiful is better than ugly.
Explicit is better than implicit.
Simple is better than complex.
Complex is better than complicated.
Flat is better than nested.
Sparse is better than dense.
Readability counts.
Special cases aren't special enough to break the rules.
Although practicality beats purity.
Errors should never pass silently.
Unless explicitly silenced.
In the face of ambiguity, refuse the temptation to guess.
There should be one-- and preferably only one --obvious way to do it.
Although that way may not be obvious at first unless you're Dutch.
Now is better than never.
Although never is often better than *right* now.
If the implementation is hard to explain, it's a bad idea.
If the implementation is easy to explain, it may be a good idea.
Namespaces are one honking great idea -- let's do more of those!
device: cuda, REPLICATE=True, layers=2, pooling=standard, FROZEN_ADVERSARY=False, view_lr=0.0005, reg_lambda=0.2
epoch   0 (untrained): alignment 9/16, eval_contrastive 2.5484
epoch  10: model_loss=3.7612 view_loss=-2.5719 reg=0.4735 | alignment 7/16, eval_contrastive 2.6981
epoch  20: model_loss=3.6792 view_loss=1.9211 reg=0.4855 | alignment 7/16, eval_contrastive 2.6253
epoch  30: model_loss=6.1997 view_loss=2.1848 reg=0.5453 | alignment 6/16, eval_contrastive 2.5241
epoch  40: model_loss=6.7059 view_loss=2.2677 reg=0.4435 | alignment 6/16, eval_contrastive 2.7079
epoch  50: model_loss=6.3815 view_loss=1.5259 reg=0.3951 | alignment 1/16, eval_contrastive 2.7081
epoch  60: model_loss=5.8134 view_loss=1.9520 reg=0.3266 | alignment 1/16, eval_contrastive 2.7081
epoch  70: model_loss=4.6874 view_loss=2.2879 reg=0.5281 | alignment 0/16, eval_contrastive 2.7081
epoch  80: model_loss=4.2695 view_loss=2.4142 reg=0.4345 | alignment 0/16, eval_contrastive 2.7081
epoch  90: model_loss=3.8990 view_loss=2.4750 reg=0.4178 | alignment 0/16, eval_contrastive 2.7081
epoch 100: model_loss=3.4999 view_loss=2.5226 reg=0.4387 | alignment 2/16, eval_contrastive 2.7081

loss early(mean of first 5)=4.1275  late(mean of last 5)=3.6097  fall=12.5%
PEAK alignment: 9/16 at epoch 0 (eval_contrastive 2.5484)
FINAL alignment: 2/16 at epoch 100 (eval_contrastive 2.7081)
full history (epoch, align, eval_contrastive): (0,9,2.548), (10,7,2.698), (20,7,2.625), (30,6,2.524), (40,6,2.708), (50,1,2.708), (60,1,2.708), (70,0,2.708), (80,0,2.708), (90,0,2.708), (100,2,2.708)

============================================================
Criterion 1 (loss fall >= 30%):        FAIL (12.5%)
Criterion 2 (PEAK alignment >= 15/16): FAIL (peak 9/16 @ epoch 0)
Criterion 3 (no NaN-guard fires): check log above -- any 'NaN detected' line = FAIL
OVERFIT-16: FAIL
