Task 0: reg_lambda=0.0
The Zen of Python, by Tim Peters

Beautiful is better than ugly.
Explicit is better than implicit.
Simple is better than complex.
Complex is better than complicated.
Flat is better than nested.
Sparse is better than dense.
Readability counts.
Special cases aren't special enough to break the rules.
Although practicality beats purity.
Errors should never pass silently.
Unless explicitly silenced.
In the face of ambiguity, refuse the temptation to guess.
There should be one-- and preferably only one --obvious way to do it.
Although that way may not be obvious at first unless you're Dutch.
Now is better than never.
Although never is often better than *right* now.
If the implementation is hard to explain, it's a bad idea.
If the implementation is easy to explain, it may be a good idea.
Namespaces are one honking great idea -- let's do more of those!
validation time cost : 0.30567 sec
validation time cost : 0.14707 sec
validation time cost : 0.14603 sec
validation time cost : 0.14669 sec
validation time cost : 0.12548 sec
mean validation time 0.17419:

validation time cost : 0.12881 sec
validation time cost : 0.12793 sec
validation time cost : 0.12976 sec
validation time cost : 0.13052 sec
validation time cost : 0.13058 sec
mean validation time 0.12952:

validation time cost : 0.12846 sec
validation time cost : 0.12842 sec
validation time cost : 0.13044 sec
validation time cost : 0.12927 sec
validation time cost : 0.12929 sec
mean validation time 0.12918:

validation time cost : 0.12960 sec
validation time cost : 0.12949 sec
validation time cost : 0.12924 sec
validation time cost : 0.12386 sec
validation time cost : 0.13140 sec
mean validation time 0.12872:

