Task 3: reg_lambda=0.3
The Zen of Python, by Tim Peters

Beautiful is better than ugly.
Explicit is better than implicit.
Simple is better than complex.
Complex is better than complicated.
Flat is better than nested.
Sparse is better than dense.
Readability counts.
Special cases aren't special enough to break the rules.
Although practicality beats purity.
Errors should never pass silently.
Unless explicitly silenced.
In the face of ambiguity, refuse the temptation to guess.
There should be one-- and preferably only one --obvious way to do it.
Although that way may not be obvious at first unless you're Dutch.
Now is better than never.
Although never is often better than *right* now.
If the implementation is hard to explain, it's a bad idea.
If the implementation is easy to explain, it may be a good idea.
Namespaces are one honking great idea -- let's do more of those!
validation time cost : 0.25657 sec
validation time cost : 0.06984 sec
validation time cost : 0.06813 sec
validation time cost : 0.06966 sec
validation time cost : 0.09762 sec
mean validation time 0.11236:

validation time cost : 0.07752 sec
validation time cost : 0.09924 sec
validation time cost : 0.07694 sec
validation time cost : 0.07609 sec
validation time cost : 0.07681 sec
mean validation time 0.08132:

validation time cost : 0.08152 sec
validation time cost : 0.07670 sec
validation time cost : 0.07698 sec
validation time cost : 0.07615 sec
validation time cost : 0.07688 sec
mean validation time 0.07765:

validation time cost : 0.07776 sec
validation time cost : 0.07756 sec
validation time cost : 0.07776 sec
validation time cost : 0.07604 sec
validation time cost : 0.07816 sec
mean validation time 0.07746:

