07-Aug-26 19:30:10 - Using Device: cuda
07-Aug-26 19:30:10 - Seed: 123
07-Aug-26 19:30:10 - Namespace(name='GraSTIACL_ABIDE_979', path='/users/3171356m/muhammad/GraSTIACL/data/GraSTIACL_ABIDE_979', template=90, num_dyn_windows=3, model_lr=0.0005, view_lr=0.0005, num_gc_layers=2, pooling_type='standard', emb_dim=32, vib_hidden_dim=400, batch_size=32, drop_ratio=0.3, epochs=1, kld_lambda=0.003, reg_lambda=0.2, gamma_mode='baseline', node_feature_mode='alff_pcc', mij_source='alff', eval_interval=1, downstream_classifier='linear', ce_lambda=2.0, seed=123)
/users/3171356m/muhammad/GraSTIACL/datasets/Dataset.py:45: FutureWarning: You are using `torch.load` with `weights_only=False` (the current default value), which uses the default pickle module implicitly. It is possible to construct malicious pickle data which will execute arbitrary code during unpickling (See https://github.com/pytorch/pytorch/blob/main/SECURITY.md#untrusted-models for more details). In a future release, the default value for `weights_only` will be flipped to `True`. This limits the functions that could be executed during unpickling. Arbitrary objects will no longer be allowed to be loaded via this mode unless they are explicitly allowlisted by the user via `torch.serialization.add_safe_globals`. We recommend you start setting `weights_only=True` for any use case where you don't have full control of the loaded file. Please open an issue on GitHub for any issues related to this experimental feature.
  self.data, self.slices = torch.load(path)
/users/3171356m/miniconda3/envs/grastiacl/lib/python3.12/site-packages/torch_geometric/data/in_memory_dataset.py:300: UserWarning: It is not recommended to directly access the internal storage format `data` of an 'InMemoryDataset'. If you are absolutely certain what you are doing, access the internal storage via `InMemoryDataset._data` instead to suppress this warning. Alternatively, you can access stacked individual attributes of every graph via `dataset.{attr_name}`.
  warnings.warn(msg)
07-Aug-26 19:30:23 - Before training Embedding Eval Scores: Train: [0.612291539638223, 0.013956299512434975, 0.5790899986168492, 0.014922757927033634, 0.5608247403408084, 0.01836479610993184, 0.6589816957651162, 0.02138825850773619, 0.5989097575744584, 0.0167524657112738] Val: [0.5555555555555556, 0.027106459285395727, 0.5040984104509734, 0.04478268430446296, 0.47671232223681753, 0.0633107936987088, 0.6274999921562501, 0.04286606996287971, 0.5379533488647131, 0.032216966532671344] Test: [0.5355202879581152, 0.03356699891401239, 0.5013607039532552, 0.04484626771238357, 0.49230768689771776, 0.05356508779358778, 0.5747920734719597, 0.02424247647502404, 0.5113639952107996, 0.036181792101328505, 0.5681984550103363, 0.03676262201614965]
07-Aug-26 19:31:56 - Epoch 1, Model Loss 0.8072924228642276, View Loss -5.403786308097041, Reg 0.4464646542920228
/users/3171356m/miniconda3/envs/grastiacl/lib/python3.12/site-packages/torch_geometric/data/in_memory_dataset.py:300: UserWarning: It is not recommended to directly access the internal storage format `data` of an 'InMemoryDataset'. The data of the dataset is already cached, so any modifications to `data` will not be reflected when accessing its elements. Clearing the cache now by removing all elements in `dataset._data_list`. If you are absolutely certain what you are doing, access the internal storage via `InMemoryDataset._data` instead to suppress this warning. Alternatively, you can access stacked individual attributes of every graph via `dataset.{attr_name}`.
  warnings.warn(msg)
07-Aug-26 19:31:57 - Metric: accuracy Train_mean: 0.6155595134944322 Val_mean: 0.5346405228758171 Test_mean: 0.5449389179755671
07-Aug-26 19:31:57 - Metric: accuracy Train_std: 0.003603433225969206 Val_std: 0.031044031600099147 Test_std: 0.026487409528494456
07-Aug-26 19:31:57 - Metric: f1 Train_mean: 0.5846622911357625 Val_mean: 0.48403917020551124 Test_mean: 0.5067335459263566
07-Aug-26 19:31:57 - Metric: f1 Train_std: 0.006497462612196834 Val_std: 0.03210878419296033 Test_std: 0.033109468839710506
07-Aug-26 19:31:57 - Metric: sen Train_mean: 0.5690721629928792 Val_mean: 0.45753424030775014 Test_mean: 0.49230768689771776
07-Aug-26 19:31:57 - Metric: sen Train_std: 0.014514578700597903 Val_std: 0.03310423509061204 Test_std: 0.04417527697003384
07-Aug-26 19:31:57 - Metric: spe Train_mean: 0.657735589849995 Val_mean: 0.6049999924375001 Test_mean: 0.5928118752717635
07-Aug-26 19:31:57 - Metric: spe Train_std: 0.014810910120045836 Val_std: 0.045825756376736464 Test_std: 0.03599151363340502
07-Aug-26 19:31:57 - Metric: precision Train_mean: 0.6014427689441199 Val_mean: 0.5148403679653679 Test_mean: 0.5233361392095037
07-Aug-26 19:31:57 - Metric: precision Train_std: 0.005660759401046472 Val_std: 0.03891675611427424 Test_std: 0.027999063669399686
07-Aug-26 19:31:57 - FinishedTraining!
07-Aug-26 19:31:57 - BestEpoch: 0
07-Aug-26 19:31:57 - BestTrainScore: acc_mean: 0.6155595134944322 acc_std: 0.003603433225969206 f1_mean: 0.5846622911357625 f1_std: 0.006497462612196834 sen_mean: 0.5690721629928792 sen_std: 0.014514578700597903 spe_mean: 0.657735589849995 spe_std: 0.014810910120045836 pre_mean: 0.6014427689441199 pre_std: 0.005660759401046472
07-Aug-26 19:31:57 - BestValidationScore: acc_mean: 0.5346405228758171 acc_std: 0.031044031600099147 f1_mean: 0.48403917020551124 f1_std: 0.03210878419296033 sen_mean: 0.45753424030775014 sen_std: 0.03310423509061204 spe_mean: 0.6049999924375001 spe_std: 0.045825756376736464 pre_mean: 0.5148403679653679 pre_std: 0.03891675611427424
07-Aug-26 19:31:57 - BestTestScore: acc_mean: 0.5449389179755671 acc_std: 0.026487409528494456 f1_mean: 0.5067335459263566 f1_std: 0.033109468839710506 sen_mean: 0.49230768689771776 sen_std: 0.04417527697003384 spe_mean: 0.5928118752717635 spe_std: 0.03599151363340502 pre_mean: 0.5233361392095037 pre_std: 0.027999063669399686 auc_mean:0.5582099880317702 auc_std:0.032049753088749626
