07-Aug-26 19:30:40 - Using Device: cuda
07-Aug-26 19:30:40 - Seed: 123, Fold: 0, ComBat: False
07-Aug-26 19:30:40 - Namespace(fold=0, combat=False, num_dyn_windows=3, model_lr=0.0005, view_lr=0.0005, num_gc_layers=2, pooling_type='standard', emb_dim=32, vib_hidden_dim=400, batch_size=32, drop_ratio=0.3, epochs=1, kld_lambda=0.003, reg_lambda=0.2, gamma_mode='baseline', node_feature_mode='alff_pcc', mij_source='alff', template=90, eval_interval=1, downstream_classifier='linear', ce_lambda=2.0, seed=123)
07-Aug-26 19:30:40 - Loading raw subject data...
07-Aug-26 19:31:51 - Loaded 956 subjects (455 ASD, 501 NC)
07-Aug-26 19:31:51 - alff_pcc scale stats (train_val_idx only): alff=[-3.5994,5.6307] pcc=[-0.7600,1.0000]
07-Aug-26 19:31:51 - Train/Val/Test sizes: 611/153/192
07-Aug-26 19:32:53 - Epoch 1, Model Loss 0.9372883053731216, View Loss -6.608356285407384, Reg 0.44901219941980514
07-Aug-26 19:33:03 - Epoch 1: Train_acc 0.6121112929623568 Val_acc 0.5947712418300654 Test_acc 0.5729166666666666 Test_auc 0.5958002393645958
07-Aug-26 19:33:03 - FinishedTraining! BestEpoch (eval-interval index): 0
07-Aug-26 19:33:03 - Wrote /users/3171356m/muhammad/GraSTIACL/nested_cv/results/nocombat__emb32_bs32__fold0.json
07-Aug-26 19:33:03 - {
  "emb_dim": 32,
  "batch_size": 32,
  "fold": 0,
  "combat": false,
  "n_train": 611,
  "n_val": 153,
  "n_test": 192,
  "best_val_epoch_idx": 0,
  "train_accuracy": 0.6121112929623568,
  "val_accuracy": 0.5947712418300654,
  "test_accuracy": 0.5729166666666666,
  "train_f1": 0.5760286225402504,
  "val_f1": 0.5373134328358209,
  "test_f1": 0.5638297872340425,
  "train_sensitivity": 0.5532646029097437,
  "val_sensitivity": 0.4931506781760181,
  "test_sensitivity": 0.5824175760173893,
  "train_specificity": 0.6656249979199219,
  "val_specificity": 0.6874999914062502,
  "test_specificity": 0.564356430055877,
  "train_precision": 0.6007462686567164,
  "val_precision": 0.5901639344262295,
  "test_precision": 0.5463917525773195,
  "test_auc": 0.5958002393645958,
  "fin_reg": 0.44901219941980514
}
