13-Aug-26 23:43:12 - Using Device: cuda
13-Aug-26 23:43:12 - Seed: 123
13-Aug-26 23:43:12 - Namespace(name='GraSTIACL_ABIDE_979', path='/users/3171356m/muhammad/GraSTIACL/data/GraSTIACL_ABIDE_979', template=90, num_dyn_windows=3, model_lr=0.0005, view_lr=0.0005, num_gc_layers=2, pooling_type='standard', emb_dim=128, vib_hidden_dim=400, batch_size=32, drop_ratio=0.3, epochs=300, kld_lambda=0.003, reg_lambda=0.2, gamma_mode='signal_strength', node_feature_mode='alff', mij_source='alff', eval_interval=5, downstream_classifier='linear', ce_lambda=2.0, weight_decay=0.0001, early_stop_patience=10, seed=123)
/users/3171356m/muhammad/GraSTIACL/datasets/Dataset.py:45: FutureWarning: You are using `torch.load` with `weights_only=False` (the current default value), which uses the default pickle module implicitly. It is possible to construct malicious pickle data which will execute arbitrary code during unpickling (See https://github.com/pytorch/pytorch/blob/main/SECURITY.md#untrusted-models for more details). In a future release, the default value for `weights_only` will be flipped to `True`. This limits the functions that could be executed during unpickling. Arbitrary objects will no longer be allowed to be loaded via this mode unless they are explicitly allowlisted by the user via `torch.serialization.add_safe_globals`. We recommend you start setting `weights_only=True` for any use case where you don't have full control of the loaded file. Please open an issue on GitHub for any issues related to this experimental feature.
  self.data, self.slices = torch.load(path)
/users/3171356m/miniconda3/envs/grastiacl/lib/python3.12/site-packages/torch_geometric/data/in_memory_dataset.py:300: UserWarning: It is not recommended to directly access the internal storage format `data` of an 'InMemoryDataset'. If you are absolutely certain what you are doing, access the internal storage via `InMemoryDataset._data` instead to suppress this warning. Alternatively, you can access stacked individual attributes of every graph via `dataset.{attr_name}`.
  warnings.warn(msg)
13-Aug-26 23:43:26 - Before training Embedding Eval Scores: Train: [0.6086887455473189, 0.048094370198072514, 0.562809619607452, 0.05463896119399362, 0.5298969053955432, 0.053475913668954, 0.6801635492816896, 0.04451529437876795, 0.6002077823214129, 0.05616629572674066] Val: [0.530718954248366, 0.02815772448174904, 0.4981834381834382, 0.03659779823446666, 0.4904109521861513, 0.05438200813525799, 0.5674999929062501, 0.05733672398918951, 0.5090729457367453, 0.02962957585849172] Test: [0.5157831588132635, 0.051804693329423335, 0.4780716847268637, 0.030548712347977704, 0.46373625864026097, 0.02130848265558296, 0.5632079151678424, 0.09739769681946427, 0.4965316589278176, 0.0537426425905971, 0.5099442933304319, 0.06531728618735395]
13-Aug-26 23:44:56 - Epoch 1, Model Loss 3.1697063126823393, View Loss -3.897442753594291, Reg 0.4917247090878347
13-Aug-26 23:46:26 - Epoch 2, Model Loss 3.3232330757204958, View Loss -0.6009354002804935, Reg 0.4844157104711652
13-Aug-26 23:47:55 - Epoch 3, Model Loss 3.380708235577061, View Loss -0.36413576662789826, Reg 0.483948448836554
13-Aug-26 23:49:25 - Epoch 4, Model Loss 3.2680401861917026, View Loss 0.1329487779150448, Reg 0.48409515843730594
13-Aug-26 23:50:55 - Epoch 5, Model Loss 3.272395209787281, View Loss 0.4110740009212095, Reg 0.4760624667840024
/users/3171356m/miniconda3/envs/grastiacl/lib/python3.12/site-packages/torch_geometric/data/in_memory_dataset.py:300: UserWarning: It is not recommended to directly access the internal storage format `data` of an 'InMemoryDataset'. The data of the dataset is already cached, so any modifications to `data` will not be reflected when accessing its elements. Clearing the cache now by removing all elements in `dataset._data_list`. If you are absolutely certain what you are doing, access the internal storage via `InMemoryDataset._data` instead to suppress this warning. Alternatively, you can access stacked individual attributes of every graph via `dataset.{attr_name}`.
  warnings.warn(msg)
13-Aug-26 23:51:08 - Metric: accuracy Train_mean: 0.5825449546976456 Val_mean: 0.5111111111111112 Test_mean: 0.5062663612565446
13-Aug-26 23:51:08 - Metric: accuracy Train_std: 0.045672968680095904 Val_std: 0.03239088024408855 Test_std: 0.0248615524821589
13-Aug-26 23:51:08 - Metric: f1 Train_mean: 0.5369620834841357 Val_mean: 0.47286606918798124 Test_mean: 0.455672145192041
13-Aug-26 23:51:08 - Metric: f1 Train_std: 0.04089699257333415 Val_std: 0.050787777918480256 Test_std: 0.028713792397158468
13-Aug-26 23:51:08 - Metric: sen Train_mean: 0.5072164931023487 Val_mean: 0.4630136922874836 Test_mean: 0.43516483038280407
13-Aug-26 23:51:08 - Metric: sen Train_std: 0.030318549724146247 Val_std: 0.06788773437613442 Test_std: 0.03781241834071025
13-Aug-26 23:51:08 - Metric: spe Train_mean: 0.650897583640719 Val_mean: 0.5549999930625 Test_mean: 0.5708514794513715
13-Aug-26 23:51:08 - Metric: spe Train_std: 0.06771001780158793 Val_std: 0.0392109673632582 Test_std: 0.04942570241333979
13-Aug-26 23:51:08 - Metric: precision Train_mean: 0.571893799253432 Val_mean: 0.48538846331311125 Test_mean: 0.48003741674773626
13-Aug-26 23:51:08 - Metric: precision Train_std: 0.05984441942176887 Val_std: 0.037158177652688584 Test_std: 0.026064717370112837
13-Aug-26 23:52:38 - Epoch 6, Model Loss 3.0847764104978808, View Loss 0.7887243648453237, Reg 0.448810166644252
13-Aug-26 23:54:07 - Epoch 7, Model Loss 3.2067680378838066, View Loss 0.5188162160967185, Reg 0.4768493372526129
13-Aug-26 23:55:37 - Epoch 8, Model Loss 3.197899333602714, View Loss 0.6016669208534592, Reg 0.46403899788856506
13-Aug-26 23:57:08 - Epoch 9, Model Loss 3.1967934784031313, View Loss 0.5324563591051301, Reg 0.47028528783610674
13-Aug-26 23:58:37 - Epoch 10, Model Loss 3.039426937262882, View Loss 0.3220556814176767, Reg 0.4677896487164198
/users/3171356m/miniconda3/envs/grastiacl/lib/python3.12/site-packages/torch_geometric/data/in_memory_dataset.py:300: UserWarning: It is not recommended to directly access the internal storage format `data` of an 'InMemoryDataset'. The data of the dataset is already cached, so any modifications to `data` will not be reflected when accessing its elements. Clearing the cache now by removing all elements in `dataset._data_list`. If you are absolutely certain what you are doing, access the internal storage via `InMemoryDataset._data` instead to suppress this warning. Alternatively, you can access stacked individual attributes of every graph via `dataset.{attr_name}`.
  warnings.warn(msg)
13-Aug-26 23:58:51 - Metric: accuracy Train_mean: 0.6773664730485758 Val_mean: 0.5281045751633987 Test_mean: 0.524051047120419
13-Aug-26 23:58:51 - Metric: accuracy Train_std: 0.05488287682495916 Val_std: 0.027852648042696087 Test_std: 0.024681105985776282
13-Aug-26 23:58:51 - Metric: f1 Train_mean: 0.6550178434493688 Val_mean: 0.5101672531290367 Test_mean: 0.493464732770793
13-Aug-26 23:58:51 - Metric: f1 Train_std: 0.06621801275252785 Val_std: 0.022629887764537296 Test_std: 0.030546196005120648
13-Aug-26 23:58:51 - Metric: sen Train_mean: 0.647422678187551 Val_mean: 0.5150684860949523 Test_mean: 0.4879120825504167
13-Aug-26 23:58:51 - Metric: sen Train_std: 0.07590068808159774 Val_std: 0.029507751963644507 Test_std: 0.038445836246827944
13-Aug-26 23:58:51 - Metric: spe Train_mean: 0.7045229728816275 Val_mean: 0.5399999932500001 Test_mean: 0.5569504894903912
13-Aug-26 23:58:51 - Metric: spe Train_std: 0.03831345277643551 Val_std: 0.054999999312500006 Test_std: 0.03031795014079062
13-Aug-26 23:58:51 - Metric: precision Train_mean: 0.6633679578997567 Val_mean: 0.5066124016828242 Test_mean: 0.49984071242796874
13-Aug-26 23:58:51 - Metric: precision Train_std: 0.05631983095622465 Val_std: 0.027808110188837862 Test_std: 0.02657170634838963
14-Aug-26 00:00:21 - Epoch 11, Model Loss 2.953759333079829, View Loss 0.17521196454139934, Reg 0.4616448250774559
14-Aug-26 00:01:51 - Epoch 12, Model Loss 2.915578389267542, View Loss 0.10391463102406538, Reg 0.4633944557052277
14-Aug-26 00:03:21 - Epoch 13, Model Loss 2.9585369890205033, View Loss 0.016122156668407647, Reg 0.4661786134771722
14-Aug-26 00:04:51 - Epoch 14, Model Loss 2.7096692707748096, View Loss 0.08656712181897343, Reg 0.4530374123461576
14-Aug-26 00:06:21 - Epoch 15, Model Loss 2.847790366934932, View Loss 0.10629791308147638, Reg 0.4427943608750858
/users/3171356m/miniconda3/envs/grastiacl/lib/python3.12/site-packages/torch_geometric/data/in_memory_dataset.py:300: UserWarning: It is not recommended to directly access the internal storage format `data` of an 'InMemoryDataset'. The data of the dataset is already cached, so any modifications to `data` will not be reflected when accessing its elements. Clearing the cache now by removing all elements in `dataset._data_list`. If you are absolutely certain what you are doing, access the internal storage via `InMemoryDataset._data` instead to suppress this warning. Alternatively, you can access stacked individual attributes of every graph via `dataset.{attr_name}`.
  warnings.warn(msg)
14-Aug-26 00:06:33 - Metric: accuracy Train_mean: 0.6404009285110661 Val_mean: 0.5359477124183007 Test_mean: 0.5241273996509599
14-Aug-26 00:06:33 - Metric: accuracy Train_std: 0.050648755503941156 Val_std: 0.043746929491977796 Test_std: 0.03673523106259093
14-Aug-26 00:06:33 - Metric: f1 Train_mean: 0.6081774949878295 Val_mean: 0.5237320723126698 Test_mean: 0.48004233225682197
14-Aug-26 00:06:33 - Metric: f1 Train_std: 0.06333142193442656 Val_std: 0.0394995461518725 Test_std: 0.03513959399938175
14-Aug-26 00:06:33 - Metric: sen Train_mean: 0.5903780048440618 Val_mean: 0.5342465680240196 Test_mean: 0.4659340608139114
14-Aug-26 00:06:33 - Metric: sen Train_std: 0.07589446441809816 Val_std: 0.041550001863981084 Test_std: 0.07632419852032897
14-Aug-26 00:06:33 - Metric: spe Train_mean: 0.6857943903855703 Val_mean: 0.53749999328125 Test_mean: 0.5770891031490188
14-Aug-26 00:06:33 - Metric: spe Train_std: 0.03366769723195709 Val_std: 0.06471089471883772 Test_std: 0.11556075855607148
14-Aug-26 00:06:33 - Metric: precision Train_mean: 0.6281788518497068 Val_mean: 0.5148384012936442 Test_mean: 0.5068361943988284
14-Aug-26 00:06:33 - Metric: precision Train_std: 0.050627489872642546 Val_std: 0.04620687173547939 Test_std: 0.043840959586296246
14-Aug-26 00:08:03 - Epoch 16, Model Loss 2.495141223883529, View Loss 0.12829712731568882, Reg 0.47160789894259625
14-Aug-26 00:09:33 - Epoch 17, Model Loss 2.722383427320664, View Loss 0.1979978886982387, Reg 0.4391196954948633
14-Aug-26 00:11:03 - Epoch 18, Model Loss 2.7088844207540217, View Loss 0.036627113819122314, Reg 0.45024203630670845
14-Aug-26 00:12:32 - Epoch 19, Model Loss 2.5971864915791913, View Loss -0.07283316680452315, Reg 0.4501775064228968
14-Aug-26 00:14:00 - Epoch 20, Model Loss 2.7756602564616184, View Loss -0.016865003931971274, Reg 0.4313140137425028
/users/3171356m/miniconda3/envs/grastiacl/lib/python3.12/site-packages/torch_geometric/data/in_memory_dataset.py:300: UserWarning: It is not recommended to directly access the internal storage format `data` of an 'InMemoryDataset'. The data of the dataset is already cached, so any modifications to `data` will not be reflected when accessing its elements. Clearing the cache now by removing all elements in `dataset._data_list`. If you are absolutely certain what you are doing, access the internal storage via `InMemoryDataset._data` instead to suppress this warning. Alternatively, you can access stacked individual attributes of every graph via `dataset.{attr_name}`.
  warnings.warn(msg)
14-Aug-26 00:14:13 - Metric: accuracy Train_mean: 0.6518372324379833 Val_mean: 0.5385620915032681 Test_mean: 0.5220004363001746
14-Aug-26 00:14:13 - Metric: accuracy Train_std: 0.04104999785112201 Val_std: 0.026339139450470454 Test_std: 0.027372829339955586
14-Aug-26 00:14:13 - Metric: f1 Train_mean: 0.6264398344490946 Val_mean: 0.5217930603743826 Test_mean: 0.4660915055739145
14-Aug-26 00:14:13 - Metric: f1 Train_std: 0.05068409696580388 Val_std: 0.027549989537918772 Test_std: 0.03411213178541348
14-Aug-26 00:14:13 - Metric: sen Train_mean: 0.6164948432422858 Val_mean: 0.5287671160442861 Test_mean: 0.4395604347301051
14-Aug-26 00:14:13 - Metric: sen Train_std: 0.06364721299249879 Val_std: 0.04383561583786826 Test_std: 0.043403115255199846
14-Aug-26 00:14:13 - Metric: spe Train_mean: 0.6839096551889984 Val_mean: 0.5474999931562501 Test_mean: 0.5969702910701951
14-Aug-26 00:14:13 - Metric: spe Train_std: 0.02690602456035755 Val_std: 0.05884301074416146 Test_std: 0.05040709041099851
14-Aug-26 00:14:13 - Metric: precision Train_mean: 0.6375739353399481 Val_mean: 0.5170656560264759 Test_mean: 0.4982774987171285
14-Aug-26 00:14:13 - Metric: precision Train_std: 0.038625874133569375 Val_std: 0.026379022648586596 Test_std: 0.034166157438745494
14-Aug-26 00:15:41 - Epoch 21, Model Loss 2.711988465057756, View Loss -0.18116416841371288, Reg 0.46225877760843254
14-Aug-26 00:17:08 - Epoch 22, Model Loss 2.7313952874937817, View Loss -0.20173101881557928, Reg 0.4511334488332022
14-Aug-26 00:18:35 - Epoch 23, Model Loss 2.546703779547783, View Loss -0.1620386594508981, Reg 0.46655622648394757
14-Aug-26 00:20:03 - Epoch 24, Model Loss 2.6984402455046586, View Loss -0.09899035295681974, Reg 0.43691073875546954
14-Aug-26 00:21:30 - Epoch 25, Model Loss 2.55955492103449, View Loss -0.1503685060654724, Reg 0.4543129273039527
/users/3171356m/miniconda3/envs/grastiacl/lib/python3.12/site-packages/torch_geometric/data/in_memory_dataset.py:300: UserWarning: It is not recommended to directly access the internal storage format `data` of an 'InMemoryDataset'. The data of the dataset is already cached, so any modifications to `data` will not be reflected when accessing its elements. Clearing the cache now by removing all elements in `dataset._data_list`. If you are absolutely certain what you are doing, access the internal storage via `InMemoryDataset._data` instead to suppress this warning. Alternatively, you can access stacked individual attributes of every graph via `dataset.{attr_name}`.
  warnings.warn(msg)
14-Aug-26 00:21:43 - Metric: accuracy Train_mean: 0.5995400233197481 Val_mean: 0.5568627450980392 Test_mean: 0.528244982547993
14-Aug-26 00:21:43 - Metric: accuracy Train_std: 0.024774098909245836 Val_std: 0.01773158165522946 Test_std: 0.025885419928507476
14-Aug-26 00:21:43 - Metric: f1 Train_mean: 0.5583375359418818 Val_mean: 0.5186214259549348 Test_mean: 0.48787457302670284
14-Aug-26 00:21:43 - Metric: f1 Train_std: 0.03194970920064187 Val_std: 0.02379498893921921 Test_std: 0.024418938590113414
14-Aug-26 00:21:43 - Metric: sen Train_mean: 0.5333333315005728 Val_mean: 0.5013698561456185 Test_mean: 0.472527467334863
14-Aug-26 00:21:43 - Metric: sen Train_std: 0.04131721873138865 Val_std: 0.036346572547092434 Test_std: 0.034048204867227774
14-Aug-26 00:21:43 - Metric: spe Train_mean: 0.6595833312773275 Val_mean: 0.6074999924062501 Test_mean: 0.5789504892703912
14-Aug-26 00:21:43 - Metric: spe Train_std: 0.03631385422242629 Val_std: 0.03840572825927143 Test_std: 0.052814356766891266
14-Aug-26 00:21:43 - Metric: precision Train_mean: 0.5873031415120152 Val_mean: 0.5387575259989053 Test_mean: 0.5062607464259015
14-Aug-26 00:21:43 - Metric: precision Train_std: 0.028626734428829195 Val_std: 0.020291432944930313 Test_std: 0.03254060291037566
14-Aug-26 00:23:10 - Epoch 26, Model Loss 2.5178442260710265, View Loss -0.21172078845391212, Reg 0.4568400113652441
14-Aug-26 00:24:37 - Epoch 27, Model Loss 2.497689526450185, View Loss -0.23614863396688485, Reg 0.4504378375647956
14-Aug-26 00:26:03 - Epoch 28, Model Loss 2.4872195062278206, View Loss -0.24027935032066441, Reg 0.4455382098213898
14-Aug-26 00:27:30 - Epoch 29, Model Loss 2.5979756266502156, View Loss -0.2636791936523246, Reg 0.4463999413546159
14-Aug-26 00:28:56 - Epoch 30, Model Loss 2.3986102113165115, View Loss -0.3301923773777535, Reg 0.4480560491773374
/users/3171356m/miniconda3/envs/grastiacl/lib/python3.12/site-packages/torch_geometric/data/in_memory_dataset.py:300: UserWarning: It is not recommended to directly access the internal storage format `data` of an 'InMemoryDataset'. The data of the dataset is already cached, so any modifications to `data` will not be reflected when accessing its elements. Clearing the cache now by removing all elements in `dataset._data_list`. If you are absolutely certain what you are doing, access the internal storage via `InMemoryDataset._data` instead to suppress this warning. Alternatively, you can access stacked individual attributes of every graph via `dataset.{attr_name}`.
  warnings.warn(msg)
14-Aug-26 00:29:09 - Metric: accuracy Train_mean: 0.6361440047923151 Val_mean: 0.5202614379084968 Test_mean: 0.518848167539267
14-Aug-26 00:29:09 - Metric: accuracy Train_std: 0.06253889200334915 Val_std: 0.028218343980291386 Test_std: 0.019050686281319618
14-Aug-26 00:29:09 - Metric: f1 Train_mean: 0.6046214369381924 Val_mean: 0.49973721429170714 Test_mean: 0.4897058823529411
14-Aug-26 00:29:09 - Metric: f1 Train_std: 0.07276375898315944 Val_std: 0.0502955972004558 Test_std: 0.022780685897832244
14-Aug-26 00:29:09 - Metric: sen Train_mean: 0.5876288639600382 Val_mean: 0.506849308125352 Test_mean: 0.48571428037676617
14-Aug-26 00:29:09 - Metric: sen Train_std: 0.08067920572043812 Val_std: 0.07503048630165994 Test_std: 0.03215107401664269
14-Aug-26 00:29:09 - Metric: spe Train_mean: 0.6801732844841212 Val_mean: 0.5324999933437502 Test_mean: 0.5488910836309794
14-Aug-26 00:29:09 - Metric: spe Train_std: 0.05083784529406295 Val_std: 0.03221024641418474 Test_std: 0.03609349650149035
14-Aug-26 00:29:09 - Metric: precision Train_mean: 0.6233668090048873 Val_mean: 0.4951889432535984 Test_mean: 0.494656862745098
14-Aug-26 00:29:09 - Metric: precision Train_std: 0.06511969510946845 Val_std: 0.0298455370853301 Test_std: 0.02075281441241501
14-Aug-26 00:30:35 - Epoch 31, Model Loss 2.4343236420443866, View Loss -0.3005327699573469, Reg 0.42333945507284987
14-Aug-26 00:32:02 - Epoch 32, Model Loss 2.3788992660314965, View Loss -0.4362700474312116, Reg 0.4470215768993649
14-Aug-26 00:33:29 - Epoch 33, Model Loss 2.2168769646888, View Loss -0.5512980177811498, Reg 0.455316709798749
14-Aug-26 00:34:56 - Epoch 34, Model Loss 2.3458886854818175, View Loss -0.5814994832960632, Reg 0.44366545557476983
14-Aug-26 00:36:23 - Epoch 35, Model Loss 1.993644646520894, View Loss -0.6112906867988938, Reg 0.439380211560796
/users/3171356m/miniconda3/envs/grastiacl/lib/python3.12/site-packages/torch_geometric/data/in_memory_dataset.py:300: UserWarning: It is not recommended to directly access the internal storage format `data` of an 'InMemoryDataset'. The data of the dataset is already cached, so any modifications to `data` will not be reflected when accessing its elements. Clearing the cache now by removing all elements in `dataset._data_list`. If you are absolutely certain what you are doing, access the internal storage via `InMemoryDataset._data` instead to suppress this warning. Alternatively, you can access stacked individual attributes of every graph via `dataset.{attr_name}`.
  warnings.warn(msg)
14-Aug-26 00:36:36 - Metric: accuracy Train_mean: 0.6603387781735717 Val_mean: 0.5228758169934641 Test_mean: 0.5356130017452007
14-Aug-26 00:36:36 - Metric: accuracy Train_std: 0.03260796393926932 Val_std: 0.018486451795726746 Test_std: 0.03957067601973835
14-Aug-26 00:36:36 - Metric: f1 Train_mean: 0.6346309561563713 Val_mean: 0.5122712841121955 Test_mean: 0.5070019465860907
14-Aug-26 00:36:36 - Metric: f1 Train_std: 0.03602153017260934 Val_std: 0.019209597694498294 Test_std: 0.04923348342622511
14-Aug-26 00:36:36 - Metric: sen Train_mean: 0.6206185545683212 Val_mean: 0.5260273900544193 Test_mean: 0.5032966977659703
14-Aug-26 00:36:36 - Metric: sen Train_std: 0.03915716696714134 Val_std: 0.035298900137618154 Test_std: 0.05747998543702002
14-Aug-26 00:36:36 - Metric: spe Train_mean: 0.6963785025021553 Val_mean: 0.5199999935000001 Test_mean: 0.5649306874305873
14-Aug-26 00:36:36 - Metric: spe Train_std: 0.030867955284280536 Val_std: 0.04911720614700618 Test_std: 0.03412004697709981
14-Aug-26 00:36:36 - Metric: precision Train_mean: 0.6495435262832936 Val_mean: 0.5007843034158823 Test_mean: 0.5114009927876614
14-Aug-26 00:36:36 - Metric: precision Train_std: 0.034394280931349615 Val_std: 0.018537524536473806 Test_std: 0.04317044076844066
14-Aug-26 00:38:03 - Epoch 36, Model Loss 2.318712699363421, View Loss -0.7422843086669635, Reg 0.4655393046564637
14-Aug-26 00:39:30 - Epoch 37, Model Loss 2.4719085239466265, View Loss -0.7077894884173341, Reg 0.4556386477029473
14-Aug-26 00:40:57 - Epoch 38, Model Loss 2.1528592867831304, View Loss -0.6545530505260164, Reg 0.45931376859732753
14-Aug-26 00:42:24 - Epoch 39, Model Loss 2.021094250379746, View Loss -0.6495434217871981, Reg 0.4660988632106382
14-Aug-26 00:43:51 - Epoch 40, Model Loss 2.0753185958543083, View Loss -0.7107433010843508, Reg 0.4728412403721191
/users/3171356m/miniconda3/envs/grastiacl/lib/python3.12/site-packages/torch_geometric/data/in_memory_dataset.py:300: UserWarning: It is not recommended to directly access the internal storage format `data` of an 'InMemoryDataset'. The data of the dataset is already cached, so any modifications to `data` will not be reflected when accessing its elements. Clearing the cache now by removing all elements in `dataset._data_list`. If you are absolutely certain what you are doing, access the internal storage via `InMemoryDataset._data` instead to suppress this warning. Alternatively, you can access stacked individual attributes of every graph via `dataset.{attr_name}`.
  warnings.warn(msg)
14-Aug-26 00:44:04 - Metric: accuracy Train_mean: 0.6930457944225153 Val_mean: 0.534640522875817 Test_mean: 0.5313972513089006
14-Aug-26 00:44:04 - Metric: accuracy Train_std: 0.039766415171461476 Val_std: 0.030488637358668247 Test_std: 0.025659145345827354
14-Aug-26 00:44:04 - Metric: f1 Train_mean: 0.663766387512943 Val_mean: 0.5011151449761371 Test_mean: 0.49124574390422165
14-Aug-26 00:44:04 - Metric: f1 Train_std: 0.053554708374702074 Val_std: 0.03442511723606778 Test_std: 0.011411825282106968
14-Aug-26 00:44:04 - Metric: sen Train_mean: 0.6412371111984979 Val_mean: 0.4904109521861514 Test_mean: 0.47472526950851357
14-Aug-26 00:44:04 - Metric: sen Train_std: 0.06929662092759908 Val_std: 0.040078735994340045 Test_std: 0.010766987762047067
14-Aug-26 00:44:04 - Metric: spe Train_mean: 0.740038938503067 Val_mean: 0.5749999928125 Test_mean: 0.5829306872505872
14-Aug-26 00:44:04 - Metric: spe Train_std: 0.0228809836549964 Val_std: 0.04107919129939756 Test_std: 0.05552182108390726
14-Aug-26 00:44:04 - Metric: precision Train_mean: 0.689474302439842 Val_mean: 0.5132189465578246 Test_mean: 0.5105741354609419
14-Aug-26 00:44:04 - Metric: precision Train_std: 0.03834886671195282 Val_std: 0.03525099347176309 Test_std: 0.03203914232267062
14-Aug-26 00:45:31 - Epoch 41, Model Loss 2.015052241261534, View Loss -0.6260983519973117, Reg 0.4750862423346132
14-Aug-26 00:46:58 - Epoch 42, Model Loss 1.9748739228587768, View Loss -0.704823213391723, Reg 0.4783829373295836
14-Aug-26 00:48:25 - Epoch 43, Model Loss 2.1148533726337067, View Loss -0.6840112977446872, Reg 0.47932798867445114
14-Aug-26 00:49:53 - Epoch 44, Model Loss 1.7198077804373897, View Loss -0.7068763846632826, Reg 0.47637828374008756
14-Aug-26 00:51:20 - Epoch 45, Model Loss 1.9025430918737436, View Loss -0.7548071412860599, Reg 0.4757018286313971
/users/3171356m/miniconda3/envs/grastiacl/lib/python3.12/site-packages/torch_geometric/data/in_memory_dataset.py:300: UserWarning: It is not recommended to directly access the internal storage format `data` of an 'InMemoryDataset'. The data of the dataset is already cached, so any modifications to `data` will not be reflected when accessing its elements. Clearing the cache now by removing all elements in `dataset._data_list`. If you are absolutely certain what you are doing, access the internal storage via `InMemoryDataset._data` instead to suppress this warning. Alternatively, you can access stacked individual attributes of every graph via `dataset.{attr_name}`.
  warnings.warn(msg)
14-Aug-26 00:51:33 - Metric: accuracy Train_mean: 0.6485767465742434 Val_mean: 0.5398692810457517 Test_mean: 0.5209369546247817
14-Aug-26 00:51:33 - Metric: accuracy Train_std: 0.03888423058183076 Val_std: 0.04831298983680085 Test_std: 0.032782669036689104
14-Aug-26 00:51:33 - Metric: f1 Train_mean: 0.6075637660103096 Val_mean: 0.5094971719463767 Test_mean: 0.4830134303995971
14-Aug-26 00:51:33 - Metric: f1 Train_std: 0.04867823425299469 Val_std: 0.05342735943830426 Test_std: 0.030223966734576217
14-Aug-26 00:51:33 - Metric: sen Train_mean: 0.5738831595399205 Val_mean: 0.5013698561456185 Test_mean: 0.47032966516121244
14-Aug-26 00:51:33 - Metric: sen Train_std: 0.0570488134656663 Val_std: 0.05520394905093189 Test_std: 0.036380099286475495
14-Aug-26 00:51:33 - Metric: spe Train_mean: 0.7163415086704156 Val_mean: 0.5749999928125 Test_mean: 0.5669108854307833
14-Aug-26 00:51:33 - Metric: spe Train_std: 0.031211288412224356 Val_std: 0.05184110273530547 Test_std: 0.06148131811851472
14-Aug-26 00:51:33 - Metric: precision Train_mean: 0.646433226271936 Val_mean: 0.5185127201565558 Test_mean: 0.4983735523735523
14-Aug-26 00:51:33 - Metric: precision Train_std: 0.041489009251285236 Val_std: 0.05422601177294834 Test_std: 0.039319946545443185
14-Aug-26 00:53:00 - Epoch 46, Model Loss 1.9135475258448134, View Loss -0.7140541647767422, Reg 0.47847795960294653
14-Aug-26 00:54:27 - Epoch 47, Model Loss 1.9688059874658306, View Loss -0.6710635012163777, Reg 0.47669239498082566
14-Aug-26 00:55:54 - Epoch 48, Model Loss 1.9114051733056872, View Loss -0.7242581562517079, Reg 0.4776102692262897
14-Aug-26 00:57:22 - Epoch 49, Model Loss 1.865780628874711, View Loss -0.7242295694650467, Reg 0.47864367136396624
14-Aug-26 00:58:49 - Epoch 50, Model Loss 1.7914118716906304, View Loss -0.7145181111212056, Reg 0.4814408781887597
/users/3171356m/miniconda3/envs/grastiacl/lib/python3.12/site-packages/torch_geometric/data/in_memory_dataset.py:300: UserWarning: It is not recommended to directly access the internal storage format `data` of an 'InMemoryDataset'. The data of the dataset is already cached, so any modifications to `data` will not be reflected when accessing its elements. Clearing the cache now by removing all elements in `dataset._data_list`. If you are absolutely certain what you are doing, access the internal storage via `InMemoryDataset._data` instead to suppress this warning. Alternatively, you can access stacked individual attributes of every graph via `dataset.{attr_name}`.
  warnings.warn(msg)
14-Aug-26 00:59:02 - Metric: accuracy Train_mean: 0.648284180011339 Val_mean: 0.5516339869281046 Test_mean: 0.5355748254799302
14-Aug-26 00:59:02 - Metric: accuracy Train_std: 0.06311378635110505 Val_std: 0.018761699469813483 Test_std: 0.026788104575005446
14-Aug-26 00:59:02 - Metric: f1 Train_mean: 0.610336720409876 Val_mean: 0.5086766214787011 Test_mean: 0.5088454993516826
14-Aug-26 00:59:02 - Metric: f1 Train_std: 0.07453839941598336 Val_std: 0.02963369270545108 Test_std: 0.024179613238385435
14-Aug-26 00:59:02 - Metric: sen Train_mean: 0.5814432969709852 Val_mean: 0.48767122619628456 Test_mean: 0.5054944999396209
14-Aug-26 00:59:02 - Metric: sen Train_std: 0.07855522756361527 Val_std: 0.03932246547341095 Test_std: 0.02948661036827624
14-Aug-26 00:59:02 - Metric: spe Train_mean: 0.708907708070387 Val_mean: 0.6099999923750001 Test_mean: 0.562990093389999
14-Aug-26 00:59:02 - Metric: spe Train_std: 0.05034205259196293 Val_std: 0.019999999750000007 Test_std: 0.04834406746505975
14-Aug-26 00:59:02 - Metric: precision Train_mean: 0.6426122449513307 Val_mean: 0.5323903574266184 Test_mean: 0.5134372728680877
14-Aug-26 00:59:02 - Metric: precision Train_std: 0.06982035807240622 Val_std: 0.021141681199128567 Test_std: 0.03115559968768749
14-Aug-26 01:00:28 - Epoch 51, Model Loss 1.8282371205764834, View Loss -0.7088349020131961, Reg 0.47742121488978173
14-Aug-26 01:01:55 - Epoch 52, Model Loss 1.6390638451197157, View Loss -0.7505509701234028, Reg 0.47753385706925494
14-Aug-26 01:03:22 - Epoch 53, Model Loss 1.7597556593029071, View Loss -0.7857076405980098, Reg 0.4803001284599304
14-Aug-26 01:04:50 - Epoch 54, Model Loss 1.934677126018572, View Loss -0.767514902926888, Reg 0.47941162134812965
14-Aug-26 01:06:17 - Epoch 55, Model Loss 1.731455836834768, View Loss -0.6733214777882628, Reg 0.4826521137768255
/users/3171356m/miniconda3/envs/grastiacl/lib/python3.12/site-packages/torch_geometric/data/in_memory_dataset.py:300: UserWarning: It is not recommended to directly access the internal storage format `data` of an 'InMemoryDataset'. The data of the dataset is already cached, so any modifications to `data` will not be reflected when accessing its elements. Clearing the cache now by removing all elements in `dataset._data_list`. If you are absolutely certain what you are doing, access the internal storage via `InMemoryDataset._data` instead to suppress this warning. Alternatively, you can access stacked individual attributes of every graph via `dataset.{attr_name}`.
  warnings.warn(msg)
14-Aug-26 01:06:29 - Metric: accuracy Train_mean: 0.6802942781040403 Val_mean: 0.5568627450980392 Test_mean: 0.5209696771378708
14-Aug-26 01:06:29 - Metric: accuracy Train_std: 0.05447686020414498 Val_std: 0.03291419166539651 Test_std: 0.04327102664431483
14-Aug-26 01:06:29 - Metric: f1 Train_mean: 0.6409613488165318 Val_mean: 0.5368347808743095 Test_mean: 0.46542025005923415
14-Aug-26 01:06:29 - Metric: f1 Train_std: 0.06984407220177574 Val_std: 0.01935086428384692 Test_std: 0.02865261389068421
14-Aug-26 01:06:29 - Metric: sen Train_mean: 0.6041237092641797 Val_mean: 0.5369862940138864 Test_mean: 0.4373626325564546
14-Aug-26 01:06:29 - Metric: sen Train_std: 0.07879538473522694 Val_std: 0.010251115987721555 Test_std: 0.032151074016642696
14-Aug-26 01:06:29 - Metric: spe Train_mean: 0.7493925210284208 Val_mean: 0.5749999928125 Test_mean: 0.597009895029803
14-Aug-26 01:06:29 - Metric: spe Train_std: 0.033594646281878145 Val_std: 0.0632455524127982 Test_std: 0.08974397153602899
14-Aug-26 01:06:29 - Metric: precision Train_mean: 0.6835017689489734 Val_mean: 0.5379961428710174 Test_mean: 0.5022775054086119
14-Aug-26 01:06:29 - Metric: precision Train_std: 0.05816629251759978 Val_std: 0.03659790504424926 Test_std: 0.05407603878815732
14-Aug-26 01:07:56 - Epoch 56, Model Loss 1.8347035761158836, View Loss -0.7757170412330947, Reg 0.48104727567489175
14-Aug-26 01:09:23 - Epoch 57, Model Loss 1.774621698148081, View Loss -0.7970253842645111, Reg 0.47968755768432775
14-Aug-26 01:10:50 - Epoch 58, Model Loss 1.688011661234261, View Loss -0.818924665201658, Reg 0.48112031493226853
14-Aug-26 01:12:17 - Epoch 59, Model Loss 1.6117313756104792, View Loss -0.8440773402297846, Reg 0.47948960766632687
14-Aug-26 01:13:44 - Epoch 60, Model Loss 1.652281874892103, View Loss -0.9346983707100777, Reg 0.4837023512339492
/users/3171356m/miniconda3/envs/grastiacl/lib/python3.12/site-packages/torch_geometric/data/in_memory_dataset.py:300: UserWarning: It is not recommended to directly access the internal storage format `data` of an 'InMemoryDataset'. The data of the dataset is already cached, so any modifications to `data` will not be reflected when accessing its elements. Clearing the cache now by removing all elements in `dataset._data_list`. If you are absolutely certain what you are doing, access the internal storage via `InMemoryDataset._data` instead to suppress this warning. Alternatively, you can access stacked individual attributes of every graph via `dataset.{attr_name}`.
  warnings.warn(msg)
14-Aug-26 01:13:57 - Metric: accuracy Train_mean: 0.6502118032155579 Val_mean: 0.5620915032679739 Test_mean: 0.5428992146596858
14-Aug-26 01:13:57 - Metric: accuracy Train_std: 0.028365587828924402 Val_std: 0.020668481439009005 Test_std: 0.0101894774269522
14-Aug-26 01:13:57 - Metric: f1 Train_mean: 0.6160196652689833 Val_mean: 0.5319737971100125 Test_mean: 0.4991633107911696
14-Aug-26 01:13:57 - Metric: f1 Train_std: 0.03867101833376227 Val_std: 0.031090657121313776 Test_std: 0.00758767945955886
14-Aug-26 01:13:57 - Metric: sen Train_mean: 0.5917525752860737 Val_mean: 0.5232876640645525 Test_mean: 0.47912087385581464
14-Aug-26 01:13:57 - Metric: sen Train_std: 0.04837433482969033 Val_std: 0.04535053460409363 Test_std: 0.024670268213121925
14-Aug-26 01:13:57 - Metric: spe Train_mean: 0.703247661359212 Val_mean: 0.5974999925312501 Test_mean: 0.6009108850907834
14-Aug-26 01:13:57 - Metric: spe Train_std: 0.012227255550439261 Val_std: 0.03391164949173072 Test_std: 0.04115837611612187
14-Aug-26 01:13:57 - Metric: precision Train_mean: 0.6429469235317977 Val_mean: 0.5424183924183924 Test_mean: 0.5226298448508361
14-Aug-26 01:13:57 - Metric: precision Train_std: 0.027597051958263525 Val_std: 0.021750652167722862 Test_std: 0.014588242228933328
14-Aug-26 01:15:23 - Epoch 61, Model Loss 1.802508892873341, View Loss -0.8628159497073504, Reg 0.48163179959712166
14-Aug-26 01:16:50 - Epoch 62, Model Loss 1.7620034327566874, View Loss -0.8951962492954781, Reg 0.48116305083909294
14-Aug-26 01:18:17 - Epoch 63, Model Loss 1.583783101836009, View Loss -0.9004031240191919, Reg 0.4827242092108627
14-Aug-26 01:19:45 - Epoch 64, Model Loss 1.52716582390055, View Loss -0.9144174109941746, Reg 0.4797541445518637
14-Aug-26 01:21:12 - Epoch 65, Model Loss 1.6009173263565766, View Loss -0.9821384556622684, Reg 0.4803742107985908
/users/3171356m/miniconda3/envs/grastiacl/lib/python3.12/site-packages/torch_geometric/data/in_memory_dataset.py:300: UserWarning: It is not recommended to directly access the internal storage format `data` of an 'InMemoryDataset'. The data of the dataset is already cached, so any modifications to `data` will not be reflected when accessing its elements. Clearing the cache now by removing all elements in `dataset._data_list`. If you are absolutely certain what you are doing, access the internal storage via `InMemoryDataset._data` instead to suppress this warning. Alternatively, you can access stacked individual attributes of every graph via `dataset.{attr_name}`.
  warnings.warn(msg)
14-Aug-26 01:21:24 - Metric: accuracy Train_mean: 0.6354936191607031 Val_mean: 0.5777777777777777 Test_mean: 0.5219895287958115
14-Aug-26 01:21:24 - Metric: accuracy Train_std: 0.049062111992355446 Val_std: 0.03846781429950889 Test_std: 0.02156152909107226
14-Aug-26 01:21:24 - Metric: f1 Train_mean: 0.5984963822898013 Val_mean: 0.5421415187482093 Test_mean: 0.4789737449897502
14-Aug-26 01:21:24 - Metric: f1 Train_std: 0.05867478970716534 Val_std: 0.036387537583400555 Test_std: 0.016292482751695703
14-Aug-26 01:21:24 - Metric: sen Train_mean: 0.5731958743189145 Val_mean: 0.5232876640645526 Test_mean: 0.4615384564666104
14-Aug-26 01:21:24 - Metric: sen Train_std: 0.0656132450521201 Val_std: 0.03399910541368583 Test_std: 0.019657740245517485
14-Aug-26 01:21:24 - Metric: spe Train_mean: 0.6920249199611763 Val_mean: 0.6274999921562501 Test_mean: 0.5769108853307833
14-Aug-26 01:21:24 - Metric: spe Train_std: 0.039336111831849256 Val_std: 0.054428851962332464 Test_std: 0.04383759451380197
14-Aug-26 01:21:24 - Metric: precision Train_mean: 0.6268405530705685 Val_mean: 0.5634270761900495 Test_mean: 0.49882390162514634
14-Aug-26 01:21:24 - Metric: precision Train_std: 0.05196160763202349 Val_std: 0.046427749747095355 Test_std: 0.025548156449957275
14-Aug-26 01:22:52 - Epoch 66, Model Loss 1.468996091866593, View Loss -0.9531941578477995, Reg 0.4838015823683479
14-Aug-26 01:24:19 - Epoch 67, Model Loss 1.434900523229623, View Loss -0.9965793228548441, Reg 0.48102256618284284
14-Aug-26 01:25:46 - Epoch 68, Model Loss 1.3560047877882315, View Loss -1.04027471432626, Reg 0.4840799425436363
14-Aug-26 01:27:14 - Epoch 69, Model Loss 1.6476934569650115, View Loss -1.0184535601149045, Reg 0.4826150022790023
14-Aug-26 01:28:41 - Epoch 70, Model Loss 1.5379271868881321, View Loss -1.0044349297319994, Reg 0.48528479719261747
/users/3171356m/miniconda3/envs/grastiacl/lib/python3.12/site-packages/torch_geometric/data/in_memory_dataset.py:300: UserWarning: It is not recommended to directly access the internal storage format `data` of an 'InMemoryDataset'. The data of the dataset is already cached, so any modifications to `data` will not be reflected when accessing its elements. Clearing the cache now by removing all elements in `dataset._data_list`. If you are absolutely certain what you are doing, access the internal storage via `InMemoryDataset._data` instead to suppress this warning. Alternatively, you can access stacked individual attributes of every graph via `dataset.{attr_name}`.
  warnings.warn(msg)
14-Aug-26 01:28:54 - Metric: accuracy Train_mean: 0.6217766866703036 Val_mean: 0.5437908496732027 Test_mean: 0.5324280104712042
14-Aug-26 01:28:54 - Metric: accuracy Train_std: 0.027130824870224005 Val_std: 0.029053739569794602 Test_std: 0.025948024418400228
14-Aug-26 01:28:54 - Metric: f1 Train_mean: 0.5772029560832524 Val_mean: 0.49613076727302285 Test_mean: 0.4802115367706765
14-Aug-26 01:28:54 - Metric: f1 Train_std: 0.03483518019355319 Val_std: 0.034300433267455535 Test_std: 0.02694680746554256
14-Aug-26 01:28:54 - Metric: sen Train_mean: 0.5436426098156611 Val_mean: 0.471232870257084 Test_mean: 0.45494504994565876
14-Aug-26 01:28:54 - Metric: sen Train_std: 0.0390242460970394 Val_std: 0.0373648808497574 Test_std: 0.04261696531116591
14-Aug-26 01:28:54 - Metric: spe Train_mean: 0.6926538140401958 Val_mean: 0.6099999923750001 Test_mean: 0.6029306870505872
14-Aug-26 01:28:54 - Metric: spe Train_std: 0.018795793083216668 Val_std: 0.03201562078696899 Test_std: 0.06201165114736261
14-Aug-26 01:28:54 - Metric: precision Train_mean: 0.6154510759162213 Val_mean: 0.5243386122074647 Test_mean: 0.5118748183783457
14-Aug-26 01:28:54 - Metric: precision Train_std: 0.030239662860528094 Val_std: 0.0336130652601541 Test_std: 0.03214208420922929
14-Aug-26 01:30:20 - Epoch 71, Model Loss 1.6855094542563211, View Loss -0.9812922926627442, Reg 0.4826939842940374
14-Aug-26 01:31:47 - Epoch 72, Model Loss 1.5479688893800998, View Loss -1.0128095618850517, Reg 0.4854000694582153
14-Aug-26 01:33:14 - Epoch 73, Model Loss 1.4525536967121906, View Loss -1.0058364524003351, Reg 0.4846495613144033
14-Aug-26 01:34:42 - Epoch 74, Model Loss 1.4761831685588949, View Loss -1.0536986749042527, Reg 0.4849977477075665
14-Aug-26 01:36:09 - Epoch 75, Model Loss 1.3454158096632698, View Loss -1.038846673327011, Reg 0.4866613811778224
/users/3171356m/miniconda3/envs/grastiacl/lib/python3.12/site-packages/torch_geometric/data/in_memory_dataset.py:300: UserWarning: It is not recommended to directly access the internal storage format `data` of an 'InMemoryDataset'. The data of the dataset is already cached, so any modifications to `data` will not be reflected when accessing its elements. Clearing the cache now by removing all elements in `dataset._data_list`. If you are absolutely certain what you are doing, access the internal storage via `InMemoryDataset._data` instead to suppress this warning. Alternatively, you can access stacked individual attributes of every graph via `dataset.{attr_name}`.
  warnings.warn(msg)
14-Aug-26 01:36:22 - Metric: accuracy Train_mean: 0.6417289774611427 Val_mean: 0.5555555555555556 Test_mean: 0.5198516579406631
14-Aug-26 01:36:22 - Metric: accuracy Train_std: 0.02784682956937055 Val_std: 0.03765976546637371 Test_std: 0.02020310088650162
14-Aug-26 01:36:22 - Metric: f1 Train_mean: 0.6039753679270343 Val_mean: 0.506883024305318 Test_mean: 0.4616462093679233
14-Aug-26 01:36:22 - Metric: f1 Train_std: 0.034735296317445374 Val_std: 0.044682185459687974 Test_std: 0.037510924343637585
14-Aug-26 01:36:22 - Metric: sen Train_mean: 0.5752577299819323 Val_mean: 0.4794520482266843 Test_mean: 0.43516483038280407
14-Aug-26 01:36:22 - Metric: sen Train_std: 0.03927761378180762 Val_std: 0.04745344613266177 Test_std: 0.0545480154269047
14-Aug-26 01:36:22 - Metric: spe Train_mean: 0.7020151847274949 Val_mean: 0.6249999921875 Test_mean: 0.5968910831509794
14-Aug-26 01:36:22 - Metric: spe Train_std: 0.019585340217813645 Val_std: 0.03872983297795127 Test_std: 0.039814519067100734
14-Aug-26 01:36:22 - Metric: precision Train_mean: 0.6359446811389655 Val_mean: 0.5383343877020047 Test_mean: 0.49437387407026884
14-Aug-26 01:36:22 - Metric: precision Train_std: 0.029581676782657336 Val_std: 0.045290717071185004 Test_std: 0.022937328666217987
14-Aug-26 01:37:49 - Epoch 76, Model Loss 1.549402498301103, View Loss -1.044629274053055, Reg 0.482998497441224
14-Aug-26 01:39:16 - Epoch 77, Model Loss 1.5727622618735086, View Loss -1.089439059401157, Reg 0.48439172920322815
14-Aug-26 01:40:42 - Epoch 78, Model Loss 1.4873349160330067, View Loss -1.0575630914217258, Reg 0.4824237606515445
14-Aug-26 01:42:10 - Epoch 79, Model Loss 1.7399104409636812, View Loss -1.1011917251922096, Reg 0.4843051270211591
14-Aug-26 01:43:37 - Epoch 80, Model Loss 1.4404408118714846, View Loss -1.0853998401673768, Reg 0.4863721644778631
/users/3171356m/miniconda3/envs/grastiacl/lib/python3.12/site-packages/torch_geometric/data/in_memory_dataset.py:300: UserWarning: It is not recommended to directly access the internal storage format `data` of an 'InMemoryDataset'. The data of the dataset is already cached, so any modifications to `data` will not be reflected when accessing its elements. Clearing the cache now by removing all elements in `dataset._data_list`. If you are absolutely certain what you are doing, access the internal storage via `InMemoryDataset._data` instead to suppress this warning. Alternatively, you can access stacked individual attributes of every graph via `dataset.{attr_name}`.
  warnings.warn(msg)
14-Aug-26 01:43:50 - Metric: accuracy Train_mean: 0.6704967748146722 Val_mean: 0.5372549019607844 Test_mean: 0.5073516579406631
14-Aug-26 01:43:50 - Metric: accuracy Train_std: 0.04472550663891397 Val_std: 0.0491544985018645 Test_std: 0.03201649639402737
14-Aug-26 01:43:50 - Metric: f1 Train_mean: 0.6382045385549922 Val_mean: 0.49094387691082336 Test_mean: 0.446793445603655
14-Aug-26 01:43:50 - Metric: f1 Train_std: 0.05303831520523003 Val_std: 0.05495763529417165 Test_std: 0.0254971870574368
14-Aug-26 01:43:50 - Metric: sen Train_mean: 0.6123711319162504 Val_mean: 0.4684931442672172 Test_mean: 0.4175824129935998
14-Aug-26 01:43:50 - Metric: sen Train_std: 0.056441141160402435 Val_std: 0.058376097152827475 Test_std: 0.02407571654884558
14-Aug-26 01:43:50 - Metric: spe Train_mean: 0.7232242968108765 Val_mean: 0.5999999925000001 Test_mean: 0.5889504891703912
14-Aug-26 01:43:50 - Metric: spe Train_std: 0.03609624118662007 Val_std: 0.05755432144667767 Test_std: 0.057361540856943075
14-Aug-26 01:43:50 - Metric: precision Train_mean: 0.6665852334968643 Val_mean: 0.5169998297451541 Test_mean: 0.4820037217790474
14-Aug-26 01:43:50 - Metric: precision Train_std: 0.049485359667980705 Val_std: 0.0560040307522836 Test_std: 0.0387630613887732
14-Aug-26 01:45:17 - Epoch 81, Model Loss 1.2349723552560208, View Loss -1.1059690429575773, Reg 0.4855988819978227
14-Aug-26 01:46:44 - Epoch 82, Model Loss 1.3191227020080118, View Loss -1.1459289709394447, Reg 0.4854844101552684
14-Aug-26 01:48:11 - Epoch 83, Model Loss 1.361209210990363, View Loss -1.1169895078347816, Reg 0.4898780977127442
14-Aug-26 01:49:38 - Epoch 84, Model Loss 1.4396529701464347, View Loss -1.0838437414568338, Reg 0.48640597988870854
14-Aug-26 01:51:06 - Epoch 85, Model Loss 1.317573757351193, View Loss -1.1368529522269342, Reg 0.48770294802957
/users/3171356m/miniconda3/envs/grastiacl/lib/python3.12/site-packages/torch_geometric/data/in_memory_dataset.py:300: UserWarning: It is not recommended to directly access the internal storage format `data` of an 'InMemoryDataset'. The data of the dataset is already cached, so any modifications to `data` will not be reflected when accessing its elements. Clearing the cache now by removing all elements in `dataset._data_list`. If you are absolutely certain what you are doing, access the internal storage via `InMemoryDataset._data` instead to suppress this warning. Alternatively, you can access stacked individual attributes of every graph via `dataset.{attr_name}`.
  warnings.warn(msg)
14-Aug-26 01:51:18 - Metric: accuracy Train_mean: 0.6443305199875914 Val_mean: 0.5372549019607844 Test_mean: 0.5146487783595114
14-Aug-26 01:51:18 - Metric: accuracy Train_std: 0.03599291588353879 Val_std: 0.030488637358668257 Test_std: 0.02922730059911397
14-Aug-26 01:51:18 - Metric: f1 Train_mean: 0.6088529465314039 Val_mean: 0.48686834661030093 Test_mean: 0.4566120313566776
14-Aug-26 01:51:18 - Metric: f1 Train_std: 0.044826581528040525 Val_std: 0.032529606418488295 Test_std: 0.039516814877191844
14-Aug-26 01:51:18 - Metric: sen Train_mean: 0.5835051526340029 Val_mean: 0.46027396629761697 Test_mean: 0.43076922603550305
14-Aug-26 01:51:18 - Metric: sen Train_std: 0.05149596599466456 Val_std: 0.03421916664575607 Test_std: 0.054459391460287436
14-Aug-26 01:51:18 - Metric: spe Train_mean: 0.6995151847353073 Val_mean: 0.6074999924062501 Test_mean: 0.5909108851907834
14-Aug-26 01:51:18 - Metric: spe Train_std: 0.028590787312676395 Val_std: 0.04227883578473395 Test_std: 0.06536229566768319
14-Aug-26 01:51:18 - Metric: precision Train_mean: 0.6371125150806993 Val_mean: 0.5176200902197107 Test_mean: 0.4897981058633503
14-Aug-26 01:51:18 - Metric: precision Train_std: 0.03885670131680355 Val_std: 0.03686248989326471 Test_std: 0.03609236709857917
14-Aug-26 01:52:45 - Epoch 86, Model Loss 1.557222076539714, View Loss -1.1938130471496902, Reg 0.48690709596398485
14-Aug-26 01:54:12 - Epoch 87, Model Loss 1.388933966848142, View Loss -1.1286344283794258, Reg 0.4881452042687388
14-Aug-26 01:55:40 - Epoch 88, Model Loss 1.303881592331571, View Loss -1.1476169445524655, Reg 0.4869902152646037
14-Aug-26 01:57:07 - Epoch 89, Model Loss 1.2435973064670005, View Loss -1.2106860806253665, Reg 0.4889820143268697
14-Aug-26 01:58:35 - Epoch 90, Model Loss 1.48616551355338, View Loss -1.1179738144495497, Reg 0.4868394291051761
/users/3171356m/miniconda3/envs/grastiacl/lib/python3.12/site-packages/torch_geometric/data/in_memory_dataset.py:300: UserWarning: It is not recommended to directly access the internal storage format `data` of an 'InMemoryDataset'. The data of the dataset is already cached, so any modifications to `data` will not be reflected when accessing its elements. Clearing the cache now by removing all elements in `dataset._data_list`. If you are absolutely certain what you are doing, access the internal storage via `InMemoryDataset._data` instead to suppress this warning. Alternatively, you can access stacked individual attributes of every graph via `dataset.{attr_name}`.
  warnings.warn(msg)
14-Aug-26 01:58:47 - Metric: accuracy Train_mean: 0.6002171517816073 Val_mean: 0.5254901960784314 Test_mean: 0.517822862129145
14-Aug-26 01:58:47 - Metric: accuracy Train_std: 0.03390447849490882 Val_std: 0.02791393007067009 Test_std: 0.022808486219073186
14-Aug-26 01:58:47 - Metric: f1 Train_mean: 0.5578032810831453 Val_mean: 0.48912018296568605 Test_mean: 0.46714523106896255
14-Aug-26 01:58:47 - Metric: f1 Train_std: 0.039400766224853764 Val_std: 0.0328255592002756 Test_std: 0.019705422672103498
14-Aug-26 01:58:47 - Metric: sen Train_mean: 0.5305841906165492 Val_mean: 0.47671232223681753 Test_mean: 0.4439560390774062
14-Aug-26 01:58:47 - Metric: sen Train_std: 0.04081108670320184 Val_std: 0.03815996735995695 Test_std: 0.020381578887006174
14-Aug-26 01:58:47 - Metric: spe Train_mean: 0.6633742191158208 Val_mean: 0.5699999928750001 Test_mean: 0.5849306872305873
14-Aug-26 01:58:47 - Metric: spe Train_std: 0.03097757479142194 Val_std: 0.03674234568246833 Test_std: 0.04008677928779372
14-Aug-26 01:58:47 - Metric: precision Train_mean: 0.588179842247936 Val_mean: 0.502958415418213 Test_mean: 0.49367255713639685
14-Aug-26 01:58:47 - Metric: precision Train_std: 0.03860528956090761 Val_std: 0.03150644420002141 Test_std: 0.0271468994089199
14-Aug-26 02:00:14 - Epoch 91, Model Loss 1.3102912912807705, View Loss -1.1960707653516507, Reg 0.4869661253865294
14-Aug-26 02:01:41 - Epoch 92, Model Loss 1.2463007836162296, View Loss -1.2259102486167492, Reg 0.4874211481176161
14-Aug-26 02:03:08 - Epoch 93, Model Loss 1.5168886087429574, View Loss -1.1543606345124824, Reg 0.4898862877400849
14-Aug-26 02:04:36 - Epoch 94, Model Loss 1.3866366482180033, View Loss -1.229384746511611, Reg 0.4886597164255805
14-Aug-26 02:06:03 - Epoch 95, Model Loss 1.3476289366079675, View Loss -1.2217154956761762, Reg 0.48934017551992726
/users/3171356m/miniconda3/envs/grastiacl/lib/python3.12/site-packages/torch_geometric/data/in_memory_dataset.py:300: UserWarning: It is not recommended to directly access the internal storage format `data` of an 'InMemoryDataset'. The data of the dataset is already cached, so any modifications to `data` will not be reflected when accessing its elements. Clearing the cache now by removing all elements in `dataset._data_list`. If you are absolutely certain what you are doing, access the internal storage via `InMemoryDataset._data` instead to suppress this warning. Alternatively, you can access stacked individual attributes of every graph via `dataset.{attr_name}`.
  warnings.warn(msg)
14-Aug-26 02:06:15 - Metric: accuracy Train_mean: 0.6132847683536045 Val_mean: 0.5398692810457517 Test_mean: 0.5209424083769634
14-Aug-26 02:06:15 - Metric: accuracy Train_std: 0.03222595801357387 Val_std: 0.025008008457135935 Test_std: 0.019729260399389305
14-Aug-26 02:06:15 - Metric: f1 Train_mean: 0.5683771918679795 Val_mean: 0.4989631151239683 Test_mean: 0.47245208025250623
14-Aug-26 02:06:15 - Metric: f1 Train_std: 0.03610227143311693 Val_std: 0.037263902665361344 Test_std: 0.01623482222058183
14-Aug-26 02:06:15 - Metric: sen Train_mean: 0.5353951871635905 Val_mean: 0.482191774216551 Test_mean: 0.45054944559835775
14-Aug-26 02:06:15 - Metric: sen Train_std: 0.03493681095111429 Val_std: 0.051547636889009846 Test_std: 0.01554080820694821
14-Aug-26 02:06:15 - Metric: spe Train_mean: 0.6839349667153203 Val_mean: 0.5924999925937501 Test_mean: 0.5849306872305873
14-Aug-26 02:06:15 - Metric: spe Train_std: 0.03330128286231028 Val_std: 0.034999999562499995 Test_std: 0.03416064815644293
14-Aug-26 02:06:15 - Metric: precision Train_mean: 0.6058968889324939 Val_mean: 0.5186454253508569 Test_mean: 0.49712011771000536
14-Aug-26 02:06:15 - Metric: precision Train_std: 0.03870074129498255 Val_std: 0.027559647106650157 Test_std: 0.023326879781351947
14-Aug-26 02:07:42 - Epoch 96, Model Loss 1.248732151845509, View Loss -1.1925236839629616, Reg 0.48985852057963736
14-Aug-26 02:09:09 - Epoch 97, Model Loss 1.4868022667314218, View Loss -1.2104743160463278, Reg 0.48911096149408667
14-Aug-26 02:10:37 - Epoch 98, Model Loss 1.27238671949219, View Loss -1.1480469908175608, Reg 0.48842731055854255
14-Aug-26 02:12:04 - Epoch 99, Model Loss 1.3821422704592907, View Loss -1.2585833815849974, Reg 0.49013209230730226
14-Aug-26 02:13:31 - Epoch 100, Model Loss 1.298720757332806, View Loss -1.2147087207897937, Reg 0.49027599986627013
/users/3171356m/miniconda3/envs/grastiacl/lib/python3.12/site-packages/torch_geometric/data/in_memory_dataset.py:300: UserWarning: It is not recommended to directly access the internal storage format `data` of an 'InMemoryDataset'. The data of the dataset is already cached, so any modifications to `data` will not be reflected when accessing its elements. Clearing the cache now by removing all elements in `dataset._data_list`. If you are absolutely certain what you are doing, access the internal storage via `InMemoryDataset._data` instead to suppress this warning. Alternatively, you can access stacked individual attributes of every graph via `dataset.{attr_name}`.
  warnings.warn(msg)
14-Aug-26 02:13:43 - Metric: accuracy Train_mean: 0.5959645069156959 Val_mean: 0.5359477124183007 Test_mean: 0.5282613438045376
14-Aug-26 02:13:43 - Metric: accuracy Train_std: 0.029692311031491017 Val_std: 0.0244552770377382 Test_std: 0.022853978287370475
14-Aug-26 02:13:43 - Metric: f1 Train_mean: 0.549874243291923 Val_mean: 0.4976011767720044 Test_mean: 0.48333290216300123
14-Aug-26 02:13:43 - Metric: f1 Train_std: 0.032973782978397405 Val_std: 0.04454533443345326 Test_std: 0.02139066154595368
14-Aug-26 02:13:43 - Metric: sen Train_mean: 0.518900341859449 Val_mean: 0.4849315002064178 Test_mean: 0.46373625864026097
14-Aug-26 02:13:43 - Metric: sen Train_std: 0.03216318602499961 Val_std: 0.062234611156241196 Test_std: 0.026373626083806313
14-Aug-26 02:13:43 - Metric: spe Train_mean: 0.6658703250270358 Val_mean: 0.5824999927187501 Test_mean: 0.5868514792913715
14-Aug-26 02:13:43 - Metric: spe Train_std: 0.03293169770061158 Val_std: 0.02449489712164558 Test_std: 0.043813839644575935
14-Aug-26 02:13:43 - Metric: precision Train_mean: 0.5850864648093007 Val_mean: 0.5128345596194673 Test_mean: 0.5057716298910865
14-Aug-26 02:13:43 - Metric: precision Train_std: 0.03611939051349512 Val_std: 0.027253783752581067 Test_std: 0.027412742621880832
14-Aug-26 02:15:10 - Epoch 101, Model Loss 1.2778803973018376, View Loss -1.2664316059655225, Reg 0.48836709527789796
14-Aug-26 02:16:37 - Epoch 102, Model Loss 1.0480297429791054, View Loss -1.2465564276882795, Reg 0.49053875397438784
14-Aug-26 02:18:04 - Epoch 103, Model Loss 1.1393393692112368, View Loss -1.303933873834969, Reg 0.4902236339437413
14-Aug-26 02:19:32 - Epoch 104, Model Loss 1.166265638552949, View Loss -1.2377178314839448, Reg 0.4918384426059084
14-Aug-26 02:20:59 - Epoch 105, Model Loss 1.441308348747477, View Loss -1.289704196622681, Reg 0.49027427569592846
/users/3171356m/miniconda3/envs/grastiacl/lib/python3.12/site-packages/torch_geometric/data/in_memory_dataset.py:300: UserWarning: It is not recommended to directly access the internal storage format `data` of an 'InMemoryDataset'. The data of the dataset is already cached, so any modifications to `data` will not be reflected when accessing its elements. Clearing the cache now by removing all elements in `dataset._data_list`. If you are absolutely certain what you are doing, access the internal storage via `InMemoryDataset._data` instead to suppress this warning. Alternatively, you can access stacked individual attributes of every graph via `dataset.{attr_name}`.
  warnings.warn(msg)
14-Aug-26 02:21:11 - Metric: accuracy Train_mean: 0.5972540461902164 Val_mean: 0.5503267973856208 Test_mean: 0.5115183246073298
14-Aug-26 02:21:11 - Metric: accuracy Train_std: 0.01951239823705037 Val_std: 0.028758169934640507 Test_std: 0.01668835335131856
14-Aug-26 02:21:11 - Metric: f1 Train_mean: 0.5471192827130127 Val_mean: 0.5036180968711037 Test_mean: 0.4567455488919844
14-Aug-26 02:21:11 - Metric: f1 Train_std: 0.024450579701726628 Val_std: 0.03569455947752319 Test_std: 0.03261901748130564
14-Aug-26 02:21:11 - Metric: sen Train_mean: 0.51202748964939 Val_mean: 0.4794520482266843 Test_mean: 0.4329670282091535
14-Aug-26 02:21:11 - Metric: sen Train_std: 0.030965993917144514 Val_std: 0.046655852418211345 Test_std: 0.0414680484764241
14-Aug-26 02:21:11 - Metric: spe Train_mean: 0.6745755430685074 Val_mean: 0.6149999923125001 Test_mean: 0.5828910832909794
14-Aug-26 02:21:11 - Metric: spe Train_std: 0.02913580538312499 Val_std: 0.053268188715803924 Test_std: 0.02005358939348375
14-Aug-26 02:21:11 - Metric: precision Train_mean: 0.5882895096106233 Val_mean: 0.5327747521295908 Test_mean: 0.4843165641385376
14-Aug-26 02:21:11 - Metric: precision Train_std: 0.024130423455250398 Val_std: 0.035586998725959565 Test_std: 0.021705846468454703
14-Aug-26 02:22:38 - Epoch 106, Model Loss 1.2186298086054654, View Loss -1.2759065752747667, Reg 0.4916711384781235
14-Aug-26 02:24:05 - Epoch 107, Model Loss 1.2607968788765465, View Loss -1.2579420435877524, Reg 0.4896247829602852
14-Aug-26 02:25:32 - Epoch 108, Model Loss 1.2683716628341994, View Loss -1.2431281111729195, Reg 0.4926292022152426
14-Aug-26 02:27:00 - Epoch 109, Model Loss 1.3166263509993772, View Loss -1.2754967731411986, Reg 0.4915381712394778
14-Aug-26 02:28:27 - Epoch 110, Model Loss 1.437938867752522, View Loss -1.2979441970960865, Reg 0.49295208344399677
/users/3171356m/miniconda3/envs/grastiacl/lib/python3.12/site-packages/torch_geometric/data/in_memory_dataset.py:300: UserWarning: It is not recommended to directly access the internal storage format `data` of an 'InMemoryDataset'. The data of the dataset is already cached, so any modifications to `data` will not be reflected when accessing its elements. Clearing the cache now by removing all elements in `dataset._data_list`. If you are absolutely certain what you are doing, access the internal storage via `InMemoryDataset._data` instead to suppress this warning. Alternatively, you can access stacked individual attributes of every graph via `dataset.{attr_name}`.
  warnings.warn(msg)
14-Aug-26 02:28:40 - Metric: accuracy Train_mean: 0.6067488206411861 Val_mean: 0.5320261437908498 Test_mean: 0.5272196771378709
14-Aug-26 02:28:40 - Metric: accuracy Train_std: 0.030587030856558787 Val_std: 0.03373460889036322 Test_std: 0.021567093142101628
14-Aug-26 02:28:40 - Metric: f1 Train_mean: 0.5629748752080909 Val_mean: 0.5052271177893691 Test_mean: 0.4837190597585074
14-Aug-26 02:28:40 - Metric: f1 Train_std: 0.0345527708420371 Val_std: 0.0373852935147557 Test_std: 0.028634701160247526
14-Aug-26 02:28:40 - Metric: sen Train_mean: 0.5326460462795668 Val_mean: 0.5013698561456185 Test_mean: 0.4659340608139114
14-Aug-26 02:28:40 - Metric: sen Train_std: 0.03366996198440808 Val_std: 0.042970923086311 Test_std: 0.03304021145752055
14-Aug-26 02:28:40 - Metric: spe Train_mean: 0.6739641723538645 Val_mean: 0.5599999930000001 Test_mean: 0.5828910832909793
14-Aug-26 02:28:40 - Metric: spe Train_std: 0.029157983924551555 Val_std: 0.04062019151542741 Test_std: 0.01556105557995485
14-Aug-26 02:28:40 - Metric: precision Train_mean: 0.5970369069498 Val_mean: 0.5098400120774846 Test_mean: 0.5031456811507246
14-Aug-26 02:28:40 - Metric: precision Train_std: 0.03587528382222499 Val_std: 0.03587154848985198 Test_std: 0.024384368100296545
14-Aug-26 02:30:07 - Epoch 111, Model Loss 1.4927920721564831, View Loss -1.2675674555191934, Reg 0.49282855630918526
14-Aug-26 02:31:34 - Epoch 112, Model Loss 1.2110531350059988, View Loss -1.2964186668395996, Reg 0.4897309409524606
14-Aug-26 02:33:01 - Epoch 113, Model Loss 1.0212177003277894, View Loss -1.3021149834828396, Reg 0.49081392704692345
14-Aug-26 02:34:29 - Epoch 114, Model Loss 1.4045758736183453, View Loss -1.3963289205998057, Reg 0.49281294014164595
14-Aug-26 02:35:56 - Epoch 115, Model Loss 1.0902158695284792, View Loss -1.2948798444979361, Reg 0.49396147376323846
/users/3171356m/miniconda3/envs/grastiacl/lib/python3.12/site-packages/torch_geometric/data/in_memory_dataset.py:300: UserWarning: It is not recommended to directly access the internal storage format `data` of an 'InMemoryDataset'. The data of the dataset is already cached, so any modifications to `data` will not be reflected when accessing its elements. Clearing the cache now by removing all elements in `dataset._data_list`. If you are absolutely certain what you are doing, access the internal storage via `InMemoryDataset._data` instead to suppress this warning. Alternatively, you can access stacked individual attributes of every graph via `dataset.{attr_name}`.
  warnings.warn(msg)
14-Aug-26 02:36:08 - Early stop at epoch 115: val accuracy hasn't improved for 10 evals (best_val=0.5778)
14-Aug-26 02:36:08 - Metric: accuracy Train_mean: 0.5969475733555833 Val_mean: 0.5241830065359477 Test_mean: 0.509429537521815
14-Aug-26 02:36:08 - Metric: accuracy Train_std: 0.033174456858498465 Val_std: 0.041830065359477114 Test_std: 0.020648574142695143
14-Aug-26 02:36:08 - Metric: f1 Train_mean: 0.5496503034487932 Val_mean: 0.49355034645437124 Test_mean: 0.45489992616079566
14-Aug-26 02:36:08 - Metric: f1 Train_std: 0.03455418328754642 Val_std: 0.03196777365617634 Test_std: 0.03930711084819782
14-Aug-26 02:36:08 - Metric: sen Train_mean: 0.5168384861964315 Val_mean: 0.4849315002064178 Test_mean: 0.4329670282091536
14-Aug-26 02:36:08 - Metric: sen Train_std: 0.03168973702759129 Val_std: 0.030753347963164614 Test_std: 0.05498899281637065
14-Aug-26 02:36:08 - Metric: spe Train_mean: 0.6696164309343445 Val_mean: 0.5599999930000001 Test_mean: 0.5788910833309794
14-Aug-26 02:36:08 - Metric: spe Train_std: 0.04139670461650713 Val_std: 0.07390872657161333 Test_std: 0.049892635917327434
14-Aug-26 02:36:08 - Metric: precision Train_mean: 0.5874338326281933 Val_mean: 0.5045061829871956 Test_mean: 0.48243191882028064
14-Aug-26 02:36:08 - Metric: precision Train_std: 0.04156795937213494 Val_std: 0.04708905507131649 Test_std: 0.025291330652426156
14-Aug-26 02:36:08 - FinishedTraining!
14-Aug-26 02:36:08 - BestEpoch: 64
14-Aug-26 02:36:08 - BestTrainScore: acc_mean: 0.6354936191607031 acc_std: 0.049062111992355446 f1_mean: 0.5984963822898013 f1_std: 0.05867478970716534 sen_mean: 0.5731958743189145 sen_std: 0.0656132450521201 spe_mean: 0.6920249199611763 spe_std: 0.039336111831849256 pre_mean: 0.6268405530705685 pre_std: 0.05196160763202349
14-Aug-26 02:36:08 - BestValidationScore: acc_mean: 0.5777777777777777 acc_std: 0.03846781429950889 f1_mean: 0.5421415187482093 f1_std: 0.036387537583400555 sen_mean: 0.5232876640645526 sen_std: 0.03399910541368583 spe_mean: 0.6274999921562501 spe_std: 0.054428851962332464 pre_mean: 0.5634270761900495 pre_std: 0.046427749747095355
14-Aug-26 02:36:08 - BestTestScore: acc_mean: 0.5219895287958115 acc_std: 0.02156152909107226 f1_mean: 0.4789737449897502 f1_std: 0.016292482751695703 sen_mean: 0.4615384564666104 sen_std: 0.019657740245517485 spe_mean: 0.5769108853307833 spe_std: 0.04383759451380197 pre_mean: 0.49882390162514634 pre_std: 0.025548156449957275 auc_mean:0.525948645413992 auc_std:0.03615991493470249
