The Zen of Python, by Tim Peters

Beautiful is better than ugly.
Explicit is better than implicit.
Simple is better than complex.
Complex is better than complicated.
Flat is better than nested.
Sparse is better than dense.
Readability counts.
Special cases aren't special enough to break the rules.
Although practicality beats purity.
Errors should never pass silently.
Unless explicitly silenced.
In the face of ambiguity, refuse the temptation to guess.
There should be one-- and preferably only one --obvious way to do it.
Although that way may not be obvious at first unless you're Dutch.
Now is better than never.
Although never is often better than *right* now.
If the implementation is hard to explain, it's a bad idea.
If the implementation is easy to explain, it may be a good idea.
Namespaces are one honking great idea -- let's do more of those!
validation time cost : 0.60420 sec
validation time cost : 0.60970 sec
validation time cost : 0.65452 sec
validation time cost : 0.73358 sec
validation time cost : 0.61879 sec
mean validation time 0.64416:

validation time cost : 0.35713 sec
validation time cost : 0.38228 sec
validation time cost : 0.37460 sec
validation time cost : 0.47539 sec
validation time cost : 0.34110 sec
mean validation time 0.38610:

validation time cost : 0.34316 sec
validation time cost : 0.34409 sec
validation time cost : 0.41424 sec
validation time cost : 0.40727 sec
validation time cost : 0.41920 sec
mean validation time 0.38559:

