Task 1: emb_dim=16 gamma_mode=signal_strength
The Zen of Python, by Tim Peters

Beautiful is better than ugly.
Explicit is better than implicit.
Simple is better than complex.
Complex is better than complicated.
Flat is better than nested.
Sparse is better than dense.
Readability counts.
Special cases aren't special enough to break the rules.
Although practicality beats purity.
Errors should never pass silently.
Unless explicitly silenced.
In the face of ambiguity, refuse the temptation to guess.
There should be one-- and preferably only one --obvious way to do it.
Although that way may not be obvious at first unless you're Dutch.
Now is better than never.
Although never is often better than *right* now.
If the implementation is hard to explain, it's a bad idea.
If the implementation is easy to explain, it may be a good idea.
Namespaces are one honking great idea -- let's do more of those!
validation time cost : 0.25275 sec
validation time cost : 0.10964 sec
validation time cost : 0.07418 sec
validation time cost : 0.07776 sec
validation time cost : 0.07630 sec
mean validation time 0.11813:

validation time cost : 0.12354 sec
validation time cost : 0.13438 sec
validation time cost : 0.12048 sec
validation time cost : 0.12140 sec
validation time cost : 0.12695 sec
mean validation time 0.12535:

validation time cost : 0.08826 sec
validation time cost : 0.08586 sec
validation time cost : 0.07857 sec
validation time cost : 0.08072 sec
validation time cost : 0.07872 sec
mean validation time 0.08243:

validation time cost : 0.12613 sec
validation time cost : 0.09352 sec
validation time cost : 0.07866 sec
validation time cost : 0.07722 sec
validation time cost : 0.07788 sec
mean validation time 0.09068:

validation time cost : 0.12368 sec
validation time cost : 0.12571 sec
validation time cost : 0.12108 sec
validation time cost : 0.12009 sec
validation time cost : 0.12234 sec
mean validation time 0.12258:

validation time cost : 0.07940 sec
validation time cost : 0.08052 sec
validation time cost : 0.08068 sec
validation time cost : 0.07982 sec
validation time cost : 0.08131 sec
mean validation time 0.08034:

validation time cost : 0.08307 sec
validation time cost : 0.09253 sec
validation time cost : 0.07973 sec
validation time cost : 0.08846 sec
validation time cost : 0.08924 sec
mean validation time 0.08661:

validation time cost : 0.12387 sec
validation time cost : 0.14011 sec
validation time cost : 0.11988 sec
validation time cost : 0.11954 sec
validation time cost : 0.12039 sec
mean validation time 0.12476:

validation time cost : 0.07958 sec
validation time cost : 0.07784 sec
validation time cost : 0.07835 sec
validation time cost : 0.07787 sec
validation time cost : 0.07740 sec
mean validation time 0.07821:

validation time cost : 0.13016 sec
validation time cost : 0.12349 sec
validation time cost : 0.13234 sec
validation time cost : 0.12532 sec
validation time cost : 0.12579 sec
mean validation time 0.12742:

validation time cost : 0.12664 sec
validation time cost : 0.12373 sec
validation time cost : 0.11929 sec
validation time cost : 0.11963 sec
validation time cost : 0.11979 sec
mean validation time 0.12182:

validation time cost : 0.12403 sec
validation time cost : 0.12183 sec
validation time cost : 0.12356 sec
validation time cost : 0.11925 sec
validation time cost : 0.12040 sec
mean validation time 0.12181:

validation time cost : 0.12594 sec
validation time cost : 0.12366 sec
validation time cost : 0.12260 sec
validation time cost : 0.11989 sec
validation time cost : 0.12533 sec
mean validation time 0.12348:

validation time cost : 0.13031 sec
validation time cost : 0.12666 sec
validation time cost : 0.12470 sec
validation time cost : 0.12388 sec
validation time cost : 0.12290 sec
mean validation time 0.12569:

validation time cost : 0.13658 sec
validation time cost : 0.16074 sec
validation time cost : 0.13034 sec
validation time cost : 0.12932 sec
validation time cost : 0.13006 sec
mean validation time 0.13741:

validation time cost : 0.08069 sec
validation time cost : 0.07885 sec
validation time cost : 0.07875 sec
validation time cost : 0.08014 sec
validation time cost : 0.09767 sec
mean validation time 0.08322:

validation time cost : 0.12953 sec
validation time cost : 0.12363 sec
validation time cost : 0.11961 sec
validation time cost : 0.12765 sec
validation time cost : 0.12139 sec
mean validation time 0.12436:

