2026-08-16 16:17:52,473 INFO T1 supervised ceiling: mode=alff_pcc shuffle=True device=cuda args={'node_feature_mode': 'alff_pcc', 'shuffle_labels': True, 'epochs': 100, 'eval_interval': 5, 'emb_dim': 32, 'num_gc_layers': 2, 'batch_size': 32, 'lr': 0.0005, 'seed': 123}
/users/3171356m/muhammad/GraSTIACL/datasets/Dataset.py:51: FutureWarning: You are using `torch.load` with `weights_only=False` (the current default value), which uses the default pickle module implicitly. It is possible to construct malicious pickle data which will execute arbitrary code during unpickling (See https://github.com/pytorch/pytorch/blob/main/SECURITY.md#untrusted-models for more details). In a future release, the default value for `weights_only` will be flipped to `True`. This limits the functions that could be executed during unpickling. Arbitrary objects will no longer be allowed to be loaded via this mode unless they are explicitly allowlisted by the user via `torch.serialization.add_safe_globals`. We recommend you start setting `weights_only=True` for any use case where you don't have full control of the loaded file. Please open an issue on GitHub for any issues related to this experimental feature.
  self.data, self.slices = torch.load(path)
2026-08-16 16:17:52,586 INFO shuffle_labels ON: label agreement with truth = 0.5126 (expect ~0.5)
2026-08-16 16:17:53,758 INFO fold 0 epoch 5: train=0.5565 val=0.5294 test=0.4583
2026-08-16 16:17:54,474 INFO fold 0 epoch 10: train=0.5810 val=0.5163 test=0.4948
2026-08-16 16:17:55,198 INFO fold 0 epoch 15: train=0.5876 val=0.5686 test=0.4635
2026-08-16 16:17:55,925 INFO fold 0 epoch 20: train=0.5974 val=0.5033 test=0.5208
2026-08-16 16:17:56,660 INFO fold 0 epoch 25: train=0.5990 val=0.5163 test=0.4740
2026-08-16 16:17:57,466 INFO fold 0 epoch 30: train=0.6203 val=0.4641 test=0.4896
2026-08-16 16:17:58,341 INFO fold 0 epoch 35: train=0.6056 val=0.4641 test=0.5104
2026-08-16 16:17:59,336 INFO fold 0 epoch 40: train=0.6137 val=0.5490 test=0.4583
2026-08-16 16:18:00,373 INFO fold 0 epoch 45: train=0.6072 val=0.5686 test=0.4323
2026-08-16 16:18:01,429 INFO fold 0 epoch 50: train=0.5827 val=0.4967 test=0.5365
2026-08-16 16:18:02,557 INFO fold 0 epoch 55: train=0.6088 val=0.4967 test=0.4792
2026-08-16 16:18:03,720 INFO fold 0 epoch 60: train=0.6301 val=0.4706 test=0.5156
2026-08-16 16:18:04,891 INFO fold 0 epoch 65: train=0.6350 val=0.4706 test=0.5260
2026-08-16 16:18:06,006 INFO fold 0 epoch 70: train=0.6219 val=0.4771 test=0.4948
2026-08-16 16:18:07,176 INFO fold 0 epoch 75: train=0.5663 val=0.5752 test=0.4531
2026-08-16 16:18:08,327 INFO fold 0 epoch 80: train=0.6367 val=0.4641 test=0.4844
2026-08-16 16:18:09,476 INFO fold 0 epoch 85: train=0.6383 val=0.4641 test=0.4479
2026-08-16 16:18:10,579 INFO fold 0 epoch 90: train=0.6678 val=0.4771 test=0.4948
2026-08-16 16:18:11,675 INFO fold 0 epoch 95: train=0.5876 val=0.3987 test=0.5365
2026-08-16 16:18:12,791 INFO fold 0 epoch 100: train=0.6203 val=0.4379 test=0.5208
2026-08-16 16:18:12,791 INFO FOLD 0 RESULT: best_ep=75 train=0.5663 val=0.5752 test=0.4531
2026-08-16 16:18:13,883 INFO fold 1 epoch 5: train=0.5212 val=0.5425 test=0.4555
2026-08-16 16:18:15,043 INFO fold 1 epoch 10: train=0.5588 val=0.5621 test=0.4712
2026-08-16 16:18:16,165 INFO fold 1 epoch 15: train=0.5637 val=0.4706 test=0.4555
2026-08-16 16:18:17,226 INFO fold 1 epoch 20: train=0.5686 val=0.5294 test=0.4346
2026-08-16 16:18:18,211 INFO fold 1 epoch 25: train=0.5997 val=0.5621 test=0.4921
2026-08-16 16:18:19,256 INFO fold 1 epoch 30: train=0.6275 val=0.6013 test=0.4450
2026-08-16 16:18:20,399 INFO fold 1 epoch 35: train=0.5899 val=0.5621 test=0.4188
2026-08-16 16:18:21,542 INFO fold 1 epoch 40: train=0.5899 val=0.5033 test=0.4607
2026-08-16 16:18:22,704 INFO fold 1 epoch 45: train=0.6242 val=0.5229 test=0.4974
2026-08-16 16:18:23,968 INFO fold 1 epoch 50: train=0.6078 val=0.5359 test=0.4293
2026-08-16 16:18:25,285 INFO fold 1 epoch 55: train=0.5915 val=0.5359 test=0.4031
2026-08-16 16:18:26,574 INFO fold 1 epoch 60: train=0.6569 val=0.5098 test=0.4660
2026-08-16 16:18:27,852 INFO fold 1 epoch 65: train=0.6275 val=0.5621 test=0.4869
2026-08-16 16:18:29,069 INFO fold 1 epoch 70: train=0.6520 val=0.5229 test=0.4817
2026-08-16 16:18:30,216 INFO fold 1 epoch 75: train=0.6324 val=0.5621 test=0.4607
2026-08-16 16:18:31,465 INFO fold 1 epoch 80: train=0.6569 val=0.5359 test=0.4712
2026-08-16 16:18:32,723 INFO fold 1 epoch 85: train=0.6552 val=0.5098 test=0.4712
2026-08-16 16:18:33,965 INFO fold 1 epoch 90: train=0.6422 val=0.4706 test=0.4503
2026-08-16 16:18:35,231 INFO fold 1 epoch 95: train=0.6324 val=0.4837 test=0.4764
2026-08-16 16:18:36,511 INFO fold 1 epoch 100: train=0.6650 val=0.5098 test=0.3979
2026-08-16 16:18:36,511 INFO FOLD 1 RESULT: best_ep=30 train=0.6275 val=0.6013 test=0.4450
2026-08-16 16:18:37,820 INFO fold 2 epoch 5: train=0.5359 val=0.4314 test=0.4817
2026-08-16 16:18:39,073 INFO fold 2 epoch 10: train=0.5686 val=0.4706 test=0.4921
2026-08-16 16:18:40,287 INFO fold 2 epoch 15: train=0.5572 val=0.4510 test=0.4136
2026-08-16 16:18:41,442 INFO fold 2 epoch 20: train=0.5327 val=0.5163 test=0.4450
2026-08-16 16:18:42,586 INFO fold 2 epoch 25: train=0.5735 val=0.4706 test=0.4660
2026-08-16 16:18:43,742 INFO fold 2 epoch 30: train=0.5392 val=0.4052 test=0.4555
2026-08-16 16:18:44,895 INFO fold 2 epoch 35: train=0.5556 val=0.4641 test=0.4921
2026-08-16 16:18:46,077 INFO fold 2 epoch 40: train=0.5801 val=0.4902 test=0.4921
2026-08-16 16:18:47,248 INFO fold 2 epoch 45: train=0.5670 val=0.4314 test=0.4764
2026-08-16 16:18:48,415 INFO fold 2 epoch 50: train=0.5752 val=0.4902 test=0.4974
2026-08-16 16:18:49,602 INFO fold 2 epoch 55: train=0.5605 val=0.5229 test=0.4974
2026-08-16 16:18:50,773 INFO fold 2 epoch 60: train=0.5359 val=0.5229 test=0.4921
2026-08-16 16:18:51,938 INFO fold 2 epoch 65: train=0.5637 val=0.5098 test=0.4921
2026-08-16 16:18:53,110 INFO fold 2 epoch 70: train=0.5735 val=0.4510 test=0.5026
2026-08-16 16:18:54,321 INFO fold 2 epoch 75: train=0.5833 val=0.4771 test=0.4450
2026-08-16 16:18:55,541 INFO fold 2 epoch 80: train=0.5637 val=0.5163 test=0.5131
2026-08-16 16:18:56,745 INFO fold 2 epoch 85: train=0.5523 val=0.5098 test=0.5026
2026-08-16 16:18:57,948 INFO fold 2 epoch 90: train=0.5801 val=0.4641 test=0.4869
2026-08-16 16:18:59,161 INFO fold 2 epoch 95: train=0.6193 val=0.4444 test=0.4555
2026-08-16 16:19:00,373 INFO fold 2 epoch 100: train=0.5784 val=0.4314 test=0.4660
2026-08-16 16:19:00,373 INFO FOLD 2 RESULT: best_ep=55 train=0.5605 val=0.5229 test=0.4974
2026-08-16 16:19:01,593 INFO fold 3 epoch 5: train=0.5065 val=0.5098 test=0.4974
2026-08-16 16:19:02,792 INFO fold 3 epoch 10: train=0.5539 val=0.4967 test=0.4607
2026-08-16 16:19:03,981 INFO fold 3 epoch 15: train=0.5670 val=0.4510 test=0.5497
2026-08-16 16:19:05,188 INFO fold 3 epoch 20: train=0.5654 val=0.5033 test=0.4503
2026-08-16 16:19:06,355 INFO fold 3 epoch 25: train=0.5784 val=0.5425 test=0.4712
2026-08-16 16:19:07,554 INFO fold 3 epoch 30: train=0.6062 val=0.5294 test=0.5131
2026-08-16 16:19:08,788 INFO fold 3 epoch 35: train=0.6029 val=0.4706 test=0.5288
2026-08-16 16:19:10,005 INFO fold 3 epoch 40: train=0.6209 val=0.4641 test=0.5707
2026-08-16 16:19:11,264 INFO fold 3 epoch 45: train=0.6258 val=0.4641 test=0.5393
2026-08-16 16:19:12,523 INFO fold 3 epoch 50: train=0.6078 val=0.5098 test=0.5445
2026-08-16 16:19:13,753 INFO fold 3 epoch 55: train=0.5997 val=0.5033 test=0.5026
2026-08-16 16:19:14,990 INFO fold 3 epoch 60: train=0.6111 val=0.4967 test=0.4921
2026-08-16 16:19:16,225 INFO fold 3 epoch 65: train=0.6209 val=0.4771 test=0.4607
2026-08-16 16:19:17,524 INFO fold 3 epoch 70: train=0.6536 val=0.4837 test=0.4712
2026-08-16 16:19:18,810 INFO fold 3 epoch 75: train=0.6389 val=0.4641 test=0.4764
2026-08-16 16:19:20,177 INFO fold 3 epoch 80: train=0.6356 val=0.4902 test=0.5183
2026-08-16 16:19:21,436 INFO fold 3 epoch 85: train=0.6503 val=0.4967 test=0.4974
2026-08-16 16:19:22,693 INFO fold 3 epoch 90: train=0.6013 val=0.4641 test=0.5079
2026-08-16 16:19:23,964 INFO fold 3 epoch 95: train=0.6340 val=0.5229 test=0.5183
2026-08-16 16:19:25,217 INFO fold 3 epoch 100: train=0.6683 val=0.5098 test=0.5183
2026-08-16 16:19:25,217 INFO FOLD 3 RESULT: best_ep=25 train=0.5784 val=0.5425 test=0.4712
2026-08-16 16:19:26,515 INFO fold 4 epoch 5: train=0.5654 val=0.4771 test=0.4241
2026-08-16 16:19:27,818 INFO fold 4 epoch 10: train=0.5882 val=0.5229 test=0.4293
2026-08-16 16:19:29,121 INFO fold 4 epoch 15: train=0.5980 val=0.4641 test=0.4764
2026-08-16 16:19:30,403 INFO fold 4 epoch 20: train=0.6307 val=0.4837 test=0.4869
2026-08-16 16:19:31,716 INFO fold 4 epoch 25: train=0.6536 val=0.4771 test=0.4974
2026-08-16 16:19:33,125 INFO fold 4 epoch 30: train=0.6225 val=0.4837 test=0.4555
2026-08-16 16:19:34,472 INFO fold 4 epoch 35: train=0.6160 val=0.4837 test=0.4398
2026-08-16 16:19:35,837 INFO fold 4 epoch 40: train=0.6356 val=0.4967 test=0.4817
2026-08-16 16:19:37,224 INFO fold 4 epoch 45: train=0.6291 val=0.5098 test=0.4503
2026-08-16 16:19:38,566 INFO fold 4 epoch 50: train=0.6487 val=0.5098 test=0.4660
2026-08-16 16:19:39,941 INFO fold 4 epoch 55: train=0.6422 val=0.5294 test=0.4660
2026-08-16 16:19:41,361 INFO fold 4 epoch 60: train=0.6536 val=0.4837 test=0.4607
2026-08-16 16:19:42,740 INFO fold 4 epoch 65: train=0.6356 val=0.5163 test=0.4555
2026-08-16 16:19:44,123 INFO fold 4 epoch 70: train=0.6422 val=0.5359 test=0.4764
2026-08-16 16:19:45,510 INFO fold 4 epoch 75: train=0.6634 val=0.5163 test=0.4503
2026-08-16 16:19:46,867 INFO fold 4 epoch 80: train=0.6258 val=0.5163 test=0.4712
2026-08-16 16:19:48,170 INFO fold 4 epoch 85: train=0.6029 val=0.5294 test=0.4869
2026-08-16 16:19:49,461 INFO fold 4 epoch 90: train=0.6895 val=0.5359 test=0.4503
2026-08-16 16:19:50,777 INFO fold 4 epoch 95: train=0.6699 val=0.5294 test=0.4660
2026-08-16 16:19:52,148 INFO fold 4 epoch 100: train=0.6944 val=0.5294 test=0.5131
2026-08-16 16:19:52,148 INFO FOLD 4 RESULT: best_ep=70 train=0.6422 val=0.5359 test=0.4764
2026-08-16 16:19:52,148 INFO T1SUMMARY mode=alff_pcc shuffle=True train=0.5950+-0.0334 val=0.5556+-0.0286 test=0.4686+-0.0184 best_eps=[75, 30, 55, 25, 70]
