2026-08-16 16:20:22,409 INFO T1 supervised ceiling: mode=alff_raw shuffle=False device=cuda args={'node_feature_mode': 'alff_raw', 'shuffle_labels': False, 'epochs': 100, 'eval_interval': 5, 'emb_dim': 32, 'num_gc_layers': 2, 'batch_size': 32, 'lr': 0.0005, 'seed': 123}
/users/3171356m/muhammad/GraSTIACL/datasets/Dataset.py:51: FutureWarning: You are using `torch.load` with `weights_only=False` (the current default value), which uses the default pickle module implicitly. It is possible to construct malicious pickle data which will execute arbitrary code during unpickling (See https://github.com/pytorch/pytorch/blob/main/SECURITY.md#untrusted-models for more details). In a future release, the default value for `weights_only` will be flipped to `True`. This limits the functions that could be executed during unpickling. Arbitrary objects will no longer be allowed to be loaded via this mode unless they are explicitly allowlisted by the user via `torch.serialization.add_safe_globals`. We recommend you start setting `weights_only=True` for any use case where you don't have full control of the loaded file. Please open an issue on GitHub for any issues related to this experimental feature.
  self.data, self.slices = torch.load(path)
2026-08-16 16:20:23,591 INFO fold 0 epoch 5: train=0.5237 val=0.5163 test=0.4844
2026-08-16 16:20:24,247 INFO fold 0 epoch 10: train=0.5188 val=0.5294 test=0.5208
2026-08-16 16:20:24,916 INFO fold 0 epoch 15: train=0.5155 val=0.5425 test=0.4740
2026-08-16 16:20:25,581 INFO fold 0 epoch 20: train=0.5352 val=0.4706 test=0.4844
2026-08-16 16:20:26,234 INFO fold 0 epoch 25: train=0.5188 val=0.5229 test=0.4948
2026-08-16 16:20:26,890 INFO fold 0 epoch 30: train=0.5368 val=0.5033 test=0.4844
2026-08-16 16:20:27,575 INFO fold 0 epoch 35: train=0.4894 val=0.4837 test=0.4792
2026-08-16 16:20:28,372 INFO fold 0 epoch 40: train=0.5254 val=0.4510 test=0.4531
2026-08-16 16:20:29,330 INFO fold 0 epoch 45: train=0.5090 val=0.4641 test=0.5052
2026-08-16 16:20:30,345 INFO fold 0 epoch 50: train=0.5483 val=0.5490 test=0.5052
2026-08-16 16:20:31,371 INFO fold 0 epoch 55: train=0.4894 val=0.4706 test=0.4740
2026-08-16 16:20:32,401 INFO fold 0 epoch 60: train=0.5025 val=0.5098 test=0.4688
2026-08-16 16:20:33,433 INFO fold 0 epoch 65: train=0.5188 val=0.4641 test=0.5260
2026-08-16 16:20:34,473 INFO fold 0 epoch 70: train=0.5319 val=0.5425 test=0.4948
2026-08-16 16:20:35,507 INFO fold 0 epoch 75: train=0.4648 val=0.4771 test=0.4844
2026-08-16 16:20:36,551 INFO fold 0 epoch 80: train=0.4566 val=0.4641 test=0.4896
2026-08-16 16:20:37,578 INFO fold 0 epoch 85: train=0.5123 val=0.4771 test=0.4844
2026-08-16 16:20:38,554 INFO fold 0 epoch 90: train=0.5155 val=0.4248 test=0.5104
2026-08-16 16:20:39,528 INFO fold 0 epoch 95: train=0.5368 val=0.4837 test=0.5000
2026-08-16 16:20:40,508 INFO fold 0 epoch 100: train=0.5352 val=0.5294 test=0.5312
2026-08-16 16:20:40,508 INFO FOLD 0 RESULT: best_ep=50 train=0.5483 val=0.5490 test=0.5052
2026-08-16 16:20:41,522 INFO fold 1 epoch 5: train=0.5245 val=0.5425 test=0.5131
2026-08-16 16:20:42,528 INFO fold 1 epoch 10: train=0.5310 val=0.5686 test=0.5183
2026-08-16 16:20:43,528 INFO fold 1 epoch 15: train=0.5278 val=0.5294 test=0.5183
2026-08-16 16:20:44,465 INFO fold 1 epoch 20: train=0.5016 val=0.3987 test=0.4712
2026-08-16 16:20:45,335 INFO fold 1 epoch 25: train=0.5327 val=0.4706 test=0.4817
2026-08-16 16:20:46,173 INFO fold 1 epoch 30: train=0.5065 val=0.5294 test=0.4921
2026-08-16 16:20:47,176 INFO fold 1 epoch 35: train=0.5278 val=0.5686 test=0.5340
2026-08-16 16:20:48,306 INFO fold 1 epoch 40: train=0.5114 val=0.4902 test=0.4974
2026-08-16 16:20:49,519 INFO fold 1 epoch 45: train=0.5327 val=0.5425 test=0.4921
2026-08-16 16:20:50,729 INFO fold 1 epoch 50: train=0.5278 val=0.5752 test=0.5707
2026-08-16 16:20:51,891 INFO fold 1 epoch 55: train=0.5261 val=0.5425 test=0.5654
2026-08-16 16:20:53,048 INFO fold 1 epoch 60: train=0.4967 val=0.4902 test=0.4712
2026-08-16 16:20:54,164 INFO fold 1 epoch 65: train=0.5245 val=0.5359 test=0.5183
2026-08-16 16:20:55,185 INFO fold 1 epoch 70: train=0.5131 val=0.5882 test=0.5131
2026-08-16 16:20:56,202 INFO fold 1 epoch 75: train=0.5474 val=0.5425 test=0.4817
2026-08-16 16:20:57,207 INFO fold 1 epoch 80: train=0.5278 val=0.5359 test=0.5079
2026-08-16 16:20:58,252 INFO fold 1 epoch 85: train=0.4935 val=0.4052 test=0.4607
2026-08-16 16:20:59,282 INFO fold 1 epoch 90: train=0.5163 val=0.6144 test=0.5550
2026-08-16 16:21:00,329 INFO fold 1 epoch 95: train=0.4984 val=0.4118 test=0.4555
2026-08-16 16:21:01,376 INFO fold 1 epoch 100: train=0.5016 val=0.4314 test=0.4817
2026-08-16 16:21:01,376 INFO FOLD 1 RESULT: best_ep=90 train=0.5163 val=0.6144 test=0.5550
2026-08-16 16:21:02,434 INFO fold 2 epoch 5: train=0.5196 val=0.4379 test=0.4346
2026-08-16 16:21:03,496 INFO fold 2 epoch 10: train=0.5621 val=0.5229 test=0.5288
2026-08-16 16:21:04,555 INFO fold 2 epoch 15: train=0.5196 val=0.4641 test=0.4974
2026-08-16 16:21:05,623 INFO fold 2 epoch 20: train=0.5294 val=0.4314 test=0.5183
2026-08-16 16:21:06,705 INFO fold 2 epoch 25: train=0.5082 val=0.4444 test=0.4974
2026-08-16 16:21:07,887 INFO fold 2 epoch 30: train=0.5425 val=0.5621 test=0.5183
2026-08-16 16:21:09,131 INFO fold 2 epoch 35: train=0.5474 val=0.5229 test=0.5183
2026-08-16 16:21:10,321 INFO fold 2 epoch 40: train=0.5556 val=0.4641 test=0.5288
2026-08-16 16:21:11,495 INFO fold 2 epoch 45: train=0.5343 val=0.5163 test=0.5445
2026-08-16 16:21:12,652 INFO fold 2 epoch 50: train=0.5245 val=0.4641 test=0.4817
2026-08-16 16:21:13,797 INFO fold 2 epoch 55: train=0.5408 val=0.4967 test=0.5183
2026-08-16 16:21:14,914 INFO fold 2 epoch 60: train=0.5212 val=0.4575 test=0.4817
2026-08-16 16:21:16,052 INFO fold 2 epoch 65: train=0.5556 val=0.4967 test=0.5497
2026-08-16 16:21:17,209 INFO fold 2 epoch 70: train=0.5703 val=0.5490 test=0.5026
2026-08-16 16:21:18,388 INFO fold 2 epoch 75: train=0.5000 val=0.4641 test=0.4712
2026-08-16 16:21:19,610 INFO fold 2 epoch 80: train=0.5229 val=0.4837 test=0.4921
2026-08-16 16:21:20,828 INFO fold 2 epoch 85: train=0.5261 val=0.4902 test=0.5079
2026-08-16 16:21:22,006 INFO fold 2 epoch 90: train=0.5376 val=0.4641 test=0.5340
2026-08-16 16:21:23,175 INFO fold 2 epoch 95: train=0.5670 val=0.5621 test=0.5183
2026-08-16 16:21:24,365 INFO fold 2 epoch 100: train=0.5310 val=0.4444 test=0.4764
2026-08-16 16:21:24,365 INFO FOLD 2 RESULT: best_ep=30 train=0.5425 val=0.5621 test=0.5183
2026-08-16 16:21:25,535 INFO fold 3 epoch 5: train=0.4853 val=0.4771 test=0.4398
2026-08-16 16:21:26,693 INFO fold 3 epoch 10: train=0.5082 val=0.4837 test=0.5340
2026-08-16 16:21:27,847 INFO fold 3 epoch 15: train=0.5180 val=0.5229 test=0.4450
2026-08-16 16:21:29,062 INFO fold 3 epoch 20: train=0.5310 val=0.5359 test=0.5288
2026-08-16 16:21:30,284 INFO fold 3 epoch 25: train=0.5359 val=0.6013 test=0.5445
2026-08-16 16:21:31,504 INFO fold 3 epoch 30: train=0.5261 val=0.5490 test=0.5340
2026-08-16 16:21:32,721 INFO fold 3 epoch 35: train=0.5065 val=0.5425 test=0.5288
2026-08-16 16:21:33,958 INFO fold 3 epoch 40: train=0.4739 val=0.4641 test=0.4921
2026-08-16 16:21:35,197 INFO fold 3 epoch 45: train=0.5425 val=0.6471 test=0.5288
2026-08-16 16:21:36,443 INFO fold 3 epoch 50: train=0.5327 val=0.4837 test=0.5497
2026-08-16 16:21:37,690 INFO fold 3 epoch 55: train=0.5131 val=0.5098 test=0.4817
2026-08-16 16:21:38,943 INFO fold 3 epoch 60: train=0.5212 val=0.6209 test=0.4921
2026-08-16 16:21:40,208 INFO fold 3 epoch 65: train=0.5278 val=0.5882 test=0.4712
2026-08-16 16:21:41,472 INFO fold 3 epoch 70: train=0.5507 val=0.5686 test=0.5131
2026-08-16 16:21:42,735 INFO fold 3 epoch 75: train=0.5294 val=0.5425 test=0.5602
2026-08-16 16:21:44,016 INFO fold 3 epoch 80: train=0.5261 val=0.5556 test=0.5183
2026-08-16 16:21:45,299 INFO fold 3 epoch 85: train=0.4967 val=0.5752 test=0.4607
2026-08-16 16:21:46,613 INFO fold 3 epoch 90: train=0.5016 val=0.5229 test=0.5340
2026-08-16 16:21:47,909 INFO fold 3 epoch 95: train=0.5294 val=0.5752 test=0.5654
2026-08-16 16:21:49,189 INFO fold 3 epoch 100: train=0.5131 val=0.5882 test=0.4817
2026-08-16 16:21:49,189 INFO FOLD 3 RESULT: best_ep=45 train=0.5425 val=0.6471 test=0.5288
2026-08-16 16:21:50,502 INFO fold 4 epoch 5: train=0.5458 val=0.5294 test=0.4974
2026-08-16 16:21:51,827 INFO fold 4 epoch 10: train=0.5310 val=0.4967 test=0.5497
2026-08-16 16:21:53,182 INFO fold 4 epoch 15: train=0.5212 val=0.4641 test=0.5079
2026-08-16 16:21:54,610 INFO fold 4 epoch 20: train=0.5654 val=0.5817 test=0.5340
2026-08-16 16:21:55,937 INFO fold 4 epoch 25: train=0.5490 val=0.5163 test=0.5707
2026-08-16 16:21:57,252 INFO fold 4 epoch 30: train=0.5229 val=0.4641 test=0.4974
2026-08-16 16:21:58,580 INFO fold 4 epoch 35: train=0.5637 val=0.6144 test=0.5393
2026-08-16 16:21:59,887 INFO fold 4 epoch 40: train=0.5376 val=0.5229 test=0.5236
2026-08-16 16:22:01,208 INFO fold 4 epoch 45: train=0.5245 val=0.6013 test=0.4817
2026-08-16 16:22:02,543 INFO fold 4 epoch 50: train=0.5458 val=0.5098 test=0.4974
2026-08-16 16:22:03,873 INFO fold 4 epoch 55: train=0.5735 val=0.4967 test=0.5079
2026-08-16 16:22:05,185 INFO fold 4 epoch 60: train=0.5359 val=0.5033 test=0.5445
2026-08-16 16:22:06,391 INFO fold 4 epoch 65: train=0.5000 val=0.4706 test=0.4712
2026-08-16 16:22:07,420 INFO fold 4 epoch 70: train=0.5294 val=0.5752 test=0.4660
2026-08-16 16:22:08,457 INFO fold 4 epoch 75: train=0.5180 val=0.5098 test=0.4660
2026-08-16 16:22:09,505 INFO fold 4 epoch 80: train=0.5458 val=0.5556 test=0.5497
2026-08-16 16:22:10,557 INFO fold 4 epoch 85: train=0.5261 val=0.4575 test=0.4450
2026-08-16 16:22:11,654 INFO fold 4 epoch 90: train=0.4935 val=0.5098 test=0.4398
2026-08-16 16:22:12,754 INFO fold 4 epoch 95: train=0.5719 val=0.4967 test=0.5079
2026-08-16 16:22:13,878 INFO fold 4 epoch 100: train=0.5539 val=0.4967 test=0.5288
2026-08-16 16:22:13,878 INFO FOLD 4 RESULT: best_ep=35 train=0.5637 val=0.6144 test=0.5393
2026-08-16 16:22:13,878 INFO T1SUMMARY mode=alff_raw shuffle=False train=0.5427+-0.0153 val=0.5974+-0.0364 test=0.5293+-0.0171 best_eps=[50, 90, 30, 45, 35]
